-rw-r--r-- 1 maxieds maxieds  18K Aug  1 10:38 ../arpa-chromeos-google-llc/LICENSE
-rw-r--r-- 1 maxieds maxieds  68M Jul 25 20:20 ../git-macbook-darkarpa-not-darpa/maxieds.tar.bz2
-rw-r--r-- 1 maxieds maxieds 6.7M Jul 25 20:20 ../git-macbook-darkarpa-not-darpa/maxieds.tar.bz2.log
-rwxr-xr-x 1 maxieds maxieds  32M Jul 25 14:46 ../git-macbook-darkarpa-not-darpa/maxieds.tar.bz2.log.old
-rwxr-xr-x 1 maxieds maxieds 123M Jul 25 14:46 ../git-macbook-darkarpa-not-darpa/maxieds.tar.bz2.old
-rw-r--r-- 1 maxieds maxieds  20M Jul 25 20:20 ../git-macbook-darkarpa-not-darpa/maxieds-2026.07.24-v1_see_fubar_logs.tar.bz2
-rw-r--r-- 1 maxieds maxieds  16M Jul 25 20:20 ../git-macbook-darkarpa-not-darpa/maxieds-2026.07.24-v1_see_fubar_logs.tar.bz2.log
-rwxr-xr-x 1 maxieds maxieds  98M Jul 25 14:46 ../git-macbook-darkarpa-not-darpa/maxieds-2026.07.24-v1_see_fubar_logs.tar.bz2.log.old
-rwx------ 1 maxieds maxieds  40M Jul 25 19:58 ../git-macbook-darkarpa-not-darpa/maxieds-2026.07.24-v1_see_fubar_logs.tar.bz2.old
-rwx------ 1 maxieds maxieds 5.8M Jul 25 19:57 ../git-macbook-darkarpa-not-darpa/maxieds-2026.07.24-v1_see_fubar_logs.tar.bz2.log.old-2
-rwxr-xr-x 1 maxieds maxieds  15M Jul 25 16:04 ../git-macbook-darkarpa-not-darpa/maxieds-2026.07.24-v1_see_fubar_logs.tar.bz2.log.old-3
-rw-r--r-- 1 maxieds maxieds 193M Jul 25 19:46 ../git-macbook-darkarpa-not-darpa/maxieds-2026.07.24-v1_see_fubar_logs.tar.bz2.log.old-4
-rwx------ 1 maxieds maxieds  60M Jul 25 19:35 ../git-macbook-darkarpa-not-darpa/maxieds-2026.07.24-v1_see_fubar_logs.tar.bz2.old-2
-rwxr-xr-x 1 maxieds maxieds  20M Jul 25 16:04 ../git-macbook-darkarpa-not-darpa/maxieds-2026.07.24-v1_see_fubar_logs.tar.bz2.old-3
-rw-r--r-- 1 maxieds maxieds 111M Jul 25 19:46 ../git-macbook-darkarpa-not-darpa/maxieds-2026.07.24-v1_see_fubar_logs.tar.bz2.old-4
-rwxr-xr-x 1 maxieds maxieds 5.8M Jul 25 15:07 ../git-macbook-darkarpa-not-darpa/maxieds.tar.bz2.log.old-2
-rwxr-xr-x 1 maxieds maxieds 6.1M Jul 25 16:04 ../git-macbook-darkarpa-not-darpa/maxieds.tar.bz2.log.old-3
-rw-r--r-- 1 maxieds maxieds  76M Jul 25 19:46 ../git-macbook-darkarpa-not-darpa/maxieds.tar.bz2.log.old-4
-rwxr-xr-x 1 maxieds maxieds  61M Jul 25 15:06 ../git-macbook-darkarpa-not-darpa/maxieds.tar.bz2.old-2
-rwxr-xr-x 1 maxieds maxieds  62M Jul 25 16:04 ../git-macbook-darkarpa-not-darpa/maxieds.tar.bz2.old-3
-rw-r--r-- 1 maxieds maxieds 209M Jul 25 19:46 ../git-macbook-darkarpa-not-darpa/maxieds.tar.bz2.old-4
-rwxr-xr-x 1 maxieds maxieds 2.5M Jul 25 11:57 ../git-macbook-darkarpa-not-darpa/psycho-boy-nonfiction-book.tar.bz2
-rwxr-xr-x 1 maxieds maxieds 1.3M Jul 25 12:02 ../git-macbook-darkarpa-not-darpa/psycho-boy-nonfiction-book.tar.bz2.log
-rwxr-xr-x 1 maxieds maxieds 4.6M Jul 25 11:42 ../git-macbook-darkarpa-not-darpa/_dot_folders.tar.bz2
-rwxr-xr-x 1 maxieds maxieds 187K Jul 25 11:47 ../git-macbook-darkarpa-not-darpa/_dot_folders.tar.bz2.log
-rw-r--r-- 1 maxieds maxieds 204K Aug  1 15:04 ./Screenshot 2026-08-01 3.04.25 PM.png
-rw-r--r-- 1 maxieds maxieds 202K Aug  1 15:04 ./Screenshot 2026-08-01 3.04.33 PM.png
-rw-r--r-- 1 maxieds maxieds 202K Aug  1 15:04 ./Screenshot 2026-08-01 3.04.41 PM.png
-rw-r--r-- 1 maxieds maxieds 101K Aug  1 15:05 ./Screenshot 2026-08-01 3.05.29 PM.png
-rw-r--r-- 1 maxieds maxieds 209K Aug  1 15:09 ./Screenshot 2026-08-01 3.09.08 PM.png
-rw-r--r-- 1 maxieds maxieds 149K Aug  1 15:15 ./Screenshot 2026-08-01 3.15.13 PM.png
-rw-r--r-- 1 maxieds maxieds 176K Aug  1 15:15 ./Screenshot 2026-08-01 3.15.22 PM.png
-rw-r--r-- 1 maxieds maxieds 222K Aug  1 15:17 ./Screenshot 2026-08-01 3.17.57 PM.png
-rw-r--r-- 1 maxieds maxieds 154K Aug  1 15:18 ./Screenshot 2026-08-01 3.18.37 PM.png
-rw-r--r-- 1 maxieds maxieds 267K Aug  1 15:18 ./Screenshot 2026-08-01 3.18.43 PM.png
-rw-r--r-- 1 maxieds maxieds 575K Aug  1 15:17 ./Screen recording 2026-08-01 3.17.27 PM.webm

../AndroidGovernmentPhone-files/ChromeOS:
total 256M
drwxr-xr-x 3 maxieds maxieds 4.0K Aug  1 12:36 .
drwxr-xr-x 6 maxieds maxieds 4.0K Aug  1 09:46 ..
-rw-r--r-- 1 maxieds maxieds 8.5M Aug  1 11:42 DiagnosticsPushMsgToLinuxTerminal-HiddenClues-Apache2-WTF-Screen recording 2026-08-01 11.39.31 AM.webm
-rw-r--r-- 1 maxieds maxieds  19M Jul 31 15:02 GoogleDriveSchemesChromeOS-Screen recording 2026-07-31 2.58.38 PM.webm
-rw-r--r-- 1 maxieds maxieds  11M Jul 28 19:25 Screen recording 2026-07-28 7.23.58 PM.webm
-rw-r--r-- 1 maxieds maxieds  11M Jul 28 19:28 Screen recording 2026-07-28 7.27.14 PM.webm
-rw-r--r-- 1 maxieds maxieds  24M Jul 30 15:33 Screen recording 2026-07-30 3.31.25 PM.webm
-rw-r--r-- 1 maxieds maxieds 4.8M Jul 30 16:54 Screen recording 2026-07-30 4.53.51 PM.webm
-rw-r--r-- 1 maxieds maxieds  27M Jul 30 18:51 Screen recording 2026-07-30 6.46.38 PM.webm
-rw-r--r-- 1 maxieds maxieds  27M Jul 30 19:27 Screen recording 2026-07-30 7.24.10 PM.webm
-rw-r--r-- 1 maxieds maxieds 8.2M Jul 30 19:45 Screen recording 2026-07-30 7.44.19 PM.webm
-rw-r--r-- 1 maxieds maxieds 9.9M Jul 31 17:16 Screen recording 2026-07-31 5.15.28 PM.webm
-rw-r--r-- 1 maxieds maxieds 108M Jul 31 17:24 Screen recording 2026-07-31 5.17.08 PM.webm
drwxr-xr-x 2 maxieds maxieds 4.0K Aug  1 10:09 UploadedToDrive-CheckToMakeSure

../AndroidGovernmentPhone-files/ChromeOS/UploadedToDrive-CheckToMakeSure:
total 8.0K
drwxr-xr-x 2 maxieds maxieds 4.0K Aug  1 10:09 .
drwxr-xr-x 3 maxieds maxieds 4.0K Aug  1 12:36 ..

../AndroidGovernmentPhone-files/MacOS-ARPA-MacBook:
total 12K
drwxr-xr-x 3 maxieds maxieds 4.0K Aug  1 14:33 .
drwxr-xr-x 6 maxieds maxieds 4.0K Aug  1 09:46 ..
drwxr-xr-x 2 maxieds maxieds 4.0K Jul 25 10:29 Uploaded-GoogleDrive-ToCheck

../AndroidGovernmentPhone-files/MacOS-ARPA-MacBook/Uploaded-GoogleDrive-ToCheck:
total 1.4G
drwxr-xr-x 2 maxieds maxieds 4.0K Jul 25 10:29 .
drwxr-xr-x 3 maxieds maxieds 4.0K Aug  1 14:33 ..
-rw-r--r-- 1 maxieds maxieds 1.4G Jul 24 18:50 Screen Recording 2026-07-18 at 1.12.43 PM.mov

../AndroidGovernmentPhone-files/Movies:
total 12K
drwxr-xr-x 3 maxieds maxieds 4.0K Jul 30 18:57 .
drwxr-xr-x 6 maxieds maxieds 4.0K Aug  1 09:46 ..
drwxr-xr-x 3 maxieds maxieds 4.0K Jul 21 15:46 YoutubeUploaded-ToSave

../AndroidGovernmentPhone-files/Movies/YoutubeUploaded-ToSave:
total 12K
drwxr-xr-x 3 maxieds maxieds 4.0K Jul 21 15:46 .
drwxr-xr-x 3 maxieds maxieds 4.0K Jul 30 18:57 ..
drwxr-xr-x 2 maxieds maxieds 4.0K Jul 21 15:46 UploadedToDrive-ToCheckVerifLater

../AndroidGovernmentPhone-files/Movies/YoutubeUploaded-ToSave/UploadedToDrive-ToCheckVerifLater:
total 777M
drwxr-xr-x 2 maxieds maxieds 4.0K Jul 21 15:46 .
drwxr-xr-x 3 maxieds maxieds 4.0K Jul 21 15:46 ..
-rw-r--r-- 1 maxieds maxieds 126M Jul  5 01:50 screen-20260705-065031.mp4
-rw-r--r-- 1 maxieds maxieds  54M Jul  5 02:20 screen-20260705-072050.mp4
-rw-r--r-- 1 maxieds maxieds  38M Jul 15 11:34 screen-20260715-163402.mp4
-rw-r--r-- 1 maxieds maxieds  10M Jul 15 12:09 screen-20260715-170901.mp4
-rw-r--r-- 1 maxieds maxieds 7.2M Jul 15 12:10 screen-20260715-171012.mp4
-rw-r--r-- 1 maxieds maxieds  97M Jul 15 12:34 screen-20260715-173354.mp4
-rw-r--r-- 1 maxieds maxieds  42M Jul 15 15:47 screen-20260715-204710.mp4
-rw-r--r-- 1 maxieds maxieds  46M Jul 15 15:48 screen-20260715-204816.mp4
-rw-r--r-- 1 maxieds maxieds  94M Jul 15 16:22 screen-20260715-212233.mp4
-rw-r--r-- 1 maxieds maxieds  36M Jul 15 16:53 screen-20260715-215329.mp4
-rw-r--r-- 1 maxieds maxieds 227M Jul 15 17:28 screen-20260715-222752.mp4
-rw-r--r-- 1 maxieds maxieds 1.9M Jul 21 08:37 screen-20260721-133705.mp4
-rw-r--r-- 1 maxieds maxieds 1.5M Jul 21 09:06 screen-20260721-140654.mp4

../AndroidGovernmentPhone-files/Video:
total 12K
drwxr-xr-x 3 maxieds maxieds 4.0K Jul 31 13:27 .
drwxr-xr-x 6 maxieds maxieds 4.0K Aug  1 09:46 ..
drwxr-xr-x 3 maxieds maxieds 4.0K Jul 25 15:59 YoutubeUploaded-ToSave

../AndroidGovernmentPhone-files/Video/YoutubeUploaded-ToSave:
total 12K
drwxr-xr-x 3 maxieds maxieds 4.0K Jul 25 15:59 .
drwxr-xr-x 3 maxieds maxieds 4.0K Jul 31 13:27 ..
drwxr-xr-x 2 maxieds maxieds 4.0K Jul 31 13:27 UploadedToDrive-CheckToMakeSure

../AndroidGovernmentPhone-files/Video/YoutubeUploaded-ToSave/UploadedToDrive-CheckToMakeSure:
total 62M
drwxr-xr-x 2 maxieds maxieds 4.0K Jul 31 13:27 .
drwxr-xr-x 3 maxieds maxieds 4.0K Jul 25 15:59 ..
-rw-r--r-- 1 maxieds maxieds  13M Jul 21 09:36 VID_20260721_143555_228.mp4
-rw-r--r-- 1 maxieds maxieds  22M Jul 21 12:05 VID_20260721_170517_601.mp4
-rw-r--r-- 1 maxieds maxieds  11M Jul 21 12:18 VID_20260721_171801_417.mp4
-rw-r--r-- 1 maxieds maxieds 9.9M Jul 28 16:17 VID_20260728_211717_933.mp4
-rw-r--r-- 1 maxieds maxieds 7.1M Jul 31 07:50 VID_20260731_125004_025.mp4

../arpa-chromeos-google-llc/ChromeOSGoogleAdministrationLLCPolicy-HiddenSettings:
total 44K
drwxr-xr-x 5 maxieds maxieds 4.0K Aug  1 15:08 .
drwxr-xr-x 7 maxieds maxieds 4.0K Aug  1 15:20 ..
-rw-r--r-- 1 maxieds maxieds 8.0K Aug  1 15:21 OriginalDownloadsFolderPermissions.ls.1.out
-rw-r--r-- 1 maxieds maxieds 8.8K Aug  1 13:20 apt-search-binutils.1.out
drwxr-xr-x 2 maxieds maxieds 4.0K Aug  1 13:59 licenses
drwxr-xr-x 2 maxieds maxieds 4.0K Aug  1 12:59 settings
-rw-r--r-- 1 maxieds maxieds  107 Aug  1 13:21 uname-a.1.out
drwxr-xr-x 2 maxieds maxieds 4.0K Aug  1 12:59 video

../arpa-chromeos-google-llc/ChromeOSGoogleAdministrationLLCPolicy-HiddenSettings/licenses:
total 14M
drwxr-xr-x 2 maxieds maxieds 4.0K Aug  1 13:59 .
drwxr-xr-x 5 maxieds maxieds 4.0K Aug  1 15:08 ..
-rw------- 1 maxieds maxieds  20K Aug  1 12:28 .LinuxTerminalLicenses-NbSeeCompanionVideos.txt.swp
-rw-r--r-- 1 maxieds maxieds 306K Aug  1 13:58 HiddenLinuxTerminalOSSLicenses-SmartCardAndLanguageClues.txt
-rw-r--r-- 1 maxieds maxieds  55K Aug  1 12:43 HiddenLinuxTerminalOSSLicenses-SmartCardAndLanguageClues-PartialVersionSeeVideo-ThisIsThePointOfTheExistenceOfDOGE.txt
-rw-r--r-- 1 maxieds maxieds  20K Aug  1 12:28 LinuxTerminalLicenses-NbSeeCompanionVideos-RecoveredFromVimSwpFileAfterDOGEBlock.txt
-rw-r--r-- 1 maxieds maxieds 375K Aug  1 13:59 Open Source Licenses.pdf
-rw-r--r-- 1 maxieds maxieds 241K Aug  1 11:58 Screenshot 2026-08-01 11.58.43 AM.png
-rw-r--r-- 1 maxieds maxieds 221K Aug  1 11:59 Screenshot 2026-08-01 11.59.06 AM.png
-rw-r--r-- 1 maxieds maxieds 227K Aug  1 12:00 Screenshot 2026-08-01 12.00.30 PM.png
-rw-r--r-- 1 maxieds maxieds 223K Aug  1 12:00 Screenshot 2026-08-01 12.00.48 PM.png
-rw-r--r-- 1 maxieds maxieds 226K Aug  1 12:01 Screenshot 2026-08-01 12.01.04 PM.png
-rw-r--r-- 1 maxieds maxieds 517K Aug  1 12:28 Screenshot 2026-08-01 12.03.05 PM.png
-rw-r--r-- 1 maxieds maxieds 173K Aug  1 12:28 Screenshot 2026-08-01 12.07.40 PM.png
-rw-r--r-- 1 maxieds maxieds 173K Aug  1 12:28 Screenshot 2026-08-01 12.07.44 PM.png
-rw-r--r-- 1 maxieds maxieds 173K Aug  1 12:28 Screenshot 2026-08-01 12.07.47 PM.png
-rw-r--r-- 1 maxieds maxieds 172K Aug  1 12:28 Screenshot 2026-08-01 12.07.55 PM.png
-rw-r--r-- 1 maxieds maxieds 173K Aug  1 12:28 Screenshot 2026-08-01 12.08.00 PM.png
-rw-r--r-- 1 maxieds maxieds 167K Aug  1 12:28 Screenshot 2026-08-01 12.08.45 PM.png
-rw-r--r-- 1 maxieds maxieds 174K Aug  1 12:28 Screenshot 2026-08-01 12.09.52 PM.png
-rw-r--r-- 1 maxieds maxieds 183K Aug  1 12:28 Screenshot 2026-08-01 12.10.15 PM.png
-rw-r--r-- 1 maxieds maxieds 184K Aug  1 12:28 Screenshot 2026-08-01 12.10.26 PM.png
-rw-r--r-- 1 maxieds maxieds 180K Aug  1 12:28 Screenshot 2026-08-01 12.11.01 PM.png
-rw-r--r-- 1 maxieds maxieds 184K Aug  1 12:28 Screenshot 2026-08-01 12.12.04 PM.png
-rw-r--r-- 1 maxieds maxieds 178K Aug  1 12:28 Screenshot 2026-08-01 12.12.15 PM.png
-rw-r--r-- 1 maxieds maxieds 167K Aug  1 12:28 Screenshot 2026-08-01 12.13.00 PM.png
-rw-r--r-- 1 maxieds maxieds 170K Aug  1 12:28 Screenshot 2026-08-01 12.13.07 PM.png
-rw-r--r-- 1 maxieds maxieds 182K Aug  1 12:28 Screenshot 2026-08-01 12.13.30 PM.png
-rw-r--r-- 1 maxieds maxieds 182K Aug  1 12:28 Screenshot 2026-08-01 12.13.46 PM.png
-rw-r--r-- 1 maxieds maxieds 180K Aug  1 12:28 Screenshot 2026-08-01 12.14.10 PM.png
-rw-r--r-- 1 maxieds maxieds 179K Aug  1 12:28 Screenshot 2026-08-01 12.14.19 PM.png
-rw-r--r-- 1 maxieds maxieds 174K Aug  1 12:28 Screenshot 2026-08-01 12.14.25 PM.png
-rw-r--r-- 1 maxieds maxieds 178K Aug  1 12:28 Screenshot 2026-08-01 12.14.34 PM.png
-rw-r--r-- 1 maxieds maxieds 172K Aug  1 12:28 Screenshot 2026-08-01 12.14.41 PM.png
-rw-r--r-- 1 maxieds maxieds 182K Aug  1 12:28 Screenshot 2026-08-01 12.15.19 PM.png
-rw-r--r-- 1 maxieds maxieds 182K Aug  1 12:28 Screenshot 2026-08-01 12.15.22 PM.png
-rw-r--r-- 1 maxieds maxieds 183K Aug  1 12:28 Screenshot 2026-08-01 12.15.35 PM.png
-rw-r--r-- 1 maxieds maxieds 180K Aug  1 12:28 Screenshot 2026-08-01 12.15.48 PM.png
-rw-r--r-- 1 maxieds maxieds 182K Aug  1 12:28 Screenshot 2026-08-01 12.16.28 PM.png
-rw-r--r-- 1 maxieds maxieds 182K Aug  1 12:28 Screenshot 2026-08-01 12.16.33 PM.png
-rw-r--r-- 1 maxieds maxieds 180K Aug  1 12:28 Screenshot 2026-08-01 12.16.44 PM.png
-rw-r--r-- 1 maxieds maxieds 178K Aug  1 12:28 Screenshot 2026-08-01 12.16.55 PM.png
-rw-r--r-- 1 maxieds maxieds 174K Aug  1 12:28 Screenshot 2026-08-01 12.17.01 PM.png
-rw-r--r-- 1 maxieds maxieds 177K Aug  1 12:28 Screenshot 2026-08-01 12.17.06 PM.png
-rw-r--r-- 1 maxieds maxieds 167K Aug  1 12:28 Screenshot 2026-08-01 12.17.26 PM.png
-rw-r--r-- 1 maxieds maxieds 173K Aug  1 12:28 Screenshot 2026-08-01 12.17.33 PM.png
-rw-r--r-- 1 maxieds maxieds 168K Aug  1 12:28 Screenshot 2026-08-01 12.18.04 PM.png
-rw-r--r-- 1 maxieds maxieds 175K Aug  1 12:28 Screenshot 2026-08-01 12.18.26 PM.png
-rw-r--r-- 1 maxieds maxieds 183K Aug  1 12:28 Screenshot 2026-08-01 12.18.43 PM.png
-rw-r--r-- 1 maxieds maxieds 176K Aug  1 12:28 Screenshot 2026-08-01 12.19.13 PM.png
-rw-r--r-- 1 maxieds maxieds 176K Aug  1 12:28 Screenshot 2026-08-01 12.19.16 PM.png
-rw-r--r-- 1 maxieds maxieds 170K Aug  1 12:28 Screenshot 2026-08-01 12.19.38 PM.png
-rw-r--r-- 1 maxieds maxieds 178K Aug  1 12:28 Screenshot 2026-08-01 12.19.48 PM.png
-rw-r--r-- 1 maxieds maxieds 183K Aug  1 12:28 Screenshot 2026-08-01 12.19.58 PM.png
-rw-r--r-- 1 maxieds maxieds 174K Aug  1 12:28 Screenshot 2026-08-01 12.20.16 PM.png
-rw-r--r-- 1 maxieds maxieds 169K Aug  1 12:28 Screenshot 2026-08-01 12.20.27 PM.png
-rw-r--r-- 1 maxieds maxieds 172K Aug  1 12:28 Screenshot 2026-08-01 12.20.35 PM.png
-rw-r--r-- 1 maxieds maxieds 174K Aug  1 12:28 Screenshot 2026-08-01 12.20.56 PM.png
-rw-r--r-- 1 maxieds maxieds 174K Aug  1 12:28 Screenshot 2026-08-01 12.21.01 PM.png
-rw-r--r-- 1 maxieds maxieds 176K Aug  1 12:28 Screenshot 2026-08-01 12.21.19 PM.png
-rw-r--r-- 1 maxieds maxieds 178K Aug  1 12:28 Screenshot 2026-08-01 12.21.28 PM.png
-rw-r--r-- 1 maxieds maxieds 178K Aug  1 12:28 Screenshot 2026-08-01 12.21.31 PM.png
-rw-r--r-- 1 maxieds maxieds 178K Aug  1 12:28 Screenshot 2026-08-01 12.21.37 PM.png
-rw-r--r-- 1 maxieds maxieds 183K Aug  1 12:28 Screenshot 2026-08-01 12.21.47 PM.png
-rw-r--r-- 1 maxieds maxieds 187K Aug  1 12:28 Screenshot 2026-08-01 12.21.53 PM.png
-rw-r--r-- 1 maxieds maxieds 184K Aug  1 12:28 Screenshot 2026-08-01 12.22.01 PM.png
-rw-r--r-- 1 maxieds maxieds 176K Aug  1 12:28 Screenshot 2026-08-01 12.22.26 PM.png
-rw-r--r-- 1 maxieds maxieds 173K Aug  1 12:28 Screenshot 2026-08-01 12.22.41 PM.png
-rw-r--r-- 1 maxieds maxieds 179K Aug  1 12:28 Screenshot 2026-08-01 12.22.47 PM.png
-rw-r--r-- 1 maxieds maxieds 186K Aug  1 12:28 Screenshot 2026-08-01 12.23.00 PM.png
-rw-r--r-- 1 maxieds maxieds 187K Aug  1 12:28 Screenshot 2026-08-01 12.23.17 PM.png
-rw-r--r-- 1 maxieds maxieds 180K Aug  1 12:28 Screenshot 2026-08-01 12.23.33 PM.png
-rw-r--r-- 1 maxieds maxieds 176K Aug  1 12:28 Screenshot 2026-08-01 12.23.47 PM.png
-rw-r--r-- 1 maxieds maxieds 2.8K Aug  1 13:17 smart-files-find.1.out
-rw-r--r-- 1 maxieds maxieds 2.1K Aug  1 13:19 smart-files-find.2.out
-rw-r--r-- 1 maxieds maxieds 242K Aug  1 13:42 smart-files-find.2.out-allfiles.tar.bz2
-rw-r--r-- 1 maxieds maxieds 2.4K Aug  1 13:42 smart-files-find.2.out-allfiles.tar.bz2.log
-rw-r--r-- 1 maxieds maxieds  33K Aug  1 13:38 usr-lib-aarch64-linux-gnu-libsmartcols.so.1.out
-rw-r--r-- 1 maxieds maxieds  39K Aug  1 13:40 usr-share-doc-libgphoto2-6-camlibs-README.1.out
-rw-r--r-- 1 maxieds maxieds  20K Aug  1 12:28 _dot_LinuxTerminalLicenses-NbSeeCompanionVideos.txt.swp

../arpa-chromeos-google-llc/ChromeOSGoogleAdministrationLLCPolicy-HiddenSettings/settings:
total 816K
drwxr-xr-x 2 maxieds maxieds 4.0K Aug  1 12:59 .
drwxr-xr-x 5 maxieds maxieds 4.0K Aug  1 15:08 ..
-rw-r--r-- 1 maxieds maxieds  72K Aug  1 11-rw-r--r-- 1 maxieds maxieds  18K Aug  1 10:38 ../arpa-chromeos-google-llc/LICENSE
-rw-r--r-- 1 maxieds maxieds  68M Jul 25 20:20 ../git-macbook-darkarpa-not-darpa/maxieds.tar.bz2
-rw-r--r-- 1 maxieds maxieds 6.7M Jul 25 20:20 ../git-macbook-darkarpa-not-darpa/maxieds.tar.bz2.log
-rwxr-xr-x 1 maxieds maxieds  32M Jul 25 14:46 ../git-macbook-darkarpa-not-darpa/maxieds.tar.bz2.log.old
-rwxr-xr-x 1 maxieds maxieds 123M Jul 25 14:46 ../git-macbook-darkarpa-not-darpa/maxieds.tar.bz2.old
-rw-r--r-- 1 maxieds maxieds  20M Jul 25 20:20 ../git-macbook-darkarpa-not-darpa/maxieds-2026.07.24-v1_see_fubar_logs.tar.bz2
-rw-r--r-- 1 maxieds maxieds  16M Jul 25 20:20 ../git-macbook-darkarpa-not-darpa/maxieds-2026.07.24-v1_see_fubar_logs.tar.bz2.log
-rwxr-xr-x 1 maxieds maxieds  98M Jul 25 14:46 ../git-macbook-darkarpa-not-darpa/maxieds-2026.07.24-v1_see_fubar_logs.tar.bz2.log.old
-rwx------ 1 maxieds maxieds  40M Jul 25 19:58 ../git-macbook-darkarpa-not-darpa/maxieds-2026.07.24-v1_see_fubar_logs.tar.bz2.old
-rwx------ 1 maxieds maxieds 5.8M Jul 25 19:57 ../git-macbook-darkarpa-not-darpa/maxieds-2026.07.24-v1_see_fubar_logs.tar.bz2.log.old-2
-rwxr-xr-x 1 maxieds maxieds  15M Jul 25 16:04 ../git-macbook-darkarpa-not-darpa/maxieds-2026.07.24-v1_see_fubar_logs.tar.bz2.log.old-3
-rw-r--r-- 1 maxieds maxieds 193M Jul 25 19:46 ../git-macbook-darkarpa-not-darpa/maxieds-2026.07.24-v1_see_fubar_logs.tar.bz2.log.old-4
-rwx------ 1 maxieds maxieds  60M Jul 25 19:35 ../git-macbook-darkarpa-not-darpa/maxieds-2026.07.24-v1_see_fubar_logs.tar.bz2.old-2
-rwxr-xr-x 1 maxieds maxieds  20M Jul 25 16:04 ../git-macbook-darkarpa-not-darpa/maxieds-2026.07.24-v1_see_fubar_logs.tar.bz2.old-3
-rw-r--r-- 1 maxieds maxieds 111M Jul 25 19:46 ../git-macbook-darkarpa-not-darpa/maxieds-2026.07.24-v1_see_fubar_logs.tar.bz2.old-4
-rwxr-xr-x 1 maxieds maxieds 5.8M Jul 25 15:07 ../git-macbook-darkarpa-not-darpa/maxieds.tar.bz2.log.old-2
-rwxr-xr-x 1 maxieds maxieds 6.1M Jul 25 16:04 ../git-macbook-darkarpa-not-darpa/maxieds.tar.bz2.log.old-3
-rw-r--r-- 1 maxieds maxieds  76M Jul 25 19:46 ../git-macbook-darkarpa-not-darpa/maxieds.tar.bz2.log.old-4
-rwxr-xr-x 1 maxieds maxieds  61M Jul 25 15:06 ../git-macbook-darkarpa-not-darpa/maxieds.tar.bz2.old-2
-rwxr-xr-x 1 maxieds maxieds  62M Jul 25 16:04 ../git-macbook-darkarpa-not-darpa/maxieds.tar.bz2.old-3
-rw-r--r-- 1 maxieds maxieds 209M Jul 25 19:46 ../git-macbook-darkarpa-not-darpa/maxieds.tar.bz2.old-4
-rwxr-xr-x 1 maxieds maxieds 2.5M Jul 25 11:57 ../git-macbook-darkarpa-not-darpa/psycho-boy-nonfiction-book.tar.bz2
-rwxr-xr-x 1 maxieds maxieds 1.3M Jul 25 12:02 ../git-macbook-darkarpa-not-darpa/psycho-boy-nonfiction-book.tar.bz2.log
-rwxr-xr-x 1 maxieds maxieds 4.6M Jul 25 11:42 ../git-macbook-darkarpa-not-darpa/_dot_folders.tar.bz2
-rwxr-xr-x 1 maxieds maxieds 187K Jul 25 11:47 ../git-macbook-darkarpa-not-darpa/_dot_folders.tar.bz2.log
-rw-r--r-- 1 maxieds maxieds 204K Aug  1 15:04 ./Screenshot 2026-08-01 3.04.25 PM.png
-rw-r--r-- 1 maxieds maxieds 202K Aug  1 15:04 ./Screenshot 2026-08-01 3.04.33 PM.png
-rw-r--r-- 1 maxieds maxieds 202K Aug  1 15:04 ./Screenshot 2026-08-01 3.04.41 PM.png
-rw-r--r-- 1 maxieds maxieds 101K Aug  1 15:05 ./Screenshot 2026-08-01 3.05.29 PM.png
-rw-r--r-- 1 maxieds maxieds 209K Aug  1 15:09 ./Screenshot 2026-08-01 3.09.08 PM.png
-rw-r--r-- 1 maxieds maxieds 149K Aug  1 15:15 ./Screenshot 2026-08-01 3.15.13 PM.png
-rw-r--r-- 1 maxieds maxieds 176K Aug  1 15:15 ./Screenshot 2026-08-01 3.15.22 PM.png
-rw-r--r-- 1 maxieds maxieds 222K Aug  1 15:17 ./Screenshot 2026-08-01 3.17.57 PM.png
-rw-r--r-- 1 maxieds maxieds 154K Aug  1 15:18 ./Screenshot 2026-08-01 3.18.37 PM.png
-rw-r--r-- 1 maxieds maxieds 267K Aug  1 15:18 ./Screenshot 2026-08-01 3.18.43 PM.png
-rw-r--r-- 1 maxieds maxieds 575K Aug  1 15:17 ./Screen recording 2026-08-01 3.17.27 PM.webm

../AndroidGovernmentPhone-files/ChromeOS:
total 256M
drwxr-xr-x 3 maxieds maxieds 4.0K Aug  1 12:36 .
drwxr-xr-x 6 maxieds maxieds 4.0K Aug  1 09:46 ..
-rw-r--r-- 1 maxieds maxieds 8.5M Aug  1 11:42 DiagnosticsPushMsgToLinuxTerminal-HiddenClues-Apache2-WTF-Screen recording 2026-08-01 11.39.31 AM.webm
-rw-r--r-- 1 maxieds maxieds  19M Jul 31 15:02 GoogleDriveSchemesChromeOS-Screen recording 2026-07-31 2.58.38 PM.webm
-rw-r--r-- 1 maxieds maxieds  11M Jul 28 19:25 Screen recording 2026-07-28 7.23.58 PM.webm
-rw-r--r-- 1 maxieds maxieds  11M Jul 28 19:28 Screen recording 2026-07-28 7.27.14 PM.webm
-rw-r--r-- 1 maxieds maxieds  24M Jul 30 15:33 Screen recording 2026-07-30 3.31.25 PM.webm
-rw-r--r-- 1 maxieds maxieds 4.8M Jul 30 16:54 Screen recording 2026-07-30 4.53.51 PM.webm
-rw-r--r-- 1 maxieds maxieds  27M Jul 30 18:51 Screen recording 2026-07-30 6.46.38 PM.webm
-rw-r--r-- 1 maxieds maxieds  27M Jul 30 19:27 Screen recording 2026-07-30 7.24.10 PM.webm
-rw-r--r-- 1 maxieds maxieds 8.2M Jul 30 19:45 Screen recording 2026-07-30 7.44.19 PM.webm
-rw-r--r-- 1 maxieds maxieds 9.9M Jul 31 17:16 Screen recording 2026-07-31 5.15.28 PM.webm
-rw-r--r-- 1 maxieds maxieds 108M Jul 31 17:24 Screen recording 2026-07-31 5.17.08 PM.webm
drwxr-xr-x 2 maxieds maxieds 4.0K Aug  1 10:09 UploadedToDrive-CheckToMakeSure

../AndroidGovernmentPhone-files/ChromeOS/UploadedToDrive-CheckToMakeSure:
total 8.0K
drwxr-xr-x 2 maxieds maxieds 4.0K Aug  1 10:09 .
drwxr-xr-x 3 maxieds maxieds 4.0K Aug  1 12:36 ..

../AndroidGovernmentPhone-files/MacOS-ARPA-MacBook:
total 12K
drwxr-xr-x 3 maxieds maxieds 4.0K Aug  1 14:33 .
drwxr-xr-x 6 maxieds maxieds 4.0K Aug  1 09:46 ..
drwxr-xr-x 2 maxieds maxieds 4.0K Jul 25 10:29 Uploaded-GoogleDrive-ToCheck

../AndroidGovernmentPhone-files/MacOS-ARPA-MacBook/Uploaded-GoogleDrive-ToCheck:
total 1.4G
drwxr-xr-x 2 maxieds maxieds 4.0K Jul 25 10:29 .
drwxr-xr-x 3 maxieds maxieds 4.0K Aug  1 14:33 ..
-rw-r--r-- 1 maxieds maxieds 1.4G Jul 24 18:50 Screen Recording 2026-07-18 at 1.12.43 PM.mov

../AndroidGovernmentPhone-files/Movies:
total 12K
drwxr-xr-x 3 maxieds maxieds 4.0K Jul 30 18:57 .
drwxr-xr-x 6 maxieds maxieds 4.0K Aug  1 09:46 ..
drwxr-xr-x 3 maxieds maxieds 4.0K Jul 21 15:46 YoutubeUploaded-ToSave

../AndroidGovernmentPhone-files/Movies/YoutubeUploaded-ToSave:
total 12K
drwxr-xr-x 3 maxieds maxieds 4.0K Jul 21 15:46 .
drwxr-xr-x 3 maxieds maxieds 4.0K Jul 30 18:57 ..
drwxr-xr-x 2 maxieds maxieds 4.0K Jul 21 15:46 UploadedToDrive-ToCheckVerifLater

../AndroidGovernmentPhone-files/Movies/YoutubeUploaded-ToSave/UploadedToDrive-ToCheckVerifLater:
total 777M
drwxr-xr-x 2 maxieds maxieds 4.0K Jul 21 15:46 .
drwxr-xr-x 3 maxieds maxieds 4.0K Jul 21 15:46 ..
-rw-r--r-- 1 maxieds maxieds 126M Jul  5 01:50 screen-20260705-065031.mp4
-rw-r--r-- 1 maxieds maxieds  54M Jul  5 02:20 screen-20260705-072050.mp4
-rw-r--r-- 1 maxieds maxieds  38M Jul 15 11:34 screen-20260715-163402.mp4
-rw-r--r-- 1 maxieds maxieds  10M Jul 15 12:09 screen-20260715-170901.mp4
-rw-r--r-- 1 maxieds maxieds 7.2M Jul 15 12:10 screen-20260715-171012.mp4
-rw-r--r-- 1 maxieds maxieds  97M Jul 15 12:34 screen-20260715-173354.mp4
-rw-r--r-- 1 maxieds maxieds  42M Jul 15 15:47 screen-20260715-204710.mp4
-rw-r--r-- 1 maxieds maxieds  46M Jul 15 15:48 screen-20260715-204816.mp4
-rw-r--r-- 1 maxieds maxieds  94M Jul 15 16:22 screen-20260715-212233.mp4
-rw-r--r-- 1 maxieds maxieds  36M Jul 15 16:53 screen-20260715-215329.mp4
-rw-r--r-- 1 maxieds maxieds 227M Jul 15 17:28 screen-20260715-222752.mp4
-rw-r--r-- 1 maxieds maxieds 1.9M Jul 21 08:37 screen-20260721-133705.mp4
-rw-r--r-- 1 maxieds maxieds 1.5M Jul 21 09:06 screen-20260721-140654.mp4

../AndroidGovernmentPhone-files/Video:
total 12K
drwxr-xr-x 3 maxieds maxieds 4.0K Jul 31 13:27 .
drwxr-xr-x 6 maxieds maxieds 4.0K Aug  1 09:46 ..
drwxr-xr-x 3 maxieds maxieds 4.0K Jul 25 15:59 YoutubeUploaded-ToSave

../AndroidGovernmentPhone-files/Video/YoutubeUploaded-ToSave:
total 12K
drwxr-xr-x 3 maxieds maxieds 4.0K Jul 25 15:59 .
drwxr-xr-x 3 maxieds maxieds 4.0K Jul 31 13:27 ..
drwxr-xr-x 2 maxieds maxieds 4.0K Jul 31 13:27 UploadedToDrive-CheckToMakeSure

../AndroidGovernmentPhone-files/Video/YoutubeUploaded-ToSave/UploadedToDrive-CheckToMakeSure:
total 62M
drwxr-xr-x 2 maxieds maxieds 4.0K Jul 31 13:27 .
drwxr-xr-x 3 maxieds maxieds 4.0K Jul 25 15:59 ..
-rw-r--r-- 1 maxieds maxieds  13M Jul 21 09:36 VID_20260721_143555_228.mp4
-rw-r--r-- 1 maxieds maxieds  22M Jul 21 12:05 VID_20260721_170517_601.mp4
-rw-r--r-- 1 maxieds maxieds  11M Jul 21 12:18 VID_20260721_171801_417.mp4
-rw-r--r-- 1 maxieds maxieds 9.9M Jul 28 16:17 VID_20260728_211717_933.mp4
-rw-r--r-- 1 maxieds maxieds 7.1M Jul 31 07:50 VID_20260731_125004_025.mp4

../arpa-chromeos-google-llc/ChromeOSGoogleAdministrationLLCPolicy-HiddenSettings:
total 60K
drwxr-xr-x 5 maxieds maxieds 4.0K Aug  1 15:08 .
drwxr-xr-x 6 maxieds maxieds 4.0K Aug  1 15:23 ..
-rw-r--r-- 1 maxieds maxieds  24K Aug  1 15:25 OriginalDownloadsFolderPermissions.ls.1.out
-rw-r--r-- 1 maxieds maxieds 8.8K Aug  1 13:20 apt-search-binutils.1.out
drwxr-xr-x 2 maxieds maxieds 4.0K Aug  1 13:59 licenses
drwxr-xr-x 2 maxieds maxieds 4.0K Aug  1 12:59 settings
-rw-r--r-- 1 maxieds maxieds  107 Aug  1 13:21 uname-a.1.out
drwxr-xr-x 2 maxieds maxieds 4.0K Aug  1 12:59 video

../arpa-chromeos-google-llc/ChromeOSGoogleAdministrationLLCPolicy-HiddenSettings/licenses:
total 14M
drwxr-xr-x 2 maxieds maxieds 4.0K Aug  1 13:59 .
drwxr-xr-x 5 maxieds maxieds 4.0K Aug  1 15:08 ..
-rw------- 1 maxieds maxieds  20K Aug  1 12:28 .LinuxTerminalLicenses-NbSeeCompanionVideos.txt.swp
-rw-r--r-- 1 maxieds maxieds 306K Aug  1 13:58 HiddenLinuxTerminalOSSLicenses-SmartCardAndLanguageClues.txt
-rw-r--r-- 1 maxieds maxieds  55K Aug  1 12:43 HiddenLinuxTerminalOSSLicenses-SmartCardAndLanguageClues-PartialVersionSeeVideo-ThisIsThePointOfTheExistenceOfDOGE.txt
-rw-r--r-- 1 maxieds maxieds  20K Aug  1 12:28 LinuxTerminalLicenses-NbSeeCompanionVideos-RecoveredFromVimSwpFileAfterDOGEBlock.txt
-rw-r--r-- 1 maxieds maxieds 375K Aug  1 13:59 Open Source Licenses.pdf
-rw-r--r-- 1 maxieds maxieds 241K Aug  1 11:58 Screenshot 2026-08-01 11.58.43 AM.png
-rw-r--r-- 1 maxieds maxieds 221K Aug  1 11:59 Screenshot 2026-08-01 11.59.06 AM.png
-rw-r--r-- 1 maxieds maxieds 227K Aug  1 12:00 Screenshot 2026-08-01 12.00.30 PM.png
-rw-r--r-- 1 maxieds maxieds 223K Aug  1 12:00 Screenshot 2026-08-01 12.00.48 PM.png
-rw-r--r-- 1 maxieds maxieds 226K Aug  1 12:01 Screenshot 2026-08-01 12.01.04 PM.png
-rw-r--r-- 1 maxieds maxieds 517K Aug  1 12:28 Screenshot 2026-08-01 12.03.05 PM.png
-rw-r--r-- 1 maxieds maxieds 173K Aug  1 12:28 Screenshot 2026-08-01 12.07.40 PM.png
-rw-r--r-- 1 maxieds maxieds 173K Aug  1 12:28 Screenshot 2026-08-01 12.07.44 PM.png
-rw-r--r-- 1 maxieds maxieds 173K Aug  1 12:28 Screenshot 2026-08-01 12.07.47 PM.png
-rw-r--r-- 1 maxieds maxieds 172K Aug  1 12:28 Screenshot 2026-08-01 12.07.55 PM.png
-rw-r--r-- 1 maxieds maxieds 173K Aug  1 12:28 Screenshot 2026-08-01 12.08.00 PM.png
-rw-r--r-- 1 maxieds maxieds 167K Aug  1 12:28 Screenshot 2026-08-01 12.08.45 PM.png
-rw-r--r-- 1 maxieds maxieds 174K Aug  1 12:28 Screenshot 2026-08-01 12.09.52 PM.png
-rw-r--r-- 1 maxieds maxieds 183K Aug  1 12:28 Screenshot 2026-08-01 12.10.15 PM.png
-rw-r--r-- 1 maxieds maxieds 184K Aug  1 12:28 Screenshot 2026-08-01 12.10.26 PM.png
-rw-r--r-- 1 maxieds maxieds 180K Aug  1 12:28 Screenshot 2026-08-01 12.11.01 PM.png
-rw-r--r-- 1 maxieds maxieds 184K Aug  1 12:28 Screenshot 2026-08-01 12.12.04 PM.png
-rw-r--r-- 1 maxieds maxieds 178K Aug  1 12:28 Screenshot 2026-08-01 12.12.15 PM.png
-rw-r--r-- 1 maxieds maxieds 167K Aug  1 12:28 Screenshot 2026-08-01 12.13.00 PM.png
-rw-r--r-- 1 maxieds maxieds 170K Aug  1 12:28 Screenshot 2026-08-01 12.13.07 PM.png
-rw-r--r-- 1 maxieds maxieds 182K Aug  1 12:28 Screenshot 2026-08-01 12.13.30 PM.png
-rw-r--r-- 1 maxieds maxieds 182K Aug  1 12:28 Screenshot 2026-08-01 12.13.46 PM.png
-rw-r--r-- 1 maxieds maxieds 180K Aug  1 12:28 Screenshot 2026-08-01 12.14.10 PM.png
-rw-r--r-- 1 maxieds maxieds 179K Aug  1 12:28 Screenshot 2026-08-01 12.14.19 PM.png
-rw-r--r-- 1 maxieds maxieds 174K Aug  1 12:28 Screenshot 2026-08-01 12.14.25 PM.png
-rw-r--r-- 1 maxieds maxieds 178K Aug  1 12:28 Screenshot 2026-08-01 12.14.34 PM.png
-rw-r--r-- 1 maxieds maxieds 172K Aug  1 12:28 Screenshot 2026-08-01 12.14.41 PM.png
-rw-r--r-- 1 maxieds maxieds 182K Aug  1 12:28 Screenshot 2026-08-01 12.15.19 PM.png
-rw-r--r-- 1 maxieds maxieds 182K Aug  1 12:28 Screenshot 2026-08-01 12.15.22 PM.png
-rw-r--r-- 1 maxieds maxieds 183K Aug  1 12:28 Screenshot 2026-08-01 12.15.35 PM.png
-rw-r--r-- 1 maxieds maxieds 180K Aug  1 12:28 Screenshot 2026-08-01 12.15.48 PM.png
-rw-r--r-- 1 maxieds maxieds 182K Aug  1 12:28 Screenshot 2026-08-01 12.16.28 PM.png
-rw-r--r-- 1 maxieds maxieds 182K Aug  1 12:28 Screenshot 2026-08-01 12.16.33 PM.png
-rw-r--r-- 1 maxieds maxieds 180K Aug  1 12:28 Screenshot 2026-08-01 12.16.44 PM.png
-rw-r--r-- 1 maxieds maxieds 178K Aug  1 12:28 Screenshot 2026-08-01 12.16.55 PM.png
-rw-r--r-- 1 maxieds maxieds 174K Aug  1 12:28 Screenshot 2026-08-01 12.17.01 PM.png
-rw-r--r-- 1 maxieds maxieds 177K Aug  1 12:28 Screenshot 2026-08-01 12.17.06 PM.png
-rw-r--r-- 1 maxieds maxieds 167K Aug  1 12:28 Screenshot 2026-08-01 12.17.26 PM.png
-rw-r--r-- 1 maxieds maxieds 173K Aug  1 12:28 Screenshot 2026-08-01 12.17.33 PM.png
-rw-r--r-- 1 maxieds maxieds 168K Aug  1 12:28 Screenshot 2026-08-01 12.18.04 PM.png
-rw-r--r-- 1 maxieds maxieds 175K Aug  1 12:28 Screenshot 2026-08-01 12.18.26 PM.png
-rw-r--r-- 1 maxieds maxieds 183K Aug  1 12:28 Screenshot 2026-08-01 12.18.43 PM.png
-rw-r--r-- 1 maxieds maxieds 176K Aug  1 12:28 Screenshot 2026-08-01 12.19.13 PM.png
-rw-r--r-- 1 maxieds maxieds 176K Aug  1 12:28 Screenshot 2026-08-01 12.19.16 PM.png
-rw-r--r-- 1 maxieds maxieds 170K Aug  1 12:28 Screenshot 2026-08-01 12.19.38 PM.png
-rw-r--r-- 1 maxieds maxieds 178K Aug  1 12:28 Screenshot 2026-08-01 12.19.48 PM.png
-rw-r--r-- 1 maxieds maxieds 183K Aug  1 12:28 Screenshot 2026-08-01 12.19.58 PM.png
-rw-r--r-- 1 maxieds maxieds 174K Aug  1 12:28 Screenshot 2026-08-01 12.20.16 PM.png
-rw-r--r-- 1 maxieds maxieds 169K Aug  1 12:28 Screenshot 2026-08-01 12.20.27 PM.png
-rw-r--r-- 1 maxieds maxieds 172K Aug  1 12:28 Screenshot 2026-08-01 12.20.35 PM.png
-rw-r--r-- 1 maxieds maxieds 174K Aug  1 12:28 Screenshot 2026-08-01 12.20.56 PM.png
-rw-r--r-- 1 maxieds maxieds 174K Aug  1 12:28 Screenshot 2026-08-01 12.21.01 PM.png
-rw-r--r-- 1 maxieds maxieds 176K Aug  1 12:28 Screenshot 2026-08-01 12.21.19 PM.png
-rw-r--r-- 1 maxieds maxieds 178K Aug  1 12:28 Screenshot 2026-08-01 12.21.28 PM.png
-rw-r--r-- 1 maxieds maxieds 178K Aug  1 12:28 Screenshot 2026-08-01 12.21.31 PM.png
-rw-r--r-- 1 maxieds maxieds 178K Aug  1 12:28 Screenshot 2026-08-01 12.21.37 PM.png
-rw-r--r-- 1 maxieds maxieds 183K Aug  1 12:28 Screenshot 2026-08-01 12.21.47 PM.png
-rw-r--r-- 1 maxieds maxieds 187K Aug  1 12:28 Screenshot 2026-08-01 12.21.53 PM.png
-rw-r--r-- 1 maxieds maxieds 184K Aug  1 12:28 Screenshot 2026-08-01 12.22.01 PM.png
-rw-r--r-- 1 maxieds maxieds 176K Aug  1 12:28 Screenshot 2026-08-01 12.22.26 PM.png
-rw-r--r-- 1 maxieds maxieds 173K Aug  1 12:28 Screenshot 2026-08-01 12.22.41 PM.png
-rw-r--r-- 1 maxieds maxieds 179K Aug  1 12:28 Screenshot 2026-08-01 12.22.47 PM.png
-rw-r--r-- 1 maxieds maxieds 186K Aug  1 12:28 Screenshot 2026-08-01 12.23.00 PM.png
-rw-r--r-- 1 maxieds maxieds 187K Aug  1 12:28 Screenshot 2026-08-01 12.23.17 PM.png
-rw-r--r-- 1 maxieds maxieds 180K Aug  1 12:28 Screenshot 2026-08-01 12.23.33 PM.png
-rw-r--r-- 1 maxieds maxieds 176K Aug  1 12:28 Screenshot 2026-08-01 12.23.47 PM.png
-rw-r--r-- 1 maxieds maxieds 2.8K Aug  1 13:17 smart-files-find.1.out
-rw-r--r-- 1 maxieds maxieds 2.1K Aug  1 13:19 smart-files-find.2.out
-rw-r--r-- 1 maxieds maxieds 242K Aug  1 13:42 smart-files-find.2.out-allfiles.tar.bz2
-rw-r--r-- 1 maxieds maxieds 2.4K Aug  1 13:42 smart-files-find.2.out-allfiles.tar.bz2.log
-rw-r--r-- 1 maxieds maxieds  33K Aug  1 13:38 usr-lib-aarch64-linux-gnu-libsmartcols.so.1.out
-rw-r--r-- 1 maxieds maxieds  39K Aug  1 13:40 usr-share-doc-libgphoto2-6-camlibs-README.1.out
-rw-r--r-- 1 maxieds maxieds  20K Aug  1 12:28 _dot_LinuxTerminalLicenses-NbSeeCompanionVideos.txt.swp

../arpa-chromeos-google-llc/ChromeOSGoogleAdministrationLLCPolicy-HiddenSettings/settings:
total 816K
drwxr-xr-x 2 maxieds maxieds 4.0K Aug  1 12:59 .
drwxr-xr-x 5 maxieds maxieds 4.0K Aug  1 15:08 ..
-rw-r--r-- 1 maxieds maxieds  72K Aug  1 11:54 Screenshot 2026-08-01 11.54.25 AM.png
-rw-r--r-- 1 maxieds maxieds  93K Aug  1 11:55 Screenshot 2026-08-01 11.55.20 AM.png
-rw-r--r-- 1 maxieds maxieds  85K Aug  1 11:56 Screenshot 2026-08-01 11.56.44 AM.png
-rw-r--r-- 1 maxieds maxieds  79K Aug  1 11:56 Screenshot 2026-08-01 11.56.53 AM.png
-rw-r--r-- 1 maxieds maxieds  72K Aug  1 11:57 Screenshot 2026-08-01 11.57.10 AM.png
-rw-r--r-- 1 maxieds maxieds  59K Aug  1 11:58 Screenshot 2026-08-01 11.58.32 AM.png
-rw-r--r-- 1 maxieds maxieds 183K Aug  1 12:28 Screenshot 2026-08-01 12.23.54 PM.png
-rw-r--r-- 1 maxieds maxieds 154K Aug  1 12:28 Screenshot 2026-08-01 12.25.59 PM.png

../arpa-chromeos-google-llc/ChromeOSGoogleAdministrationLLCPolicy-HiddenSettings/video:
total 92M
drwxr-xr-x 2 maxieds maxieds 4.0K Aug  1 12:59 .
drwxr-xr-x 5 maxieds maxieds 4.0K Aug  1 15:08 ..
-rw-r--r-- 1 maxieds maxieds  22M Aug  1 12:43 HiddenNoOptInLicenses-ThisIsTheEntirePointOfDOGE-ScrewingWithBasicRealityForPlayFunAndProfit-Screen recording 2026-08-01 12.39.43 PM.webm
-rw-r--r-- 1 maxieds maxieds 1.8M Aug  1 11:54 LinuxTerminalHiddenSettings-Screen recording 2026-08-01 11.54.01 AM.webm
-rw-r--r-- 1 maxieds maxieds 2.7M Aug  1 11:59 LinuxTerminalHiddenSettings-Screen recording 2026-08-01 11.56.14 AM.webm
-rw-r--r-- 1 maxieds maxieds  64M Aug  1 12:27 LinuxTerminalHiddenSettings-UndisclosedNoEULAOptInOSSLicenses-Screen recording 2026-08-01 12.07.25 PM.webm
-rw-r--r-- 1 maxieds maxieds 1.9M Aug  1 12:35 SpoofedScreenRecording-Screen recording 2026-08-01 12.29.40 PM.webm

../arpa-chromeos-google-llc/personal-backup-codes:
total 16K
drwxr-xr-x 2 maxieds maxieds 4.0K Aug  1 14:48 .
drwxr-xr-x 6 maxieds maxieds 4.0K Aug  1 15:23 ..
-rwx------ 1 maxieds maxieds  378 Jul 24 16:59 Backup-codes-maxieds.txt
-rwx------ 1 maxieds maxieds  206 Jul 24 16:21 github-recovery-codes.txt

../arpa-chromeos-google-llc/tux-wallpapers:
total 348K
drwxr-xr-x 2 maxieds maxieds 4.0K Jul 25 18:16 .
drwxr-xr-x 6 maxieds maxieds 4.0K Aug  1 15:23 ..
-rwx------ 1 maxieds maxieds 286K Jul 25 16:45 234-2344307_linux-server-tux-crushes-the-compitition.jpg
-rwx------ 1 maxieds maxieds  51K Jul 25 16:44 yoN25jJNt67DudetQVvFBh2EQK4.jpg

../git-macbook-darkarpa-not-darpa/_dot_git_objects:
total 12K
drwxr-xr-x 3 maxieds maxieds 4.0K Jul 25 11:41 .
drwxr-xr-x 3 maxieds maxieds 4.0K Aug  1 11:45 ..
drwxr-xr-x 2 maxieds maxieds 4.0K Jul 25 11:41 pack

../git-macbook-darkarpa-not-darpa/_dot_git_objects/pack:
total 445M
drwxr-xr-x 2 maxieds maxieds 4.0K Jul 25 11:41 .
drwxr-xr-x 3 maxieds maxieds 4.0K Jul 25 11:41 ..
-rwxr-xr-x 1 maxieds maxieds 445M Jul 25 11:56 pack-2bd4f122ec467660f4f0f40b566167efdd154f15.pack

./ChromeOSGoogleAdministrationLLCPolicy-DOGEBlockAttempt-OSSLicenses:
total 13M
drwxr-xr-x  2 maxieds maxieds        4.0K Aug  1 14:58 .
drwxr-x--- 10 maxieds chronos-access  36K Aug  1 15:24 ..
-rw-r--r--  1 maxieds maxieds        153K Aug  1 13:23 DOGEBlocklWhileDizzy-GoogleDriveRemovedFromFilesAppAfterReboot-Screenshot 2026-08-01 1.23.35 PM.png
-rw-r--r--  1 maxieds maxieds        143K Aug  1 13:14 Screenshot 2026-08-01 1.14.37 PM.png
-rw-r--r--  1 maxieds maxieds        188K Aug  1 13:15 Screenshot 2026-08-01 1.15.08 PM.png
-rw-r--r--  1 maxieds maxieds        206K Aug  1 13:15 Screenshot 2026-08-01 1.15.12 PM.png
-rw-r--r--  1 maxieds maxieds        171K Aug  1 13:26 Screenshot 2026-08-01 1.26.22 PM.png
-rw-r--r--  1 maxieds maxieds        175K Aug  1 13:29 Screenshot 2026-08-01 1.29.02 PM.png
-rw-r--r--  1 maxieds maxieds        137K Aug  1 13:30 Screenshot 2026-08-01 1.30.13 PM.png
-rw-r--r--  1 maxieds maxieds        134K Aug  1 13:30 Screenshot 2026-08-01 1.30.30 PM.png
-rw-r--r--  1 maxieds maxieds        152K Aug  1 13:30 Screenshot 2026-08-01 1.30.46 PM.png
-rw-r--r--  1 maxieds maxieds        172K Aug  1 13:30 Screenshot 2026-08-01 1.30.58 PM.png
-rw-r--r--  1 maxieds maxieds        149K Aug  1 13:31 Screenshot 2026-08-01 1.31.12 PM.png
-rw-r--r--  1 maxieds maxieds        125K Aug  1 13:31 Screenshot 2026-08-01 1.31.45 PM.png
-rw-r--r--  1 maxieds maxieds        150K Aug  1 13:35 Screenshot 2026-08-01 1.35.28 PM.png
-rw-r--r--  1 maxieds maxieds        103K Aug  1 13:38 Screenshot 2026-08-01 1.38.01 PM.png
-rw-r--r--  1 maxieds maxieds        147K Aug  1 13:42 Screenshot 2026-08-01 1.42.36 PM.png
-rw-r--r--  1 maxieds maxieds        181K Aug  1 13:43 Screenshot 2026-08-01 1.43.48 PM.png
-rw-r--r--  1 maxieds maxieds        186K Aug  1 13:45 Screenshot 2026-08-01 1.45.27 PM.png
-rw-r--r--  1 maxieds maxieds         55K Aug  1 13:50 Screenshot 2026-08-01 1.50.41 PM.png
-rw-r--r--  1 maxieds maxieds        185K Aug  1 13:52 Screenshot 2026-08-01 1.52.49 PM.png
-rw-r--r--  1 maxieds maxieds        281K Aug  1 13:59 Screenshot 2026-08-01 1.59.19 PM.png
-rw-r--r--  1 maxieds maxieds        302K Aug  1 13:59 Screenshot 2026-08-01 1.59.23 PM.png
-rw-r--r--  1 maxieds maxieds        284K Aug  1 13:59 Screenshot 2026-08-01 1.59.33 PM.png
-rw-r--r--  1 maxieds maxieds        280K Aug  1 13:59 Screenshot 2026-08-01 1.59.43 PM.png
-rw-r--r--  1 maxieds maxieds        145K Aug  1 14:00 Screenshot 2026-08-01 2.00.09 PM.png
-rw-r--r--  1 maxieds maxieds        135K Aug  1 14:00 Screenshot 2026-08-01 2.00.16 PM.png
-rw-r--r--  1 maxieds maxieds        115K Aug  1 14:00 Screenshot 2026-08-01 2.00.26 PM.png
-rw-r--r--  1 maxieds maxieds        132K Aug  1 14:00 Screenshot 2026-08-01 2.00.36 PM.png
-rw-r--r--  1 maxieds maxieds        113K Aug  1 14:00 Screenshot 2026-08-01 2.00.54 PM.png
-rw-r--r--  1 maxieds maxieds        114K Aug  1 14:01 Screenshot 2026-08-01 2.01.11 PM.png
-rw-r--r--  1 maxieds maxieds        111K Aug  1 14:01 Screenshot 2026-08-01 2.01.22 PM.png
-rw-r--r--  1 maxieds maxieds        130K Aug  1 14:01 Screenshot 2026-08-01 2.01.38 PM.png
-rw-r--r--  1 maxieds maxieds        149K Aug  1 14:01 Screenshot 2026-08-01 2.01.43 PM.png
-rw-r--r--  1 maxieds maxieds        148K Aug  1 14:01 Screenshot 2026-08-01 2.01.45 PM.png
-rw-r--r--  1 maxieds maxieds        145K Aug  1 14:01 Screenshot 2026-08-01 2.01.56 PM.png
-rw-r--r--  1 maxieds maxieds        181K Aug  1 14:02 Screenshot 2026-08-01 2.02.11 PM.png
-rw-r--r--  1 maxieds maxieds        109K Aug  1 14:02 Screenshot 2026-08-01 2.02.26 PM.png
-rw-r--r--  1 maxieds maxieds        105K Aug  1 14:02 Screenshot 2026-08-01 2.02.36 PM.png
-rw-r--r--  1 maxieds maxieds         79K Aug  1 14:02 Screenshot 2026-08-01 2.02.46 PM.png
-rw-r--r--  1 maxieds maxieds        119K Aug  1 14:03 Screenshot 2026-08-01 2.03.02 PM.png
-rw-r--r--  1 maxieds maxieds        157K Aug  1 14:03 Screenshot 2026-08-01 2.03.39 PM.png
-rw-r--r--  1 maxieds maxieds        212K Aug  1 14:03 Screenshot 2026-08-01 2.03.44 PM.png
-rw-r--r--  1 maxieds maxieds        168K Aug  1 14:12 Screenshot 2026-08-01 2.12.30 PM.png
-rw-r--r--  1 maxieds maxieds        709K Aug  1 14:14 Screenshot 2026-08-01 2.14.32 PM.png
-rw-r--r--  1 maxieds maxieds         76K Aug  1 14:14 Screenshot 2026-08-01 2.14.40 PM.png
-rw-r--r--  1 maxieds maxieds        733K Aug  1 14:14 Screenshot 2026-08-01 2.14.45 PM.png
-rw-r--r--  1 maxieds maxieds         47K Aug  1 14:15 Screenshot 2026-08-01 2.15.38 PM.png
-rw-r--r--  1 maxieds maxieds        407K Aug  1 14:18 Screenshot 2026-08-01 2.18.17 PM.png
-rw-r--r--  1 maxieds maxieds        422K Aug  1 14:19 Screenshot 2026-08-01 2.19.57 PM.png
-rw-r--r--  1 maxieds maxieds        164K Aug  1 14:22 Screenshot 2026-08-01 2.22.01 PM.png
-rw-r--r--  1 maxieds maxieds        331K Aug  1 14:22 Screenshot 2026-08-01 2.22.05 PM.png
-rw-r--r--  1 maxieds maxieds        355K Aug  1 14:24 Screenshot 2026-08-01 2.24.11 PM.png
-rw-r--r--  1 maxieds maxieds        115K Aug  1 14:25 Screenshot 2026-08-01 2.25.05 PM.png
-rw-r--r--  1 maxieds maxieds        116K Aug  1 14:25 Screenshot 2026-08-01 2.25.11 PM.png
-rw-r--r--  1 maxieds maxieds        106K Aug  1 14:25 Screenshot 2026-08-01 2.25.52 PM.png
-rw-r--r--  1 maxieds maxieds        103K Aug  1 14:28 Screenshot 2026-08-01 2.28.55 PM.png
-rw-r--r--  1 maxieds maxieds        141K Aug  1 14:30 Screenshot 2026-08-01 2.30.43 PM.png
-rw-r--r--  1 maxieds maxieds        146K Aug  1 14:32 Screenshot 2026-08-01 2.32.38 PM.png
-rw-r--r--  1 maxieds maxieds       -rw-r--r-- 1 maxieds maxieds 204K Aug  1 15:04 Downloads/Screenshot 2026-08-01 3.04.25 PM.png
-rw-r--r-- 1 maxieds maxieds 202K Aug  1 15:04 Downloads/Screenshot 2026-08-01 3.04.33 PM.png
-rw-r--r-- 1 maxieds maxieds 202K Aug  1 15:04 Downloads/Screenshot 2026-08-01 3.04.41 PM.png
-rw-r--r-- 1 maxieds maxieds 101K Aug  1 15:05 Downloads/Screenshot 2026-08-01 3.05.29 PM.png
-rw-r--r-- 1 maxieds maxieds 209K Aug  1 15:09 Downloads/Screenshot 2026-08-01 3.09.08 PM.png
-rw-r--r-- 1 maxieds maxieds 149K Aug  1 15:15 Downloads/Screenshot 2026-08-01 3.15.13 PM.png
-rw-r--r-- 1 maxieds maxieds 176K Aug  1 15:15 Downloads/Screenshot 2026-08-01 3.15.22 PM.png
-rw-r--r-- 1 maxieds maxieds 222K Aug  1 15:17 Downloads/Screenshot 2026-08-01 3.17.57 PM.png
-rw-r--r-- 1 maxieds maxieds 154K Aug  1 15:18 Downloads/Screenshot 2026-08-01 3.18.37 PM.png
-rw-r--r-- 1 maxieds maxieds 267K Aug  1 15:18 Downloads/Screenshot 2026-08-01 3.18.43 PM.png
-rw-r--r-- 1 maxieds maxieds 575K Aug  1 15:17 Downloads/Screen recording 2026-08-01 3.17.27 PM.webm
-rw-r--r-- 1 maxieds maxieds  18K Aug  1 10:38 arpa-chromeos-google-llc/LICENSE
-rw-r--r-- 1 maxieds maxieds  68M Jul 25 20:20 git-macbook-darkarpa-not-darpa/maxieds.tar.bz2
-rw-r--r-- 1 maxieds maxieds 6.7M Jul 25 20:20 git-macbook-darkarpa-not-darpa/maxieds.tar.bz2.log
-rwxr-xr-x 1 maxieds maxieds  32M Jul 25 14:46 git-macbook-darkarpa-not-darpa/maxieds.tar.bz2.log.old
-rwxr-xr-x 1 maxieds maxieds 123M Jul 25 14:46 git-macbook-darkarpa-not-darpa/maxieds.tar.bz2.old
-rw-r--r-- 1 maxieds maxieds  20M Jul 25 20:20 git-macbook-darkarpa-not-darpa/maxieds-2026.07.24-v1_see_fubar_logs.tar.bz2
-rw-r--r-- 1 maxieds maxieds  16M Jul 25 20:20 git-macbook-darkarpa-not-darpa/maxieds-2026.07.24-v1_see_fubar_logs.tar.bz2.log
-rwxr-xr-x 1 maxieds maxieds  98M Jul 25 14:46 git-macbook-darkarpa-not-darpa/maxieds-2026.07.24-v1_see_fubar_logs.tar.bz2.log.old
-rwx------ 1 maxieds maxieds  40M Jul 25 19:58 git-macbook-darkarpa-not-darpa/maxieds-2026.07.24-v1_see_fubar_logs.tar.bz2.old
-rwx------ 1 maxieds maxieds 5.8M Jul 25 19:57 git-macbook-darkarpa-not-darpa/maxieds-2026.07.24-v1_see_fubar_logs.tar.bz2.log.old-2
-rwxr-xr-x 1 maxieds maxieds  15M Jul 25 16:04 git-macbook-darkarpa-not-darpa/maxieds-2026.07.24-v1_see_fubar_logs.tar.bz2.log.old-3
-rw-r--r-- 1 maxieds maxieds 193M Jul 25 19:46 git-macbook-darkarpa-not-darpa/maxieds-2026.07.24-v1_see_fubar_logs.tar.bz2.log.old-4
-rwx------ 1 maxieds maxieds  60M Jul 25 19:35 git-macbook-darkarpa-not-darpa/maxieds-2026.07.24-v1_see_fubar_logs.tar.bz2.old-2
-rwxr-xr-x 1 maxieds maxieds  20M Jul 25 16:04 git-macbook-darkarpa-not-darpa/maxieds-2026.07.24-v1_see_fubar_logs.tar.bz2.old-3
-rw-r--r-- 1 maxieds maxieds 111M Jul 25 19:46 git-macbook-darkarpa-not-darpa/maxieds-2026.07.24-v1_see_fubar_logs.tar.bz2.old-4
-rwxr-xr-x 1 maxieds maxieds 5.8M Jul 25 15:07 git-macbook-darkarpa-not-darpa/maxieds.tar.bz2.log.old-2
-rwxr-xr-x 1 maxieds maxieds 6.1M Jul 25 16:04 git-macbook-darkarpa-not-darpa/maxieds.tar.bz2.log.old-3
-rw-r--r-- 1 maxieds maxieds  76M Jul 25 19:46 git-macbook-darkarpa-not-darpa/maxieds.tar.bz2.log.old-4
-rwxr-xr-x 1 maxieds maxieds  61M Jul 25 15:06 git-macbook-darkarpa-not-darpa/maxieds.tar.bz2.old-2
-rwxr-xr-x 1 maxieds maxieds  62M Jul 25 16:04 git-macbook-darkarpa-not-darpa/maxieds.tar.bz2.old-3
-rw-r--r-- 1 maxieds maxieds 209M Jul 25 19:46 git-macbook-darkarpa-not-darpa/maxieds.tar.bz2.old-4
-rwxr-xr-x 1 maxieds maxieds 2.5M Jul 25 11:57 git-macbook-darkarpa-not-darpa/psycho-boy-nonfiction-book.tar.bz2
-rwxr-xr-x 1 maxieds maxieds 1.3M Jul 25 12:02 git-macbook-darkarpa-not-darpa/psycho-boy-nonfiction-book.tar.bz2.log
-rwxr-xr-x 1 maxieds maxieds 4.6M Jul 25 11:42 git-macbook-darkarpa-not-darpa/_dot_folders.tar.bz2
-rwxr-xr-x 1 maxieds maxieds 187K Jul 25 11:47 git-macbook-darkarpa-not-darpa/_dot_folders.tar.bz2.log

AndroidGovernmentPhone-files/ChromeOS:
total 256M
drwxr-xr-x 3 maxieds maxieds 4.0K Aug  1 12:36 .
drwxr-xr-x 6 maxieds maxieds 4.0K Aug  1 09:46 ..
-rw-r--r-- 1 maxieds maxieds 8.5M Aug  1 11:42 DiagnosticsPushMsgToLinuxTerminal-HiddenClues-Apache2-WTF-Screen recording 2026-08-01 11.39.31 AM.webm
-rw-r--r-- 1 maxieds maxieds  19M Jul 31 15:02 GoogleDriveSchemesChromeOS-Screen recording 2026-07-31 2.58.38 PM.webm
-rw-r--r-- 1 maxieds maxieds  11M Jul 28 19:25 Screen recording 2026-07-28 7.23.58 PM.webm
-rw-r--r-- 1 maxieds maxieds  11M Jul 28 19:28 Screen recording 2026-07-28 7.27.14 PM.webm
-rw-r--r-- 1 maxieds maxieds  24M Jul 30 15:33 Screen recording 2026-07-30 3.31.25 PM.webm
-rw-r--r-- 1 maxieds maxieds 4.8M Jul 30 16:54 Screen recording 2026-07-30 4.53.51 PM.webm
-rw-r--r-- 1 maxieds maxieds  27M Jul 30 18:51 Screen recording 2026-07-30 6.46.38 PM.webm
-rw-r--r-- 1 maxieds maxieds  27M Jul 30 19:27 Screen recording 2026-07-30 7.24.10 PM.webm
-rw-r--r-- 1 maxieds maxieds 8.2M Jul 30 19:45 Screen recording 2026-07-30 7.44.19 PM.webm
-rw-r--r-- 1 maxieds maxieds 9.9M Jul 31 17:16 Screen recording 2026-07-31 5.15.28 PM.webm
-rw-r--r-- 1 maxieds maxieds 108M Jul 31 17:24 Screen recording 2026-07-31 5.17.08 PM.webm
drwxr-xr-x 2 maxieds maxieds 4.0K Aug  1 10:09 UploadedToDrive-CheckToMakeSure

AndroidGovernmentPhone-files/ChromeOS/UploadedToDrive-CheckToMakeSure:
total 8.0K
drwxr-xr-x 2 maxieds maxieds 4.0K Aug  1 10:09 .
drwxr-xr-x 3 maxieds maxieds 4.0K Aug  1 12:36 ..

AndroidGovernmentPhone-files/MacOS-ARPA-MacBook:
total 12K
drwxr-xr-x 3 maxieds maxieds 4.0K Aug  1 14:33 .
drwxr-xr-x 6 maxieds maxieds 4.0K Aug  1 09:46 ..
drwxr-xr-x 2 maxieds maxieds 4.0K Jul 25 10:29 Uploaded-GoogleDrive-ToCheck

AndroidGovernmentPhone-files/MacOS-ARPA-MacBook/Uploaded-GoogleDrive-ToCheck:
total 1.4G
drwxr-xr-x 2 maxieds maxieds 4.0K Jul 25 10:29 .
drwxr-xr-x 3 maxieds maxieds 4.0K Aug  1 14:33 ..
-rw-r--r-- 1 maxieds maxieds 1.4G Jul 24 18:50 Screen Recording 2026-07-18 at 1.12.43 PM.mov

AndroidGovernmentPhone-files/Movies:
total 12K
drwxr-xr-x 3 maxieds maxieds 4.0K Jul 30 18:57 .
drwxr-xr-x 6 maxieds maxieds 4.0K Aug  1 09:46 ..
drwxr-xr-x 3 maxieds maxieds 4.0K Jul 21 15:46 YoutubeUploaded-ToSave

AndroidGovernmentPhone-files/Movies/YoutubeUploaded-ToSave:
total 12K
drwxr-xr-x 3 maxieds maxieds 4.0K Jul 21 15:46 .
drwxr-xr-x 3 maxieds maxieds 4.0K Jul 30 18:57 ..
drwxr-xr-x 2 maxieds maxieds 4.0K Jul 21 15:46 UploadedToDrive-ToCheckVerifLater

AndroidGovernmentPhone-files/Movies/YoutubeUploaded-ToSave/UploadedToDrive-ToCheckVerifLater:
total 777M
drwxr-xr-x 2 maxieds maxieds 4.0K Jul 21 15:46 .
drwxr-xr-x 3 maxieds maxieds 4.0K Jul 21 15:46 ..
-rw-r--r-- 1 maxieds maxieds 126M Jul  5 01:50 screen-20260705-065031.mp4
-rw-r--r-- 1 maxieds maxieds  54M Jul  5 02:20 screen-20260705-072050.mp4
-rw-r--r-- 1 maxieds maxieds  38M Jul 15 11:34 screen-20260715-163402.mp4
-rw-r--r-- 1 maxieds maxieds  10M Jul 15 12:09 screen-20260715-170901.mp4
-rw-r--r-- 1 maxieds maxieds 7.2M Jul 15 12:10 screen-20260715-171012.mp4
-rw-r--r-- 1 maxieds maxieds  97M Jul 15 12:34 screen-20260715-173354.mp4
-rw-r--r-- 1 maxieds maxieds  42M Jul 15 15:47 screen-20260715-204710.mp4
-rw-r--r-- 1 maxieds maxieds  46M Jul 15 15:48 screen-20260715-204816.mp4
-rw-r--r-- 1 maxieds maxieds  94M Jul 15 16:22 screen-20260715-212233.mp4
-rw-r--r-- 1 maxieds maxieds  36M Jul 15 16:53 screen-20260715-215329.mp4
-rw-r--r-- 1 maxieds maxieds 227M Jul 15 17:28 screen-20260715-222752.mp4
-rw-r--r-- 1 maxieds maxieds 1.9M Jul 21 08:37 screen-20260721-133705.mp4
-rw-r--r-- 1 maxieds maxieds 1.5M Jul 21 09:06 screen-20260721-140654.mp4

AndroidGovernmentPhone-files/Video:
total 12K
drwxr-xr-x 3 maxieds maxieds 4.0K Jul 31 13:27 .
drwxr-xr-x 6 maxieds maxieds 4.0K Aug  1 09:46 ..
drwxr-xr-x 3 maxieds maxieds 4.0K Jul 25 15:59 YoutubeUploaded-ToSave

AndroidGovernmentPhone-files/Video/YoutubeUploaded-ToSave:
total 12K
drwxr-xr-x 3 maxieds maxieds 4.0K Jul 25 15:59 .
drwxr-xr-x 3 maxieds maxieds 4.0K Jul 31 13:27 ..
drwxr-xr-x 2 maxieds maxieds 4.0K Jul 31 13:27 UploadedToDrive-CheckToMakeSure

AndroidGovernmentPhone-files/Video/YoutubeUploaded-ToSave/UploadedToDrive-CheckToMakeSure:
total 62M
drwxr-xr-x 2 maxieds maxieds 4.0K Jul 31 13:27 .
drwxr-xr-x 3 maxieds maxieds 4.0K Jul 25 15:59 ..
-rw-r--r-- 1 maxieds maxieds  13M Jul 21 09:36 VID_20260721_143555_228.mp4
-rw-r--r-- 1 maxieds maxieds  22M Jul 21 12:05 VID_20260721_170517_601.mp4
-rw-r--r-- 1 maxieds maxieds  11M Jul 21 12:18 VID_20260721_171801_417.mp4
-rw-r--r-- 1 maxieds maxieds 9.9M Jul 28 16:17 VID_20260728_211717_933.mp4
-rw-r--r-- 1 maxieds maxieds 7.1M Jul 31 07:50 VID_20260731_125004_025.mp4

Downloads/ChromeOSGoogleAdministrationLLCPolicy-DOGEBlockAttempt-OSSLicenses:
total 13M
drwxr-xr-x  2 maxieds maxieds        4.0K Aug  1 14:58 .
drwxr-x--- 10 maxieds chronos-access  36K Aug  1 15:24 ..
-rw-r--r--  1 maxieds maxieds        153K Aug  1 13:23 DOGEBlocklWhileDizzy-GoogleDriveRemovedFromFilesAppAfterReboot-Screenshot 2026-08-01 1.23.35 PM.png
-rw-r--r--  1 maxieds maxieds        143K Aug  1 13:14 Screenshot 2026-08-01 1.14.37 PM.png
-rw-r--r--  1 maxieds maxieds        188K Aug  1 13:15 Screenshot 2026-08-01 1.15.08 PM.png
-rw-r--r--  1 maxieds maxieds        206K Aug  1 13:15 Screenshot 2026-08-01 1.15.12 PM.png
-rw-r--r--  1 maxieds maxieds        171K Aug  1 13:26 Screenshot 2026-08-01 1.26.22 PM.png
-rw-r--r--  1 maxieds maxieds        175K Aug  1 13:29 Screenshot 2026-08-01 1.29.02 PM.png
-rw-r--r--  1 maxieds maxieds        137K Aug  1 13:30 Screenshot 2026-08-01 1.30.13 PM.png
-rw-r--r--  1 maxieds maxieds        134K Aug  1 13:30 Screenshot 2026-08-01 1.30.30 PM.png
-rw-r--r--  1 maxieds maxieds        152K Aug  1 13:30 Screenshot 2026-08-01 1.30.46 PM.png
-rw-r--r--  1 maxieds maxieds        172K Aug  1 13:30 Screenshot 2026-08-01 1.30.58 PM.png
-rw-r--r--  1 maxieds maxieds        149K Aug  1 13:31 Screenshot 2026-08-01 1.31.12 PM.png
-rw-r--r--  1 maxieds maxieds        125K Aug  1 13:31 Screenshot 2026-08-01 1.31.45 PM.png
-rw-r--r--  1 maxieds maxieds        150K Aug  1 13:35 Screenshot 2026-08-01 1.35.28 PM.png
-rw-r--r--  1 maxieds maxieds        103K Aug  1 13:38 Screenshot 2026-08-01 1.38.01 PM.png
-rw-r--r--  1 maxieds maxieds        147K Aug  1 13:42 Screenshot 2026-08-01 1.42.36 PM.png
-rw-r--r--  1 maxieds maxieds        181K Aug  1 13:43 Screenshot 2026-08-01 1.43.48 PM.png
-rw-r--r--  1 maxieds maxieds        186K Aug  1 13:45 Screenshot 2026-08-01 1.45.27 PM.png
-rw-r--r--  1 maxieds maxieds         55K Aug  1 13:50 Screenshot 2026-08-01 1.50.41 PM.png
-rw-r--r--  1 maxieds maxieds        185K Aug  1 13:52 Screenshot 2026-08-01 1.52.49 PM.png
-rw-r--r--  1 maxieds maxieds        281K Aug  1 13:59 Screenshot 2026-08-01 1.59.19 PM.png
-rw-r--r--  1 maxieds maxieds        302K Aug  1 13:59 Screenshot 2026-08-01 1.59.23 PM.png
-rw-r--r--  1 maxieds maxieds        284K Aug  1 13:59 Screenshot 2026-08-01 1.59.33 PM.png
-rw-r--r--  1 maxieds maxieds        280K Aug  1 13:59 Screenshot 2026-08-01 1.59.43 PM.png
-rw-r--r--  1 maxieds maxieds        145K Aug  1 14:00 Screenshot 2026-08-01 2.00.09 PM.png
-rw-r--r--  1 maxieds maxieds        135K Aug  1 14:00 Screenshot 2026-08-01 2.00.16 PM.png
-rw-r--r--  1 maxieds maxieds        115K Aug  1 14:00 Screenshot 2026-08-01 2.00.26 PM.png
-rw-r--r--  1 maxieds maxieds        132K Aug  1 14:00 Screenshot 2026-08-01 2.00.36 PM.png
-rw-r--r--  1 maxieds maxieds        113K Aug  1 14:00 Screenshot 2026-08-01 2.00.54 PM.png
-rw-r--r--  1 maxieds maxieds        114K Aug  1 14:01 Screenshot 2026-08-01 2.01.11 PM.png
-rw-r--r--  1 maxieds maxieds        111K Aug  1 14:01 Screenshot 2026-08-01 2.01.22 PM.png
-rw-r--r--  1 maxieds maxieds        130K Aug  1 14:01 Screenshot 2026-08-01 2.01.38 PM.png
-rw-r--r--  1 maxieds maxieds        149K Aug  1 14:01 Screenshot 2026-08-01 2.01.43 PM.png
-rw-r--r--  1 maxieds maxieds        148K Aug  1 14:01 Screenshot 2026-08-01 2.01.45 PM.png
-rw-r--r--  1 maxieds maxieds        145K Aug  1 14:01 Screenshot 2026-08-01 2.01.56 PM.png
-rw-r--r--  1 maxieds maxieds        181K Aug  1 14:02 Screenshot 2026-08-01 2.02.11 PM.png
-rw-r--r--  1 maxieds maxieds        109K Aug  1 14:02 Screenshot 2026-08-01 2.02.26 PM.png
-rw-r--r--  1 maxieds maxieds        105K Aug  1 14:02 Screenshot 2026-08-01 2.02.36 PM.png
-rw-r--r--  1 maxieds maxieds         79K Aug  1 14:02 Screenshot 2026-08-01