2026-08-15T20:27:24.624857Z NOTICE arc-keymintd[13644]: Post-stop arc-keymint
2026-08-17T21:20:05.090992Z INFO arc-prepare-host-generated-dir[1693]: INFO arc-prepare-host-generated-dir: [../../../../../tmp/portage/chromeos-base/arc-setup-0.0.1-r2500/work/arc-setup-0.0.1/arc/setup/arc_prepare_host_generated_dir_main.cc:34] Starting /usr/sbin/arc-prepare-host-generated-dir --log_tag=arc-prepare-host-generated-dir
2026-08-17T21:20:05.091295Z INFO arc-prepare-host-generated-dir[1693]: INFO arc-prepare-host-generated-dir: [../../../../../tmp/portage/chromeos-base/arc-setup-0.0.1-r2500/work/arc-setup-0.0.1/arc/setup/arc_setup.cc:2696] Debuggable is 0
2026-08-17T21:20:05.091347Z INFO arc-prepare-host-generated-dir[1693]: INFO arc-prepare-host-generated-dir: [../../../../../tmp/portage/chromeos-base/arc-setup-0.0.1-r2500/work/arc-setup-0.0.1/arc/setup/arc_setup.cc:2720] Running !ExpandPropertyFiles(property_files_source_dir, property_files_dest_path, modified_properties_dest_path, USE_ARCVM, hw_oemcrypto_support, true, debuggable, bus)...
2026-08-17T21:20:05.093310Z INFO arc-prepare-host-generated-dir[1693]: INFO arc-prepare-host-generated-dir: [../../../../../tmp/portage/chromeos-base/arc-setup-0.0.1-r2500/work/arc-setup-0.0.1/arc/setup/arc_setup.cc:2734] Running !GenerateFirstStageFstab( base::FilePath(kGeneratedPropertyFilesPathVm).Append("fstab"), base::FilePath(kArcVmVendorImagePath), cache_partition)...
2026-08-17T21:20:05.093624Z INFO arc-prepare-host-generated-dir[1693]: INFO arc-prepare-host-generated-dir: [../../../../../tmp/portage/chromeos-base/arc-setup-0.0.1-r2500/work/arc-setup-0.0.1/arc/setup/arc_prepare_host_generated_dir_main.cc:39] /usr/sbin/arc-prepare-host-generated-dir --log_tag=arc-prepare-host-generated-dir took 3ms
2025-12-18T00:00:03.157202Z INFO arc-prepare-host-generated-dir[1730]: INFO arc-prepare-host-generated-dir: [../../../../../tmp/portage/chromeos-base/arc-setup-0.0.1-r2500/work/arc-setup-0.0.1/arc/setup/arc_prepare_host_generated_dir_main.cc:34] Starting /usr/sbin/arc-prepare-host-generated-dir --log_tag=arc-prepare-host-generated-dir
2025-12-18T00:00:03.158021Z INFO arc-prepare-host-generated-dir[1730]: INFO arc-prepare-host-generated-dir: [../../../../../tmp/portage/chromeos-base/arc-setup-0.0.1-r2500/work/arc-setup-0.0.1/arc/setup/arc_setup.cc:2696] Debuggable is 0
2025-12-18T00:00:03.158043Z INFO arc-prepare-host-generated-dir[1730]: INFO arc-prepare-host-generated-dir: [../../../../../tmp/portage/chromeos-base/arc-setup-0.0.1-r2500/work/arc-setup-0.0.1/arc/setup/arc_setup.cc:2720] Running !ExpandPropertyFiles(property_files_source_dir, property_files_dest_path, modified_properties_dest_path, USE_ARCVM, hw_oemcrypto_support, true, debuggable, bus)...
2025-12-18T00:00:03.159391Z INFO arc-prepare-host-generated-dir[1730]: INFO arc-prepare-host-generated-dir: [../../../../../tmp/portage/chromeos-base/arc-setup-0.0.1-r2500/work/arc-setup-0.0.1/arc/setup/arc_setup.cc:2734] Running !GenerateFirstStageFstab( base::FilePath(kGeneratedPropertyFilesPathVm).Append("fstab"), base::FilePath(kArcVmVendorImagePath), cache_partition)...
2025-12-18T00:00:03.160248Z INFO arc-prepare-host-generated-dir[1730]: INFO arc-prepare-host-generated-dir: [../../../../../tmp/portage/chromeos-base/arc-setup-0.0.1-r2500/work/arc-setup-0.0.1/arc/setup/arc_prepare_host_generated_dir_main.cc:39] /usr/sbin/arc-prepare-host-generated-dir --log_tag=arc-prepare-host-generated-dir took 4ms
2026-08-14T21:43:33.430300Z NOTICE arc-keymintd[4327]: Start arc-keymint
2026-08-14T21:43:33.432510Z NOTICE arc-keymintd[4329]: arc-keymint claiming its D-Bus name
2026-08-14T21:43:33.432511Z NOTICE arc-keymintd[4330]: Executing: minijail0  -p -N -n --uts -l -e -S /usr/share/policy/arc-keymintd-seccomp.policy -u arc-keymintd -g arc-keymintd --profile minimalistic-mountns -k tmpfs,/sys,tmpfs,MS_NOEXEC|MS_NOSUID|MS_NODEV,mode=755,size=10M -k tmpfs,/var,tmpfs,MS_NOSUID|MS_NODEV|MS_NOEXEC,mode=755,size=10M -b /var/lib/metrics,,1 -k tmpfs,/run,tmpfs,MS_NODEV|MS_NOEXEC|MS_NOSUID,mode=755,size=10M -b /run/lock,,1 -b /run/dbus -- /usr/sbin/arc-keymintd
2026-08-14T21:43:33.790421Z INFO arc-keymintd[4368]: Running Daemon
2026-08-14T21:43:33.796296Z INFO arc-keymintd[4368]: Mojo init succeeded.
2026-08-14T21:43:33.799898Z INFO arc-keymintd[4368]: D-Bus registration succeeded
2026-08-14T21:43:33.800028Z INFO arc-keymintd[4368]: Receiving bootstrap mojo call from D-Bus client.
2026-08-14T21:43:33.839448Z INFO arc-keymintd[4368]: Mojo connection established.
2025-12-18T00:00:03.221681Z INFO arc-prepare-host-generated-dir[1719]: INFO arc-prepare-host-generated-dir: [../../../../../tmp/portage/chromeos-base/arc-setup-0.0.1-r2500/work/arc-setup-0.0.1/arc/setup/arc_prepare_host_generated_dir_main.cc:34] Starting /usr/sbin/arc-prepare-host-generated-dir --log_tag=arc-prepare-host-generated-dir
2025-12-18T00:00:03.221823Z INFO arc-prepare-host-generated-dir[1719]: INFO arc-prepare-host-generated-dir: [../../../../../tmp/portage/chromeos-base/arc-setup-0.0.1-r2500/work/arc-setup-0.0.1/arc/setup/arc_setup.cc:2696] Debuggable is 0
2025-12-18T00:00:03.221841Z INFO arc-prepare-host-generated-dir[1719]: INFO arc-prepare-host-generated-dir: [../../../../../tmp/portage/chromeos-base/arc-setup-0.0.1-r2500/work/arc-setup-0.0.1/arc/setup/arc_setup.cc:2720] Running !ExpandPropertyFiles(property_files_source_dir, property_files_dest_path, modified_properties_dest_path, USE_ARCVM, hw_oemcrypto_support, true, debuggable, bus)...
2025-12-18T00:00:03.223026Z INFO arc-prepare-host-generated-dir[1719]: INFO arc-prepare-host-generated-dir: [../../../../../tmp/portage/chromeos-base/arc-setup-0.0.1-r2500/work/arc-setup-0.0.1/arc/setup/arc_setup.cc:2734] Running !GenerateFirstStageFstab( base::FilePath(kGeneratedPropertyFilesPathVm).Append("fstab"), base::FilePath(kArcVmVendorImagePath), cache_partition)...
2025-12-18T00:00:03.223297Z INFO arc-prepare-host-generated-dir[1719]: INFO arc-prepare-host-generated-dir: [../../../../../tmp/portage/chromeos-base/arc-setup-0.0.1-r2500/work/arc-setup-0.0.1/arc/setup/arc_prepare_host_generated_dir_main.cc:39] /usr/sbin/arc-prepare-host-generated-dir --log_tag=arc-prepare-host-generated-dir took 2ms
2026-08-14T21:45:07.918404Z NOTICE arc-keymintd[4687]: Start arc-keymint
2026-08-14T21:45:07.920140Z NOTICE arc-keymintd[4690]: Executing: minijail0  -p -N -n --uts -l -e -S /usr/share/policy/arc-keymintd-seccomp.policy -u arc-keymintd -g arc-keymintd --profile minimalistic-mountns -k tmpfs,/sys,tmpfs,MS_NOEXEC|MS_NOSUID|MS_NODEV,mode=755,size=10M -k tmpfs,/var,tmpfs,MS_NOSUID|MS_NODEV|MS_NOEXEC,mode=755,size=10M -b /var/lib/metrics,,1 -k tmpfs,/run,tmpfs,MS_NODEV|MS_NOEXEC|MS_NOSUID,mode=755,size=10M -b /run/lock,,1 -b /run/dbus -- /usr/sbin/arc-keymintd
2026-08-14T21:45:07.920228Z NOTICE arc-keymintd[4689]: arc-keymint claiming its D-Bus name
2026-08-14T21:45:08.040475Z INFO arc-keymintd[4703]: Running Daemon
2026-08-14T21:45:08.041687Z INFO arc-keymintd[4703]: Mojo init succeeded.
2026-08-14T21:45:08.042387Z INFO arc-keymintd[4703]: D-Bus registration succeeded
2026-08-14T21:45:08.042456Z INFO arc-keymintd[4703]: Receiving bootstrap mojo call from D-Bus client.
2026-08-14T21:45:08.046882Z INFO arc-keymintd[4703]: Mojo connection established.
2026-08-08T00:05:52.241045Z NOTICE arc-keymintd[36688]: Post-stop arc-keymint
2025-12-18T00:00:02.932624Z INFO arc-prepare-host-generated-dir[1673]: INFO arc-prepare-host-generated-dir: [../../../../../tmp/portage/chromeos-base/arc-setup-0.0.1-r2500/work/arc-setup-0.0.1/arc/setup/arc_prepare_host_generated_dir_main.cc:34] Starting /usr/sbin/arc-prepare-host-generated-dir --log_tag=arc-prepare-host-generated-dir
2025-12-18T00:00:02.932772Z INFO arc-prepare-host-generated-dir[1673]: INFO arc-prepare-host-generated-dir: [../../../../../tmp/portage/chromeos-base/arc-setup-0.0.1-r2500/work/arc-setup-0.0.1/arc/setup/arc_setup.cc:2696] Debuggable is 0
2025-12-18T00:00:02.932792Z INFO arc-prepare-host-generated-dir[1673]: INFO arc-prepare-host-generated-dir: [../../../../../tmp/portage/chromeos-base/arc-setup-0.0.1-r2500/work/arc-setup-0.0.1/arc/setup/arc_setup.cc:2720] Running !ExpandPropertyFiles(property_files_source_dir, property_files_dest_path, modified_properties_dest_path, USE_ARCVM, hw_oemcrypto_support, true, debuggable, bus)...
2025-12-18T00:00:02.934088Z INFO arc-prepare-host-generated-dir[1673]: INFO arc-prepare-host-generated-dir: [../../../../../tmp/portage/chromeos-base/arc-setup-0.0.1-r2500/work/arc-setup-0.0.1/arc/setup/arc_setup.cc:2734] Running !GenerateFirstStageFstab( base::FilePath(kGeneratedPropertyFilesPathVm).Append("fstab"), base::FilePath(kArcVmVendorImagePath), cache_partition)...
2025-12-18T00:00:02.934427Z INFO arc-prepare-host-generated-dir[1673]: INFO arc-prepare-host-generated-dir: [../../../../../tmp/portage/chromeos-base/arc-setup-0.0.1-r2500/work/arc-setup-0.0.1/arc/setup/arc_prepare_host_generated_dir_main.cc:39] /usr/sbin/arc-prepare-host-generated-dir --log_tag=arc-prepare-host-generated-dir took 2ms
2026-08-07T17:45:19.062890Z NOTICE arc-keymintd[4128]: Start arc-keymint
2026-08-07T17:45:19.064717Z NOTICE arc-keymintd[4129]: arc-keymint claiming its D-Bus name
2026-08-07T17:45:19.065026Z NOTICE arc-keymintd[4130]: Executing: minijail0  -p -N -n --uts -l -e -S /usr/share/policy/arc-keymintd-seccomp.policy -u arc-keymintd -g arc-keymintd --profile minimalistic-mountns -k tmpfs,/sys,tmpfs,MS_NOEXEC|MS_NOSUID|MS_NODEV,mode=755,size=10M -k tmpfs,/var,tmpfs,MS_NOSUID|MS_NODEV|MS_NOEXEC,mode=755,size=10M -b /var/lib/metrics,,1 -k tmpfs,/run,tmpfs,MS_NODEV|MS_NOEXEC|MS_NOSUID,mode=755,size=10M -b /run/lock,,1 -b /run/dbus -- /usr/sbin/arc-keymintd
2026-08-07T17:45:19.123192Z INFO arc-keymintd[4133]: Running Daemon
2026-08-07T17:45:19.124843Z INFO arc-keymintd[4133]: Mojo init succeeded.
2026-08-07T17:45:19.125527Z INFO arc-keymintd[4133]: D-Bus registration succeeded
2026-08-07T17:45:19.125644Z INFO arc-keymintd[4133]: Receiving bootstrap mojo call from D-Bus client.
2026-08-07T17:45:19.150636Z INFO arc-keymintd[4133]: Mojo connection established.
2026-08-07T18:54:48.878754Z NOTICE arc-keymintd[13317]: Post-stop arc-keymint
2026-08-07T20:19:32.121501Z INFO arc-prepare-host-generated-dir[1705]: INFO arc-prepare-host-generated-dir: [../../../../../tmp/portage/chromeos-base/arc-setup-0.0.1-r2500/work/arc-setup-0.0.1/arc/setup/arc_prepare_host_generated_dir_main.cc:34] Starting /usr/sbin/arc-prepare-host-generated-dir --log_tag=arc-prepare-host-generated-dir
2026-08-07T20:19:32.122260Z INFO arc-prepare-host-generated-dir[1705]: INFO arc-prepare-host-generated-dir: [../../../../../tmp/portage/chromeos-base/arc-setup-0.0.1-r2500/work/arc-setup-0.0.1/arc/setup/arc_setup.cc:2696] Debuggable is 0
2026-08-07T20:19:32.122311Z INFO arc-prepare-host-generated-dir[1705]: INFO arc-prepare-host-generated-dir: [../../../../../tmp/portage/chromeos-base/arc-setup-0.0.1-r2500/work/arc-setup-0.0.1/arc/setup/arc_setup.cc:2720] Running !ExpandPropertyFiles(property_files_source_dir, property_files_dest_path, modified_properties_dest_path, USE_ARCVM, hw_oemcrypto_support, true, debuggable, bus)...
2026-08-07T20:19:32.125523Z INFO arc-prepare-host-generated-dir[1705]: INFO arc-prepare-host-generated-dir: [../../../../../tmp/portage/chromeos-base/arc-setup-0.0.1-r2500/work/arc-setup-0.0.1/arc/setup/arc_setup.cc:2734] Running !GenerateFirstStageFstab( base::FilePath(kGeneratedPropertyFilesPathVm).Append("fstab"), base::FilePath(kArcVmVendorImagePath), cache_partition)...
2026-08-07T20:19:32.126282Z INFO arc-prepare-host-generated-dir[1705]: INFO arc-prepare-host-generated-dir: [../../../../../tmp/portage/chromeos-base/arc-setup-0.0.1-r2500/work/arc-setup-0.0.1/arc/setup/arc_prepare_host_generated_dir_main.cc:39] /usr/sbin/arc-prepare-host-generated-dir --log_tag=arc-prepare-host-generated-dir took 6ms
2025-12-18T00:00:03.029857Z INFO arc-prepare-host-generated-dir[1706]: INFO arc-prepare-host-generated-dir: [../../../../../tmp/portage/chromeos-base/arc-setup-0.0.1-r2500/work/arc-setup-0.0.1/arc/setup/arc_prepare_host_generated_dir_main.cc:34] Starting /usr/sbin/arc-prepare-host-generated-dir --log_tag=arc-prepare-host-generated-dir
2025-12-18T00:00:03.030245Z INFO arc-prepare-host-generated-dir[1706]: INFO arc-prepare-host-generated-dir: [../../../../../tmp/portage/chromeos-base/arc-setup-0.0.1-r2500/work/arc-setup-0.0.1/arc/setup/arc_setup.cc:2696] Debuggable is 0
2025-12-18T00:00:03.030292Z INFO arc-prepare-host-generated-dir[1706]: INFO arc-prepare-host-generated-dir: [../../../../../tmp/portage/chromeos-base/arc-setup-0.0.1-r2500/work/arc-setup-0.0.1/arc/setup/arc_setup.cc:2720] Running !ExpandPropertyFiles(property_files_source_dir, property_files_dest_path, modified_properties_dest_path, USE_ARCVM, hw_oemcrypto_support, true, debuggable, bus)...
2025-12-18T00:00:03.034030Z INFO arc-prepare-host-generated-dir[1706]: INFO arc-prepare-host-generated-dir: [../../../../../tmp/portage/chromeos-base/arc-setup-0.0.1-r2500/work/arc-setup-0.0.1/arc/setup/arc_setup.cc:2734] Running !GenerateFirstStageFstab( base::FilePath(kGeneratedPropertyFilesPathVm).Append("fstab"), base::FilePath(kArcVmVendorImagePath), cache_partition)...
2025-12-18T00:00:03.034589Z INFO arc-prepare-host-generated-dir[1706]: INFO arc-prepare-host-generated-dir: [../../../../../tmp/portage/chromeos-base/arc-setup-0.0.1-r2500/work/arc-setup-0.0.1/arc/setup/arc_prepare_host_generated_dir_main.cc:39] /usr/sbin/arc-prepare-host-generated-dir --log_tag=arc-prepare-host-generated-dir took 6ms
2026-08-07T17:45:19.417228Z NOTICE arc-keymintd[4132]: Start arc-keymint
2026-08-07T17:45:19.418579Z NOTICE arc-keymintd[4133]: arc-keymint claiming its D-Bus name
2026-08-07T17:45:19.419146Z NOTICE arc-keymintd[4134]: Executing: minijail0  -p -N -n --uts -l -e -S /usr/share/policy/arc-keymintd-seccomp.policy -u arc-keymintd -g arc-keymintd --profile minimalistic-mountns -k tmpfs,/sys,tmpfs,MS_NOEXEC|MS_NOSUID|MS_NODEV,mode=755,size=10M -k tmpfs,/var,tmpfs,MS_NOSUID|MS_NODEV|MS_NOEXEC,mode=755,size=10M -b /var/lib/metrics,,1 -k tmpfs,/run,tmpfs,MS_NODEV|MS_NOEXEC|MS_NOSUID,mode=755,size=10M -b /run/lock,,1 -b /run/dbus -- /usr/sbin/arc-keymintd
2026-08-07T17:45:19.589978Z INFO arc-keymintd[4140]: Running Daemon
2026-08-07T17:45:19.592096Z INFO arc-keymintd[4140]: Mojo init succeeded.
2026-08-07T17:45:19.593253Z INFO arc-keymintd[4140]: D-Bus registration succeeded
2026-08-07T17:45:19.593392Z INFO arc-keymintd[4140]: Receiving bootstrap mojo call from D-Bus client.
2026-08-07T17:45:19.728268Z INFO arc-keymintd[4140]: Mojo connection established.
2026-08-07T18:24:29.416143Z NOTICE arc-keymintd[9447]: Post-stop arc-keymint
2026-08-10T10:48:20.159049Z INFO arc-prepare-host-generated-dir[1687]: INFO arc-prepare-host-generated-dir: [../../../../../tmp/portage/chromeos-base/arc-setup-0.0.1-r2500/work/arc-setup-0.0.1/arc/setup/arc_prepare_host_generated_dir_main.cc:34] Starting /usr/sbin/arc-prepare-host-generated-dir --log_tag=arc-prepare-host-generated-dir
2026-08-10T10:48:20.159389Z INFO arc-prepare-host-generated-dir[1687]: INFO arc-prepare-host-generated-dir: [../../../../../tmp/portage/chromeos-base/arc-setup-0.0.1-r2500/work/arc-setup-0.0.1/arc/setup/arc_setup.cc:2696] Debuggable is 0
2026-08-10T10:48:20.159437Z INFO arc-prepare-host-generated-dir[1687]: INFO arc-prepare-host-generated-dir: [../../../../../tmp/portage/chromeos-base/arc-setup-0.0.1-r2500/work/arc-setup-0.0.1/arc/setup/arc_setup.cc:2720] Running !ExpandPropertyFiles(property_files_source_dir, property_files_dest_path, modified_properties_dest_path, USE_ARCVM, hw_oemcrypto_support, true, debuggable, bus)...
2026-08-10T10:48:20.162423Z INFO arc-prepare-host-generated-dir[1687]: INFO arc-prepare-host-generated-dir: [../../../../../tmp/portage/chromeos-base/arc-setup-0.0.1-r2500/work/arc-setup-0.0.1/arc/setup/arc_setup.cc:2734] Running !GenerateFirstStageFstab( base::FilePath(kGeneratedPropertyFilesPathVm).Append("fstab"), base::FilePath(kArcVmVendorImagePath), cache_partition)...
2026-08-10T10:48:20.163015Z INFO arc-prepare-host-generated-dir[1687]: INFO arc-prepare-host-generated-dir: [../../../../../tmp/portage/chromeos-base/arc-setup-0.0.1-r2500/work/arc-setup-0.0.1/arc/setup/arc_prepare_host_generated_dir_main.cc:39] /usr/sbin/arc-prepare-host-generated-dir --log_tag=arc-prepare-host-generated-dir took 5ms
2026-08-10T10:49:11.383762Z NOTICE arc-keymintd[4184]: Start arc-keymint
2026-08-10T10:49:11.384260Z NOTICE arc-keymintd[4187]: arc-keymint claiming its D-Bus name
2026-08-10T10:49:11.385607Z NOTICE arc-keymintd[4188]: Executing: minijail0  -p -N -n --uts -l -e -S /usr/share/policy/arc-keymintd-seccomp.policy -u arc-keymintd -g arc-keymintd --profile minimalistic-mountns -k tmpfs,/sys,tmpfs,MS_NOEXEC|MS_NOSUID|MS_NODEV,mode=755,size=10M -k tmpfs,/var,tmpfs,MS_NOSUID|MS_NODEV|MS_NOEXEC,mode=755,size=10M -b /var/lib/metrics,,1 -k tmpfs,/run,tmpfs,MS_NODEV|MS_NOEXEC|MS_NOSUID,mode=755,size=10M -b /run/lock,,1 -b /run/dbus -- /usr/sbin/arc-keymintd
2026-08-10T10:49:11.463668Z INFO arc-keymintd[4195]: Running Daemon
2026-08-10T10:49:11.465924Z INFO arc-keymintd[4195]: Mojo init succeeded.
2026-08-10T10:49:11.467238Z INFO arc-keymintd[4195]: D-Bus registration succeeded
2026-08-10T10:49:11.467384Z INFO arc-keymintd[4195]: Receiving bootstrap mojo call from D-Bus client.
2026-08-10T10:49:11.540053Z INFO arc-keymintd[4195]: Mojo connection established.
2026-09-12T17:17:49.543889Z INFO arc-apk-cache-cleaner[6840]: Deleted 1 sessions
2026-09-12T17:17:49.547248Z INFO arc-apk-cache-cleaner[6840]: APK Cache cleaner succeeded.
