
[     373.806] Wake source: 0x00000001
[     373.809] Which pin: 0x0200000000000000
[     434.727] Wake source: 0x00000001
[     434.730] Which pin: 0x0200000000000000
[     495.644] Wake source: 0x00000001
[     495.647] Which pin: 0x0200000000000000
[     495.651] Alert[4] = 0x800
[     556.560] Wake source: 0x00000001
[     556.563] Which pin: 0x0200000000000000
[     617.476] Wake source: 0x00000001
[     617.479] Which pin: 0x0200000000000000
[     617.483] Alert[4] = 0x800
[     644.125] Wake source: 0x00000001
[     644.128] Which pin: 0x0200000000000000
[     678.436] Wake source: 0x00000001
[     678.439] Which pin: 0x0200000000000000
[     683.440] Wake source: 0x00000000
[     688.443] Wake source: 0x00000000
[     739.444] Wake source: 0x00000001
[     739.447] Which pin: 0x0200000000000000
[     800.360] Wake source: 0x00000001
[     800.363] Which pin: 0x0200000000000000
[     861.288] Wake source: 0x00000001
[     861.291] Which pin: 0x0200000000000000
[     866.295] Wake source: 0x00000000
[     871.304] Wake source: 0x00000000
[     876.310] Wake source: 0x00000000
[     922.362] Wake source: 0x00000001
[     922.365] Which pin: 0x0200000000000000
[     951.874] Wake source: 0x00000001
[     951.877] Which pin: 0x0200000000000000
[     983.342] Wake source: 0x00000001
[     983.345] Which pin: 0x0200000000000000
[     983.349] Alert[4] = 0x800
[    1044.273] Wake source: 0x00000001
[    1044.276] Which pin: 0x0200000000000000
[    1105.206] Wake source: 0x00000001
[    1105.209] Which pin: 0x0200000000000000
[    1166.135] Wake source: 0x00000001
[    1166.138] Which pin: 0x0200000000000000
[    1167.136] Idle erase.
[    1171.139] Wake source: 0x00000000
[    1227.111] Wake source: 0x00000001
[    1227.114] Which pin: 0x0200000000000000
[    1259.487] Wake source: 0x00000001
[    1259.490] Which pin: 0x0200000000000000
[    1288.089] Wake source: 0x00000001
[    1288.092] Which pin: 0x0200000000000000
[    1349.013] Wake source: 0x00000001
[    1349.016] Which pin: 0x0200000000000000
[    1409.935] Wake source: 0x00000001
[    1409.938] Which pin: 0x0200000000000000
[    1414.939] Wake source: 0x00000000
[    1419.942] Wake source: 0x00000000
[    1424.946] Wake source: 0x00000000
[    1429.949] Wake source: 0x00000000
[    1471.048] Wake source: 0x00000001
[    1471.051] Which pin: 0x0200000000000000
[    1531.972] Wake source: 0x00000001
[    1531.975] Which pin: 0x0200000000000000
[    1531.979] Alert[4] = 0x800
[    1567.206] Wake source: 0x00000001
[    1567.209] Which pin: 0x0200000000000000
[    1592.947] Wake source: 0x00000001
[    1592.950] Which pin: 0x0200000000000000
[    1597.952] Wake source: 0x00000000
[    1602.957] Wake source: 0x00000000
[    1653.971] Wake source: 0x00000001
[    1653.974] Which pin: 0x0200000000000000
[    1653.978] Alert[4] = 0x800
[    1714.894] Wake source: 0x00000001
[    1714.897] Which pin: 0x0200000000000000
[    1775.815] Wake source: 0x00000001
[    1775.818] Which pin: 0x0200000000000000
[    1780.819] Wake source: 0x00000000
[    1836.781] Wake source: 0x00000001
[    1836.784] Which pin: 0x0200000000000000
[    1874.867] Wake source: 0x00000001
[    1874.870] Which pin: 0x0200000000000000
[    1897.750] Wake source: 0x00000001
[    1897.753] Which pin: 0x0200000000000000
[    1958.668] Wake source: 0x00000001
[    1958.671] Which pin: 0x0200000000000000
[    2019.589] Wake source: 0x00000001
[    2019.592] Which pin: 0x0200000000000000
[    2019.596] Alert[4] = 0x800
[    2080.523] Wake source: 0x00000001
[    2080.526] Which pin: 0x0200000000000000
[    2141.451] Wake source: 0x00000001
[    2141.454] Which pin: 0x0200000000000000
[    2182.406] Wake source: 0x00000001
[    2182.409] Which pin: 0x0200000000000000
[    2187.411] Wake source: 0x00000000
[    2202.476] Wake source: 0x00000001
[    2202.479] Which pin: 0x0200000000000000
[    2202.483] Alert[4] = 0x800
[    2263.407] Wake source: 0x00000001
[    2263.410] Which pin: 0x0200000000000000
[    2324.337] Wake source: 0x00000001
[    2324.340] Which pin: 0x0200000000000000
[    2385.271] Wake source: 0x00000001
[    2385.274] Which pin: 0x0200000000000000
[    2390.274] Wake source: 0x00000000
[    2446.255] Wake source: 0x00000001
[    2446.258] Which pin: 0x0200000000000000
[    2451.259] Wake source: 0x00000000
[    2456.263] Wake source: 0x00000000
[    2490.167] Wake source: 0x00000001
[    2490.170] Which pin: 0x0200000000000000
[    2507.334] Wake source: 0x00000001
[    2507.337] Which pin: 0x0200000000000000
[    2568.274] Wake source: 0x00000001
[    2568.277] Which pin: 0x0200000000000000
[    2629.215] Wake source: 0x00000001
[    2629.218] Which pin: 0x0200000000000000
[    2629.222] Alert[4] = 0x800
[    2690.152] Wake source: 0x00000001
[    2690.155] Which pin: 0x0200000000000000
[    2751.086] Wake source: 0x00000001
[    2751.089] Which pin: 0x0200000000000000
[    2751.093] Alert[4] = 0x800
[    2797.770] Wake source: 0x00000001
[    2797.773] Which pin: 0x0200000000000000
[    2812.063] Wake source: 0x00000001
[    2812.066] Which pin: 0x0200000000000000
[    2872.989] Wake source: 0x00000001
[    2872.992] Which pin: 0x0200000000000000
[    2933.914] Wake source: 0x00000001
[    2933.917] Which pin: 0x0200000000000000
[    2994.838] Wake source: 0x00000001
[    2994.841] Which pin: 0x0200000000000000
[    2999.841] Wake source: 0x00000000
[    3055.811] Wake source: 0x00000001
[    3055.814] Which pin: 0x0200000000000000
[    3055.818] Alert[4] = 0x800
[    3105.356] Wake source: 0x00000001
[    3105.359] Which pin: 0x0200000000000000
[    3116.783] Wake source: 0x00000001
[    3116.786] Which pin: 0x0200000000000000
[    3177.711] Wake source: 0x00000001
[    3177.714] Which pin: 0x0200000000000000
[    3238.640] Wake source: 0x00000001
[    3238.643] Which pin: 0x0200000000000000
[    3299.586] Wake source: 0x00000001
[    3299.589] Which pin: 0x0200000000000000
[    3360.533] Wake source: 0x00000001
[    3360.536] Which pin: 0x0200000000000000
[    3412.969] Wake source: 0x00000001
[    3412.972] Which pin: 0x0200000000000000
[    3417.974] Wake source: 0x00000000
[    3482.492] Wake source: 0x00000001
[    3482.495] Which pin: 0x0200000000000000
[    3487.496] Wake source: 0x00000000
[    3543.486] Wake source: 0x00000001
[    3543.489] Which pin: 0x0200000000000000
[    3583.747] Wake source: 0x00000001
[    3583.750] Which pin: 0x0200000000000000
[    3604.478] Wake source: 0x00000001
[    3604.481] Which pin: 0x0200000000000000
[    3604.485] Alert[4] = 0x800
[    3665.413] Wake source: 0x00000001
[    3665.416] Which pin: 0x0200000000000000
[    3720.685] Wake source: 0x00000001
[    3720.688] Which pin: 0x0200000000000000
[    3720.692] Alert[4] = 0x800
[    3726.391] Wake source: 0x00000001
[    3726.394] Which pin: 0x0200000000000000
[    3787.332] Wake source: 0x00000001
[    3787.335] Which pin: 0x0200000000000000
[    3792.336] Wake source: 0x00000000
[    3797.342] Wake source: 0x00000000
[    3802.346] Wake source: 0x00000000
[    3848.419] Wake source: 0x00000001
[    3848.422] Which pin: 0x0200000000000000
[    3848.426] Alert[4] = 0x800
[    3909.370] Wake source: 0x00000001
[    3909.373] Which pin: 0x0200000000000000
[    3970.319] Wake source: 0x00000001
[    3970.322] Which pin: 0x0200000000000000
[    3970.326] Alert[4] = 0x800
[    4028.467] Wake source: 0x00000001
[    4028.470] Which pin: 0x0200000000000000
[    4092.226] Wake source: 0x00000001
[    4092.229] Which pin: 0x0200000000000000
[    4153.165] Wake source: 0x00000001
[    4153.168] Which pin: 0x0200000000000000
[    4153.172] Alert[4] = 0x800
[    4214.093] Wake source: 0x00000001
[    4214.096] Which pin: 0x0200000000000000
[    4214.100] Alert[4] = 0x800
[    4219.097] Wake source: 0x00000000
[    4224.102] Wake source: 0x00000000
[    4229.106] Wake source: 0x00000000
[    4275.160] Wake source: 0x00000001
[    4275.163] Which pin: 0x0200000000000000
[    4275.167] Alert[4] = 0x800
[    4336.082] Wake source: 0x00000001
[    4336.085] Which pin: 0x0200000000000000
[    4341.085] Wake source: 0x00000000
[    4397.047] Wake source: 0x00000001
[    4397.050] Which pin: 0x0200000000000000
[    4402.053] Wake source: 0x00000000
[    4407.062] Wake source: 0x00000000
[    4458.062] Wake source: 0x00000001
[    4458.065] Which pin: 0x0200000000000000
[    4458.069] Alert[0] = 0x1
[    4458.072] Alert[4] = 0x800
[    4518.983] Wake source: 0x00000001
[    4518.986] Which pin: 0x0200000000000000
[    4579.922] Wake source: 0x00000001
[    4579.925] Which pin: 0x0200000000000000
[    4584.926] Wake source: 0x00000000
[    4640.915] Wake source: 0x00000001
[    4640.918] Which pin: 0x0200000000000000
[    4701.866] Wake source: 0x00000001
[    4701.869] Which pin: 0x0200000000000000
[    4706.872] Wake source: 0x00000000
[    4711.877] Wake source: 0x00000000
[    4762.897] Wake source: 0x00000001
[    4762.900] Which pin: 0x0200000000000000
[    4762.904] Alert[4] = 0x800
[    4823.837] Wake source: 0x00000001
[    4823.840] Which pin: 0x0200000000000000
[    4823.844] Alert[4] = 0x800
[    4884.774] Wake source: 0x00000001
[    4884.777] Which pin: 0x0200000000000000
[    4889.777] Wake source: 0x00000000
[    4894.785] Wake source: 0x00000000
[    4945.808] Wake source: 0x00000001
[    4945.811] Which pin: 0x0200000000000000
[    4951.642] Wake source: 0x00000001
[    4951.645] Which pin: 0x0200000000000000
[    4956.646] Wake source: 0x00000000
[    5006.842] Wake source: 0x00000001
[    5006.845] Which pin: 0x0200000000000000
[    5067.776] Wake source: 0x00000001
[    5067.779] Which pin: 0x0200000000000000
[    5067.783] Alert[4] = 0x800
[    5128.710] Wake source: 0x00000001
[    5128.713] Which pin: 0x0200000000000000
[    5133.714] Wake source: 0x00000000
[    5189.692] Wake source: 0x00000001
[    5189.695] Which pin: 0x0200000000000000
[    5250.633] Wake source: 0x00000001
[    5250.636] Which pin: 0x0200000000000000
[    5250.640] Alert[4] = 0x800
[    5259.327] Wake source: 0x00000001
[    5259.330] Which pin: 0x0200000000000000
[    5311.618] Wake source: 0x00000001
[    5311.621] Which pin: 0x0200000000000000
[    5372.554] Wake source: 0x00000001
[    5372.557] Which pin: 0x0200000000000000
[    5433.490] Wake source: 0x00000001
[    5433.493] Which pin: 0x0200000000000000
[    5433.497] Alert[4] = 0x800
[    5494.420] Wake source: 0x00000001
[    5494.423] Which pin: 0x0200000000000000
[    5555.351] Wake source: 0x00000001
[    5555.354] Which pin: 0x0200000000000000
[    5555.358] Alert[4] = 0x800
[    5566.912] Wake source: 0x00000001
[    5566.915] Which pin: 0x0200000000000000
[    5616.330] Wake source: 0x00000001
[    5616.333] Which pin: 0x0200000000000000
[    5677.264] Wake source: 0x00000001
[    5677.267] Which pin: 0x0200000000000000
[    5682.268] Wake source: 0x00000000
[    5738.247] Wake source: 0x00000001
[    5738.250] Which pin: 0x0200000000000000
[    5738.254] Alert[4] = 0x800
[    5799.181] Wake source: 0x00000001
[    5799.184] Which pin: 0x0200000000000000
[    5860.114] Wake source: 0x00000001
[    5860.117] Which pin: 0x0200000000000000
[    5865.121] Wake source: 0x00000000
[    5874.574] Wake source: 0x00000001
[    5874.577] Which pin: 0x0200000000000000
[    5879.579] Wake source: 0x00000000
[    5884.583] Wake source: 0x00000000
[    5921.242] Wake source: 0x00000001
[    5921.245] Which pin: 0x0200000000000000
[    5921.249] Alert[4] = 0x800
[    5982.184] Wake source: 0x00000001
[    5982.187] Which pin: 0x0200000000000000
[    6043.124] Wake source: 0x00000001
[    6043.127] Which pin: 0x0200000000000000
[    6104.063] Wake source: 0x00000001
[    6104.066] Which pin: 0x0200000000000000
[    6165.004] Wake source: 0x00000001
[    6165.007] Which pin: 0x0200000000000000
[    6182.278] Wake source: 0x00000001
[    6182.281] Which pin: 0x0200000000000000
[    6182.285] Alert[4] = 0x800
[    6225.995] Wake source: 0x00000001
[    6225.998] Which pin: 0x0200000000000000
[    6231.000] Wake source: 0x00000000
[    6236.007] Wake source: 0x00000000
[    6287.033] Wake source: 0x00000001
[    6287.036] Which pin: 0x0200000000000000
[    6347.983] Wake source: 0x00000001
[    6347.986] Which pin: 0x0200000000000000
[    6347.990] Alert[4] = 0x800
[    6408.931] Wake source: 0x00000001
[    6408.934] Which pin: 0x0200000000000000
[    6413.934] Wake source: 0x00000000
[    6469.926] Wake source: 0x00000001
[    6469.929] Which pin: 0x0200000000000000
[    6490.072] Wake source: 0x00000001
[    6490.075] Which pin: 0x0200000000000000
[    6490.079] Alert[3] = 0x2000
[    6530.923] Wake source: 0x00000001
[    6530.926] Which pin: 0x0200000000000000
[    6591.863] Wake source: 0x00000001
[    6591.866] Which pin: 0x0200000000000000
[    6652.798] Wake source: 0x00000001
[    6652.801] Which pin: 0x0200000000000000
[    6713.731] Wake source: 0x00000001
[    6713.734] Which pin: 0x0200000000000000
[    6774.661] Wake source: 0x00000001
[    6774.664] Which pin: 0x0200000000000000
[    6797.663] Wake source: 0x00000001
[    6797.666] Which pin: 0x0200000000000000
[    6835.640] Wake source: 0x00000001
[    6835.643] Which pin: 0x0200000000000000
[    6896.561] Wake source: 0x00000001
[    6896.564] Which pin: 0x0200000000000000
[    6957.474] Wake source: 0x00000001
[    6957.477] Which pin: 0x0200000000000000
[    6962.477] Wake source: 0x00000000
[    7018.438] Wake source: 0x00000001
[    7018.441] Which pin: 0x0200000000000000
[    7018.445] Alert[4] = 0x800
[    7079.354] Wake source: 0x00000001
[    7079.357] Which pin: 0x0200000000000000
[    7105.202] Wake source: 0x00000001
[    7105.205] Which pin: 0x0200000000000000
[    7105.209] Alert[4] = 0x800
[    7140.325] Wake source: 0x00000001
[    7140.328] Which pin: 0x0200000000000000
[    7155.866] Wake source: 0x00000001
[    7155.869] Which pin: 0x0200000000000000
[    7201.302] Wake source: 0x00000001
[    7201.305] Which pin: 0x0200000000000000
[    7262.238] Wake source: 0x00000001
[    7262.241] Which pin: 0x0200000000000000
[    7262.245] Alert[4] = 0x800
[    7323.185] Wake source: 0x00000001
[    7323.188] Which pin: 0x0200000000000000
[    7384.138] Wake source: 0x00000001
[    7384.141] Which pin: 0x0200000000000000
[    7384.145] Alert[4] = 0x800
[    7389.146] Wake source: 0x00000000
[    7394.150] Wake source: 0x00000000
[    7412.948] Wake source: 0x00000001
[    7412.951] Which pin: 0x0200000000000000
[    7445.231] Wake source: 0x00000001
[    7445.234] Which pin: 0x0200000000000000
[    7445.238] Alert[4] = 0x800
[    7450.236] Wake source: 0x00000000
[    7506.238] Wake source: 0x00000001
[    7506.241] Which pin: 0x0200000000000000
[    7511.241] Wake source: 0x00000000
[    7567.248] Wake source: 0x00000001
[    7567.251] Which pin: 0x0200000000000000
[    7628.220] Wake source: 0x00000001
[    7628.223] Which pin: 0x0200000000000000
[    7628.227] Alert[4] = 0x800
[    7689.188] Wake source: 0x00000001
[    7689.191] Which pin: 0x0200000000000000
[    7720.780] Wake source: 0x00000001
[    7720.783] Which pin: 0x0200000000000000
[    7750.196] Wake source: 0x00000001
[    7750.199] Which pin: 0x0200000000000000
[    7811.158] Wake source: 0x00000001
[    7811.161] Which pin: 0x0200000000000000
[    7872.120] Wake source: 0x00000001
[    7872.123] Which pin: 0x0200000000000000
[    7921.723] Wake source: 0x00000004
[    7921.726] Alert[4] = 0x800
[    7921.729] RBOX: power button pressed
[    7921.782] RBOX: power button released
[    7933.122] Wake source: 0x00000001
[    7933.126] Which pin: 0x0200000000000000
[    7994.069] Wake source: 0x00000001
[    7994.072] Which pin: 0x0200000000000000
[    8028.480] Wake source: 0x00000001
[    8028.483] Which pin: 0x0200000000000000
[    8055.067] Wake source: 0x00000001
[    8055.070] Which pin: 0x0200000000000000
[    8055.074] Alert[4] = 0x800
[    8116.015] Wake source: 0x00000001
[    8116.018] Which pin: 0x0200000000000000
[    8176.954] Wake source: 0x00000001
[    8176.957] Which pin: 0x0200000000000000
[    8237.893] Wake source: 0x00000001
[    8237.896] Which pin: 0x0200000000000000
[    8242.895] Wake source: 0x00000000
[    8247.900] Wake source: 0x00000000
[    8252.903] Wake source: 0x00000000
[    8298.974] Wake source: 0x00000001
[    8298.977] Which pin: 0x0200000000000000
[    8336.231] Wake source: 0x00000001
[    8336.234] Which pin: 0x0200000000000000
[    8336.238] Alert[4] = 0x800
   0x01001008      0    244    188
[       0.284]      0x03    0x81000000      0    244    314
[       0.289]      0x03    0x81000002      0    244    278
[       0.295]      0x03    0x81000005      0    246    310
[       0.300]      0x03    0x01800004      0    246    217
[       0.305] 1024 bytes free in active pages.
[       0.310] Filesystem init took 86 ms.
[       0.313] PLT_RST_L ASSERTED
[       0.316] TPM SPI disabled (CS=true)
[       0.321] RBOX: deassert EC_RST_L
[       0.346] Valid CCD config found
[       0.349] RBOX: WP true
[       0.351] RBOX: WP true
[       0.354] AP RO verification result: OK (0xfffff000)
[       0.371] Key ladder state: Prod
[       0.394] Console is enabled
[       0.400] RBOX: WP true
[       0.403] EC_COMM: enabled
[       0.407] EC_COMM: disabled
[       0.806] EC_COMM: enabled
[       0.825] EFS2: boot_mode: TrustedRO -> Verified
[       0.829] EC_COMM: disabled
[       1.045] Servo: debouncing -> disconnected
[       1.318] PLT_RST_L DEASSERTED
[       1.355] TPM SPI enabled (CS=true)
[       1.455] Deferring NV write.
[       1.459] PinWeaver init
[       1.501] RBOX: power button pressed
[       1.544] RBOX: key-combo ec-reset
[       1.560] PLT_RST_L ASSERTED
[       1.563] TPM SPI couldn't set mode 0 (current=1, CS=true)
[       1.569] TPM SPI disabled (CS=true)
[       1.572] PLT_RST_L DEASSERTED
[       1.576] TPM SPI enabled (CS=true)
[       1.580] PCR0 updated
[       1.584] Error processing tpm2 dispatch request: tock error 6
[       1.590] TPM app missed PLT_RST_L event. Handling TPM reset now
[       1.596] EFS2: boot_mode: Verified -> TrustedRO
[       1.601] TPM app missed PLT_RST_L event. Handling TPM reset now
[       1.616] PLT_RST_L ASSERTED
[       1.619] TPM SPI couldn't set mode 0 (current=1, CS=true)
[       1.624] TPM SPI disabled (CS=true)
[       1.636] EC_COMM: enabled
[       1.639] EC_COMM: disabled
[       2.039] EC_COMM: enabled
[       2.058] EFS2: boot_mode: TrustedRO -> Verified