[     993.142] Wake source: 0x00000001
[     993.145] Which pin: 0x0200000000000000
[    1054.130] Wake source: 0x00000001
[    1054.133] Which pin: 0x0200000000000000
[    1054.137] Alert[4] = 0x800
[    1115.120] Wake source: 0x00000001
[    1115.123] Which pin: 0x0200000000000000
[    1115.127] Alert[4] = 0x800
[    1176.110] Wake source: 0x00000001
[    1176.113] Which pin: 0x0200000000000000
[    1176.117] Alert[4] = 0x800
[    1237.100] Wake source: 0x00000001
[    1237.103] Which pin: 0x0200000000000000
[    1255.123] Wake source: 0x00000001
[    1255.126] Which pin: 0x0200000000000000
[    1298.134] Wake source: 0x00000001
[    1298.137] Which pin: 0x0200000000000000
[    1359.125] Wake source: 0x00000001
[    1359.128] Which pin: 0x0200000000000000
[    1420.116] Wake source: 0x00000001
[    1420.119] Which pin: 0x0200000000000000
[    1481.109] Wake source: 0x00000001
[    1481.112] Which pin: 0x0200000000000000
[    1542.101] Wake source: 0x00000001
[    1542.104] Which pin: 0x0200000000000000
[    1562.981] Wake source: 0x00000001
[    1562.984] Which pin: 0x0200000000000000
[    1562.988] Alert[4] = 0x800
[    1603.137] Wake source: 0x00000001
[    1603.140] Which pin: 0x0200000000000000
[    1664.130] Wake source: 0x00000001
[    1664.133] Which pin: 0x0200000000000000
[    1664.137] Alert[4] = 0x800
[    1725.122] Wake source: 0x00000001
[    1725.125] Which pin: 0x0200000000000000
[    1725.129] Alert[4] = 0x800
[    1786.115] Wake source: 0x00000001
[    1786.118] Which pin: 0x0200000000000000
[    1847.107] Wake source: 0x00000001
[    1847.110] Which pin: 0x0200000000000000
[    1847.114] Alert[4] = 0x800
[    1870.844] Wake source: 0x00000001
[    1870.847] Which pin: 0x0200000000000000
[    1870.851] Alert[4] = 0x800
[    1908.144] Wake source: 0x00000001
[    1908.147] Which pin: 0x0200000000000000
[    1908.151] Alert[4] = 0x800
[    1969.137] Wake source: 0x00000001
[    1969.140] Which pin: 0x0200000000000000
[    2030.131] Wake source: 0x00000001
[    2030.134] Which pin: 0x0200000000000000
[    2091.125] Wake source: 0x00000001
[    2091.128] Which pin: 0x0200000000000000
[    2091.132] Alert[4] = 0x800
[    2152.119] Wake source: 0x00000001
[    2152.122] Which pin: 0x0200000000000000
[    2152.126] Alert[4] = 0x800
[    2178.715] Wake source: 0x00000001
[    2178.718] Which pin: 0x0200000000000000
[    2213.158] Wake source: 0x00000001
[    2213.161] Which pin: 0x0200000000000000
[    2274.152] Wake source: 0x00000001
[    2274.155] Which pin: 0x0200000000000000
[    2335.148] Wake source: 0x00000001
[    2335.151] Which pin: 0x0200000000000000
[    2396.142] Wake source: 0x00000001
[    2396.145] Which pin: 0x0200000000000000
[    2396.149] Alert[4] = 0x800
[    2457.138] Wake source: 0x00000001
[    2457.141] Which pin: 0x0200000000000000
[    2486.591] Wake source: 0x00000001
[    2486.594] Which pin: 0x0200000000000000
[    2486.598] Alert[4] = 0x800
[    2518.178] Wake source: 0x00000001
[    2518.181] Which pin: 0x0200000000000000
[    2579.175] Wake source: 0x00000001
[    2579.178] Which pin: 0x0200000000000000
[    2579.182] Alert[4] = 0x800
[    2640.171] Wake source: 0x00000001
[    2640.174] Which pin: 0x0200000000000000
[    2701.167] Wake source: 0x00000001
[    2701.170] Which pin: 0x0200000000000000
[    2762.162] Wake source: 0x00000001
[    2762.165] Which pin: 0x0200000000000000
[    2794.455] Wake source: 0x00000001
[    2794.458] Which pin: 0x0200000000000000
[    2823.202] Wake source: 0x00000001
[    2823.205] Which pin: 0x0200000000000000
[    2884.199] Wake source: 0x00000001
[    2884.203] Which pin: 0x0200000000000000
[    2884.207] Alert[4] = 0x800
[    2945.196] Wake source: 0x00000001
[    2945.199] Which pin: 0x0200000000000000
[    3006.196] Wake source: 0x00000001
[    3006.199] Which pin: 0x0200000000000000
[    3067.193] Wake source: 0x00000001
[    3067.196] Which pin: 0x0200000000000000
[    3102.346] Wake source: 0x00000001
[    3102.349] Which pin: 0x0200000000000000
[    3128.236] Wake source: 0x00000001
[    3128.239] Which pin: 0x0200000000000000
[    3189.235] Wake source: 0x00000001
[    3189.238] Which pin: 0x0200000000000000
[    3250.230] Wake source: 0x00000001
[    3250.233] Which pin: 0x0200000000000000
[    3250.237] Alert[4] = 0x800
[    3311.227] Wake source: 0x00000001
[    3311.230] Which pin: 0x0200000000000000
[    3372.224] Wake source: 0x00000001
[    3372.227] Which pin: 0x0200000000000000
[    3372.231] Alert[4] = 0x800
[    3410.233] Wake source: 0x00000001
[    3410.236] Which pin: 0x0200000000000000
[    3410.240] Alert[4] = 0x800
[    3433.266] Wake source: 0x00000001
[    3433.269] Which pin: 0x0200000000000000
[    3494.264] Wake source: 0x00000001
[    3494.267] Which pin: 0x0200000000000000
[    3555.264] Wake source: 0x00000001
[    3555.267] Which pin: 0x0200000000000000
[    3555.271] Alert[4] = 0x800
[    3594.557] Wake source: 0x00000001
[    3594.560] Which pin: 0x0200000000000000
[    3616.305] Wake source: 0x00000001
[    3616.308] Which pin: 0x0200000000000000
[    3616.312] Alert[4] = 0x800
[    3677.303] Wake source: 0x00000001
[    3677.306] Which pin: 0x0200000000000000
[    3718.154] Wake source: 0x00000001
[    3718.157] Which pin: 0x0200000000000000
[    3718.161] Alert[4] = 0x800
[    3738.345] Wake source: 0x00000001
[    3738.348] Which pin: 0x0200000000000000
[    3799.343] Wake source: 0x00000001
[    3799.346] Which pin: 0x0200000000000000
[    3799.350] Alert[4] = 0x800
[    3860.343] Wake source: 0x00000001
[    3860.346] Which pin: 0x0200000000000000
[    3921.343] Wake source: 0x00000001
[    3921.346] Which pin: 0x0200000000000000
[    3982.344] Wake source: 0x00000001
[    3982.347] Which pin: 0x0200000000000000
[    3982.351] Alert[4] = 0x800
[    4026.051] Wake source: 0x00000001
[    4026.054] Which pin: 0x0200000000000000
[    4043.387] Wake source: 0x00000001
[    4043.390] Which pin: 0x0200000000000000
[    4104.389] Wake source: 0x00000001
[    4104.392] Which pin: 0x0200000000000000
[    4165.393] Wake source: 0x00000001
[    4165.396] Which pin: 0x0200000000000000
[    4226.396] Wake source: 0x00000001
[    4226.399] Which pin: 0x0200000000000000
[    4287.398] Wake source: 0x00000001
[    4287.401] Which pin: 0x0200000000000000
[    4333.964] Wake source: 0x00000001
[    4333.967] Which pin: 0x0200000000000000
[    4333.971] Alert[4] = 0x800
9552cfa ms-tpm-20-ref:v0.0.343-b28a970 chrome-bot@chromeos-firmware-mpa-us-east1-d-x32-0-j903 2026-02-05 09:48:49
[       0.021] Strap config: Lddd => TPM Bus: SPI; FormFactor: ClamshellInvertedKso
[       0.029] Reset Type: Wake
[       0.032] Wake source: 0x00000001
[       0.035] Which pin: 0x0000000002000000
[       0.039] USB: Off
[       0.047] RBOX: WP true
[       0.047] cryptolib v1 at 0x100c00
[       0.050] 
[       0.056] Restoring AP RO verify status
[       0.057] AP RO: OK
[       0.059] AP RO verifications took 3 ms.
[       0.063] TPM SPI initialized
[       0.073] 22 files found across 4 pages.
[       0.074] 6420 bytes of data.
[       0.078] 0 invalid and 6 free pages.
[       0.081] 0 erases since boot.
[       0.085] Partition |   File ID   | Bank | Page | Size
[       0.090]      0x03    0x0100100d      0    240    180
[       0.095]      0x03    0x01001007      0    240    158
[       0.101]      0x03    0x01800005      0    240    188
[       0.106]      0x03    0x01800006      0    240    184
[       0.111]      0x03    0x0100100a      0    244    188
[       0.116]      0x03    0x0100100e      0    244    180
[       0.122]      0x03    0x01001008      0    244    188
[       0.127]      0x03    0x81000000      0    244    314
[       0.132]      0x03    0x81000002      0    244    278
[       0.138]      0x03    0x81000005      0    246    310
[       0.143]      0x03    0x01800004      0    246    217
[       0.148] 536 bytes free in active pages.
[       0.152] Filesystem init took 86 ms.
[       0.156] PLT_RST_L ASSERTED
[       0.159] TPM SPI disabled (CS=true)
[       0.164] RBOX: deassert EC_RST_L
[       0.184] Valid CCD config found
[       0.187] RBOX: WP true
[       0.190] RBOX: WP true
[       0.192] AP RO verification result: OK (0xfffff000)
[       0.209] Key ladder state: Prod
[       0.232] Console is enabled
[       0.238] PLT_RST_L DEASSERTED
[       0.241] RBOX: WP true
[       0.275] TPM SPI enabled (CS=true)
[ [       0.000] Starting D3C1 RO 0.0.62 RW 0.23.250
[       0.002] ti50_common_mp-15980.B:v0.0.704-fe895966 libtock-rs:v0.0.925-1213708 tock:v0.0.9685-1f9552cfa ms-tpm-20-ref:v0.0.343-b28a970 chrome-bot@chromeos-firmware-mpa-us-east1-d-x32-0-j903 2026-02-05 09:48:49
[       0.021] Strap config: Lddd => TPM Bus: SPI; FormFactor: ClamshellInvertedKso
[       0.028] Reset Type: Wake
[       0.031] Wake source: 0x00000004
[       0.035] USB: Off
[       0.043] RBOX: WP true
[       0.043] cryptolib v1 at 0x100c00
[       0.046] 
[       0.052] Restoring AP RO verify status
[       0.053] AP RO: OK
[       0.055] AP RO verifications took 3 ms.
[       0.059] TPM SPI initialized
[       0.069] 22 files found across 5 pages.
[       0.070] 6428 bytes of data.
[       0.074] 0 invalid and 5 free pages.
[       0.077] 0 erases since boot.
[       0.081] Partition |   File ID   | Bank | Page | Size
[       0.086]      0x03    0x01001007      0    238    158
[       0.091]      0x03    0x0100100d      0    241    180
[       0.097]      0x03    0x0100100a      0    245    188
[       0.102]      0x03    0x0100100e      0    245    180
[       0.107]      0x03    0x01001008      0    245    188
[       0.112]      0x03    0x81000000      0    245    314
[       0.118]      0x03    0x81000002      0    245    278
[       0.123]      0x03    0x81000005      0    247    310
[       0.128]      0x03    0x01800004      0    247    217
[       0.134]      0x03    0x01800006      0    247    184
[       0.139]      0x03    0x01800005      0    247    188
[       0.144] 728 bytes free in active pages.
[       0.148] Filesystem init took 86 ms.
[       0.152] PLT_RST_L ASSERTED
[       0.155] TPM SPI disabled (CS=true)
[       0.160] RBOX: deassert EC_RST_L
[       0.180] Valid CCD config found
[       0.183] RBOX: WP true
[       0.186] RBOX: WP true
[       0.188] AP RO verification result: OK (0xfffff000)
[       0.204] Key ladder state: Prod
[       0.225] Console is enabled
[       0.232] PLT_RST_L DEASSERTED
[       0.235] RBOX: WP true
[       0.272] TPM SPI enabled (CS=true)
[       0.365] Deferring NV write.
[       0.370] PinWeaver init
[       0.453] PCR0 updated
[       0.464] Deferring NV write.
[       1.044] Servo: debouncing -> disconnected
[       1.682] Deferring NV write.
[       4.050] Idle erase.
[       7.647] TPM SPI write (3d40008): non-zero value 87
[      10.480] Roll back counter 1
[      10.483] Kernel booted.
[      10.576] RBOX: WP true
[      61.356] Wake source: 0x00000001
[      61.359] Which pin: 0x0200000000000000
[      62.355] Idle erase.
[      69.881] Wake source: 0x00000001
[      69.884] Which pin: 0x0200000000000000
[     130.806] Wake source: 0x00000001
[     130.809] Which pin: 0x0200000000000000
[     191.728] Wake source: 0x00000001
[     191.731] Which pin: 0x0200000000000000
[     191.735] Alert[4] = 0x800
[     252.652] Wake source: 0x00000001
[     252.655] Which pin: 0x0200000000000000
[     313.583] Wake source: 0x00000001
[     313.586] Which pin: 0x0200000000000000
[     323.204] Wake source: 0x00000001
[     323.207] Which pin: 0x0200000000000000
[     374.565] Wake source: 0x00000001
[     374.568] Which pin: 0x0200000000000000
[     374.572] Alert[4] = 0x800
[     435.494] Wake source: 0x00000001
[     435.497] Which pin: 0x0200000000000000
[     435.501] Alert[4] = 0x800
[     496.421] Wake source: 0x00000001
[     496.424] Which pin: 0x0200000000000000
[     557.348] Wake source: 0x00000001
[     557.351] Which pin: 0x0200000000000000
[     618.276] Wake source: 0x00000001
[     618.279] Which pin: 0x0200000000000000
[     630.751] Wake source: 0x00000001
[     630.754] Which pin: 0x0200000000000000
[     630.758] Alert[4] = 0x800
[     679.255] Wake source: 0x00000001
[     679.258] Which pin: 0x0200000000000000
[     740.185] Wake source: 0x00000001
[     740.188] Which pin: 0x0200000000000000
[     801.116] Wake source: 0x00000001
[     801.119] Which pin: 0x0200000000000000
[     862.047] Wake source: 0x00000001
[     862.050] Which pin: 0x0200000000000000
[     922.977] Wake source: 0x00000001
[     922.980] Which pin: 0x0200000000000000
[     938.314] Wake source: 0x00000001
[     938.317] Which pin: 0x0200000000000000
[     983.958] Wake source: 0x00000001
[     983.961] Which pin: 0x0200000000000000
[    1044.890] Wake source: 0x00000001
[    1044.893] Which pin: 0x0200000000000000
[    1105.818] Wake source: 0x00000001
[    1105.821] Which pin: 0x0200000000000000
[    1166.748] Wake source: 0x00000001
[    1166.751] Which pin: 0x0200000000000000
[    1166.755] Alert[4] = 0x800
[    1227.677] Wake source: 0x00000001
[    1227.680] Which pin: 0x0200000000000000
[    1245.875] Wake source: 0x00000001
[    1245.878] Which pin: 0x0200000000000000
[    1288.658] Wake source: 0x00000001
[    1288.661] Which pin: 0x0200000000000000
[    1349.590] Wake source: 0x00000001
[    1349.593] Which pin: 0x0200000000000000
[    1410.523] Wake source: 0x00000001
[    1410.526] Which pin: 0x0200000000000000
[    1471.456] Wake source: 0x00000001
[    1471.459] Which pin: 0x0200000000000000
[    1471.463] Alert[4] = 0x800
[    1532.387] Wake source: 0x00000001
[    1532.390] Which pin: 0x0200000000000000
[    1553.439] Wake source: 0x00000001
[    1553.442] Which pin: 0x0200000000000000
[    1593.366] Wake source: 0x00000001
[    1593.369] Which pin: 0x0200000000000000
[    1654.295] Wake source: 0x00000001
[    1654.298] Which pin: 0x0200000000000000
[    1715.222] Wake source: 0x00000001
[    1715.225] Which pin: 0x0200000000000000
[    1776.153] Wake source: 0x00000001
[    1776.156] Which pin: 0x0200000000000000
[    1837.085] Wake source: 0x00000001
[    1837.088] Which pin: 0x0200000000000000
[    1837.092] Alert[4] = 0x800
[    1860.992] Wake source: 0x00000001
[    1860.995] Which pin: 0x0200000000000000
[    1898.067] Wake source: 0x00000001
[    1898.070] Which pin: 0x0200000000000000
[    1959.001] Wake source: 0x00000001
[    1959.004] Which pin: 0x0200000000000000
[    1959.008] Alert[4] = 0x800
[    2019.935] Wake source: 0x00000001
[    2019.938] Which pin: 0x0200000000000000
[    2080.867] Wake source: 0x00000001
[    2080.870] Which pin: 0x0200000000000000
[    2141.798] Wake source: 0x00000001
[    2141.801] Which pin: 0x0200000000000000
[    2141.805] Alert[4] = 0x800
[    2168.557] Wake source: 0x00000001
[    2168.560] Which pin: 0x0200000000000000
[    2168.564] Alert[4] = 0x800
[    2202.776] Wake source: 0x00000001
[    2202.779] Which pin: 0x0200000000000000
[    2263.707] Wake source: 0x00000001
[    2263.710] Which pin: 0x0200000000000000
[    2324.639] Wake source: 0x00000001
[    2324.642] Which pin: 0x0200000000000000
[    2385.570] Wake source: 0x00000001
[    2385.573] Which pin: 0x0200000000000000
[    2446.502] Wake source: 0x00000001
[    2446.505] Which pin: 0x0200000000000000
[    2476.114] Wake source: 0x00000001
[    2476.117] Which pin: 0x0200000000000000
[    2476.121] Alert[4] = 0x800
[    2507.482] Wake source: 0x00000001
[    2507.485] Which pin: 0x0200000000000000
[    2507.489] Alert[4] = 0x800
[    2568.413] Wake source: 0x00000001
[    2568.416] Which pin: 0x0200000000000000
[    2629.346] Wake source: 0x00000001
[    2629.349] Which pin: 0x0200000000000000
[    2690.279] Wake source: 0x00000001
[    2690.282] Which pin: 0x0200000000000000
[    2690.286] Alert[4] = 0x800
[    2751.209] Wake source: 0x00000001
[    2751.212] Which pin: 0x0200000000000000
[    2783.677] Wake source: 0x00000001
[    2783.680] Which pin: 0x0200000000000000
[    2783.684] Alert[4] = 0x800
[    2812.189] Wake source: 0x00000001
[    2812.192] Which pin: 0x0200000000000000
[    2812.196] Alert[4] = 0x800
[    2873.119] Wake source: 0x00000001
[    2873.122] Which pin: 0x0200000000000000
[    2873.126] Alert[4] = 0x800
[    2934.053] Wake source: 0x00000001
[    2934.056] Which pin: 0x0200000000000000
[    2994.991] Wake source: 0x00000001
[    2994.994] Which pin: 0x0200000000000000
[    3055.930] Wake source: 0x00000001
[    3055.933] Which pin: 0x0200000000000000
[    3091.256] Wake source: 0x00000001
[    3091.259] Which pin: 0x0200000000000000
[    3116.920] Wake source: 0x00000001
[    3116.923] Which pin: 0x0200000000000000
[    3177.861] Wake source: 0x00000001
[    3177.864] Which pin: 0x0200000000000000
[    3238.802] Wake source: 0x00000001
[    3238.805] Which pin: 0x0200000000000000
[    3238.809] Alert[4] = 0x800
[    3299.742] Wake source: 0x00000001
[    3299.745] Which pin: 0x0200000000000000
[    3360.683] Wake source: 0x00000001
[    3360.686] Which pin: 0x0200000000000000
[    3398.862] Wake source: 0x00000001
[    3398.865] Which pin: 0x0200000000000000
[    3398.869] Alert[4] = 0x800
[    3421.673] Wake source: 0x00000001
[    3421.676] Which pin: 0x0200000000000000
[    3482.614] Wake source: 0x00000001
[    3482.617] Which pin: 0x0200000000000000
[    3543.554] Wake source: 0x00000001
[    3543.557] Which pin: 0x0200000000000000
[    3582.186] Wake source: 0x00000001
[    3582.189] Which pin: 0x0200000000000000
[    3582.193] Alert[4] = 0x800
[    3604.543] Wake source: 0x00000001
[    3604.546] Which pin: 0x0200000000000000
[    3604.550] Alert[4] = 0x800
[    3665.487] Wake source: 0x00000001
[    3665.490] Which pin: 0x0200000000000000
[    3706.520] Wake source: 0x00000001
[    3706.523] Which pin: 0x0200000000000000
[    3706.527] Alert[4] = 0x800
[    3726.476] Wake source: 0x00000001
[    3726.479] Which pin: 0x0200000000000000
[    3787.417] Wake source: 0x00000001
[    3787.420] Which pin: 0x0200000000000000
[    3848.359] Wake source: 0x00000001
[    3848.362] Which pin: 0x0200000000000000
[    3909.299] Wake source: 0x00000001
[    3909.302] Which pin: 0x0200000000000000
[    3970.243] Wake source: 0x00000001
[    3970.246] Which pin: 0x0200000000000000
[    3970.250] Alert[4] = 0x800
[    4014.147] Wake source: 0x00000001
[    4014.150] Which pin: 0x0200000000000000
[    4031.234] Wake source: 0x00000001
[    4031.237] Which pin: 0x0200000000000000
[    4092.176] Wake source: 0x00000001
[    4092.179] Which pin: 0x0200000000000000
[    4153.118] Wake source: 0x00000001
[    4153.121] Which pin: 0x0200000000000000
[    4153.125] Alert[4] = 0x800
[    4214.060] Wake source: 0x00000001
[    4214.063] Which pin: 0x0200000000000000
[    4214.067] Alert[4] = 0x800
[    4275.002] Wake source: 0x00000001
[    4275.005] Which pin: 0x0200000000000000
[    4321.760] Wake source: 0x00000001
[    4321.763] Which pin: 0x0200000000000000
[    4335.994] Wake source: 0x00000001
[    4335.997] Which pin: 0x0200000000000000
[    4396.938] Wake source: 0x00000001
[    4396.941] Which pin: 0x0200000000000000
[    4396.945] Alert[4] = 0x800
[    4457.884] Wake source: 0x00000001
[    4457.887] Which pin: 0x0200000000000000
[    4457.891] Alert[4] = 0x800
[    4518.834] Wake source: 0x00000001
[    4518.837] Which pin: 0x0200000000000000
[    4579.782] Wake source: 0x00000001
[    4579.785] Which pin: 0x0200000000000000
[    4579.789] Alert[4] = 0x800
[    4629.395] Wake source: 0x00000001
[    4629.398] Which pin: 0x0200000000000000
[    4629.402] Alert[4] = 0x800
[    4640.774] Wake source: 0x00000001
[    4640.777] Which pin: 0x0200000000000000
[    4701.724] Wake source: 0x00000001
[    4701.727] Which pin: 0x0200000000000000
[    4701.731] Alert[4] = 0x800
[    4762.674] Wake source: 0x00000001
[    4762.677] Which pin: 0x0200000000000000
[    4762.681] Alert[4] = 0x800
[    4823.625] Wake source: 0x00000001
[    4823.628] Which pin: 0x0200000000000000
[    4884.578] Wake source: 0x00000001
[    4884.581] Which pin: 0x0200000000000000
[    4884.585] Alert[4] = 0x800
[    4937.049] Wake source: 0x00000001
[    4937.052] Which pin: 0x0200000000000000
[    4937.056] Alert[4] = 0x800
[    4945.574] Wake source: 0x00000001
[    4945.577] Which pin: 0x0200000000000000
[    5006.522] Wake source: 0x00000001
[    5006.525] Which pin: 0x0200000000000000
[    5006.529] Alert[4] = 0x800
[    5067.465] Wake source: 0x00000001
[    5067.468] Which pin: 0x0200000000000000
[    5067.472] Alert[4] = 0x800
[    5128.411] Wake source: 0x00000001
[    5128.414] Which pin: 0x0200000000000000
[    5189.356] Wake source: 0x00000001
[    5189.359] Which pin: 0x0200000000000000
[    5244.679] Wake source: 0x00000001
[    5244.682] Which pin: 0x0200000000000000
[    5244.686] Alert[4] = 0x800
[    5250.350] Wake source: 0x00000001
[    5250.353] Which pin: 0x0200000000000000
[    5311.296] Wake source: 0x00000001
[    5311.299] Which pin: 0x0200000000000000
[    5372.241] Wake source: 0x00000001
[    5372.244] Which pin: 0x0200000000000000
[    5433.186] Wake source: 0x00000001
[    5433.189] Which pin: 0x0200000000000000
[    5494.130] Wake source: 0x00000001
[    5494.133] Which pin: 0x0200000000000000
[    5494.137] Alert[4] = 0x800
[    5552.305] Wake source: 0x00000001
[    5552.308] Which pin: 0x0200000000000000
[    5616.028] Wake source: 0x00000001
[    5616.031] Which pin: 0x0200000000000000
[    5676.973] Wake source: 0x00000001
[    5676.976] Which pin: 0x0200000000000000
[    5676.980] Alert[4] = 0x800
[    5737.918] Wake source: 0x00000001
[    5737.921] Which pin: 0x0200000000000000
[    5737.925] Alert[4] = 0x800
[    5798.860] Wake source: 0x00000001
[    5798.863] Which pin: 0x0200000000000000
[    5859.793] Wake source: 0x00000001
[    5859.796] Which pin: 0x0200000000000000
[    5920.726] Wake source: 0x00000001
[    5920.729] Which pin: 0x0200000000000000
[    5920.733] Alert[4] = 0x800
[    5981.658] Wake source: 0x00000001
[    5981.661] Which pin: 0x0200000000000000
[    6042.588] Wake source: 0x00000001
[    6042.591] Which pin: 0x0200000000000000
[    6042.595] Alert[4] = 0x800
[    6103.520] Wake source: 0x00000001
[    6103.523] Which pin: 0x0200000000000000
[    6164.452] Wake source: 0x00000001
[    6164.455] Which pin: 0x0200000000000000
[    6225.396] Wake source: 0x00000001
[    6225.399] Which pin: 0x0200000000000000
[    6225.403] Alert[4] = 0x800
[    6286.327] Wake source: 0x00000001
[    6286.330] Which pin: 0x0200000000000000
[    6347.257] Wake source: 0x00000001
[    6347.260] Which pin: 0x0200000000000000
[    6408.190] Wake source: 0x00000001
[    6408.193] Which pin: 0x0200000000000000
[    6408.197] Alert[4] = 0x800
[    6469.126] Wake source: 0x00000001
[    6469.129] Which pin: 0x0200000000000000
[    6469.133] Alert[4] = 0x800
[    6474.969] Wake source: 0x00000001
[    6474.972] Which pin: 0x0200000000000000
[    6474.976] Alert[4] = 0x800
[    6530.109] Wake source: 0x00000001
[    6530.112] Which pin: 0x0200000000000000
[    6591.043] Wake source: 0x00000001
[    6591.046] Which pin: 0x0200000000000000
[    6591.050] Alert[4] = 0x800
[    6651.978] Wake source: 0x00000001
[    6651.981] Which pin: 0x0200000000000000
[    6651.985] Alert[4] = 0x800
[    6712.912] Wake source: 0x00000001
[    6712.915] Which pin: 0x0200000000000000
[    6773.847] Wake source: 0x00000001
[    6773.850] Which pin: 0x0200000000000000
[    6782.544] Wake source: 0x00000001
[    6782.547] Which pin: 0x0200000000000000
[    6834.829] Wake source: 0x00000001
[    6834.832] Which pin: 0x0200000000000000
[    6895.761] Wake source: 0x00000001
[    6895.764] Which pin: 0x0200000000000000
[    6956.692] Wake source: 0x00000001
[    6956.695] Which pin: 0x0200000000000000
[    7017.622] Wake source: 0x00000001
[    7017.625] Which pin: 0x0200000000000000
[    7017.629] Alert[4] = 0x800
[    7078.554] Wake source: 0x00000001
[    7078.557] Which pin: 0x0200000000000000
[    7090.106] Wake source: 0x00000001
[    7090.109] Which pin: 0x0200000000000000
[    7139.542] Wake source: 0x00000001
[    7139.545] Which pin: 0x0200000000000000
[    7153.464] Wake source: 0x00000001
[    7153.467] Which pin: 0x0200000000000000
[    7200.532] Wake source: 0x00000001
[    7200.535] Which pin: 0x0200000000000000
[    7261.471] Wake source: 0x00000001
[    7261.474] Which pin: 0x0200000000000000
[    7322.410] Wake source: 0x00000001
[    7322.413] Which pin: 0x0200000000000000
[    7383.351] Wake source: 0x00000001
[    7383.354] Which pin: 0x0200000000000000
[    7397.757] Wake source: 0x00000001
[    7397.760] Which pin: 0x0200000000000000
[    7397.764] Alert[4] = 0x800
[    7423.240] Wake source: 0x00000001
[    7423.243] Which pin: 0x0200000000000000
[    7423.247] Alert[4] = 0x800
[    7548.985] Wake source: 0x00000004
[    7548.988] AC: -F
[    9716.072] Wake source: 0x00000004
[    9716.075] Alert[4] = 0x800
[    9716.078] AC: R-
[    9743.588] Wake source: 0x00000004
[    9743.591] AC: -F
[    9744.627] ADC: connected: Servo-snk(dut:Rp1A5)
[    9744.631] CCD_MODE:      asserted
[    9744.635] USB: On
[    9744.637] USB: RESET
[    9754.348] ADC: disconnected
[    9754.350] CCD_MODE:      deasserted
[    9754.354] USB: Off
[    9761.704] Wake source: 0x00000004
[    9761.707] Alert[4] = 0x800
[    9761.710] AC: R-
[   10437.084] Wake source: 0x00000001
[   10437.087] Which pin: 0x0200000000000000
[   10468.082] Wake source: 0x00000001
[   10468.085] Which pin: 0x0200000000000000
[   10529.002] Wake source: 0x00000001
[   10529.005] Which pin: 0x0200000000000000
[   10589.928] Wake source: 0x00000001
[   10589.931] Which pin: 0x0200000000000000
[   10589.935] Alert[4] = 0x800
[   10650.858] Wake source: 0x00000001
[   10650.861] Which pin: 0x0200000000000000
[   10668.116] Wake source: 0x00000001
[   10668.119] Which pin: 0x0200000000000000
[   10668.123] Alert[4] = 0x800
[   10711.838] Wake source: 0x00000001
[   10711.841] Which pin: 0x0200000000000000
[   10711.845] Alert[4] = 0x800
[   10772.771] Wake source: 0x00000001
[   10772.774] Which pin: 0x0200000000000000
[   10772.778] Alert[4] = 0x800
[   10833.707] Wake source: 0x00000001
[   10833.710] Which pin: 0x0200000000000000
[   10894.646] Wake source: 0x00000001
[   10894.649] Which pin: 0x0200000000000000
[   10955.584] Wake source: 0x00000001
[   10955.587] Which pin: 0x0200000000000000
[   10975.715] Wake source: 0x00000001
[   10975.718] Which pin: 0x0200000000000000
[   11016.575] Wake source: 0x00000001
[   11016.578] Which pin: 0x0200000000000000
[   11077.515] Wake source: 0x00000001
[   11077.518] Which pin: 0x0200000000000000
[   11077.522] Alert[4] = 0x800
[   11138.453] Wake source: 0x00000001
[   11138.456] Which pin: 0x0200000000000000
[   11138.460] Alert[4] = 0x800
[   11199.392] Wake source: 0x00000001
[   11199.395] Which pin: 0x0200000000000000
[   11199.399] Alert[4] = 0x800
[   11260.334] Wake source: 0x00000001
[   11260.337] Which pin: 0x0200000000000000
[   11260.341] Alert[4] = 0x800
[   11283.320] Wake source: 0x00000001
[   11283.323] Which pin: 0x0200000000000000
[   11321.327] Wake source: 0x00000001
[   11321.330] Which pin: 0x0200000000000000
[   11321.334] Alert[4] = 0x800
[   11382.273] Wake source: 0x00000001
[   11382.276] Which pin: 0x0200000000000000
[   11443.221] Wake source: 0x00000001
[   11443.224] Which pin: 0x0200000000000000
[   11504.165] Wake source: 0x00000001
[   11504.168] Which pin: 0x0200000000000000
[   11565.111] Wake source: 0x00000001
[   11565.114] Which pin: 0x0200000000000000
[   11590.952] Wake source: 0x00000001
[   11590.955] Which pin: 0x0200000000000000
[   11626.107] Wake source: 0x00000001
[   11626.110] Which pin: 0x0200000000000000
[   11626.114] Alert[4] = 0x800
[   11687.054] Wake source: 0x00000001
[   11687.057] Which pin: 0x0200000000000000
[   11748.001] Wake source: 0x00000001
[   11748.004] Which pin: 0x0200000000000000
[   11808.947] Wake source: 0x00000001
[   11808.950] Which pin: 0x0200000000000000
[   11808.954] Alert[4] = 0x800
[   11869.895] Wake source: 0x00000001
[   11869.898] Which pin: 0x0200000000000000
[   11898.592] Wake source: 0x00000001
[   11898.595] Which pin: 0x0200000000000000
[   11930.893] Wake source: 0x00000001
[   11930.896] Which pin: 0x0200000000000000
[   11991.845] Wake source: 0x00000001
[   11991.848] Which pin: 0x0200000000000000
[   11991.852] Alert[4] = 0x800
[   12052.797] Wake source: 0x00000001
[   12052.800] Which pin: 0x0200000000000000
[   12052.804] Alert[4] = 0x800
[   12113.749] Wake source: 0x00000001
[   12113.752] Which pin: 0x0200000000000000
[   12174.700] Wake source: 0x00000001
[   12174.703] Which pin: 0x0200000000000000
[   12174.707] Alert[4] = 0x800
[   12206.255] Wake source: 0x00000001
[   12206.258] Which pin: 0x0200000000000000
[   12206.262] Alert[4] = 0x800
[   12235.700] Wake source: 0x00000001
[   12235.703] Which pin: 0x0200000000000000
[   12235.707] Alert[4] = 0x800
[   12296.654] Wake source: 0x00000001
[   12296.657] Which pin: 0x0200000000000000
[   12296.661] Alert[4] = 0x800
[   12357.607] Wake source: 0x00000001
[   12357.610] Which pin: 0x0200000000000000
[   12418.554] Wake source: 0x00000001
[   12418.557] Which pin: 0x0200000000000000
[   12418.561] Alert[4] = 0x800
[   12479.506] Wake source: 0x00000001
[   12479.509] Which pin: 0x0200000000000000
[   12479.513] Alert[4] = 0x800
[   12513.917] Wake source: 0x00000001
[   12513.920] Which pin: 0x0200000000000000
[   12513.924] Alert[4] = 0x800
[   12540.506] Wake source: 0x00000001
[   12540.509] Which pin: 0x0200000000000000
[   12601.454] Wake source: 0x00000001
[   12601.457] Which pin: 0x0200000000000000
[   12601.461] Alert[4] = 0x800
[   12662.402] Wake source: 0x00000001
[   12662.405] Which pin: 0x0200000000000000
[   12723.349] Wake source: 0x00000001
[   12723.352] Which pin: 0x0200000000000000
[   12723.356] Alert[4] = 0x800
[   12784.294] Wake source: 0x00000001
[   12784.297] Which pin: 0x0200000000000000
[   12784.301] Alert[4] = 0x800
[   12821.567] Wake source: 0x00000001
[   12821.570] Which pin: 0x0200000000000000
[   12845.289] Wake source: 0x00000001
[   12845.292] Which pin: 0x0200000000000000
[   12906.234] Wake source: 0x00000001
[   12906.237] Which pin: 0x0200000000000000
[   12967.182] Wake source: 0x00000001
[   12967.185] Which pin: 0x0200000000000000
[   13028.130] Wake source: 0x00000001
[   13028.133] Which pin: 0x0200000000000000
[   13028.137] Alert[4] = 0x800
[   13089.071] Wake source: 0x00000001
[   13089.074] Which pin: 0x0200000000000000
[   13129.181] Wake source: 0x00000001
[   13129.184] Which pin: 0x0200000000000000
[   13150.062] Wake source: 0x00000001
[   13150.065] Which pin: 0x0200000000000000
[   13150.069] Alert[4] = 0x800
[   13211.009] Wake source: 0x00000001
[   13211.012] Which pin: 0x0200000000000000
[   13271.958] Wake source: 0x00000001
[   13271.961] Which pin: 0x0200000000000000
[   13332.906] Wake source: 0x00000001
[   13332.909] Which pin: 0x0200000000000000
[   13393.854] Wake source: 0x00000001
[   13393.857] Which pin: 0x0200000000000000
[   13393.861] Alert[4] = 0x800
[   13436.825] Wake source: 0x00000001
[   13436.828] Which pin: 0x0200000000000000
[   13454.852] Wake source: 0x00000001
[   13454.855] Which pin: 0x0200000000000000
[   13454.859] Alert[4] = 0x800
[   13515.806] Wake source: 0x00000001
[   13515.809] Which pin: 0x0200000000000000
[   13515.813] Alert[4] = 0x800
[   13576.762] Wake source: 0x00000001
[   13576.765] Which pin: 0x0200000000000000
[   13637.714] Wake source: 0x00000001
[   13637.717] Which pin: 0x0200000000000000
[   13637.721] Alert[4] = 0x800
[   13687.827] Wake source: 0x00000001
[   13687.830] Which pin: 0x0200000000000000
[   13698.715] Wake source: 0x00000001
[   13698.718] Which pin: 0x0200000000000000
[   13744.544] Wake source: 0x00000001
[   13744.547] Which pin: 0x0200000000000000
[   13744.551] Alert[4] = 0x800
[   13759.717] Wake source: 0x00000001
[   13759.720] Which pin: 0x0200000000000000
[   13820.673] Wake source: 0x00000001
[   13820.676] Which pin: 0x0200000000000000
[   13881.630] Wake source: 0x00000001
[   13881.633] Which pin: 0x0200000000000000
[   13942.590] Wake source: 0x00000001
[   13942.593] Which pin: 0x0200000000000000
[   14003.546] Wake source: 0x00000001
[   14003.549] Which pin: 0x0200000000000000
[   14052.234] Wake source: 0x00000001
[   14052.237] Which pin: 0x0200000000000000
[   14064.553] Wake source: 0x00000001
[   14064.556] Which pin: 0x0200000000000000
[   14125.509] Wake source: 0x00000001
[   14125.512] Which pin: 0x0200000000000000
[   14186.464] Wake source: 0x00000001
[   14186.467] Which pin: 0x0200000000000000
[   14247.418] Wake source: 0x00000001
[   14247.421] Which pin: 0x0200000000000000
[   14308.373] Wake source: 0x00000001
[   14308.376] Which pin: 0x0200000000000000
[   14359.912] Wake source: 0x00000001
[   14359.915] Which pin: 0x0200000000000000
[   14359.919] Alert[4] = 0x800
[   14369.377] Wake source: 0x00000001
[   14369.380] Which pin: 0x0200000000000000
[   14426.969] Wake source: 0x00000004
[   14426.972] RBOX: power button pressed
[   14427.123] RBOX: power button released
[   14491.314] Wake source: 0x00000001
[   14491.317] Which pin: 0x0200000000000000
[   14491.321] Alert[4] = 0x800
[   14552.270] Wake source: 0x00000001
[   14552.273] Which pin: 0x0200000000000000
[   14552.277] Alert[4] = 0x800
[   14613.229] Wake source: 0x00000001
[   14613.232] Which pin: 0x0200000000000000
[   14667.624] Wake source: 0x00000001
[   14667.627] Which pin: 0x0200000000000000
[   14674.233] Wake source: 0x00000001
[   14674.236] Which pin: 0x0200000000000000
[   14674.240] Alert[4] = 0x800
[   14735.190] Wake source: 0x00000001
[   14735.193] Which pin: 0x0200000000000000
[   14735.197] Alert[4] = 0x800
[   14796.149] Wake source: 0x00000001
[   14796.152] Which pin: 0x0200000000000000
[   14857.100] Wake source: 0x00000001
[   14857.103] Which pin: 0x0200000000000000
[   14857.107] Alert[4] = 0x800
[   14918.050] Wake source: 0x00000001
[   14918.053] Which pin: 0x0200000000000000
[   14975.297] Wake source: 0x00000001
[   14975.300] Which pin: 0x0200000000000000
[   15039.976] Wake source: 0x00000001
[   15039.979] Which pin: 0x0200000000000000
[   15039.983] Alert[4] = 0x800
[   15100.926] Wake source: 0x00000001
[   15100.929] Which pin: 0x0200000000000000
[   15100.933] Alert[4] = 0x800
[   15161.875] Wake source: 0x00000001
[   15161.878] Which pin: 0x0200000000000000
[   15161.882] Alert[4] = 0x800
[   15222.823] Wake source: 0x00000001
[   15222.826] Which pin: 0x0200000000000000
[   15282.919] Wake source: 0x00000001
[   15282.922] Which pin: 0x0200000000000000
[   15344.721] Wake source: 0x00000001
[   15344.724] Which pin: 0x0200000000000000
[   15344.728] Alert[4] = 0x800
[   15405.669] Wake source: 0x00000001
[   15405.672] Which pin: 0x0200000000000000
[   15457.088] Wake source: 0x00000001
[   15457.091] Which pin: 0x0200000000000000
[   15530.534] Wake source: 0x00000004
[   15530.537] AC: -F
[   15531.589] ADC: connected: Servo-snk(dut:Rp1A5)
[   15531.593] CCD_MODE:      asserted
[   15531.597] USB: On
[   15532.691] ADC: disconnected
[   15532.694] CCD_MODE:      deasserted
[   15532.697] USB: Off
[   17710.361] Wake source: 0x00000001
[   17710.364] Which pin: 0x0200000000000000
[   17710.568] ADC: connected: Servo-snk(dut:Rp3A0)
[   17710.572] CCD_MODE:      asserted
[   17710.576] USB: On
[   40391.113] RBOX: power button pressed
[   40391.125] RBOX: power button released
[   40391.130] RBOX: power button pressed
[   40391.157] RBOX: power button released
[   40391.355] RBOX: power button pressed
[   40391.724] RBOX: power button released
[   53329.269] Idle erase.
[   55418.156] RBOX: power button pressed
[   55418.243] RBOX: power button released
[   57634.437] RBOX: power button pressed
[   57634.564] RBOX: power button released
     0.000] Starting D3C1 RO 0.0.62 RW 0.23.250
[       0.003] ti50_common_mp-15980.B:v0.0.704-fe895966 libtock-rs:v0.0.925-1213708 tock:v0.0.9685-1f9552cfa ms-tpm-20-ref:v0.0.343-b28a970 chrome-bot@chromeos-firmware-mpa-us-east1-d-x32-0-j903 2026-02-05 09:48:49
[       0.021] Strap config: Lddd => TPM Bus: SPI; FormFactor: ClamshellInvertedKso
[       0.029] Reset Type: Wake
[       0.032] Wake source: 0x00000004
[       0.035] USB: Off
[       0.044] RBOX: WP true
[       0.045] RBOX: assert EC_RST_L
[       0.048] cryptolib v1 at 0x100c00
[       0.051] 
[       0.056] Restoring AP RO verify status
[       0.057] AP RO: OK
[       0.060] AP RO verifications took 4 ms.
[       0.064] TPM SPI initialized
[       0.074] 22 files found across 6 pages.
[       0.075] 6436 bytes of data.
[       0.078] 0 invalid and 4 free pages.
[       0.082] 0 erases since boot.
[       0.085] Partition |   File ID   | Bank | Page | Size
[       0.091]      0x03    0x01001007      0    238    158
[       0.096]      0x03    0x0100100d      0    239    180
[       0.101]      0x03    0x01800005      0    240    188
[       0.106]      0x03    0x01800006      0    240    184
[       0.112]      0x03    0x0100100a      0    245    188
[       0.117]      0x03    0x0100100e      0    245    180
[       0.122]      0x03    0x01001008      0    245    188
[       0.128]      0x03    0x81000000      0    245    314
[       0.133]      0x03    0x81000002      0    245    278
[       0.138]      0x03    0x81000005      0    247    310
[       0.144]      0x03    0x01800004      0    247    217
[       0.149] 856 bytes free in active pages.
[       0.153] Filesystem init took 86 ms.
[       0.157] PLT_RST_L ASSERTED
[       0.160] TPM SPI disabled (CS=true)
[       0.165] RBOX: deassert EC_RST_L
[       0.185] Valid CCD config found
[       0.188] RBOX: WP true
[       0.190] RBOX: WP true
[       0.193] AP RO verification result: OK (0xfffff000)
[       0.210] Key ladder state: Prod
[       0.233] Console is enabled
[       0.239] RBOX: WP true
[       0.271] AC: -F
[       0.272] AC: wait
[       0.627] PLT_RST_L DEASSERTED
[       0.664] TPM SPI enabled (CS=true)
[       0.763] Deferring NV write.
[       0.767] PinWeaver init
[       0.792] PCR0 updated
[       0.932] AC: R-
[       0.934] RBOX: canceled battery disable
[       1.046] Servo: debouncing -> disconnected
[     101.638] Wake source: 0x00000001
[     101.641] Which pin: 0x0200000000000000
[     101.645] Alert[4] = 0x800
[    1213.032] Wake source: 0x00000001
[    1213.044] Which pin: 0x0200000000000800
[    1213.048] PLT_RST_L ASSERTED
[    1213.051] TPM SPI couldn't set mode 0 (current=1, CS=true)
[    1213.057] TPM SPI disabled (CS=true)
[    1213.117] EC_COMM: enabled
[    1213.120] EC_COMM: disabled
[    1213.537] EC_COMM: enabled
[    1213.556] EFS2: boot_mode: TrustedRO -> Verified
[    1213.560] EC_COMM: disabled
[    1213.754] AC: -F
[    1214.399] AC: R-
[    1216.439] RBOX: power button pressed
[    1216.687] PLT_RST_L DEASSERTED
[    1216.690] TPM SPI enabled (CS=true)
[    1216.822] Deferring NV write.
[    1216.826] PinWeaver init
[    1216.909] PCR0 updated
[    1216.919] Deferring NV write.
[    1218.066] Deferring NV write.
[    1220.046] Idle erase.
[    1220.794] RBOX: power button released
[    1220.962] PLT_RST_L ASSERTED
[    1220.975] TPM SPI couldn't set mode 0 (current=1, CS=true)
[    1220.981] TPM SPI disabled (CS=true)
[    1221.049] Idle erase.
[    1224.939] RBOX: power button pressed
[    1225.186] PLT_RST_L DEASSERTED
[    1225.188] TPM SPI enabled (CS=true)
[    1225.322] Deferring NV write.
[    1225.326] PinWeaver init
[    1225.409] PCR0 updated
[    1225.419] Deferring NV write.
[    1226.206] RBOX: power button released
[    1608.043] Wake source: 0x00000001
[    1608.046] Which pin: 0x0200000000000000
[    1608.462] TPM SPI write (3d40008): non-zero value 87
[    1611.334] Roll back counter 1
[    1611.336] Kernel booted.
[    1611.444] RBOX: WP true
[    1622.504] Wake source: 0x00000001
[    1622.507] Which pin: 0x0200000000000000
[    1670.357] Wake source: 0x00000001
[    1670.360] Which pin: 0x0200000000000000
[    1731.344] Wake source: 0x00000001
[    1731.347] Which pin: 0x0200000000000000
[    1755.372] Wake source: 0x00000001
[    1755.375] Which pin: 0x0200000000000000
[    1755.379] Alert[4] = 0x800
[    1756.912] Idle erase.
[    1792.371] Wake source: 0x00000001
[    1792.374] Which pin: 0x0200000000000000
[    1846.834] Wake source: 0x00000001
[    1846.837] Which pin: 0x0200000000000000
[    3705.913] Wake source: 0x00000001
[    3705.916] Which pin: 0x0200000000000000
[    3709.918] Idle erase.
[    3711.118] Wake source: 0x00000000
[    3770.455] Wake source: 0x00000001
[    3770.458] Which pin: 0x0200000000000000
[    3779.314] Wake source: 0x00000001
[    3779.317] Which pin: 0x0200000000000000
[    3831.456] Wake source: 0x00000001
[    3831.459] Which pin: 0x0200000000000000
[    3892.408] Wake source: 0x00000001
[    3892.411] Which pin: 0x0200000000000000
[    3953.361] Wake source: 0x00000001
[    3953.364] Which pin: 0x0200000000000000
[    4014.317] Wake source: 0x00000001
[    4014.320] Which pin: 0x0200000000000000
[    4014.324] Alert[4] = 0x800
[    4075.277] Wake source: 0x00000001
[    4075.280] Which pin: 0x0200000000000000
[    4087.016] Wake source: 0x00000001
[    4087.019] Which pin: 0x0200000000000000
[    4136.291] Wake source: 0x00000001
[    4136.294] Which pin: 0x0200000000000000
[    4136.298] Alert[4] = 0x800
[    4197.258] Wake source: 0x00000001
[    4197.261] Which pin: 0x0200000000000000
[    4197.265] Alert[4] = 0x800
[    4258.226] Wake source: 0x00000001
[    4258.229] Which pin: 0x0200000000000000
[    4258.233] Alert[4] = 0x800
[    4319.196] Wake source: 0x00000001
[    4319.199] Which pin: 0x0200000000000000
[    4380.168] Wake source: 0x00000001
[    4380.171] Which pin: 0x0200000000000000
[    4394.795] Wake source: 0x00000001
[    4394.798] Which pin: 0x0200000000000000
[    4394.802] Alert[4] = 0x800
[    4441.184] Wake source: 0x00000001
[    4441.187] Which pin: 0x0200000000000000
[    4502.154] Wake source: 0x00000001
[    4502.157] Which pin: 0x0200000000000000
[    4502.161] Alert[4] = 0x800
[    4563.121] Wake source: 0x00000001
[    4563.124] Which pin: 0x0200000000000000
[    4563.128] Alert[4] = 0x800
[    4624.091] Wake source: 0x00000001
[    4624.094] Which pin: 0x0200000000000000
[    4624.098] Alert[4] = 0x800
[    4685.071] Wake source: 0x00000001
[    4685.074] Which pin: 0x0200000000000000
[    4685.078] Alert[4] = 0x800
[    4702.573] Wake source: 0x00000001
[    4702.576] Which pin: 0x0200000000000000
[    4702.580] Alert[4] = 0x800
[    4746.093] Wake source: 0x00000001
[    4746.096] Which pin: 0x0200000000000000
[    4746.100] Alert[4] = 0x800
[    4807.064] Wake source: 0x00000001
[    4807.067] Which pin: 0x0200000000000000
[    4868.036] Wake source: 0x00000001
[    4868.039] Which pin: 0x0200000000000000
[    4868.043] Alert[4] = 0x800
[    4929.008] Wake source: 0x00000001
[    4929.011] Which pin: 0x0200000000000000
[    4989.982] Wake source: 0x00000001
[    4989.985] Which pin: 0x0200000000000000
[    5010.349] Wake source: 0x00000001
[    5010.352] Which pin: 0x0200000000000000
[    5051.006] Wake source: 0x00000001
[    5051.009] Which pin: 0x0200000000000000
[    5111.979] Wake source: 0x00000001
[    5111.982] Which pin: 0x0200000000000000
[    5111.986] Alert[4] = 0x800
[    5172.953] Wake source: 0x00000001
[    5172.956] Which pin: 0x0200000000000000
[    5233.928] Wake source: 0x00000001
[    5233.931] Which pin: 0x0200000000000000
[    5233.935] Alert[4] = 0x800
[    5294.903] Wake source: 0x00000001
[    5294.906] Which pin: 0x0200000000000000
[    5318.128] Wake source: 0x00000001
[    5318.131] Which pin: 0x0200000000000000
[    5355.927] Wake source: 0x00000001
[    5355.930] Which pin: 0x0200000000000000
[    5416.904] Wake source: 0x00000001
[    5416.907] Which pin: 0x0200000000000000
[    5416.911] Alert[4] = 0x800
[    5477.882] Wake source: 0x00000001
[    5477.885] Which pin: 0x0200000000000000
[    5477.889] Alert[4] = 0x800
[    5538.861] Wake source: 0x00000001
[    5538.864] Which pin: 0x0200000000000000
[    5538.868] Alert[4] = 0x800
[    5599.839] Wake source: 0x00000001
[    5599.842] Which pin: 0x0200000000000000
[    5599.846] Alert[4] = 0x800
[    5625.925] Wake source: 0x00000001
[    5625.928] Which pin: 0x0200000000000000
[    5660.865] Wake source: 0x00000001
[    5660.868] Which pin: 0x0200000000000000
[    5721.843] Wake source: 0x00000001
[    5721.846] Which pin: 0x0200000000000000
[    5721.850] Alert[4] = 0x800
[    5782.816] Wake source: 0x00000001
[    5782.819] Which pin: 0x0200000000000000
[    5843.795] Wake source: 0x00000001
[    5843.798] Which pin: 0x0200000000000000
[    5904.771] Wake source: 0x00000001
[    5904.774] Which pin: 0x0200000000000000
[    5904.778] Alert[4] = 0x800
[    5933.711] Wake source: 0x00000001
[    5933.714] Which pin: 0x0200000000000000
[    5965.796] Wake source: 0x00000001
[    5965.799] Which pin: 0x0200000000000000
[    6026.772] Wake source: 0x00000001
[    6026.775] Which pin: 0x0200000000000000
[    6087.748] Wake source: 0x00000001
[    6087.751] Which pin: 0x0200000000000000
[    6087.755] Alert[4] = 0x800
[    6148.723] Wake source: 0x00000001
[    6148.726] Which pin: 0x0200000000000000
[    6209.701] Wake source: 0x00000001
[    6209.704] Which pin: 0x0200000000000000
[    6241.497] Wake source: 0x00000001
[    6241.500] Which pin: 0x0200000000000000
[    6270.726] Wake source: 0x00000001
[    6270.729] Which pin: 0x0200000000000000
[    6270.733] Alert[4] = 0x800
[    6331.701] Wake source: 0x00000001
[    6331.704] Which pin: 0x0200000000000000
[    6331.708] Alert[4] = 0x800
[    6392.678] Wake source: 0x00000001
[    6392.681] Which pin: 0x0200000000000000
[    6453.652] Wake source: 0x00000001
[    6453.655] Which pin: 0x0200000000000000
[    6514.625] Wake source: 0x00000001
[    6514.628] Which pin: 0x0200000000000000
[    6549.274] Wake source: 0x00000001
[    6549.277] Which pin: 0x0200000000000000
[    6575.646] Wake source: 0x00000001
[    6575.649] Which pin: 0x0200000000000000
[    6636.622] Wake source: 0x00000001
[    6636.625] Which pin: 0x0200000000000000
[    6697.598] Wake source: 0x00000001
[    6697.601] Which pin: 0x0200000000000000
[    6758.574] Wake source: 0x00000001
[    6758.577] Which pin: 0x0200000000000000
[    6758.581] Alert[4] = 0x800
[    6819.549] Wake source: 0x00000001
[    6819.552] Which pin: 0x0200000000000000
[    6819.556] Alert[4] = 0x800
[    6857.058] Wake source: 0x00000001
[    6857.061] Which pin: 0x0200000000000000
[    6857.065] Alert[4] = 0x800
[    6880.574] Wake source: 0x00000001
[    6880.577] Which pin: 0x0200000000000000
[    6941.550] Wake source: 0x00000001
[    6941.553] Which pin: 0x0200000000000000
[    7002.524] Wake source: 0x00000001
[    7002.527] Which pin: 0x0200000000000000
[    7041.234] Wake source: 0x00000001
[    7041.237] Which pin: 0x0200000000000000
[    7063.547] Wake source: 0x00000001
[    7063.550] Which pin: 0x0200000000000000
[    7124.523] Wake source: 0x00000001
[    7124.526] Which pin: 0x0200000000000000
[    7164.881] Wake source: 0x00000001
[    7164.884] Which pin: 0x0200000000000000
[    7164.888] Alert[4] = 0x800
[    7185.543] Wake source: 0x00000001
[    7185.546] Which pin: 0x0200000000000000
[    7185.550] Alert[4] = 0x800
[    7246.515] Wake source: 0x00000001
[    7246.518] Which pin: 0x0200000000000000
[    7307.489] Wake source: 0x00000001
[    7307.492] Which pin: 0x0200000000000000
[    7368.463] Wake source: 0x00000001
[    7368.466] Which pin: 0x0200000000000000
[    7429.432] Wake source: 0x00000001
[    7429.435] Which pin: 0x0200000000000000
[    7429.439] Alert[4] = 0x800
[    7472.662] Wake source: 0x00000001
[    7472.665] Which pin: 0x0200000000000000
[    7490.450] Wake source: 0x00000001
[    7490.453] Which pin: 0x0200000000000000
[    7490.457] Alert[4] = 0x800
[    7551.422] Wake source: 0x00000001
[    7551.425] Which pin: 0x0200000000000000
[    7612.394] Wake source: 0x00000001
[    7612.397] Which pin: 0x0200000000000000
[    7673.366] Wake source: 0x00000001
[    7673.369] Which pin: 0x0200000000000000
[    7734.340] Wake source: 0x00000001
[    7734.343] Which pin: 0x0200000000000000
[    7780.428] Wake source: 0x00000001
[    7780.431] Which pin: 0x0200000000000000
[    7780.435] Alert[4] = 0x800
[    7795.361] Wake source: 0x00000001
[    7795.364] Which pin: 0x0200000000000000
[    7856.333] Wake source: 0x00000001
[    7856.336] Which pin: 0x0200000000000000
[    7856.340] Alert[4] = 0x800
[    7917.307] Wake source: 0x00000001
[    7917.310] Which pin: 0x0200000000000000
[    7978.280] Wake source: 0x00000001
[    7978.283] Which pin: 0x0200000000000000
[    7978.287] Alert[4] = 0x800
[    8039.252] Wake source: 0x00000001
[    8039.255] Which pin: 0x0200000000000000
[    8039.259] Alert[4] = 0x800
[    8088.191] Wake source: 0x00000001
[    8088.194] Which pin: 0x0200000000000000
[    8088.198] Alert[4] = 0x800
[    8100.270] Wake source: 0x00000001
[    8100.273] Which pin: 0x0200000000000000
[    8161.243] Wake source: 0x00000001
[    8161.246] Which pin: 0x0200000000000000
[    8222.218] Wake source: 0x00000001
[    8222.221] Which pin: 0x0200000000000000
[    8283.191] Wake source: 0x00000001
[    8283.194] Which pin: 0x0200000000000000
[    8344.162] Wake source: 0x00000001
[    8344.165] Which pin: 0x0200000000000000
[    8344.169] Alert[4] = 0x800
[    8395.961] Wake source: 0x00000001
[    8395.964] Which pin: 0x0200000000000000
[    8405.183] Wake source: 0x00000001
[    8405.186] Which pin: 0x0200000000000000
[    8466.158] Wake source: 0x00000001
[    8466.161] Which pin: 0x0200000000000000
[    8527.133] Wake source: 0x00000001
[    8527.136] Which pin: 0x0200000000000000
[    8527.140] Alert[4] = 0x800
[    8588.109] Wake source: 0x00000001
[    8588.112] Which pin: 0x0200000000000000
[    8649.080] Wake source: 0x00000001
[    8649.083] Which pin: 0x0200000000000000
[    8703.735] Wake source: 0x00000001
[    8703.738] Which pin: 0x0200000000000000
[    8710.099] Wake source: 0x00000001
[    8710.102] Which pin: 0x0200000000000000
[    8710.106] Alert[4] = 0x800
[    8771.070] Wake source: 0x00000001
[    8771.073] Which pin: 0x0200000000000000
[    8832.040] Wake source: 0x00000001
[    8832.043] Which pin: 0x0200000000000000
[    8893.010] Wake source: 0x00000001
[    8893.013] Which pin: 0x0200000000000000
[    8953.983] Wake source: 0x00000001
[    8953.986] Which pin: 0x0200000000000000
[    9011.480] Wake source: 0x00000001
[    9011.483] Which pin: 0x0200000000000000
[    9075.948] Wake source: 0x00000001
[    9075.951] Which pin: 0x0200000000000000
[    9136.919] Wake source: 0x00000001
[    9136.922] Which pin: 0x0200000000000000
[    9197.891] Wake source: 0x00000001
[    9197.894] Which pin: 0x0200000000000000
[    9197.898] Alert[4] = 0x800
[    9258.861] Wake source: 0x00000001
[    9258.864] Which pin: 0x0200000000000000
[    9319.209] Wake source: 0x00000001
[    9319.212] Which pin: 0x0200000000000000
[    9380.800] Wake source: 0x00000001
[    9380.803] Which pin: 0x0200000000000000
[    9441.769] Wake source: 0x00000001
[    9441.772] Which pin: 0x0200000000000000
[    9502.735] Wake source: 0x00000001
[    9502.738] Which pin: 0x0200000000000000
[    9563.701] Wake source: 0x00000001
[    9563.704] Which pin: 0x0200000000000000
[    9624.669] Wake source: 0x00000001
[    9624.672] Which pin: 0x0200000000000000
[    9685.646] Wake source: 0x00000001
[    9685.649] Which pin: 0x0200000000000000
[    9746.613] Wake source: 0x00000001
[    9746.616] Which pin: 0x0200000000000000
[    9807.579] Wake source: 0x00000001
[    9807.582] Which pin: 0x0200000000000000
[    9807.586] Alert[4] = 0x800
[    9868.546] Wake source: 0x00000001
[    9868.549] Which pin: 0x0200000000000000
[    9929.515] Wake source: 0x00000001
[    9929.518] Which pin: 0x0200000000000000
[    9934.651] Wake source: 0x00000001
[    9934.654] Which pin: 0x0200000000000000
[    9970.805] Wake source: 0x00000001
[    9970.808] Which pin: 0x0200000000000000
[    9990.581] Wake source: 0x00000001
[    9990.584] Which pin: 0x0200000000000000
[   10440.258] Wake source: 0x00000004
[   10440.261] AC: -F
[   10441.376] ADC: connected: Servo-snk(dut:Rp1A5)
[   10441.380] CCD_MODE:      asserted
[   10441.384] USB: On
[   10442.515] ADC: disconnected
[   10442.518] CCD_MODE:      deasserted
[   10442.521] USB: Off
[   10442.880] ADC: connected: Servo-snk(dut:Rp3A0)
[   10442.884] CCD_MODE:      asserted
[   10442.887] USB: On
[   11690.647] AC: R-
[   11691.416] ADC: disconnected
[   11691.418] CCD_MODE:      deasserted
[   11691.422] USB: Off
[   13243.679] Wake source: 0x00000001
[   13243.682] Which pin: 0x0200000000000000
[   13275.452] Wake source: 0x00000001
[   13275.455] Which pin: 0x0200000000000000
[   13336.386] Wake source: 0x00000001
[   13336.389] Which pin: 0x0200000000000000
[   13397.321] Wake source: 0x00000001
[   13397.324] Which pin: 0x0200000000000000
[   13397.328] Alert[4] = 0x800
[   13458.257] Wake source: 0x00000001
[   13458.260] Which pin: 0x0200000000000000
[   13466.247] Wake source: 0x00000001
[   13466.250] Which pin: 0x0200000000000000
[   13466.254] Alert[4] = 0x800
[   13519.245] Wake source: 0x00000001
[   13519.248] Which pin: 0x0200000000000000
[   13580.181] Wake source: 0x00000001
[   13580.184] Which pin: 0x0200000000000000
[   13580.188] Alert[4] = 0x800
[   13641.114] Wake source: 0x00000001
[   13641.117] Which pin: 0x0200000000000000
[   13641.121] Alert[4] = 0x800
[   13702.046] Wake source: 0x00000001
[   13702.049] Which pin: 0x0200000000000000
[   13762.979] Wake source: 0x00000001
[   13762.982] Which pin: 0x0200000000000000
[   13773.840] Wake source: 0x00000001
[   13773.843] Which pin: 0x0200000000000000
[   13823.962] Wake source: 0x00000001
[   13823.965] Which pin: 0x0200000000000000
[   13837.944] Wake source: 0x00000001
[   13837.947] Which pin: 0x0200000000000000
[   13837.951] Alert[4] = 0x800
[   13884.947] Wake source: 0x00000001
[   13884.950] Which pin: 0x0200000000000000
[   13884.954] Alert[3] = 0x8000
[   13945.884] Wake source: 0x00000001
[   13945.887] Which pin: 0x0200000000000000
[   14006.821] Wake source: 0x00000001
[   14006.824] Which pin: 0x0200000000000000
[   14067.760] Wake source: 0x00000001
[   14067.763] Which pin: 0x0200000000000000
[   14081.472] Wake source: 0x00000001
[   14081.475] Which pin: 0x0200000000000000
[   14128.748] Wake source: 0x00000001
[   14128.751] Which pin: 0x0200000000000000
[   14189.683] Wake source: 0x00000001
[   14189.686] Which pin: 0x0200000000000000
[   14250.620] Wake source: 0x00000001
[   14250.623] Which pin: 0x0200000000000000
[   14311.556] Wake source: 0x00000001
[   14311.559] Which pin: 0x0200000000000000
[   14311.563] Alert[4] = 0x800
[   14372.494] Wake source: 0x00000001
[   14372.497] Which pin: 0x0200000000000000
[   14389.063] Wake source: 0x00000001
[   14389.066] Which pin: 0x0200000000000000
[   14433.484] Wake source: 0x00000001
[   14433.487] Which pin: 0x0200000000000000
[   14494.423] Wake source: 0x00000001
[   14494.426] Which pin: 0x0200000000000000
[   14494.430] Alert[4] = 0x800
[   14555.358] Wake source: 0x00000001
[   14555.361] Which pin: 0x0200000000000000
[   14616.294] Wake source: 0x00000001
[   14616.297] Which pin: 0x0200000000000000
[   14616.301] Alert[4] = 0x800
[   14677.233] Wake source: 0x00000001
[   14677.236] Which pin: 0x0200000000000000
[   14696.656] Wake source: 0x00000001
[   14696.659] Which pin: 0x0200000000000000
[   14696.663] Alert[4] = 0x800
[   14738.225] Wake source: 0x00000001
[   14738.228] Which pin: 0x0200000000000000
[   14738.232] Alert[4] = 0x800
[   14799.168] Wake source: 0x00000001
[   14799.171] Which pin: 0x0200000000000000
[   14860.110] Wake source: 0x00000001
[   14860.113] Which pin: 0x0200000000000000
[   14921.052] Wake source: 0x00000001
[   14921.055] Which pin: 0x0200000000000000
[   14981.997] Wake source: 0x00000001
[   14982.000] Which pin: 0x0200000000000000
[   15004.275] Wake source: 0x00000001
[   15004.278] Which pin: 0x0200000000000000
[   15042.994] Wake source: 0x00000001
[   15042.997] Which pin: 0x0200000000000000
[   15103.942] Wake source: 0x00000001
[   15103.945] Which pin: 0x0200000000000000
[   15103.949] Alert[4] = 0x800
[   15164.880] Wake source: 0x00000001
[   15164.883] Which pin: 0x0200000000000000
[   15225.818] Wake source: 0x00000001
[   15225.821] Which pin: 0x0200000000000000
[   15286.758] Wake source: 0x00000001
[   15286.761] Which pin: 0x0200000000000000
[   15311.889] Wake source: 0x00000001
[   15311.892] Which pin: 0x0200000000000000
[   15311.896] Alert[4] = 0x800
[   15347.748] Wake source: 0x00000001
[   15347.751] Which pin: 0x0200000000000000
[   15408.686] Wake source: 0x00000001
[   15408.689] Which pin: 0x0200000000000000
[   15469.625] Wake source: 0x00000001
[   15469.628] Which pin: 0x0200000000000000
[   15530.566] Wake source: 0x00000001
[   15530.569] Which pin: 0x0200000000000000
[   15591.505] Wake source: 0x00000001
[   15591.508] Which pin: 0x0200000000000000
[   15619.488] Wake source: 0x00000001
[   15619.491] Which pin: 0x0200000000000000
[   15652.497] Wake source: 0x00000001
[   15652.500] Which pin: 0x0200000000000000
[   15713.438] Wake source: 0x00000001
[   15713.441] Which pin: 0x0200000000000000
[   15774.379] Wake source: 0x00000001
[   15774.382] Which pin: 0x0200000000000000
[   15835.321] Wake source: 0x00000001
[   15835.324] Which pin: 0x0200000000000000
[   15835.328] Alert[4] = 0x800
[   15896.264] Wake source: 0x00000001
[   15896.267] Which pin: 0x0200000000000000
[   15927.104] Wake source: 0x00000001
[   15927.107] Which pin: 0x0200000000000000
[   15957.258] Wake source: 0x00000001
[   15957.261] Which pin: 0x0200000000000000
[   16018.201] Wake source: 0x00000001
[   16018.204] Which pin: 0x0200000000000000
[   16018.208] Alert[4] = 0x800
[   16079.147] Wake source: 0x00000001
[   16079.150] Which pin: 0x0200000000000000
[   16140.091] Wake source: 0x00000001
[   16140.094] Which pin: 0x0200000000000000
[   16140.098] Alert[4] = 0x800
[   16201.040] Wake source: 0x00000001
[   16201.043] Which pin: 0x0200000000000000
[   16234.738] Wake source: 0x00000001
[   16234.741] Which pin: 0x0200000000000000
[   16262.038] Wake source: 0x00000001
[   16262.041] Which pin: 0x0200000000000000
[   16322.986] Wake source: 0x00000001
[   16322.989] Which pin: 0x0200000000000000
[   16383.932] Wake source: 0x00000001
[   16383.935] Which pin: 0x0200000000000000
[   16444.877] Wake source: 0x00000001
[   16444.880] Which pin: 0x0200000000000000
[   16505.824] Wake source: 0x00000001
[   16505.827] Which pin: 0x0200000000000000
[   16542.376] Wake source: 0x00000001
[   16542.379] Which pin: 0x0200000000000000
[   16542.383] Alert[4] = 0x800
[   16566.824] Wake source: 0x00000001
[   16566.827] Which pin: 0x0200000000000000
[   16627.768] Wake source: 0x00000001
[   16627.771] Which pin: 0x0200000000000000
[   16688.712] Wake source: 0x00000001
[   16688.715] Which pin: 0x0200000000000000
[   16749.656] Wake source: 0x00000001
[   16749.659] Which pin: 0x0200000000000000
[   16810.598] Wake source: 0x00000001
[   16810.601] Which pin: 0x0200000000000000
[   16850.001] Wake source: 0x00000001
[   16850.004] Which pin: 0x0200000000000000
[   16871.591] Wake source: 0x00000001
[   16871.594] Which pin: 0x0200000000000000
[   16932.536] Wake source: 0x00000001
[   16932.539] Which pin: 0x0200000000000000
[   16932.543] Alert[4] = 0x800
[   16993.481] Wake source: 0x00000001
[   16993.484] Which pin: 0x0200000000000000
[   17054.425] Wake source: 0x00000001
[   17054.428] Which pin: 0x0200000000000000
[   17115.372] Wake source: 0x00000001
[   17115.375] Which pin: 0x0200000000000000
[   17157.628] Wake source: 0x00000001
[   17157.631] Which pin: 0x0200000000000000
[   17157.635] Alert[4] = 0x800
[   17176.364] Wake source: 0x00000001
[   17176.367] Which pin: 0x0200000000000000
[   17176.371] Alert[4] = 0x800
[   17237.304] Wake source: 0x00000001
[   17237.307] Which pin: 0x0200000000000000
[   17237.311] Alert[4] = 0x800
[   17298.247] Wake source: 0x00000001
[   17298.250] Which pin: 0x0200000000000000
[   17359.187] Wake source: 0x00000001
[   17359.190] Which pin: 0x0200000000000000
[   17409.355] Wake source: 0x00000001
[   17409.358] Which pin: 0x0200000000000000
[   17420.180] Wake source: 0x00000001
[   17420.183] Which pin: 0x0200000000000000
[   17465.302] Wake source: 0x00000001
[   17465.305] Which pin: 0x0200000000000000
[   17481.171] Wake source: 0x00000001
[   17481.174] Which pin: 0x0200000000000000
[   17481.178] Alert[4] = 0x800
[   17542.112] Wake source: 0x00000001
[   17542.115] Which pin: 0x0200000000000000
[   17542.119] Alert[4] = 0x800
[   17603.053] Wake source: 0x00000001
[   17603.056] Which pin: 0x0200000000000000
[   17603.060] Alert[4] = 0x800
[   17663.998] Wake source: 0x00000001
[   17664.001] Which pin: 0x0200000000000000
[   17724.941] Wake source: 0x00000001
[   17724.944] Which pin: 0x0200000000000000
[   17772.923] Wake source: 0x00000001
[   17772.926] Which pin: 0x0200000000000000
[   17772.930] Alert[4] = 0x800
[   17785.934] Wake source: 0x00000001
[   17785.937] Which pin: 0x0200000000000000
[   17785.941] Alert[4] = 0x800
[   17846.879] Wake source: 0x00000001
[   17846.882] Which pin: 0x0200000000000000
[   17846.886] Alert[4] = 0x800
[   17907.824] Wake source: 0x00000001
[   17907.827] Which pin: 0x0200000000000000
[   17907.831] Alert[4] = 0x800
[   17968.770] Wake source: 0x00000001
[   17968.773] Which pin: 0x0200000000000000
[   18029.716] Wake source: 0x00000001
[   18029.719] Which pin: 0x0200000000000000
[   18080.552] Wake source: 0x00000001
[   18080.555] Which pin: 0x0200000000000000
[   18090.709] Wake source: 0x00000001
[   18090.712] Which pin: 0x0200000000000000
[   18090.716] Alert[4] = 0x800
[   18151.660] Wake source: 0x00000001
[   18151.663] Which pin: 0x0200000000000000
[   18151.667] Alert[4] = 0x800
[   18212.607] Wake source: 0x00000001
[   18212.610] Which pin: 0x0200000000000000
[   18273.555] Wake source: 0x00000001
[   18273.558] Which pin: 0x0200000000000000
[   18273.562] Alert[4] = 0x800
[   18334.502] Wake source: 0x00000001
[   18334.505] Which pin: 0x0200000000000000
[   18388.198] Wake source: 0x00000001
[   18388.201] Which pin: 0x0200000000000000
[   18395.500] Wake source: 0x00000001
[   18395.503] Which pin: 0x0200000000000000
[   18395.507] Alert[4] = 0x800
[   18456.451] Wake source: 0x00000001
[   18456.454] Which pin: 0x0200000000000000
[   18517.401] Wake source: 0x00000001
[   18517.404] Which pin: 0x0200000000000000
[   18578.351] Wake source: 0x00000001
[   18578.354] Which pin: 0x0200000000000000
[   18578.358] Alert[4] = 0x800
[   18639.302] Wake source: 0x00000001
[   18639.305] Which pin: 0x0200000000000000
[   18639.309] Alert[4] = 0x800
[   18695.859] Wake source: 0x00000001
[   18695.862] Which pin: 0x0200000000000000
[   18761.241] Wake source: 0x00000001
[   18761.244] Which pin: 0x0200000000000000
[   18822.193] Wake source: 0x00000001
[   18822.196] Which pin: 0x0200000000000000
[   18822.200] Alert[4] = 0x800
[   18883.142] Wake source: 0x00000001
[   18883.145] Which pin: 0x0200000000000000
[   18944.089] Wake source: 0x00000001
[   18944.092] Which pin: 0x0200000000000000
[   18944.096] Alert[4] = 0x800
[   19003.479] Wake source: 0x00000001
[   19003.482] Which pin: 0x0200000000000000
[   19003.486] Alert[4] = 0x800
[   19065.987] Wake source: 0x00000001
[   19065.990] Which pin: 0x0200000000000000
[   19126.936] Wake source: 0x00000001
[   19126.939] Which pin: 0x0200000000000000
[   19126.943] Alert[4] = 0x800
[   19187.884] Wake source: 0x00000001
[   19187.887] Which pin: 0x0200000000000000
[   19248.832] Wake source: 0x00000001
[   19248.835] Which pin: 0x0200000000000000
[   19309.783] Wake source: 0x00000001
[   19309.786] Which pin: 0x0200000000000000
[   19309.790] Alert[4] = 0x800
[   19370.740] Wake source: 0x00000001
[   19370.743] Which pin: 0x0200000000000000
[   19431.692] Wake source: 0x00000001
[   19431.695] Which pin: 0x0200000000000000
[   19431.699] Alert[4] = 0x800
[   19492.642] Wake source: 0x00000001
[   19492.645] Which pin: 0x0200000000000000
[   19553.593] Wake source: 0x00000001
[   19553.596] Which pin: 0x0200000000000000
[   19614.541] Wake source: 0x00000001
[   19614.544] Which pin: 0x0200000000000000
[   19675.524] Wake source: 0x00000001
[   19675.527] Which pin: 0x0200000000000000
[   19736.476] Wake source: 0x00000001
[   19736.479] Which pin: 0x0200000000000000
[   19797.431] Wake source: 0x00000001
[   19797.434] Which pin: 0x0200000000000000
[   19858.385] Wake source: 0x00000001
[   19858.388] Which pin: 0x0200000000000000
[   19919.340] Wake source: 0x00000001
[   19919.343] Which pin: 0x0200000000000000
[   19926.386] Wake source: 0x00000001
[   19926.389] Which pin: 0x0200000000000000
[   19980.344] Wake source: 0x00000001
[   19980.347] Which pin: 0x0200000000000000
[   19980.351] Alert[4] = 0x800
[   20041.296] Wake source: 0x00000001
[   20041.299] Which pin: 0x0200000000000000
[   20041.303] Alert[4] = 0x800
[   20102.248] Wake source: 0x00000001
[   20102.251] Which pin: 0x0200000000000000
[   20163.200] Wake source: 0x00000001
[   20163.203] Which pin: 0x0200000000000000
[   20224.152] Wake source: 0x00000001
[   20224.155] Which pin: 0x0200000000000000
[   20234.054] Wake source: 0x00000001
[   20234.057] Which pin: 0x0200000000000000
[   20285.153] Wake source: 0x00000001
[   20285.156] Which pin: 0x0200000000000000
[   20285.160] Alert[4] = 0x800
[   20346.103] Wake source: 0x00000001
[   20346.106] Which pin: 0x0200000000000000
[   20407.056] Wake source: 0x00000001
[   20407.059] Which pin: 0x0200000000000000
[   20407.063] Alert[4] = 0x800
[   20468.008] Wake source: 0x00000001
[   20468.011] Which pin: 0x0200000000000000
[   20528.959] Wake source: 0x00000001
[   20528.962] Which pin: 0x0200000000000000
[   20541.698] Wake source: 0x00000001
[   20541.701] Which pin: 0x0200000000000000
[   20541.705] Alert[4] = 0x800
[   20589.958] Wake source: 0x00000001
[   20589.961] Which pin: 0x0200000000000000
[   20589.965] Alert[4] = 0x800
[   20650.905] Wake source: 0x00000001
[   20650.908] Which pin: 0x0200000000000000
[   20650.912] Alert[4] = 0x800
[   20711.856] Wake source: 0x00000001
[   20711.859] Which pin: 0x0200000000000000
[   20772.807] Wake source: 0x00000001
[   20772.810] Which pin: 0x0200000000000000
[   20833.757] Wake source: 0x00000001
[   20833.760] Which pin: 0x0200000000000000
[   20849.332] Wake source: 0x00000001
[   20849.335] Which pin: 0x0200000000000000
[   20894.759] Wake source: 0x00000001
[   20894.762] Which pin: 0x0200000000000000
[   20894.766] Alert[4] = 0x800
[   20955.713] Wake source: 0x00000001
[   20955.716] Which pin: 0x0200000000000000
[   20981.172] Wake source: 0x00000001
[   20981.175] Which pin: 0x0200000000000000
[   21016.718] Wake source: 0x00000001
[   21016.721] Which pin: 0x0200000000000000
[   21016.725] Alert[4] = 0x800
[   21077.670] Wake source: 0x00000001
[   21077.673] Which pin: 0x0200000000000000
[   21077.677] Alert[4] = 0x800
[   21138.620] Wake source: 0x00000001
[   21138.623] Which pin: 0x0200000000000000
[   21157.038] Wake source: 0x00000001
[   21157.041] Which pin: 0x0200000000000000
[   21157.045] Alert[4] = 0x800
[   21199.621] Wake source: 0x00000001
[   21199.624] Which pin: 0x0200000000000000
[   21260.572] Wake source: 0x00000001
[   21260.575] Which pin: 0x0200000000000000
[   21321.521] Wake source: 0x00000001
[   21321.524] Which pin: 0x0200000000000000
[   21382.473] Wake source: 0x00000001
[   21382.476] Which pin: 0x0200000000000000
[   21443.427] Wake source: 0x00000001
[   21443.430] Which pin: 0x0200000000000000
[   21464.716] Wake source: 0x00000001
[   21464.719] Which pin: 0x0200000000000000
[   21504.428] Wake source: 0x00000001
[   21504.431] Which pin: 0x0200000000000000
[   21565.377] Wake source: 0x00000001
[   21565.380] Which pin: 0x0200000000000000
[   21565.384] Alert[4] = 0x800
[   21623.243] Wake source: 0x00000001
[   21623.246] Which pin: 0x0200000000000000
[   22092.233] Wake source: 0x00000004
[   22092.236] AC: -F
[   22093.244] ADC: connected: Servo-snk(dut:RpUSB)
[   22093.248] CCD_MODE:      asserted
[   22093.252] USB: On
[   22093.254] USB: RESET
[   22094.245] ADC: disconnected
[   22094.247] CCD_MODE:      deasserted
[   22094.251] USB: Off
[   22105.842] Wake source: 0x00000001
[   22105.845] Which pin: 0x0200000000000000
[   22912.246] Wake source: 0x00000001
[   22912.249] Which pin: 0x0200000000000000
[   22912.418] ADC: connected: Servo-snk(dut:Rp3A0)
[   22912.422] CCD_MODE:      asserted
[   22912.426] USB: On
[       0.000] Starting D3C1 RO 0.0.62 RW 0.23.250
[       0.003] ti50_common_mp-15980.B:v0.0.704-fe895966 libtock-rs:v0.0.925-1213708 tock:v0.0.9685-1f9552cfa ms-tpm-20-ref:v0.0.343-b28a970 chrome-bot@chromeos-firmware-mpa-us-east1-d-x32-0-j903 2026-02-05 09:48:49
[       0.021] Strap config: Lddd => TPM Bus: SPI; FormFactor: ClamshellInvertedKso
[       0.029] Reset Type: Wake
[       0.032] Wake source: 0x00000001
[       0.035] Which pin: 0x0000000002000000
[       0.039] USB: Off
[       0.050] RBOX: WP true
[       0.050] cryptolib v1 at 0x100c00
[       0.053] 
[       0.058] Restoring AP RO verify status
[       0.059] AP RO: OK
[       0.062] AP RO verifications took 3 ms.
[       0.066] TPM SPI initialized
[       0.076] 22 files found across 3 pages.
[       0.077] 6412 bytes of data.
[       0.080] 0 invalid and 7 free pages.
[       0.084] 0 erases since boot.
[       0.087] Partition |   File ID   | Bank | Page | Size
[       0.092]      0x03    0x0100100a      0    242    188
[       0.098]      0x03    0x0100100e      0    242    180
[       0.103]      0x03    0x01001008      0    242    188
[       0.108]      0x03    0x81000000      0    242    314
[       0.114]      0x03    0x81000002      0    242    278
[       0.119]      0x03    0x81000005      0    243    310
[       0.124]      0x03    0x01800004      0    243    217
[       0.130]      0x03    0x01800005      0    243    188
[       0.135]      0x03    0x01800006      0    243    184
[       0.140]      0x03    0x0100100d      0    244    180
[       0.145]      0x03    0x01001007      0    244    158
[       0.151] 264 bytes free in active pages.
[       0.155] Filesystem init took 86 ms.
[       0.159] PLT_RST_L ASSERTED
[       0.162] TPM SPI disabled (CS=true)
[       0.166] RBOX: deassert EC_RST_L
[       0.187] Valid CCD config found
[       0.190] RBOX: WP true
[       0.193] RBOX: WP true
[       0.195] AP RO verification result: OK (0xfffff000)
[       0.212] Key ladder state: Prod
[       0.233] PLT_RST_L DEASSERTED
[       0.238] Console is enabled
[       0.242] RBOX: WP true
[       0.278] TPM SPI enabled (CS=true)
[       0.368] Deferring NV write.
[       0.372] PinWeaver init
[       0.456] PCR0 updated
[       0.467] Deferring NV write.
[       1.051] Servo: debouncing -> disconnected
[       1.606] RBOX: power button pressed
[       1.684] Deferring NV write.
[       3.246] RBOX: power button released
[       6.493] TPM SPI write (3d40008): non-zero value 87
[       9.837] Roll back counter 1
[       9.840] Kernel booted.
[       9.956] RBOX: WP true
[      68.722] Wake source: 0x00000001
[      68.725] Which pin: 0x0200000000000000
[     129.669] Wake source: 0x00000001
[     129.672] Which pin: 0x0200000000000000
[     129.676] Alert[4] = 0x800
[     190.611] Wake source: 0x00000001
[     190.614] Which pin: 0x0200000000000000
[     251.555] Wake source: 0x00000001
[     251.558] Which pin: 0x0200000000000000
[     312.499] Wake source: 0x00000001
[     312.502] Which pin: 0x0200000000000000
[     312.506] Alert[4] = 0x800
[     321.029] Wake source: 0x00000001
[     321.032] Which pin: 0x0200000000000000
[     373.500] Wake source: 0x00000001
[     373.503] Which pin: 0x0200000000000000
[     373.507] Alert[4] = 0x800
[     434.455] Wake source: 0x00000001
[     434.458] Which pin: 0x0200000000000000
[     434.462] Alert[4] = 0x800
[     495.413] Wake source: 0x00000001
[     495.416] Which pin: 0x0200000000000000
[     534.512] Wake source: 0x00000004
[     534.515] RBOX: power button pressed
[     534.880] RBOX: power button released
[     556.420] Wake source: 0x00000001
[     556.423] Which pin: 0x0200000000000000
[     617.378] Wake source: 0x00000001
[     617.381] Which pin: 0x0200000000000000
[     628.782] Wake source: 0x00000001
[     628.785] Which pin: 0x0200000000000000
[     678.383] Wake source: 0x00000001
[     678.386] Which pin: 0x0200000000000000
[     739.337] Wake source: 0x00000001
[     739.340] Which pin: 0x0200000000000000
[     800.296] Wake source: 0x00000001
[     800.299] Which pin: 0x0200000000000000
[     800.303] Alert[4] = 0x800
[     861.268] Wake source: 0x00000001
[     861.271] Which pin: 0x0200000000000000
[     922.215] Wake source: 0x00000001
[     922.218] Which pin: 0x0200000000000000
[     936.474] Wake source: 0x00000001
[     936.477] Which pin: 0x0200000000000000
[     936.481] Alert[4] = 0x800
[     983.223] Wake source: 0x00000001
[     983.226] Which pin: 0x0200000000000000
[    1044.186] Wake source: 0x00000001
[    1044.189] Which pin: 0x0200000000000000
[    1105.150] Wake source: 0x00000001
[    1105.153] Which pin: 0x0200000000000000
[    1166.109] Wake source: 0x00000001
[    1166.112] Which pin: 0x0200000000000000
[    1166.116] Alert[4] = 0x800
[    1227.068] Wake source: 0x00000001
[    1227.071] Which pin: 0x0200000000000000
[    1227.075] Alert[4] = 0x800
[    1244.181] Wake source: 0x00000001
[    1244.184] Which pin: 0x0200000000000000
[    1288.081] Wake source: 0x00000001
[    1288.084] Which pin: 0x0200000000000000
[    1349.046] Wake source: 0x00000001
[    1349.049] Which pin: 0x0200000000000000
[    1410.008] Wake source: 0x00000001
[    1410.011] Which pin: 0x0200000000000000
[    1410.015] Alert[4] = 0x800
[    1470.974] Wake source: 0x00000001
[    1470.977] Which pin: 0x0200000000000000
[    1470.981] Alert[4] = 0x800
[    1531.937] Wake source: 0x00000001
[    1531.940] Which pin: 0x0200000000000000
[    1531.944] Alert[4] = 0x800
[    1551.906] Wake source: 0x00000001
[    1551.909] Which pin: 0x0200000000000000
[    1551.913] Alert[4] = 0x800
[    1592.950] Wake source: 0x00000001
[    1592.953] Which pin: 0x0200000000000000
[    1653.915] Wake source: 0x00000001
[    1653.918] Which pin: 0x0200000000000000
[    1714.882] Wake source: 0x00000001
[    1714.885] Which pin: 0x0200000000000000
[    1714.889] Alert[4] = 0x800
[    1775.846] Wake source: 0x00000001
[    1775.849] Which pin: 0x0200000000000000
[    1836.811] Wake source: 0x00000001
[    1836.814] Which pin: 0x0200000000000000
[    1859.636] Wake source: 0x00000001
[    1859.639] Which pin: 0x0200000000000000
[    1897.824] Wake source: 0x00000001
[    1897.827] Which pin: 0x0200000000000000
[    1958.792] Wake source: 0x00000001
[    1958.795] Which pin: 0x0200000000000000
[    2019.757] Wake source: 0x00000001
[    2019.760] Which pin: 0x0200000000000000
[    2019.764] Alert[4] = 0x800
[    2080.723] Wake source: 0x00000001
[    2080.726] Which pin: 0x0200000000000000
[    2141.689] Wake source: 0x00000001
[    2141.692] Which pin: 0x0200000000000000
[    2141.696] Alert[4] = 0x800
[    2167.371] Wake source: 0x00000001
[    2167.374] Which pin: 0x0200000000000000
[    2167.378] Alert[4] = 0x800
[    2202.701] Wake source: 0x00000001
[    2202.704] Which pin: 0x0200000000000000
[    2263.663] Wake source: 0x00000001
[    2263.666] Which pin: 0x0200000000000000
[    2324.625] Wake source: 0x00000001
[    2324.628] Which pin: 0x0200000000000000
[    2385.585] Wake source: 0x00000001
[    2385.588] Which pin: 0x0200000000000000
[    2385.592] Alert[4] = 0x800
[    2446.545] Wake source: 0x00000001
[    2446.548] Which pin: 0x0200000000000000
[    2475.078] Wake source: 0x00000001
[    2475.081] Which pin: 0x0200000000000000
[    2507.555] Wake source: 0x00000001
[    2507.558] Which pin: 0x0200000000000000
[    2568.516] Wake source: 0x00000001
[    2568.519] Which pin: 0x0200000000000000
[    2629.477] Wake source: 0x00000001
[    2629.480] Which pin: 0x0200000000000000
[    2690.441] Wake source: 0x00000001
[    2690.444] Which pin: 0x0200000000000000
[    2751.409] Wake source: 0x00000001
[    2751.412] Which pin: 0x0200000000000000
[    2782.784] Wake source: 0x00000001
[    2782.787] Which pin: 0x0200000000000000
[    2812.420] Wake source: 0x00000001
[    2812.423] Which pin: 0x0200000000000000
[    2812.427] Alert[4] = 0x800
[    2873.381] Wake source: 0x00000001
[    2873.384] Which pin: 0x0200000000000000
[    2934.343] Wake source: 0x00000001
[    2934.346] Which pin: 0x0200000000000000
[    2995.303] Wake source: 0x00000001
[    2995.306] Which pin: 0x0200000000000000
[    3056.262] Wake source: 0x00000001
[    3056.265] Which pin: 0x0200000000000000
[    3090.489] Wake source: 0x00000001
[    3090.492] Which pin: 0x0200000000000000
[    3117.271] Wake source: 0x00000001
[    3117.274] Which pin: 0x0200000000000000
[    3117.278] Alert[4] = 0x800
[    3178.230] Wake source: 0x00000001
[    3178.233] Which pin: 0x0200000000000000
[    3239.189] Wake source: 0x00000001
[    3239.192] Which pin: 0x0200000000000000
[    3239.196] Alert[4] = 0x800
[    3300.149] Wake source: 0x00000001
[    3300.152] Which pin: 0x0200000000000000
[    3361.110] Wake source: 0x00000001
[    3361.113] Which pin: 0x0200000000000000
[    3398.196] Wake source: 0x00000001
[    3398.199] Which pin: 0x0200000000000000
[    3398.203] Alert[4] = 0x800
[    3422.125] Wake source: 0x00000001
[    3422.128] Which pin: 0x0200000000000000
[    3483.092] Wake source: 0x00000001
[    3483.095] Which pin: 0x0200000000000000
[    3544.055] Wake source: 0x00000001
[    3544.058] Which pin: 0x0200000000000000
[    3583.264] Wake source: 0x00000001
[    3583.267] Which pin: 0x0200000000000000
[    3583.271] Alert[4] = 0x800
[    3605.068] Wake source: 0x00000001
[    3605.071] Which pin: 0x0200000000000000
[    3666.040] Wake source: 0x00000001
[    3666.043] Which pin: 0x0200000000000000
[    3705.985] Wake source: 0x00000001
[    3705.988] Which pin: 0x0200000000000000
[    3727.056] Wake source: 0x00000001
[    3727.059] Which pin: 0x0200000000000000
[    3788.020] Wake source: 0x00000001
[    3788.023] Which pin: 0x0200000000000000
[    3848.987] Wake source: 0x00000001
[    3848.990] Which pin: 0x0200000000000000
[    3848.994] Alert[4] = 0x800
[    3909.954] Wake source: 0x00000001
[    3909.957] Which pin: 0x0200000000000000
[    3970.917] Wake source: 0x00000001
[    3970.920] Which pin: 0x0200000000000000
[    4013.725] Wake source: 0x00000001
[    4013.728] Which pin: 0x0200000000000000
[       0.000] Starting D3C1 RO 0.0.62 RW 0.23.250
[       0.003] ti50_common_mp-15980.B:v0.0.704-fe895966 libtock-rs:v0.0.925-1213708 tock:v0.0.9685-1f9552cfa ms-tpm-20-ref:v0.0.343-b28a970 chrome-bot@chromeos-firmware-mpa-us-east1-d-x32-0-j903 2026-02-05 09:48:49
[       0.021] Strap config: Lddd => TPM Bus: SPI; FormFactor: ClamshellInvertedKso
[       0.028] Reset Type: Wake
[       0.031] Wake source: 0x00000001
[       0.035] Which pin: 0x0000000002000000
[       0.039] USB: Off
[       0.049] RBOX: WP true
[       0.050] cryptolib v1 at 0x100c00
[       0.053] 
[       0.058] Restoring AP RO verify status
[       0.059] AP RO: OK
[       0.061] AP RO verifications took 3 ms.
[       0.066] TPM SPI initialized
[       0.075] 22 files found across 7 pages.
[       0.077] 6444 bytes of data.
[       0.080] 0 invalid and 3 free pages.
[       0.084] 0 erases since boot.
[       0.087] Partition |   File ID   | Bank | Page | Size
[       0.092]      0x03    0x01800005      0    239    188
[       0.097]      0x03    0x01800006      0    240    184
[       0.103]      0x03    0x01001007      0    241    158
[       0.108]      0x03    0x0100100a      0    242    188
[       0.113]      0x03    0x0100100e      0    242    180
[       0.119]      0x03    0x01001008      0    242    188
[       0.124]      0x03    0x81000000      0    242    314
[       0.129]      0x03    0x81000002      0    242    278
[       0.135]      0x03    0x81000005      0    243    310
[       0.140]      0x03    0x01800004      0    243    217
[       0.145]      0x03    0x0100100d      0    244    180
[       0.151] 752 bytes free in active pages.
[       0.155] Filesystem init took 86 ms.
[       0.159] PLT_RST_L ASSERTED
[       0.162] TPM SPI disabled (CS=true)
[       0.166] RBOX: deassert EC_RST_L
[       0.186] Valid CCD config found
[       0.190] RBOX: WP true
[       0.192] RBOX: WP true
[       0.195] AP RO verification result: OK (0xfffff000)
[       0.212] Key ladder state:[       0.000] Starting D3C1 RO 0.0.62 RW 0.23.250
[       0.003] ti50_common_mp-15980.B:v0.0.704-fe895966 libtock-rs:v0.0.925-1213708 tock:v0.0.9685-1f9552cfa ms-tpm-20-ref:v0.0.343-b28a970 chrome-bot@chromeos-firmware-mpa-us-east1-d-x32-0-j903 2026-02-05 09:48:49
[       0.021] Strap config: Lddd => TPM Bus: SPI; FormFactor: ClamshellInvertedKso
[       0.028] Reset Type: Wake
[       0.031] Wake source: 0x00000001
[       0.035] Which pin: 0x0000000002000000
[       0.039] USB: Off
[       0.049] RBOX: WP true
[       0.050] cryptolib v1 at 0x100c00
[       0.053] 
[       0.058] Restoring AP RO verify status
[       0.059] AP RO: OK
[       0.061] AP RO verifications took 3 ms.
[       0.066] TPM SPI initialized
[       0.076] 22 files found across 5 pages.
[       0.077] 6428 bytes of data.
[       0.080] 0 invalid and 5 free pages.
[       0.084] 0 erases since boot.
[       0.087] Partition |   File ID   | Bank | Page | Size
[       0.092]      0x03    0x01001007      0    238    158
[       0.098]      0x03    0x0100100d      0    239    180
[       0.103]      0x03    0x0100100a      0    245    188
[       0.108]      0x03    0x0100100e      0    245    180
[       0.113]      0x03    0x01001008      0    245    188
[       0.119]      0x03    0x81000000      0    245    314
[       0.124]      0x03    0x81000002      0    245    278
[       0.129]      0x03    0x01800005      0    246    188
[       0.135]      0x03    0x81000005      0    247    310
[       0.140]      0x03    0x01800004      0    247    217
[       0.145]      0x03    0x01800006      0    247    184
[       0.151] 1016 bytes free in active pages.
[       0.155] Filesystem init took 86 ms.
[       0.159] PLT_RST_L ASSERTED
[       0.162] TPM SPI disabled (CS=true)
[       0.166] Alert[0] = 0x1
[       0.168] RBOX: deassert EC_RST_L
[       0.189] Valid CCD config found
[       0.192] RBOX: WP true
[       0.195] RBOX: WP true
[       0.197] AP RO verification result: OK (0xfffff000)
[       0.213] Key ladder state: Prod
[       0.232] PLT_RST_L DEASSERTED
[       0.235] Console is enabled
[       0.244] RBOX: WP true
[       0.281] TPM SPI enabled (CS=true)
[       0.367] Deferring NV write.
[       0.372] PinWeaver init
[       0.455] PCR0 updated
[       0.466] Deferring NV write.
[       1.051] Servo: debouncing -> disconnected
[       1.683] Deferring NV write.
[       2.556] RBOX: power button pressed
[       4.056] Idle erase.
[       4.498] RBOX: power button released
[       4.665] PLT_RST_L ASSERTED
[       4.677] TPM SPI couldn't set mode 0 (current=1, CS=true)
[       4.683] TPM SPI disabled (CS=true)
[       6.208] RBOX: power button pressed
[       6.452] RBOX: power button released
[       6.455] PLT_RST_L DEASSERTED
[       6.459] TPM SPI enabled (CS=true)
[       6.591] Deferring NV write.
[       6.595] PinWeaver init
[       6.678] PCR0 updated
[       6.688] Deferring NV write.
[      28.081] TPM SPI write (3d40008): non-zero value 87
[      30.876] Roll back counter 1
[      30.879] Kernel booted.
[      30.975] RBOX: WP true
[      44.143] Idle erase.
[      90.141] Wake source: 0x00000001
[      90.144] Which pin: 0x0200000000000000
[     151.068] Wake source: 0x00000001
[     151.071] Which pin: 0x0200000000000000
[     212.000] Wake source: 0x00000001
[     212.003] Which pin: 0x0200000000000000
[     212.007] Alert[4] = 0x800
[     272.926] Wake source: 0x00000001
[     272.929] Which pin: 0x0200000000000000
[     333.853] Wake source: 0x00000001
[     333.856] Which pin: 0x0200000000000000
[     342.473] Wake source: 0x00000001
[     342.476] Which pin: 0x0200000000000000
[     394.830] Wake source: 0x00000001
[     394.833] Which pin: 0x0200000000000000
[     394.837] Alert[4] = 0x800
[     438.059] Wake source: 0x00000004
[     438.062] Alert[4] = 0x800
[     438.065] RBOX: power button pressed
[     438.106] RBOX: power button released
[     455.810] Wake source: 0x00000001
[     455.813] Which pin: 0x0200000000000000
[     516.743] Wake source: 0x00000001
[     516.746] Which pin: 0x0200000000000000
[     577.679] Wake source: 0x00000001
[     577.682] Which pin: 0x0200000000000000
[     638.617] Wake source: 0x00000001
[     638.620] Which pin: 0x0200000000000000
[     650.126] Wake source: 0x00000001
[     650.129] Which pin: 0x0200000000000000
[     699.607] Wake source: 0x00000001
[     699.610] Which pin: 0x0200000000000000
[     760.548] Wake source: 0x00000001
[     760.551] Which pin: 0x0200000000000000
[     760.555] Alert[4] = 0x800
[     821.491] Wake source: 0x00000001
[     821.494] Which pin: 0x0200000000000000
[     882.435] Wake source: 0x00000001
[     882.438] Which pin: 0x0200000000000000
[     882.442] Alert[4] = 0x800
[     943.383] Wake source: 0x00000001
[     943.386] Which pin: 0x0200000000000000
[     957.750] Wake source: 0x00000001
[     957.753] Which pin: 0x0200000000000000
[    1004.382] Wake source: 0x00000001
[    1004.385] Which pin: 0x0200000000000000
[    1004.389] Alert[4] = 0x800
[    1065.332] Wake source: 0x00000001
[    1065.335] Which pin: 0x0200000000000000
[    1065.339] Alert[4] = 0x800
[    1126.279] Wake source: 0x00000001
[    1126.282] Which pin: 0x0200000000000000
[    1187.224] Wake source: 0x00000001
[    1187.227] Which pin: 0x0200000000000000
[    1187.231] Alert[4] = 0x800
[    1248.171] Wake source: 0x00000001
[    1248.174] Which pin: 0x0200000000000000
[    1265.390] Wake source: 0x00000001
[    1265.393] Which pin: 0x0200000000000000
[    1309.166] Wake source: 0x00000001
[    1309.169] Which pin: 0x0200000000000000
[    1309.173] Alert[4] = 0x800
[    1370.114] Wake source: 0x00000001
[    1370.117] Which pin: 0x0200000000000000
[    1370.121] Alert[4] = 0x800
[    1431.057] Wake source: 0x00000001
[    1431.060] Which pin: 0x0200000000000000
[    1431.064] Alert[4] = 0x800
[    1492.002] Wake source: 0x00000001
[    1492.005] Which pin: 0x0200000000000000
[    1552.945] Wake source: 0x00000001
[    1552.948] Which pin: 0x0200000000000000
[    1573.002] Wake source: 0x00000001
[    1573.005] Which pin: 0x0200000000000000
[    1613.936] Wake source: 0x00000001
[    1613.939] Which pin: 0x0200000000000000
[    1674.878] Wake source: 0x00000001
[    1674.881] Which pin: 0x0200000000000000
[    1674.885] Alert[4] = 0x800
[    1735.817] Wake source: 0x00000001
[    1735.820] Which pin: 0x0200000000000000
[    1796.757] Wake source: 0x00000001
[    1796.760] Which pin: 0x0200000000000000
[    1849.168] Wake source: 0x00000004
[    1849.171] Alert[4] = 0x800
[    1849.174] RBOX: power button pressed
[    1849.188] RBOX: power button released
[    1857.747] Wake source: 0x00000001
[    1857.750] Which pin: 0x0200000000000000
[    1857.754] Alert[4] = 0x800
[    1880.659] Wake source: 0x00000001
[    1880.662] Which pin: 0x0200000000000000
[    1918.739] Wake source: 0x00000001
[    1918.742] Which pin: 0x0200000000000000
[    1979.681] Wake source: 0x00000001
[    1979.684] Which pin: 0x0200000000000000
[    2040.625] Wake source: 0x00000001
[    2040.628] Which pin: 0x0200000000000000
[    2101.568] Wake source: 0x00000001
[    2101.571] Which pin: 0x0200000000000000
[    2101.575] Alert[4] = 0x800
[    2162.510] Wake source: 0x00000001
[    2162.513] Which pin: 0x0200000000000000
[    2188.276] Wake source: 0x00000001
[    2188.279] Which pin: 0x0200000000000000
[    2188.283] Alert[4] = 0x800
PLT_RST_L event. Handling TPM reset now
[       1.796] PLT_RST_L ASSERTED
[       1.809] TPM SPI couldn't set mode 0 (current=1, CS=true)
[       1.814] TPM SPI disabled (CS=true)
[       1.853] AC: -F
[       1.854] AC: wait
[       2.105] PLT_RST_L DEASSERTED
[       2.108] TPM SPI enabled (CS=true)
[       2.239] Deferring NV write.
[       2.243] PinWeaver init
[       2.266] PCR0 updated
[       2.519] AC: R-
[       2.520] RBOX: canceled battery disable
[       3.052] Idle erase.
[       4.054] Idle erase.
[       6.285] RBOX: power button released
[     689.127] Wake source: 0x00000001
[     689.139] Which pin: 0x0200000000000800
[     689.143] PLT_RST_L ASSERTED
[     689.146] TPM SPI couldn't set mode 0 (current=1, CS=true)
[     689.152] TPM SPI disabled (CS=true)
[     689.217] EC_COMM: enabled
[     689.219] EC_COMM: disabled
[     689.638] EC_COMM: enabled
[     689.656] EFS2: boot_mode: TrustedRO -> Verified
[     689.660] EC_COMM: disabled
[     689.853] AC: -F
[     690.498] AC: R-
[     690.673] RBOX: power button pressed
[     690.920] PLT_RST_L DEASSERTED
[     690.923] TPM SPI enabled (CS=true)
[     691.056] Deferring NV write.
[     691.060] PinWeaver init
[     691.143] PCR0 updated
[     691.153] Deferring NV write.
[     692.305] Deferring NV write.
[     693.536] RBOX: power button released
[    1072.954] Wake source: 0x00000001
[    1072.966] Which pin: 0x0200000000000800
[    1072.970] PLT_RST_L ASSERTED
[    1072.973] TPM SPI couldn't set mode 0 (current=1, CS=true)
[    1072.979] TPM SPI disabled (CS=true)
[    1078.041] RBOX: power button pressed
[    1078.139] RBOX: key-combo ec-reset
[    1078.142] EFS2: boot_mode: Verified -> TrustedRO
[    1078.247] AC: -F
[    1078.248] AC: wait
[    1078.610] PLT_RST_L DEASSERTED
[    1078.613] TPM SPI enabled (CS=true)
[    1078.747] Deferring NV write.
[    1078.751] PinWeaver init
[    1078.776] PCR0 updated
[    1078.914] AC: R-
[    1078.915] RBOX: canceled battery disable
[    1082.844] RBOX: power button released
[    1158.985] Wake source: 0x00000001
[    1158.988] Which pin: 0x0200000000000000
[    1159.007] TPM SPI disabled (CS=false)
[    1228.399] Wake source: 0x00000001
[    1228.402] Which pin: 0x0200000000000800
[    1228.406] PLT_RST_L ASSERTED
[    1228.409] TPM SPI disabled (CS=true)
[    1228.483] EC_COMM: enabled
[    1228.485] EC_COMM: disabled
[    1228.902] EC_COMM: enabled
[    1228.921] EFS2: boot_mode: TrustedRO -> Verified
[    1228.925] EC_COMM: disabled
[    1229.067] RBOX: power button pressed
[    1229.120] AC: -F
[    1229.764] AC: R-
[    1231.146] RBOX: power button released
[    1235.653] RBOX: power button pressed
[    1235.900] PLT_RST_L DEASSERTED
[    1235.903] TPM SPI enabled (CS=true)
[    1236.035] Deferring NV write.
[    1236.040] PinWeaver init
[    1236.123] PCR0 updated
[    1236.133] Deferring NV write.
[    1237.427] Deferring NV write.
[    1238.330] RBOX: power button released
[    1239.428] Idle erase.
[    1252.140] PLT_RST_L ASSERTED
[    1252.153] TPM SPI couldn't set mode 0 (current=1, CS=true)
[    1252.159] TPM SPI disabled (CS=true)
[    1253.428] RBOX: power button pressed
[    1253.676] PLT_RST_L DEASSERTED
[    1253.679] TPM SPI enabled (CS=true)
[    1253.812] Deferring NV write.
[    1253.816] PinWeaver init
[    1253.899] PCR0 updated
[    1253.909] Deferring NV write.
[    1255.966] RBOX: power button released
[    1267.000] PLT_RST_L ASSERTED
[    1267.013] TPM SPI couldn't set mode 0 (current=1, CS=true)
[    1267.019] TPM SPI disabled (CS=true)
[    1268.751] RBOX: power button pressed
[    1268.998] PLT_RST_L DEASSERTED
[    1269.001] TPM SPI enabled (CS=true)
[    1269.133] Deferring NV write.
[    1269.138] PinWeaver init
[    1269.221] PCR0 updated
[    1269.231] Deferring NV write.
[    1270.219] RBOX: power button released
[    1282.326] TPM SPI write (3d40008): non-zero value 87
[    1284.853] Roll back counter 1
[    1284.856] Kernel booted.
[    1284.966] RBOX: WP true
[    1336.493] Wake source: 0x00000001
[    1336.496] Which pin: 0x0200000000000000
[    1337.624] Idle erase.
[    1339.145] Idle erase.
[    1344.519] Wake source: 0x00000001
[    1344.522] Which pin: 0x0200000000000000
[    1405.509] Wake source: 0x00000001
[    1405.512] Which pin: 0x0200000000000000
[    1466.486] Wake source: 0x00000001
[    1466.489] Which pin: 0x0200000000000000
[    1527.458] Wake source: 0x00000001
[    1527.461] Which pin: 0x0200000000000000
[    1588.428] Wake source: 0x00000001
[    1588.431] Which pin: 0x0200000000000000
[    1588.435] Alert[4] = 0x800
[    1597.102] Wake source: 0x00000001
[    1597.105] Which pin: 0x0200000000000000
[    1649.451] Wake source: 0x00000001
[    1649.454] Which pin: 0x0200000000000000
[    1710.423] Wake source: 0x00000001
[    1710.426] Which pin: 0x0200000000000000
[    1710.430] Alert[4] = 0x800
[    1771.394] Wake source: 0x00000001
[    1771.397] Which pin: 0x0200000000000000
[    1832.365] Wake source: 0x00000001
[    1832.368] Which pin: 0x0200000000000000
[    1832.372] Alert[4] = 0x800
[    1893.335] Wake source: 0x00000001
[    1893.338] Which pin: 0x0200000000000000
[    1893.342] Alert[4] = 0x800
[    1904.887] Wake source: 0x00000001
[    1904.890] Which pin: 0x0200000000000000