 3.390] CCD_MODE:      asserted
[       3.394] USB: On
[       4.410] ADC: disconnected
[       4.413] CCD_MODE:      deasserted
[       4.416] USB: Off
[       5.050] Idle erase.
[       8.100] PLT_RST_L ASSERTED
[       8.113] TPM SPI couldn't set mode 0 (current=1, CS=true)
[       8.118] TPM SPI disabled (CS=true)
[       8.794] RBOX: power button pressed
[       8.845] RBOX: key-combo ec-reset
[       8.848] EFS2: boot_mode: Verified -> TrustedRO
[       9.332] PLT_RST_L DEASSERTED
[       9.335] TPM SPI enabled (CS=true)
[       9.467] Deferring NV write.
[       9.472] PinWeaver init
[       9.500] PCR0 updated
[      12.254] ADC: connected: Servo-snk(dut:Rp3A0)
[      12.258] CCD_MODE:      asserted
[      12.261] USB: On
[      13.319] ADC: disconnected
[      13.321] CCD_MODE:      deasserted
[      13.325] USB: Off
[      13.623] RBOX: power button released
[      29.868] PLT_RST_L ASSERTED
[      29.881] TPM SPI couldn't set mode 0 (current=1, CS=true)
[      29.887] TPM SPI disabled (CS=true)
[      29.936] EC_COMM: enabled
[      29.939] EC_COMM: disabled
[      30.291] RBOX: power button pressed
[      30.342] EC_COMM: enabled
[      30.364] EFS2: boot_mode: TrustedRO -> Verified
[      30.377] EC_COMM: disabled
[      36.953] RBOX: power button released
[      44.327] RBOX: power button pressed
[      44.580] PLT_RST_L DEASSERTED
[      44.583] TPM SPI enabled (CS=true)
[      44.715] Deferring NV write.
[      44.720] PinWeaver init
[      44.803] PCR0 updated
[      44.813] Deferring NV write.
[      45.955] Deferring NV write.
[      45.958] RBOX: power button released
[      47.423] ADC: connected: Servo-snk(dut:Rp3A0)
[      47.427] CCD_MODE:      asserted
[      47.430] USB: On
[      48.107] Idle erase.
[      48.439] ADC: disconnected
[      48.441] CCD_MODE:      deasserted
[      48.445] USB: Off
[      50.567] TPM SPI write (3d40008): non-zero value 87
[      55.768] Roll back counter 1
[      55.771] Kernel booted.
[      55.877] RBOX: WP true
[      66.135] Idle erase.
[     112.741] Wake source: 0x00000001
[     112.744] Which pin: 0x0200000000000000
[     112.748] Alert[4] = 0x800
[     173.583] Wake source: 0x00000001
[     173.586] Which pin: 0x0200000000000000
[     178.592] Wake source: 0x00000000
[     183.596] Wake source: 0x00000000
[     234.535] Wake source: 0x00000001
[     234.538] Which pin: 0x0200000000000000
[     295.375] Wake source: 0x00000001
[     295.378] Which pin: 0x0200000000000000
[     295.382] Alert[4] = 0x800
[     356.211] Wake source: 0x00000001
[     356.214] Which pin: 0x0200000000000000
[     373.188] Wake source: 0x00000001
[     373.191] Which pin: 0x0200000000000000
[     417.104] Wake source: 0x00000001
[     417.107] Which pin: 0x0200000000000000
[     477.938] Wake source: 0x00000001
[     477.941] Which pin: 0x0200000000000000
[     538.772] Wake source: 0x00000001
[     538.775] Which pin: 0x0200000000000000
[     543.775] Wake source: 0x00000000
[     599.660] Wake source: 0x00000001
[     599.663] Which pin: 0x0200000000000000
[     660.495] Wake source: 0x00000001
[     660.498] Which pin: 0x0200000000000000
[     665.499] Wake source: 0x00000000
[     680.427] Wake source: 0x00000001
[     680.430] Which pin: 0x0200000000000000
[     680.434] Alert[4] = 0x800
[     721.444] Wake source: 0x00000001
[     721.447] Which pin: 0x0200000000000000
[     721.451] Alert[4] = 0x800
[     782.283] Wake source: 0x00000001
[     782.286] Which pin: 0x0200000000000000
[     782.290] Alert[4] = 0x800
[     843.121] Wake source: 0x00000001
[     843.124] Which pin: 0x0200000000000000
[     848.126] Wake source: 0x00000000
[     904.015] Wake source: 0x00000001
[     904.018] Which pin: 0x0200000000000000
[     904.022] Alert[4] = 0x800
[     964.853] Wake source: 0x00000001
[     964.856] Which pin: 0x0200000000000000
[     964.860] Alert[4] = 0x800
[     987.611] Wake source: 0x00000001
[     987.614] Which pin: 0x0200000000000000
[     987.618] Alert[4] = 0x800
[    1025.743] Wake source: 0x00000001
[    1025.746] Which pin: 0x0200000000000000
[    1030.748] Wake source: 0x00000000
[    1086.631] Wake source: 0x00000001
[    1086.634] Which pin: 0x0200000000000000
[    1091.634] Wake source: 0x00000000
[    1147.516] Wake source: 0x00000001
[    1147.519] Which pin: 0x0200000000000000
[    1147.523] Alert[4] = 0x800
[    1152.521] Wake source: 0x00000000
[    1208.402] Wake source: 0x00000001
[    1208.405] Which pin: 0x0200000000000000
[    1269.229] Wake source: 0x00000001
[    1269.232] Which pin: 0x0200000000000000
[    1274.233] Wake source: 0x00000000
[    1294.905] Wake source: 0x00000001
[    1294.908] Which pin: 0x0200000000000000
[    1330.172] Wake source: 0x00000001
[    1330.175] Which pin: 0x0200000000000000
[    1391.002] Wake source: 0x00000001
[    1391.005] Which pin: 0x0200000000000000
[    1391.009] Alert[4] = 0x800
[    1451.827] Wake source: 0x00000001
[    1451.830] Which pin: 0x0200000000000000
[    1451.834] Alert[4] = 0x800
[    1512.652] Wake source: 0x00000001
[    1512.655] Which pin: 0x0200000000000000
[    1573.478] Wake source: 0x00000001
[    1573.481] Which pin: 0x0200000000000000
[    1601.943] Wake source: 0x00000001
[    1601.946] Which pin: 0x0200000000000000
[    1601.950] Alert[4] = 0x800
[    1634.358] Wake source: 0x00000001
[    1634.361] Which pin: 0x0200000000000000
[    1634.365] Alert[4] = 0x800
[    1639.365] Wake source: 0x00000000
[    1695.236] Wake source: 0x00000001
[    1695.239] Which pin: 0x0200000000000000
[    1756.056] Wake source: 0x00000001
[    1756.059] Which pin: 0x0200000000000000
[    1756.063] Alert[4] = 0x800
[    1816.877] Wake source: 0x00000001
[    1816.880] Which pin: 0x0200000000000000
[    1877.697] Wake source: 0x00000001
[    1877.700] Which pin: 0x0200000000000000
[    1909.009] Wake source: 0x00000001
[    1909.012] Which pin: 0x0200000000000000
[    1938.574] Wake source: 0x00000001
[    1938.577] Which pin: 0x0200000000000000
[    1999.395] Wake source: 0x00000001
[    1999.398] Which pin: 0x0200000000000000
[    1999.402] Alert[4] = 0x800
[    2060.214] Wake source: 0x00000001
[    2060.217] Which pin: 0x0200000000000000
[    2121.033] Wake source: 0x00000001
[    2121.036] Which pin: 0x0200000000000000
[    2126.036] Wake source: 0x00000000
[    2181.910] Wake source: 0x00000001
[    2181.913] Which pin: 0x0200000000000000
[    2181.917] Alert[4] = 0x800
[    2186.914] Wake source: 0x00000000
[    2216.128] Wake source: 0x00000001
[    2216.131] Which pin: 0x0200000000000000
[    2216.135] Alert[4] = 0x800
[    2242.846] Wake source: 0x00000001
[    2242.849] Which pin: 0x0200000000000000
[    2303.666] Wake source: 0x00000001
[    2303.669] Which pin: 0x0200000000000000
[    2364.487] Wake source: 0x00000001
[    2364.490] Which pin: 0x0200000000000000
[    2369.490] Wake source: 0x00000000
[    2425.363] Wake source: 0x00000001
[    2425.366] Which pin: 0x0200000000000000
[    2486.181] Wake source: 0x00000001
[    2486.184] Which pin: 0x0200000000000000
[    2491.186] Wake source: 0x00000000
[    2523.262] Wake source: 0x00000001
[    2523.265] Which pin: 0x0200000000000000
[    2547.113] Wake source: 0x00000001
[    2547.116] Which pin: 0x0200000000000000
[    2607.932] Wake source: 0x00000001
[    2607.935] Which pin: 0x0200000000000000
[    2607.939] Alert[4] = 0x800
[    2668.751] Wake source: 0x00000001
[    2668.754] Which pin: 0x0200000000000000
[    2729.570] Wake source: 0x00000001
[    2729.573] Which pin: 0x0200000000000000
[    2790.388] Wake source: 0x00000001
[    2790.391] Which pin: 0x0200000000000000
[    2830.257] Wake source: 0x00000001
[    2830.260] Which pin: 0x0200000000000000
[    2830.264] Alert[4] = 0x800
[    2851.262] Wake source: 0x00000001
[    2851.265] Which pin: 0x0200000000000000
[    2856.267] Wake source: 0x00000000
[    2912.135] Wake source: 0x00000001
[    2912.138] Which pin: 0x0200000000000000
[    2917.141] Wake source: 0x00000000
[    2973.005] Wake source: 0x00000001
[    2973.008] Which pin: 0x0200000000000000
[    3033.817] Wake source: 0x00000001
[    3033.820] Which pin: 0x0200000000000000
[    3033.824] Alert[4] = 0x800
[    3038.820] Wake source: 0x00000000
[    3094.685] Wake source: 0x00000001
[    3094.688] Which pin: 0x0200000000000000
[    3094.692] Alert[4] = 0x800
[    3137.397] Wake source: 0x00000001
[    3137.400] Which pin: 0x0200000000000000
[    3137.404] Alert[4] = 0x800
[    3155.553] Wake source: 0x00000001
[    3155.556] Which pin: 0x0200000000000000
[    3216.366] Wake source: 0x00000001
[    3216.369] Which pin: 0x0200000000000000
[    3277.178] Wake source: 0x00000001
[    3277.181] Which pin: 0x0200000000000000
[    3337.988] Wake source: 0x00000001
[    3337.991] Which pin: 0x0200000000000000
[    3337.995] Alert[4] = 0x800
[    3398.801] Wake source: 0x00000001
[    3398.804] Which pin: 0x0200000000000000
[    3438.515] Wake source: 0x00000001
[    3438.518] Which pin: 0x0200000000000000
[    3438.522] Alert[4] = 0x800
[    3444.422] Wake source: 0x00000001
[    3444.425] Which pin: 0x0200000000000000
[    3459.732] Wake source: 0x00000001
[    3459.735] Which pin: 0x0200000000000000
[    3520.555] Wake source: 0x00000001
[    3520.558] Which pin: 0x0200000000000000
[    3520.562] Alert[4] = 0x800
[    3581.371] Wake source: 0x00000001
[    3581.374] Which pin: 0x0200000000000000
[    3622.282] Wake source: 0x00000001
[    3622.286] Which pin: 0x0200000000000000
[    3622.289] Alert[4] = 0x800
[    3642.244] Wake source: 0x00000001
[    3642.247] Which pin: 0x0200000000000000
[    3703.059] Wake source: 0x00000001
[    3703.062] Which pin: 0x0200000000000000
[    3703.066] Alert[4] = 0x800
[    3751.466] Wake source: 0x00000001
[    3751.469] Which pin: 0x0200000000000000
[    3751.473] Alert[4] = 0x800
[    3763.930] Wake source: 0x00000001
[    3763.933] Which pin: 0x0200000000000000
[    3763.937] Alert[4] = 0x800
[    3824.744] Wake source: 0x00000001
[    3824.747] Which pin: 0x0200000000000000
[    3824.751] Alert[4] = 0x800
[    3885.559] Wake source: 0x00000001
[    3885.562] Which pin: 0x0200000000000000
[    3885.566] Alert[4] = 0x800
[    3946.371] Wake source: 0x00000001
[    3946.374] Which pin: 0x0200000000000000
[    3946.378] Alert[4] = 0x800
[    3951.378] Wake source: 0x00000000
[    3956.383] Wake source: 0x00000000
[    4007.300] Wake source: 0x00000001
[    4007.303] Which pin: 0x0200000000000000
[    4058.570] Wake source: 0x00000001
[    4058.573] Which pin: 0x0200000000000000
[    4063.573] Wake source: 0x00000000
[    4129.014] Wake source: 0x00000001
[    4129.017] Which pin: 0x0200000000000000
[    4189.826] Wake source: 0x00000001
[    4189.829] Which pin: 0x0200000000000000
[    4250.636] Wake source: 0x00000001
[    4250.639] Which pin: 0x0200000000000000
[    4311.449] Wake source: 0x00000001
[    4311.452] Which pin: 0x0200000000000000
[    4365.567] Wake source: 0x00000001
[    4365.570] Which pin: 0x0200000000000000
[    4372.319] Wake source: 0x00000001
[    4372.322] Which pin: 0x0200000000000000
[    4433.132] Wake source: 0x00000001
[    4433.135] Which pin: 0x0200000000000000
[    4493.945] Wake source: 0x00000001
[    4493.948] Which pin: 0x0200000000000000
[    4554.755] Wake source: 0x00000001
[    4554.758] Which pin: 0x0200000000000000
[    4559.760] Wake source: 0x00000000
[    4564.763] Wake source: 0x00000000
[    4615.680] Wake source: 0x00000001
[    4615.683] Which pin: 0x0200000000000000
[    4615.687] Alert[4] = 0x800
[    4620.689] Wake source: 0x00000000
[    4672.699] Wake source: 0x00000001
[    4672.702] Which pin: 0x0200000000000000
[    4737.379] Wake source: 0x00000001
[    4737.382] Which pin: 0x0200000000000000
[    4798.188] Wake source: 0x00000001
[    4798.191] Which pin: 0x0200000000000000
[    4798.195] Alert[4] = 0x800
[    4858.995] Wake source: 0x00000001
[    4858.998] Which pin: 0x0200000000000000
[    4919.802] Wake source: 0x00000001
[    4919.805] Which pin: 0x0200000000000000
[    4924.813] Wake source: 0x00000000
[    4929.819] Wake source: 0x00000000
[    4979.725] Wake source: 0x00000001
[    4979.728] Which pin: 0x0200000000000000
[    4984.728] Wake source: 0x00000000
[    5041.590] Wake source: 0x00000001
[    5041.593] Which pin: 0x0200000000000000
[    5041.597] Alert[4] = 0x800
[    5046.593] Wake source: 0x00000000
[    5051.602] Wake source: 0x00000000
[    5102.511] Wake source: 0x00000001
[    5102.514] Which pin: 0x0200000000000000
[    5102.518] Alert[4] = 0x800
[    5107.515] Wake source: 0x00000000
[    5163.373] Wake source: 0x00000001
[    5163.376] Which pin: 0x0200000000000000
[    5224.177] Wake source: 0x00000001
[    5224.180] Which pin: 0x0200000000000000
[    5224.184] Alert[4] = 0x800
[    5284.983] Wake source: 0x00000001
[    5284.986] Which pin: 0x0200000000000000
[    5345.788] Wake source: 0x00000001
[    5345.791] Which pin: 0x0200000000000000
[    5406.592] Wake source: 0x00000001
[    5406.595] Which pin: 0x0200000000000000
[    5467.397] Wake source: 0x00000001
[    5467.400] Which pin: 0x0200000000000000
[    5472.402] Wake source: 0x00000000
[    5528.259] Wake source: 0x00000001
[    5528.262] Which pin: 0x0200000000000000
[    5589.062] Wake source: 0x00000001
[    5589.065] Which pin: 0x0200000000000000
[    5649.899] Wake source: 0x00000001
[    5649.902] Which pin: 0x0200000000000000
[    5654.904] Wake source: 0x00000000
[    5710.759] Wake source: 0x00000001
[    5710.762] Which pin: 0x0200000000000000
[    5710.766] Alert[4] = 0x800
[    5715.763] Wake source: 0x00000000
[    5771.621] Wake source: 0x00000001
[    5771.624] Which pin: 0x0200000000000000
[    5771.628] Alert[4] = 0x800
[    5832.423] Wake source: 0x00000001
[    5832.426] Which pin: 0x0200000000000000
[    5832.430] Alert[4] = 0x800
[    5893.224] Wake source: 0x00000001
[    5893.227] Which pin: 0x0200000000000000
[    5900.852] Wake source: 0x00000001
[    5900.855] Which pin: 0x0200000000000000
[    5900.859] Alert[4] = 0x800
[    5954.084] Wake source: 0x00000001
[    5954.087] Which pin: 0x0200000000000000
[    6014.884] Wake source: 0x00000001
[    6014.887] Which pin: 0x0200000000000000
[    6019.890] Wake source: 0x00000000
[    6024.896] Wake source: 0x00000000
[    6075.800] Wake source: 0x00000001
[    6075.803] Which pin: 0x0200000000000000
[    6075.807] Alert[4] = 0x800
[    6136.598] Wake source: 0x00000001
[    6136.601] Which pin: 0x0200000000000000
[    6197.399] Wake source: 0x00000001
[    6197.402] Which pin: 0x0200000000000000
[    6197.406] Alert[4] = 0x800
[    6207.891] Wake source: 0x00000001
[    6207.894] Which pin: 0x0200000000000000
[    6212.895] Wake source: 0x00000000
[    6258.318] Wake source: 0x00000001
[    6258.321] Which pin: 0x0200000000000000
[    6258.325] Alert[4] = 0x800
[    6263.321] Wake source: 0x00000000
[    6319.178] Wake source: 0x00000001
[    6319.181] Which pin: 0x0200000000000000
[    6379.976] Wake source: 0x00000001
[    6379.979] Which pin: 0x0200000000000000
[    6379.983] Alert[4] = 0x800
[    6440.771] Wake source: 0x00000001
[    6440.774] Which pin: 0x0200000000000000
[    6445.775] Wake source: 0x00000000
[    6450.780] Wake source: 0x00000000
[    6501.679] Wake source: 0x00000001
[    6501.682] Which pin: 0x0200000000000000
[    6501.686] Alert[4] = 0x800
[    6515.016] Wake source: 0x00000001
[    6515.019] Which pin: 0x0200000000000000
[    6562.530] Wake source: 0x00000001
[    6562.533] Which pin: 0x0200000000000000
[    6623.320] Wake source: 0x00000001
[    6623.323] Which pin: 0x0200000000000000
[    6623.327] Alert[4] = 0x800
[    6628.324] Wake source: 0x00000000
[    6684.171] Wake source: 0x00000001
[    6684.174] Which pin: 0x0200000000000000
[    6744.965] Wake source: 0x00000001
[    6744.968] Which pin: 0x0200000000000000
[    6805.760] Wake source: 0x00000001
[    6805.763] Which pin: 0x0200000000000000
[    6821.947] Wake source: 0x00000001
[    6821.950] Which pin: 0x0200000000000000
[    6866.616] Wake source: 0x00000001
[    6866.619] Which pin: 0x0200000000000000
[    6871.619] Wake source: 0x00000000
[    6927.474] Wake source: 0x00000001
[    6927.477] Which pin: 0x0200000000000000
[    6927.481] Alert[4] = 0x800
[    6988.276] Wake source: 0x00000001
[    6988.279] Which pin: 0x0200000000000000
[    7049.081] Wake source: 0x00000001
[    7049.084] Which pin: 0x0200000000000000
[    7109.881] Wake source: 0x00000001
[    7109.884] Which pin: 0x0200000000000000
[    7114.887] Wake source: 0x00000000
[    7119.896] Wake source: 0x00000000
[    7129.013] Wake source: 0x00000001
[    7129.016] Which pin: 0x0200000000000000
[    7170.855] Wake source: 0x00000001
[    7170.858] Which pin: 0x0200000000000000
[    7187.108] Wake source: 0x00000001
[    7187.111] Which pin: 0x0200000000000000
[    7187.115] Alert[4] = 0x800
[    7192.112] Wake source: 0x00000000
[    7231.773] Wake source: 0x00000001
[    7231.776] Which pin: 0x0200000000000000
[    7292.575] Wake source: 0x00000001
[    7292.578] Which pin: 0x0200000000000000
[    7292.582] Alert[4] = 0x800
[    7297.579] Wake source: 0x00000000
[    7302.584] Wake source: 0x00000000
[    7307.587] Wake source: 0x00000000
[    7312.592] Wake source: 0x00000000
[    7353.609] Wake source: 0x00000001
[    7353.612] Which pin: 0x0200000000000000
[    7353.616] Alert[4] = 0x800
[    7358.613] Wake source: 0x00000000
[    7414.477] Wake source: 0x00000001
[    7414.480] Which pin: 0x0200000000000000
[    7436.357] Wake source: 0x00000001
[    7436.360] Which pin: 0x0200000000000000
[    7441.361] Wake source: 0x00000000
[    7446.368] Wake source: 0x00000000
[    7451.372] Wake source: 0x00000000
[    7475.516] Wake source: 0x00000001
[    7475.519] Which pin: 0x0200000000000000
[    7480.522] Wake source: 0x00000000
[    7536.386] Wake source: 0x00000001
[    7536.389] Which pin: 0x0200000000000000
[    7597.198] Wake source: 0x00000001
[    7597.201] Which pin: 0x0200000000000000
[    7658.012] Wake source: 0x00000001
[    7658.015] Which pin: 0x0200000000000000
[    7658.019] Alert[4] = 0x800
[    7663.015] Wake source: 0x00000000
[    7718.883] Wake source: 0x00000001
[    7718.886] Which pin: 0x0200000000000000
[    7743.612] Wake source: 0x00000001
[    7743.615] Which pin: 0x0200000000000000
[    7779.756] Wake source: 0x00000001
[    7779.759] Which pin: 0x0200000000000000
[    7784.761] Wake source: 0x00000000
[    7840.627] Wake source: 0x00000001
[    7840.630] Which pin: 0x0200000000000000
[    7840.634] Alert[4] = 0x800
[    7901.443] Wake source: 0x00000001
[    7901.446] Which pin: 0x0200000000000000
[    7962.262] Wake source: 0x00000001
[    7962.265] Which pin: 0x0200000000000000
[    8023.081] Wake source: 0x00000001
[    8023.084] Which pin: 0x0200000000000000
[    8023.088] Alert[4] = 0x800
[    8050.661] Wake source: 0x00000001
[    8050.664] Which pin: 0x0200000000000000
[    8083.961] Wake source: 0x00000001
[    8083.964] Which pin: 0x0200000000000000
[    8083.968] Alert[4] = 0x800
[    8144.786] Wake source: 0x00000001
[    8144.789] Which pin: 0x0200000000000000
[    8149.791] Wake source: 0x00000000
[    8205.670] Wake source: 0x00000001
[    8205.673] Which pin: 0x0200000000000000
[    8205.677] Alert[4] = 0x800
[    8266.498] Wake source: 0x00000001
[    8266.501] Which pin: 0x0200000000000000
[    8266.505] Alert[4] = 0x800
[    8327.325] Wake source: 0x00000001
[    8327.328] Which pin: 0x0200000000000000
[    8357.745] Wake source: 0x00000001
[    8357.748] Which pin: 0x0200000000000000
[    8357.752] Alert[4] = 0x800
[    8388.206] Wake source: 0x00000001
[    8388.209] Which pin: 0x0200000000000000
[    8388.213] Alert[4] = 0x800
[    8393.213] Wake source: 0x00000000
[    8449.089] Wake source: 0x00000001
[    8449.092] Which pin: 0x0200000000000000
[    8509.920] Wake source: 0x00000001
[    8509.923] Which pin: 0x0200000000000000
[    8514.927] Wake source: 0x00000000
[    8570.807] Wake source: 0x00000001
[    8570.810] Which pin: 0x0200000000000000
[    8631.638] Wake source: 0x00000001
[    8631.641] Which pin: 0x0200000000000000
[    8636.641] Wake source: 0x00000000
[    8664.966] Wake source: 0x00000001
[    8664.969] Which pin: 0x0200000000000000
[    8664.973] Alert[4] = 0x800
[    8692.583] Wake source: 0x00000001
[    8692.586] Which pin: 0x0200000000000000
[    8753.413] Wake source: 0x00000001
[    8753.416] Which pin: 0x0200000000000000
[    8753.420] Alert[4] = 0x800
[    8814.243] Wake source: 0x00000001
[    8814.246] Which pin: 0x0200000000000000
[    8819.247] Wake source: 0x00000000
[    8875.128] Wake source: 0x00000001
[    8875.131] Which pin: 0x0200000000000000
[    8935.954] Wake source: 0x00000001
[    8935.957] Which pin: 0x0200000000000000
[    8935.961] Alert[4] = 0x800
[    8940.961] Wake source: 0x00000000
[    8972.129] Wake source: 0x00000001
[    8972.132] Which pin: 0x0200000000000000
[    8996.893] Wake source: 0x00000001
[    8996.896] Which pin: 0x0200000000000000
[    9057.717] Wake source: 0x00000001
[    9057.720] Which pin: 0x0200000000000000
[    9062.720] Wake source: 0x00000000
[    9118.596] Wake source: 0x00000001
[    9118.599] Which pin: 0x0200000000000000
[    9179.416] Wake source: 0x00000001
[    9179.419] Which pin: 0x0200000000000000
[    9179.423] Alert[4] = 0x800
[    9240.240] Wake source: 0x00000001
[    9240.243] Which pin: 0x0200000000000000
[    9279.222] Wake source: 0x00000001
[    9279.225] Which pin: 0x0200000000000000
[    9284.226] Wake source: 0x00000000
[    9301.177] Wake source: 0x00000001
[    9301.180] Which pin: 0x0200000000000000
[    9361.997] Wake source: 0x00000001
[    9362.000] Which pin: 0x0200000000000000
[    9367.001] Wake source: 0x00000000
[    9422.875] Wake source: 0x00000001
[    9422.878] Which pin: 0x0200000000000000
[    9422.882] Alert[4] = 0x800
[    9483.699] Wake source: 0x00000001
[    9483.702] Which pin: 0x0200000000000000
[    9483.706] Alert[4] = 0x800
[    9511.247] Wake source: 0x00000001
[    9511.250] Which pin: 0x0200000000000000
[    9544.582] Wake source: 0x00000001
[    9544.585] Which pin: 0x0200000000000000
[    9586.409] Wake source: 0x00000001
[    9586.412] Which pin: 0x0200000000000000
[    9605.464] Wake source: 0x00000001
[    9605.467] Which pin: 0x0200000000000000
[    9666.289] Wake source: 0x00000001
[    9666.292] Which pin: 0x0200000000000000
[    9727.111] Wake source: 0x00000001
[    9727.114] Which pin: 0x0200000000000000
[    9787.935] Wake source: 0x00000001
[    9787.938] Which pin: 0x0200000000000000
[    9792.946] Wake source: 0x00000000
[    9848.813] Wake source: 0x00000001
[    9848.816] Which pin: 0x0200000000000000
[    9893.488] Wake source: 0x00000001
[    9893.491] Which pin: 0x0200000000000000
[    9909.693] Wake source: 0x00000001
[    9909.696] Which pin: 0x0200000000000000
[    9970.511] Wake source: 0x00000001
[    9970.514] Which pin: 0x0200000000000000
[   10031.325] Wake source: 0x00000001
[   10031.328] Which pin: 0x0200000000000000
[   10036.330] Wake source: 0x00000000
[   10092.200] Wake source: 0x00000001
[   10092.203] Which pin: 0x0200000000000000
[   10097.209] Wake source: 0x00000000
[   10153.077] Wake source: 0x00000001
[   10153.080] Which pin: 0x0200000000000000
[   10200.596] Wake source: 0x00000001
[   10200.599] Which pin: 0x0200000000000000
[   10213.953] Wake source: 0x00000001
[   10213.956] Which pin: 0x0200000000000000
[   10274.767] Wake source: 0x00000001
[   10274.770] Which pin: 0x0200000000000000
[   10335.582] Wake source: 0x00000001
[   10335.585] Which pin: 0x0200000000000000
[   10335.589] Alert[4] = 0x800
[   10396.395] Wake source: 0x00000001
[   10396.398] Which pin: 0x0200000000000000
[   10401.401] Wake source: 0x00000000
[   10406.408] Wake source: 0x00000000
[   10457.322] Wake source: 0x00000001
[   10457.325] Which pin: 0x0200000000000000
[   10462.327] Wake source: 0x00000000
[   10507.741] Wake source: 0x00000001
[   10507.744] Which pin: 0x0200000000000000
[   10518.250] Wake source: 0x00000001
[   10518.253] Which pin: 0x0200000000000000
[   10579.065] Wake source: 0x00000001
[   10579.068] Which pin: 0x0200000000000000
[   10639.881] Wake source: 0x00000001
[   10639.884] Which pin: 0x0200000000000000
[   10639.888] Alert[4] = 0x800
[   10644.886] Wake source: 0x00000000
[   10700.755] Wake source: 0x00000001
[   10700.758] Which pin: 0x0200000000000000
[   10700.762] Alert[4] = 0x800
[   10705.759] Wake source: 0x00000000
[   10710.764] Wake source: 0x00000000
[   10715.767] Wake source: 0x00000000
[   10720.771] Wake source: 0x00000000
[   10753.342] Wake source: 0x00000001
[   10753.345] Which pin: 0x0200000000000000
[   10753.349] Alert[4] = 0x800
[   10761.858] Wake source: 0x00000001
[   10761.861] Which pin: 0x0200000000000000
[   10815.072] Wake source: 0x00000001
[   10815.075] Which pin: 0x0200000000000000
[   10822.733] Wake source: 0x00000001
[   10822.736] Which pin: 0x0200000000000000
[   10827.737] Wake source: 0x00000000
[   10883.607] Wake source: 0x00000001
[   10883.610] Which pin: 0x0200000000000000
[   10944.422] Wake source: 0x00000001
[   10944.425] Which pin: 0x0200000000000000
[   10944.429] Alert[4] = 0x800
[   11005.235] Wake source: 0x00000001
[   11005.238] Which pin: 0x0200000000000000
[   11005.242] Alert[4] = 0x800
[   11010.241] Wake source: 0x00000000
[   11066.105] Wake source: 0x00000001
[   11066.108] Which pin: 0x0200000000000000
[   11122.179] Wake source: 0x00000001
[   11122.182] Which pin: 0x0200000000000000
[   11129.994] Wake source: 0x00000000
[   11187.822] Wake source: 0x00000001
[   11187.825] Which pin: 0x0200000000000000
[   11192.827] Wake source: 0x00000000
[   11248.693] Wake source: 0x00000001
[   11248.696] Which pin: 0x0200000000000000
[   11309.505] Wake source: 0x00000001
[   11309.508] Which pin: 0x0200000000000000
[   11314.509] Wake source: 0x00000000
[   11370.377] Wake source: 0x00000001
[   11370.380] Which pin: 0x0200000000000000
[   11375.382] Wake source: 0x00000000
[   11429.358] Wake source: 0x00000001
[   11429.361] Which pin: 0x0200000000000000
[   11492.066] Wake source: 0x00000001
[   11492.069] Which pin: 0x0200000000000000
[   11497.070] Wake source: 0x00000000
[   11552.939] Wake source: 0x00000001
[   11552.942] Which pin: 0x0200000000000000
[   11613.754] Wake source: 0x00000001
[   11613.757] Which pin: 0x0200000000000000
[   11618.758] Wake source: 0x00000000
[   11674.626] Wake source: 0x00000001
[   11674.629] Which pin: 0x0200000000000000
[   11735.441] Wake source: 0x00000001
[   11735.444] Which pin: 0x0200000000000000
[   11740.445] Wake source: 0x00000000
[   11796.315] Wake source: 0x00000001
[   11796.318] Which pin: 0x0200000000000000
[   11857.133] Wake source: 0x00000001
[   11857.136] Which pin: 0x0200000000000000
[   11917.950] Wake source: 0x00000001
[   11917.953] Which pin: 0x0200000000000000
[   11978.764] Wake source: 0x00000001
[   11978.767] Which pin: 0x0200000000000000
[   11978.771] Alert[4] = 0x800
[   12039.577] Wake source: 0x00000001
[   12039.580] Which pin: 0x0200000000000000
[   12100.415] Wake source: 0x00000001
[   12100.418] Which pin: 0x0200000000000000
[   12161.229] Wake source: 0x00000001
[   12161.232] Which pin: 0x0200000000000000
[   12222.043] Wake source: 0x00000001
[   12222.046] Which pin: 0x0200000000000000
[   12222.050] Alert[4] = 0x800
[   12282.856] Wake source: 0x00000001
[   12282.859] Which pin: 0x0200000000000000
[   12282.863] Alert[4] = 0x800
[   12343.670] Wake source: 0x00000001
[   12343.673] Which pin: 0x0200000000000000
[   12350.378] Wake source: 0x00000001
[   12350.381] Which pin: 0x0200000000000000
[   12350.385] Alert[4] = 0x800
[   12404.543] Wake source: 0x00000001
[   12404.546] Which pin: 0x0200000000000000
[   12465.354] Wake source: 0x00000001
[   12465.357] Which pin: 0x0200000000000000
[   12526.172] Wake source: 0x00000001
[   12526.175] Which pin: 0x0200000000000000
[   12526.179] Alert[4] = 0x800
[   12586.990] Wake source: 0x00000001
[   12586.993] Which pin: 0x0200000000000000
[   12647.805] Wake source: 0x00000001
[   12647.808] Which pin: 0x0200000000000000
[   12657.361] Wake source: 0x00000001
[   12657.364] Which pin: 0x0200000000000000
[   12708.680] Wake source: 0x00000001
[   12708.683] Which pin: 0x0200000000000000
[   12708.687] Alert[4] = 0x800
[   12769.494] Wake source: 0x00000001
[   12769.497] Which pin: 0x0200000000000000
[   12780.965] Wake source: 0x00000001
[   12780.968] Which pin: 0x0200000000000000
[   12785.971] Wake source: 0x00000000
[   12830.425] Wake source: 0x00000001
[   12830.428] Which pin: 0x0200000000000000
[   12891.246] Wake source: 0x00000001
[   12891.249] Which pin: 0x0200000000000000
[   12952.056] Wake source: 0x00000001
[   12952.059] Which pin: 0x0200000000000000
[   12964.459] Wake source: 0x00000001
[   12964.462] Which pin: 0x0200000000000000
[   12964.466] Alert[4] = 0x800
[   13012.930] Wake source: 0x00000001
[   13012.933] Which pin: 0x0200000000000000
[   13073.745] Wake source: 0x00000001
[   13073.748] Which pin: 0x0200000000000000
[   13134.560] Wake source: 0x00000001
[   13134.563] Which pin: 0x0200000000000000
[   13134.567] Alert[4] = 0x800
[   13195.373] Wake source: 0x00000001
[   13195.376] Which pin: 0x0200000000000000
[   13256.189] Wake source: 0x00000001
[   13256.192] Which pin: 0x0200000000000000
[   13271.433] Wake source: 0x00000001
[   13271.436] Which pin: 0x0200000000000000
[   13317.053] Wake source: 0x00000001
[   13317.056] Which pin: 0x0200000000000000
[   13377.865] Wake source: 0x00000001
[   13377.868] Which pin: 0x0200000000000000
[   13382.870] Wake source: 0x00000000
[   13387.875] Wake source: 0x00000000
[   13392.879] Wake source: 0x00000000
[   13397.887] Wake source: 0x00000000
[   13438.909] Wake source: 0x00000001
[   13438.912] Which pin: 0x0200000000000000
[   13499.723] Wake source: 0x00000001
[   13499.726] Which pin: 0x0200000000000000
[   13560.538] Wake source: 0x00000001
[   13560.541] Which pin: 0x0200000000000000
[   13578.634] Wake source: 0x00000001
[   13578.637] Which pin: 0x0200000000000000
[   13621.412] Wake source: 0x00000001
[   13621.415] Which pin: 0x0200000000000000
[   13682.228] Wake source: 0x00000001
[   13682.231] Which pin: 0x0200000000000000
[   13682.235] Alert[4] = 0x800
[   13743.036] Wake source: 0x00000001
[   13743.039] Which pin: 0x0200000000000000
[   13803.842] Wake source: 0x00000001
[   13803.845] Which pin: 0x0200000000000000
[   13864.648] Wake source: 0x00000001
[   13864.651] Which pin: 0x0200000000000000
[   13885.575] Wake source: 0x00000001
[   13885.578] Which pin: 0x0200000000000000
[   13925.514] Wake source: 0x00000001
[   13925.517] Which pin: 0x0200000000000000
[   13986.323] Wake source: 0x00000001
[   13986.326] Which pin: 0x0200000000000000
[   14047.135] Wake source: 0x00000001
[   14047.138] Which pin: 0x0200000000000000
[   14107.949] Wake source: 0x00000001
[   14107.952] Which pin: 0x0200000000000000
[   14168.761] Wake source: 0x00000001
[   14168.764] Which pin: 0x0200000000000000
[   14192.515] Wake source: 0x00000001
[   14192.518] Which pin: 0x0200000000000000
[   14229.633] Wake source: 0x00000001
[   14229.636] Which pin: 0x0200000000000000
[   14234.637] Wake source: 0x00000000
[   14290.506] Wake source: 0x00000001
[   14290.509] Which pin: 0x0200000000000000
[   14318.205] Wake source: 0x00000001
[   14318.208] Which pin: 0x0200000000000000
[   14318.212] Alert[4] = 0x800
[   14351.376] Wake source: 0x00000001
[   14351.379] Which pin: 0x0200000000000000
[   14412.193] Wake source: 0x00000001
[   14412.196] Which pin: 0x0200000000000000
[   14417.197] Wake source: 0x00000000
[   14422.207] Wake source: 0x00000000
[   14473.126] Wake source: 0x00000001
[   14473.129] Which pin: 0x0200000000000000
[   14499.720] Wake source: 0x00000001
[   14499.723] Which pin: 0x0200000000000000
[   14534.005] Wake source: 0x00000001
[   14534.008] Which pin: 0x0200000000000000
[   14594.825] Wake source: 0x00000001
[   14594.828] Which pin: 0x0200000000000000
[   14655.643] Wake source: 0x00000001
[   14655.646] Which pin: 0x0200000000000000
[   14716.464] Wake source: 0x00000001
[   14716.467] Which pin: 0x0200000000000000
[   14777.287] Wake source: 0x00000001
[   14777.290] Which pin: 0x0200000000000000
[   14806.730] Wake source: 0x00000001
[   14806.733] Which pin: 0x0200000000000000
[   14806.737] Alert[4] = 0x800
[   14811.733] Wake source: 0x00000000
[   14816.737] Wake source: 0x00000000
[   14838.279] Wake source: 0x00000001
[   14838.282] Which pin: 0x0200000000000000
[   14843.282] Wake source: 0x00000000
[   14899.158] Wake source: 0x00000001
[   14899.161] Which pin: 0x0200000000000000
[   14959.981] Wake source: 0x00000001
[   14959.984] Which pin: 0x0200000000000000
[   15020.803] Wake source: 0x00000001
[   15020.806] Which pin: 0x0200000000000000
[   15025.808] Wake source: 0x00000000
[   15081.682] Wake source: 0x00000001
[   15081.685] Which pin: 0x0200000000000000
[   15086.686] Wake source: 0x00000000
[   15114.032] Wake source: 0x00000001
[   15114.035] Which pin: 0x0200000000000000
[   15119.039] Wake source: 0x00000000
[   15142.676] Wake source: 0x00000001
[   15142.679] Which pin: 0x0200000000000000
[   15142.683] Alert[4] = 0x800
[   15147.680] Wake source: 0x00000000
[   15203.555] Wake source: 0x00000001
[   15203.558] Which pin: 0x0200000000000000
[   15208.562] Wake source: 0x00000000
[   15264.431] Wake source: 0x00000001
[   15264.434] Which pin: 0x0200000000000000
[   15325.248] Wake source: 0x00000001
[   15325.251] Which pin: 0x0200000000000000
[   15386.065] Wake source: 0x00000001
[   15386.068] Which pin: 0x0200000000000000
[   15421.204] Wake source: 0x00000001
[   15421.207] Which pin: 0x0200000000000000
[   15446.940] Wake source: 0x00000001
[   15446.943] Which pin: 0x0200000000000000
[   15507.757] Wake source: 0x00000001
[   15507.760] Which pin: 0x0200000000000000
[   15568.573] Wake source: 0x00000001
[   15568.576] Which pin: 0x0200000000000000
[   15568.580] Alert[4] = 0x800
[   15629.390] Wake source: 0x00000001
[   15629.393] Which pin: 0x0200000000000000
[   15629.397] Alert[4] = 0x800
[   15634.394] Wake source: 0x00000000
[   15690.265] Wake source: 0x00000001
[   15690.268] Which pin: 0x0200000000000000
[   15690.272] Alert[4] = 0x800
[   15728.251] Wake source: 0x00000001
[   15728.254] Which pin: 0x0200000000000000
[   15751.143] Wake source: 0x00000001
[   15751.146] Which pin: 0x0200000000000000
[   15811.963] Wake source: 0x00000001
[   15811.966] Which pin: 0x0200000000000000
[   15872.785] Wake source: 0x00000001
[   15872.788] Which pin: 0x0200000000000000
[   15933.604] Wake source: 0x00000001
[   15933.607] Which pin: 0x0200000000000000
[   15994.423] Wake source: 0x00000001
[   15994.426] Which pin: 0x0200000000000000
[   16035.256] Wake source: 0x00000001
[   16035.259] Which pin: 0x0200000000000000
[   16055.298] Wake source: 0x00000001
[   16055.301] Which pin: 0x0200000000000000
[   16116.118] Wake source: 0x00000001
[   16116.121] Which pin: 0x0200000000000000
[   16176.939] Wake source: 0x00000001
[   16176.942] Which pin: 0x0200000000000000
[   16237.756] Wake source: 0x00000001
[   16237.759] Which pin: 0x0200000000000000
[   16237.763] Alert[4] = 0x800
[   16242.758] Wake source: 0x00000000
[   16298.629] Wake source: 0x00000001
[   16298.632] Which pin: 0x0200000000000000
[   16342.307] Wake source: 0x00000001
[   16342.310] Which pin: 0x0200000000000000
[   16342.314] Alert[4] = 0x800
[   16359.506] Wake source: 0x00000001
[   16359.509] Which pin: 0x0200000000000000
[   16420.326] Wake source: 0x00000001
[   16420.329] Which pin: 0x0200000000000000
[   16425.331] Wake source: 0x00000000
[   16481.201] Wake source: 0x00000001
[   16481.204] Which pin: 0x0200000000000000
[   16486.205] Wake source: 0x00000000
[   16542.075] Wake source: 0x00000001
[   16542.078] Which pin: 0x0200000000000000
[   16542.082] Alert[4] = 0x800
[   16602.894] Wake source: 0x00000001
[   16602.897] Which pin: 0x0200000000000000
[   16649.405] Wake source: 0x00000001
[   16649.408] Which pin: 0x0200000000000000
[   16663.767] Wake source: 0x00000001
[   16663.770] Which pin: 0x0200000000000000
[   16663.774] Alert[4] = 0x800
[   16724.584] Wake source: 0x00000001
[   16724.587] Which pin: 0x0200000000000000
[   16724.591] Alert[4] = 0x800
[   16785.398] Wake source: 0x00000001
[   16785.401] Which pin: 0x0200000000000000
[   16846.212] Wake source: 0x00000001
[   16846.215] Which pin: 0x0200000000000000
[   16846.219] Alert[4] = 0x800
[   16851.219] Wake source: 0x00000000
[   16907.079] Wake source: 0x00000001
[   16907.082] Which pin: 0x0200000000000000
[   16956.421] Wake source: 0x00000001
[   16956.424] Which pin: 0x0200000000000000
[   16961.424] Wake source: 0x00000000
[   16968.007] Wake source: 0x00000001
[   16968.010] Which pin: 0x0200000000000000
[   16968.014] Alert[4] = 0x800
[   17028.820] Wake source: 0x00000001
[   17028.823] Which pin: 0x0200000000000000
[   17089.630] Wake source: 0x00000001
[   17089.633] Which pin: 0x0200000000000000
[   17150.440] Wake source: 0x00000001
[   17150.443] Which pin: 0x0200000000000000
[   17211.249] Wake source: 0x00000001
[   17211.252] Which pin: 0x0200000000000000
[   17211.256] Alert[4] = 0x800
[   17263.430] Wake source: 0x00000001
[   17263.433] Which pin: 0x0200000000000000
[   17272.117] Wake source: 0x00000001
[   17272.120] Which pin: 0x0200000000000000
[   17272.124] Alert[4] = 0x800
[   17332.938] Wake source: 0x00000001
[   17332.941] Which pin: 0x0200000000000000
[   17337.942] Wake source: 0x00000000
[   17393.813] Wake source: 0x00000001
[   17393.816] Which pin: 0x0200000000000000
[   17398.817] Wake source: 0x00000000
[   17454.687] Wake source: 0x00000001
[   17454.690] Which pin: 0x0200000000000000
[   17515.504] Wake source: 0x00000001
[   17515.507] Which pin: 0x0200000000000000
[   17515.511] Alert[4] = 0x800
[   17520.511] Wake source: 0x00000000
[   17570.600] Wake source: 0x00000001
[   17570.603] Which pin: 0x0200000000000000
[   17576.437] Wake source: 0x00000001
[   17576.440] Which pin: 0x0200000000000000
[   17576.444] Alert[4] = 0x800
[   17637.254] Wake source: 0x00000001
[   17637.257] Which pin: 0x0200000000000000
[   17698.070] Wake source: 0x00000001
[   17698.073] Which pin: 0x0200000000000000
[   17758.886] Wake source: 0x00000001
[   17758.889] Which pin: 0x0200000000000000
[   17819.704] Wake source: 0x00000001
[   17819.707] Which pin: 0x0200000000000000
[   17877.582] Wake source: 0x00000001
[   17877.585] Which pin: 0x0200000000000000
[   17886.591] Wake source: 0x00000000
[   17941.433] Wake source: 0x00000001
[   17941.436] Which pin: 0x0200000000000000
[   17946.437] Wake source: 0x00000000
[   18002.305] Wake source: 0x00000001
[   18002.308] Which pin: 0x0200000000000000
[   18063.121] Wake source: 0x00000001
[   18063.124] Which pin: 0x0200000000000000
[   18068.126] Wake source: 0x00000000
[   18073.132] Wake source: 0x00000000
[   18124.054] Wake source: 0x00000001
[   18124.057] Which pin: 0x0200000000000000
[   18184.788] Wake source: 0x00000001
[   18184.791] Which pin: 0x0200000000000000
[   18184.795] Alert[4] = 0x800
[   18245.692] Wake source: 0x00000001
[   18245.695] Which pin: 0x0200000000000000
[   18250.695] Wake source: 0x00000000
[   18255.702] Wake source: 0x00000000
[   18306.624] Wake source: 0x00000001
[   18306.627] Which pin: 0x0200000000000000
[   18306.631] Alert[4] = 0x800
[   18311.627] Wake source: 0x00000000
[   18316.635] Wake source: 0x00000000
[   18321.639] Wake source: 0x00000000
[   18326.650] Wake source: 0x00000000
[   18331.656] Wake source: 0x00000000
[   18336.661] Wake source: 0x00000000
[   18341.664] Wake source: 0x00000000
[   18367.841] Wake source: 0x00000001
[   18367.844] Which pin: 0x0200000000000000
[   18428.661] Wake source: 0x00000001
[   18428.664] Which pin: 0x0200000000000000
[   18428.668] Alert[4] = 0x800
[   18489.479] Wake source: 0x00000001
[   18489.482] Which pin: 0x0200000000000000
[   18489.486] Alert[4] = 0x800
[   18550.304] Wake source: 0x00000001
[   18550.307] Which pin: 0x0200000000000000
[   18611.130] Wake source: 0x00000001
[   18611.133] Which pin: 0x0200000000000000
[   18671.955] Wake source: 0x00000001
[   18671.958] Which pin: 0x0200000000000000
[   18732.773] Wake source: 0x00000001
[   18732.776] Which pin: 0x0200000000000000
[   18737.778] Wake source: 0x00000000
[   18793.645] Wake source: 0x00000001
[   18793.648] Which pin: 0x0200000000000000
[   18793.652] Alert[4] = 0x800
[   18799.325] Wake source: 0x00000001
[   18799.328] Which pin: 0x0200000000000000
[   18799.332] Alert[4] = 0x800
[   18812.390] Wake source: 0x00000001
[   18812.393] Which pin: 0x0200000000000000
[   18812.397] Alert[4] = 0x800
[   18854.576] Wake source: 0x00000001
[   18854.579] Which pin: 0x0200000000000000
[   18854.583] Alert[4] = 0x800
[   18859.581] Wake source: 0x00000000
[   18915.449] Wake source: 0x00000001
[   18915.452] Which pin: 0x0200000000000000
[   18976.263] Wake source: 0x00000001
[   18976.266] Which pin: 0x0200000000000000
[   19037.074] Wake source: 0x00000001
[   19037.077] Which pin: 0x0200000000000000
[   19037.081] Alert[4] = 0x800
[   19042.079] Wake source: 0x00000000
[   19097.944] Wake source: 0x00000001
[   19097.947] Which pin: 0x0200000000000000
[   19097.951] Alert[4] = 0x800
[   19106.477] Wake source: 0x00000001
[   19106.480] Which pin: 0x0200000000000000
[   19158.815] Wake source: 0x00000001
[   19158.818] Which pin: 0x0200000000000000
[   19219.632] Wake source: 0x00000001
[   19219.635] Which pin: 0x0200000000000000
[   19280.449] Wake source: 0x00000001
[   19280.452] Which pin: 0x0200000000000000
[   19341.265] Wake source: 0x00000001
[   19341.268] Which pin: 0x0200000000000000
[   19341.272] Alert[4] = 0x800
[   19402.084] Wake source: 0x00000001
[   19402.087] Which pin: 0x0200000000000000
[   19413.480] Wake source: 0x00000001
[   19413.483] Which pin: 0x0200000000000000
[   19462.956] Wake source: 0x00000001
[   19462.959] Which pin: 0x0200000000000000
[   19523.769] Wake source: 0x00000001
[   19523.772] Which pin: 0x0200000000000000
[   19523.776] Alert[4] = 0x800
[   19584.581] Wake source: 0x00000001
[   19584.584] Which pin: 0x0200000000000000
[   19645.396] Wake source: 0x00000001
[   19645.399] Which pin: 0x0200000000000000
[   19645.403] Alert[4] = 0x800
[   19706.210] Wake source: 0x00000001
[   19706.213] Which pin: 0x0200000000000000
[   19720.453] Wake source: 0x00000001
[   19720.456] Which pin: 0x0200000000000000
[   19725.457] Wake source: 0x00000000
[   19767.142] Wake source: 0x00000001
[   19767.145] Which pin: 0x0200000000000000
[   19827.958] Wake source: 0x00000001
[   19827.961] Which pin: 0x0200000000000000
[   19888.774] Wake source: 0x00000001
[   19888.777] Which pin: 0x0200000000000000
[   19949.590] Wake source: 0x00000001
[   19949.593] Which pin: 0x0200000000000000
[   20010.405] Wake source: 0x00000001
[   20010.408] Which pin: 0x0200000000000000
[   20027.494] Wake source: 0x00000001
[   20027.497] Which pin: 0x0200000000000000
[   20071.276] Wake source: 0x00000001
[   20071.279] Which pin: 0x0200000000000000
[   20132.092] Wake source: 0x00000001
[   20132.095] Which pin: 0x0200000000000000
[   20192.904] Wake source: 0x00000001
[   20192.907] Which pin: 0x0200000000000000
[   20253.713] Wake source: 0x00000001
[   20253.716] Which pin: 0x0200000000000000
[   20314.519] Wake source: 0x00000001
[   20314.522] Which pin: 0x0200000000000000
[   20334.456] Wake source: 0x00000001
[   20334.459] Which pin: 0x0200000000000000
[   20375.387] Wake source: 0x00000001
[   20375.390] Which pin: 0x0200000000000000
[   20436.194] Wake source: 0x00000001
[   20436.197] Which pin: 0x0200000000000000
[   20441.198] Wake source: 0x00000000
[   20497.057] Wake source: 0x00000001
[   20497.060] Which pin: 0x0200000000000000
[   20502.062] Wake source: 0x00000000
[   20557.921] Wake source: 0x00000001
[   20557.924] Which pin: 0x0200000000000000
[   20618.732] Wake source: 0x00000001
[   20618.735] Which pin: 0x0200000000000000
[   20641.517] Wake source: 0x00000001
[   20641.520] Which pin: 0x0200000000000000
[   20679.603] Wake source: 0x00000001
[   20679.606] Which pin: 0x0200000000000000
[   20679.610] Alert[4] = 0x800
[   20684.607] Wake source: 0x00000000
[   20740.473] Wake source: 0x00000001
[   20740.476] Which pin: 0x0200000000000000
[   20740.480] Alert[4] = 0x800
[   20801.287] Wake source: 0x00000001
[   20801.290] Which pin: 0x0200000000000000
[   20801.294] Alert[4] = 0x800
[   20862.099] Wake source: 0x00000001
[   20862.102] Which pin: 0x0200000000000000
[   20922.910] Wake source: 0x00000001
[   20922.913] Which pin: 0x0200000000000000
[   20922.917] Alert[4] = 0x800
[   20927.918] Wake source: 0x00000000
[   20932.923] Wake source: 0x00000000
[   20948.657] Wake source: 0x00000001
[   20948.660] Which pin: 0x0200000000000000
[   20983.895] Wake source: 0x00000001
[   20983.898] Which pin: 0x0200000000000000
[   20983.902] Alert[4] = 0x800
[   21044.708] Wake source: 0x00000001
[   21044.711] Which pin: 0x0200000000000000
[   21105.521] Wake source: 0x00000001
[   21105.524] Which pin: 0x0200000000000000
[   21166.332] Wake source: 0x00000001
[   21166.335] Which pin: 0x0200000000000000
[   21171.335] Wake source: 0x00000000
[   21227.207] Wake source: 0x00000001
[   21227.210] Which pin: 0x0200000000000000
[   21255.688] Wake source: 0x00000001
[   21255.691] Which pin: 0x0200000000000000
[   21255.695] Alert[4] = 0x800
[   21288.082] Wake source: 0x00000001
[   21288.085] Which pin: 0x0200000000000000
[   21348.897] Wake source: 0x00000001
[   21348.900] Which pin: 0x0200000000000000
[   21409.712] Wake source: 0x00000001
[   21409.715] Which pin: 0x0200000000000000
[   21448.851] Wake source: 0x00000001
[   21448.854] Which pin: 0x0200000000000000
[   21448.858] Alert[4] = 0x800
[   21470.586] Wake source: 0x00000001
[   21470.589] Which pin: 0x0200000000000000
[   21475.589] Wake source: 0x00000000
[   21531.461] Wake source: 0x00000001
[   21531.464] Which pin: 0x0200000000000000
[   21562.791] Wake source: 0x00000001
[   21562.794] Which pin: 0x0200000000000000
[   21567.800] Wake source: 0x00000000
[   21592.393] Wake source: 0x00000001
[   21592.396] Which pin: 0x0200000000000000
[   21592.400] Alert[4] = 0x800
[   21597.397] Wake source: 0x00000000
[   21653.266] Wake source: 0x00000001
[   21653.269] Which pin: 0x0200000000000000
[   21714.081] Wake source: 0x00000001
[   21714.084] Which pin: 0x0200000000000000
[   21774.896] Wake source: 0x00000001
[   21774.899] Which pin: 0x0200000000000000
[   21779.901] Wake source: 0x00000000
[   21784.904] Wake source: 0x00000000
[   21835.825] Wake source: 0x00000001
[   21835.828] Which pin: 0x0200000000000000
[   21835.832] Alert[4] = 0x800
[   21870.003] Wake source: 0x00000001
[   21870.006] Which pin: 0x0200000000000000
       0.068] validating 3 ranges in AP flash
[       0.217] AP RO: OK
[       0.217] AP RO verifications took 160 ms.
[       0.221] TPM SPI initialized
[       0.230] 22 files found across 5 pages.
[       0.232] 6428 bytes of data.
[       0.235] 0 invalid and 5 free pages.
[       0.239] 0 erases since boot.
[       0.242] Partition |   File ID   | Bank | Page | Size
[       0.247]      0x03    0x01001007      0    241    158
[       0.252]      0x03    0x0100100d      0    241    180
[       0.258]      0x03    0x01800005      0    241    188
[       0.263]      0x03    0x01800006      0    243    184
[       0.268]      0x03    0x0100100a      0    244    188
[       0.274]      0x03    0x0100100e      0    244    180
[       0.279]      0x03    0x01001008      0    244    188
[       0.284]      0x03    0x81000000      0    244    314
[       0.290]      0x03    0x81000002      0    244    278
[       0.295]      0x03    0x81000005      0    246    310
[       0.300]      0x03    0x01800004      0    246    217
[       0.305] 664 bytes free in active pages.
[       0.310] Filesystem init took 86 ms.
[       0.313] PLT_RST_L ASSERTED
[       0.316] TPM SPI disabled (CS=true)
[       0.321] RBOX: deassert EC_RST_L
[       0.346] Valid CCD config found
[       0.349] RBOX: WP true
[       0.351] RBOX: WP true
[       0.354] AP RO verification result: OK (0xfffff000)
[       0.371] Key ladder state: Prod
[       0.394] Console is enabled
[       0.400] RBOX: WP true
[       0.404] EC_COMM: enabled
[       0.407] EC_COMM: disabled
[       0.807] EC_COMM: enabled
[       0.825] EFS2: boot_mode: TrustedRO -> Verified
[       0.830] EC_COMM: disabled
[       1.045] Servo: debouncing -> disconnected
[       1.313] PLT_RST_L DEASSERTED
[       1.350] TPM SPI enabled (CS=true)
[       1.449] Deferring NV write.
[       1.453] PinWeaver init
[       1.539] PCR0 updated
[       1.549] Deferring NV write.
[       3.386] ADC: connected: Servo-snk(dut:Rp3A0)
[       3.390] CCD_MODE:      asserted
[       3.394] USB: On
[       4.323] RBOX: power button pressed
[       4.406] ADC: disconnected
[       4.408] CCD_MODE:      deasserted
[       4.412] USB: Off
[       5.782] RBOX: power button released
[       5.785] Idle erase.
[       5.956] PLT_RST_L ASSERTED
[       5.968] TPM SPI couldn't set mode 0 (current=1, CS=true)
[       5.974] TPM SPI disabled (CS=true)
[      16.308] RBOX: power button pressed
[      16.345] RBOX: key-combo ec-reset
[      16.348] EFS2: boot_mode: Verified -> TrustedRO
[      16.834] PLT_RST_L DEASSERTED
[      16.837] TPM SPI enabled (CS=true)
[      16.970] Deferring NV write.
[      16.974] PinWeaver init
[      16.996] PCR0 updated
[      19.752] ADC: connected: Servo-snk(dut:Rp3A0)
[      19.756] CCD_MODE:      asserted
[      19.760] USB: On
[      20.785] ADC: disconnected
[      20.788] CCD_MODE:      deasserted
[      20.791] USB: Off
[      21.028] RBOX: power button released
[      23.416] PLT_RST_L ASSERTED
[      23.429] TPM SPI couldn't set mode 0 (current=1, CS=true)
[      23.435] TPM SPI disabled (CS=true)
[      23.487] EC_COMM: enabled
[      23.489] EC_COMM: disabled
[      23.892] EC_COMM: enabled
[      23.912] EFS2: boot_mode: TrustedRO -> Verified
[      23.916] EC_COMM: disabled
[      24.327] RBOX: power button pressed
[      24.573] PLT_RST_L DEASSERTED
[      24.576] TPM SPI enabled (CS=true)
[      24.708] Deferring NV write.
[      24.713] PinWeaver init
[      24.796] PCR0 updated
[      24.806] Deferring NV write.
[      26.023] Deferring NV write.
[      26.869] RBOX: power button released
[      27.428] ADC: connected: Servo-snk(dut:Rp3A0)
[      27.432] CCD_MODE:      asserted
[      27.436] USB: On
[      28.064] Idle erase.
[      28.445] ADC: disconnected
[      28.448] CCD_MODE:      deasserted
[      28.452] USB: Off
[      30.457] TPM SPI write (3d40008): non-zero value 87
[      35.767] Roll back counter 1
[      35.770] Kernel booted.
[      35.875] RBOX: WP true
[      44.081] Idle erase.
[      92.628] Wake source: 0x00000001
[      92.631] Which pin: 0x0200000000000000
[      97.632] Wake source: 0x00000000
[     153.523] Wake source: 0x00000001
[     153.526] Which pin: 0x0200000000000000
[     158.527] Wake source: 0x00000000
[     163.532] Wake source: 0x00000000
[     207.746] Wake source: 0x00000001
[     207.749] Which pin: 0x0200000000000000
[     214.531] Wake source: 0x00000001
[     214.534] Which pin: 0x0200000000000000
[     219.534] Wake source: 0x00000000
[     275.434] Wake source: 0x00000001
[     275.437] Which pin: 0x0200000000000000
[     320.322] Wake source: 0x00000001
[     320.325] Which pin: 0x0200000000000000
[     325.325] Wake source: 0x00000000
[     336.397] Wake source: 0x00000001
[     336.400] Which pin: 0x0200000000000000
[     336.404] Alert[4] = 0x800
[     341.401] Wake source: 0x00000000
[     351.754] Wake source: 0x00000001
[     351.757] Which pin: 0x0200000000000000
[     397.362] Wake source: 0x00000001
[     397.365] Which pin: 0x0200000000000000
[     402.365] Wake source: 0x00000000
[     458.269] Wake source: 0x00000001
[     458.272] Which pin: 0x0200000000000000
[     519.120] Wake source: 0x00000001
[     519.123] Which pin: 0x0200000000000000
[     519.127] Alert[4] = 0x800
[     579.965] Wake source: 0x00000001
[     579.968] Which pin: 0x0200000000000000
[     640.810] Wake source: 0x00000001
[     640.813] Which pin: 0x0200000000000000
[     658.996] Wake source: 0x00000001
[     658.999] Which pin: 0x0200000000000000
[     701.714] Wake source: 0x00000001
[     701.717] Which pin: 0x0200000000000000
[     762.559] Wake source: 0x00000001
[     762.562] Which pin: 0x0200000000000000
[     762.566] Alert[4] = 0x800
[     767.564] Wake source: 0x00000000
[     823.459] Wake source: 0x00000001
[     823.462] Which pin: 0x0200000000000000
[     823.466] Alert[4] = 0x800
[     884.305] Wake source: 0x00000001
[     884.308] Which pin: 0x0200000000000000
[     945.151] Wake source: 0x00000001
[     945.154] Which pin: 0x0200000000000000
[     950.155] Wake source: 0x00000000
[     955.160] Wake source: 0x00000000
[     966.327] Wake source: 0x00000001
[     966.330] Which pin: 0x0200000000000000
[    1006.163] Wake source: 0x00000001
[    1006.166] Which pin: 0x0200000000000000
[    1067.011] Wake source: 0x00000001
[    1067.014] Which pin: 0x0200000000000000
[    1127.857] Wake source: 0x00000001
[    1127.860] Which pin: 0x0200000000000000
[    1188.705] Wake source: 0x00000001
[    1188.708] Which pin: 0x0200000000000000
[    1193.708] Wake source: 0x00000000
[    1249.608] Wake source: 0x00000001
[    1249.611] Which pin: 0x0200000000000000
[    1273.525] Wake source: 0x00000001
[    1273.528] Which pin: 0x0200000000000000
[    1278.530] Wake source: 0x00000000
[    1283.534] Wake source: 0x00000000
[    1310.619] Wake source: 0x00000001
[    1310.622] Which pin: 0x0200000000000000
[    1310.626] Alert[4] = 0x800
[    1371.466] Wake source: 0x00000001
[    1371.469] Which pin: 0x0200000000000000
[    1432.316] Wake source: 0x00000001
[    1432.319] Which pin: 0x0200000000000000
[    1493.169] Wake source: 0x00000001
[    1493.172] Which pin: 0x0200000000000000
[    1493.176] Alert[4] = 0x800
[    1554.017] Wake source: 0x00000001
[    1554.020] Which pin: 0x0200000000000000
[    1580.784] Wake source: 0x00000001
[    1580.787] Which pin: 0x0200000000000000
[    1614.923] Wake source: 0x00000001
[    1614.926] Which pin: 0x0200000000000000
[    1614.930] Alert[4] = 0x800
[    1675.774] Wake source: 0x00000001
[    1675.777] Which pin: 0x0200000000000000
[    1675.781] Alert[4] = 0x800
[    1736.622] Wake source: 0x00000001
[    1736.625] Which pin: 0x0200000000000000
[    1797.471] Wake source: 0x00000001
[    1797.474] Which pin: 0x0200000000000000
[    1858.321] Wake source: 0x00000001
[    1858.324] Which pin: 0x0200000000000000
[    1887.939] Wake source: 0x00000001
[    1887.942] Which pin: 0x0200000000000000
[    1919.230] Wake source: 0x00000001
[    1919.233] Which pin: 0x0200000000000000
[    1919.237] Alert[4] = 0x800
[    1980.087] Wake source: 0x00000001
[    1980.090] Which pin: 0x0200000000000000
[    2040.943] Wake source: 0x00000001
[    2040.946] Which pin: 0x0200000000000000
[    2101.799] Wake source: 0x00000001
[    2101.802] Which pin: 0x0200000000000000
[    2162.653] Wake source: 0x00000001
[    2162.656] Which pin: 0x0200000000000000
[    2195.121] Wake source: 0x00000001
[    2195.124] Which pin: 0x0200000000000000
[    2223.566] Wake source: 0x00000001
[    2223.569] Which pin: 0x0200000000000000
[    2228.573] Wake source: 0x00000000
[    2284.478] Wake source: 0x00000001
[    2284.481] Which pin: 0x0200000000000000
[    2284.485] Alert[4] = 0x800
[    2345.335] Wake source: 0x00000001
[    2345.338] Which pin: 0x0200000000000000
[    2406.194] Wake source: 0x00000001
[    2406.197] Which pin: 0x0200000000000000
[    2467.054] Wake source: 0x00000001
[    2467.057] Which pin: 0x0200000000000000
[    2467.061] Alert[4] = 0x800
[    2502.371] Wake source: 0x00000001
[    2502.374] Which pin: 0x0200000000000000
[    2502.378] Alert[4] = 0x800
[    2527.969] Wake source: 0x00000001
[    2527.972] Which pin: 0x0200000000000000
[    2588.826] Wake source: 0x00000001
[    2588.829] Which pin: 0x0200000000000000
[    2649.679] Wake source: 0x00000001
[    2649.682] Which pin: 0x0200000000000000
[    2710.532] Wake source: 0x00000001
[    2710.535] Which pin: 0x0200000000000000
[    2710.539] Alert[4] = 0x800
[    2771.387] Wake source: 0x00000001
[    2771.390] Which pin: 0x0200000000000000
[    2809.550] Wake source: 0x00000001
[    2809.553] Which pin: 0x0200000000000000
[    2832.295] Wake source: 0x00000001
[    2832.298] Which pin: 0x0200000000000000
[    2893.151] Wake source: 0x00000001
[    2893.154] Which pin: 0x0200000000000000
[    2898.154] Wake source: 0x00000000
[    2954.062] Wake source: 0x00000001
[    2954.065] Which pin: 0x0200000000000000
[    3014.919] Wake source: 0x00000001
[    3014.922] Which pin: 0x0200000000000000
[    3014.926] Alert[4] = 0x800
[    3019.923] Wake source: 0x00000000
[    3075.829] Wake source: 0x00000001
[    3075.832] Which pin: 0x0200000000000000
[    3116.843] Wake source: 0x00000001
[    3116.846] Which pin: 0x0200000000000000
[    3116.850] Alert[4] = 0x800
[    3121.846] Wake source: 0x00000000
[    3126.852] Wake source: 0x00000000
[    3136.846] Wake source: 0x00000001
[    3136.849] Which pin: 0x0200000000000000
[    3136.853] Alert[4] = 0x800
[    3197.704] Wake source: 0x00000001
[    3197.707] Which pin: 0x0200000000000000
[    3258.561] Wake source: 0x00000001
[    3258.564] Which pin: 0x0200000000000000
[    3319.418] Wake source: 0x00000001
[    3319.421] Which pin: 0x0200000000000000
[    3380.275] Wake source: 0x00000001
[    3380.278] Which pin: 0x0200000000000000
[    3424.141] Wake source: 0x00000001
[    3424.144] Which pin: 0x0200000000000000
[    3424.148] Alert[4] = 0x800
[    3441.187] Wake source: 0x00000001
[    3441.190] Which pin: 0x0200000000000000
[    3502.045] Wake source: 0x00000001
[    3502.048] Which pin: 0x0200000000000000
[    3507.050] Wake source: 0x00000000
[    3562.955] Wake source: 0x00000001
[    3562.958] Which pin: 0x0200000000000000
[    3604.054] Wake source: 0x00000001
[    3604.057] Which pin: 0x0200000000000000
[    3604.061] Alert[4] = 0x800
[    3623.868] Wake source: 0x00000001
[    3623.871] Which pin: 0x0200000000000000
[    3684.726] Wake source: 0x00000001
[    3684.729] Which pin: 0x0200000000000000
[    3684.733] Alert[4] = 0x800
[    3731.444] Wake source: 0x00000001
[    3731.447] Which pin: 0x0200000000000000
[    3745.640] Wake source: 0x00000001
[    3745.643] Which pin: 0x0200000000000000
[    3806.500] Wake source: 0x00000001
[    3806.503] Which pin: 0x0200000000000000
[    3867.360] Wake source: 0x00000001
[    3867.363] Which pin: 0x0200000000000000
[    3928.216] Wake source: 0x00000001
[    3928.219] Which pin: 0x0200000000000000
[    3928.223] Alert[4] = 0x800
[    3989.071] Wake source: 0x00000001
[    3989.074] Which pin: 0x0200000000000000
[    4038.632] Wake source: 0x00000001
[    4038.635] Which pin: 0x0200000000000000
[    4049.980] Wake source: 0x00000001
[    4049.983] Which pin: 0x0200000000000000
[    4110.835] Wake source: 0x00000001
[    4110.838] Which pin: 0x0200000000000000
[    4115.841] Wake source: 0x00000000
[    4171.744] Wake source: 0x00000001
[    4171.747] Which pin: 0x0200000000000000
[    4232.602] Wake source: 0x00000001
[    4232.605] Which pin: 0x0200000000000000
[    4237.605] Wake source: 0x00000000
[    4293.514] Wake source: 0x00000001
[    4293.517] Which pin: 0x0200000000000000
[    4293.521] Alert[4] = 0x800
[    4298.520] Wake source: 0x00000000
[    4303.522] Wake source: 0x00000000
[    4346.035] Wake source: 0x00000001
[    4346.038] Which pin: 0x0200000000000000
[    4351.040] Wake source: 0x00000000
[    4415.408] Wake source: 0x00000001
[    4415.411] Which pin: 0x0200000000000000
[    4415.415] Alert[4] = 0x800
[    4420.411] Wake source: 0x00000000
[    4476.321] Wake source: 0x00000001
[    4476.324] Which pin: 0x0200000000000000
[    4537.177] Wake source: 0x00000001
[    4537.180] Which pin: 0x0200000000000000
[    4598.034] Wake source: 0x00000001
[    4598.037] Which pin: 0x0200000000000000
[    4598.041] Alert[4] = 0x800
[    4603.038] Wake source: 0x00000000
[    4608.041] Wake source: 0x00000000
[    4653.399] Wake source: 0x00000001
[    4653.402] Which pin: 0x0200000000000000
[    4659.052] Wake source: 0x00000001
[    4659.055] Which pin: 0x0200000000000000
[    4719.910] Wake source: 0x00000001
[    4719.913] Which pin: 0x0200000000000000
[    4724.913] Wake source: 0x00000000
[    4780.819] Wake source: 0x00000001
[    4780.822] Which pin: 0x0200000000000000
[    4841.678] Wake source: 0x00000001
[    4841.681] Which pin: 0x0200000000000000
[    4902.537] Wake source: 0x00000001
[    4902.540] Which pin: 0x0200000000000000
[    4960.649] Wake source: 0x00000001
[    4960.652] Which pin: 0x0200000000000000
[    4960.656] Alert[4] = 0x800
[    5024.269] Wake source: 0x00000001
[    5024.272] Which pin: 0x0200000000000000
[    5024.276] Alert[4] = 0x800
[    5085.132] Wake source: 0x00000001
[    5085.135] Which pin: 0x0200000000000000
[    5090.139] Wake source: 0x00000000
[    5146.051] Wake source: 0x00000001
[    5146.054] Which pin: 0x0200000000000000
[    5146.058] Alert[4] = 0x800
[    5206.914] Wake source: 0x00000001
[    5206.917] Which pin: 0x0200000000000000
[    5267.777] Wake source: 0x00000001
[    5267.780] Which pin: 0x0200000000000000
[    5328.640] Wake source: 0x00000001
[    5328.643] Which pin: 0x0200000000000000
[    5328.647] Alert[4] = 0x800
[    5389.503] Wake source: 0x00000001
[    5389.506] Which pin: 0x0200000000000000
[    5450.367] Wake source: 0x00000001
[    5450.370] Which pin: 0x0200000000000000
[    5450.374] Alert[4] = 0x800
[    5511.231] Wake source: 0x00000001
[    5511.234] Which pin: 0x0200000000000000
[    5572.095] Wake source: 0x00000001
[    5572.098] Which pin: 0x0200000000000000
[    5572.102] Alert[4] = 0x800
[    5632.970] Wake source: 0x00000001
[    5632.973] Which pin: 0x0200000000000000
[    5632.977] Alert[4] = 0x800
[    5693.835] Wake source: 0x00000001
[    5693.838] Which pin: 0x0200000000000000
[    5693.842] Alert[4] = 0x800
[    5754.698] Wake source: 0x00000001
[    5754.701] Which pin: 0x0200000000000000
[    5759.702] Wake source: 0x00000000
[    5815.613] Wake source: 0x00000001
[    5815.616] Which pin: 0x0200000000000000
[    5820.616] Wake source: 0x00000000
[    5825.621] Wake source: 0x00000000
[    5876.580] Wake source: 0x00000001
[    5876.583] Which pin: 0x0200000000000000
[    5882.433] Wake source: 0x00000001
[    5882.436] Which pin: 0x0200000000000000
[    5882.440] Alert[4] = 0x800
[    5937.496] Wake source: 0x00000001
[    5937.499] Which pin: 0x0200000000000000
[    5998.360] Wake source: 0x00000001
[    5998.363] Which pin: 0x0200000000000000
[    6003.363] Wake source: 0x00000000
[    6059.275] Wake source: 0x00000001
[    6059.278] Which pin: 0x0200000000000000
[    6064.279] Wake source: 0x00000000
[    6120.192] Wake source: 0x00000001
[    6120.195] Which pin: 0x0200000000000000
[    6181.056] Wake source: 0x00000001
[    6181.059] Which pin: 0x0200000000000000
[    6189.758] Wake source: 0x00000001
[    6189.761] Which pin: 0x0200000000000000
[    6189.765] Alert[4] = 0x800
[    6241.971] Wake source: 0x00000001
[    6241.974] Which pin: 0x0200000000000000
[    6241.978] Alert[4] = 0x800
[    6302.832] Wake source: 0x00000001
[    6302.835] Which pin: 0x0200000000000000
[    6302.839] Alert[4] = 0x800
[    6307.837] Wake source: 0x00000000
[    6363.751] Wake source: 0x00000001
[    6363.754] Which pin: 0x0200000000000000
[    6363.758] Alert[4] = 0x800
[    6424.613] Wake source: 0x00000001
[    6424.616] Which pin: 0x0200000000000000
[    6485.474] Wake source: 0x00000001
[    6485.477] Which pin: 0x0200000000000000
[    6497.025] Wake source: 0x00000001
[    6497.028] Which pin: 0x0200000000000000
[    6546.390] Wake source: 0x00000001
[    6546.393] Which pin: 0x0200000000000000
[    6551.393] Wake source: 0x00000000
[    6607.307] Wake source: 0x00000001
[    6607.310] Which pin: 0x0200000000000000
[    6612.312] Wake source: 0x00000000
[    6668.220] Wake source: 0x00000001
[    6668.223] Which pin: 0x0200000000000000
[    6668.227] Alert[4] = 0x800
[    6673.225] Wake source: 0x00000000
[    6729.135] Wake source: 0x00000001
[    6729.138] Which pin: 0x0200000000000000
[    6789.997] Wake source: 0x00000001
[    6790.000] Which pin: 0x0200000000000000
[    6790.004] Alert[4] = 0x800
[    6795.000] Wake source: 0x00000000
[    6804.451] Wake source: 0x00000001
[    6804.454] Which pin: 0x0200000000000000
[    6804.459] Alert[4] = 0x800
[    6850.967] Wake source: 0x00000001
[    6850.970] Which pin: 0x0200000000000000
[    6850.974] Alert[4] = 0x800
[    6855.972] Wake source: 0x00000000
[    6911.884] Wake source: 0x00000001
[    6911.887] Which pin: 0x0200000000000000
[    6911.891] Alert[4] = 0x800
[    6972.747] Wake source: 0x00000001
[    6972.750] Which pin: 0x0200000000000000
[    7033.610] Wake source: 0x00000001
[    7033.613] Which pin: 0x0200000000000000
[    7038.618] Wake source: 0x00000000
[    7094.526] Wake source: 0x00000001
[    7094.529] Which pin: 0x0200000000000000
[    7111.776] Wake source: 0x00000001
[    7111.779] Which pin: 0x0200000000000000
[    7155.445] Wake source: 0x00000001
[    7155.448] Which pin: 0x0200000000000000
[    7171.863] Wake source: 0x00000001
[    7171.866] Which pin: 0x0200000000000000
[    7216.363] Wake source: 0x00000001
[    7216.366] Which pin: 0x0200000000000000
[    7277.231] Wake source: 0x00000001
[    7277.234] Which pin: 0x0200000000000000
[    7277.238] Alert[4] = 0x800
[    7282.235] Wake source: 0x00000000
[    7338.146] Wake source: 0x00000001
[    7338.149] Which pin: 0x0200000000000000
[    7399.009] Wake source: 0x00000001
[    7399.012] Which pin: 0x0200000000000000
[    7419.107] Wake source: 0x00000001
[    7419.111] Which pin: 0x0200000000000000
[    7424.111] Wake source: 0x00000000
[    7429.115] Wake source: 0x00000000
[    7460.031] Wake source: 0x00000001
[    7460.034] Which pin: 0x0200000000000000
[    7520.892] Wake source: 0x00000001
[    7520.895] Which pin: 0x0200000000000000
[    7525.895] Wake source: 0x00000000
[    7581.809] Wake source: 0x00000001
[    7581.812] Which pin: 0x0200000000000000
[    7581.816] Alert[4] = 0x800
[    7642.673] Wake source: 0x00000001
[    7642.676] Which pin: 0x0200000000000000
[    7642.680] Alert[4] = 0x800
[    7647.677] Wake source: 0x00000000
[    7652.683] Wake source: 0x00000000
[    7703.644] Wake source: 0x00000001
[    7703.647] Which pin: 0x0200000000000000
[    7726.594] Wake source: 0x00000001
[    7726.597] Which pin: 0x0200000000000000
[    7764.566] Wake source: 0x00000001
[    7764.569] Which pin: 0x0200000000000000
[    7764.573] Alert[4] = 0x800
[    7769.569] Wake source: 0x00000000
[    7825.482] Wake source: 0x00000001
[    7825.485] Which pin: 0x0200000000000000
[    7825.489] Alert[4] = 0x800
[    7886.344] Wake source: 0x00000001
[    7886.347] Which pin: 0x0200000000000000
[    7947.208] Wake source: 0x00000001
[    7947.211] Which pin: 0x0200000000000000
[    7947.215] Alert[4] = 0x800
[    8008.074] Wake source: 0x00000001
[    8008.077] Which pin: 0x0200000000000000
[    8033.876] Wake source: 0x00000001
[    8033.879] Which pin: 0x0200000000000000
[    8033.883] Alert[4] = 0x800
[    8068.995] Wake source: 0x00000001
[    8068.998] Which pin: 0x0200000000000000
[    8129.861] Wake source: 0x00000001
[    8129.864] Which pin: 0x0200000000000000
[    8129.868] Alert[4] = 0x800
[    8190.725] Wake source: 0x00000001
[    8190.728] Which pin: 0x0200000000000000
[    8190.732] Alert[4] = 0x800
[    8251.589] Wake source: 0x00000001
[    8251.592] Which pin: 0x0200000000000000
[    8251.596] Alert[4] = 0x800
[    8312.455] Wake source: 0x00000001
[    8312.458] Which pin: 0x0200000000000000
[    8312.462] Alert[4] = 0x800
[    8341.102] Wake source: 0x00000001
[    8341.105] Which pin: 0x0200000000000000
[    8346.106] Wake source: 0x00000000
[    8373.425] Wake source: 0x00000001
[    8373.428] Which pin: 0x0200000000000000
[    8373.432] Alert[4] = 0x800
[    8434.293] Wake source: 0x00000001
[    8434.296] Which pin: 0x0200000000000000
[    8434.300] Alert[4] = 0x800
[    8495.162] Wake source: 0x00000001
[    8495.165] Which pin: 0x0200000000000000
[    8495.169] Alert[4] = 0x800
[    8556.032] Wake source: 0x00000001
[    8556.035] Which pin: 0x0200000000000000
[    8556.039] Alert[4] = 0x800
[    8616.903] Wake source: 0x00000001
[    8616.906] Which pin: 0x0200000000000000
[    8648.405] Wake source: 0x00000001
[    8648.408] Which pin: 0x0200000000000000
[    8677.826] Wake source: 0x00000001
[    8677.829] Which pin: 0x0200000000000000
[    8738.692] Wake source: 0x00000001
[    8738.695] Which pin: 0x0200000000000000
[    8738.699] Alert[4] = 0x800
[    8799.558] Wake source: 0x00000001
[    8799.561] Which pin: 0x0200000000000000
[    8799.565] Alert[4] = 0x800
[    8804.564] Wake source: 0x00000000
[    8809.568] Wake source: 0x00000000
[    8814.572] Wake source: 0x00000000
[    8819.575] Wake source: 0x00000000
[    8860.634] Wake source: 0x00000001
[    8860.637] Which pin: 0x0200000000000000
[    8921.500] Wake source: 0x00000001
[    8921.503] Which pin: 0x0200000000000000
[    8921.507] Alert[4] = 0x800
[    8955.849] Wake source: 0x00000001
[    8955.852] Which pin: 0x0200000000000000
[    8982.422] Wake source: 0x00000001
[    8982.425] Which pin: 0x0200000000000000
[    8982.429] Alert[4] = 0x800
[    9043.291] Wake source: 0x00000001
[    9043.294] Which pin: 0x0200000000000000
[    9104.159] Wake source: 0x00000001
[    9104.162] Which pin: 0x0200000000000000
[    9104.166] Alert[4] = 0x800
[    9109.163] Wake source: 0x00000000
[    9165.082] Wake source: 0x00000001
[    9165.085] Which pin: 0x0200000000000000
[    9170.084] Wake source: 0x00000000
[    9226.007] Wake source: 0x00000001
[    9226.010] Which pin: 0x0200000000000000
[    9263.223] Wake source: 0x00000001
[    9263.226] Which pin: 0x0200000000000000
[    9286.933] Wake source: 0x00000001
[    9286.936] Which pin: 0x0200000000000000
[    9291.941] Wake source: 0x00000000
[    9347.856] Wake source: 0x00000001
[    9347.859] Which pin: 0x0200000000000000
[    9347.863] Alert[4] = 0x800
[    9352.861] Wake source: 0x00000000
[    9408.780] Wake source: 0x00000001
[    9408.783] Which pin: 0x0200000000000000
[    9408.787] Alert[4] = 0x800
[    9469.651] Wake source: 0x00000001
[    9469.654] Which pin: 0x0200000000000000
[    9530.522] Wake source: 0x00000001
[    9530.525] Which pin: 0x0200000000000000
[    9530.529] Alert[4] = 0x800
[    9570.588] Wake source: 0x00000001
[    9570.590] Which pin: 0x0200000000000000
[    9591.446] Wake source: 0x00000001
[    9591.449] Which pin: 0x0200000000000000
[    9652.317] Wake source: 0x00000001
[    9652.320] Which pin: 0x0200000000000000
[    9652.324] Alert[4] = 0x800
[    9713.189] Wake source: 0x00000001
[    9713.192] Which pin: 0x0200000000000000
[    9718.197] Wake source: 0x00000000
[    9774.113] Wake source: 0x00000001
[    9774.116] Which pin: 0x0200000000000000
[    9834.983] Wake source: 0x00000001
[    9834.986] Which pin: 0x0200000000000000
[    9834.990] Alert[4] = 0x800
[    9839.986] Wake source: 0x00000000
[    9877.949] Wake source: 0x00000001
[    9877.952] Which pin: 0x0200000000000000
[    9895.958] Wake source: 0x00000001
[    9895.961] Which pin: 0x0200000000000000
[    9900.963] Wake source: 0x00000000
[    9905.968] Wake source: 0x00000000
[    9910.972] Wake source: 0x00000000
[    9915.977] Wake source: 0x00000000
[    9957.039] Wake source: 0x00000001
[    9957.042] Which pin: 0x0200000000000000
[   10017.910] Wake source: 0x00000001
[   10017.913] Which pin: 0x0200000000000000
[   10078.782] Wake source: 0x00000001
[   10078.785] Which pin: 0x0200000000000000
[   10078.789] Alert[4] = 0x800
[   10083.785] Wake source: 0x00000000
[   10139.704] Wake source: 0x00000001
[   10139.707] Which pin: 0x0200000000000000
[   10139.711] Alert[4] = 0x800
[   10185.469] Wake source: 0x00000001
[   10185.472] Which pin: 0x0200000000000000
[   10185.476] Alert[4] = 0x800
[   10200.628] Wake source: 0x00000001
[   10200.631] Which pin: 0x0200000000000000
[   10261.502] Wake source: 0x00000001
[   10261.505] Which pin: 0x0200000000000000
[   10261.509] Alert[4] = 0x800
[   10266.507] Wake source: 0x00000000
[   10271.510] Wake source: 0x00000000
[   10322.479] Wake source: 0x00000001
[   10322.482] Which pin: 0x0200000000000000
[   10322.486] Alert[4] = 0x800
[   10383.349] Wake source: 0x00000001
[   10383.352] Which pin: 0x0200000000000000
[   10444.221] Wake source: 0x00000001
[   10444.224] Which pin: 0x0200000000000000
[   10492.852] Wake source: 0x00000001
[   10492.855] Which pin: 0x0200000000000000
[   10492.859] Alert[4] = 0x800
[   10505.144] Wake source: 0x00000001
[   10505.147] Which pin: 0x0200000000000000
[   10566.015] Wake source: 0x00000001
[   10566.018] Which pin: 0x0200000000000000
[   10626.889] Wake source: 0x00000001
[   10626.892] Which pin: 0x0200000000000000
[   10631.897] Wake source: 0x00000000
[   10687.813] Wake source: 0x00000001
[   10687.816] Which pin: 0x0200000000000000
[   10740.368] Wake source: 0x00000001
[   10740.371] Which pin: 0x0200000000000000
[   10740.375] Alert[4] = 0x800
[   10748.739] Wake source: 0x00000001
[   10748.742] Which pin: 0x0200000000000000
[   10800.224] Wake source: 0x00000001
[   10800.227] Which pin: 0x0200000000000000
[   10800.231] Alert[4] = 0x800
[   10809.669] Wake source: 0x00000001
[   10809.672] Which pin: 0x0200000000000000
[   10870.546] Wake source: 0x00000001
[   10870.549] Which pin: 0x0200000000000000
[   10931.424] Wake source: 0x00000001
[   10931.427] Which pin: 0x0200000000000000
[   10992.302] Wake source: 0x00000001
[   10992.305] Which pin: 0x0200000000000000
[   11053.182] Wake source: 0x00000001
[   11053.185] Which pin: 0x0200000000000000
[   11107.519] Wake source: 0x00000001
[   11107.522] Which pin: 0x0200000000000000
[   11114.113] Wake source: 0x00000001
[   11114.116] Which pin: 0x0200000000000000
[   11114.120] Alert[4] = 0x800
[   11174.989] Wake source: 0x00000001
[   11174.992] Which pin: 0x0200000000000000
[   11179.994] Wake source: 0x00000000
[   11235.917] Wake source: 0x00000001
[   11235.920] Which pin: 0x0200000000000000
[   11235.924] Alert[4] = 0x800
[   11240.921] Wake source: 0x00000000
[   11245.926] Wake source: 0x00000000
[   11296.899] Wake source: 0x00000001
[   11296.902] Which pin: 0x0200000000000000
[   11296.906] Alert[4] = 0x800
[   11301.903] Wake source: 0x00000000
[   11357.830] Wake source: 0x00000001
[   11357.833] Which pin: 0x0200000000000000
[   11362.833] Wake source: 0x00000000
[   11415.073] Wake source: 0x00000001
[   11415.076] Which pin: 0x0200000000000000
[   11479.656] Wake source: 0x00000001
[   11479.659] Which pin: 0x0200000000000000
[   11540.534] Wake source: 0x00000001
[   11540.537] Which pin: 0x0200000000000000
[   11540.541] Alert[4] = 0x800
[   11601.413] Wake source: 0x00000001
[   11601.416] Which pin: 0x0200000000000000
[   11662.287] Wake source: 0x00000001
[   11662.290] Which pin: 0x0200000000000000
[   11722.336] Wake source: 0x00000001
[   11722.339] Which pin: 0x0200000000000000
[   11784.037] Wake source: 0x00000001
[   11784.040] Which pin: 0x0200000000000000
[   11784.044] Alert[4] = 0x800
[   11844.914] Wake source: 0x00000001
[   11844.917] Which pin: 0x0200000000000000
[   11849.917] Wake source: 0x00000000
[   11854.921] Wake source: 0x00000000
[   11859.926] Wake source: 0x00000000
[   11864.937] Wake source: 0x00000000
[   11906.000] Wake source: 0x00000001
[   11906.003] Which pin: 0x0200000000000000
[   11966.877] Wake source: 0x00000001
[   11966.880] Which pin: 0x0200000000000000
[   12027.753] Wake source: 0x00000001
[   12027.756] Which pin: 0x0200000000000000
[   12027.760] Alert[4] = 0x800
[   12088.631] Wake source: 0x00000001
[   12088.634] Which pin: 0x0200000000000000
[   12149.510] Wake source: 0x00000001
[   12149.513] Which pin: 0x0200000000000000
[   12149.517] Alert[4] = 0x800
[   12210.385] Wake source: 0x00000001
[   12210.388] Which pin: 0x0200000000000000
[   12271.263] Wake source: 0x00000001
[   12271.266] Which pin: 0x0200000000000000
[   12332.145] Wake source: 0x00000001
[   12332.148] Which pin: 0x0200000000000000
[   12332.152] Alert[4] = 0x800
[   12393.055] Wake source: 0x00000001
[   12393.058] Which pin: 0x0200000000000000
[   12453.937] Wake source: 0x00000001
[   12453.940] Which pin: 0x0200000000000000
[   12514.816] Wake source: 0x00000001
[   12514.819] Which pin: 0x0200000000000000
[   12519.820] Wake source: 0x00000000
[   12575.749] Wake source: 0x00000001
[   12575.752] Which pin: 0x0200000000000000
[   12580.753] Wake source: 0x00000000
[   12636.682] Wake source: 0x00000001
[   12636.685] Which pin: 0x0200000000000000
[   12644.459] Wake source: 0x00000001
[   12644.462] Which pin: 0x0200000000000000
[   12697.614] Wake source: 0x00000001
[   12697.617] Which pin: 0x0200000000000000
[   12758.493] Wake source: 0x00000001
[   12758.496] Which pin: 0x0200000000000000
[   12819.372] Wake source: 0x00000001
[   12819.375] Which pin: 0x0200000000000000
[   12880.251] Wake source: 0x00000001
[   12880.254] Which pin: 0x0200000000000000
[   12885.255] Wake source: 0x00000000
[   12941.183] Wake source: 0x00000001
[   12941.186] Which pin: 0x0200000000000000
[   12941.190] Alert[4] = 0x800
[   12951.810] Wake source: 0x00000001
[   12951.813] Which pin: 0x0200000000000000
[   13002.115] Wake source: 0x00000001
[   13002.118] Which pin: 0x0200000000000000
[   13002.122] Alert[4] = 0x800
[   13062.996] Wake source: 0x00000001
[   13062.999] Which pin: 0x0200000000000000
[   13068.000] Wake source: 0x00000000
[   13123.928] Wake source: 0x00000001
[   13123.931] Which pin: 0x0200000000000000
[   13123.935] Alert[4] = 0x800
[   13128.932] Wake source: 0x00000000
[   13184.858] Wake source: 0x00000001
[   13184.861] Which pin: 0x0200000000000000
[   13245.736] Wake source: 0x00000001
[   13245.739] Which pin: 0x0200000000000000
[   13245.743] Alert[4] = 0x800
[   13259.214] Wake source: 0x00000001
[   13259.217] Which pin: 0x0200000000000000
[   13259.221] Alert[4] = 0x800
[   13306.668] Wake source: 0x00000001
[   13306.671] Which pin: 0x0200000000000000
[   13306.675] Alert[4] = 0x800
[   13367.545] Wake source: 0x00000001
[   13367.548] Which pin: 0x0200000000000000
[   13428.420] Wake source: 0x00000001
[   13428.423] Which pin: 0x0200000000000000
[   13489.300] Wake source: 0x00000001
[   13489.303] Which pin: 0x0200000000000000
[   13550.177] Wake source: 0x00000001
[   13550.180] Which pin: 0x0200000000000000
[   13566.504] Wake source: 0x00000001
[   13566.507] Which pin: 0x0200000000000000
[   13571.515] Wake source: 0x00000000
[   13611.156] Wake source: 0x00000001
[   13611.159] Which pin: 0x0200000000000000
[   13672.032] Wake source: 0x00000001
[   13672.035] Which pin: 0x0200000000000000
[   13732.908] Wake source: 0x00000001
[   13732.911] Which pin: 0x0200000000000000
[   13793.785] Wake source: 0x00000001
[   13793.788] Which pin: 0x0200000000000000
[   13793.792] Alert[4] = 0x800
[   13854.660] Wake source: 0x00000001
[   13854.663] Which pin: 0x0200000000000000
[   13873.836] Wake source: 0x00000001
[   13873.839] Which pin: 0x0200000000000000
[   13915.590] Wake source: 0x00000001
[   13915.593] Which pin: 0x0200000000000000
[   13915.597] Alert[4] = 0x800
[   13976.467] Wake source: 0x00000001
[   13976.470] Which pin: 0x0200000000000000
[   14037.344] Wake source: 0x00000001
[   14037.347] Which pin: 0x0200000000000000
[   14042.349] Wake source: 0x00000000
[   14098.274] Wake source: 0x00000001
[   14098.277] Which pin: 0x0200000000000000
[   14098.281] Alert[4] = 0x800
[   14159.152] Wake source: 0x00000001
[   14159.155] Which pin: 0x0200000000000000
[   14159.159] Alert[4] = 0x800
[   14181.179] Wake source: 0x00000001
[   14181.182] Which pin: 0x0200000000000000
[   14220.082] Wake source: 0x00000001
[   14220.085] Which pin: 0x0200000000000000
[   14280.962] Wake source: 0x00000001
[   14280.965] Which pin: 0x0200000000000000
[   14308.837] Wake source: 0x00000001
[   14308.840] Which pin: 0x0200000000000000
[   14341.895] Wake source: 0x00000001
[   14341.898] Which pin: 0x0200000000000000
[   14402.775] Wake source: 0x00000001
[   14402.778] Which pin: 0x0200000000000000
[   14463.655] Wake source: 0x00000001
[   14463.658] Which pin: 0x0200000000000000
[   14463.662] Alert[4] = 0x800
[   14488.533] Wake source: 0x00000001
[   14488.536] Which pin: 0x0200000000000000
s.
[       0.221] TPM SPI initialized
[       0.231] 22 files found across 5 pages.
[       0.232] 6428 bytes of data.
[       0.235] 0 invalid and 5 free pages.
[       0.239] 0 erases since boot.
[       0.242] Partition |   File ID   | Bank | Page | Size
[       0.247]      0x03    0x01001007      0    239    158
[       0.253]      0x03    0x0100100d      0    239    180
[       0.258]      0x03    0x01800005      0    239    188
[       0.263]      0x03    0x01800006      0    239    184
[       0.269]      0x03    0x0100100a      0    244    188
[       0.274]      0x03    0x0100100e      0    244    180
[       0.279]      0x03    0x01001008      0    244    188
[       0.285]      0x03    0x81000000      0    244    314
[       0.290]      0x03    0x81000002      0    244    278
[       0.295]      0x03    0x81000005      0    246    310
[       0.300]      0x03    0x01800004      0    246    217
[       0.306] 840 bytes free in active pages.
[       0.310] Filesystem init took 86 ms.
[       0.314] PLT_RST_L ASSERTED
[       0.317] TPM SPI disabled (CS=true)
[       0.321] RBOX: deassert EC_RST_L
[       0.346] Valid CCD config found
[       0.350] RBOX: WP true
[       0.352] RBOX: WP true
[       0.354] AP RO verification result: OK (0xfffff000)
[       0.372] Key ladder state: Prod
[       0.395] Console is enabled
[       0.401] RBOX: WP true
[       0.404] EC_COMM: enabled
[       0.407] EC_COMM: disabled
[       0.807] EC_COMM: enabled
[       0.825] EFS2: boot_mode: TrustedRO -> Verified
[       0.830] EC_COMM: disabled
[       1.046] Servo: debouncing -> disconnected
[       1.314] PLT_RST_L DEASSERTED
[       1.351] TPM SPI enabled (CS=true)
[       1.449] Deferring NV write.
[       1.454] PinWeaver init
[       1.540] PCR0 updated
[       1.550] Deferring NV write.
[       3.075] RBOX: power button pressed
[       3.145] RBOX: key-combo ec-reset
[       3.159] PLT_RST_L ASSERTED
[       3.162] TPM SPI couldn't set mode 0 (current=1, CS=t