/dev/root / ext2 ro,seclabel,relatime 0 0
devtmpfs /dev devtmpfs rw,seclabel,nosuid,noexec,relatime,size=1988164k,nr_inodes=497041,mode=755 0 0
devpts /dev/pts devpts rw,seclabel,nosuid,noexec,relatime,gid=5,mode=620,ptmxmode=666 0 0
tmpfs /dev/shm tmpfs rw,seclabel,nosuid,nodev,noexec,relatime 0 0
proc /proc proc rw,nosuid,nodev,noexec,relatime 0 0
sysfs /sys sysfs rw,seclabel,nosuid,nodev,noexec,relatime 0 0
tmpfs /tmp tmpfs rw,seclabel,nosuid,nodev,noexec,relatime,nosymfollow 0 0
tmpfs /run tmpfs rw,seclabel,nosuid,nodev,noexec,relatime,mode=755 0 0
none /sys/fs/cgroup tmpfs rw,seclabel,nosuid,nodev,noexec,relatime,mode=755 0 0
cgroup /sys/fs/cgroup/blkio cgroup rw,nosuid,nodev,noexec,relatime,blkio 0 0
selinuxfs /sys/fs/selinux selinuxfs rw,nosuid,noexec,relatime 0 0
pstore /sys/fs/pstore pstore rw,seclabel,nosuid,nodev,noexec,relatime 0 0
/dev/loop0 /run/chromeos-config/private squashfs ro,seclabel,nosuid,nodev,noexec,relatime,errors=continue 0 0
/dev/loop0 /run/chromeos-config/v1 squashfs ro,seclabel,nosuid,nodev,noexec,relatime,errors=continue 0 0
debugfs /sys/kernel/debug debugfs rw,seclabel,nosuid,nodev,noexec,relatime,gid=605,mode=750 0 0
tracefs /sys/kernel/tracing tracefs rw,seclabel,nosuid,nodev,noexec,relatime,mode=755 0 0
configfs /sys/kernel/config configfs rw,nosuid,nodev,noexec,relatime 0 0
bpf /sys/fs/bpf bpf rw,nosuid,nodev,noexec,relatime,gid=430,mode=770 0 0
securityfs /sys/kernel/security securityfs rw,nosuid,nodev,noexec,relatime 0 0
tmpfs /run/namespaces tmpfs rw,seclabel,nosuid,nodev,noexec,relatime,mode=755 0 0
/dev/4SYTOAIEXDA9Y5S3/unencrypted /mnt/stateful_partition ext4 rw,seclabel,nosuid,nodev,noexec,noatime,discard,resgid=20119,commit=600,stripe=16 0 0
/dev/mmcblk0p8 /usr/share/oem ext4 ro,seclabel,nosuid,nodev,noexec,relatime 0 0
/dev/4SYTOAIEXDA9Y5S3/unencrypted /home ext4 rw,seclabel,nosuid,nodev,noexec,noatime,nosymfollow,discard,resgid=20119,commit=600,stripe=16 0 0
/dev/mapper/encstateful /mnt/stateful_partition/encrypted ext4 rw,seclabel,nosuid,nodev,noexec,noatime,discard,commit=600,stripe=16 0 0
/dev/mapper/encstateful /var ext4 rw,seclabel,nosuid,nodev,noexec,noatime,discard,commit=600,stripe=16 0 0
/dev/mapper/encstateful /home/chronos ext4 rw,seclabel,nosuid,nodev,noexec,noatime,discard,commit=600,stripe=16 0 0
