2026-09-27T13:49:59.907326Z INFO secagentd[1821]: BypassPolicyForTesting:0,BypassEnqOkWaitForTesting:0,StopReportingForUnaffiliatedUsers:0,HeartbeatPeriodSeconds:300,PluginBatchIntervalSeconds:120,FeaturePollIntervalSeconds:600
2026-09-27T13:49:59.908859Z INFO secagentd[1821]: Set device boot time to 1790516992
2026-09-27T13:49:59.909394Z INFO secagentd[1821]: Device timezone set to America/Chicago
2026-09-27T13:50:00.173922Z INFO secagentd[1821]: Feature CrOSLateBootSecagentdXDRReportingchanged to 1
2026-09-27T13:50:00.173958Z INFO secagentd[1821]: Feature CrOSLateBootSecagentdCoalesceTerminateschanged to 1
2026-09-27T13:50:00.173977Z INFO secagentd[1821]: Feature CrOSLateBootSecagentdXDRNetworkEventschanged to 1
2026-09-27T13:50:00.173995Z INFO secagentd[1821]: Feature CrOSLateBootSecagentdXDRAuthenticateEventschanged to 1
2026-09-27T13:50:00.174029Z INFO secagentd[1821]: Feature CrOSLateBootSecagentdXDRFileEventschanged to 1
2026-09-27T13:50:00.175333Z INFO secagentd[1821]: Process filter rules created:
2026-09-27T13:50:00.175359Z INFO secagentd[1821]: PARENT: SHA256:4352A7367E92DE1388D9C052E9226530421B8D9699FC4F9DF20487C6101D188E pathname:/bin/sh
2026-09-27T13:50:00.175375Z INFO secagentd[1821]: Commands:
2026-09-27T13:50:00.175392Z INFO secagentd[1821]: '/bin/sh' '/usr/share/cros/init/temp_logger.sh'
2026-09-27T13:50:00.175408Z INFO secagentd[1821]: '/bin/sh' '/usr/local/libexec/recover-duts/recover_duts'
2026-09-27T13:50:00.175425Z INFO secagentd[1821]: '/bin/sh' '/usr/local/libexec/recover-duts/hooks/check_ethernet.hook'
2026-09-27T13:50:00.175442Z INFO secagentd[1821]: PROCESS: SHA256:E3E3243CDF1F0A9B913EA845D559A027CEF80FBB5FF877660371B6F1296AB713 pathname:/sbin/dmsetup
2026-09-27T13:50:00.175459Z INFO secagentd[1821]: PROCESS: SHA256:FC0198A4EF009BFAF46A472E4B8718D4ADAAEF713F1A49A51314BA823FAC7070 pathname:/usr/sbin/spaced_cli
2026-09-27T13:50:00.205588Z INFO secagentd[1821]: DeviceReportXDREventsPolicy: 0
2026-09-27T13:50:00.205622Z INFO secagentd[1821]: CrOSLateBootSecagentdXDRReporting: 1
2026-09-27T13:50:00.205641Z INFO secagentd[1821]: Not reporting yet.
2026-09-27T13:50:00.206400Z WARNING secagentd[1821]: Store reporting data by a Missive daemon
2026-09-27T13:50:05.907860Z WARNING secagentd[1821]: Service became available
2026-09-27T13:50:05.907900Z WARNING secagentd[1821]: Service became available
2026-09-27T13:50:07.211249Z INFO secagentd[1821]: Device timezone set to America/Chicago
2026-09-28T21:52:32.291766Z INFO secagentd[1818]: BypassPolicyForTesting:0,BypassEnqOkWaitForTesting:0,StopReportingForUnaffiliatedUsers:0,HeartbeatPeriodSeconds:300,PluginBatchIntervalSeconds:120,FeaturePollIntervalSeconds:600
2026-09-28T21:52:32.292466Z INFO secagentd[1818]: Set device boot time to 1790632345
2026-09-28T21:52:32.292689Z INFO secagentd[1818]: Device timezone set to America/Chicago
2026-09-28T21:52:32.521743Z INFO secagentd[1818]: Feature CrOSLateBootSecagentdXDRReportingchanged to 1
2026-09-28T21:52:32.521794Z INFO secagentd[1818]: Feature CrOSLateBootSecagentdCoalesceTerminateschanged to 1
2026-09-28T21:52:32.521814Z INFO secagentd[1818]: Feature CrOSLateBootSecagentdXDRNetworkEventschanged to 1
2026-09-28T21:52:32.521832Z INFO secagentd[1818]: Feature CrOSLateBootSecagentdXDRAuthenticateEventschanged to 1
2026-09-28T21:52:32.521850Z INFO secagentd[1818]: Feature CrOSLateBootSecagentdXDRFileEventschanged to 1
2026-09-28T21:52:32.523246Z INFO secagentd[1818]: Process filter rules created:
2026-09-28T21:52:32.523273Z INFO secagentd[1818]: PARENT: SHA256:4352A7367E92DE1388D9C052E9226530421B8D9699FC4F9DF20487C6101D188E pathname:/bin/sh
2026-09-28T21:52:32.523309Z INFO secagentd[1818]: Commands:
2026-09-28T21:52:32.523328Z INFO secagentd[1818]: '/bin/sh' '/usr/share/cros/init/temp_logger.sh'
2026-09-28T21:52:32.523346Z INFO secagentd[1818]: '/bin/sh' '/usr/local/libexec/recover-duts/recover_duts'
2026-09-28T21:52:32.523362Z INFO secagentd[1818]: '/bin/sh' '/usr/local/libexec/recover-duts/hooks/check_ethernet.hook'
2026-09-28T21:52:32.523380Z INFO secagentd[1818]: PROCESS: SHA256:FC0198A4EF009BFAF46A472E4B8718D4ADAAEF713F1A49A51314BA823FAC7070 pathname:/usr/sbin/spaced_cli
2026-09-28T21:52:32.523397Z INFO secagentd[1818]: PROCESS: SHA256:E3E3243CDF1F0A9B913EA845D559A027CEF80FBB5FF877660371B6F1296AB713 pathname:/sbin/dmsetup
2026-09-28T21:52:32.529974Z INFO secagentd[1818]: DeviceReportXDREventsPolicy: 0
2026-09-28T21:52:32.530018Z INFO secagentd[1818]: CrOSLateBootSecagentdXDRReporting: 1
2026-09-28T21:52:32.530037Z INFO secagentd[1818]: Not reporting yet.
2026-09-28T21:52:32.530278Z WARNING secagentd[1818]: Store reporting data by a Missive daemon
2026-09-28T21:52:37.736942Z WARNING secagentd[1818]: Service became available
2026-09-28T21:52:37.737005Z WARNING secagentd[1818]: Service became available
2026-09-28T21:52:55.906348Z INFO secagentd[1818]: Device timezone set to America/Chicago
