2026-09-24T22:20:35.879710Z INFO secagentd[1818]: BypassPolicyForTesting:0,BypassEnqOkWaitForTesting:0,StopReportingForUnaffiliatedUsers:0,HeartbeatPeriodSeconds:300,PluginBatchIntervalSeconds:120,FeaturePollIntervalSeconds:600
2026-09-24T22:20:35.880021Z INFO secagentd[1818]: Set device boot time to 1790288429
2026-09-24T22:20:35.880063Z INFO secagentd[1818]: Device timezone set to America/Chicago
2026-09-24T22:20:35.905833Z INFO secagentd[1818]: Feature CrOSLateBootSecagentdXDRReportingchanged to 1
2026-09-24T22:20:35.905856Z INFO secagentd[1818]: Feature CrOSLateBootSecagentdCoalesceTerminateschanged to 1
2026-09-24T22:20:35.905874Z INFO secagentd[1818]: Feature CrOSLateBootSecagentdXDRNetworkEventschanged to 1
2026-09-24T22:20:35.905899Z INFO secagentd[1818]: Feature CrOSLateBootSecagentdXDRAuthenticateEventschanged to 1
2026-09-24T22:20:35.905926Z INFO secagentd[1818]: Feature CrOSLateBootSecagentdXDRFileEventschanged to 1
2026-09-24T22:20:35.907318Z INFO secagentd[1818]: Process filter rules created:
2026-09-24T22:20:35.907359Z INFO secagentd[1818]: PARENT: SHA256:4352A7367E92DE1388D9C052E9226530421B8D9699FC4F9DF20487C6101D188E pathname:/bin/sh
2026-09-24T22:20:35.907375Z INFO secagentd[1818]: Commands:
2026-09-24T22:20:35.907392Z INFO secagentd[1818]: '/bin/sh' '/usr/share/cros/init/temp_logger.sh'
2026-09-24T22:20:35.907408Z INFO secagentd[1818]: '/bin/sh' '/usr/local/libexec/recover-duts/recover_duts'
2026-09-24T22:20:35.907424Z INFO secagentd[1818]: '/bin/sh' '/usr/local/libexec/recover-duts/hooks/check_ethernet.hook'
2026-09-24T22:20:35.907442Z INFO secagentd[1818]: PROCESS: SHA256:E3E3243CDF1F0A9B913EA845D559A027CEF80FBB5FF877660371B6F1296AB713 pathname:/sbin/dmsetup
2026-09-24T22:20:35.907459Z INFO secagentd[1818]: PROCESS: SHA256:FC0198A4EF009BFAF46A472E4B8718D4ADAAEF713F1A49A51314BA823FAC7070 pathname:/usr/sbin/spaced_cli
2026-09-24T22:20:35.913863Z INFO secagentd[1818]: DeviceReportXDREventsPolicy: 0
2026-09-24T22:20:35.913905Z INFO secagentd[1818]: CrOSLateBootSecagentdXDRReporting: 1
2026-09-24T22:20:35.913924Z INFO secagentd[1818]: Not reporting yet.
2026-09-24T22:20:35.913975Z WARNING secagentd[1818]: Store reporting data by a Missive daemon
2026-09-24T22:20:41.100879Z WARNING secagentd[1818]: Service became available
2026-09-24T22:20:41.100912Z WARNING secagentd[1818]: Service became available
2026-09-24T22:20:49.558536Z INFO secagentd[1818]: Device timezone set to America/Chicago
