2026-09-18T02:16:50.859053Z INFO typecd[2044]: INFO typecd: [../../../../../tmp/portage/chromeos-base/typecd-0.0.1-r689/work/typecd-0.0.1/platform2/typecd/main.cc:13] Starting Type C daemon.#012
2026-09-18T02:16:50.861294Z INFO typecd[2044]: INFO typecd: [../../../../../tmp/portage/chromeos-base/typecd-0.0.1-r689/work/typecd-0.0.1/platform2/typecd/daemon.cc:37] Daemon started.
2026-09-18T02:16:51.022828Z INFO typecd[2044]: INFO typecd: [../../../../../tmp/portage/chromeos-base/typecd-0.0.1-r689/work/typecd-0.0.1/platform2/typecd/daemon.cc:66] Mode entry currently not supported on this device.
2026-09-18T02:16:51.025807Z INFO typecd[2044]: INFO typecd: [../../../../../tmp/portage/chromeos-base/typecd-0.0.1-r689/work/typecd-0.0.1/platform2/typecd/port.cc:48] Port 0 enumerated.
2026-09-18T02:16:51.026377Z INFO typecd[2044]: INFO typecd: [../../../../../tmp/portage/chromeos-base/typecd-0.0.1-r689/work/typecd-0.0.1/platform2/typecd/port.cc:48] Port 1 enumerated.
2026-09-18T02:16:54.132594Z WARNING typecd[2044]: WARNING typecd: [../../../../../tmp/portage/chromeos-base/typecd-0.0.1-r689/work/typecd-0.0.1/platform2/typecd/port_manager.cc:75] Attempting to add an already added port.
2026-09-18T02:16:54.134728Z WARNING typecd[2044]: WARNING typecd: [../../../../../tmp/portage/chromeos-base/typecd-0.0.1-r689/work/typecd-0.0.1/platform2/typecd/port_manager.cc:75] Attempting to add an already added port.
2026-09-18T03:40:27.366449Z INFO typecd[2070]: INFO typecd: [../../../../../tmp/portage/chromeos-base/typecd-0.0.1-r689/work/typecd-0.0.1/platform2/typecd/main.cc:13] Starting Type C daemon.#012
2026-09-18T03:40:27.368653Z INFO typecd[2070]: INFO typecd: [../../../../../tmp/portage/chromeos-base/typecd-0.0.1-r689/work/typecd-0.0.1/platform2/typecd/daemon.cc:37] Daemon started.
2026-09-18T03:40:27.587964Z INFO typecd[2070]: INFO typecd: [../../../../../tmp/portage/chromeos-base/typecd-0.0.1-r689/work/typecd-0.0.1/platform2/typecd/daemon.cc:66] Mode entry currently not supported on this device.
2026-09-18T03:40:27.589647Z INFO typecd[2070]: INFO typecd: [../../../../../tmp/portage/chromeos-base/typecd-0.0.1-r689/work/typecd-0.0.1/platform2/typecd/port.cc:48] Port 0 enumerated.
2026-09-18T03:40:27.589836Z INFO typecd[2070]: INFO typecd: [../../../../../tmp/portage/chromeos-base/typecd-0.0.1-r689/work/typecd-0.0.1/platform2/typecd/port.cc:48] Port 1 enumerated.
2026-09-18T03:40:31.464483Z WARNING typecd[2070]: WARNING typecd: [../../../../../tmp/portage/chromeos-base/typecd-0.0.1-r689/work/typecd-0.0.1/platform2/typecd/port_manager.cc:75] Attempting to add an already added port.
2026-09-18T03:40:31.473021Z WARNING typecd[2070]: WARNING typecd: [../../../../../tmp/portage/chromeos-base/typecd-0.0.1-r689/work/typecd-0.0.1/platform2/typecd/port_manager.cc:75] Attempting to add an already added port.
2026-09-18T04:04:11.161310Z INFO typecd[2070]: INFO typecd: [../../../../../tmp/portage/chromeos-base/typecd-0.0.1-r689/work/typecd-0.0.1/platform2/typecd/daemon.cc:120] Update received from debugd ().
2026-09-18T04:04:11.164083Z ERR typecd[2070]: ERROR typecd: [../libchrome-0.0.1/platform2/libchrome/dbus/object_proxy.cc:572] Failed to call method: org.chromium.debugd.EcGetInventory: object_path= /org/chromium/debugd: org.freedesktop.DBus.Error.ServiceUnknown: The name org.chromium.debugd was not provided by any .service files
2026-09-18T04:04:11.164125Z ERR typecd[2070]: ERROR typecd: [/build/corsola/usr/include/brillo/dbus/dbus_method_invoker.h:114] CallMethodAndBlockWithTimeout(...): Domain=dbus, Code=org.freedesktop.DBus.Error.ServiceUnknown, Message=Error calling D-Bus method: org.chromium.debugd.EcGetInventory: The name org.chromium.debugd was not provided by any .service files
2026-09-18T04:04:11.164145Z INFO typecd[2070]: INFO typecd: [../../../../../tmp/portage/chromeos-base/typecd-0.0.1-r689/work/typecd-0.0.1/platform2/typecd/cros_ec_util.cc:54] Inventory attempts remaining: 39
2026-09-18T04:04:11.370645Z ERR typecd[2070]: ERROR typecd: [../libchrome-0.0.1/platform2/libchrome/dbus/object_proxy.cc:572] Failed to call method: org.chromium.debugd.EcGetInventory: object_path= /org/chromium/debugd: org.freedesktop.DBus.Error.ServiceUnknown: The name org.chromium.debugd was not provided by any .service files
2026-09-18T04:04:11.370695Z ERR typecd[2070]: ERROR typecd: [/build/corsola/usr/include/brillo/dbus/dbus_method_invoker.h:114] CallMethodAndBlockWithTimeout(...): Domain=dbus, Code=org.freedesktop.DBus.Error.ServiceUnknown, Message=Error calling D-Bus method: org.chromium.debugd.EcGetInventory: The name org.chromium.debugd was not provided by any .service files
2026-09-18T04:04:11.370719Z INFO typecd[2070]: INFO typecd: [../../../../../tmp/portage/chromeos-base/typecd-0.0.1-r689/work/typecd-0.0.1/platform2/typecd/cros_ec_util.cc:54] Inventory attempts remaining: 38
2026-09-18T04:04:11.571940Z ERR typecd[2070]: ERROR typecd: [../libchrome-0.0.1/platform2/libchrome/dbus/object_proxy.cc:572] Failed to call method: org.chromium.debugd.EcGetInventory: object_path= /org/chromium/debugd: org.freedesktop.DBus.Error.ServiceUnknown: The name org.chromium.debugd was not provided by any .service files
2026-09-18T04:04:11.571973Z ERR typecd[2070]: ERROR typecd: [/build/corsola/usr/include/brillo/dbus/dbus_method_invoker.h:114] CallMethodAndBlockWithTimeout(...): Domain=dbus, Code=org.freedesktop.DBus.Error.ServiceUnknown, Message=Error calling D-Bus method: org.chromium.debugd.EcGetInventory: The name org.chromium.debugd was not provided by any .service files
2026-09-18T04:04:11.571995Z INFO typecd[2070]: INFO typecd: [../../../../../tmp/portage/chromeos-base/typecd-0.0.1-r689/work/typecd-0.0.1/platform2/typecd/cros_ec_util.cc:54] Inventory attempts remaining: 37
2026-09-18T04:04:11.773654Z ERR typecd[2070]: ERROR typecd: [../libchrome-0.0.1/platform2/libchrome/dbus/object_proxy.cc:572] Failed to call method: org.chromium.debugd.EcGetInventory: object_path= /org/chromium/debugd: org.freedesktop.DBus.Error.ServiceUnknown: The name org.chromium.debugd was not provided by any .service files
2026-09-18T04:04:11.773713Z ERR typecd[2070]: ERROR typecd: [/build/corsola/usr/include/brillo/dbus/dbus_method_invoker.h:114] CallMethodAndBlockWithTimeout(...): Domain=dbus, Code=org.freedesktop.DBus.Error.ServiceUnknown, Message=Error calling D-Bus method: org.chromium.debugd.EcGetInventory: The name org.chromium.debugd was not provided by any .service files
2026-09-18T04:04:11.773747Z INFO typecd[2070]: INFO typecd: [../../../../../tmp/portage/chromeos-base/typecd-0.0.1-r689/work/typecd-0.0.1/platform2/typecd/cros_ec_util.cc:54] Inventory attempts remaining: 36
2026-09-18T04:04:11.976138Z ERR typecd[2070]: ERROR typecd: [../libchrome-0.0.1/platform2/libchrome/dbus/object_proxy.cc:572] Failed to call method: org.chromium.debugd.EcGetInventory: object_path= /org/chromium/debugd: org.freedesktop.DBus.Error.ServiceUnknown: The name org.chromium.debugd was not provided by any .service files
2026-09-18T04:04:11.976187Z ERR typecd[2070]: ERROR typecd: [/build/corsola/usr/include/brillo/dbus/dbus_method_invoker.h:114] CallMethodAndBlockWithTimeout(...): Domain=dbus, Code=org.freedesktop.DBus.Error.ServiceUnknown, Message=Error calling D-Bus method: org.chromium.debugd.EcGetInventory: The name org.chromium.debugd was not provided by any .service files
2026-09-18T04:04:11.976220Z INFO typecd[2070]: INFO typecd: [../../../../../tmp/portage/chromeos-base/typecd-0.0.1-r689/work/typecd-0.0.1/platform2/typecd/cros_ec_util.cc:54] Inventory attempts remaining: 35
2026-09-18T04:04:12.178094Z ERR typecd[2070]: ERROR typecd: [../libchrome-0.0.1/platform2/libchrome/dbus/object_proxy.cc:572] Failed to call method: org.chromium.debugd.EcGetInventory: object_path= /org/chromium/debugd: org.freedesktop.DBus.Error.ServiceUnknown: The name org.chromium.debugd was not provided by any .service files
2026-09-18T04:04:12.178149Z ERR typecd[2070]: ERROR typecd: [/build/corsola/usr/include/brillo/dbus/dbus_method_invoker.h:114] CallMethodAndBlockWithTimeout(...): Domain=dbus, Code=org.freedesktop.DBus.Error.ServiceUnknown, Message=Error calling D-Bus method: org.chromium.debugd.EcGetInventory: The name org.chromium.debugd was not provided by any .service files
2026-09-18T04:04:12.178188Z INFO typecd[2070]: INFO typecd: [../../../../../tmp/portage/chromeos-base/typecd-0.0.1-r689/work/typecd-0.0.1/platform2/typecd/cros_ec_util.cc:54] Inventory attempts remaining: 34
2026-09-18T04:04:12.380039Z ERR typecd[2070]: ERROR typecd: [../libchrome-0.0.1/platform2/libchrome/dbus/object_proxy.cc:572] Failed to call method: org.chromium.debugd.EcGetInventory: object_path= /org/chromium/debugd: org.freedesktop.DBus.Error.ServiceUnknown: The name org.chromium.debugd was not provided by any .service files
2026-09-18T04:04:12.380125Z ERR typecd[2070]: ERROR typecd: [/build/corsola/usr/include/brillo/dbus/dbus_method_invoker.h:114] CallMethodAndBlockWithTimeout(...): Domain=dbus, Code=org.freedesktop.DBus.Error.ServiceUnknown, Message=Error calling D-Bus method: org.chromium.debugd.EcGetInventory: The name org.chromium.debugd was not provided by any .service files
2026-09-18T04:04:12.380170Z INFO typecd[2070]: INFO typecd: [../../../../../tmp/portage/chromeos-base/typecd-0.0.1-r689/work/typecd-0.0.1/platform2/typecd/cros_ec_util.cc:54] Inventory attempts remaining: 33
2026-09-18T04:04:12.581796Z ERR typecd[2070]: ERROR typecd: [../libchrome-0.0.1/platform2/libchrome/dbus/object_proxy.cc:572] Failed to call method: org.chromium.debugd.EcGetInventory: object_path= /org/chromium/debugd: org.freedesktop.DBus.Error.ServiceUnknown: The name org.chromium.debugd was not provided by any .service files
2026-09-18T04:04:12.581850Z ERR typecd[2070]: ERROR typecd: [/build/corsola/usr/include/brillo/dbus/dbus_method_invoker.h:114] CallMethodAndBlockWithTimeout(...): Domain=dbus, Code=org.freedesktop.DBus.Error.ServiceUnknown, Message=Error calling D-Bus method: org.chromium.debugd.EcGetInventory: The name org.chromium.debugd was not provided by any .service files
2026-09-18T04:04:12.581883Z INFO typecd[2070]: INFO typecd: [../../../../../tmp/portage/chromeos-base/typecd-0.0.1-r689/work/typecd-0.0.1/platform2/typecd/cros_ec_util.cc:54] Inventory attempts remaining: 32
2026-09-18T04:04:12.784751Z ERR typecd[2070]: ERROR typecd: [../libchrome-0.0.1/platform2/libchrome/dbus/object_proxy.cc:572] Failed to call method: org.chromium.debugd.EcGetInventory: object_path= /org/chromium/debugd: org.freedesktop.DBus.Error.ServiceUnknown: The name org.chromium.debugd was not provided by any .service files
2026-09-18T04:04:12.784835Z ERR typecd[2070]: ERROR typecd: [/build/corsola/usr/include/brillo/dbus/dbus_method_invoker.h:114] CallMethodAndBlockWithTimeout(...): Domain=dbus, Code=org.freedesktop.DBus.Error.ServiceUnknown, Message=Error calling D-Bus method: org.chromium.debugd.EcGetInventory: The name org.chromium.debugd was not provided by any .service files
2026-09-18T04:04:12.784899Z INFO typecd[2070]: INFO typecd: [../../../../../tmp/portage/chromeos-base/typecd-0.0.1-r689/work/typecd-0.0.1/platform2/typecd/cros_ec_util.cc:54] Inventory attempts remaining: 31
2026-09-18T04:04:12.988416Z ERR typecd[2070]: ERROR typecd: [../libchrome-0.0.1/platform2/libchrome/dbus/object_proxy.cc:572] Failed to call method: org.chromium.debugd.EcGetInventory: object_path= /org/chromium/debugd: org.freedesktop.DBus.Error.ServiceUnknown: The name org.chromium.debugd was not provided by any .service files
2026-09-18T04:04:12.988503Z ERR typecd[2070]: ERROR typecd: [/build/corsola/usr/include/brillo/dbus/dbus_method_invoker.h:114] CallMethodAndBlockWithTimeout(...): Domain=dbus, Code=org.freedesktop.DBus.Error.ServiceUnknown, Message=Error calling D-Bus method: org.chromium.debugd.EcGetInventory: The name org.chromium.debugd was not provided by any .service files
2026-09-18T04:04:12.988606Z INFO typecd[2070]: INFO typecd: [../../../../../tmp/portage/chromeos-base/typecd-0.0.1-r689/work/typecd-0.0.1/platform2/typecd/cros_ec_util.cc:54] Inventory attempts remaining: 30
2026-09-18T04:04:13.189766Z ERR typecd[2070]: ERROR typecd: [../libchrome-0.0.1/platform2/libchrome/dbus/object_proxy.cc:572] Failed to call method: org.chromium.debugd.EcGetInventory: object_path= /org/chromium/debugd: org.freedesktop.DBus.Error.ServiceUnknown: The name org.chromium.debugd was not provided by any .service files
2026-09-18T04:04:13.189815Z ERR typecd[2070]: ERROR typecd: [/build/corsola/usr/include/brillo/dbus/dbus_method_invoker.h:114] CallMethodAndBlockWithTimeout(...): Domain=dbus, Code=org.freedesktop.DBus.Error.ServiceUnknown, Message=Error calling D-Bus method: org.chromium.debugd.EcGetInventory: The name org.chromium.debugd was not provided by any .service files
2026-09-18T04:04:13.189843Z INFO typecd[2070]: INFO typecd: [../../../../../tmp/portage/chromeos-base/typecd-0.0.1-r689/work/typecd-0.0.1/platform2/typecd/cros_ec_util.cc:54] Inventory attempts remaining: 29
2026-09-18T04:04:13.392241Z ERR typecd[2070]: ERROR typecd: [../libchrome-0.0.1/platform2/libchrome/dbus/object_proxy.cc:572] Failed to call method: org.chromium.debugd.EcGetInventory: object_path= /org/chromium/debugd: org.freedesktop.DBus.Error.ServiceUnknown: The name org.chromium.debugd was not provided by any .service files
2026-09-18T04:04:13.392275Z ERR typecd[2070]: ERROR typecd: [/build/corsola/usr/include/brillo/dbus/dbus_method_invoker.h:114] CallMethodAndBlockWithTimeout(...): Domain=dbus, Code=org.freedesktop.DBus.Error.ServiceUnknown, Message=Error calling D-Bus method: org.chromium.debugd.EcGetInventory: The name org.chromium.debugd was not provided by any .service files
2026-09-18T04:04:13.392298Z INFO typecd[2070]: INFO typecd: [../../../../../tmp/portage/chromeos-base/typecd-0.0.1-r689/work/typecd-0.0.1/platform2/typecd/cros_ec_util.cc:54] Inventory attempts remaining: 28
2026-09-18T04:04:13.593299Z ERR typecd[2070]: ERROR typecd: [../libchrome-0.0.1/platform2/libchrome/dbus/object_proxy.cc:572] Failed to call method: org.chromium.debugd.EcGetInventory: object_path= /org/chromium/debugd: org.freedesktop.DBus.Error.ServiceUnknown: The name org.chromium.debugd was not provided by any .service files
2026-09-18T04:04:13.593395Z ERR typecd[2070]: ERROR typecd: [/build/corsola/usr/include/brillo/dbus/dbus_method_invoker.h:114] CallMethodAndBlockWithTimeout(...): Domain=dbus, Code=org.freedesktop.DBus.Error.ServiceUnknown, Message=Error calling D-Bus method: org.chromium.debugd.EcGetInventory: The name org.chromium.debugd was not provided by any .service files
2026-09-18T04:04:13.593420Z INFO typecd[2070]: INFO typecd: [../../../../../tmp/portage/chromeos-base/typecd-0.0.1-r689/work/typecd-0.0.1/platform2/typecd/cros_ec_util.cc:54] Inventory attempts remaining: 27
2026-09-18T04:04:13.794307Z ERR typecd[2070]: ERROR typecd: [../libchrome-0.0.1/platform2/libchrome/dbus/object_proxy.cc:572] Failed to call method: org.chromium.debugd.EcGetInventory: object_path= /org/chromium/debugd: org.freedesktop.DBus.Error.ServiceUnknown: The name org.chromium.debugd was not provided by any .service files
2026-09-18T04:04:13.794326Z ERR typecd[2070]: ERROR typecd: [/build/corsola/usr/include/brillo/dbus/dbus_method_invoker.h:114] CallMethodAndBlockWithTimeout(...): Domain=dbus, Code=org.freedesktop.DBus.Error.ServiceUnknown, Message=Error calling D-Bus method: org.chromium.debugd.EcGetInventory: The name org.chromium.debugd was not provided by any .service files
2026-09-18T04:04:13.794336Z INFO typecd[2070]: INFO typecd: [../../../../../tmp/portage/chromeos-base/typecd-0.0.1-r689/work/typecd-0.0.1/platform2/typecd/cros_ec_util.cc:54] Inventory attempts remaining: 26
2026-09-18T04:04:13.994944Z ERR typecd[2070]: ERROR typecd: [../libchrome-0.0.1/platform2/libchrome/dbus/object_proxy.cc:572] Failed to call method: org.chromium.debugd.EcGetInventory: object_path= /org/chromium/debugd: org.freedesktop.DBus.Error.ServiceUnknown: The name org.chromium.debugd was not provided by any .service files
2026-09-18T04:04:13.994968Z ERR typecd[2070]: ERROR typecd: [/build/corsola/usr/include/brillo/dbus/dbus_method_invoker.h:114] CallMethodAndBlockWithTimeout(...): Domain=dbus, Code=org.freedesktop.DBus.Error.ServiceUnknown, Message=Error calling D-Bus method: org.chromium.debugd.EcGetInventory: The name org.chromium.debugd was not provided by any .service files
2026-09-18T04:04:13.994979Z INFO typecd[2070]: INFO typecd: [../../../../../tmp/portage/chromeos-base/typecd-0.0.1-r689/work/typecd-0.0.1/platform2/typecd/cros_ec_util.cc:54] Inventory attempts remaining: 25
2026-09-18T04:04:14.196157Z ERR typecd[2070]: ERROR typecd: [../libchrome-0.0.1/platform2/libchrome/dbus/object_proxy.cc:572] Failed to call method: org.chromium.debugd.EcGetInventory: object_path= /org/chromium/debugd: org.freedesktop.DBus.Error.ServiceUnknown: The name org.chromium.debugd was not provided by any .service files
2026-09-18T04:04:14.196193Z ERR typecd[2070]: ERROR typecd: [/build/corsola/usr/include/brillo/dbus/dbus_method_invoker.h:114] CallMethodAndBlockWithTimeout(...): Domain=dbus, Code=org.freedesktop.DBus.Error.ServiceUnknown, Message=Error calling D-Bus method: org.chromium.debugd.EcGetInventory: The name org.chromium.debugd was not provided by any .service files
2026-09-18T04:04:14.196219Z INFO typecd[2070]: INFO typecd: [../../../../../tmp/portage/chromeos-base/typecd-0.0.1-r689/work/typecd-0.0.1/platform2/typecd/cros_ec_util.cc:54] Inventory attempts remaining: 24
2026-09-18T04:04:14.398086Z ERR typecd[2070]: ERROR typecd: [../libchrome-0.0.1/platform2/libchrome/dbus/object_proxy.cc:572] Failed to call method: org.chromium.debugd.EcGetInventory: object_path= /org/chromium/debugd: org.freedesktop.DBus.Error.ServiceUnknown: The name org.chromium.debugd was not provided by any .service files
2026-09-18T04:04:14.398158Z ERR typecd[2070]: ERROR typecd: [/build/corsola/usr/include/brillo/dbus/dbus_method_invoker.h:114] CallMethodAndBlockWithTimeout(...): Domain=dbus, Code=org.freedesktop.DBus.Error.ServiceUnknown, Message=Error calling D-Bus method: org.chromium.debugd.EcGetInventory: The name org.chromium.debugd was not provided by any .service files
2026-09-18T04:04:14.398201Z INFO typecd[2070]: INFO typecd: [../../../../../tmp/portage/chromeos-base/typecd-0.0.1-r689/work/typecd-0.0.1/platform2/typecd/cros_ec_util.cc:54] Inventory attempts remaining: 23
2026-09-18T04:04:14.599129Z ERR typecd[2070]: ERROR typecd: [../libchrome-0.0.1/platform2/libchrome/dbus/object_proxy.cc:572] Failed to call method: org.chromium.debugd.EcGetInventory: object_path= /org/chromium/debugd: org.freedesktop.DBus.Error.ServiceUnknown: The name org.chromium.debugd was not provided by any .service files
2026-09-18T04:04:14.599149Z ERR typecd[2070]: ERROR typecd: [/build/corsola/usr/include/brillo/dbus/dbus_method_invoker.h:114] CallMethodAndBlockWithTimeout(...): Domain=dbus, Code=org.freedesktop.DBus.Error.ServiceUnknown, Message=Error calling D-Bus method: org.chromium.debugd.EcGetInventory: The name org.chromium.debugd was not provided by any .service files
2026-09-18T04:04:14.599159Z INFO typecd[2070]: INFO typecd: [../../../../../tmp/portage/chromeos-base/typecd-0.0.1-r689/work/typecd-0.0.1/platform2/typecd/cros_ec_util.cc:54] Inventory attempts remaining: 22
2026-09-18T04:04:40.538519Z INFO typecd[2054]: INFO typecd: [../../../../../tmp/portage/chromeos-base/typecd-0.0.1-r689/work/typecd-0.0.1/platform2/typecd/main.cc:13] Starting Type C daemon.#012
2026-09-18T04:04:40.541102Z INFO typecd[2054]: INFO typecd: [../../../../../tmp/portage/chromeos-base/typecd-0.0.1-r689/work/typecd-0.0.1/platform2/typecd/daemon.cc:37] Daemon started.
2026-09-18T04:04:40.676540Z INFO typecd[2054]: INFO typecd: [../../../../../tmp/portage/chromeos-base/typecd-0.0.1-r689/work/typecd-0.0.1/platform2/typecd/daemon.cc:66] Mode entry currently not supported on this device.
2026-09-18T04:04:40.679509Z INFO typecd[2054]: INFO typecd: [../../../../../tmp/portage/chromeos-base/typecd-0.0.1-r689/work/typecd-0.0.1/platform2/typecd/port.cc:48] Port 0 enumerated.
2026-09-18T04:04:40.679961Z INFO typecd[2054]: INFO typecd: [../../../../../tmp/portage/chromeos-base/typecd-0.0.1-r689/work/typecd-0.0.1/platform2/typecd/port.cc:48] Port 1 enumerated.
2026-09-18T04:04:45.587928Z WARNING typecd[2054]: WARNING typecd: [../../../../../tmp/portage/chromeos-base/typecd-0.0.1-r689/work/typecd-0.0.1/platform2/typecd/port_manager.cc:75] Attempting to add an already added port.
2026-09-18T04:04:45.588242Z WARNING typecd[2054]: WARNING typecd: [../../../../../tmp/portage/chromeos-base/typecd-0.0.1-r689/work/typecd-0.0.1/platform2/typecd/port_manager.cc:75] Attempting to add an already added port.
2026-09-18T05:42:00.477861Z INFO typecd[2054]: INFO typecd: [../../../../../tmp/portage/chromeos-base/typecd-0.0.1-r689/work/typecd-0.0.1/platform2/typecd/daemon.cc:120] Update received from debugd ().
2026-09-18T05:42:00.479757Z ERR typecd[2054]: ERROR typecd: [../libchrome-0.0.1/platform2/libchrome/dbus/object_proxy.cc:572] Failed to call method: org.chromium.debugd.EcGetInventory: object_path= /org/chromium/debugd: org.freedesktop.DBus.Error.ServiceUnknown: The name org.chromium.debugd was not provided by any .service files
2026-09-18T05:42:00.479797Z ERR typecd[2054]: ERROR typecd: [/build/corsola/usr/include/brillo/dbus/dbus_method_invoker.h:114] CallMethodAndBlockWithTimeout(...): Domain=dbus, Code=org.freedesktop.DBus.Error.ServiceUnknown, Message=Error calling D-Bus method: org.chromium.debugd.EcGetInventory: The name org.chromium.debugd was not provided by any .service files
2026-09-18T05:42:00.479820Z INFO typecd[2054]: INFO typecd: [../../../../../tmp/portage/chromeos-base/typecd-0.0.1-r689/work/typecd-0.0.1/platform2/typecd/cros_ec_util.cc:54] Inventory attempts remaining: 39
2026-09-18T05:42:00.680871Z ERR typecd[2054]: ERROR typecd: [../libchrome-0.0.1/platform2/libchrome/dbus/object_proxy.cc:572] Failed to call method: org.chromium.debugd.EcGetInventory: object_path= /org/chromium/debugd: org.freedesktop.DBus.Error.ServiceUnknown: The name org.chromium.debugd was not provided by any .service files
2026-09-18T05:42:00.680910Z ERR typecd[2054]: ERROR typecd: [/build/corsola/usr/include/brillo/dbus/dbus_method_invoker.h:114] CallMethodAndBlockWithTimeout(...): Domain=dbus, Code=org.freedesktop.DBus.Error.ServiceUnknown, Message=Error calling D-Bus method: org.chromium.debugd.EcGetInventory: The name org.chromium.debugd was not provided by any .service files
2026-09-18T05:42:00.680933Z INFO typecd[2054]: INFO typecd: [../../../../../tmp/portage/chromeos-base/typecd-0.0.1-r689/work/typecd-0.0.1/platform2/typecd/cros_ec_util.cc:54] Inventory attempts remaining: 38
2026-09-18T05:42:00.882217Z ERR typecd[2054]: ERROR typecd: [../libchrome-0.0.1/platform2/libchrome/dbus/object_proxy.cc:572] Failed to call method: org.chromium.debugd.EcGetInventory: object_path= /org/chromium/debugd: org.freedesktop.DBus.Error.ServiceUnknown: The name org.chromium.debugd was not provided by any .service files
2026-09-18T05:42:00.882254Z ERR typecd[2054]: ERROR typecd: [/build/corsola/usr/include/brillo/dbus/dbus_method_invoker.h:114] CallMethodAndBlockWithTimeout(...): Domain=dbus, Code=org.freedesktop.DBus.Error.ServiceUnknown, Message=Error calling D-Bus method: org.chromium.debugd.EcGetInventory: The name org.chromium.debugd was not provided by any .service files
2026-09-18T05:42:00.882275Z INFO typecd[2054]: INFO typecd: [../../../../../tmp/portage/chromeos-base/typecd-0.0.1-r689/work/typecd-0.0.1/platform2/typecd/cros_ec_util.cc:54] Inventory attempts remaining: 37
2026-09-18T05:42:01.083824Z ERR typecd[2054]: ERROR typecd: [../libchrome-0.0.1/platform2/libchrome/dbus/object_proxy.cc:572] Failed to call method: org.chromium.debugd.EcGetInventory: object_path= /org/chromium/debugd: org.freedesktop.DBus.Error.ServiceUnknown: The name org.chromium.debugd was not provided by any .service files
2026-09-18T05:42:01.083867Z ERR typecd[2054]: ERROR typecd: [/build/corsola/usr/include/brillo/dbus/dbus_method_invoker.h:114] CallMethodAndBlockWithTimeout(...): Domain=dbus, Code=org.freedesktop.DBus.Error.ServiceUnknown, Message=Error calling D-Bus method: org.chromium.debugd.EcGetInventory: The name org.chromium.debugd was not provided by any .service files
2026-09-18T05:42:01.083891Z INFO typecd[2054]: INFO typecd: [../../../../../tmp/portage/chromeos-base/typecd-0.0.1-r689/work/typecd-0.0.1/platform2/typecd/cros_ec_util.cc:54] Inventory attempts remaining: 36
2026-09-18T05:42:01.285945Z ERR typecd[2054]: ERROR typecd: [../libchrome-0.0.1/platform2/libchrome/dbus/object_proxy.cc:572] Failed to call method: org.chromium.debugd.EcGetInventory: object_path= /org/chromium/debugd: org.freedesktop.DBus.Error.ServiceUnknown: The name org.chromium.debugd was not provided by any .service files
2026-09-18T05:42:01.286013Z ERR typecd[2054]: ERROR typecd: [/build/corsola/usr/include/brillo/dbus/dbus_method_invoker.h:114] CallMethodAndBlockWithTimeout(...): Domain=dbus, Code=org.freedesktop.DBus.Error.ServiceUnknown, Message=Error calling D-Bus method: org.chromium.debugd.EcGetInventory: The name org.chromium.debugd was not provided by any .service files
2026-09-18T05:42:01.286055Z INFO typecd[2054]: INFO typecd: [../../../../../tmp/portage/chromeos-base/typecd-0.0.1-r689/work/typecd-0.0.1/platform2/typecd/cros_ec_util.cc:54] Inventory attempts remaining: 35
2026-09-18T05:42:01.487951Z ERR typecd[2054]: ERROR typecd: [../libchrome-0.0.1/platform2/libchrome/dbus/object_proxy.cc:572] Failed to call method: org.chromium.debugd.EcGetInventory: object_path= /org/chromium/debugd: org.freedesktop.DBus.Error.ServiceUnknown: The name org.chromium.debugd was not provided by any .service files
2026-09-18T05:42:01.487996Z ERR typecd[2054]: ERROR typecd: [/build/corsola/usr/include/brillo/dbus/dbus_method_invoker.h:114] CallMethodAndBlockWithTimeout(...): Domain=dbus, Code=org.freedesktop.DBus.Error.ServiceUnknown, Message=Error calling D-Bus method: org.chromium.debugd.EcGetInventory: The name org.chromium.debugd was not provided by any .service files
2026-09-18T05:42:01.488026Z INFO typecd[2054]: INFO typecd: [../../../../../tmp/portage/chromeos-base/typecd-0.0.1-r689/work/typecd-0.0.1/platform2/typecd/cros_ec_util.cc:54] Inventory attempts remaining: 34
2026-09-18T05:42:01.691673Z ERR typecd[2054]: ERROR typecd: [../libchrome-0.0.1/platform2/libchrome/dbus/object_proxy.cc:572] Failed to call method: org.chromium.debugd.EcGetInventory: object_path= /org/chromium/debugd: org.freedesktop.DBus.Error.ServiceUnknown: The name org.chromium.debugd was not provided by any .service files
2026-09-18T05:42:01.691840Z ERR typecd[2054]: ERROR typecd: [/build/corsola/usr/include/brillo/dbus/dbus_method_invoker.h:114] CallMethodAndBlockWithTimeout(...): Domain=dbus, Code=org.freedesktop.DBus.Error.ServiceUnknown, Message=Error calling D-Bus method: org.chromium.debugd.EcGetInventory: The name org.chromium.debugd was not provided by any .service files
2026-09-18T05:42:01.691905Z INFO typecd[2054]: INFO typecd: [../../../../../tmp/portage/chromeos-base/typecd-0.0.1-r689/work/typecd-0.0.1/platform2/typecd/cros_ec_util.cc:54] Inventory attempts remaining: 33
2026-09-18T05:42:01.894822Z ERR typecd[2054]: ERROR typecd: [../libchrome-0.0.1/platform2/libchrome/dbus/object_proxy.cc:572] Failed to call method: org.chromium.debugd.EcGetInventory: object_path= /org/chromium/debugd: org.freedesktop.DBus.Error.ServiceUnknown: The name org.chromium.debugd was not provided by any .service files
2026-09-18T05:42:01.894904Z ERR typecd[2054]: ERROR typecd: [/build/corsola/usr/include/brillo/dbus/dbus_method_invoker.h:114] CallMethodAndBlockWithTimeout(...): Domain=dbus, Code=org.freedesktop.DBus.Error.ServiceUnknown, Message=Error calling D-Bus method: org.chromium.debugd.EcGetInventory: The name org.chromium.debugd was not provided by any .service files
2026-09-18T05:42:01.895026Z INFO typecd[2054]: INFO typecd: [../../../../../tmp/portage/chromeos-base/typecd-0.0.1-r689/work/typecd-0.0.1/platform2/typecd/cros_ec_util.cc:54] Inventory attempts remaining: 32
2026-09-18T05:42:02.097865Z ERR typecd[2054]: ERROR typecd: [../libchrome-0.0.1/platform2/libchrome/dbus/object_proxy.cc:572] Failed to call method: org.chromium.debugd.EcGetInventory: object_path= /org/chromium/debugd: org.freedesktop.DBus.Error.ServiceUnknown: The name org.chromium.debugd was not provided by any .service files
2026-09-18T05:42:02.097946Z ERR typecd[2054]: ERROR typecd: [/build/corsola/usr/include/brillo/dbus/dbus_method_invoker.h:114] CallMethodAndBlockWithTimeout(...): Domain=dbus, Code=org.freedesktop.DBus.Error.ServiceUnknown, Message=Error calling D-Bus method: org.chromium.debugd.EcGetInventory: The name org.chromium.debugd was not provided by any .service files
2026-09-18T05:42:02.098019Z INFO typecd[2054]: INFO typecd: [../../../../../tmp/portage/chromeos-base/typecd-0.0.1-r689/work/typecd-0.0.1/platform2/typecd/cros_ec_util.cc:54] Inventory attempts remaining: 31
2026-09-18T05:42:02.300038Z ERR typecd[2054]: ERROR typecd: [../libchrome-0.0.1/platform2/libchrome/dbus/object_proxy.cc:572] Failed to call method: org.chromium.debugd.EcGetInventory: object_path= /org/chromium/debugd: org.freedesktop.DBus.Error.ServiceUnknown: The name org.chromium.debugd was not provided by any .service files
2026-09-18T05:42:02.300115Z ERR typecd[2054]: ERROR typecd: [/build/corsola/usr/include/brillo/dbus/dbus_method_invoker.h:114] CallMethodAndBlockWithTimeout(...): Domain=dbus, Code=org.freedesktop.DBus.Error.ServiceUnknown, Message=Error calling D-Bus method: org.chromium.debugd.EcGetInventory: The name org.chromium.debugd was not provided by any .service files
2026-09-18T05:42:02.300160Z INFO typecd[2054]: INFO typecd: [../../../../../tmp/portage/chromeos-base/typecd-0.0.1-r689/work/typecd-0.0.1/platform2/typecd/cros_ec_util.cc:54] Inventory attempts remaining: 30
2026-09-18T05:42:02.504581Z ERR typecd[2054]: ERROR typecd: [../libchrome-0.0.1/platform2/libchrome/dbus/object_proxy.cc:572] Failed to call method: org.chromium.debugd.EcGetInventory: object_path= /org/chromium/debugd: org.freedesktop.DBus.Error.ServiceUnknown: The name org.chromium.debugd was not provided by any .service files
2026-09-18T05:42:02.504848Z ERR typecd[2054]: ERROR typecd: [/build/corsola/usr/include/brillo/dbus/dbus_method_invoker.h:114] CallMethodAndBlockWithTimeout(...): Domain=dbus, Code=org.freedesktop.DBus.Error.ServiceUnknown, Message=Error calling D-Bus method: org.chromium.debugd.EcGetInventory: The name org.chromium.debugd was not provided by any .service files
2026-09-18T05:42:02.504910Z INFO typecd[2054]: INFO typecd: [../../../../../tmp/portage/chromeos-base/typecd-0.0.1-r689/work/typecd-0.0.1/platform2/typecd/cros_ec_util.cc:54] Inventory attempts remaining: 29
2026-09-19T18:31:31.404571Z INFO typecd[2050]: INFO typecd: [../../../../../tmp/portage/chromeos-base/typecd-0.0.1-r689/work/typecd-0.0.1/platform2/typecd/main.cc:13] Starting Type C daemon.#012
2026-09-19T18:31:31.407350Z INFO typecd[2050]: INFO typecd: [../../../../../tmp/portage/chromeos-base/typecd-0.0.1-r689/work/typecd-0.0.1/platform2/typecd/daemon.cc:37] Daemon started.
2026-09-19T18:31:31.601831Z INFO typecd[2050]: INFO typecd: [../../../../../tmp/portage/chromeos-base/typecd-0.0.1-r689/work/typecd-0.0.1/platform2/typecd/daemon.cc:66] Mode entry currently not supported on this device.
2026-09-19T18:31:31.603487Z INFO typecd[2050]: INFO typecd: [../../../../../tmp/portage/chromeos-base/typecd-0.0.1-r689/work/typecd-0.0.1/platform2/typecd/port.cc:48] Port 0 enumerated.
2026-09-19T18:31:31.603666Z INFO typecd[2050]: INFO typecd: [../../../../../tmp/portage/chromeos-base/typecd-0.0.1-r689/work/typecd-0.0.1/platform2/typecd/port.cc:48] Port 1 enumerated.
2026-09-19T18:31:36.652899Z WARNING typecd[2050]: WARNING typecd: [../../../../../tmp/portage/chromeos-base/typecd-0.0.1-r689/work/typecd-0.0.1/platform2/typecd/port_manager.cc:75] Attempting to add an already added port.
2026-09-19T18:31:36.654934Z WARNING typecd[2050]: WARNING typecd: [../../../../../tmp/portage/chromeos-base/typecd-0.0.1-r689/work/typecd-0.0.1/platform2/typecd/port_manager.cc:75] Attempting to add an already added port.
