2026-09-27T04:57:20.038790Z INFO typecd[2034]: INFO typecd: [../../../../../tmp/portage/chromeos-base/typecd-0.0.1-r689/work/typecd-0.0.1/platform2/typecd/daemon.cc:120] Update received from debugd ().
2026-09-27T04:57:20.040382Z ERR typecd[2034]: ERROR typecd: [../libchrome-0.0.1/platform2/libchrome/dbus/object_proxy.cc:572] Failed to call method: org.chromium.debugd.EcGetInventory: object_path= /org/chromium/debugd: org.freedesktop.DBus.Error.ServiceUnknown: The name org.chromium.debugd was not provided by any .service files
2026-09-27T04:57:20.040427Z ERR typecd[2034]: ERROR typecd: [/build/corsola/usr/include/brillo/dbus/dbus_method_invoker.h:114] CallMethodAndBlockWithTimeout(...): Domain=dbus, Code=org.freedesktop.DBus.Error.ServiceUnknown, Message=Error calling D-Bus method: org.chromium.debugd.EcGetInventory: The name org.chromium.debugd was not provided by any .service files
2026-09-27T04:57:20.040454Z INFO typecd[2034]: INFO typecd: [../../../../../tmp/portage/chromeos-base/typecd-0.0.1-r689/work/typecd-0.0.1/platform2/typecd/cros_ec_util.cc:54] Inventory attempts remaining: 39
2026-09-27T04:57:20.241402Z ERR typecd[2034]: ERROR typecd: [../libchrome-0.0.1/platform2/libchrome/dbus/object_proxy.cc:572] Failed to call method: org.chromium.debugd.EcGetInventory: object_path= /org/chromium/debugd: org.freedesktop.DBus.Error.ServiceUnknown: The name org.chromium.debugd was not provided by any .service files
2026-09-27T04:57:20.241438Z ERR typecd[2034]: ERROR typecd: [/build/corsola/usr/include/brillo/dbus/dbus_method_invoker.h:114] CallMethodAndBlockWithTimeout(...): Domain=dbus, Code=org.freedesktop.DBus.Error.ServiceUnknown, Message=Error calling D-Bus method: org.chromium.debugd.EcGetInventory: The name org.chromium.debugd was not provided by any .service files
2026-09-27T04:57:20.241458Z INFO typecd[2034]: INFO typecd: [../../../../../tmp/portage/chromeos-base/typecd-0.0.1-r689/work/typecd-0.0.1/platform2/typecd/cros_ec_util.cc:54] Inventory attempts remaining: 38
2026-09-27T04:57:20.442869Z ERR typecd[2034]: ERROR typecd: [../libchrome-0.0.1/platform2/libchrome/dbus/object_proxy.cc:572] Failed to call method: org.chromium.debugd.EcGetInventory: object_path= /org/chromium/debugd: org.freedesktop.DBus.Error.ServiceUnknown: The name org.chromium.debugd was not provided by any .service files
2026-09-27T04:57:20.442904Z ERR typecd[2034]: ERROR typecd: [/build/corsola/usr/include/brillo/dbus/dbus_method_invoker.h:114] CallMethodAndBlockWithTimeout(...): Domain=dbus, Code=org.freedesktop.DBus.Error.ServiceUnknown, Message=Error calling D-Bus method: org.chromium.debugd.EcGetInventory: The name org.chromium.debugd was not provided by any .service files
2026-09-27T04:57:20.442927Z INFO typecd[2034]: INFO typecd: [../../../../../tmp/portage/chromeos-base/typecd-0.0.1-r689/work/typecd-0.0.1/platform2/typecd/cros_ec_util.cc:54] Inventory attempts remaining: 37
2026-09-27T04:57:20.646023Z ERR typecd[2034]: ERROR typecd: [../libchrome-0.0.1/platform2/libchrome/dbus/object_proxy.cc:572] Failed to call method: org.chromium.debugd.EcGetInventory: object_path= /org/chromium/debugd: org.freedesktop.DBus.Error.ServiceUnknown: The name org.chromium.debugd was not provided by any .service files
2026-09-27T04:57:20.646148Z ERR typecd[2034]: ERROR typecd: [/build/corsola/usr/include/brillo/dbus/dbus_method_invoker.h:114] CallMethodAndBlockWithTimeout(...): Domain=dbus, Code=org.freedesktop.DBus.Error.ServiceUnknown, Message=Error calling D-Bus method: org.chromium.debugd.EcGetInventory: The name org.chromium.debugd was not provided by any .service files
2026-09-27T04:57:20.646209Z INFO typecd[2034]: INFO typecd: [../../../../../tmp/portage/chromeos-base/typecd-0.0.1-r689/work/typecd-0.0.1/platform2/typecd/cros_ec_util.cc:54] Inventory attempts remaining: 36
2026-09-27T04:57:20.847485Z ERR typecd[2034]: ERROR typecd: [../libchrome-0.0.1/platform2/libchrome/dbus/object_proxy.cc:572] Failed to call method: org.chromium.debugd.EcGetInventory: object_path= /org/chromium/debugd: org.freedesktop.DBus.Error.ServiceUnknown: The name org.chromium.debugd was not provided by any .service files
2026-09-27T04:57:20.847568Z ERR typecd[2034]: ERROR typecd: [/build/corsola/usr/include/brillo/dbus/dbus_method_invoker.h:114] CallMethodAndBlockWithTimeout(...): Domain=dbus, Code=org.freedesktop.DBus.Error.ServiceUnknown, Message=Error calling D-Bus method: org.chromium.debugd.EcGetInventory: The name org.chromium.debugd was not provided by any .service files
2026-09-27T04:57:20.847628Z INFO typecd[2034]: INFO typecd: [../../../../../tmp/portage/chromeos-base/typecd-0.0.1-r689/work/typecd-0.0.1/platform2/typecd/cros_ec_util.cc:54] Inventory attempts remaining: 35
2026-09-27T04:57:21.048975Z ERR typecd[2034]: ERROR typecd: [../libchrome-0.0.1/platform2/libchrome/dbus/object_proxy.cc:572] Failed to call method: org.chromium.debugd.EcGetInventory: object_path= /org/chromium/debugd: org.freedesktop.DBus.Error.ServiceUnknown: The name org.chromium.debugd was not provided by any .service files
2026-09-27T04:57:21.049017Z ERR typecd[2034]: ERROR typecd: [/build/corsola/usr/include/brillo/dbus/dbus_method_invoker.h:114] CallMethodAndBlockWithTimeout(...): Domain=dbus, Code=org.freedesktop.DBus.Error.ServiceUnknown, Message=Error calling D-Bus method: org.chromium.debugd.EcGetInventory: The name org.chromium.debugd was not provided by any .service files
2026-09-27T04:57:21.049044Z INFO typecd[2034]: INFO typecd: [../../../../../tmp/portage/chromeos-base/typecd-0.0.1-r689/work/typecd-0.0.1/platform2/typecd/cros_ec_util.cc:54] Inventory attempts remaining: 34
2026-09-27T04:57:21.250476Z ERR typecd[2034]: ERROR typecd: [../libchrome-0.0.1/platform2/libchrome/dbus/object_proxy.cc:572] Failed to call method: org.chromium.debugd.EcGetInventory: object_path= /org/chromium/debugd: org.freedesktop.DBus.Error.ServiceUnknown: The name org.chromium.debugd was not provided by any .service files
2026-09-27T04:57:21.250532Z ERR typecd[2034]: ERROR typecd: [/build/corsola/usr/include/brillo/dbus/dbus_method_invoker.h:114] CallMethodAndBlockWithTimeout(...): Domain=dbus, Code=org.freedesktop.DBus.Error.ServiceUnknown, Message=Error calling D-Bus method: org.chromium.debugd.EcGetInventory: The name org.chromium.debugd was not provided by any .service files
2026-09-27T04:57:21.250565Z INFO typecd[2034]: INFO typecd: [../../../../../tmp/portage/chromeos-base/typecd-0.0.1-r689/work/typecd-0.0.1/platform2/typecd/cros_ec_util.cc:54] Inventory attempts remaining: 33
2026-09-27T04:57:21.451612Z ERR typecd[2034]: ERROR typecd: [../libchrome-0.0.1/platform2/libchrome/dbus/object_proxy.cc:572] Failed to call method: org.chromium.debugd.EcGetInventory: object_path= /org/chromium/debugd: org.freedesktop.DBus.Error.ServiceUnknown: The name org.chromium.debugd was not provided by any .service files
2026-09-27T04:57:21.451653Z ERR typecd[2034]: ERROR typecd: [/build/corsola/usr/include/brillo/dbus/dbus_method_invoker.h:114] CallMethodAndBlockWithTimeout(...): Domain=dbus, Code=org.freedesktop.DBus.Error.ServiceUnknown, Message=Error calling D-Bus method: org.chromium.debugd.EcGetInventory: The name org.chromium.debugd was not provided by any .service files
2026-09-27T04:57:21.451679Z INFO typecd[2034]: INFO typecd: [../../../../../tmp/portage/chromeos-base/typecd-0.0.1-r689/work/typecd-0.0.1/platform2/typecd/cros_ec_util.cc:54] Inventory attempts remaining: 32
2026-09-27T13:50:00.298536Z INFO typecd[2050]: INFO typecd: [../../../../../tmp/portage/chromeos-base/typecd-0.0.1-r689/work/typecd-0.0.1/platform2/typecd/main.cc:13] Starting Type C daemon.#012
2026-09-27T13:50:00.301122Z INFO typecd[2050]: INFO typecd: [../../../../../tmp/portage/chromeos-base/typecd-0.0.1-r689/work/typecd-0.0.1/platform2/typecd/daemon.cc:37] Daemon started.
2026-09-27T13:50:00.427611Z INFO typecd[2050]: INFO typecd: [../../../../../tmp/portage/chromeos-base/typecd-0.0.1-r689/work/typecd-0.0.1/platform2/typecd/daemon.cc:66] Mode entry currently not supported on this device.
2026-09-27T13:50:00.432564Z INFO typecd[2050]: INFO typecd: [../../../../../tmp/portage/chromeos-base/typecd-0.0.1-r689/work/typecd-0.0.1/platform2/typecd/port.cc:48] Port 0 enumerated.
2026-09-27T13:50:00.433051Z INFO typecd[2050]: INFO typecd: [../../../../../tmp/portage/chromeos-base/typecd-0.0.1-r689/work/typecd-0.0.1/platform2/typecd/port.cc:48] Port 1 enumerated.
2026-09-27T13:50:04.485729Z WARNING typecd[2050]: WARNING typecd: [../../../../../tmp/portage/chromeos-base/typecd-0.0.1-r689/work/typecd-0.0.1/platform2/typecd/port_manager.cc:75] Attempting to add an already added port.
2026-09-27T13:50:04.489046Z WARNING typecd[2050]: WARNING typecd: [../../../../../tmp/portage/chromeos-base/typecd-0.0.1-r689/work/typecd-0.0.1/platform2/typecd/port_manager.cc:75] Attempting to add an already added port.
2026-09-27T17:53:45.117404Z INFO typecd[2050]: INFO typecd: [../../../../../tmp/portage/chromeos-base/typecd-0.0.1-r689/work/typecd-0.0.1/platform2/typecd/daemon.cc:120] Update received from debugd ().
2026-09-27T17:53:45.123321Z ERR typecd[2050]: ERROR typecd: [../libchrome-0.0.1/platform2/libchrome/dbus/object_proxy.cc:572] Failed to call method: org.chromium.debugd.EcGetInventory: object_path= /org/chromium/debugd: org.freedesktop.DBus.Error.ServiceUnknown: The name org.chromium.debugd was not provided by any .service files
2026-09-27T17:53:45.123369Z ERR typecd[2050]: ERROR typecd: [/build/corsola/usr/include/brillo/dbus/dbus_method_invoker.h:114] CallMethodAndBlockWithTimeout(...): Domain=dbus, Code=org.freedesktop.DBus.Error.ServiceUnknown, Message=Error calling D-Bus method: org.chromium.debugd.EcGetInventory: The name org.chromium.debugd was not provided by any .service files
2026-09-27T17:53:45.123395Z INFO typecd[2050]: INFO typecd: [../../../../../tmp/portage/chromeos-base/typecd-0.0.1-r689/work/typecd-0.0.1/platform2/typecd/cros_ec_util.cc:54] Inventory attempts remaining: 39
2026-09-27T17:53:45.328393Z ERR typecd[2050]: ERROR typecd: [../libchrome-0.0.1/platform2/libchrome/dbus/object_proxy.cc:572] Failed to call method: org.chromium.debugd.EcGetInventory: object_path= /org/chromium/debugd: org.freedesktop.DBus.Error.ServiceUnknown: The name org.chromium.debugd was not provided by any .service files
2026-09-27T17:53:45.328447Z ERR typecd[2050]: ERROR typecd: [/build/corsola/usr/include/brillo/dbus/dbus_method_invoker.h:114] CallMethodAndBlockWithTimeout(...): Domain=dbus, Code=org.freedesktop.DBus.Error.ServiceUnknown, Message=Error calling D-Bus method: org.chromium.debugd.EcGetInventory: The name org.chromium.debugd was not provided by any .service files
2026-09-27T17:53:45.328475Z INFO typecd[2050]: INFO typecd: [../../../../../tmp/portage/chromeos-base/typecd-0.0.1-r689/work/typecd-0.0.1/platform2/typecd/cros_ec_util.cc:54] Inventory attempts remaining: 38
2026-09-27T17:53:45.529635Z ERR typecd[2050]: ERROR typecd: [../libchrome-0.0.1/platform2/libchrome/dbus/object_proxy.cc:572] Failed to call method: org.chromium.debugd.EcGetInventory: object_path= /org/chromium/debugd: org.freedesktop.DBus.Error.ServiceUnknown: The name org.chromium.debugd was not provided by any .service files
2026-09-27T17:53:45.529679Z ERR typecd[2050]: ERROR typecd: [/build/corsola/usr/include/brillo/dbus/dbus_method_invoker.h:114] CallMethodAndBlockWithTimeout(...): Domain=dbus, Code=org.freedesktop.DBus.Error.ServiceUnknown, Message=Error calling D-Bus method: org.chromium.debugd.EcGetInventory: The name org.chromium.debugd was not provided by any .service files
2026-09-27T17:53:45.529701Z INFO typecd[2050]: INFO typecd: [../../../../../tmp/portage/chromeos-base/typecd-0.0.1-r689/work/typecd-0.0.1/platform2/typecd/cros_ec_util.cc:54] Inventory attempts remaining: 37
2026-09-27T17:53:45.731323Z ERR typecd[2050]: ERROR typecd: [../libchrome-0.0.1/platform2/libchrome/dbus/object_proxy.cc:572] Failed to call method: org.chromium.debugd.EcGetInventory: object_path= /org/chromium/debugd: org.freedesktop.DBus.Error.ServiceUnknown: The name org.chromium.debugd was not provided by any .service files
2026-09-27T17:53:45.731567Z ERR typecd[2050]: ERROR typecd: [/build/corsola/usr/include/brillo/dbus/dbus_method_invoker.h:114] CallMethodAndBlockWithTimeout(...): Domain=dbus, Code=org.freedesktop.DBus.Error.ServiceUnknown, Message=Error calling D-Bus method: org.chromium.debugd.EcGetInventory: The name org.chromium.debugd was not provided by any .service files
2026-09-27T17:53:45.731607Z INFO typecd[2050]: INFO typecd: [../../../../../tmp/portage/chromeos-base/typecd-0.0.1-r689/work/typecd-0.0.1/platform2/typecd/cros_ec_util.cc:54] Inventory attempts remaining: 36
2026-09-27T17:53:45.934340Z ERR typecd[2050]: ERROR typecd: [../libchrome-0.0.1/platform2/libchrome/dbus/object_proxy.cc:572] Failed to call method: org.chromium.debugd.EcGetInventory: object_path= /org/chromium/debugd: org.freedesktop.DBus.Error.ServiceUnknown: The name org.chromium.debugd was not provided by any .service files
2026-09-27T17:53:45.934451Z ERR typecd[2050]: ERROR typecd: [/build/corsola/usr/include/brillo/dbus/dbus_method_invoker.h:114] CallMethodAndBlockWithTimeout(...): Domain=dbus, Code=org.freedesktop.DBus.Error.ServiceUnknown, Message=Error calling D-Bus method: org.chromium.debugd.EcGetInventory: The name org.chromium.debugd was not provided by any .service files
2026-09-27T17:53:45.934512Z INFO typecd[2050]: INFO typecd: [../../../../../tmp/portage/chromeos-base/typecd-0.0.1-r689/work/typecd-0.0.1/platform2/typecd/cros_ec_util.cc:54] Inventory attempts remaining: 35
2026-09-27T17:53:46.136337Z ERR typecd[2050]: ERROR typecd: [../libchrome-0.0.1/platform2/libchrome/dbus/object_proxy.cc:572] Failed to call method: org.chromium.debugd.EcGetInventory: object_path= /org/chromium/debugd: org.freedesktop.DBus.Error.ServiceUnknown: The name org.chromium.debugd was not provided by any .service files
2026-09-27T17:53:46.136387Z ERR typecd[2050]: ERROR typecd: [/build/corsola/usr/include/brillo/dbus/dbus_method_invoker.h:114] CallMethodAndBlockWithTimeout(...): Domain=dbus, Code=org.freedesktop.DBus.Error.ServiceUnknown, Message=Error calling D-Bus method: org.chromium.debugd.EcGetInventory: The name org.chromium.debugd was not provided by any .service files
2026-09-27T17:53:46.136417Z INFO typecd[2050]: INFO typecd: [../../../../../tmp/portage/chromeos-base/typecd-0.0.1-r689/work/typecd-0.0.1/platform2/typecd/cros_ec_util.cc:54] Inventory attempts remaining: 34
2026-09-27T17:53:46.339212Z ERR typecd[2050]: ERROR typecd: [../libchrome-0.0.1/platform2/libchrome/dbus/object_proxy.cc:572] Failed to call method: org.chromium.debugd.EcGetInventory: object_path= /org/chromium/debugd: org.freedesktop.DBus.Error.ServiceUnknown: The name org.chromium.debugd was not provided by any .service files
2026-09-27T17:53:46.339308Z ERR typecd[2050]: ERROR typecd: [/build/corsola/usr/include/brillo/dbus/dbus_method_invoker.h:114] CallMethodAndBlockWithTimeout(...): Domain=dbus, Code=org.freedesktop.DBus.Error.ServiceUnknown, Message=Error calling D-Bus method: org.chromium.debugd.EcGetInventory: The name org.chromium.debugd was not provided by any .service files
2026-09-27T17:53:46.339371Z INFO typecd[2050]: INFO typecd: [../../../../../tmp/portage/chromeos-base/typecd-0.0.1-r689/work/typecd-0.0.1/platform2/typecd/cros_ec_util.cc:54] Inventory attempts remaining: 33
2026-09-27T17:53:46.541251Z ERR typecd[2050]: ERROR typecd: [../libchrome-0.0.1/platform2/libchrome/dbus/object_proxy.cc:572] Failed to call method: org.chromium.debugd.EcGetInventory: object_path= /org/chromium/debugd: org.freedesktop.DBus.Error.ServiceUnknown: The name org.chromium.debugd was not provided by any .service files
2026-09-27T17:53:46.541317Z ERR typecd[2050]: ERROR typecd: [/build/corsola/usr/include/brillo/dbus/dbus_method_invoker.h:114] CallMethodAndBlockWithTimeout(...): Domain=dbus, Code=org.freedesktop.DBus.Error.ServiceUnknown, Message=Error calling D-Bus method: org.chromium.debugd.EcGetInventory: The name org.chromium.debugd was not provided by any .service files
2026-09-27T17:53:46.541360Z INFO typecd[2050]: INFO typecd: [../../../../../tmp/portage/chromeos-base/typecd-0.0.1-r689/work/typecd-0.0.1/platform2/typecd/cros_ec_util.cc:54] Inventory attempts remaining: 32
2026-09-27T17:53:46.743456Z ERR typecd[2050]: ERROR typecd: [../libchrome-0.0.1/platform2/libchrome/dbus/object_proxy.cc:572] Failed to call method: org.chromium.debugd.EcGetInventory: object_path= /org/chromium/debugd: org.freedesktop.DBus.Error.ServiceUnknown: The name org.chromium.debugd was not provided by any .service files
2026-09-27T17:53:46.743520Z ERR typecd[2050]: ERROR typecd: [/build/corsola/usr/include/brillo/dbus/dbus_method_invoker.h:114] CallMethodAndBlockWithTimeout(...): Domain=dbus, Code=org.freedesktop.DBus.Error.ServiceUnknown, Message=Error calling D-Bus method: org.chromium.debugd.EcGetInventory: The name org.chromium.debugd was not provided by any .service files
2026-09-27T17:53:46.743565Z INFO typecd[2050]: INFO typecd: [../../../../../tmp/portage/chromeos-base/typecd-0.0.1-r689/work/typecd-0.0.1/platform2/typecd/cros_ec_util.cc:54] Inventory attempts remaining: 31
2026-09-28T21:52:32.651108Z INFO typecd[2045]: INFO typecd: [../../../../../tmp/portage/chromeos-base/typecd-0.0.1-r689/work/typecd-0.0.1/platform2/typecd/main.cc:13] Starting Type C daemon.#012
2026-09-28T21:52:32.656125Z INFO typecd[2045]: INFO typecd: [../../../../../tmp/portage/chromeos-base/typecd-0.0.1-r689/work/typecd-0.0.1/platform2/typecd/daemon.cc:37] Daemon started.
2026-09-28T21:52:32.820305Z INFO typecd[2045]: INFO typecd: [../../../../../tmp/portage/chromeos-base/typecd-0.0.1-r689/work/typecd-0.0.1/platform2/typecd/daemon.cc:66] Mode entry currently not supported on this device.
2026-09-28T21:52:32.823411Z INFO typecd[2045]: INFO typecd: [../../../../../tmp/portage/chromeos-base/typecd-0.0.1-r689/work/typecd-0.0.1/platform2/typecd/port.cc:48] Port 0 enumerated.
2026-09-28T21:52:32.823829Z INFO typecd[2045]: INFO typecd: [../../../../../tmp/portage/chromeos-base/typecd-0.0.1-r689/work/typecd-0.0.1/platform2/typecd/port.cc:48] Port 1 enumerated.
2026-09-28T21:52:36.622721Z WARNING typecd[2045]: WARNING typecd: [../../../../../tmp/portage/chromeos-base/typecd-0.0.1-r689/work/typecd-0.0.1/platform2/typecd/port_manager.cc:75] Attempting to add an already added port.
2026-09-28T21:52:36.622863Z WARNING typecd[2045]: WARNING typecd: [../../../../../tmp/portage/chromeos-base/typecd-0.0.1-r689/work/typecd-0.0.1/platform2/typecd/port_manager.cc:75] Attempting to add an already added port.
