2026-09-19T20:56:01.704163Z INFO typecd[2050]: INFO typecd: [../../../../../tmp/portage/chromeos-base/typecd-0.0.1-r689/work/typecd-0.0.1/platform2/typecd/daemon.cc:120] Update received from debugd ().
2026-09-19T20:56:01.709233Z ERR typecd[2050]: ERROR typecd: [../libchrome-0.0.1/platform2/libchrome/dbus/object_proxy.cc:572] Failed to call method: org.chromium.debugd.EcGetInventory: object_path= /org/chromium/debugd: org.freedesktop.DBus.Error.ServiceUnknown: The name org.chromium.debugd was not provided by any .service files
2026-09-19T20:56:01.709275Z ERR typecd[2050]: ERROR typecd: [/build/corsola/usr/include/brillo/dbus/dbus_method_invoker.h:114] CallMethodAndBlockWithTimeout(...): Domain=dbus, Code=org.freedesktop.DBus.Error.ServiceUnknown, Message=Error calling D-Bus method: org.chromium.debugd.EcGetInventory: The name org.chromium.debugd was not provided by any .service files
2026-09-19T20:56:01.709298Z INFO typecd[2050]: INFO typecd: [../../../../../tmp/portage/chromeos-base/typecd-0.0.1-r689/work/typecd-0.0.1/platform2/typecd/cros_ec_util.cc:54] Inventory attempts remaining: 39
2026-09-19T20:56:01.911328Z ERR typecd[2050]: ERROR typecd: [../libchrome-0.0.1/platform2/libchrome/dbus/object_proxy.cc:572] Failed to call method: org.chromium.debugd.EcGetInventory: object_path= /org/chromium/debugd: org.freedesktop.DBus.Error.ServiceUnknown: The name org.chromium.debugd was not provided by any .service files
2026-09-19T20:56:01.911402Z ERR typecd[2050]: ERROR typecd: [/build/corsola/usr/include/brillo/dbus/dbus_method_invoker.h:114] CallMethodAndBlockWithTimeout(...): Domain=dbus, Code=org.freedesktop.DBus.Error.ServiceUnknown, Message=Error calling D-Bus method: org.chromium.debugd.EcGetInventory: The name org.chromium.debugd was not provided by any .service files
2026-09-19T20:56:01.911444Z INFO typecd[2050]: INFO typecd: [../../../../../tmp/portage/chromeos-base/typecd-0.0.1-r689/work/typecd-0.0.1/platform2/typecd/cros_ec_util.cc:54] Inventory attempts remaining: 38
2026-09-19T20:56:02.113184Z ERR typecd[2050]: ERROR typecd: [../libchrome-0.0.1/platform2/libchrome/dbus/object_proxy.cc:572] Failed to call method: org.chromium.debugd.EcGetInventory: object_path= /org/chromium/debugd: org.freedesktop.DBus.Error.ServiceUnknown: The name org.chromium.debugd was not provided by any .service files
2026-09-19T20:56:02.113233Z ERR typecd[2050]: ERROR typecd: [/build/corsola/usr/include/brillo/dbus/dbus_method_invoker.h:114] CallMethodAndBlockWithTimeout(...): Domain=dbus, Code=org.freedesktop.DBus.Error.ServiceUnknown, Message=Error calling D-Bus method: org.chromium.debugd.EcGetInventory: The name org.chromium.debugd was not provided by any .service files
2026-09-19T20:56:02.113262Z INFO typecd[2050]: INFO typecd: [../../../../../tmp/portage/chromeos-base/typecd-0.0.1-r689/work/typecd-0.0.1/platform2/typecd/cros_ec_util.cc:54] Inventory attempts remaining: 37
2026-09-19T20:56:02.314748Z ERR typecd[2050]: ERROR typecd: [../libchrome-0.0.1/platform2/libchrome/dbus/object_proxy.cc:572] Failed to call method: org.chromium.debugd.EcGetInventory: object_path= /org/chromium/debugd: org.freedesktop.DBus.Error.ServiceUnknown: The name org.chromium.debugd was not provided by any .service files
2026-09-19T20:56:02.314795Z ERR typecd[2050]: ERROR typecd: [/build/corsola/usr/include/brillo/dbus/dbus_method_invoker.h:114] CallMethodAndBlockWithTimeout(...): Domain=dbus, Code=org.freedesktop.DBus.Error.ServiceUnknown, Message=Error calling D-Bus method: org.chromium.debugd.EcGetInventory: The name org.chromium.debugd was not provided by any .service files
2026-09-19T20:56:02.314822Z INFO typecd[2050]: INFO typecd: [../../../../../tmp/portage/chromeos-base/typecd-0.0.1-r689/work/typecd-0.0.1/platform2/typecd/cros_ec_util.cc:54] Inventory attempts remaining: 36
2026-09-19T20:56:02.517632Z ERR typecd[2050]: ERROR typecd: [../libchrome-0.0.1/platform2/libchrome/dbus/object_proxy.cc:572] Failed to call method: org.chromium.debugd.EcGetInventory: object_path= /org/chromium/debugd: org.freedesktop.DBus.Error.ServiceUnknown: The name org.chromium.debugd was not provided by any .service files
2026-09-19T20:56:02.517715Z ERR typecd[2050]: ERROR typecd: [/build/corsola/usr/include/brillo/dbus/dbus_method_invoker.h:114] CallMethodAndBlockWithTimeout(...): Domain=dbus, Code=org.freedesktop.DBus.Error.ServiceUnknown, Message=Error calling D-Bus method: org.chromium.debugd.EcGetInventory: The name org.chromium.debugd was not provided by any .service files
2026-09-19T20:56:02.517775Z INFO typecd[2050]: INFO typecd: [../../../../../tmp/portage/chromeos-base/typecd-0.0.1-r689/work/typecd-0.0.1/platform2/typecd/cros_ec_util.cc:54] Inventory attempts remaining: 35
2026-09-19T20:56:02.719021Z ERR typecd[2050]: ERROR typecd: [../libchrome-0.0.1/platform2/libchrome/dbus/object_proxy.cc:572] Failed to call method: org.chromium.debugd.EcGetInventory: object_path= /org/chromium/debugd: org.freedesktop.DBus.Error.ServiceUnknown: The name org.chromium.debugd was not provided by any .service files
2026-09-19T20:56:02.719079Z ERR typecd[2050]: ERROR typecd: [/build/corsola/usr/include/brillo/dbus/dbus_method_invoker.h:114] CallMethodAndBlockWithTimeout(...): Domain=dbus, Code=org.freedesktop.DBus.Error.ServiceUnknown, Message=Error calling D-Bus method: org.chromium.debugd.EcGetInventory: The name org.chromium.debugd was not provided by any .service files
2026-09-19T20:56:02.719104Z INFO typecd[2050]: INFO typecd: [../../../../../tmp/portage/chromeos-base/typecd-0.0.1-r689/work/typecd-0.0.1/platform2/typecd/cros_ec_util.cc:54] Inventory attempts remaining: 34
2026-09-19T20:56:02.921887Z ERR typecd[2050]: ERROR typecd: [../libchrome-0.0.1/platform2/libchrome/dbus/object_proxy.cc:572] Failed to call method: org.chromium.debugd.EcGetInventory: object_path= /org/chromium/debugd: org.freedesktop.DBus.Error.ServiceUnknown: The name org.chromium.debugd was not provided by any .service files
2026-09-19T20:56:02.921976Z ERR typecd[2050]: ERROR typecd: [/build/corsola/usr/include/brillo/dbus/dbus_method_invoker.h:114] CallMethodAndBlockWithTimeout(...): Domain=dbus, Code=org.freedesktop.DBus.Error.ServiceUnknown, Message=Error calling D-Bus method: org.chromium.debugd.EcGetInventory: The name org.chromium.debugd was not provided by any .service files
2026-09-19T20:56:02.922062Z INFO typecd[2050]: INFO typecd: [../../../../../tmp/portage/chromeos-base/typecd-0.0.1-r689/work/typecd-0.0.1/platform2/typecd/cros_ec_util.cc:54] Inventory attempts remaining: 33
2026-09-19T20:56:03.124787Z ERR typecd[2050]: ERROR typecd: [../libchrome-0.0.1/platform2/libchrome/dbus/object_proxy.cc:572] Failed to call method: org.chromium.debugd.EcGetInventory: object_path= /org/chromium/debugd: org.freedesktop.DBus.Error.ServiceUnknown: The name org.chromium.debugd was not provided by any .service files
2026-09-19T20:56:03.124872Z ERR typecd[2050]: ERROR typecd: [/build/corsola/usr/include/brillo/dbus/dbus_method_invoker.h:114] CallMethodAndBlockWithTimeout(...): Domain=dbus, Code=org.freedesktop.DBus.Error.ServiceUnknown, Message=Error calling D-Bus method: org.chromium.debugd.EcGetInventory: The name org.chromium.debugd was not provided by any .service files
2026-09-19T20:56:03.124935Z INFO typecd[2050]: INFO typecd: [../../../../../tmp/portage/chromeos-base/typecd-0.0.1-r689/work/typecd-0.0.1/platform2/typecd/cros_ec_util.cc:54] Inventory attempts remaining: 32
2026-09-19T20:56:03.325884Z ERR typecd[2050]: ERROR typecd: [../libchrome-0.0.1/platform2/libchrome/dbus/object_proxy.cc:572] Failed to call method: org.chromium.debugd.EcGetInventory: object_path= /org/chromium/debugd: org.freedesktop.DBus.Error.ServiceUnknown: The name org.chromium.debugd was not provided by any .service files
2026-09-19T20:56:03.325919Z ERR typecd[2050]: ERROR typecd: [/build/corsola/usr/include/brillo/dbus/dbus_method_invoker.h:114] CallMethodAndBlockWithTimeout(...): Domain=dbus, Code=org.freedesktop.DBus.Error.ServiceUnknown, Message=Error calling D-Bus method: org.chromium.debugd.EcGetInventory: The name org.chromium.debugd was not provided by any .service files
2026-09-19T20:56:03.325940Z INFO typecd[2050]: INFO typecd: [../../../../../tmp/portage/chromeos-base/typecd-0.0.1-r689/work/typecd-0.0.1/platform2/typecd/cros_ec_util.cc:54] Inventory attempts remaining: 31
2026-09-24T22:20:36.270500Z INFO typecd[2054]: INFO typecd: [../../../../../tmp/portage/chromeos-base/typecd-0.0.1-r689/work/typecd-0.0.1/platform2/typecd/main.cc:13] Starting Type C daemon.#012
2026-09-24T22:20:36.272799Z INFO typecd[2054]: INFO typecd: [../../../../../tmp/portage/chromeos-base/typecd-0.0.1-r689/work/typecd-0.0.1/platform2/typecd/daemon.cc:37] Daemon started.
2026-09-24T22:20:36.497893Z INFO typecd[2054]: INFO typecd: [../../../../../tmp/portage/chromeos-base/typecd-0.0.1-r689/work/typecd-0.0.1/platform2/typecd/daemon.cc:66] Mode entry currently not supported on this device.
2026-09-24T22:20:36.500697Z INFO typecd[2054]: INFO typecd: [../../../../../tmp/portage/chromeos-base/typecd-0.0.1-r689/work/typecd-0.0.1/platform2/typecd/port.cc:48] Port 0 enumerated.
2026-09-24T22:20:36.501110Z INFO typecd[2054]: INFO typecd: [../../../../../tmp/portage/chromeos-base/typecd-0.0.1-r689/work/typecd-0.0.1/platform2/typecd/port.cc:48] Port 1 enumerated.
2026-09-24T22:20:39.465950Z WARNING typecd[2054]: WARNING typecd: [../../../../../tmp/portage/chromeos-base/typecd-0.0.1-r689/work/typecd-0.0.1/platform2/typecd/port_manager.cc:75] Attempting to add an already added port.
2026-09-24T22:20:39.477832Z WARNING typecd[2054]: WARNING typecd: [../../../../../tmp/portage/chromeos-base/typecd-0.0.1-r689/work/typecd-0.0.1/platform2/typecd/port_manager.cc:75] Attempting to add an already added port.
