2026-09-24T23:14:53.729708Z INFO typecd[2054]: INFO typecd: [../../../../../tmp/portage/chromeos-base/typecd-0.0.1-r689/work/typecd-0.0.1/platform2/typecd/daemon.cc:120] Update received from debugd ().
2026-09-24T23:14:53.732396Z ERR typecd[2054]: ERROR typecd: [../libchrome-0.0.1/platform2/libchrome/dbus/object_proxy.cc:572] Failed to call method: org.chromium.debugd.EcGetInventory: object_path= /org/chromium/debugd: org.freedesktop.DBus.Error.ServiceUnknown: The name org.chromium.debugd was not provided by any .service files
2026-09-24T23:14:53.732470Z ERR typecd[2054]: ERROR typecd: [/build/corsola/usr/include/brillo/dbus/dbus_method_invoker.h:114] CallMethodAndBlockWithTimeout(...): Domain=dbus, Code=org.freedesktop.DBus.Error.ServiceUnknown, Message=Error calling D-Bus method: org.chromium.debugd.EcGetInventory: The name org.chromium.debugd was not provided by any .service files
2026-09-24T23:14:53.732498Z INFO typecd[2054]: INFO typecd: [../../../../../tmp/portage/chromeos-base/typecd-0.0.1-r689/work/typecd-0.0.1/platform2/typecd/cros_ec_util.cc:54] Inventory attempts remaining: 39
2026-09-24T23:14:53.935275Z ERR typecd[2054]: ERROR typecd: [../libchrome-0.0.1/platform2/libchrome/dbus/object_proxy.cc:572] Failed to call method: org.chromium.debugd.EcGetInventory: object_path= /org/chromium/debugd: org.freedesktop.DBus.Error.ServiceUnknown: The name org.chromium.debugd was not provided by any .service files
2026-09-24T23:14:53.935340Z ERR typecd[2054]: ERROR typecd: [/build/corsola/usr/include/brillo/dbus/dbus_method_invoker.h:114] CallMethodAndBlockWithTimeout(...): Domain=dbus, Code=org.freedesktop.DBus.Error.ServiceUnknown, Message=Error calling D-Bus method: org.chromium.debugd.EcGetInventory: The name org.chromium.debugd was not provided by any .service files
2026-09-24T23:14:53.935397Z INFO typecd[2054]: INFO typecd: [../../../../../tmp/portage/chromeos-base/typecd-0.0.1-r689/work/typecd-0.0.1/platform2/typecd/cros_ec_util.cc:54] Inventory attempts remaining: 38
2026-09-24T23:14:54.139649Z ERR typecd[2054]: ERROR typecd: [../libchrome-0.0.1/platform2/libchrome/dbus/object_proxy.cc:572] Failed to call method: org.chromium.debugd.EcGetInventory: object_path= /org/chromium/debugd: org.freedesktop.DBus.Error.ServiceUnknown: The name org.chromium.debugd was not provided by any .service files
2026-09-24T23:14:54.139733Z ERR typecd[2054]: ERROR typecd: [/build/corsola/usr/include/brillo/dbus/dbus_method_invoker.h:114] CallMethodAndBlockWithTimeout(...): Domain=dbus, Code=org.freedesktop.DBus.Error.ServiceUnknown, Message=Error calling D-Bus method: org.chromium.debugd.EcGetInventory: The name org.chromium.debugd was not provided by any .service files
2026-09-24T23:14:54.139779Z INFO typecd[2054]: INFO typecd: [../../../../../tmp/portage/chromeos-base/typecd-0.0.1-r689/work/typecd-0.0.1/platform2/typecd/cros_ec_util.cc:54] Inventory attempts remaining: 37
2026-09-24T23:14:54.341561Z ERR typecd[2054]: ERROR typecd: [../libchrome-0.0.1/platform2/libchrome/dbus/object_proxy.cc:572] Failed to call method: org.chromium.debugd.EcGetInventory: object_path= /org/chromium/debugd: org.freedesktop.DBus.Error.ServiceUnknown: The name org.chromium.debugd was not provided by any .service files
2026-09-24T23:14:54.341612Z ERR typecd[2054]: ERROR typecd: [/build/corsola/usr/include/brillo/dbus/dbus_method_invoker.h:114] CallMethodAndBlockWithTimeout(...): Domain=dbus, Code=org.freedesktop.DBus.Error.ServiceUnknown, Message=Error calling D-Bus method: org.chromium.debugd.EcGetInventory: The name org.chromium.debugd was not provided by any .service files
2026-09-24T23:14:54.341636Z INFO typecd[2054]: INFO typecd: [../../../../../tmp/portage/chromeos-base/typecd-0.0.1-r689/work/typecd-0.0.1/platform2/typecd/cros_ec_util.cc:54] Inventory attempts remaining: 36
2026-09-24T23:14:54.543333Z ERR typecd[2054]: ERROR typecd: [../libchrome-0.0.1/platform2/libchrome/dbus/object_proxy.cc:572] Failed to call method: org.chromium.debugd.EcGetInventory: object_path= /org/chromium/debugd: org.freedesktop.DBus.Error.ServiceUnknown: The name org.chromium.debugd was not provided by any .service files
2026-09-24T23:14:54.543401Z ERR typecd[2054]: ERROR typecd: [/build/corsola/usr/include/brillo/dbus/dbus_method_invoker.h:114] CallMethodAndBlockWithTimeout(...): Domain=dbus, Code=org.freedesktop.DBus.Error.ServiceUnknown, Message=Error calling D-Bus method: org.chromium.debugd.EcGetInventory: The name org.chromium.debugd was not provided by any .service files
2026-09-24T23:14:54.543431Z INFO typecd[2054]: INFO typecd: [../../../../../tmp/portage/chromeos-base/typecd-0.0.1-r689/work/typecd-0.0.1/platform2/typecd/cros_ec_util.cc:54] Inventory attempts remaining: 35
2026-09-24T23:14:54.746269Z ERR typecd[2054]: ERROR typecd: [../libchrome-0.0.1/platform2/libchrome/dbus/object_proxy.cc:572] Failed to call method: org.chromium.debugd.EcGetInventory: object_path= /org/chromium/debugd: org.freedesktop.DBus.Error.ServiceUnknown: The name org.chromium.debugd was not provided by any .service files
2026-09-24T23:14:54.746356Z ERR typecd[2054]: ERROR typecd: [/build/corsola/usr/include/brillo/dbus/dbus_method_invoker.h:114] CallMethodAndBlockWithTimeout(...): Domain=dbus, Code=org.freedesktop.DBus.Error.ServiceUnknown, Message=Error calling D-Bus method: org.chromium.debugd.EcGetInventory: The name org.chromium.debugd was not provided by any .service files
2026-09-24T23:14:54.746442Z INFO typecd[2054]: INFO typecd: [../../../../../tmp/portage/chromeos-base/typecd-0.0.1-r689/work/typecd-0.0.1/platform2/typecd/cros_ec_util.cc:54] Inventory attempts remaining: 34
2026-09-24T23:14:54.947674Z ERR typecd[2054]: ERROR typecd: [../libchrome-0.0.1/platform2/libchrome/dbus/object_proxy.cc:572] Failed to call method: org.chromium.debugd.EcGetInventory: object_path= /org/chromium/debugd: org.freedesktop.DBus.Error.ServiceUnknown: The name org.chromium.debugd was not provided by any .service files
2026-09-24T23:14:54.947720Z ERR typecd[2054]: ERROR typecd: [/build/corsola/usr/include/brillo/dbus/dbus_method_invoker.h:114] CallMethodAndBlockWithTimeout(...): Domain=dbus, Code=org.freedesktop.DBus.Error.ServiceUnknown, Message=Error calling D-Bus method: org.chromium.debugd.EcGetInventory: The name org.chromium.debugd was not provided by any .service files
2026-09-24T23:14:54.947742Z INFO typecd[2054]: INFO typecd: [../../../../../tmp/portage/chromeos-base/typecd-0.0.1-r689/work/typecd-0.0.1/platform2/typecd/cros_ec_util.cc:54] Inventory attempts remaining: 33
2026-09-24T23:14:55.149028Z ERR typecd[2054]: ERROR typecd: [../libchrome-0.0.1/platform2/libchrome/dbus/object_proxy.cc:572] Failed to call method: org.chromium.debugd.EcGetInventory: object_path= /org/chromium/debugd: org.freedesktop.DBus.Error.ServiceUnknown: The name org.chromium.debugd was not provided by any .service files
2026-09-24T23:14:55.149079Z ERR typecd[2054]: ERROR typecd: [/build/corsola/usr/include/brillo/dbus/dbus_method_invoker.h:114] CallMethodAndBlockWithTimeout(...): Domain=dbus, Code=org.freedesktop.DBus.Error.ServiceUnknown, Message=Error calling D-Bus method: org.chromium.debugd.EcGetInventory: The name org.chromium.debugd was not provided by any .service files
2026-09-24T23:14:55.149104Z INFO typecd[2054]: INFO typecd: [../../../../../tmp/portage/chromeos-base/typecd-0.0.1-r689/work/typecd-0.0.1/platform2/typecd/cros_ec_util.cc:54] Inventory attempts remaining: 32
2026-09-24T23:14:55.351919Z ERR typecd[2054]: ERROR typecd: [../libchrome-0.0.1/platform2/libchrome/dbus/object_proxy.cc:572] Failed to call method: org.chromium.debugd.EcGetInventory: object_path= /org/chromium/debugd: org.freedesktop.DBus.Error.ServiceUnknown: The name org.chromium.debugd was not provided by any .service files
2026-09-24T23:14:55.352023Z ERR typecd[2054]: ERROR typecd: [/build/corsola/usr/include/brillo/dbus/dbus_method_invoker.h:114] CallMethodAndBlockWithTimeout(...): Domain=dbus, Code=org.freedesktop.DBus.Error.ServiceUnknown, Message=Error calling D-Bus method: org.chromium.debugd.EcGetInventory: The name org.chromium.debugd was not provided by any .service files
2026-09-24T23:14:55.352094Z INFO typecd[2054]: INFO typecd: [../../../../../tmp/portage/chromeos-base/typecd-0.0.1-r689/work/typecd-0.0.1/platform2/typecd/cros_ec_util.cc:54] Inventory attempts remaining: 31
2026-09-24T23:14:55.554948Z ERR typecd[2054]: ERROR typecd: [../libchrome-0.0.1/platform2/libchrome/dbus/object_proxy.cc:572] Failed to call method: org.chromium.debugd.EcGetInventory: object_path= /org/chromium/debugd: org.freedesktop.DBus.Error.ServiceUnknown: The name org.chromium.debugd was not provided by any .service files
2026-09-24T23:14:55.555033Z ERR typecd[2054]: ERROR typecd: [/build/corsola/usr/include/brillo/dbus/dbus_method_invoker.h:114] CallMethodAndBlockWithTimeout(...): Domain=dbus, Code=org.freedesktop.DBus.Error.ServiceUnknown, Message=Error calling D-Bus method: org.chromium.debugd.EcGetInventory: The name org.chromium.debugd was not provided by any .service files
2026-09-24T23:14:55.555100Z INFO typecd[2054]: INFO typecd: [../../../../../tmp/portage/chromeos-base/typecd-0.0.1-r689/work/typecd-0.0.1/platform2/typecd/cros_ec_util.cc:54] Inventory attempts remaining: 30
2026-09-24T23:14:55.757547Z ERR typecd[2054]: ERROR typecd: [../libchrome-0.0.1/platform2/libchrome/dbus/object_proxy.cc:572] Failed to call method: org.chromium.debugd.EcGetInventory: object_path= /org/chromium/debugd: org.freedesktop.DBus.Error.ServiceUnknown: The name org.chromium.debugd was not provided by any .service files
2026-09-24T23:14:55.757665Z ERR typecd[2054]: ERROR typecd: [/build/corsola/usr/include/brillo/dbus/dbus_method_invoker.h:114] CallMethodAndBlockWithTimeout(...): Domain=dbus, Code=org.freedesktop.DBus.Error.ServiceUnknown, Message=Error calling D-Bus method: org.chromium.debugd.EcGetInventory: The name org.chromium.debugd was not provided by any .service files
2026-09-24T23:14:55.757730Z INFO typecd[2054]: INFO typecd: [../../../../../tmp/portage/chromeos-base/typecd-0.0.1-r689/work/typecd-0.0.1/platform2/typecd/cros_ec_util.cc:54] Inventory attempts remaining: 29
2026-09-25T01:55:07.550535Z INFO typecd[2054]: INFO typecd: [../../../../../tmp/portage/chromeos-base/typecd-0.0.1-r689/work/typecd-0.0.1/platform2/typecd/main.cc:13] Starting Type C daemon.#012
2026-09-25T01:55:07.554128Z INFO typecd[2054]: INFO typecd: [../../../../../tmp/portage/chromeos-base/typecd-0.0.1-r689/work/typecd-0.0.1/platform2/typecd/daemon.cc:37] Daemon started.
2026-09-25T01:55:07.658317Z INFO typecd[2054]: INFO typecd: [../../../../../tmp/portage/chromeos-base/typecd-0.0.1-r689/work/typecd-0.0.1/platform2/typecd/daemon.cc:66] Mode entry currently not supported on this device.
2026-09-25T01:55:07.660331Z INFO typecd[2054]: INFO typecd: [../../../../../tmp/portage/chromeos-base/typecd-0.0.1-r689/work/typecd-0.0.1/platform2/typecd/port.cc:48] Port 0 enumerated.
2026-09-25T01:55:07.660674Z INFO typecd[2054]: INFO typecd: [../../../../../tmp/portage/chromeos-base/typecd-0.0.1-r689/work/typecd-0.0.1/platform2/typecd/port.cc:48] Port 1 enumerated.
2026-09-25T01:55:11.486268Z WARNING typecd[2054]: WARNING typecd: [../../../../../tmp/portage/chromeos-base/typecd-0.0.1-r689/work/typecd-0.0.1/platform2/typecd/port_manager.cc:75] Attempting to add an already added port.
2026-09-25T01:55:11.487538Z WARNING typecd[2054]: WARNING typecd: [../../../../../tmp/portage/chromeos-base/typecd-0.0.1-r689/work/typecd-0.0.1/platform2/typecd/port_manager.cc:75] Attempting to add an already added port.
2026-09-25T04:14:12.239407Z INFO typecd[2054]: INFO typecd: [../../../../../tmp/portage/chromeos-base/typecd-0.0.1-r689/work/typecd-0.0.1/platform2/typecd/daemon.cc:120] Update received from debugd ().
2026-09-25T04:14:12.242811Z ERR typecd[2054]: ERROR typecd: [../libchrome-0.0.1/platform2/libchrome/dbus/object_proxy.cc:572] Failed to call method: org.chromium.debugd.EcGetInventory: object_path= /org/chromium/debugd: org.freedesktop.DBus.Error.ServiceUnknown: The name org.chromium.debugd was not provided by any .service files
2026-09-25T04:14:12.242853Z ERR typecd[2054]: ERROR typecd: [/build/corsola/usr/include/brillo/dbus/dbus_method_invoker.h:114] CallMethodAndBlockWithTimeout(...): Domain=dbus, Code=org.freedesktop.DBus.Error.ServiceUnknown, Message=Error calling D-Bus method: org.chromium.debugd.EcGetInventory: The name org.chromium.debugd was not provided by any .service files
2026-09-25T04:14:12.242874Z INFO typecd[2054]: INFO typecd: [../../../../../tmp/portage/chromeos-base/typecd-0.0.1-r689/work/typecd-0.0.1/platform2/typecd/cros_ec_util.cc:54] Inventory attempts remaining: 39
2026-09-25T04:14:12.445040Z ERR typecd[2054]: ERROR typecd: [../libchrome-0.0.1/platform2/libchrome/dbus/object_proxy.cc:572] Failed to call method: org.chromium.debugd.EcGetInventory: object_path= /org/chromium/debugd: org.freedesktop.DBus.Error.ServiceUnknown: The name org.chromium.debugd was not provided by any .service files
2026-09-25T04:14:12.445099Z ERR typecd[2054]: ERROR typecd: [/build/corsola/usr/include/brillo/dbus/dbus_method_invoker.h:114] CallMethodAndBlockWithTimeout(...): Domain=dbus, Code=org.freedesktop.DBus.Error.ServiceUnknown, Message=Error calling D-Bus method: org.chromium.debugd.EcGetInventory: The name org.chromium.debugd was not provided by any .service files
2026-09-25T04:14:12.445134Z INFO typecd[2054]: INFO typecd: [../../../../../tmp/portage/chromeos-base/typecd-0.0.1-r689/work/typecd-0.0.1/platform2/typecd/cros_ec_util.cc:54] Inventory attempts remaining: 38
2026-09-25T04:14:12.646815Z ERR typecd[2054]: ERROR typecd: [../libchrome-0.0.1/platform2/libchrome/dbus/object_proxy.cc:572] Failed to call method: org.chromium.debugd.EcGetInventory: object_path= /org/chromium/debugd: org.freedesktop.DBus.Error.ServiceUnknown: The name org.chromium.debugd was not provided by any .service files
2026-09-25T04:14:12.646849Z ERR typecd[2054]: ERROR typecd: [/build/corsola/usr/include/brillo/dbus/dbus_method_invoker.h:114] CallMethodAndBlockWithTimeout(...): Domain=dbus, Code=org.freedesktop.DBus.Error.ServiceUnknown, Message=Error calling D-Bus method: org.chromium.debugd.EcGetInventory: The name org.chromium.debugd was not provided by any .service files
2026-09-25T04:14:12.646871Z INFO typecd[2054]: INFO typecd: [../../../../../tmp/portage/chromeos-base/typecd-0.0.1-r689/work/typecd-0.0.1/platform2/typecd/cros_ec_util.cc:54] Inventory attempts remaining: 37
2026-09-25T04:14:12.848258Z ERR typecd[2054]: ERROR typecd: [../libchrome-0.0.1/platform2/libchrome/dbus/object_proxy.cc:572] Failed to call method: org.chromium.debugd.EcGetInventory: object_path= /org/chromium/debugd: org.freedesktop.DBus.Error.ServiceUnknown: The name org.chromium.debugd was not provided by any .service files
2026-09-25T04:14:12.848298Z ERR typecd[2054]: ERROR typecd: [/build/corsola/usr/include/brillo/dbus/dbus_method_invoker.h:114] CallMethodAndBlockWithTimeout(...): Domain=dbus, Code=org.freedesktop.DBus.Error.ServiceUnknown, Message=Error calling D-Bus method: org.chromium.debugd.EcGetInventory: The name org.chromium.debugd was not provided by any .service files
2026-09-25T04:14:12.848322Z INFO typecd[2054]: INFO typecd: [../../../../../tmp/portage/chromeos-base/typecd-0.0.1-r689/work/typecd-0.0.1/platform2/typecd/cros_ec_util.cc:54] Inventory attempts remaining: 36
2026-09-25T04:14:13.051101Z ERR typecd[2054]: ERROR typecd: [../libchrome-0.0.1/platform2/libchrome/dbus/object_proxy.cc:572] Failed to call method: org.chromium.debugd.EcGetInventory: object_path= /org/chromium/debugd: org.freedesktop.DBus.Error.ServiceUnknown: The name org.chromium.debugd was not provided by any .service files
2026-09-25T04:14:13.051185Z ERR typecd[2054]: ERROR typecd: [/build/corsola/usr/include/brillo/dbus/dbus_method_invoker.h:114] CallMethodAndBlockWithTimeout(...): Domain=dbus, Code=org.freedesktop.DBus.Error.ServiceUnknown, Message=Error calling D-Bus method: org.chromium.debugd.EcGetInventory: The name org.chromium.debugd was not provided by any .service files
2026-09-25T04:14:13.051245Z INFO typecd[2054]: INFO typecd: [../../../../../tmp/portage/chromeos-base/typecd-0.0.1-r689/work/typecd-0.0.1/platform2/typecd/cros_ec_util.cc:54] Inventory attempts remaining: 35
2026-09-25T04:14:13.252552Z ERR typecd[2054]: ERROR typecd: [../libchrome-0.0.1/platform2/libchrome/dbus/object_proxy.cc:572] Failed to call method: org.chromium.debugd.EcGetInventory: object_path= /org/chromium/debugd: org.freedesktop.DBus.Error.ServiceUnknown: The name org.chromium.debugd was not provided by any .service files
2026-09-25T04:14:13.252586Z ERR typecd[2054]: ERROR typecd: [/build/corsola/usr/include/brillo/dbus/dbus_method_invoker.h:114] CallMethodAndBlockWithTimeout(...): Domain=dbus, Code=org.freedesktop.DBus.Error.ServiceUnknown, Message=Error calling D-Bus method: org.chromium.debugd.EcGetInventory: The name org.chromium.debugd was not provided by any .service files
2026-09-25T04:14:13.252606Z INFO typecd[2054]: INFO typecd: [../../../../../tmp/portage/chromeos-base/typecd-0.0.1-r689/work/typecd-0.0.1/platform2/typecd/cros_ec_util.cc:54] Inventory attempts remaining: 34
2026-09-25T04:14:13.453645Z ERR typecd[2054]: ERROR typecd: [../libchrome-0.0.1/platform2/libchrome/dbus/object_proxy.cc:572] Failed to call method: org.chromium.debugd.EcGetInventory: object_path= /org/chromium/debugd: org.freedesktop.DBus.Error.ServiceUnknown: The name org.chromium.debugd was not provided by any .service files
2026-09-25T04:14:13.453676Z ERR typecd[2054]: ERROR typecd: [/build/corsola/usr/include/brillo/dbus/dbus_method_invoker.h:114] CallMethodAndBlockWithTimeout(...): Domain=dbus, Code=org.freedesktop.DBus.Error.ServiceUnknown, Message=Error calling D-Bus method: org.chromium.debugd.EcGetInventory: The name org.chromium.debugd was not provided by any .service files
2026-09-25T04:14:13.453695Z INFO typecd[2054]: INFO typecd: [../../../../../tmp/portage/chromeos-base/typecd-0.0.1-r689/work/typecd-0.0.1/platform2/typecd/cros_ec_util.cc:54] Inventory attempts remaining: 33
2026-09-25T04:14:13.656010Z ERR typecd[2054]: ERROR typecd: [../libchrome-0.0.1/platform2/libchrome/dbus/object_proxy.cc:572] Failed to call method: org.chromium.debugd.EcGetInventory: object_path= /org/chromium/debugd: org.freedesktop.DBus.Error.ServiceUnknown: The name org.chromium.debugd was not provided by any .service files
2026-09-25T04:14:13.656028Z ERR typecd[2054]: ERROR typecd: [/build/corsola/usr/include/brillo/dbus/dbus_method_invoker.h:114] CallMethodAndBlockWithTimeout(...): Domain=dbus, Code=org.freedesktop.DBus.Error.ServiceUnknown, Message=Error calling D-Bus method: org.chromium.debugd.EcGetInventory: The name org.chromium.debugd was not provided by any .service files
2026-09-25T04:14:13.656038Z INFO typecd[2054]: INFO typecd: [../../../../../tmp/portage/chromeos-base/typecd-0.0.1-r689/work/typecd-0.0.1/platform2/typecd/cros_ec_util.cc:54] Inventory attempts remaining: 32
2026-09-26T22:45:58.204277Z INFO typecd[2034]: INFO typecd: [../../../../../tmp/portage/chromeos-base/typecd-0.0.1-r689/work/typecd-0.0.1/platform2/typecd/main.cc:13] Starting Type C daemon.#012
2026-09-26T22:45:58.208891Z INFO typecd[2034]: INFO typecd: [../../../../../tmp/portage/chromeos-base/typecd-0.0.1-r689/work/typecd-0.0.1/platform2/typecd/daemon.cc:37] Daemon started.
2026-09-26T22:45:58.347933Z INFO typecd[2034]: INFO typecd: [../../../../../tmp/portage/chromeos-base/typecd-0.0.1-r689/work/typecd-0.0.1/platform2/typecd/daemon.cc:66] Mode entry currently not supported on this device.
2026-09-26T22:45:58.351213Z INFO typecd[2034]: INFO typecd: [../../../../../tmp/portage/chromeos-base/typecd-0.0.1-r689/work/typecd-0.0.1/platform2/typecd/port.cc:48] Port 0 enumerated.
2026-09-26T22:45:58.351779Z INFO typecd[2034]: INFO typecd: [../../../../../tmp/portage/chromeos-base/typecd-0.0.1-r689/work/typecd-0.0.1/platform2/typecd/port.cc:48] Port 1 enumerated.
2026-09-26T22:46:03.952285Z WARNING typecd[2034]: WARNING typecd: [../../../../../tmp/portage/chromeos-base/typecd-0.0.1-r689/work/typecd-0.0.1/platform2/typecd/port_manager.cc:75] Attempting to add an already added port.
2026-09-26T22:46:03.958713Z WARNING typecd[2034]: WARNING typecd: [../../../../../tmp/portage/chromeos-base/typecd-0.0.1-r689/work/typecd-0.0.1/platform2/typecd/port_manager.cc:75] Attempting to add an already added port.
