./emsec/ChameleonMini/.git
./emsec/ChameleonMini/.github
./RFIDResearchGroup/ChameleonMini/.git
./RFIDResearchGroup/ChameleonMini/.github
./ChameleonBLEAPI/.git
./XBoxDev/cromwell/.git
./XBoxDev/cromwell/.github
./XBoxDev/xbox-linux/.git
./iceman1001/ChameleonMini-rebooted/.git
./iceman1001/ChameleonMini-rebooted/.github
./xboxoneresearch/XBOX_Linux/.git
./xboxoneresearch/XBOX_Linux/.github
./avrdudes/avrdude/.git
./avrdudes/avrdude/.github
./avrdudes/avr-libc/.git
./avrdudes/avarice/.git
./avrdudes/avarice/.github
./ro5bert/avra/.git
./dfu-util/dfu-util/.git
./abcminiuser/lufa/.git
./gregkh/usbutils/.git
./gregkh/usbutils/.github
./nfc-tools/libnfc/.git
./nfc-tools/libfreefare/.git
./Drswith/usb.ids/.git
./Drswith/usb.ids/.github
./unicode-org/cldr/.git
./unicode-org/cldr/.github
./unicode-org/icu-data/.git
./unicode-org/icu-data/.github
./unicode-org/icu-demos/.git
./unicode-org/icu-demos/.github
./unicode-org/icu-docs/.git
./m3y54m/simple-avr-bootloader/.git
./m3y54m/simple-avr-bootloader/.github
./Optiboot/optiboot/.git
./libusb-1.0.30/.git
./libusb-1.0.30/.github
