./emsec/ChameleonMini:  origin http://github.com/emsec/ChameleonMini.git (fetch) origin http://github.com/emsec/ChameleonMini.git (push) 
[====]
./RFIDResearchGroup/ChameleonMini:  origin http://github.com/RFIDResearchGroup/ChameleonMini.git (fetch) origin http://github.com/RFIDResearchGroup/ChameleonMini.git (push) 
[====]
./ChameleonBLEAPI:  origin http://github.com/maxieds/ChameleonBLEAPI.git (fetch) origin http://github.com/maxieds/ChameleonBLEAPI.git (push) 
[====]
./XBoxDev/cromwell:  origin http://github.com/XboxDev/cromwell.git (fetch) origin http://github.com/XboxDev/cromwell.git (push) 
[====]
./XBoxDev/xbox-linux:  origin https://github.com/XboxDev/xbox-linux.git (fetch) origin https://github.com/XboxDev/xbox-linux.git (push) 
[====]
./iceman1001/ChameleonMini-rebooted:  origin https://github.com/iceman1001/ChameleonMini-rebooted.git (fetch) origin https://github.com/iceman1001/ChameleonMini-rebooted.git (push) 
[====]
./xboxoneresearch/XBOX_Linux:  origin https://github.com/xboxoneresearch/XBOX_Linux.git (fetch) origin https://github.com/xboxoneresearch/XBOX_Linux.git (push) 
[====]
./avrdudes/avrdude:  origin https://github.com/avrdudes/avrdude.git (fetch) origin https://github.com/avrdudes/avrdude.git (push) 
[====]
./avrdudes/avr-libc:  origin https://github.com/avrdudes/avr-libc.git (fetch) origin https://github.com/avrdudes/avr-libc.git (push) 
[====]
./avrdudes/avarice:  origin https://github.com/avrdudes/avarice.git (fetch) origin https://github.com/avrdudes/avarice.git (push) 
[====]
./ro5bert/avra:  origin https://github.com/Ro5bert/avra.git (fetch) origin https://github.com/Ro5bert/avra.git (push) 
[====]
./dfu-util/dfu-util:  origin git://git.code.sf.net/p/dfu-util/dfu-util.git (fetch) origin git://git.code.sf.net/p/dfu-util/dfu-util.git (push) 
[====]
./abcminiuser/lufa:  origin https://github.com/abcminiuser/lufa.git (fetch) origin https://github.com/abcminiuser/lufa.git (push) 
[====]
./gregkh/usbutils:  origin https://github.com/gregkh/usbutils.git (fetch) origin https://github.com/gregkh/usbutils.git (push) 
[====]
./nfc-tools/libnfc:  origin https://github.com/nfc-tools/libnfc.git (fetch) origin https://github.com/nfc-tools/libnfc.git (push) 
[====]
./nfc-tools/libfreefare:  origin https://github.com/nfc-tools/libfreefare.git (fetch) origin https://github.com/nfc-tools/libfreefare.git (push) 
[====]
./Drswith/usb.ids:  origin https://github.com/Drswith/usb.ids.git (fetch) origin https://github.com/Drswith/usb.ids.git (push) 
[====]
./unicode-org/cldr:  origin https://github.com/unicode-org/cldr.git (fetch) origin https://github.com/unicode-org/cldr.git (push) 
[====]
./unicode-org/icu-data:  origin https://github.com/unicode-org/icu-data.git (fetch) origin https://github.com/unicode-org/icu-data.git (push) 
[====]
./unicode-org/icu-demos:  origin https://github.com/unicode-org/icu-demos.git (fetch) origin https://github.com/unicode-org/icu-demos.git (push) 
[====]
./unicode-org/icu-docs:  origin https://github.com/unicode-org/icu-docs.git (fetch) origin https://github.com/unicode-org/icu-docs.git (push) 
[====]
./m3y54m/simple-avr-bootloader:  origin https://github.com/m3y54m/simple-avr-bootloader.git (fetch) origin https://github.com/m3y54m/simple-avr-bootloader.git (push) 
[====]
./Optiboot/optiboot:  origin https://github.com/Optiboot/optiboot.git (fetch) origin https://github.com/Optiboot/optiboot.git (push) 
[====]
./libusb-1.0.30:  origin https://github.com/libusb/libusb.git (fetch) origin https://github.com/libusb/libusb.git (push) 
[====]
