-rw-r--r-- 1 god god 509K Aug 13 14:47 ../ChameleonMini/avra-1.3.0-linux-i386-static.tar.bz2
-rw-r--r-- 1 god god 308K Aug 13 14:47 ../ChameleonMini/avra-1.3.0.tar.bz2
-rw-r--r-- 1 god god 334K Aug 11 17:46 ../ChameleonMini/dfu-programmer-win-0.7.2.zip
-rw-r--r-- 1 god god 2.2M Aug 14 00:27 ../ChameleonMini/eUSB2_0_20240927.zip
-rw-r--r-- 1 god god 641K Aug 13 15:30 ../ChameleonMini/libusb-1.0.30.tar.bz2
-rw-r--r-- 1 god god 322K Aug 13 15:30 ../ChameleonMini/libusb-compat-0.1.9.tar.bz2
-rw-r--r-- 1 god god 714K Aug 13 15:31 ../ChameleonMini/linux-usb-org-usb.ids
-rw-r--r-- 1 god god 714K Aug 13 15:29 ../ChameleonMini/systemd-usb.ids
-rw-r--r-- 1 god god  14M Aug 13 15:24 ../ChameleonMini/usb_20_20250603.zip

../ChameleonMini/ChameleonBLEAPI:
total 340K
drwxr-xr-x 1 god god   70 Aug 10 20:30 .
drwxr-xr-x 1 god god  884 Aug 14 00:54 ..
drwxr-xr-x 1 god god  138 Aug 10 20:30 .git
-rw-r--r-- 1 god god  143 Aug 10 20:30 README.md
drwxr-xr-x 1 god god  112 Aug 10 20:30 appmain
-rw-r--r-- 1 god god 336K Aug 10 20:30 code.rar
drwxr-xr-x 1 god god   60 Aug 10 20:30 packets

../ChameleonMini/Drswith:
total 0
drwxr-xr-x 1 god god  14 Aug 13 15:28 .
drwxr-xr-x 1 god god 884 Aug 14 00:54 ..
drwxr-xr-x 1 god god 422 Aug 13 15:28 usb.ids

../ChameleonMini/Optiboot:
total 0
drwxr-xr-x 1 god god  16 Aug 14 00:54 .
drwxr-xr-x 1 god god 884 Aug 14 00:54 ..
drwxr-xr-x 1 god god 128 Aug 14 00:54 optiboot

../ChameleonMini/RFIDResearchGroup:
total 0
drwxr-xr-x 1 god god  26 Aug 10 20:27 .
drwxr-xr-x 1 god god 884 Aug 14 00:54 ..
drwxr-xr-x 1 god god 400 Aug 10 20:27 ChameleonMini

../ChameleonMini/XBoxDev:
total 0
drwxr-xr-x 1 god god  36 Aug 11 15:11 .
drwxr-xr-x 1 god god 884 Aug 14 00:54 ..
drwxr-xr-x 1 god god 302 Aug 11 14:44 cromwell
drwxr-xr-x 1 god god 504 Aug 11 15:29 xbox-linux

../ChameleonMini/a-boot:
total 60K
drwxr-xr-x 1 god god   46 Aug 14 00:53 .
drwxr-xr-x 1 god god  884 Aug 14 00:54 ..
-rw-r--r-- 1 god god 2.5K Aug 14 00:52 README.txt
-rw-r--r-- 1 god god  56K Aug 14 00:52 a-boot_2_1.7z

../ChameleonMini/abcminiuser:
total 11M
drwxr-xr-x 1 god god   90 Aug 13 14:57 .
drwxr-xr-x 1 god god  884 Aug 14 00:54 ..
-rw-r--r-- 1 god god 5.3M Aug 13 14:57 LUFA-170418.tar.gz
drwxr-xr-x 1 god god  182 Aug 13 14:55 lufa
-rw-r--r-- 1 god god 5.5M Aug 13 14:55 lufa-LUFA-151115.tar.gz

../ChameleonMini/archiveorg-cromwell:
total 996K
drwxr-xr-x 1 god god  136 Aug 11 15:46 .
drwxr-xr-x 1 god god  884 Aug 14 00:54 ..
-rw-r--r-- 1 god god 962K Aug 11 14:42 Cromwell Bios SourceCode.zip
-rw-r--r-- 1 god god  30K Aug 11 14:42 Cromwell Pre Alpha 1 Bios SourceCode.zip

../ChameleonMini/avrdudes:
total 0
drwxr-xr-x 1 god god  44 Aug 13 14:51 .
drwxr-xr-x 1 god god 884 Aug 14 00:54 ..
drwxr-xr-x 1 god god 284 Aug 13 14:51 avarice
drwxr-xr-x 1 god god 322 Aug 13 14:51 avr-libc
drwxr-xr-x 1 god god 312 Aug 13 14:46 avrdude

../ChameleonMini/chameleon-driver-docs:
total 992K
drwxr-xr-x 1 god god  554 Aug 13 14:36 .
drwxr-xr-x 1 god god  884 Aug 14 00:54 ..
-rw-r--r-- 1 god god 670K Aug 13 14:30 CMiniAtmel-doc8429.pdf
-rw-r--r-- 1 god god  12K Aug 13 14:26 Chameleon-Mini_ Getting Started.html
drwxr-xr-x 1 god god  222 Aug 13 14:26 Chameleon-Mini_ Getting Started_files
-rw-r--r-- 1 god god 6.4K Aug 13 14:25 ChameleonDriver.cat
-rw-r--r-- 1 god god 2.2K Aug 13 14:25 ChameleonDriver.inf
-rw-r--r-- 1 god god 1.4K Aug 13 14:24 ChameleonFirmwareUpgrade.bat
-rw-r--r-- 1 god god  13K Aug 13 14:33 atmel_usb_dfu.cat
-rw-r--r-- 1 god god  28K Aug 13 14:33 atmel_usb_dfu.inf
-rw-r--r-- 1 god god  35K Aug 13 14:34 libusb0(1).sys
-rw-r--r-- 1 god god  35K Aug 13 14:34 libusb0(2).sys
-rw-r--r-- 1 god god  35K Aug 13 14:34 libusb0(3).sys
-rw-r--r-- 1 god god  35K Aug 13 14:34 libusb0(4).sys
-rw-r--r-- 1 god god  35K Aug 13 14:34 libusb0.sys
-rw-r--r-- 1 god god  66K Aug 13 14:35 libusb0_x86.dll

../ChameleonMini/dfu-util:
total 0
drwxr-xr-x 1 god god  16 Aug 13 14:50 .
drwxr-xr-x 1 god god 884 Aug 14 00:54 ..
drwxr-xr-x 1 god god 270 Aug 13 14:50 dfu-util

../ChameleonMini/emsec:
total 0
drwxr-xr-x 1 god god  26 Aug 10 20:26 .
drwxr-xr-x 1 god god 884 Aug 14 00:54 ..
drwxr-xr-x 1 god god 168 Aug 10 20:26 ChameleonMini

../ChameleonMini/gnu:
total 0
drwxr-xr-x 1 god god   0 Aug 13 14:53 .
drwxr-xr-x 1 god god 884 Aug 14 00:54 ..

../ChameleonMini/gregkh:
total 0
drwxr-xr-x 1 god god  16 Aug 13 15:19 .
drwxr-xr-x 1 god god 884 Aug 14 00:54 ..
drwxr-xr-x 1 god god 648 Aug 13 15:19 usbutils

../ChameleonMini/iceman1001:
total 0
drwxr-xr-x 1 god god  44 Aug 11 15:48 .
drwxr-xr-x 1 god god 884 Aug 14 00:54 ..
drwxr-xr-x 1 god god 222 Aug 11 15:48 ChameleonMini-rebooted

../ChameleonMini/libusb:
total 0
drwxr-xr-x 1 god god  12 Aug 13 15:21 .
drwxr-xr-x 1 god god 884 Aug 14 00:54 ..
drwxr-xr-x 1 god god 744 Aug 13 15:21 libusb

../ChameleonMini/m3y54m:
total 0
drwxr-xr-x 1 god god  42 Aug 14 00:54 .
drwxr-xr-x 1 god god 884 Aug 14 00:54 ..
drwxr-xr-x 1 god god 258 Aug 14 00:51 simple-avr-bootloader

../ChameleonMini/nfc-tools:
total 0
drwxr-xr-x 1 god god  34 Aug 13 15:22 .
drwxr-xr-x 1 god god 884 Aug 14 00:54 ..
drwxr-xr-x 1 god god 398 Aug 13 15:22 libfreefare
drwxr-xr-x 1 god god 546 Aug 13 15:22 libnfc

../ChameleonMini/ro5bert:
total 0
drwxr-xr-x 1 god god   8 Aug 13 14:46 .
drwxr-xr-x 1 god god 884 Aug 14 00:54 ..
drwxr-xr-x 1 god god 236 Aug 13 14:46 avra

../ChameleonMini/saved-docs:
total 8.2M
drwxr-xr-x 1 god god  532 Aug 14 01:27 .
drwxr-xr-x 1 god god  884 Aug 14 00:54 ..
-rw------- 1 god god 2.3K Aug 11 16:15 bash_history-2026.08.13-v1
-rw------- 1 god god  112 Aug 13 15:17 bash_history-2026.08.13-v2
-rw------- 1 god god 8.4K Aug 14 01:16 bash_history-2026.08.14-v1
-rw-r--r-- 1 god god  220 May  9 05:58 bash_logout-2026.08.14-v1
-rw-r--r-- 1 god god  73K Aug 13 15:01 bookmarks-2026.08.13-v1.html
-rw-r--r-- 1 god god 175K Aug 13 15:33 bookmarks-2026.08.13-v2.html
-rw-r--r-- 1 god god 111K Aug 14 00:56 bookmarks-2026.08.14-v1.html
-rw-r--r-- 1 god god 7.8M Aug 14 01:26 home-ChameleonMini.ls.1.out
-rw-r--r-- 1 god god 4.0K Aug 14 01:27 home-ChameleonMini.ls.2.out
drwxr-xr-x 1 god god  822 Aug 14 00:55 pdf
drwxr-xr-x 1 god god  20K Aug 14 01:24 screenshots
drwxr-xr-x 1 god god   28 Aug 14 00:26 usb-docs
drwxr-xr-x 1 god god  17K Aug 14 00:55 web

../ChameleonMini/sfnet-xbox-linux-group:
total 121M
drwxr-xr-x 1 god god 1.9K Aug 14 01:13 .
drwxr-xr-x 1 god god  884 Aug 14 00:54 ..
-rw-r--r-- 1 god god 382K Aug 11 16:40 DVD_Case-v1.7.png
-rw-r--r-- 1 god god   73 Aug 11 16:35 Gentoox.ShALLaX.Home-Edition-v7.0.md5
-rw-r--r-- 1 god god   67 Aug 11 16:34 Gentoox.ShALLaX.Loader-v6.05.md5
-rw-r--r-- 1 god god 602K Aug 11 16:34 Gentoox.ShALLaX.Loader-v6.05.rar
-rw-r--r-- 1 god god   68 Aug 11 16:36 Gentoox.ShALLaX.Resctoox-v5.1.md5
-rw-r--r-- 1 god god 9.2M Aug 11 16:40 MCE-Full-Native-Patch.tbz2
-rw-r--r-- 1 god god 3.5M Aug 11 16:40 Wallpapers.tbz2
-rw-r--r-- 1 god god  50M Aug 11 16:32 Xdsl0.6.zip
-rw-r--r-- 1 god god  11K Aug 11 16:35 Xdsl0.6_Installation_Instructions.html
-rw-r--r-- 1 god god 9.5K Aug 11 16:31 Xdsl_installation_instructions(1).html
-rw-r--r-- 1 god god 9.5K Aug 11 16:30 Xdsl_installation_instructions.html
-rw-r--r-- 1 god god 186K Aug 11 16:40 cdlabel.jpg
-rw-r--r-- 1 god god 529K Aug 11 16:48 cromwell-2.40.tar.gz
-rw-r--r-- 1 god god 306K Aug 11 16:50 cromwell-bin-2.31.tar.bz2
-rw-r--r-- 1 god god 156K Aug 11 16:43 linux-2.4.25-xbox.patch.gz
-rw-r--r-- 1 god god 147K Aug 11 16:43 linux-2.4.26-xbox.patch.gz
-rw-r--r-- 1 god god 147K Aug 11 16:43 linux-2.4.27-xbox.patch(1).gz
-rw-r--r-- 1 god god 147K Aug 11 16:43 linux-2.4.27-xbox.patch.gz
-rw-r--r-- 1 god god 147K Aug 11 16:43 linux-2.4.28-xbox.patch.gz
-rw-r--r-- 1 god god 148K Aug 11 16:43 linux-2.4.29-xbox.patch.gz
-rw-r--r-- 1 god god 148K Aug 11 16:43 linux-2.4.30-xbox.patch.gz
-rw-r--r-- 1 god god 148K Aug 11 16:43 linux-2.4.31-xbox.patch.gz
-rw-r--r-- 1 god god 148K Aug 11 16:43 linux-2.4.32-xbox.patch.gz
-rw-r--r-- 1 god god 106K Aug 11 16:42 linux-2.6.11-xbox.patch.gz
-rw-r--r-- 1 god god 112K Aug 11 16:42 linux-2.6.13-xbox.patch.gz
-rw-r--r-- 1 god god 112K Aug 11 16:42 linux-2.6.14-xbox.patch.gz
-rw-r--r-- 1 god god 112K Aug 11 16:42 linux-2.6.15-xbox.patch.gz
-rw-r--r-- 1 god god 112K Aug 11 16:42 linux-2.6.16-xbox.patch.gz
-rw-r--r-- 1 god god 194K Aug 11 16:35 linux-2.6.17.7-xbox.patch.gz
-rw-r--r-- 1 god god 256K Aug 11 16:34 loader.latest
-rw-r--r-- 1 god god 166K Aug 11 16:40 mkfatx.tgz
-rw-r--r-- 1 god god 234K Aug 11 16:46 raincoat-0.10.tbz2
-rw-r--r-- 1 god god   53 Aug 11 16:46 raincoat-0.10.tbz2.md5
-rw-r--r-- 1 god god 236K Aug 11 16:46 raincoat-0.11.tbz2
-rw-r--r-- 1 god god   55 Aug 11 16:46 raincoat-0.11.tbz2.md5
-rw-r--r-- 1 god god 234K Aug 11 16:46 raincoat-0.9.tbz2
-rw-r--r-- 1 god god   52 Aug 11 16:46 raincoat-0.9.tbz2.md5
-rw-r--r-- 1 god god  11M Aug 11 16:34 resctoox.t00x
-rw-r--r-- 1 god god  44K Aug 11 16:28 xbflash-1.0.zip
-rw-r--r-- 1 god god  43M Aug 11 16:31 xdsl-0.5.zip

../ChameleonMini/unicode-org:
total 69M
drwxr-xr-x 1 god god  226 Aug 14 00:47 .
drwxr-xr-x 1 god god  884 Aug 14 00:54 ..
-rw-r--r-- 1 god god 1.4K Aug 14 00:07 README.html
-rw-r--r-- 1 god god  875 Aug 14 00:07 SHASUM512.txt
drwxr-xr-x 1 god god  322 Aug 14 00:06 cldr
-rw-r--r-- 1 god god  35M Aug 14 00:08 cldr-common-48.zip
-rw-r--r-- 1 god god  24K Aug 14 00:08 cldr-keyboards-48.zip
-rw-r--r-- 1 god god  35M Aug 14 00:08 core.zip
drwxr-xr-x 1 god god  144 Aug 14 00:46 icu-data
drwxr-xr-x 1 god god  978 Aug 14 00:46 icu-demos
drwxr-xr-x 1 god god  204 Aug 14 00:47 icu-docs
-rw-r--r-- 1 god god  24K Aug 14 00:08 keyboards.zip

../ChameleonMini/xboxoneresearch:
total 0
drwxr-xr-x 1 god god  20 Aug 13 14:42 .
drwxr-xr-x 1 god god 884 Aug 14 00:54 ..
drwxr-xr-x 1 god god 104 Aug 13 14:42 XBOX_Linux
