du: cannot read directory '/proc/1/task/1/fd': Permission denied
du: cannot read directory '/proc/1/task/1/fdinfo': Permission denied
du: cannot read directory '/proc/1/task/1/ns': Permission denied
du: cannot read directory '/proc/1/fd': Permission denied
du: cannot read directory '/proc/1/map_files': Permission denied
du: cannot read directory '/proc/1/fdinfo': Permission denied
du: cannot read directory '/proc/1/ns': Permission denied
0	/proc/1
du: cannot read directory '/proc/10/task/10/fd': Permission denied
du: cannot read directory '/proc/10/task/10/fdinfo': Permission denied
du: cannot read directory '/proc/10/task/10/ns': Permission denied
du: cannot read directory '/proc/10/fd': Permission denied
du: cannot read directory '/proc/10/map_files': Permission denied
du: cannot read directory '/proc/10/fdinfo': Permission denied
du: cannot read directory '/proc/10/ns': Permission denied
0	/proc/10
du: cannot read directory '/proc/100/task/100/fd': Permission denied
du: cannot read directory '/proc/100/task/100/fdinfo': Permission denied
du: cannot read directory '/proc/100/task/100/ns': Permission denied
du: cannot read directory '/proc/100/fd': Permission denied
du: cannot read directory '/proc/100/map_files': Permission denied
du: cannot read directory '/proc/100/fdinfo': Permission denied
du: cannot read directory '/proc/100/ns': Permission denied
0	/proc/100
du: cannot read directory '/proc/1008/task/1008/fd': Permission denied
du: cannot read directory '/proc/1008/task/1008/fdinfo': Permission denied
du: cannot read directory '/proc/1008/task/1008/ns': Permission denied
du: cannot read directory '/proc/1008/fd': Permission denied
du: cannot read directory '/proc/1008/map_files': Permission denied
du: cannot read directory '/proc/1008/fdinfo': Permission denied
du: cannot read directory '/proc/1008/ns': Permission denied
0	/proc/1008
du: cannot read directory '/proc/101/task/101/fd': Permission denied
du: cannot read directory '/proc/101/task/101/fdinfo': Permission denied
du: cannot read directory '/proc/101/task/101/ns': Permission denied
du: cannot read directory '/proc/101/fd': Permission denied
du: cannot read directory '/proc/101/map_files': Permission denied
du: cannot read directory '/proc/101/fdinfo': Permission denied
du: cannot read directory '/proc/101/ns': Permission denied
0	/proc/101
du: cannot read directory '/proc/1012/task/1012/fd': Permission denied
du: cannot read directory '/proc/1012/task/1012/fdinfo': Permission denied
du: cannot read directory '/proc/1012/task/1012/ns': Permission denied
du: cannot read directory '/proc/1012/fd': Permission denied
du: cannot read directory '/proc/1012/map_files': Permission denied
du: cannot read directory '/proc/1012/fdinfo': Permission denied
du: cannot read directory '/proc/1012/ns': Permission denied
0	/proc/1012
du: cannot read directory '/proc/106/task/106/fd': Permission denied
du: cannot read directory '/proc/106/task/106/fdinfo': Permission denied
du: cannot read directory '/proc/106/task/106/ns': Permission denied
du: cannot read directory '/proc/106/fd': Permission denied
du: cannot read directory '/proc/106/map_files': Permission denied
du: cannot read directory '/proc/106/fdinfo': Permission denied
du: cannot read directory '/proc/106/ns': Permission denied
0	/proc/106
du: cannot read directory '/proc/10722/task/10722/fd': Permission denied
du: cannot read directory '/proc/10722/task/10722/fdinfo': Permission denied
du: cannot read directory '/proc/10722/task/10722/ns': Permission denied
du: cannot read directory '/proc/10722/fd': Permission denied
du: cannot read directory '/proc/10722/map_files': Permission denied
du: cannot read directory '/proc/10722/fdinfo': Permission denied
du: cannot read directory '/proc/10722/ns': Permission denied
0	/proc/10722
du: cannot read directory '/proc/10748/task/10748/fd': Permission denied
du: cannot read directory '/proc/10748/task/10748/fdinfo': Permission denied
du: cannot read directory '/proc/10748/task/10748/ns': Permission denied
du: cannot read directory '/proc/10748/fd': Permission denied
du: cannot read directory '/proc/10748/map_files': Permission denied
du: cannot read directory '/proc/10748/fdinfo': Permission denied
du: cannot read directory '/proc/10748/ns': Permission denied
0	/proc/10748
du: cannot read directory '/proc/1128/task/1128/fd': Permission denied
du: cannot read directory '/proc/1128/task/1128/fdinfo': Permission denied
du: cannot read directory '/proc/1128/task/1128/ns': Permission denied
du: cannot read directory '/proc/1128/fd': Permission denied
du: cannot read directory '/proc/1128/map_files': Permission denied
du: cannot read directory '/proc/1128/fdinfo': Permission denied
du: cannot read directory '/proc/1128/ns': Permission denied
0	/proc/1128
du: cannot read directory '/proc/1132/task/1132/fd': Permission denied
du: cannot read directory '/proc/1132/task/1132/fdinfo': Permission denied
du: cannot read directory '/proc/1132/task/1132/ns': Permission denied
du: cannot read directory '/proc/1132/fd': Permission denied
du: cannot read directory '/proc/1132/map_files': Permission denied
du: cannot read directory '/proc/1132/fdinfo': Permission denied
du: cannot read directory '/proc/1132/ns': Permission denied
0	/proc/1132
du: cannot read directory '/proc/1144/task/1144/fd': Permission denied
du: cannot read directory '/proc/1144/task/1144/fdinfo': Permission denied
du: cannot read directory '/proc/1144/task/1144/ns': Permission denied
du: cannot read directory '/proc/1144/task/1147/fd': Permission denied
du: cannot read directory '/proc/1144/task/1147/fdinfo': Permission denied
du: cannot read directory '/proc/1144/task/1147/ns': Permission denied
du: cannot read directory '/proc/1144/task/1149/fd': Permission denied
du: cannot read directory '/proc/1144/task/1149/fdinfo': Permission denied
du: cannot read directory '/proc/1144/task/1149/ns': Permission denied
du: cannot read directory '/proc/1144/task/1150/fd': Permission denied
du: cannot read directory '/proc/1144/task/1150/fdinfo': Permission denied
du: cannot read directory '/proc/1144/task/1150/ns': Permission denied
du: cannot read directory '/proc/1144/task/1151/fd': Permission denied
du: cannot read directory '/proc/1144/task/1151/fdinfo': Permission denied
du: cannot read directory '/proc/1144/task/1151/ns': Permission denied
du: cannot read directory '/proc/1144/task/1152/fd': Permission denied
du: cannot read directory '/proc/1144/task/1152/fdinfo': Permission denied
du: cannot read directory '/proc/1144/task/1152/ns': Permission denied
du: cannot read directory '/proc/1144/task/1153/fd': Permission denied
du: cannot read directory '/proc/1144/task/1153/fdinfo': Permission denied
du: cannot read directory '/proc/1144/task/1153/ns': Permission denied
du: cannot read directory '/proc/1144/task/1154/fd': Permission denied
du: cannot read directory '/proc/1144/task/1154/fdinfo': Permission denied
du: cannot read directory '/proc/1144/task/1154/ns': Permission denied
du: cannot read directory '/proc/1144/task/1155/fd': Permission denied
du: cannot read directory '/proc/1144/task/1155/fdinfo': Permission denied
du: cannot read directory '/proc/1144/task/1155/ns': Permission denied
du: cannot read directory '/proc/1144/task/1156/fd': Permission denied
du: cannot read directory '/proc/1144/task/1156/fdinfo': Permission denied
du: cannot read directory '/proc/1144/task/1156/ns': Permission denied
du: cannot read directory '/proc/1144/task/1157/fd': Permission denied
du: cannot read directory '/proc/1144/task/1157/fdinfo': Permission denied
du: cannot read directory '/proc/1144/task/1157/ns': Permission denied
du: cannot read directory '/proc/1144/task/1158/fd': Permission denied
du: cannot read directory '/proc/1144/task/1158/fdinfo': Permission denied
du: cannot read directory '/proc/1144/task/1158/ns': Permission denied
du: cannot read directory '/proc/1144/task/1159/fd': Permission denied
du: cannot read directory '/proc/1144/task/1159/fdinfo': Permission denied
du: cannot read directory '/proc/1144/task/1159/ns': Permission denied
du: cannot read directory '/proc/1144/task/1160/fd': Permission denied
du: cannot read directory '/proc/1144/task/1160/fdinfo': Permission denied
du: cannot read directory '/proc/1144/task/1160/ns': Permission denied
du: cannot read directory '/proc/1144/task/1161/fd': Permission denied
du: cannot read directory '/proc/1144/task/1161/fdinfo': Permission denied
du: cannot read directory '/proc/1144/task/1161/ns': Permission denied
du: cannot read directory '/proc/1144/task/1164/fd': Permission denied
du: cannot read directory '/proc/1144/task/1164/fdinfo': Permission denied
du: cannot read directory '/proc/1144/task/1164/ns': Permission denied
du: cannot read directory '/proc/1144/task/1165/fd': Permission denied
du: cannot read directory '/proc/1144/task/1165/fdinfo': Permission denied
du: cannot read directory '/proc/1144/task/1165/ns': Permission denied
du: cannot read directory '/proc/1144/task/1167/fd': Permission denied
du: cannot read directory '/proc/1144/task/1167/fdinfo': Permission denied
du: cannot read directory '/proc/1144/task/1167/ns': Permission denied
du: cannot read directory '/proc/1144/task/1168/fd': Permission denied
du: cannot read directory '/proc/1144/task/1168/fdinfo': Permission denied
du: cannot read directory '/proc/1144/task/1168/ns': Permission denied
du: cannot read directory '/proc/1144/task/1170/fd': Permission denied
du: cannot read directory '/proc/1144/task/1170/fdinfo': Permission denied
du: cannot read directory '/proc/1144/task/1170/ns': Permission denied
du: cannot read directory '/proc/1144/task/1172/fd': Permission denied
du: cannot read directory '/proc/1144/task/1172/fdinfo': Permission denied
du: cannot read directory '/proc/1144/task/1172/ns': Permission denied
du: cannot read directory '/proc/1144/task/1175/fd': Permission denied
du: cannot read directory '/proc/1144/task/1175/fdinfo': Permission denied
du: cannot read directory '/proc/1144/task/1175/ns': Permission denied
du: cannot read directory '/proc/1144/task/1176/fd': Permission denied
du: cannot read directory '/proc/1144/task/1176/fdinfo': Permission denied
du: cannot read directory '/proc/1144/task/1176/ns': Permission denied
du: cannot read directory '/proc/1144/task/1177/fd': Permission denied
du: cannot read directory '/proc/1144/task/1177/fdinfo': Permission denied
du: cannot read directory '/proc/1144/task/1177/ns': Permission denied
du: cannot read directory '/proc/1144/task/1178/fd': Permission denied
du: cannot read directory '/proc/1144/task/1178/fdinfo': Permission denied
du: cannot read directory '/proc/1144/task/1178/ns': Permission denied
du: cannot read directory '/proc/1144/task/1179/fd': Permission denied
du: cannot read directory '/proc/1144/task/1179/fdinfo': Permission denied
du: cannot read directory '/proc/1144/task/1179/ns': Permission denied
du: cannot read directory '/proc/1144/task/1180/fd': Permission denied
du: cannot read directory '/proc/1144/task/1180/fdinfo': Permission denied
du: cannot read directory '/proc/1144/task/1180/ns': Permission denied
du: cannot read directory '/proc/1144/fd': Permission denied
du: cannot read directory '/proc/1144/map_files': Permission denied
du: cannot read directory '/proc/1144/fdinfo': Permission denied
du: cannot read directory '/proc/1144/ns': Permission denied
0	/proc/1144
du: cannot read directory '/proc/1148/task/1148/fd': Permission denied
du: cannot read directory '/proc/1148/task/1148/fdinfo': Permission denied
du: cannot read directory '/proc/1148/task/1148/ns': Permission denied
du: cannot read directory '/proc/1148/task/1163/fd': Permission denied
du: cannot read directory '/proc/1148/task/1163/fdinfo': Permission denied
du: cannot read directory '/proc/1148/task/1163/ns': Permission denied
du: cannot read directory '/proc/1148/task/1166/fd': Permission denied
du: cannot read directory '/proc/1148/task/1166/fdinfo': Permission denied
du: cannot read directory '/proc/1148/task/1166/ns': Permission denied
du: cannot read directory '/proc/1148/task/1169/fd': Permission denied
du: cannot read directory '/proc/1148/task/1169/fdinfo': Permission denied
du: cannot read directory '/proc/1148/task/1169/ns': Permission denied
du: cannot read directory '/proc/1148/task/1171/fd': Permission denied
du: cannot read directory '/proc/1148/task/1171/fdinfo': Permission denied
du: cannot read directory '/proc/1148/task/1171/ns': Permission denied
du: cannot read directory '/proc/1148/task/1173/fd': Permission denied
du: cannot read directory '/proc/1148/task/1173/fdinfo': Permission denied
du: cannot read directory '/proc/1148/task/1173/ns': Permission denied
du: cannot read directory '/proc/1148/task/1174/fd': Permission denied
du: cannot read directory '/proc/1148/task/1174/fdinfo': Permission denied
du: cannot read directory '/proc/1148/task/1174/ns': Permission denied
du: cannot read directory '/proc/1148/task/1181/fd': Permission denied
du: cannot read directory '/proc/1148/task/1181/fdinfo': Permission denied
du: cannot read directory '/proc/1148/task/1181/ns': Permission denied
du: cannot read directory '/proc/1148/task/1182/fd': Permission denied
du: cannot read directory '/proc/1148/task/1182/fdinfo': Permission denied
du: cannot read directory '/proc/1148/task/1182/ns': Permission denied
du: cannot read directory '/proc/1148/task/1183/fd': Permission denied
du: cannot read directory '/proc/1148/task/1183/fdinfo': Permission denied
du: cannot read directory '/proc/1148/task/1183/ns': Permission denied
du: cannot read directory '/proc/1148/task/1184/fd': Permission denied
du: cannot read directory '/proc/1148/task/1184/fdinfo': Permission denied
du: cannot read directory '/proc/1148/task/1184/ns': Permission denied
du: cannot read directory '/proc/1148/task/1185/fd': Permission denied
du: cannot read directory '/proc/1148/task/1185/fdinfo': Permission denied
du: cannot read directory '/proc/1148/task/1185/ns': Permission denied
du: cannot read directory '/proc/1148/task/1186/fd': Permission denied
du: cannot read directory '/proc/1148/task/1186/fdinfo': Permission denied
du: cannot read directory '/proc/1148/task/1186/ns': Permission denied
du: cannot read directory '/proc/1148/task/1187/fd': Permission denied
du: cannot read directory '/proc/1148/task/1187/fdinfo': Permission denied
du: cannot read directory '/proc/1148/task/1187/ns': Permission denied
du: cannot read directory '/proc/1148/task/1188/fd': Permission denied
du: cannot read directory '/proc/1148/task/1188/fdinfo': Permission denied
du: cannot read directory '/proc/1148/task/1188/ns': Permission denied
du: cannot read directory '/proc/1148/task/1189/fd': Permission denied
du: cannot read directory '/proc/1148/task/1189/fdinfo': Permission denied
du: cannot read directory '/proc/1148/task/1189/ns': Permission denied
du: cannot read directory '/proc/1148/task/1190/fd': Permission denied
du: cannot read directory '/proc/1148/task/1190/fdinfo': Permission denied
du: cannot read directory '/proc/1148/task/1190/ns': Permission denied
du: cannot read directory '/proc/1148/task/1191/fd': Permission denied
du: cannot read directory '/proc/1148/task/1191/fdinfo': Permission denied
du: cannot read directory '/proc/1148/task/1191/ns': Permission denied
du: cannot read directory '/proc/1148/task/1192/fd': Permission denied
du: cannot read directory '/proc/1148/task/1192/fdinfo': Permission denied
du: cannot read directory '/proc/1148/task/1192/ns': Permission denied
du: cannot read directory '/proc/1148/task/1193/fd': Permission denied
du: cannot read directory '/proc/1148/task/1193/fdinfo': Permission denied
du: cannot read directory '/proc/1148/task/1193/ns': Permission denied
du: cannot read directory '/proc/1148/task/1194/fd': Permission denied
du: cannot read directory '/proc/1148/task/1194/fdinfo': Permission denied
du: cannot read directory '/proc/1148/task/1194/ns': Permission denied
du: cannot read directory '/proc/1148/task/1195/fd': Permission denied
du: cannot read directory '/proc/1148/task/1195/fdinfo': Permission denied
du: cannot read directory '/proc/1148/task/1195/ns': Permission denied
du: cannot read directory '/proc/1148/task/1196/fd': Permission denied
du: cannot read directory '/proc/1148/task/1196/fdinfo': Permission denied
du: cannot read directory '/proc/1148/task/1196/ns': Permission denied
du: cannot read directory '/proc/1148/task/1197/fd': Permission denied
du: cannot read directory '/proc/1148/task/1197/fdinfo': Permission denied
du: cannot read directory '/proc/1148/task/1197/ns': Permission denied
du: cannot read directory '/proc/1148/task/1198/fd': Permission denied
du: cannot read directory '/proc/1148/task/1198/fdinfo': Permission denied
du: cannot read directory '/proc/1148/task/1198/ns': Permission denied
du: cannot read directory '/proc/1148/task/1199/fd': Permission denied
du: cannot read directory '/proc/1148/task/1199/fdinfo': Permission denied
du: cannot read directory '/proc/1148/task/1199/ns': Permission denied
du: cannot read directory '/proc/1148/task/1200/fd': Permission denied
du: cannot read directory '/proc/1148/task/1200/fdinfo': Permission denied
du: cannot read directory '/proc/1148/task/1200/ns': Permission denied
du: cannot read directory '/proc/1148/fd': Permission denied
du: cannot read directory '/proc/1148/map_files': Permission denied
du: cannot read directory '/proc/1148/fdinfo': Permission denied
du: cannot read directory '/proc/1148/ns': Permission denied
0	/proc/1148
du: cannot read directory '/proc/116/task/116/fd': Permission denied
du: cannot read directory '/proc/116/task/116/fdinfo': Permission denied
du: cannot read directory '/proc/116/task/116/ns': Permission denied
du: cannot read directory '/proc/116/fd': Permission denied
du: cannot read directory '/proc/116/map_files': Permission denied
du: cannot read directory '/proc/116/fdinfo': Permission denied
du: cannot read directory '/proc/116/ns': Permission denied
0	/proc/116
du: cannot read directory '/proc/12/task/12/fd': Permission denied
du: cannot read directory '/proc/12/task/12/fdinfo': Permission denied
du: cannot read directory '/proc/12/task/12/ns': Permission denied
du: cannot read directory '/proc/12/fd': Permission denied
du: cannot read directory '/proc/12/map_files': Permission denied
du: cannot read directory '/proc/12/fdinfo': Permission denied
du: cannot read directory '/proc/12/ns': Permission denied
0	/proc/12
0	/proc/12021
0	/proc/12023
0	/proc/1212
0	/proc/1214
du: cannot read directory '/proc/12247/task/12247/fd': Permission denied
du: cannot read directory '/proc/12247/task/12247/fdinfo': Permission denied
du: cannot read directory '/proc/12247/task/12247/ns': Permission denied
du: cannot read directory '/proc/12247/fd': Permission denied
du: cannot read directory '/proc/12247/map_files': Permission denied
du: cannot read directory '/proc/12247/fdinfo': Permission denied
du: cannot read directory '/proc/12247/ns': Permission denied
0	/proc/12247
du: cannot read directory '/proc/12289/task/12289/fd': Permission denied
du: cannot read directory '/proc/12289/task/12289/fdinfo': Permission denied
du: cannot read directory '/proc/12289/task/12289/ns': Permission denied
du: cannot read directory '/proc/12289/fd': Permission denied
du: cannot read directory '/proc/12289/map_files': Permission denied
du: cannot read directory '/proc/12289/fdinfo': Permission denied
du: cannot read directory '/proc/12289/ns': Permission denied
0	/proc/12289
du: cannot read directory '/proc/12290/task/12290/fd': Permission denied
du: cannot read directory '/proc/12290/task/12290/fdinfo': Permission denied
du: cannot read directory '/proc/12290/task/12290/ns': Permission denied
du: cannot read directory '/proc/12290/fd': Permission denied
du: cannot read directory '/proc/12290/map_files': Permission denied
du: cannot read directory '/proc/12290/fdinfo': Permission denied
du: cannot read directory '/proc/12290/ns': Permission denied
0	/proc/12290
du: cannot read directory '/proc/12293/task/12293/fd': Permission denied
du: cannot read directory '/proc/12293/task/12293/fdinfo': Permission denied
du: cannot read directory '/proc/12293/task/12293/ns': Permission denied
du: cannot read directory '/proc/12293/fd': Permission denied
du: cannot read directory '/proc/12293/map_files': Permission denied
du: cannot read directory '/proc/12293/fdinfo': Permission denied
du: cannot read directory '/proc/12293/ns': Permission denied
0	/proc/12293
du: cannot read directory '/proc/124/task/124/fd': Permission denied
du: cannot read directory '/proc/124/task/124/fdinfo': Permission denied
du: cannot read directory '/proc/124/task/124/ns': Permission denied
du: cannot read directory '/proc/124/fd': Permission denied
du: cannot read directory '/proc/124/map_files': Permission denied
du: cannot read directory '/proc/124/fdinfo': Permission denied
du: cannot read directory '/proc/124/ns': Permission denied
0	/proc/124
du: cannot read directory '/proc/127/task/127/fd': Permission denied
du: cannot read directory '/proc/127/task/127/fdinfo': Permission denied
du: cannot read directory '/proc/127/task/127/ns': Permission denied
du: cannot read directory '/proc/127/fd': Permission denied
du: cannot read directory '/proc/127/map_files': Permission denied
du: cannot read directory '/proc/127/fdinfo': Permission denied
du: cannot read directory '/proc/127/ns': Permission denied
0	/proc/127
du: cannot read directory '/proc/13/task/13/fd': Permission denied
du: cannot read directory '/proc/13/task/13/fdinfo': Permission denied
du: cannot read directory '/proc/13/task/13/ns': Permission denied
du: cannot read directory '/proc/13/fd': Permission denied
du: cannot read directory '/proc/13/map_files': Permission denied
du: cannot read directory '/proc/13/fdinfo': Permission denied
du: cannot read directory '/proc/13/ns': Permission denied
0	/proc/13
du: cannot read directory '/proc/13065/task/13065/fd': Permission denied
du: cannot read directory '/proc/13065/task/13065/fdinfo': Permission denied
du: cannot read directory '/proc/13065/task/13065/ns': Permission denied
du: cannot read directory '/proc/13065/fd': Permission denied
du: cannot read directory '/proc/13065/map_files': Permission denied
du: cannot read directory '/proc/13065/fdinfo': Permission denied
du: cannot read directory '/proc/13065/ns': Permission denied
0	/proc/13065
du: cannot read directory '/proc/14/task/14/fd': Permission denied
du: cannot read directory '/proc/14/task/14/fdinfo': Permission denied
du: cannot read directory '/proc/14/task/14/ns': Permission denied
du: cannot read directory '/proc/14/fd': Permission denied
du: cannot read directory '/proc/14/map_files': Permission denied
du: cannot read directory '/proc/14/fdinfo': Permission denied
du: cannot read directory '/proc/14/ns': Permission denied
0	/proc/14
du: cannot read directory '/proc/140/task/140/fd': Permission denied
du: cannot read directory '/proc/140/task/140/fdinfo': Permission denied
du: cannot read directory '/proc/140/task/140/ns': Permission denied
du: cannot read directory '/proc/140/fd': Permission denied
du: cannot read directory '/proc/140/map_files': Permission denied
du: cannot read directory '/proc/140/fdinfo': Permission denied
du: cannot read directory '/proc/140/ns': Permission denied
0	/proc/140
du: cannot read directory '/proc/143/task/143/fd': Permission denied
du: cannot read directory '/proc/143/task/143/fdinfo': Permission denied
du: cannot read directory '/proc/143/task/143/ns': Permission denied
du: cannot read directory '/proc/143/fd': Permission denied
du: cannot read directory '/proc/143/map_files': Permission denied
du: cannot read directory '/proc/143/fdinfo': Permission denied
du: cannot read directory '/proc/143/ns': Permission denied
0	/proc/143
du: cannot read directory '/proc/146/task/146/fd': Permission denied
du: cannot read directory '/proc/146/task/146/fdinfo': Permission denied
du: cannot read directory '/proc/146/task/146/ns': Permission denied
du: cannot read directory '/proc/146/fd': Permission denied
du: cannot read directory '/proc/146/map_files': Permission denied
du: cannot read directory '/proc/146/fdinfo': Permission denied
du: cannot read directory '/proc/146/ns': Permission denied
0	/proc/146
du: cannot read directory '/proc/15/task/15/fd': Permission denied
du: cannot read directory '/proc/15/task/15/fdinfo': Permission denied
du: cannot read directory '/proc/15/task/15/ns': Permission denied
du: cannot read directory '/proc/15/fd': Permission denied
du: cannot read directory '/proc/15/map_files': Permission denied
du: cannot read directory '/proc/15/fdinfo': Permission denied
du: cannot read directory '/proc/15/ns': Permission denied
0	/proc/15
du: cannot read directory '/proc/16/task/16/fd': Permission denied
du: cannot read directory '/proc/16/task/16/fdinfo': Permission denied
du: cannot read directory '/proc/16/task/16/ns': Permission denied
du: cannot read directory '/proc/16/fd': Permission denied
du: cannot read directory '/proc/16/map_files': Permission denied
du: cannot read directory '/proc/16/fdinfo': Permission denied
du: cannot read directory '/proc/16/ns': Permission denied
0	/proc/16
du: cannot read directory '/proc/17/task/17/fd': Permission denied
du: cannot read directory '/proc/17/task/17/fdinfo': Permission denied
du: cannot read directory '/proc/17/task/17/ns': Permission denied
du: cannot read directory '/proc/17/fd': Permission denied
du: cannot read directory '/proc/17/map_files': Permission denied
du: cannot read directory '/proc/17/fdinfo': Permission denied
du: cannot read directory '/proc/17/ns': Permission denied
0	/proc/17
du: cannot read directory '/proc/18/task/18/fd': Permission denied
du: cannot read directory '/proc/18/task/18/fdinfo': Permission denied
du: cannot read directory '/proc/18/task/18/ns': Permission denied
du: cannot read directory '/proc/18/fd': Permission denied
du: cannot read directory '/proc/18/map_files': Permission denied
du: cannot read directory '/proc/18/fdinfo': Permission denied
du: cannot read directory '/proc/18/ns': Permission denied
0	/proc/18
du: cannot read directory '/proc/19/task/19/fd': Permission denied
du: cannot read directory '/proc/19/task/19/fdinfo': Permission denied
du: cannot read directory '/proc/19/task/19/ns': Permission denied
du: cannot read directory '/proc/19/fd': Permission denied
du: cannot read directory '/proc/19/map_files': Permission denied
du: cannot read directory '/proc/19/fdinfo': Permission denied
du: cannot read directory '/proc/19/ns': Permission denied
0	/proc/19
du: cannot read directory '/proc/2/task/2/fd': Permission denied
du: cannot read directory '/proc/2/task/2/fdinfo': Permission denied
du: cannot read directory '/proc/2/task/2/ns': Permission denied
du: cannot read directory '/proc/2/fd': Permission denied
du: cannot read directory '/proc/2/map_files': Permission denied
du: cannot read directory '/proc/2/fdinfo': Permission denied
du: cannot read directory '/proc/2/ns': Permission denied
0	/proc/2
du: cannot read directory '/proc/20/task/20/fd': Permission denied
du: cannot read directory '/proc/20/task/20/fdinfo': Permission denied
du: cannot read directory '/proc/20/task/20/ns': Permission denied
du: cannot read directory '/proc/20/fd': Permission denied
du: cannot read directory '/proc/20/map_files': Permission denied
du: cannot read directory '/proc/20/fdinfo': Permission denied
du: cannot read directory '/proc/20/ns': Permission denied
0	/proc/20
du: cannot read directory '/proc/21/task/21/fd': Permission denied
du: cannot read directory '/proc/21/task/21/fdinfo': Permission denied
du: cannot read directory '/proc/21/task/21/ns': Permission denied
du: cannot read directory '/proc/21/fd': Permission denied
du: cannot read directory '/proc/21/map_files': Permission denied
du: cannot read directory '/proc/21/fdinfo': Permission denied
du: cannot read directory '/proc/21/ns': Permission denied
0	/proc/21
du: cannot read directory '/proc/223/task/223/fd': Permission denied
du: cannot read directory '/proc/223/task/223/fdinfo': Permission denied
du: cannot read directory '/proc/223/task/223/ns': Permission denied
du: cannot read directory '/proc/223/fd': Permission denied
du: cannot read directory '/proc/223/map_files': Permission denied
du: cannot read directory '/proc/223/fdinfo': Permission denied
du: cannot read directory '/proc/223/ns': Permission denied
0	/proc/223
du: cannot read directory '/proc/23/task/23/fd': Permission denied
du: cannot read directory '/proc/23/task/23/fdinfo': Permission denied
du: cannot read directory '/proc/23/task/23/ns': Permission denied
du: cannot read directory '/proc/23/fd': Permission denied
du: cannot read directory '/proc/23/map_files': Permission denied
du: cannot read directory '/proc/23/fdinfo': Permission denied
du: cannot read directory '/proc/23/ns': Permission denied
0	/proc/23
du: cannot read directory '/proc/230/task/230/fd': Permission denied
du: cannot read directory '/proc/230/task/230/fdinfo': Permission denied
du: cannot read directory '/proc/230/task/230/ns': Permission denied
du: cannot read directory '/proc/230/fd': Permission denied
du: cannot read directory '/proc/230/map_files': Permission denied
du: cannot read directory '/proc/230/fdinfo': Permission denied
du: cannot read directory '/proc/230/ns': Permission denied
0	/proc/230
du: cannot read directory '/proc/24/task/24/fd': Permission denied
du: cannot read directory '/proc/24/task/24/fdinfo': Permission denied
du: cannot read directory '/proc/24/task/24/ns': Permission denied
du: cannot read directory '/proc/24/fd': Permission denied
du: cannot read directory '/proc/24/map_files': Permission denied
du: cannot read directory '/proc/24/fdinfo': Permission denied
du: cannot read directory '/proc/24/ns': Permission denied
0	/proc/24
du: cannot read directory '/proc/247/task/247/fd': Permission denied
du: cannot read directory '/proc/247/task/247/fdinfo': Permission denied
du: cannot read directory '/proc/247/task/247/ns': Permission denied
du: cannot read directory '/proc/247/task/396/fd': Permission denied
du: cannot read directory '/proc/247/task/396/fdinfo': Permission denied
du: cannot read directory '/proc/247/task/396/ns': Permission denied
du: cannot read directory '/proc/247/task/398/fd': Permission denied
du: cannot read directory '/proc/247/task/398/fdinfo': Permission denied
du: cannot read directory '/proc/247/task/398/ns': Permission denied
du: cannot read directory '/proc/247/task/399/fd': Permission denied
du: cannot read directory '/proc/247/task/399/fdinfo': Permission denied
du: cannot read directory '/proc/247/task/399/ns': Permission denied
du: cannot read directory '/proc/247/task/401/fd': Permission denied
du: cannot read directory '/proc/247/task/401/fdinfo': Permission denied
du: cannot read directory '/proc/247/task/401/ns': Permission denied
du: cannot read directory '/proc/247/task/402/fd': Permission denied
du: cannot read directory '/proc/247/task/402/fdinfo': Permission denied
du: cannot read directory '/proc/247/task/402/ns': Permission denied
du: cannot read directory '/proc/247/task/403/fd': Permission denied
du: cannot read directory '/proc/247/task/403/fdinfo': Permission denied
du: cannot read directory '/proc/247/task/403/ns': Permission denied
du: cannot read directory '/proc/247/task/404/fd': Permission denied
du: cannot read directory '/proc/247/task/404/fdinfo': Permission denied
du: cannot read directory '/proc/247/task/404/ns': Permission denied
du: cannot read directory '/proc/247/task/405/fd': Permission denied
du: cannot read directory '/proc/247/task/405/fdinfo': Permission denied
du: cannot read directory '/proc/247/task/405/ns': Permission denied
du: cannot read directory '/proc/247/task/406/fd': Permission denied
du: cannot read directory '/proc/247/task/406/fdinfo': Permission denied
du: cannot read directory '/proc/247/task/406/ns': Permission denied
du: cannot read directory '/proc/247/task/407/fd': Permission denied
du: cannot read directory '/proc/247/task/407/fdinfo': Permission denied
du: cannot read directory '/proc/247/task/407/ns': Permission denied
du: cannot read directory '/proc/247/task/408/fd': Permission denied
du: cannot read directory '/proc/247/task/408/fdinfo': Permission denied
du: cannot read directory '/proc/247/task/408/ns': Permission denied
du: cannot read directory '/proc/247/task/409/fd': Permission denied
du: cannot read directory '/proc/247/task/409/fdinfo': Permission denied
du: cannot read directory '/proc/247/task/409/ns': Permission denied
du: cannot read directory '/proc/247/task/588/fd': Permission denied
du: cannot read directory '/proc/247/task/588/fdinfo': Permission denied
du: cannot read directory '/proc/247/task/588/ns': Permission denied
du: cannot read directory '/proc/247/fd': Permission denied
du: cannot read directory '/proc/247/map_files': Permission denied
du: cannot read directory '/proc/247/fdinfo': Permission denied
du: cannot read directory '/proc/247/ns': Permission denied
0	/proc/247
du: cannot read directory '/proc/248/task/248/fd': Permission denied
du: cannot read directory '/proc/248/task/248/fdinfo': Permission denied
du: cannot read directory '/proc/248/task/248/ns': Permission denied
du: cannot read directory '/proc/248/fd': Permission denied
du: cannot read directory '/proc/248/map_files': Permission denied
du: cannot read directory '/proc/248/fdinfo': Permission denied
du: cannot read directory '/proc/248/ns': Permission denied
0	/proc/248
du: cannot read directory '/proc/25/task/25/fd': Permission denied
du: cannot read directory '/proc/25/task/25/fdinfo': Permission denied
du: cannot read directory '/proc/25/task/25/ns': Permission denied
du: cannot read directory '/proc/25/fd': Permission denied
du: cannot read directory '/proc/25/map_files': Permission denied
du: cannot read directory '/proc/25/fdinfo': Permission denied
du: cannot read directory '/proc/25/ns': Permission denied
0	/proc/25
du: cannot read directory '/proc/251/task/251/fd': Permission denied
du: cannot read directory '/proc/251/task/251/fdinfo': Permission denied
du: cannot read directory '/proc/251/task/251/ns': Permission denied
du: cannot read directory '/proc/251/task/379/fd': Permission denied
du: cannot read directory '/proc/251/task/379/fdinfo': Permission denied
du: cannot read directory '/proc/251/task/379/ns': Permission denied
du: cannot read directory '/proc/251/task/380/fd': Permission denied
du: cannot read directory '/proc/251/task/380/fdinfo': Permission denied
du: cannot read directory '/proc/251/task/380/ns': Permission denied
du: cannot read directory '/proc/251/task/381/fd': Permission denied
du: cannot read directory '/proc/251/task/381/fdinfo': Permission denied
du: cannot read directory '/proc/251/task/381/ns': Permission denied
du: cannot read directory '/proc/251/task/382/fd': Permission denied
du: cannot read directory '/proc/251/task/382/fdinfo': Permission denied
du: cannot read directory '/proc/251/task/382/ns': Permission denied
du: cannot read directory '/proc/251/task/384/fd': Permission denied
du: cannot read directory '/proc/251/task/384/fdinfo': Permission denied
du: cannot read directory '/proc/251/task/384/ns': Permission denied
du: cannot read directory '/proc/251/task/385/fd': Permission denied
du: cannot read directory '/proc/251/task/385/fdinfo': Permission denied
du: cannot read directory '/proc/251/task/385/ns': Permission denied
du: cannot read directory '/proc/251/task/386/fd': Permission denied
du: cannot read directory '/proc/251/task/386/fdinfo': Permission denied
du: cannot read directory '/proc/251/task/386/ns': Permission denied
du: cannot read directory '/proc/251/task/387/fd': Permission denied
du: cannot read directory '/proc/251/task/387/fdinfo': Permission denied
du: cannot read directory '/proc/251/task/387/ns': Permission denied
du: cannot read directory '/proc/251/task/388/fd': Permission denied
du: cannot read directory '/proc/251/task/388/fdinfo': Permission denied
du: cannot read directory '/proc/251/task/388/ns': Permission denied
du: cannot read directory '/proc/251/task/389/fd': Permission denied
du: cannot read directory '/proc/251/task/389/fdinfo': Permission denied
du: cannot read directory '/proc/251/task/389/ns': Permission denied
du: cannot read directory '/proc/251/task/390/fd': Permission denied
du: cannot read directory '/proc/251/task/390/fdinfo': Permission denied
du: cannot read directory '/proc/251/task/390/ns': Permission denied
du: cannot read directory '/proc/251/task/391/fd': Permission denied
du: cannot read directory '/proc/251/task/391/fdinfo': Permission denied
du: cannot read directory '/proc/251/task/391/ns': Permission denied
du: cannot read directory '/proc/251/task/392/fd': Permission denied
du: cannot read directory '/proc/251/task/392/fdinfo': Permission denied
du: cannot read directory '/proc/251/task/392/ns': Permission denied
du: cannot read directory '/proc/251/task/397/fd': Permission denied
du: cannot read directory '/proc/251/task/397/fdinfo': Permission denied
du: cannot read directory '/proc/251/task/397/ns': Permission denied
du: cannot read directory '/proc/251/task/400/fd': Permission denied
du: cannot read directory '/proc/251/task/400/fdinfo': Permission denied
du: cannot read directory '/proc/251/task/400/ns': Permission denied
du: cannot read directory '/proc/251/task/411/fd': Permission denied
du: cannot read directory '/proc/251/task/411/fdinfo': Permission denied
du: cannot read directory '/proc/251/task/411/ns': Permission denied
du: cannot read directory '/proc/251/task/587/fd': Permission denied
du: cannot read directory '/proc/251/task/587/fdinfo': Permission denied
du: cannot read directory '/proc/251/task/587/ns': Permission denied
du: cannot read directory '/proc/251/fd': Permission denied
du: cannot read directory '/proc/251/map_files': Permission denied
du: cannot read directory '/proc/251/fdinfo': Permission denied
du: cannot read directory '/proc/251/ns': Permission denied
0	/proc/251
du: cannot read directory '/proc/252/task/252/fd': Permission denied
du: cannot read directory '/proc/252/task/252/fdinfo': Permission denied
du: cannot read directory '/proc/252/task/252/ns': Permission denied
du: cannot read directory '/proc/252/fd': Permission denied
du: cannot read directory '/proc/252/map_files': Permission denied
du: cannot read directory '/proc/252/fdinfo': Permission denied
du: cannot read directory '/proc/252/ns': Permission denied
0	/proc/252
du: cannot read directory '/proc/255/task/255/fd': Permission denied
du: cannot read directory '/proc/255/task/255/fdinfo': Permission denied
du: cannot read directory '/proc/255/task/255/ns': Permission denied
du: cannot read directory '/proc/255/fd': Permission denied
du: cannot read directory '/proc/255/map_files': Permission denied
du: cannot read directory '/proc/255/fdinfo': Permission denied
du: cannot read directory '/proc/255/ns': Permission denied
0	/proc/255
du: cannot read directory '/proc/26/task/26/fd': Permission denied
du: cannot read directory '/proc/26/task/26/fdinfo': Permission denied
du: cannot read directory '/proc/26/task/26/ns': Permission denied
du: cannot read directory '/proc/26/fd': Permission denied
du: cannot read directory '/proc/26/map_files': Permission denied
du: cannot read directory '/proc/26/fdinfo': Permission denied
du: cannot read directory '/proc/26/ns': Permission denied
0	/proc/26
du: cannot read directory '/proc/27/task/27/fd': Permission denied
du: cannot read directory '/proc/27/task/27/fdinfo': Permission denied
du: cannot read directory '/proc/27/task/27/ns': Permission denied
du: cannot read directory '/proc/27/fd': Permission denied
du: cannot read directory '/proc/27/map_files': Permission denied
du: cannot read directory '/proc/27/fdinfo': Permission denied
du: cannot read directory '/proc/27/ns': Permission denied
0	/proc/27
du: cannot read directory '/proc/28/task/28/fd': Permission denied
du: cannot read directory '/proc/28/task/28/fdinfo': Permission denied
du: cannot read directory '/proc/28/task/28/ns': Permission denied
du: cannot read directory '/proc/28/fd': Permission denied
du: cannot read directory '/proc/28/map_files': Permission denied
du: cannot read directory '/proc/28/fdinfo': Permission denied
du: cannot read directory '/proc/28/ns': Permission denied
0	/proc/28
du: cannot read directory '/proc/29/task/29/fd': Permission denied
du: cannot read directory '/proc/29/task/29/fdinfo': Permission denied
du: cannot read directory '/proc/29/task/29/ns': Permission denied
du: cannot read directory '/proc/29/fd': Permission denied
du: cannot read directory '/proc/29/map_files': Permission denied
du: cannot read directory '/proc/29/fdinfo': Permission denied
du: cannot read directory '/proc/29/ns': Permission denied
0	/proc/29
du: cannot read directory '/proc/290/task/290/fd': Permission denied
du: cannot read directory '/proc/290/task/290/fdinfo': Permission denied
du: cannot read directory '/proc/290/task/290/ns': Permission denied
du: cannot read directory '/proc/290/fd': Permission denied
du: cannot read directory '/proc/290/map_files': Permission denied
du: cannot read directory '/proc/290/fdinfo': Permission denied
du: cannot read directory '/proc/290/ns': Permission denied
0	/proc/290
du: cannot read directory '/proc/292/task/292/fd': Permission denied
du: cannot read directory '/proc/292/task/292/fdinfo': Permission denied
du: cannot read directory '/proc/292/task/292/ns': Permission denied
du: cannot read directory '/proc/292/fd': Permission denied
du: cannot read directory '/proc/292/map_files': Permission denied
du: cannot read directory '/proc/292/fdinfo': Permission denied
du: cannot read directory '/proc/292/ns': Permission denied
0	/proc/292
du: cannot read directory '/proc/295/task/295/fd': Permission denied
du: cannot read directory '/proc/295/task/295/fdinfo': Permission denied
du: cannot read directory '/proc/295/task/295/ns': Permission denied
du: cannot read directory '/proc/295/fd': Permission denied
du: cannot read directory '/proc/295/map_files': Permission denied
du: cannot read directory '/proc/295/fdinfo': Permission denied
du: cannot read directory '/proc/295/ns': Permission denied
0	/proc/295
du: cannot read directory '/proc/296/task/296/fd': Permission denied
du: cannot read directory '/proc/296/task/296/fdinfo': Permission denied
du: cannot read directory '/proc/296/task/296/ns': Permission denied
du: cannot read directory '/proc/296/fd': Permission denied
du: cannot read directory '/proc/296/map_files': Permission denied
du: cannot read directory '/proc/296/fdinfo': Permission denied
du: cannot read directory '/proc/296/ns': Permission denied
0	/proc/296
du: cannot read directory '/proc/3/task/3/fd': Permission denied
du: cannot read directory '/proc/3/task/3/fdinfo': Permission denied
du: cannot read directory '/proc/3/task/3/ns': Permission denied
du: cannot read directory '/proc/3/fd': Permission denied
du: cannot read directory '/proc/3/map_files': Permission denied
du: cannot read directory '/proc/3/fdinfo': Permission denied
du: cannot read directory '/proc/3/ns': Permission denied
0	/proc/3
du: cannot read directory '/proc/30/task/30/fd': Permission denied
du: cannot read directory '/proc/30/task/30/fdinfo': Permission denied
du: cannot read directory '/proc/30/task/30/ns': Permission denied
du: cannot read directory '/proc/30/fd': Permission denied
du: cannot read directory '/proc/30/map_files': Permission denied
du: cannot read directory '/proc/30/fdinfo': Permission denied
du: cannot read directory '/proc/30/ns': Permission denied
0	/proc/30
du: cannot read directory '/proc/306/task/306/fdinfo': Permission denied
du: cannot read directory '/proc/306/map_files': Permission denied
du: cannot read directory '/proc/306/fdinfo': Permission denied
0	/proc/306
du: cannot read directory '/proc/31/task/31/fd': Permission denied
du: cannot read directory '/proc/31/task/31/fdinfo': Permission denied
du: cannot read directory '/proc/31/task/31/ns': Permission denied
du: cannot read directory '/proc/31/fd': Permission denied
du: cannot read directory '/proc/31/map_files': Permission denied
du: cannot read directory '/proc/31/fdinfo': Permission denied
du: cannot read directory '/proc/31/ns': Permission denied
0	/proc/31
du: cannot read directory '/proc/313/task/313/fd': Permission denied
du: cannot read directory '/proc/313/task/313/fdinfo': Permission denied
du: cannot read directory '/proc/313/task/313/ns': Permission denied
du: cannot read directory '/proc/313/fd': Permission denied
du: cannot read directory '/proc/313/map_files': Permission denied
du: cannot read directory '/proc/313/fdinfo': Permission denied
du: cannot read directory '/proc/313/ns': Permission denied
0	/proc/313
du: cannot read directory '/proc/318/task/318/fd': Permission denied
du: cannot read directory '/proc/318/task/318/fdinfo': Permission denied
du: cannot read directory '/proc/318/task/318/ns': Permission denied
du: cannot read directory '/proc/318/fd': Permission denied
du: cannot read directory '/proc/318/map_files': Permission denied
du: cannot read directory '/proc/318/fdinfo': Permission denied
du: cannot read directory '/proc/318/ns': Permission denied
0	/proc/318
du: cannot read directory '/proc/33/task/33/fd': Permission denied
du: cannot read directory '/proc/33/task/33/fdinfo': Permission denied
du: cannot read directory '/proc/33/task/33/ns': Permission denied
du: cannot read directory '/proc/33/fd': Permission denied
du: cannot read directory '/proc/33/map_files': Permission denied
du: cannot read directory '/proc/33/fdinfo': Permission denied
du: cannot read directory '/proc/33/ns': Permission denied
0	/proc/33
du: cannot read directory '/proc/34/task/34/fd': Permission denied
du: cannot read directory '/proc/34/task/34/fdinfo': Permission denied
du: cannot read directory '/proc/34/task/34/ns': Permission denied
du: cannot read directory '/proc/34/fd': Permission denied
du: cannot read directory '/proc/34/map_files': Permission denied
du: cannot read directory '/proc/34/fdinfo': Permission denied
du: cannot read directory '/proc/34/ns': Permission denied
0	/proc/34
du: cannot read directory '/proc/35/task/35/fd': Permission denied
du: cannot read directory '/proc/35/task/35/fdinfo': Permission denied
du: cannot read directory '/proc/35/task/35/ns': Permission denied
du: cannot read directory '/proc/35/fd': Permission denied
du: cannot read directory '/proc/35/map_files': Permission denied
du: cannot read directory '/proc/35/fdinfo': Permission denied
du: cannot read directory '/proc/35/ns': Permission denied
0	/proc/35
du: cannot read directory '/proc/36/task/36/fd': Permission denied
du: cannot read directory '/proc/36/task/36/fdinfo': Permission denied
du: cannot read directory '/proc/36/task/36/ns': Permission denied
du: cannot read directory '/proc/36/fd': Permission denied
du: cannot read directory '/proc/36/map_files': Permission denied
du: cannot read directory '/proc/36/fdinfo': Permission denied
du: cannot read directory '/proc/36/ns': Permission denied
0	/proc/36
du: cannot read directory '/proc/37/task/37/fd': Permission denied
du: cannot read directory '/proc/37/task/37/fdinfo': Permission denied
du: cannot read directory '/proc/37/task/37/ns': Permission denied
du: cannot read directory '/proc/37/fd': Permission denied
du: cannot read directory '/proc/37/map_files': Permission denied
du: cannot read directory '/proc/37/fdinfo': Permission denied
du: cannot read directory '/proc/37/ns': Permission denied
0	/proc/37
du: cannot read directory '/proc/38/task/38/fd': Permission denied
du: cannot read directory '/proc/38/task/38/fdinfo': Permission denied
du: cannot read directory '/proc/38/task/38/ns': Permission denied
du: cannot read directory '/proc/38/fd': Permission denied
du: cannot read directory '/proc/38/map_files': Permission denied
du: cannot read directory '/proc/38/fdinfo': Permission denied
du: cannot read directory '/proc/38/ns': Permission denied
0	/proc/38
du: cannot read directory '/proc/39/task/39/fd': Permission denied
du: cannot read directory '/proc/39/task/39/fdinfo': Permission denied
du: cannot read directory '/proc/39/task/39/ns': Permission denied
du: cannot read directory '/proc/39/fd': Permission denied
du: cannot read directory '/proc/39/map_files': Permission denied
du: cannot read directory '/proc/39/fdinfo': Permission denied
du: cannot read directory '/proc/39/ns': Permission denied
0	/proc/39
du: cannot read directory '/proc/395/task/395/fd': Permission denied
du: cannot read directory '/proc/395/task/395/fdinfo': Permission denied
du: cannot read directory '/proc/395/task/395/ns': Permission denied
du: cannot read directory '/proc/395/fd': Permission denied
du: cannot read directory '/proc/395/map_files': Permission denied
du: cannot read directory '/proc/395/fdinfo': Permission denied
du: cannot read directory '/proc/395/ns': Permission denied
0	/proc/395
du: cannot read directory '/proc/4/task/4/fd': Permission denied
du: cannot read directory '/proc/4/task/4/fdinfo': Permission denied
du: cannot read directory '/proc/4/task/4/ns': Permission denied
du: cannot read directory '/proc/4/fd': Permission denied
du: cannot read directory '/proc/4/map_files': Permission denied
du: cannot read directory '/proc/4/fdinfo': Permission denied
du: cannot read directory '/proc/4/ns': Permission denied
0	/proc/4
du: cannot read directory '/proc/40/task/40/fd': Permission denied
du: cannot read directory '/proc/40/task/40/fdinfo': Permission denied
du: cannot read directory '/proc/40/task/40/ns': Permission denied
du: cannot read directory '/proc/40/fd': Permission denied
du: cannot read directory '/proc/40/map_files': Permission denied
du: cannot read directory '/proc/40/fdinfo': Permission denied
du: cannot read directory '/proc/40/ns': Permission denied
0	/proc/40
du: cannot read directory '/proc/41/task/41/fd': Permission denied
du: cannot read directory '/proc/41/task/41/fdinfo': Permission denied
du: cannot read directory '/proc/41/task/41/ns': Permission denied
du: cannot read directory '/proc/41/fd': Permission denied
du: cannot read directory '/proc/41/map_files': Permission denied
du: cannot read directory '/proc/41/fdinfo': Permission denied
du: cannot read directory '/proc/41/ns': Permission denied
0	/proc/41
du: cannot read directory '/proc/42/task/42/fd': Permission denied
du: cannot read directory '/proc/42/task/42/fdinfo': Permission denied
du: cannot read directory '/proc/42/task/42/ns': Permission denied
du: cannot read directory '/proc/42/fd': Permission denied
du: cannot read directory '/proc/42/map_files': Permission denied
du: cannot read directory '/proc/42/fdinfo': Permission denied
du: cannot read directory '/proc/42/ns': Permission denied
0	/proc/42
0	/proc/420
0	/proc/421
0	/proc/422
0	/proc/428
du: cannot read directory '/proc/43/task/43/fd': Permission denied
du: cannot read directory '/proc/43/task/43/fdinfo': Permission denied
du: cannot read directory '/proc/43/task/43/ns': Permission denied
du: cannot read directory '/proc/43/fd': Permission denied
du: cannot read directory '/proc/43/map_files': Permission denied
du: cannot read directory '/proc/43/fdinfo': Permission denied
du: cannot read directory '/proc/43/ns': Permission denied
0	/proc/43
0	/proc/433
du: cannot read directory '/proc/44/task/44/fd': Permission denied
du: cannot read directory '/proc/44/task/44/fdinfo': Permission denied
du: cannot read directory '/proc/44/task/44/ns': Permission denied
du: cannot read directory '/proc/44/fd': Permission denied
du: cannot read directory '/proc/44/map_files': Permission denied
du: cannot read directory '/proc/44/fdinfo': Permission denied
du: cannot read directory '/proc/44/ns': Permission denied
0	/proc/44
0	/proc/442
0	/proc/445
0	/proc/447
0	/proc/449
du: cannot read directory '/proc/45/task/45/fd': Permission denied
du: cannot read directory '/proc/45/task/45/fdinfo': Permission denied
du: cannot read directory '/proc/45/task/45/ns': Permission denied
du: cannot read directory '/proc/45/fd': Permission denied
du: cannot read directory '/proc/45/map_files': Permission denied
du: cannot read directory '/proc/45/fdinfo': Permission denied
du: cannot read directory '/proc/45/ns': Permission denied
0	/proc/45
du: cannot read directory '/proc/46/task/46/fd': Permission denied
du: cannot read directory '/proc/46/task/46/fdinfo': Permission denied
du: cannot read directory '/proc/46/task/46/ns': Permission denied
du: cannot read directory '/proc/46/fd': Permission denied
du: cannot read directory '/proc/46/map_files': Permission denied
du: cannot read directory '/proc/46/fdinfo': Permission denied
du: cannot read directory '/proc/46/ns': Permission denied
0	/proc/46
du: cannot read directory '/proc/47/task/47/fd': Permission denied
du: cannot read directory '/proc/47/task/47/fdinfo': Permission denied
du: cannot read directory '/proc/47/task/47/ns': Permission denied
du: cannot read directory '/proc/47/fd': Permission denied
du: cannot read directory '/proc/47/map_files': Permission denied
du: cannot read directory '/proc/47/fdinfo': Permission denied
du: cannot read directory '/proc/47/ns': Permission denied
0	/proc/47
0	/proc/470
0	/proc/471
du: cannot read directory '/proc/48/task/48/fd': Permission denied
du: cannot read directory '/proc/48/task/48/fdinfo': Permission denied
du: cannot read directory '/proc/48/task/48/ns': Permission denied
du: cannot read directory '/proc/48/fd': Permission denied
du: cannot read directory '/proc/48/map_files': Permission denied
du: cannot read directory '/proc/48/fdinfo': Permission denied
du: cannot read directory '/proc/48/ns': Permission denied
0	/proc/48
du: cannot read directory '/proc/49/task/49/fd': Permission denied
du: cannot read directory '/proc/49/task/49/fdinfo': Permission denied
du: cannot read directory '/proc/49/task/49/ns': Permission denied
du: cannot read directory '/proc/49/fd': Permission denied
du: cannot read directory '/proc/49/map_files': Permission denied
du: cannot read directory '/proc/49/fdinfo': Permission denied
du: cannot read directory '/proc/49/ns': Permission denied
0	/proc/49
du: cannot read directory '/proc/5/task/5/fd': Permission denied
du: cannot read directory '/proc/5/task/5/fdinfo': Permission denied
du: cannot read directory '/proc/5/task/5/ns': Permission denied
du: cannot read directory '/proc/5/fd': Permission denied
du: cannot read directory '/proc/5/map_files': Permission denied
du: cannot read directory '/proc/5/fdinfo': Permission denied
du: cannot read directory '/proc/5/ns': Permission denied
0	/proc/5
du: cannot read directory '/proc/50/task/50/fd': Permission denied
du: cannot read directory '/proc/50/task/50/fdinfo': Permission denied
du: cannot read directory '/proc/50/task/50/ns': Permission denied
du: cannot read directory '/proc/50/fd': Permission denied
du: cannot read directory '/proc/50/map_files': Permission denied
du: cannot read directory '/proc/50/fdinfo': Permission denied
du: cannot read directory '/proc/50/ns': Permission denied
0	/proc/50
du: cannot read directory '/proc/51/task/51/fd': Permission denied
du: cannot read directory '/proc/51/task/51/fdinfo': Permission denied
du: cannot read directory '/proc/51/task/51/ns': Permission denied
du: cannot read directory '/proc/51/fd': Permission denied
du: cannot read directory '/proc/51/map_files': Permission denied
du: cannot read directory '/proc/51/fdinfo': Permission denied
du: cannot read directory '/proc/51/ns': Permission denied
0	/proc/51
0	/proc/517
du: cannot read directory '/proc/52/task/52/fd': Permission denied
du: cannot read directory '/proc/52/task/52/fdinfo': Permission denied
du: cannot read directory '/proc/52/task/52/ns': Permission denied
du: cannot read directory '/proc/52/fd': Permission denied
du: cannot read directory '/proc/52/map_files': Permission denied
du: cannot read directory '/proc/52/fdinfo': Permission denied
du: cannot read directory '/proc/52/ns': Permission denied
0	/proc/52
du: cannot read directory '/proc/53/task/53/fd': Permission denied
du: cannot read directory '/proc/53/task/53/fdinfo': Permission denied
du: cannot read directory '/proc/53/task/53/ns': Permission denied
du: cannot read directory '/proc/53/fd': Permission denied
du: cannot read directory '/proc/53/map_files': Permission denied
du: cannot read directory '/proc/53/fdinfo': Permission denied
du: cannot read directory '/proc/53/ns': Permission denied
0	/proc/53
du: cannot read directory '/proc/54/task/54/fd': Permission denied
du: cannot read directory '/proc/54/task/54/fdinfo': Permission denied
du: cannot read directory '/proc/54/task/54/ns': Permission denied
du: cannot read directory '/proc/54/fd': Permission denied
du: cannot read directory '/proc/54/map_files': Permission denied
du: cannot read directory '/proc/54/fdinfo': Permission denied
du: cannot read directory '/proc/54/ns': Permission denied
0	/proc/54
du: cannot read directory '/proc/542/task/542/fd': Permission denied
du: cannot read directory '/proc/542/task/542/fdinfo': Permission denied
du: cannot read directory '/proc/542/task/542/ns': Permission denied
du: cannot read directory '/proc/542/task/543/fd': Permission denied
du: cannot read directory '/proc/542/task/543/fdinfo': Permission denied
du: cannot read directory '/proc/542/task/543/ns': Permission denied
du: cannot read directory '/proc/542/task/545/fd': Permission denied
du: cannot read directory '/proc/542/task/545/fdinfo': Permission denied
du: cannot read directory '/proc/542/task/545/ns': Permission denied
du: cannot read directory '/proc/542/task/546/fd': Permission denied
du: cannot read directory '/proc/542/task/546/fdinfo': Permission denied
du: cannot read directory '/proc/542/task/546/ns': Permission denied
du: cannot read directory '/proc/542/fd': Permission denied
du: cannot read directory '/proc/542/map_files': Permission denied
du: cannot read directory '/proc/542/fdinfo': Permission denied
du: cannot read directory '/proc/542/ns': Permission denied
0	/proc/542
du: cannot read directory '/proc/55/task/55/fd': Permission denied
du: cannot read directory '/proc/55/task/55/fdinfo': Permission denied
du: cannot read directory '/proc/55/task/55/ns': Permission denied
du: cannot read directory '/proc/55/fd': Permission denied
du: cannot read directory '/proc/55/map_files': Permission denied
du: cannot read directory '/proc/55/fdinfo': Permission denied
du: cannot read directory '/proc/55/ns': Permission denied
0	/proc/55
du: cannot read directory '/proc/56/task/56/fd': Permission denied
du: cannot read directory '/proc/56/task/56/fdinfo': Permission denied
du: cannot read directory '/proc/56/task/56/ns': Permission denied
du: cannot read directory '/proc/56/fd': Permission denied
du: cannot read directory '/proc/56/map_files': Permission denied
du: cannot read directory '/proc/56/fdinfo': Permission denied
du: cannot read directory '/proc/56/ns': Permission denied
0	/proc/56
0	/proc/570
0	/proc/572
du: cannot read directory '/proc/58/task/58/fd': Permission denied
du: cannot read directory '/proc/58/task/58/fdinfo': Permission denied
du: cannot read directory '/proc/58/task/58/ns': Permission denied
du: cannot read directory '/proc/58/fd': Permission denied
du: cannot read directory '/proc/58/map_files': Permission denied
du: cannot read directory '/proc/58/fdinfo': Permission denied
du: cannot read directory '/proc/58/ns': Permission denied
0	/proc/58
du: cannot read directory '/proc/6/task/6/fd': Permission denied
du: cannot read directory '/proc/6/task/6/fdinfo': Permission denied
du: cannot read directory '/proc/6/task/6/ns': Permission denied
du: cannot read directory '/proc/6/fd': Permission denied
du: cannot read directory '/proc/6/map_files': Permission denied
du: cannot read directory '/proc/6/fdinfo': Permission denied
du: cannot read directory '/proc/6/ns': Permission denied
0	/proc/6
du: cannot read directory '/proc/60/task/60/fd': Permission denied
du: cannot read directory '/proc/60/task/60/fdinfo': Permission denied
du: cannot read directory '/proc/60/task/60/ns': Permission denied
du: cannot read directory '/proc/60/fd': Permission denied
du: cannot read directory '/proc/60/map_files': Permission denied
du: cannot read directory '/proc/60/fdinfo': Permission denied
du: cannot read directory '/proc/60/ns': Permission denied
0	/proc/60
du: cannot read directory '/proc/61/task/61/fd': Permission denied
du: cannot read directory '/proc/61/task/61/fdinfo': Permission denied
du: cannot read directory '/proc/61/task/61/ns': Permission denied
du: cannot read directory '/proc/61/fd': Permission denied
du: cannot read directory '/proc/61/map_files': Permission denied
du: cannot read directory '/proc/61/fdinfo': Permission denied
du: cannot read directory '/proc/61/ns': Permission denied
0	/proc/61
du: cannot read directory '/proc/62/task/62/fd': Permission denied
du: cannot read directory '/proc/62/task/62/fdinfo': Permission denied
du: cannot read directory '/proc/62/task/62/ns': Permission denied
du: cannot read directory '/proc/62/fd': Permission denied
du: cannot read directory '/proc/62/map_files': Permission denied
du: cannot read directory '/proc/62/fdinfo': Permission denied
du: cannot read directory '/proc/62/ns': Permission denied
0	/proc/62
du: cannot read directory '/proc/63/task/63/fd': Permission denied
du: cannot read directory '/proc/63/task/63/fdinfo': Permission denied
du: cannot read directory '/proc/63/task/63/ns': Permission denied
du: cannot read directory '/proc/63/fd': Permission denied
du: cannot read directory '/proc/63/map_files': Permission denied
du: cannot read directory '/proc/63/fdinfo': Permission denied
du: cannot read directory '/proc/63/ns': Permission denied
0	/proc/63
du: cannot read directory '/proc/64/task/64/fd': Permission denied
du: cannot read directory '/proc/64/task/64/fdinfo': Permission denied
du: cannot read directory '/proc/64/task/64/ns': Permission denied
du: cannot read directory '/proc/64/fd': Permission denied
du: cannot read directory '/proc/64/map_files': Permission denied
du: cannot read directory '/proc/64/fdinfo': Permission denied
du: cannot read directory '/proc/64/ns': Permission denied
0	/proc/64
du: cannot read directory '/proc/65/task/65/fd': Permission denied
du: cannot read directory '/proc/65/task/65/fdinfo': Permission denied
du: cannot read directory '/proc/65/task/65/ns': Permission denied
du: cannot read directory '/proc/65/fd': Permission denied
du: cannot read directory '/proc/65/map_files': Permission denied
du: cannot read directory '/proc/65/fdinfo': Permission denied
du: cannot read directory '/proc/65/ns': Permission denied
0	/proc/65
du: cannot read directory '/proc/66/task/66/fd': Permission denied
du: cannot read directory '/proc/66/task/66/fdinfo': Permission denied
du: cannot read directory '/proc/66/task/66/ns': Permission denied
du: cannot read directory '/proc/66/fd': Permission denied
du: cannot read directory '/proc/66/map_files': Permission denied
du: cannot read directory '/proc/66/fdinfo': Permission denied
du: cannot read directory '/proc/66/ns': Permission denied
0	/proc/66
du: cannot read directory '/proc/67/task/67/fd': Permission denied
du: cannot read directory '/proc/67/task/67/fdinfo': Permission denied
du: cannot read directory '/proc/67/task/67/ns': Permission denied
du: cannot read directory '/proc/67/fd': Permission denied
du: cannot read directory '/proc/67/map_files': Permission denied
du: cannot read directory '/proc/67/fdinfo': Permission denied
du: cannot read directory '/proc/67/ns': Permission denied
0	/proc/67
du: cannot read directory '/proc/7/task/7/fd': Permission denied
du: cannot read directory '/proc/7/task/7/fdinfo': Permission denied
du: cannot read directory '/proc/7/task/7/ns': Permission denied
du: cannot read directory '/proc/7/fd': Permission denied
du: cannot read directory '/proc/7/map_files': Permission denied
du: cannot read directory '/proc/7/fdinfo': Permission denied
du: cannot read directory '/proc/7/ns': Permission denied
0	/proc/7
du: cannot read directory '/proc/70/task/70/fd': Permission denied
du: cannot read directory '/proc/70/task/70/fdinfo': Permission denied
du: cannot read directory '/proc/70/task/70/ns': Permission denied
du: cannot read directory '/proc/70/fd': Permission denied
du: cannot read directory '/proc/70/map_files': Permission denied
du: cannot read directory '/proc/70/fdinfo': Permission denied
du: cannot read directory '/proc/70/ns': Permission denied
0	/proc/70
du: cannot read directory '/proc/71/task/71/fd': Permission denied
du: cannot read directory '/proc/71/task/71/fdinfo': Permission denied
du: cannot read directory '/proc/71/task/71/ns': Permission denied
du: cannot read directory '/proc/71/fd': Permission denied
du: cannot read directory '/proc/71/map_files': Permission denied
du: cannot read directory '/proc/71/fdinfo': Permission denied
du: cannot read directory '/proc/71/ns': Permission denied
0	/proc/71
du: cannot read directory '/proc/72/task/72/fd': Permission denied
du: cannot read directory '/proc/72/task/72/fdinfo': Permission denied
du: cannot read directory '/proc/72/task/72/ns': Permission denied
du: cannot read directory '/proc/72/fd': Permission denied
du: cannot read directory '/proc/72/map_files': Permission denied
du: cannot read directory '/proc/72/fdinfo': Permission denied
du: cannot read directory '/proc/72/ns': Permission denied
0	/proc/72
du: cannot read directory '/proc/73/task/73/fd': Permission denied
du: cannot read directory '/proc/73/task/73/fdinfo': Permission denied
du: cannot read directory '/proc/73/task/73/ns': Permission denied
du: cannot read directory '/proc/73/fd': Permission denied
du: cannot read directory '/proc/73/map_files': Permission denied
du: cannot read directory '/proc/73/fdinfo': Permission denied
du: cannot read directory '/proc/73/ns': Permission denied
0	/proc/73
du: cannot read directory '/proc/74/task/74/fd': Permission denied
du: cannot read directory '/proc/74/task/74/fdinfo': Permission denied
du: cannot read directory '/proc/74/task/74/ns': Permission denied
du: cannot read directory '/proc/74/fd': Permission denied
du: cannot read directory '/proc/74/map_files': Permission denied
du: cannot read directory '/proc/74/fdinfo': Permission denied
du: cannot read directory '/proc/74/ns': Permission denied
0	/proc/74
du: cannot read directory '/proc/75/task/75/fd': Permission denied
du: cannot read directory '/proc/75/task/75/fdinfo': Permission denied
du: cannot read directory '/proc/75/task/75/ns': Permission denied
du: cannot read directory '/proc/75/fd': Permission denied
du: cannot read directory '/proc/75/map_files': Permission denied
du: cannot read directory '/proc/75/fdinfo': Permission denied
du: cannot read directory '/proc/75/ns': Permission denied
0	/proc/75
du: cannot read directory '/proc/76/task/76/fd': Permission denied
du: cannot read directory '/proc/76/task/76/fdinfo': Permission denied
du: cannot read directory '/proc/76/task/76/ns': Permission denied
du: cannot read directory '/proc/76/fd': Permission denied
du: cannot read directory '/proc/76/map_files': Permission denied
du: cannot read directory '/proc/76/fdinfo': Permission denied
du: cannot read directory '/proc/76/ns': Permission denied
0	/proc/76
du: cannot read directory '/proc/77/task/77/fd': Permission denied
du: cannot read directory '/proc/77/task/77/fdinfo': Permission denied
du: cannot read directory '/proc/77/task/77/ns': Permission denied
du: cannot read directory '/proc/77/fd': Permission denied
du: cannot read directory '/proc/77/map_files': Permission denied
du: cannot read directory '/proc/77/fdinfo': Permission denied
du: cannot read directory '/proc/77/ns': Permission denied
0	/proc/77
du: cannot read directory '/proc/78/task/78/fd': Permission denied
du: cannot read directory '/proc/78/task/78/fdinfo': Permission denied
du: cannot read directory '/proc/78/task/78/ns': Permission denied
du: cannot read directory '/proc/78/fd': Permission denied
du: cannot read directory '/proc/78/map_files': Permission denied
du: cannot read directory '/proc/78/fdinfo': Permission denied
du: cannot read directory '/proc/78/ns': Permission denied
0	/proc/78
du: cannot read directory '/proc/79/task/79/fd': Permission denied
du: cannot read directory '/proc/79/task/79/fdinfo': Permission denied
du: cannot read directory '/proc/79/task/79/ns': Permission denied
du: cannot read directory '/proc/79/fd': Permission denied
du: cannot read directory '/proc/79/map_files': Permission denied
du: cannot read directory '/proc/79/fdinfo': Permission denied
du: cannot read directory '/proc/79/ns': Permission denied
0	/proc/79
du: cannot read directory '/proc/80/task/80/fd': Permission denied
du: cannot read directory '/proc/80/task/80/fdinfo': Permission denied
du: cannot read directory '/proc/80/task/80/ns': Permission denied
du: cannot read directory '/proc/80/fd': Permission denied
du: cannot read directory '/proc/80/map_files': Permission denied
du: cannot read directory '/proc/80/fdinfo': Permission denied
du: cannot read directory '/proc/80/ns': Permission denied
0	/proc/80
0	/proc/807
0	/proc/809
du: cannot read directory '/proc/81/task/81/fd': Permission denied
du: cannot read directory '/proc/81/task/81/fdinfo': Permission denied
du: cannot read directory '/proc/81/task/81/ns': Permission denied
du: cannot read directory '/proc/81/fd': Permission denied
du: cannot read directory '/proc/81/map_files': Permission denied
du: cannot read directory '/proc/81/fdinfo': Permission denied
du: cannot read directory '/proc/81/ns': Permission denied
0	/proc/81
du: cannot read directory '/proc/82/task/82/fd': Permission denied
du: cannot read directory '/proc/82/task/82/fdinfo': Permission denied
du: cannot read directory '/proc/82/task/82/ns': Permission denied
du: cannot read directory '/proc/82/fd': Permission denied
du: cannot read directory '/proc/82/map_files': Permission denied
du: cannot read directory '/proc/82/fdinfo': Permission denied
du: cannot read directory '/proc/82/ns': Permission denied
0	/proc/82
du: cannot read directory '/proc/85/task/85/fd': Permission denied
du: cannot read directory '/proc/85/task/85/fdinfo': Permission denied
du: cannot read directory '/proc/85/task/85/ns': Permission denied
du: cannot read directory '/proc/85/fd': Permission denied
du: cannot read directory '/proc/85/map_files': Permission denied
du: cannot read directory '/proc/85/fdinfo': Permission denied
du: cannot read directory '/proc/85/ns': Permission denied
0	/proc/85
du: cannot read directory '/proc/86/task/86/fd': Permission denied
du: cannot read directory '/proc/86/task/86/fdinfo': Permission denied
du: cannot read directory '/proc/86/task/86/ns': Permission denied
du: cannot read directory '/proc/86/fd': Permission denied
du: cannot read directory '/proc/86/map_files': Permission denied
du: cannot read directory '/proc/86/fdinfo': Permission denied
du: cannot read directory '/proc/86/ns': Permission denied
0	/proc/86
du: cannot read directory '/proc/87/task/87/fd': Permission denied
du: cannot read directory '/proc/87/task/87/fdinfo': Permission denied
du: cannot read directory '/proc/87/task/87/ns': Permission denied
du: cannot read directory '/proc/87/fd': Permission denied
du: cannot read directory '/proc/87/map_files': Permission denied
du: cannot read directory '/proc/87/fdinfo': Permission denied
du: cannot read directory '/proc/87/ns': Permission denied
0	/proc/87
du: cannot read directory '/proc/88/task/88/fd': Permission denied
du: cannot read directory '/proc/88/task/88/fdinfo': Permission denied
du: cannot read directory '/proc/88/task/88/ns': Permission denied
du: cannot read directory '/proc/88/fd': Permission denied
du: cannot read directory '/proc/88/map_files': Permission denied
du: cannot read directory '/proc/88/fdinfo': Permission denied
du: cannot read directory '/proc/88/ns': Permission denied
0	/proc/88
0	/proc/880
0	/proc/882
du: cannot read directory '/proc/89/task/89/fd': Permission denied
du: cannot read directory '/proc/89/task/89/fdinfo': Permission denied
du: cannot read directory '/proc/89/task/89/ns': Permission denied
du: cannot read directory '/proc/89/fd': Permission denied
du: cannot read directory '/proc/89/map_files': Permission denied
du: cannot read directory '/proc/89/fdinfo': Permission denied
du: cannot read directory '/proc/89/ns': Permission denied
0	/proc/89
du: cannot read directory '/proc/90/task/90/fd': Permission denied
du: cannot read directory '/proc/90/task/90/fdinfo': Permission denied
du: cannot read directory '/proc/90/task/90/ns': Permission denied
du: cannot read directory '/proc/90/fd': Permission denied
du: cannot read directory '/proc/90/map_files': Permission denied
du: cannot read directory '/proc/90/fdinfo': Permission denied
du: cannot read directory '/proc/90/ns': Permission denied
0	/proc/90
du: cannot read directory '/proc/91/task/91/fd': Permission denied
du: cannot read directory '/proc/91/task/91/fdinfo': Permission denied
du: cannot read directory '/proc/91/task/91/ns': Permission denied
du: cannot read directory '/proc/91/fd': Permission denied
du: cannot read directory '/proc/91/map_files': Permission denied
du: cannot read directory '/proc/91/fdinfo': Permission denied
du: cannot read directory '/proc/91/ns': Permission denied
0	/proc/91
du: cannot read directory '/proc/9173/task/9173/fd': Permission denied
du: cannot read directory '/proc/9173/task/9173/fdinfo': Permission denied
du: cannot read directory '/proc/9173/task/9173/ns': Permission denied
du: cannot read directory '/proc/9173/fd': Permission denied
du: cannot read directory '/proc/9173/map_files': Permission denied
du: cannot read directory '/proc/9173/fdinfo': Permission denied
du: cannot read directory '/proc/9173/ns': Permission denied
0	/proc/9173
du: cannot read directory '/proc/9174/task/9174/fd': Permission denied
du: cannot read directory '/proc/9174/task/9174/fdinfo': Permission denied
du: cannot read directory '/proc/9174/task/9174/ns': Permission denied
du: cannot read directory '/proc/9174/task/9184/fd': Permission denied
du: cannot read directory '/proc/9174/task/9184/fdinfo': Permission denied
du: cannot read directory '/proc/9174/task/9184/ns': Permission denied
du: cannot read directory '/proc/9174/fd': Permission denied
du: cannot read directory '/proc/9174/map_files': Permission denied
du: cannot read directory '/proc/9174/fdinfo': Permission denied
du: cannot read directory '/proc/9174/ns': Permission denied
0	/proc/9174
du: cannot read directory '/proc/9194/task/9194/fd': Permission denied
du: cannot read directory '/proc/9194/task/9194/fdinfo': Permission denied
du: cannot read directory '/proc/9194/task/9194/ns': Permission denied
du: cannot read directory '/proc/9194/fd': Permission denied
du: cannot read directory '/proc/9194/map_files': Permission denied
du: cannot read directory '/proc/9194/fdinfo': Permission denied
du: cannot read directory '/proc/9194/ns': Permission denied
0	/proc/9194
du: cannot read directory '/proc/92/task/92/fd': Permission denied
du: cannot read directory '/proc/92/task/92/fdinfo': Permission denied
du: cannot read directory '/proc/92/task/92/ns': Permission denied
du: cannot read directory '/proc/92/fd': Permission denied
du: cannot read directory '/proc/92/map_files': Permission denied
du: cannot read directory '/proc/92/fdinfo': Permission denied
du: cannot read directory '/proc/92/ns': Permission denied
0	/proc/92
du: cannot read directory '/proc/93/task/93/fd': Permission denied
du: cannot read directory '/proc/93/task/93/fdinfo': Permission denied
du: cannot read directory '/proc/93/task/93/ns': Permission denied
du: cannot read directory '/proc/93/fd': Permission denied
du: cannot read directory '/proc/93/map_files': Permission denied
du: cannot read directory '/proc/93/fdinfo': Permission denied
du: cannot read directory '/proc/93/ns': Permission denied
0	/proc/93
du: cannot read directory '/proc/94/task/94/fd': Permission denied
du: cannot read directory '/proc/94/task/94/fdinfo': Permission denied
du: cannot read directory '/proc/94/task/94/ns': Permission denied
du: cannot read directory '/proc/94/fd': Permission denied
du: cannot read directory '/proc/94/map_files': Permission denied
du: cannot read directory '/proc/94/fdinfo': Permission denied
du: cannot read directory '/proc/94/ns': Permission denied
0	/proc/94
du: cannot read directory '/proc/95/task/95/fd': Permission denied
du: cannot read directory '/proc/95/task/95/fdinfo': Permission denied
du: cannot read directory '/proc/95/task/95/ns': Permission denied
du: cannot read directory '/proc/95/fd': Permission denied
du: cannot read directory '/proc/95/map_files': Permission denied
du: cannot read directory '/proc/95/fdinfo': Permission denied
du: cannot read directory '/proc/95/ns': Permission denied
0	/proc/95
du: cannot read directory '/proc/96/task/96/fd': Permission denied
du: cannot read directory '/proc/96/task/96/fdinfo': Permission denied
du: cannot read directory '/proc/96/task/96/ns': Permission denied
du: cannot read directory '/proc/96/fd': Permission denied
du: cannot read directory '/proc/96/map_files': Permission denied
du: cannot read directory '/proc/96/fdinfo': Permission denied
du: cannot read directory '/proc/96/ns': Permission denied
0	/proc/96
du: cannot read directory '/proc/97/task/97/fd': Permission denied
du: cannot read directory '/proc/97/task/97/fdinfo': Permission denied
du: cannot read directory '/proc/97/task/97/ns': Permission denied
du: cannot read directory '/proc/97/fd': Permission denied
du: cannot read directory '/proc/97/map_files': Permission denied
du: cannot read directory '/proc/97/fdinfo': Permission denied
du: cannot read directory '/proc/97/ns': Permission denied
0	/proc/97
du: cannot read directory '/proc/972/task/972/fd': Permission denied
du: cannot read directory '/proc/972/task/972/fdinfo': Permission denied
du: cannot read directory '/proc/972/task/972/ns': Permission denied
du: cannot read directory '/proc/972/fd': Permission denied
du: cannot read directory '/proc/972/map_files': Permission denied
du: cannot read directory '/proc/972/fdinfo': Permission denied
du: cannot read directory '/proc/972/ns': Permission denied
0	/proc/972
du: cannot read directory '/proc/98/task/98/fd': Permission denied
du: cannot read directory '/proc/98/task/98/fdinfo': Permission denied
du: cannot read directory '/proc/98/task/98/ns': Permission denied
du: cannot read directory '/proc/98/fd': Permission denied
du: cannot read directory '/proc/98/map_files': Permission denied
du: cannot read directory '/proc/98/fdinfo': Permission denied
du: cannot read directory '/proc/98/ns': Permission denied
0	/proc/98
du: cannot read directory '/proc/99/task/99/fd': Permission denied
du: cannot read directory '/proc/99/task/99/fdinfo': Permission denied
du: cannot read directory '/proc/99/task/99/ns': Permission denied
du: cannot read directory '/proc/99/fd': Permission denied
du: cannot read directory '/proc/99/map_files': Permission denied
du: cannot read directory '/proc/99/fdinfo': Permission denied
du: cannot read directory '/proc/99/ns': Permission denied
0	/proc/99
du: cannot read directory '/proc/996/task/996/fd': Permission denied
du: cannot read directory '/proc/996/task/996/fdinfo': Permission denied
du: cannot read directory '/proc/996/task/996/ns': Permission denied
du: cannot read directory '/proc/996/fd': Permission denied
du: cannot read directory '/proc/996/map_files': Permission denied
du: cannot read directory '/proc/996/fdinfo': Permission denied
du: cannot read directory '/proc/996/ns': Permission denied
0	/proc/996
0	/proc/asound
0	/proc/buddyinfo
0	/proc/bus
0	/proc/cgroups
0	/proc/cmdline
0	/proc/config.gz
0	/proc/consoles
0	/proc/cpuinfo
0	/proc/crypto
0	/proc/device-tree
0	/proc/devices
0	/proc/diskstats
0	/proc/driver
0	/proc/execdomains
0	/proc/filesystems
0	/proc/fs
0	/proc/interrupts
0	/proc/iomem
0	/proc/ioports
0	/proc/irq
0	/proc/kallsyms
0	/proc/key-users
0	/proc/keys
0	/proc/kmsg
0	/proc/kpagecgroup
0	/proc/kpagecount
0	/proc/kpageflags
0	/proc/loadavg
0	/proc/locks
0	/proc/meminfo
0	/proc/misc
0	/proc/mounts
0	/proc/mtd
0	/proc/net
0	/proc/pagetypeinfo
0	/proc/partitions
0	/proc/pressure
0	/proc/scsi
0	/proc/self
0	/proc/slabinfo
0	/proc/softirqs
0	/proc/stat
0	/proc/swaps
0	/proc/sys
0	/proc/sysrq-trigger
0	/proc/sysvipc
0	/proc/thread-self
0	/proc/timer_list
du: cannot read directory '/proc/tty/driver': Permission denied
0	/proc/tty
0	/proc/uptime
0	/proc/version
0	/proc/vmallocinfo
0	/proc/vmstat
0	/proc/zoneinfo
0	total
