0	/proc/1
0	/proc/10
0	/proc/100
0	/proc/1008
0	/proc/101
0	/proc/1012
0	/proc/106
0	/proc/10722
0	/proc/10748
0	/proc/1128
0	/proc/1132
0	/proc/1144
0	/proc/1148
0	/proc/116
0	/proc/12
0	/proc/12021
0	/proc/12023
0	/proc/1212
0	/proc/1214
0	/proc/12247
0	/proc/12289
0	/proc/12290
0	/proc/12293
0	/proc/124
0	/proc/127
0	/proc/13
0	/proc/13065
0	/proc/14
0	/proc/140
0	/proc/143
0	/proc/146
0	/proc/15
0	/proc/16
0	/proc/17
0	/proc/18
0	/proc/19
0	/proc/2
0	/proc/20
0	/proc/21
0	/proc/223
0	/proc/23
0	/proc/230
0	/proc/24
0	/proc/247
0	/proc/248
0	/proc/25
0	/proc/251
0	/proc/252
0	/proc/255
0	/proc/26
0	/proc/27
0	/proc/28
0	/proc/29
0	/proc/290
0	/proc/292
0	/proc/295
0	/proc/296
0	/proc/3
0	/proc/30
0	/proc/306
0	/proc/31
0	/proc/313
0	/proc/318
0	/proc/33
0	/proc/34
0	/proc/35
0	/proc/36
0	/proc/37
0	/proc/38
0	/proc/39
0	/proc/395
0	/proc/4
0	/proc/40
0	/proc/41
0	/proc/42
0	/proc/420
0	/proc/421
0	/proc/422
0	/proc/428
0	/proc/43
0	/proc/433
0	/proc/44
0	/proc/442
0	/proc/445
0	/proc/447
0	/proc/449
0	/proc/45
0	/proc/46
0	/proc/47
0	/proc/470
0	/proc/471
0	/proc/48
0	/proc/49
0	/proc/5
0	/proc/50
0	/proc/51
0	/proc/517
0	/proc/52
0	/proc/53
0	/proc/54
0	/proc/542
0	/proc/55
0	/proc/56
0	/proc/570
0	/proc/572
0	/proc/58
0	/proc/6
0	/proc/60
0	/proc/61
0	/proc/62
0	/proc/63
0	/proc/64
0	/proc/65
0	/proc/66
0	/proc/67
0	/proc/7
0	/proc/70
0	/proc/71
0	/proc/72
0	/proc/73
0	/proc/74
0	/proc/75
0	/proc/76
0	/proc/77
0	/proc/78
0	/proc/79
0	/proc/80
0	/proc/807
0	/proc/809
0	/proc/81
0	/proc/82
0	/proc/85
0	/proc/86
0	/proc/87
0	/proc/88
0	/proc/880
0	/proc/882
0	/proc/89
0	/proc/90
0	/proc/91
0	/proc/9173
0	/proc/9174
0	/proc/9194
0	/proc/92
0	/proc/93
0	/proc/94
0	/proc/95
0	/proc/96
0	/proc/97
0	/proc/972
0	/proc/98
0	/proc/99
0	/proc/996
0	/proc/asound
0	/proc/buddyinfo
0	/proc/bus
0	/proc/cgroups
0	/proc/cmdline
0	/proc/config.gz
0	/proc/consoles
0	/proc/cpuinfo
0	/proc/crypto
0	/proc/device-tree
0	/proc/devices
0	/proc/diskstats
0	/proc/driver
0	/proc/execdomains
0	/proc/filesystems
0	/proc/fs
0	/proc/interrupts
0	/proc/iomem
0	/proc/ioports
0	/proc/irq
0	/proc/kallsyms
0	/proc/key-users
0	/proc/keys
0	/proc/kmsg
0	/proc/kpagecgroup
0	/proc/kpagecount
0	/proc/kpageflags
0	/proc/loadavg
0	/proc/locks
0	/proc/meminfo
0	/proc/misc
0	/proc/mounts
0	/proc/mtd
0	/proc/net
0	/proc/pagetypeinfo
0	/proc/partitions
0	/proc/pressure
0	/proc/scsi
0	/proc/self
0	/proc/slabinfo
0	/proc/softirqs
0	/proc/stat
0	/proc/swaps
0	/proc/sys
0	/proc/sysrq-trigger
0	/proc/sysvipc
0	/proc/thread-self
0	/proc/timer_list
0	/proc/tty
0	/proc/uptime
0	/proc/version
0	/proc/vmallocinfo
0	/proc/vmstat
0	/proc/zoneinfo
0	total
