2026-08-10T10:46:18.406630Z INFO update_engine: [../../../../../tmp/portage/chromeos-base/update_engine-0.0.3-r5238/work/update_engine-0.0.3/update_engine/main.cc:43] A/B Update Engine starting
2026-08-10T10:46:18.408621Z INFO update_engine: [../../../../../tmp/portage/chromeos-base/update_engine-0.0.3-r5238/work/update_engine-0.0.3/update_engine/common/subprocess.cc:94] Running "/usr/bin/root_partition_for_recovery"
2026-08-10T10:46:18.442167Z INFO update_engine: [../../../../../tmp/portage/chromeos-base/update_engine-0.0.3-r5238/work/update_engine-0.0.3/update_engine/cros/boot_control_chromeos.cc:104] Running in MiniOs, set boot device to: /dev/mmcblk0p5
2026-08-10T10:46:18.449242Z INFO update_engine: [../../../../../tmp/portage/chromeos-base/update_engine-0.0.3-r5238/work/update_engine-0.0.3/update_engine/cros/boot_control_chromeos.cc:188] Booted from slot 1 (slot B) of 2 slots present on disk /dev/mmcblk0
2026-08-10T10:46:18.450005Z INFO update_engine: [../../../../../tmp/portage/chromeos-base/update_engine-0.0.3-r5238/work/update_engine-0.0.3/update_engine/cros/real_system_state.cc:52] Booted in dev mode.
2026-08-10T10:46:18.450321Z INFO update_engine: [../../../../../tmp/portage/chromeos-base/update_engine-0.0.3-r5238/work/update_engine-0.0.3/update_engine/cros/omaha_request_params.cc:76] Initializing parameters for this update attempt
2026-08-10T10:46:18.450512Z INFO update_engine: [../../../../../tmp/portage/chromeos-base/update_engine-0.0.3-r5238/work/update_engine-0.0.3/update_engine/cros/omaha_request_params.cc:252] Download channel for this attempt = dev-channel
2026-08-10T10:46:18.450526Z INFO update_engine: [../../../../../tmp/portage/chromeos-base/update_engine-0.0.3-r5238/work/update_engine-0.0.3/update_engine/cros/omaha_request_params.cc:89] Running from channel dev-channel
2026-08-10T10:46:18.450879Z INFO update_engine: [../../../../../tmp/portage/chromeos-base/update_engine-0.0.3-r5238/work/update_engine-0.0.3/update_engine/cros/omaha_request_params.cc:104] In recovery mode, need a full payload, setting delta to false and version to 0.0.0.0
2026-08-10T10:46:18.470156Z INFO update_engine: [../../../../../tmp/portage/chromeos-base/update_engine-0.0.3-r5238/work/update_engine-0.0.3/update_engine/common/subprocess.cc:94] Running "dump_kernel_config /dev/mmcblk0p10"
2026-08-10T10:46:18.772865Z ERROR update_engine: [../../../../../tmp/portage/chromeos-base/update_engine-0.0.3-r5238/work/update_engine-0.0.3/update_engine/cros/omaha_request_params.cc:179] None or invalid fsi version in vpd, value: 
2026-08-10T10:46:18.773394Z INFO update_engine: [../../../../../tmp/portage/chromeos-base/update_engine-0.0.3-r5238/work/update_engine-0.0.3/update_engine/cros/omaha_request_params.cc:194] No target channel mandated by policy.
2026-08-10T10:46:18.773909Z WARNING update_engine: [../../../../../tmp/portage/chromeos-base/libbrillo-0.0.1-r2577/work/libbrillo-0.0.1/libbrillo/policy/libpolicy.cc:41] Could not load the device policy file.
2026-08-10T10:46:18.773940Z INFO update_engine: [../../../../../tmp/portage/chromeos-base/update_engine-0.0.3-r5238/work/update_engine-0.0.3/update_engine/update_manager/real_device_policy_provider.cc:295] No device policies/settings present.
2026-08-10T10:46:18.775372Z WARNING update_engine: [../../../../../tmp/portage/chromeos-base/libbrillo-0.0.1-r2577/work/libbrillo-0.0.1/libbrillo/policy/libpolicy.cc:41] Could not load the device policy file.
2026-08-10T10:46:18.775422Z INFO update_engine: [../../../../../tmp/portage/chromeos-base/update_engine-0.0.3-r5238/work/update_engine-0.0.3/update_engine/update_manager/real_device_policy_provider.cc:295] No device policies/settings present.
2026-08-10T10:46:18.778760Z INFO update_engine: [../../../../../tmp/portage/chromeos-base/update_engine-0.0.3-r5238/work/update_engine-0.0.3/update_engine/metrics_utils.cc:324] Payload Attempt Number = 0
2026-08-10T10:46:18.778823Z INFO update_engine: [../../../../../tmp/portage/chromeos-base/update_engine-0.0.3-r5238/work/update_engine-0.0.3/update_engine/cros/payload_state.cc:909] Full Payload Attempt Number = 0
2026-08-10T10:46:18.778920Z INFO update_engine: [../../../../../tmp/portage/chromeos-base/update_engine-0.0.3-r5238/work/update_engine-0.0.3/update_engine/cros/payload_state.cc:938] Current URL Index = 0
2026-08-10T10:46:18.779011Z INFO update_engine: [../../../../../tmp/portage/chromeos-base/update_engine-0.0.3-r5238/work/update_engine-0.0.3/update_engine/cros/payload_state.cc:609] Current download source: Unknown
2026-08-10T10:46:18.779049Z INFO update_engine: [../../../../../tmp/portage/chromeos-base/update_engine-0.0.3-r5238/work/update_engine-0.0.3/update_engine/cros/payload_state.cc:995] Current URL (Url0)'s Failure Count = 0
2026-08-10T10:46:18.779128Z INFO update_engine: [../../../../../tmp/portage/chromeos-base/update_engine-0.0.3-r5238/work/update_engine-0.0.3/update_engine/cros/payload_state.cc:985] URL Switch Count = 0
2026-08-10T10:46:18.779288Z INFO update_engine: [../../../../../tmp/portage/chromeos-base/update_engine-0.0.3-r5238/work/update_engine-0.0.3/update_engine/metrics_utils.cc:341] Update Monotonic Timestamp Start = 8/10/2026 10:46:18 GMT
2026-08-10T10:46:18.779408Z INFO update_engine: [../../../../../tmp/portage/chromeos-base/update_engine-0.0.3-r5238/work/update_engine-0.0.3/update_engine/cros/payload_state.cc:1154] Update Duration Uptime = 0s
2026-08-10T10:46:18.779494Z INFO update_engine: [../../../../../tmp/portage/chromeos-base/update_engine-0.0.3-r5238/work/update_engine-0.0.3/update_engine/cros/payload_state.cc:1196] Current bytes downloaded for HttpsServer = 0
2026-08-10T10:46:18.779581Z INFO update_engine: [../../../../../tmp/portage/chromeos-base/update_engine-0.0.3-r5238/work/update_engine-0.0.3/update_engine/cros/payload_state.cc:1219] Total bytes downloaded for HttpsServer = 0
2026-08-10T10:46:18.779652Z INFO update_engine: [../../../../../tmp/portage/chromeos-base/update_engine-0.0.3-r5238/work/update_engine-0.0.3/update_engine/cros/payload_state.cc:1196] Current bytes downloaded for HttpServer = 0
2026-08-10T10:46:18.779723Z INFO update_engine: [../../../../../tmp/portage/chromeos-base/update_engine-0.0.3-r5238/work/update_engine-0.0.3/update_engine/cros/payload_state.cc:1219] Total bytes downloaded for HttpServer = 0
2026-08-10T10:46:18.779808Z INFO update_engine: [../../../../../tmp/portage/chromeos-base/update_engine-0.0.3-r5238/work/update_engine-0.0.3/update_engine/cros/payload_state.cc:1196] Current bytes downloaded for HttpPeer = 0
2026-08-10T10:46:18.779896Z INFO update_engine: [../../../../../tmp/portage/chromeos-base/update_engine-0.0.3-r5238/work/update_engine-0.0.3/update_engine/cros/payload_state.cc:1219] Total bytes downloaded for HttpPeer = 0
2026-08-10T10:46:18.779972Z INFO update_engine: [../../../../../tmp/portage/chromeos-base/update_engine-0.0.3-r5238/work/update_engine-0.0.3/update_engine/metrics_utils.cc:316] Number of Reboots during current update attempt = 0
2026-08-10T10:46:18.780004Z INFO update_engine: [../../../../../tmp/portage/chromeos-base/update_engine-0.0.3-r5238/work/update_engine-0.0.3/update_engine/cros/payload_state.cc:1229] Num Responses Seen = 0
2026-08-10T10:46:18.780084Z INFO update_engine: [../../../../../tmp/portage/chromeos-base/update_engine-0.0.3-r5238/work/update_engine-0.0.3/update_engine/cros/payload_state.cc:1122] Setting rollback-happened to 0.
2026-08-10T10:46:18.780146Z INFO update_engine: [../../../../../tmp/portage/chromeos-base/update_engine-0.0.3-r5238/work/update_engine-0.0.3/update_engine/cros/payload_state.cc:1380] p2p First Attempt Timestamp = 1/1/1601 0:00:00 GMT
2026-08-10T10:46:18.780238Z INFO update_engine: [../../../../../tmp/portage/chromeos-base/update_engine-0.0.3-r5238/work/update_engine-0.0.3/update_engine/cros/payload_state.cc:1366] p2p Num Attempts = 0
2026-08-10T10:46:18.780321Z WARNING update_engine: [../../../../../tmp/portage/chromeos-base/libbrillo-0.0.1-r2577/work/libbrillo-0.0.1/libbrillo/policy/libpolicy.cc:41] Could not load the device policy file.
2026-08-10T10:46:18.780338Z INFO update_engine: [../../../../../tmp/portage/chromeos-base/update_engine-0.0.3-r5238/work/update_engine-0.0.3/update_engine/cros/update_attempter.cc:516] No device policies/settings present.
2026-08-10T10:46:18.786507Z INFO update_engine: [../../../../../tmp/portage/chromeos-base/update_engine-0.0.3-r5238/work/update_engine-0.0.3/update_engine/cros/daemon_chromeos.cc:46] Waiting for DBus object to be registered.
2026-08-10T10:46:18.788468Z INFO update_engine: [../../../../../tmp/portage/chromeos-base/update_engine-0.0.3-r5238/work/update_engine-0.0.3/update_engine/cros/update_attempter.cc:260] Overriding scheduled update check allowed policy data.
2026-08-10T10:46:18.791755Z INFO update_engine: [../../../../../tmp/portage/chromeos-base/update_engine-0.0.3-r5238/work/update_engine-0.0.3/update_engine/cros/update_attempter.cc:2620] Error counter is zero value, skipping rootfs integrity check.
2026-08-10T10:46:18.792020Z INFO update_engine: [../../../../../tmp/portage/chromeos-base/update_engine-0.0.3-r5238/work/update_engine-0.0.3/update_engine/update_manager/recovery_policy.cc:27] In Recovery Mode, ignoring non-interactive update checks.
2026-08-10T10:46:18.792597Z INFO update_engine: [../../../../../tmp/portage/chromeos-base/update_engine-0.0.3-r5238/work/update_engine-0.0.3/update_engine/cros/update_attempter.cc:2458] Not starting p2p at startup since it's not enabled.
