ity/pam_canonicalize_user.so
lib64/security/pam_ecryptfs.so
lib64/security/pam_rootok.so
lib64/security/pam_exec.so
lib64/security/pam_pwdfile.so
lib64/security/pam_keyinit.so
lib64/security/pam_xauth.so
lib64/tc/
lib64/tc/m_xt.so
lib64/tc/experimental.dist
lib64/tc/pareto.dist
lib64/tc/m_ipt.so
lib64/tc/paretonormal.dist
lib64/tc/normal.dist
tar: lib/firmware/goodix_firmware_0EA8.bin: Cannot create symlink to ‘/opt/google/touch/firmware/0EA8_0.201485.bin’: No such file or directory
tar: lib/firmware/ilitek_0050.bin: Cannot create symlink to ‘/opt/google/touch/firmware/0050_0700.000F.0000.0000.bin’: No such file or directory
tar: lib/firmware/pix_tp2xxx_1002.bin: Cannot create symlink to ‘/opt/google/touch/firmware/1002_2d06.bin’: No such file or directory
tar: lib/firmware/ilitek_0045.bin: Cannot create symlink to ‘/opt/google/touch/firmware/0045_0700.000F.0000.0000.bin’: No such file or directory
tar: lib/firmware/elants_i2chid_452f.bin: Cannot create symlink to ‘/opt/google/touch/firmware/452f_8322.bin’: No such file or directory
tar: lib/firmware/pix_tp2xxx_2601.bin: Cannot create symlink to ‘/opt/google/touch/firmware/2601_0002.bin’: No such file or directory
tar: lib/firmware/goodix_firmware_0EA9.bin: Cannot create symlink to ‘/opt/google/touch/firmware/0EA9_0.201485.bin’: No such file or directory
tar: lib/firmware/ilitek_007a.bin: Cannot create symlink to ‘/opt/google/touch/firmware/007a_0700.0002.0000.0000.bin’: No such file or directory
tar: lib/firmware/hid-06CB_CDE1: Cannot create symlink to ‘/opt/google/touch/firmware/CDE1_1.1.3271086.bin’: No such file or directory
tar: lib/firmware/hid-06CB_8914: Cannot create symlink to ‘/opt/google/touch/firmware/8914_1.1.4008619.bin’: No such file or directory
tar: lib/firmware/pix_tp2xxx_200D.bin: Cannot create symlink to ‘/opt/google/touch/firmware/200D_1508.bin’: No such file or directory
tar: lib/firmware/goodix_firmware_0C08.bin: Cannot create symlink to ‘/opt/google/touch/firmware/0C08_0.333072.bin’: No such file or directory
tar: lib/firmware/elants_i2chid_38ca.bin: Cannot create symlink to ‘/opt/google/touch/firmware/38ca_5642.bin’: No such file or directory
tar: lib/firmware/elants_i2chid_4566.bin: Cannot create symlink to ‘/opt/google/touch/firmware/4566_6741.bin’: No such file or directory
tar: lib/firmware/elants_i2chid_396b.bin: Cannot create symlink to ‘/opt/google/touch/firmware/396b_6741.bin’: No such file or directory
tar: lib/firmware/goodix_firmware_0EA5.bin: Cannot create symlink to ‘/opt/google/touch/firmware/0EA5_0.201485.bin’: No such file or directory
tar: lib/firmware/goodix_firmware_0EAA.bin: Cannot create symlink to ‘/opt/google/touch/firmware/0EAA_0.201485.bin’: No such file or directory
tar: lib/firmware/ilitek_006a.bin: Cannot create symlink to ‘/opt/google/touch/firmware/006a_0700.000F.0000.0000.bin’: No such file or directory
tar: lib/firmware/ilitek_0027.bin: Cannot create symlink to ‘/opt/google/touch/firmware/0027_0700.000F.0000.0000.bin’: No such file or directory
tar: lib/firmware/hid-06CB_CE9B: Cannot create symlink to ‘/opt/google/touch/firmware/CE9B_1.3.3396005.bin’: No such file or directory
tar: lib/firmware/elants_i2chid_4482.bin: Cannot create symlink to ‘/opt/google/touch/firmware/4482_6412.bin’: No such file or directory
tar: lib/firmware/pix_tp2xxx_1806.bin: Cannot create symlink to ‘/opt/google/touch/firmware/1806_3e03.bin’: No such file or directory
tar: lib/firmware/elan_i2c_317.0.bin: Cannot create symlink to ‘/opt/google/touch/firmware/317.0_2.0.bin’: No such file or directory
tar: lib/firmware/elan_i2c_188.0.bin: Cannot create symlink to ‘/opt/google/touch/firmware/188.0_2.0.bin’: No such file or directory
tar: lib/firmware/elants_i2c_38e0.bin: Cannot create symlink to ‘/opt/google/touch/firmware/38e0_5643.bin’: No such file or directory
tar: lib/firmware/elants_i2chid_38c6.bin: Cannot create symlink to ‘/opt/google/touch/firmware/38c6_5643.bin’: No such file or directory
tar: lib/firmware/elants_i2c_3665.bin: Cannot create symlink to ‘/opt/google/touch/firmware/3665_5617.bin’: No such file or directory
tar: lib/firmware/ilitek_006e.bin: Cannot create symlink to ‘/opt/google/touch/firmware/006e_0700.000F.0000.0000.bin’: No such file or directory
tar: lib/firmware/ilitek_0025.bin: Cannot create symlink to ‘/opt/google/touch/firmware/0025_0700.000F.0000.0000.bin’: No such file or directory
tar: lib/firmware/ilitek_0026.bin: Cannot create symlink to ‘/opt/google/touch/firmware/0026_0700.000F.0000.0000.bin’: No such file or directory
tar: lib/firmware/g2touch_A827.bin: Cannot create symlink to ‘/opt/google/touch/firmware/PID_A827_R00.04.15835.bin’: No such file or directory
tar: lib/firmware/elants_i2chid_4987.bin: Cannot create symlink to ‘/opt/google/touch/firmware/4987_6413.bin’: No such file or directory
tar: lib/firmware/elants_i2chid_3987.bin: Cannot create symlink to ‘/opt/google/touch/firmware/3987_5645.bin’: No such file or directory
tar: lib/firmware/elants_i2chid_3972.bin: Cannot create symlink to ‘/opt/google/touch/firmware/3972_6741.bin’: No such file or directory
tar: lib/firmware/elan_i2c_292.0.bin: Cannot create symlink to ‘/opt/google/touch/firmware/292.0_2.0.bin’: No such file or directory
tar: lib/firmware/elan_i2c_330.0.bin: Cannot create symlink to ‘/opt/google/touch/firmware/330.0_2.0.bin’: No such file or directory
tar: lib/firmware/hid-06CB_9211: Cannot create symlink to ‘/opt/google/touch/firmware/9211_1.4.4182792.bin’: No such file or directory
tar: lib/firmware/goodix_firmware_0C09.bin: Cannot create symlink to ‘/opt/google/touch/firmware/0C09_0.333072.bin’: No such file or directory
tar: lib/firmware/hid-06CB_96D3: Cannot create symlink to ‘/opt/google/touch/firmware/96D3_1.2.4406950.bin’: No such file or directory
tar: lib/firmware/pix_tp2xxx_1802.bin: Cannot create symlink to ‘/opt/google/touch/firmware/1802_3d04.bin’: No such file or directory
tar: lib/firmware/elants_i2chid_434c.bin: Cannot create symlink to ‘/opt/google/touch/firmware/434c_8306.bin’: No such file or directory
tar: lib/firmware/elants_i2chid_41d7.bin: Cannot create symlink to ‘/opt/google/touch/firmware/41d7_6713.bin’: No such file or directory
tar: lib/firmware/elants_i2chid_372b.bin: Cannot create symlink to ‘/opt/google/touch/firmware/372b_5750.bin’: No such file or directory
tar: lib/firmware/elants_i2chid_3946.bin: Cannot create symlink to ‘/opt/google/touch/firmware/3946_6741.bin’: No such file or directory
tar: lib/firmware/elan_i2c_265.0.bin: Cannot create symlink to ‘/opt/google/touch/firmware/265.0_2.0.bin’: No such file or directory
tar: lib/firmware/pix_tp2xxx_1803.bin: Cannot create symlink to ‘/opt/google/touch/firmware/1803_2001.bin’: No such file or directory
tar: lib/firmware/elants_i2chid_469d.bin: Cannot create symlink to ‘/opt/google/touch/firmware/469d_6412.bin’: No such file or directory
tar: lib/firmware/goodix_firmware_0C06.bin: Cannot create symlink to ‘/opt/google/touch/firmware/0C06_0.202513.bin’: No such file or directory
tar: lib/firmware/ilitek_006c.bin: Cannot create symlink to ‘/opt/google/touch/firmware/006c_0700.000F.0000.0000.bin’: No such file or directory
tar: lib/firmware/ilitek_0039.bin: Cannot create symlink to ‘/opt/google/touch/firmware/0039_0700.000F.0000.0000.bin’: No such file or directory
tar: lib/firmware/goodix_firmware_0EA6.bin: Cannot create symlink to ‘/opt/google/touch/firmware/0EA6_0.201485.bin’: No such file or directory
tar: lib/firmware/elan_i2c_266.0.bin: Cannot create symlink to ‘/opt/google/touch/firmware/266.0_2.0.bin’: No such file or directory
tar: lib/firmware/goodix_firmware_0EA7.bin: Cannot create symlink to ‘/opt/google/touch/firmware/0EA7_0.201485.bin’: No such file or directory
tar: lib/firmware/elan_i2c_320.0.bin: Cannot create symlink to ‘/opt/google/touch/firmware/320.0_1.0.bin’: No such file or directory
tar: lib/firmware/elants_i2chid_41d6.bin: Cannot create symlink to ‘/opt/google/touch/firmware/41d6_6723.bin’: No such file or directory
tar: lib/firmware/elants_i2chid_4480.bin: Cannot create symlink to ‘/opt/google/touch/firmware/4480_6412.bin’: No such file or directory
tar: lib/firmware/elants_i2chid_4481.bin: Cannot create symlink to ‘/opt/google/touch/firmware/4481_6412.bin’: No such file or directory
tar: lib/systemd/systemd-udevd: Cannot create symlink to ‘../../bin/udevadm’: No such file or directory
tar: Exiting with failure status due to previous errors

AzureAD+BSAGuest@DESKTOP-B84UPMK MINGW64 ~/mds2/ChromeOS-its-dead/system-files
$
