
/usr/bin/addr2line:     file format elf64-littleaarch64
/usr/bin/addr2line

SYMBOL TABLE:
no symbols


Contents of section .note.gnu.build-id:
 0270 04000000 14000000 03000000 474e5500  ............GNU.
 0280 76f61cd6 2bb9234b b9c5eb00 3b6b765a  v...+.#K....;kvZ
 0290 de0d9317                             ....            
Contents of section .interp:
 0294 2f6c6962 2f6c642d 6c696e75 782d6161  /lib/ld-linux-aa
 02a4 72636836 342e736f 2e3100             rch64.so.1.     
Contents of section .gnu.hash:
 02b0 01000000 01000000 01000000 00000000  ................
 02c0 00000000 00000000 00000000           ............    
Contents of section .dynsym:
 02d0 00000000 00000000 00000000 00000000  ................
 02e0 00000000 00000000 00000000 03000a00  ................
 02f0 b8150000 00000000 00000000 00000000  ................
 0300 00000000 03001800 d0010200 00000000  ................
 0310 00000000 00000000 10010000 12000000  ................
 0320 00000000 00000000 00000000 00000000  ................
 0330 08010000 12000000 00000000 00000000  ................
 0340 00000000 00000000 b3020000 12000000  ................
 0350 00000000 00000000 00000000 00000000  ................
 0360 0e020000 12000000 00000000 00000000  ................
 0370 00000000 00000000 f3000000 12000000  ................
 0380 00000000 00000000 00000000 00000000  ................
 0390 a2010000 12000000 00000000 00000000  ................
 03a0 00000000 00000000 fa010000 12000000  ................
 03b0 00000000 00000000 00000000 00000000  ................
 03c0 46000000 12000000 00000000 00000000  F...............
 03d0 00000000 00000000 01000000 20000000  ............ ...
 03e0 00000000 00000000 00000000 00000000  ................
 03f0 2f010000 12000000 00000000 00000000  /...............
 0400 00000000 00000000 d8000000 12000000  ................
 0410 00000000 00000000 00000000 00000000  ................
 0420 58000000 22000000 00000000 00000000  X..."...........
 0430 00000000 00000000 c5020000 12000000  ................
 0440 00000000 00000000 00000000 00000000  ................
 0450 c4020000 12000000 00000000 00000000  ................
 0460 00000000 00000000 2b020000 12000000  ........+.......
 0470 00000000 00000000 00000000 00000000  ................
 0480 59010000 11000000 00000000 00000000  Y...............
 0490 00000000 00000000 6e010000 12000000  ........n.......
 04a0 00000000 00000000 00000000 00000000  ................
 04b0 46010000 11000000 00000000 00000000  F...............
 04c0 00000000 00000000 17010000 12000000  ................
 04d0 00000000 00000000 00000000 00000000  ................
 04e0 cc000000 12000000 00000000 00000000  ................
 04f0 00000000 00000000 67010000 11000000  ........g.......
 0500 00000000 00000000 00000000 00000000  ................
 0510 ff000000 12000000 00000000 00000000  ................
 0520 00000000 00000000 ba000000 11000000  ................
 0530 00000000 00000000 00000000 00000000  ................
 0540 77000000 12000000 00000000 00000000  w...............
 0550 00000000 00000000 e0020000 12000000  ................
 0560 00000000 00000000 00000000 00000000  ................
 0570 af010000 11000000 00000000 00000000  ................
 0580 00000000 00000000 6e020000 12000000  ........n.......
 0590 00000000 00000000 00000000 00000000  ................
 05a0 de000000 12000000 00000000 00000000  ................
 05b0 00000000 00000000 86000000 12000000  ................
 05c0 00000000 00000000 00000000 00000000  ................
 05d0 1e010000 12000000 00000000 00000000  ................
 05e0 00000000 00000000 87020000 12000000  ................
 05f0 00000000 00000000 00000000 00000000  ................
 0600 26010000 12000000 00000000 00000000  &...............
 0610 00000000 00000000 d3010000 11000000  ................
 0620 00000000 00000000 00000000 00000000  ................
 0630 65020000 12000000 00000000 00000000  e...............
 0640 00000000 00000000 e9010000 12000000  ................
 0650 00000000 00000000 00000000 00000000  ................
 0660 1d000000 20000000 00000000 00000000  .... ...........
 0670 00000000 00000000 c7000000 12000000  ................
 0680 00000000 00000000 00000000 00000000  ................
 0690 d2000000 12000000 00000000 00000000  ................
 06a0 00000000 00000000 67000000 12000000  ........g.......
 06b0 00000000 00000000 00000000 00000000  ................
 06c0 09020000 12000000 00000000 00000000  ................
 06d0 00000000 00000000 7b000000 12000000  ........{.......
 06e0 00000000 00000000 00000000 00000000  ................
 06f0 4d010000 12000000 00000000 00000000  M...............
 0700 00000000 00000000 ac020000 12000000  ................
 0710 00000000 00000000 00000000 00000000  ................
 0720 e6000000 12000000 00000000 00000000  ................
 0730 00000000 00000000 fa000000 12000000  ................
 0740 00000000 00000000 00000000 00000000  ................
 0750 60010000 12000000 00000000 00000000  `...............
 0760 00000000 00000000 9f000000 12000000  ................
 0770 00000000 00000000 00000000 00000000  ................
 0780 ca020000 12000000 00000000 00000000  ................
 0790 00000000 00000000 cc010000 12000000  ................
 07a0 00000000 00000000 00000000 00000000  ................
 07b0 f9010000 12000000 00000000 00000000  ................
 07c0 00000000 00000000 df010000 12000000  ................
 07d0 00000000 00000000 00000000 00000000  ................
 07e0 89010000 12000000 00000000 00000000  ................
 07f0 00000000 00000000 7c020000 12000000  ........|.......
 0800 00000000 00000000 00000000 00000000  ................
 0810 ff010000 12000000 00000000 00000000  ................
 0820 00000000 00000000 78010000 12000000  ........x.......
 0830 00000000 00000000 00000000 00000000  ................
 0840 2c000000 20000000 00000000 00000000  ,... ...........
 0850 00000000 00000000 44020000 12000000  ........D.......
 0860 00000000 00000000 00000000 00000000  ................
 0870 9f020000 11000000 00000000 00000000  ................
 0880 00000000 00000000 d7020000 12000000  ................
 0890 00000000 00000000 00000000 00000000  ................
 08a0 d9020000 12000000 00000000 00000000  ................
 08b0 00000000 00000000 b6010000 12000000  ................
 08c0 00000000 00000000 00000000 00000000  ................
 08d0 54020000 12000000 00000000 00000000  T...............
 08e0 00000000 00000000 f1010000 12000000  ................
 08f0 00000000 00000000 00000000 00000000  ................
 0900 d8020000 12000000 00000000 00000000  ................
 0910 00000000 00000000 d9010000 12000000  ................
 0920 00000000 00000000 00000000 00000000  ................
 0930 6d000000 12000000 00000000 00000000  m...............
 0940 00000000 00000000 ec000000 12000000  ................
 0950 00000000 00000000 00000000 00000000  ................
Contents of section .dynstr:
 0960 005f4954 4d5f6465 72656769 73746572  ._ITM_deregister
 0970 544d436c 6f6e6554 61626c65 005f5f67  TMCloneTable.__g
 0980 6d6f6e5f 73746172 745f5f00 5f49544d  mon_start__._ITM
 0990 5f726567 69737465 72544d43 6c6f6e65  _registerTMClone
 09a0 5461626c 65005f5f 6c696263 5f737461  Table.__libc_sta
 09b0 72745f6d 61696e00 5f5f6378 615f6669  rt_main.__cxa_fi
 09c0 6e616c69 7a650061 626f7274 00736574  nalize.abort.set
 09d0 6c6f6361 6c650062 696e6474 65787464  locale.bindtextd
 09e0 6f6d6169 6e00786d 616c6c6f 635f7365  omain.xmalloc_se
 09f0 745f7072 6f677261 6d5f6e61 6d650062  t_program_name.b
 0a00 66645f73 65745f65 72726f72 5f70726f  fd_set_error_pro
 0a10 6772616d 5f6e616d 65005f73 63685f69  gram_name._sch_i
 0a20 73746162 6c650073 74617400 666f7065  stable.stat.fope
 0a30 6e006673 65656b00 6674656c 6c00786d  n.fseek.ftell.xm
 0a40 616c6c6f 63006672 65616400 66657272  alloc.fread.ferr
 0a50 6f720073 74726c65 6e006672 65650078  or.strlen.free.x
 0a60 7265616c 6c6f6300 6d656d6d 6f766500  realloc.memmove.
 0a70 6d656d63 70790066 636c6f73 65007873  memcpy.fclose.xs
 0a80 74726475 70006266 645f696e 69740062  trdup.bfd_init.b
 0a90 66645f73 65745f64 65666175 6c745f74  fd_set_default_t
 0aa0 61726765 74006f70 74617267 00676574  arget.optarg.get
 0ab0 6f70745f 6c6f6e67 00737464 65727200  opt_long.stderr.
 0ac0 73747263 6872006f 7074696e 64006266  strchr.optind.bf
 0ad0 645f6f70 656e7200 6266645f 63686563  d_openr.bfd_chec
 0ae0 6b5f666f 726d6174 00626664 5f636865  k_format.bfd_che
 0af0 636b5f66 6f726d61 745f6d61 74636865  ck_format_matche
 0b00 73006266 645f7363 616e5f76 6d610073  s.bfd_scan_vma.s
 0b10 74646f75 74006266 645f6d61 705f6f76  tdout.bfd_map_ov
 0b20 65725f73 65637469 6f6e7300 66666c75  er_sections.fflu
 0b30 73680073 7464696e 00666765 74730062  sh.stdin.fgets.b
 0b40 66645f63 6c6f7365 00737472 72636872  fd_close.strrchr
 0b50 00707574 63686172 00786578 69740064  .putchar.xexit.d
 0b60 63676574 74657874 00707574 73006370  cgettext.puts.cp
 0b70 6c75735f 64656d61 6e676c65 5f6e616d  lus_demangle_nam
 0b80 655f746f 5f737479 6c650063 706c7573  e_to_style.cplus
 0b90 5f64656d 616e676c 655f7365 745f7374  _demangle_set_st
 0ba0 796c6500 6266645f 66707269 6e74665f  yle.bfd_fprintf_
 0bb0 766d6100 5f5f6572 726e6f5f 6c6f6361  vma.__errno_loca
 0bc0 74696f6e 00737472 6572726f 72006266  tion.strerror.bf
 0bd0 645f6765 745f6572 726f7200 6266645f  d_get_error.bfd_
 0be0 6572726d 73670062 66645f67 65745f73  errmsg.bfd_get_s
 0bf0 65637469 6f6e5f62 795f6e61 6d65005f  ection_by_name._
 0c00 7363685f 746f7570 70657200 73747263  sch_toupper.strc
 0c10 6d70005f 5f69736f 6332335f 73747274  mp.__isoc23_strt
 0c20 6f756c00 66707574 63006266 645f6465  oul.fputc.bfd_de
 0c30 6d616e67 6c650076 66707269 6e746600  mangle.vfprintf.
 0c40 6266645f 74617267 65745f6c 69737400  bfd_target_list.
 0c50 6c696262 66642d32 2e34342d 73797374  libbfd-2.44-syst
 0c60 656d2e73 6f006c69 62632e73 6f2e3600  em.so.libc.so.6.
 0c70 474c4942 435f322e 33330047 4c494243  GLIBC_2.33.GLIBC
 0c80 5f322e33 3400474c 4942435f 322e3338  _2.34.GLIBC_2.38
 0c90 00474c49 42435f32 2e313700           .GLIBC_2.17.    
Contents of section .gnu.version:
 0c9c 00000000 00000200 02000300 01000200  ................
 0cac 01000200 04000100 01000200 02000200  ................
 0cbc 02000100 02000100 02000200 02000200  ................
 0ccc 01000100 02000100 02000100 01000100  ................
 0cdc 01000100 01000200 02000200 01000500  ................
 0cec 02000200 02000200 02000200 02000200  ................
 0cfc 02000100 01000200 01000100 01000100  ................
 0d0c 02000100 01000100 01000200 02000100  ................
 0d1c 02000200 02000200 02000200           ............    
Contents of section .gnu.version_r:
 0d28 01000400 06030000 10000000 00000000  ................
 0d38 b3919606 00000500 10030000 10000000  ................
 0d48 b4919606 00000400 1b030000 10000000  ................
 0d58 b8919606 00000300 26030000 10000000  ........&.......
 0d68 97919606 00000200 31030000 00000000  ........1.......
Contents of section .rela.dyn:
 0d78 80fd0100 00000000 03040000 00000000  ................
 0d88 601e0000 00000000 88fd0100 00000000  `...............
 0d98 03040000 00000000 0c1e0000 00000000  ................
 0da8 d0ff0100 00000000 03040000 00000000  ................
 0db8 801e0000 00000000 d8010200 00000000  ................
 0dc8 03040000 00000000 d8010200 00000000  ................
 0dd8 e8010200 00000000 03040000 00000000  ................
 0de8 003a0000 00000000 08020200 00000000  .:..............
 0df8 03040000 00000000 103a0000 00000000  .........:......
 0e08 28020200 00000000 03040000 00000000  (...............
 0e18 203a0000 00000000 48020200 00000000   :......H.......
 0e28 03040000 00000000 303a0000 00000000  ........0:......
 0e38 68020200 00000000 03040000 00000000  h...............
 0e48 383a0000 00000000 88020200 00000000  8:..............
 0e58 03040000 00000000 483a0000 00000000  ........H:......
 0e68 a8020200 00000000 03040000 00000000  ................
 0e78 503a0000 00000000 c8020200 00000000  P:..............
 0e88 03040000 00000000 603a0000 00000000  ........`:......
 0e98 e8020200 00000000 03040000 00000000  ................
 0ea8 703a0000 00000000 08030200 00000000  p:..............
 0eb8 03040000 00000000 803a0000 00000000  .........:......
 0ec8 28030200 00000000 03040000 00000000  (...............
 0ed8 983a0000 00000000 48030200 00000000  .:......H.......
 0ee8 03040000 00000000 b03a0000 00000000  .........:......
 0ef8 68030200 00000000 03040000 00000000  h...............
 0f08 b83a0000 00000000 88030200 00000000  .:..............
 0f18 03040000 00000000 c03a0000 00000000  .........:......
 0f28 a8030200 00000000 03040000 00000000  ................
 0f38 c83a0000 00000000 88ff0100 00000000  .:..............
 0f48 01040000 0b000000 00000000 00000000  ................
 0f58 90ff0100 00000000 01040000 0e000000  ................
 0f68 00000000 00000000 98ff0100 00000000  ................
 0f78 01040000 12000000 00000000 00000000  ................
 0f88 a0ff0100 00000000 01040000 14000000  ................
 0f98 00000000 00000000 a8ff0100 00000000  ................
 0fa8 01040000 17000000 00000000 00000000  ................
 0fb8 b0ff0100 00000000 01040000 19000000  ................
 0fc8 00000000 00000000 b8ff0100 00000000  ................
 0fd8 01040000 1c000000 00000000 00000000  ................
 0fe8 c0ff0100 00000000 01040000 23000000  ............#...
 0ff8 00000000 00000000 c8ff0100 00000000  ................
 1008 01040000 26000000 00000000 00000000  ....&...........
 1018 d8ff0100 00000000 01040000 3a000000  ............:...
 1028 00000000 00000000 e0ff0100 00000000  ................
 1038 01040000 3c000000 00000000 00000000  ....<...........
Contents of section .rela.plt:
 1048 00000200 00000000 02040000 03000000  ................
 1058 00000000 00000000 08000200 00000000  ................
 1068 02040000 04000000 00000000 00000000  ................
 1078 10000200 00000000 02040000 05000000  ................
 1088 00000000 00000000 18000200 00000000  ................
 1098 02040000 06000000 00000000 00000000  ................
 10a8 20000200 00000000 02040000 07000000   ...............
 10b8 00000000 00000000 28000200 00000000  ........(.......
 10c8 02040000 08000000 00000000 00000000  ................
 10d8 30000200 00000000 02040000 09000000  0...............
 10e8 00000000 00000000 38000200 00000000  ........8.......
 10f8 02040000 0a000000 00000000 00000000  ................
 1108 40000200 00000000 02040000 0c000000  @...............
 1118 00000000 00000000 48000200 00000000  ........H.......
 1128 02040000 0d000000 00000000 00000000  ................
 1138 50000200 00000000 02040000 0e000000  P...............
 1148 00000000 00000000 58000200 00000000  ........X.......
 1158 02040000 0f000000 00000000 00000000  ................
 1168 60000200 00000000 02040000 10000000  `...............
 1178 00000000 00000000 68000200 00000000  ........h.......
 1188 02040000 11000000 00000000 00000000  ................
 1198 70000200 00000000 02040000 13000000  p...............
 11a8 00000000 00000000 78000200 00000000  ........x.......
 11b8 02040000 15000000 00000000 00000000  ................
 11c8 80000200 00000000 02040000 16000000  ................
 11d8 00000000 00000000 88000200 00000000  ................
 11e8 02040000 18000000 00000000 00000000  ................
 11f8 90000200 00000000 02040000 1a000000  ................
 1208 00000000 00000000 98000200 00000000  ................
 1218 02040000 1b000000 00000000 00000000  ................
 1228 a0000200 00000000 02040000 1d000000  ................
 1238 00000000 00000000 a8000200 00000000  ................
 1248 02040000 1e000000 00000000 00000000  ................
 1258 b0000200 00000000 02040000 1f000000  ................
 1268 00000000 00000000 b8000200 00000000  ................
 1278 02040000 20000000 00000000 00000000  .... ...........
 1288 c0000200 00000000 02040000 21000000  ............!...
 1298 00000000 00000000 c8000200 00000000  ................
 12a8 02040000 22000000 00000000 00000000  ...."...........
 12b8 d0000200 00000000 02040000 24000000  ............$...
 12c8 00000000 00000000 d8000200 00000000  ................
 12d8 02040000 25000000 00000000 00000000  ....%...........
 12e8 e0000200 00000000 02040000 26000000  ............&...
 12f8 00000000 00000000 e8000200 00000000  ................
 1308 02040000 27000000 00000000 00000000  ....'...........
 1318 f0000200 00000000 02040000 28000000  ............(...
 1328 00000000 00000000 f8000200 00000000  ................
 1338 02040000 29000000 00000000 00000000  ....)...........
 1348 00010200 00000000 02040000 2a000000  ............*...
 1358 00000000 00000000 08010200 00000000  ................
 1368 02040000 2b000000 00000000 00000000  ....+...........
 1378 10010200 00000000 02040000 2c000000  ............,...
 1388 00000000 00000000 18010200 00000000  ................
 1398 02040000 2d000000 00000000 00000000  ....-...........
 13a8 20010200 00000000 02040000 2e000000   ...............
 13b8 00000000 00000000 28010200 00000000  ........(.......
 13c8 02040000 2f000000 00000000 00000000  ..../...........
 13d8 30010200 00000000 02040000 30000000  0...........0...
 13e8 00000000 00000000 38010200 00000000  ........8.......
 13f8 02040000 31000000 00000000 00000000  ....1...........
 1408 40010200 00000000 02040000 32000000  @...........2...
 1418 00000000 00000000 48010200 00000000  ........H.......
 1428 02040000 33000000 00000000 00000000  ....3...........
 1438 50010200 00000000 02040000 34000000  P...........4...
 1448 00000000 00000000 58010200 00000000  ........X.......
 1458 02040000 35000000 00000000 00000000  ....5...........
 1468 60010200 00000000 02040000 36000000  `...........6...
 1478 00000000 00000000 68010200 00000000  ........h.......
 1488 02040000 37000000 00000000 00000000  ....7...........
 1498 70010200 00000000 02040000 38000000  p...........8...
 14a8 00000000 00000000 78010200 00000000  ........x.......
 14b8 02040000 39000000 00000000 00000000  ....9...........
 14c8 80010200 00000000 02040000 3b000000  ............;...
 14d8 00000000 00000000 88010200 00000000  ................
 14e8 02040000 3d000000 00000000 00000000  ....=...........
 14f8 90010200 00000000 02040000 3e000000  ............>...
 1508 00000000 00000000 98010200 00000000  ................
 1518 02040000 3f000000 00000000 00000000  ....?...........
 1528 a0010200 00000000 02040000 40000000  ............@...
 1538 00000000 00000000 a8010200 00000000  ................
 1548 02040000 41000000 00000000 00000000  ....A...........
 1558 b0010200 00000000 02040000 42000000  ............B...
 1568 00000000 00000000 b8010200 00000000  ................
 1578 02040000 43000000 00000000 00000000  ....C...........
 1588 c0010200 00000000 02040000 44000000  ............D...
 1598 00000000 00000000 c8010200 00000000  ................
 15a8 02040000 45000000 00000000 00000000  ....E...........
Contents of section .init:
 15b8 3f2303d5 fd7bbfa9 fd030091 ec010094  ?#...{..........
 15c8 fd7bc1a8 bf2303d5 c0035fd6           .{...#...._.    
Contents of section .plt:
 15e0 f07bbfa9 f00000d0 11fe47f9 10e23f91  .{........G...?.
 15f0 20021fd6 1f2003d5 1f2003d5 1f2003d5   .... ... ... ..
 1600 f00000f0 110240f9 10020091 20021fd6  ......@..... ...
 1610 f00000f0 110640f9 10220091 20021fd6  ......@..".. ...
 1620 f00000f0 110a40f9 10420091 20021fd6  ......@..B.. ...
 1630 f00000f0 110e40f9 10620091 20021fd6  ......@..b.. ...
 1640 f00000f0 111240f9 10820091 20021fd6  ......@..... ...
 1650 f00000f0 111640f9 10a20091 20021fd6  ......@..... ...
 1660 f00000f0 111a40f9 10c20091 20021fd6  ......@..... ...
 1670 f00000f0 111e40f9 10e20091 20021fd6  ......@..... ...
 1680 f00000f0 112240f9 10020191 20021fd6  ....."@..... ...
 1690 f00000f0 112640f9 10220191 20021fd6  .....&@..".. ...
 16a0 f00000f0 112a40f9 10420191 20021fd6  .....*@..B.. ...
 16b0 f00000f0 112e40f9 10620191 20021fd6  ......@..b.. ...
 16c0 f00000f0 113240f9 10820191 20021fd6  .....2@..... ...
 16d0 f00000f0 113640f9 10a20191 20021fd6  .....6@..... ...
 16e0 f00000f0 113a40f9 10c20191 20021fd6  .....:@..... ...
 16f0 f00000f0 113e40f9 10e20191 20021fd6  .....>@..... ...
 1700 f00000f0 114240f9 10020291 20021fd6  .....B@..... ...
 1710 f00000f0 114640f9 10220291 20021fd6  .....F@..".. ...
 1720 f00000f0 114a40f9 10420291 20021fd6  .....J@..B.. ...
 1730 f00000f0 114e40f9 10620291 20021fd6  .....N@..b.. ...
 1740 f00000f0 115240f9 10820291 20021fd6  .....R@..... ...
 1750 f00000f0 115640f9 10a20291 20021fd6  .....V@..... ...
 1760 f00000f0 115a40f9 10c20291 20021fd6  .....Z@..... ...
 1770 f00000f0 115e40f9 10e20291 20021fd6  .....^@..... ...
 1780 f00000f0 116240f9 10020391 20021fd6  .....b@..... ...
 1790 f00000f0 116640f9 10220391 20021fd6  .....f@..".. ...
 17a0 f00000f0 116a40f9 10420391 20021fd6  .....j@..B.. ...
 17b0 f00000f0 116e40f9 10620391 20021fd6  .....n@..b.. ...
 17c0 f00000f0 117240f9 10820391 20021fd6  .....r@..... ...
 17d0 f00000f0 117640f9 10a20391 20021fd6  .....v@..... ...
 17e0 f00000f0 117a40f9 10c20391 20021fd6  .....z@..... ...
 17f0 f00000f0 117e40f9 10e20391 20021fd6  .....~@..... ...
 1800 f00000f0 118240f9 10020491 20021fd6  ......@..... ...
 1810 f00000f0 118640f9 10220491 20021fd6  ......@..".. ...
 1820 f00000f0 118a40f9 10420491 20021fd6  ......@..B.. ...
 1830 f00000f0 118e40f9 10620491 20021fd6  ......@..b.. ...
 1840 f00000f0 119240f9 10820491 20021fd6  ......@..... ...
 1850 f00000f0 119640f9 10a20491 20021fd6  ......@..... ...
 1860 f00000f0 119a40f9 10c20491 20021fd6  ......@..... ...
 1870 f00000f0 119e40f9 10e20491 20021fd6  ......@..... ...
 1880 f00000f0 11a240f9 10020591 20021fd6  ......@..... ...
 1890 f00000f0 11a640f9 10220591 20021fd6  ......@..".. ...
 18a0 f00000f0 11aa40f9 10420591 20021fd6  ......@..B.. ...
 18b0 f00000f0 11ae40f9 10620591 20021fd6  ......@..b.. ...
 18c0 f00000f0 11b240f9 10820591 20021fd6  ......@..... ...
 18d0 f00000f0 11b640f9 10a20591 20021fd6  ......@..... ...
 18e0 f00000f0 11ba40f9 10c20591 20021fd6  ......@..... ...
 18f0 f00000f0 11be40f9 10e20591 20021fd6  ......@..... ...
 1900 f00000f0 11c240f9 10020691 20021fd6  ......@..... ...
 1910 f00000f0 11c640f9 10220691 20021fd6  ......@..".. ...
 1920 f00000f0 11ca40f9 10420691 20021fd6  ......@..B.. ...
 1930 f00000f0 11ce40f9 10620691 20021fd6  ......@..b.. ...
 1940 f00000f0 11d240f9 10820691 20021fd6  ......@..... ...
 1950 f00000f0 11d640f9 10a20691 20021fd6  ......@..... ...
 1960 f00000f0 11da40f9 10c20691 20021fd6  ......@..... ...
 1970 f00000f0 11de40f9 10e20691 20021fd6  ......@..... ...
 1980 f00000f0 11e240f9 10020791 20021fd6  ......@..... ...
 1990 f00000f0 11e640f9 10220791 20021fd6  ......@..".. ...
Contents of section .text:
 19c0 fd7bbca9 a2008052 fd030091 f55b02a9  .{.....R.....[..
 19d0 f50000f0 f35301a9 f30300aa f403012a  .....S.........*
 19e0 000080d2 010000d0 21801691 f71b00f9  ........!.......
 19f0 bcffff97 e10300aa a2fa41f9 e00313aa  ..........A.....
 1a00 d8ffff97 a2008052 010000d0 000080d2  .......R........
 1a10 21201791 b3ffff97 e10300aa e00313aa  ! ..............
 1a20 d0ffff97 a2008052 010000d0 000080d2  .......R........
 1a30 21001891 abffff97 e10300aa e00313aa  !...............
 1a40 c8ffff97 a2008052 010000d0 000080d2  .......R........
 1a50 21601991 a3ffff97 e10300aa e00313aa  !`..............
 1a60 c0ffff97 b5fa41f9 550100b5 a2008052  ......A.U......R
 1a70 010000d0 000080d2 21402691 99ffff97  ........!@&.....
 1a80 e10300aa e00313aa b6ffff97 0a000014  ................
 1a90 a2008052 010000d0 000080d2 21a02691  ...R........!.&.
 1aa0 90ffff97 e10300aa e20315aa e00313aa  ................
 1ab0 acffff97 1fffff97 160000d0 f50300aa  ................
 1ac0 f70300aa d6421091 e28640f8 a20000b4  .....B....@.....
 1ad0 e10316aa e00313aa a2ffff97 fbffff17  ................
 1ae0 e10313aa 40018052 f6feff97 e00315aa  ....@..R........
 1af0 58ffff97 74010035 a2008052 010000d0  X...t..5...R....
 1b00 000080d2 21002791 76ffff97 e10300aa  ....!.'.v.......
 1b10 020000d0 e00313aa 42602791 91ffff97  ........B`'.....
 1b20 e003142a cffeff97 1f2003d5 1f2003d5  ...*..... ... ..
 1b30 1f2003d5 1f2003d5 1f2003d5 1f2003d5  . ... ... ... ..
 1b40 fd7bafa9 ea068012 e90f8012 fd030091  .{..............
 1b50 eb430391 e8430491 e82303a9 e8430091  .C...C...#...C..
 1b60 eb2300f9 ea270929 e18b0da9 e10308aa  .#...'.)........
 1b70 feff41ad e3930ea9 e59b0fa9 e78700f9  ..A.............
 1b80 fe07803d e08702ad e28f03ad e49704ad  ...=............
 1b90 e69f05ad 1f05803d 23000094 fd7bd1a8  .......=#....{..
 1ba0 c0035fd6 fd7bbea9 fd030091 f30b00f9  .._..{..........
 1bb0 f30000f0 73c20f91 63e24039 83000036  ....s...c.@9...6
 1bc0 f30b40f9 fd7bc2a8 c0035fd6 232440b9  ..@..{...._.#$@.
 1bd0 e20301aa 63ff0736 231840f9 651a40f9  ....c..6#.@.e.@.
 1be0 7f0005eb e8feff54 242040f9 6400048b  .......T$ @.d...
 1bf0 bf0004eb 62feff54 040440f9 a30003cb  ....b..T..@.....
 1c00 611640f9 67f20091 881c41f9 66020191  a.@.g.....A.f...
 1c10 65220191 64420191 00013fd6 60e20039  e"..dB....?.`..9
 1c20 e8ffff17 fd7bbba9 e20000d0 42dc47f9  .....{......B.G.
 1c30 fd030091 f35301a9 f40301aa f51300f9  .....S..........
 1c40 f50300aa 400040f9 f30000d0 73ce47f9  ....@.@.....s.G.
 1c50 10ffff97 e00000f0 010000d0 21601691  ............!`..
 1c60 02f841f9 600240f9 3effff97 9e7e40ad  ..A.`.@.>....~@.
 1c70 e2c30091 600240f9 e10315aa fe0f803d  ....`.@........=
 1c80 5f04803d 23ffff97 40018052 610240f9  _..=#...@..Ra.@.
 1c90 f51340f9 f35341a9 fd7bc5a8 85feff17  ..@..SA..{......
 1ca0 fd7bafa9 ea068012 e90f8012 fd030091  .{..............
 1cb0 e8430491 eb430391 e82303a9 e8430091  .C...C...#...C..
 1cc0 eb2300f9 ea270929 e18b0da9 e10308aa  .#...'.)........
 1cd0 feff41ad e3930ea9 e59b0fa9 e78700f9  ..A.............
 1ce0 fe07803d e08702ad e28f03ad e49704ad  ...=............
 1cf0 e69f05ad 1f05803d cbffff97 20008052  .......=.... ..R
 1d00 e8feff97 1f2003d5 1f2003d5 1f2003d5  ..... ... ... ..
 1d10 1f2003d5 1f2003d5 1f2003d5 1f2003d5  . ... ... ... ..
 1d20 1f2003d5 1f2003d5 1f2003d5 1f2003d5  . ... ... ... ..
 1d30 1f2003d5 1f2003d5 1f2003d5 1f2003d5  . ... ... ... ..
 1d40 5f2403d5 1d0080d2 1e0080d2 e50300aa  _$..............
 1d50 e10340f9 e2230091 e6030091 e00000d0  ..@..#..........
 1d60 00e847f9 030080d2 040080d2 41feff97  ..G.........A...
 1d70 a0feff97 e00000d0 00e447f9 400000b4  ..........G.@...
 1d80 90feff17 c0035fd6 1f2003d5 1f2003d5  ......_.. ... ..
 1d90 1f2003d5 1f2003d5 1f2003d5 1f2003d5  . ... ... ... ..
 1da0 e00000f0 00a00f91 e10000f0 21a00f91  ............!...
 1db0 3f0000eb c0000054 e10000d0 21c447f9  ?......T....!.G.
 1dc0 610000b4 f00301aa 00021fd6 c0035fd6  a............._.
 1dd0 e00000f0 00a00f91 e10000f0 21a00f91  ............!...
 1de0 210000cb 22fc7fd3 410c818b 21fc4193  !..."...A...!.A.
 1df0 c10000b4 e20000d0 42ec47f9 620000b4  ........B.G.b...
 1e00 f00302aa 00021fd6 c0035fd6 3f2303d5  .........._.?#..
 1e10 fd7bbea9 fd030091 f30b00f9 f30000f0  .{..............
 1e20 60a24f39 40010037 e00000d0 00c847f9  `.O9@..7......G.
 1e30 800000b4 e00000f0 00ec40f9 19feff97  ..........@.....
 1e40 d8ffff97 20008052 60a20f39 f30b40f9  .... ..R`..9..@.
 1e50 fd7bc2a8 bf2303d5 c0035fd6 1f2003d5  .{...#...._.. ..
 1e60 5f2403d5 dbffff17 1f2003d5 1f2003d5  _$....... ... ..
 1e70 1f2003d5 1f2003d5 1f2003d5 1f2003d5  . ... ... ... ..
 1e80 fd7baaa9 fd030091 f35301a9 130000d0  .{.......S......
 1e90 73021791 f40301aa f55b02a9 f76303a9  s........[...c..
 1ea0 f703002a a0008052 f96b04a9 fb7305a9  ...*...R.k...s..
 1eb0 e16300f9 e10313aa b2feff97 e10313aa  .c..............
 1ec0 00008052 affeff97 130000d0 010000d0  ...R............
 1ed0 21200591 73820591 e00313aa 11feff97  ! ..s...........
 1ee0 e00313aa 4bfeff97 800240f9 e10000f0  ....K.....@.....
 1ef0 20f801f9 1bfeff97 e00000f0 00f841f9   .............A.
 1f00 5cfeff97 f46340f9 ff060071 8d1b0054  \....c@....q...T
 1f10 f46340f9 e0830391 fb0000d0 7bdb47f9  .c@.........{.G.
 1f20 18fa8052 33008052 ff7b00b9 e04300f9  ...R3..R.{...C..
 1f30 757e7d93 607e4093 e03b00f9 8002158b  u~}.`~@..;......
 1f40 e03700f9 806a75f8 01004039 3f000171  .7...ju...@9?..q
 1f50 01190054 18070071 00490054 e14340f9  ...T...q.I.T.C@.
 1f60 16040091 e00316aa 1afeff97 2018f837  ............ ..7
 1f70 e0f340b9 000c1412 1f104071 00490054  ..@.......@q.I.T
 1f80 e00316aa 010000d0 21400791 ddfdff97  ........!@......
 1f90 f60300aa e01600b4 42008052 010080d2  ........B..R....
 1fa0 10feff97 1f040031 e01a0054 e00316aa  .......1...T....
 1fb0 b8fdff97 fa0300aa 1f0400b1 401a0054  ............@..T
 1fc0 e00316aa 02008052 010080d2 05feff97  .......R........
 1fd0 1f040031 80190054 40070091 ddfdff97  ...1...T@.......
 1fe0 e30316aa e2031aaa fc0300aa 210080d2  ............!...
 1ff0 e05700f9 13feff97 f90300aa 5f0300eb  .W.........._...
 2000 e03a0054 e00316aa 62feff97 80170035  .:.T....b......5
 2010 e05740f9 fa0300aa 1f683938 e0031aaa  .W@......h98....
 2020 88fdff97 00040091 cafdff97 1c0080d2  ................
 2030 09008052 0b008052 07008052 0a008052  ...R...R...R...R
 2040 19008052 e05b00f9 40034039 60db6078  ...R.[..@.@9`.`x
 2050 e0003036 1f2003d5 1f2003d5 1f2003d5  ..06. ... ... ..
 2060 411f4038 61db6178 c1ff3737 6c7d7dd3  A.@8a.ax..77l}}.
 2070 49080034 20050051 8d030c8b 1f000b6b  I..4 ..Q.......k
 2080 cd070054 43034039 c3090035 bf0100f9  ...TC.@9...5....
 2090 41034039 60db6178 a0003036 1f2003d5  A.@9`.ax..06. ..
 20a0 411f4038 63db6178 c3ff3737 e1fcff35  A.@8c.ax..77...5
 20b0 e05b40f9 e7fdff97 e06340f9 1f0014eb  .[@......c@.....
 20c0 00390054 800340f9 e03c00b4 1a0080d2  .9.T..@..<......
 20d0 5a070091 807b7af8 c0ffffb5 40f37dd3  Z....{z.....@.}.
 20e0 e04700f9 e03740f9 000040f9 d9fdff97  .G...7@...@.....
 20f0 e17e4093 e00314aa 21040091 21001a8b  .~@.....!...!...
 2100 21f07dd3 83fdff97 e13b40f9 e202134b  !.}......;@....K
 2110 f40300aa f7060051 39001a8b a1220091  .......Q9...."..
 2120 42f07dd3 8102018b 000c198b 39fdff97  B.}.........9...
 2130 e24740f9 e1031caa 8002158b f7021a0b  .G@.............
 2140 30fdff97 e0031caa c2fdff97 e05740f9  0............W@.
 2150 c0fdff97 e00316aa 66fdff97 f37b40b9  ........f....{@.
 2160 60060011 1f00176b aa080054 f37b00b9  `......k...T.{..
 2170 f303002a 6fffff17 dc1200b4 29791f53  ...*o.......)y.S
 2180 e0031caa e98b00b9 217d7d93 eb2b1229  ........!}}..+.)
 2190 e79b00b9 ec5300f9 5efdff97 ec5340f9  .....S..^....S@.
 21a0 fc0300aa eb2b5229 0d000c8b 1f682cf8  .....+R).....h,.
 21b0 e98b40b9 43034039 e79b40b9 83f6ff34  ..@.C.@9..@....4
 21c0 e55b40f9 60db6378 80003036 20030a2a  .[@.`.cx..06 ..*
 21d0 0000072a e0090034 47010034 7f280071  ...*...4G..4.(.q
 21e0 200d0054 a3140038 431f4038 032a0034   ..T...8C.@8.*.4
 21f0 60db6378 60003036 27030a2a c7080034  `.cx`.06'..*...4
 2200 41074039 7f700171 c0080054 990c0034  A.@9.p.q...T...4
 2210 7f9c0071 c10b0054 07008052 19008052  ...q...T...R...R
 2220 431f4038 03fdff35 e05b40f9 bf000039  C.@8...5.[@....9
 2230 e98b00b9 eb2b1229 e79b00b9 ed5300f9  .....+.).....S..
 2240 ec5f00f9 4bfdff97 ed5340f9 ec5f40f9  ._..K....S@.._@.
 2250 eb2b5229 8c210091 e98b40b9 e79b40b9  .+R).!....@...@.
 2260 6b050011 a00100f9 8d030c8b 88ffff17  k...............
 2270 60060011 ff02006b acf7ff54 45fdff97  `......k...TE...
 2280 1f400471 e1310054 130000b0 73220891  .@.q.1.T....s"..
 2290 e00313aa fbfcff97 00440036 fa0000b0  .........D.6....
 22a0 5ad347f9 f80000d0 130000b0 18a30791  Z.G.............
 22b0 73e20e91 190080d2 150080d2 160080d2  s...............
 22c0 e30318aa e20313aa e10314aa e003172a  ...............*
 22d0 040080d2 53fdff97 1f040031 80090054  ....S......1...T
 22e0 1fd80171 09210054 e00000b0 00cc47f9  ...q.!.T......G.
 22f0 21008052 000040f9 b2fdff97 e0031caa  !..R..@.........
 2300 54fdff97 e00316aa fafcff97 95ffff17  T...............
 2310 07008052 0a008052 19008052 c3ffff17  ...R...R...R....
 2320 79030035 e38b00b9 27008052 aaf7ff34  y..5....'..R...4
 2330 000000b0 00600791 e92f1229 ea9b00b9  .....`.../.)....
 2340 e55300f9 ed5f00f9 ec6700f9 45fdff97  .S..._...g..E...
 2350 ea9b40b9 e55340f9 e7030a2a ed5f40f9  ..@..S@....*._@.
 2360 ec6740f9 e38b40b9 e92f5229 a0f5ffb5  .g@...@../R)....
 2370 07008052 2a008052 19008052 a3140038  ...R*..R...R...8
 2380 a8ffff17 07008052 a6ffff17 07008052  .......R.......R
 2390 39008052 a3140038 a2ffff17 ca000034  9..R...8.......4
 23a0 7f880071 61feff54 07008052 0a008052  ...qa..T...R...R
 23b0 9cffff17 07008052 7f9c0071 40020054  .......R...q@..T
 23c0 7f880071 001b0054 a3140038 95ffff17  ...q...T...8....
 23d0 000880d2 eb8b00b9 ea1f1229 ec4f00f9  ...........).O..
 23e0 dcfcff97 ec4f40f9 fc0300aa ea1f5229  .....O@.......R)
 23f0 0d000c8b eb8b40b9 09018052 1f682cf8  ......@....R.h,.
 2400 21ffff17 39008052 86ffff17 163800b4  !...9..R.....8..
 2410 e20000b0 42d447f9 e00000d0 03c00f91  ....B.G.........
 2420 f8830391 e00316aa e10318aa 420040b9  ............B.@.
 2430 f702024b 771800b9 82ce228b 620800f9  ...Kw.....".b...
 2440 e4fcff97 c033f837 e0f340b9 000c1412  .....3.7..@.....
 2450 1f104071 20320054 1f204071 414e0054  ..@q 2.T. @qAN.T
 2460 e08b40f9 1f0000f1 0b4c0054 40320054  ..@......L.T@2.T
 2470 e10319aa e00316aa 9afcff97 f30300aa  ................
 2480 804100b4 024440b9 41008052 42001132  .A...D@.A..RB..2
 2490 024400b9 17fdff97 171c0012 e03d0037  .D...........=.7
 24a0 e2630391 e00313aa 21008052 05fdff97  .c......!..R....
 24b0 141c0012 00390036 353800b5 604640b9  .....9.658..`F@.
 24c0 c0032036 610640f9 e00313aa 21f840f9  .. 6a.@.....!.@.
 24d0 20003fd6 1f0000f1 a03400b4 ab4e0054   .?......4...N.T
 24e0 9cfcff97 620640f9 e10000d0 34c00f91  ....b.@.....4...
 24f0 e10300aa e00313aa 42fc40f9 811600f9  ........B.@.....
 2500 40003fd6 801200f9 4035f8b7 e00000d0  @.?.....@5......
 2510 14c00f91 801240f9 1f0000f1 e00a407a  ......@.......@z
 2520 60290054 e00000d0 14c00f91 801240f9  `).T..........@.
 2530 1f0000f1 2d1d0054 e00000d0 00c00f91  ....-..T........
 2540 f70000b0 f7da47f9 140000b0 161840b9  ......G.......@.
 2550 94221591 d60a0034 e00000d0 00c00f91  .".....4........
 2560 011840b9 3f000071 0d0b0054 020840f9  ..@.?..q...T..@.
 2570 21040051 011800b9 41200091 010800f9  !..Q....A ......
 2580 590040f9 e30319aa 61004039 62004039  Y.@.....a.@9b.@9
 2590 e07a6178 60393037 80391036 e00319aa  .zax`907.9.6....
 25a0 02028052 010080d2 2afcff97 610640f9  ...R....*...a.@.
 25b0 e20000d0 43c00f91 220840b9 601800f9  ....C...".@.`...
 25c0 5f140071 01020054 21bc41f9 220080d2  _..q...T!.A."...
 25d0 25a441f9 24f843b9 a1284039 9f0078f2  %.A.$.C..(@9..x.
 25e0 21040051 4220c19a 41f87fd3 210400d1  !..QB ..A...!...
 25f0 2000008a 410000ca 210002cb 2010809a   ...A...!... ...
 2600 601800f9 e00000d0 1ac00f91 40234039  `...........@#@9
 2610 c01d0037 f90000b0 39df47f9 e00000d0  ...7....9.G.....
 2620 1ac00f91 5fe30039 354800b5 e1fffff0  ...._..95H......
 2630 e00313aa 21902e91 020080d2 bdfcff97  ....!...........
 2640 e00000d0 1bc00f91 1a0000b0 60e34039  ............`.@9
 2650 20470036 5ca31491 602f4039 c0090037   G.6\...`/@9...7
 2660 602b4039 622b40f9 20080037 823f00b4  `+@9b+@. ..7.?..
 2670 e10302aa e0031caa aafcff97 614340b9  ............aC@.
 2680 01170034 623f40b9 42160035 e00314aa  ...4b?@.B..5....
 2690 a4fcff97 60374039 601b0037 7fe30039  ....`7@9`..7...9
 26a0 200340f9 7bfcff97 abffff17 e20000b0   .@.{...........
 26b0 42e047f9 e00318aa 810c8052 420040f9  B.G........RB.@.
 26c0 acfcff97 403300b5 e00000d0 1cc00f91  ....@3..........
 26d0 801740f9 5ffcff97 9f1700f9 e00313aa  ..@._...........
 26e0 74fcff97 00008052 f35341a9 f55b42a9  t......R.SA..[B.
 26f0 f76343a9 f96b44a9 fb7345a9 fd7bd6a8  .cC..kD..sE..{..
 2700 c0035fd6 010000b0 21402b91 21586078  .._.....!@+.!X`x
 2710 60000010 01a8218b 20001fd6 560340f9  `.....!. ...V.@.
 2720 e8feff17 2a008052 befeff17 07008052  ....*..R.......R
 2730 befeff17 e00000d0 00c00f91 21008052  ............!..R
 2740 01280039 dffeff17 e00000d0 00c00f91  .(.9............
 2750 21008052 012c0039 dafeff17 e05740f9  !..R.,.9.....W@.
 2760 1f683a38 fa0300aa 2dfeff17 823700b4  .h:8....-....7..
 2770 e00302aa e1058052 e23700f9 0dfcff97  .......R.7......
 2780 e23740f9 60f7ffb4 02040091 622b00f9  .7@.`.......b+..
 2790 b8ffff17 612740f9 813900b4 20004039  ....a'@..9.. .@9
 27a0 c0390034 60274039 ff3700f9 e0390037  .9.4`'@9.7...9.7
 27b0 000000b0 00e01391 5afcff97 e00000d0  ........Z.......
 27c0 00c00f91 00304039 403a0037 40018052  .....0@9@:.7@..R
 27d0 60fcff97 e03740f9 1efcff97 a1ffff17  `....7@.........
 27e0 e16340f9 200040f9 400400b4 232000d1  .c@. .@.@...# ..
 27f0 200080d2 1f2003d5 1f2003d5 1f2003d5   .... ... ... ..
 2800 e20300aa 00040091 617860f8 a1ffffb5  ........ax`.....
 2810 42040011 1a0080d2 40f07dd3 cdfbff97  B.......@.}.....
 2820 f90300aa 800240f9 c00000b4 d1fbff97  ......@.........
 2830 206b3af8 5a230091 806a7af8 80ffffb5   k:.Z#...jz.....
 2840 3f6b3af8 2003158b e03700f9 f40319aa  ?k:. ....7......
 2850 800340f9 c0c3ffb5 1a0080d2 ff4700f9  ..@..........G..
 2860 21feff17 1a0080d2 ff4700f9 1efeff17  !........G......
 2870 02008052 e7ffff17 e00000b0 00cc47f9  ...R..........G.
 2880 010000b0 820240f9 21c00591 000040f9  ......@.!.....@.
 2890 34fcff97 20008052 02fcff97 e00000b0  4... ..R........
 28a0 00cc47f9 010000b0 820240f9 21800691  ..G.......@.!...
 28b0 000040f9 2bfcff97 20008052 f9fbff97  ..@.+... ..R....
 28c0 010000b0 21800791 a2008052 000080d2  ....!......R....
 28d0 04fcff97 f3fcff97 801640f9 ddfbff97  ..........@.....
 28e0 9f1600f9 15ffff17 e00000d0 00c00f91  ................
 28f0 21008052 01200039 72feff17 020000b0  !..R. .9r.......
 2900 010000b0 42e00991 21600a91 000000b0  ....B...!`......
 2910 00a00a91 03fcff97 010000b0 21e00a91  ............!...
 2920 a2008052 000080d2 eefbff97 fdfbff97  ...R............
 2930 010000b0 21c00b91 a2008052 000080d2  ....!......R....
 2940 e8fbff97 f7fbff97 00008052 45fbff97  ...........RE...
 2950 000000b0 00c01491 f2fbff97 4effff17  ............N...
 2960 000000b0 00401591 a6fbff97 4affff17  .....@......J...
 2970 e10000d0 20e041b9 00780d12 20e001b9  .... .A..x.. ...
 2980 50feff17 e00000b0 00dc47f9 01008052  P.........G....R
 2990 000040f9 0bfcff97 fb0000b0 7bd347f9  ..@.........{.G.
 29a0 e00000d0 01c00f91 22008052 600340f9  ........"..R`.@.
 29b0 22240039 60c8ffb4 1efbff97 c01b0034  "$.9`..........4
 29c0 44fbff97 3ffeff17 f90000b0 39df47f9  D...?.......9.G.
 29d0 000000b0 00001491 d2fbff97 421b40f9  ............B.@.
 29e0 e00313aa 210340f9 c6fbff97 40334039  ....!.@.....@3@9
 29f0 60260036 000000b0 00201491 c9fbff97  `&.6..... ......
 2a00 07ffff17 650640f9 63030191 62230191  ....e.@.c...b#..
 2a10 61430191 e00313aa a52841f9 a0003fd6  aC.......(A...?.
 2a20 60e30039 e0e30736 60334039 60e10736  `..9...6`3@9`..6
 2a30 010000b0 21601591 a2008052 000080d2  ....!`.....R....
 2a40 a8fbff97 b7fbff97 03ffff17 610640f9  ............a.@.
 2a50 e00313aa 21a441f9 20003fd6 f60300aa  ....!.A. .?.....
 2a60 1f0000f1 0dd6ff54 801640f9 79fbff97  .......T..@.y...
 2a70 e00316aa 37fbff97 620640f9 e10300aa  ....7...b.@.....
 2a80 e00313aa 811600f9 42a841f9 40003fd6  ........B.A.@.?.
 2a90 801200f9 a4feff17 a2008052 010000b0  ...........R....
 2aa0 000080d2 21601091 8efbff97 e10316aa  ....!`..........
 2ab0 24fcff97 20008052 0cffff17 a1fbff97  $... ..R........
 2ac0 f30300aa 000040b9 1f080071 e0030054  ......@....q...T
 2ad0 a2008052 010000b0 000080d2 21a00f91  ...R........!...
 2ae0 80fbff97 e10300aa 600240b9 f30301aa  ........`.@.....
 2af0 2cfbff97 e20300aa e10316aa e00313aa  ,...............
 2b00 10fcff97 20008052 f8feff17 160000b0  .... ..R........
 2b10 d6e20491 3ffeff17 010000b0 21a00891  ....?.......!...
 2b20 a2008052 000080d2 6efbff97 f40300aa  ...R....n.......
 2b30 04fbff97 67fbff97 e20300aa e10313aa  ....g...........
 2b40 e00314aa 57fcff97 a2008052 010000b0  ....W......R....
 2b50 000080d2 21400f91 62fbff97 e10316aa  ....!@..b.......
 2b60 f8fbff97 20008052 e0feff17 610640f9  .... ..R....a.@.
 2b70 e00313aa 21a441f9 20003fd6 a019f8b7  ....!.A. .?.....
 2b80 f4faff97 620640f9 e10000d0 36c00f91  ....b.@.....6...
 2b90 e10300aa e00313aa 42a841f9 c11600f9  ........B.A.....
 2ba0 40003fd6 c01200f9 e0cbffb6 f703142a  @.?............*
 2bb0 600240f9 33010094 55feff17 e10315aa  `.@.3...U.......
 2bc0 e00313aa effaff97 e00500b4 f50300aa  ................
 2bd0 3bfeff17 600240f9 2a010094 d9faff97  ;...`.@.*.......
 2be0 1f340071 81040054 e00000b0 00dc47f9  .4.q...T......G.
 2bf0 f40000b0 94ce47f9 000040f9 f76f40f9  ......G...@..o@.
 2c00 24fbff97 950240f9 a2008052 010000b0  $.....@....R....
 2c10 000080d2 21201391 32fbff97 e20000d0  ....! ..2.......
 2c20 e10300aa f60317aa e00315aa 42f841f9  ............B.A.
 2c30 150000b0 b5421091 4afbff97 c20240f9  .....B..J.....@.
 2c40 620e00b4 800240f9 d6220091 e10315aa  b.....@.."......
 2c50 44fbff97 faffff17 a2008052 010000b0  D..........R....
 2c60 000080d2 21801291 1efbff97 e10316aa  ....!...........
 2c70 b4fbff97 e00313aa 0efbff97 20008052  ............ ..R
 2c80 9afeff17 a2008052 010000b0 21801391  .......R....!...
 2c90 14fbff97 e20315aa e10316aa a9fbff97  ................
 2ca0 e00313aa 03fbff97 20008052 8ffeff17  ........ ..R....
 2cb0 e00316aa f3000094 20008052 f9faff97  ........ ..R....
 2cc0 63040091 31feff17 a2c6ff34 e00000b0  c...1......4....
 2cd0 00f047f9 00686138 00040151 001c0012  ..G..ha8...Q....
 2ce0 1f140071 68030054 e00303aa 61058052  ...qh..T....a..R
 2cf0 e33700f9 dbfaff97 20c5ffb4 e33740f9  .7...... ....7@.
 2d00 fa0303aa 40034039 41034039 e07a6078  ....@.@9A.@9.z`x
 2d10 00001a12 21020034 3fac0071 0018407a  ....!..4?..q..@z
 2d20 c1010054 5a070091 f7ffff17 f90318aa  ...TZ...........
 2d30 15feff17 010000b0 a2008052 21600991  ...........R!`..
 2d40 000080d2 e7faff97 610340f9 d5fbff97  ........a.@.....
 2d50 fa0303aa ecffff17 e0031aaa 02004039  ..............@9
 2d60 01004039 e27a6278 62003036 00040091  ..@9.zbxb.06....
 2d70 fbffff17 3fac0071 80020054 190080d2  ....?..q...T....
 2d80 e00000d0 00c00f91 5f030039 1b0080d2  ........_..9....
 2d90 040842a9 7f0304eb 8a0e0054 5a787bf8  ..B........TZx{.
 2da0 e10303aa e43f00f9 400740f9 e38b06a9  .....?..@.@.....
 2db0 a0faff97 e43f40f9 e38b46a9 80110034  .....?@...F....4
 2dc0 7b070091 f4ffff17 00040091 02008052  {..............R
 2dd0 010080d2 e33700f9 12faff97 f90300aa  .....7..........
 2de0 e33740f9 e7ffff17 a2008052 010000b0  .7@........R....
 2df0 000080d2 21801191 bafaff97 e10316aa  ....!...........
 2e00 50fbff97 20008052 38feff17 e00317aa  P... ..R8.......
 2e10 90faff97 810240f9 40018052 29faff97  ......@.@..R)...
 2e20 95ffff17 a2008052 010000b0 000080d2  .......R........
 2e30 21e01091 abfaff97 e10316aa 41fbff97  !...........A...
 2e40 20008052 29feff17 e00000d0 00c00f91   ..R)...........
 2e50 21008052 01340039 1afdff17 020000b0  !..R.4.9........
 2e60 42000591 03feff17 e00000b0 00d047f9  B.............G.
 2e70 190040f9 13fdff17 e10000d0 20e041b9  ..@......... .A.
 2e80 00000e32 20e001b9 0efdff17 e00000d0  ...2 ...........
 2e90 00c00f91 21008052 01300039 09fdff17  ....!..R.0.9....
 2ea0 e00000b0 00d047f9 150040f9 05fdff17  ......G...@.....
 2eb0 600240f9 73000094 a0fdff17 40018052  `.@.s.......@..R
 2ec0 a4faff97 d6fdff17 010000b0 21000591  ............!...
 2ed0 ff3700f9 37feff17 010000b0 21000591  .7..7.......!...
 2ee0 ff3700f9 33feff17 e20000d0 e00313aa  .7..3...........
 2ef0 e13b00f9 42e041b9 62faff97 1f0000f1  .;..B.A.b.......
 2f00 e13b40f9 e03700f9 2100809a 29feff17  .;@..7..!...)...
 2f10 010000b0 21801491 a2008052 000080d2  ....!......R....
 2f20 70faff97 7ffaff97 2bfeff17 a02640b9  p.......+....&@.
 2f30 a0060037 e00000d0 00c00f91 012c4039  ...7.........,@9
 2f40 c1000036 00304039 e0070036 000000b0  ...6.0@9...6....
 2f50 00401491 73faff97 000000b0 00601491  .@..s........`..
 2f60 28faff97 cffdff17 fa0000d0 e00000d0  (...............
 2f70 5c830791 1ac00f91 1b0080d2 401340f9  \...........@.@.
 2f80 7f0300eb 8a060054 411740f9 60f37dd3  .......TA.@.`.}.
 2f90 e33f00f9 e30300aa 820340b9 e00313aa  .?........@.....
 2fa0 e33700f9 216863f8 210440f9 35faff97  .7..!hc.!.@.5...
 2fb0 e03b00f9 e33f40f9 600100b4 e10303aa  .;...?@.`.......
 2fc0 1cfaff97 e23b40f9 e103002a e17300b9  .....;@....*.s..
 2fd0 e00302aa 1ffaff97 e17340b9 e33f40f9  .........s@..?@.
 2fe0 e1030034 7b070091 e5ffff17 411340f9  ...4{.......A.@.
 2ff0 400b40f9 211840f9 2003008b 0000018b  @.@.!.@. .......
 3000 6bfdff17 431b40f9 a02240f9 1f0003eb  k...C.@.."@.....
 3010 29f9ff54 600640f9 47f30091 411740f9  )..T`.@.G...A.@.
 3020 46030191 081c41f9 45230191 44430191  F.....A.E#..DC..
 3030 e20315aa e00313aa 00013fd6 40e30039  ..........?.@..9
 3040 80fdff17 00000090 00000591 edf9ff97  ................
 3050 c2ffff17 000080d2 55fdff17 401740f9  ........U...@.@.
 3060 e13740f9 006861f8 011040f9 000840f9  .7@..ha...@...@.
 3070 211840f9 2003008b 0000018b 4cfdff17  !.@. .......L...
 3080 fd7bbea9 fd030091 f35301a9 f30300aa  .{.......S......
 3090 acf9ff97 80020034 0efaff97 f40300aa  .......4........
 30a0 e0000090 00dc47f9 000040f9 f9f9ff97  ......G...@.....
 30b0 e0000090 00cc47f9 e10000b0 22f841f9  ......G.....".A.
 30c0 000040f9 f30100b4 e40314aa e30313aa  ..@.............
 30d0 f35341a9 01000090 fd7bc2a8 21001691  .SA......{..!...
 30e0 20faff17 01000090 a2008052 21a01591   ..........R!...
 30f0 000080d2 fbf9ff97 f40300aa e9ffff17  ................
 3100 e30314aa 01000090 f35341a9 21401691  .........SA.!@..
 3110 fd7bc2a8 13faff17                    .{......        
Contents of section .fini:
 3118 3f2303d5 fd7bbfa9 fd030091 fd7bc1a8  ?#...{.......{..
 3128 bf2303d5 c0035fd6                    .#...._.        
Contents of section .rodata:
 3130 01000200 00000000 612e6f75 74000000  ........a.out...
 3140 3f3f0000 00000000 2f757372 2f736861  ??....../usr/sha
 3150 72652f6c 6f63616c 65000000 00000000  re/locale.......
 3160 62696e75 74696c73 00000000 00000000  binutils........
 3170 25733a20 6572726f 723a2074 6f6f206d  %s: error: too m
 3180 616e7920 402d6669 6c657320 656e636f  any @-files enco
 3190 756e7465 7265640a 00000000 00000000  untered.........
 31a0 25733a20 6572726f 723a2040 2d66696c  %s: error: @-fil
 31b0 65207265 66657273 20746f20 61206469  e refers to a di
 31c0 72656374 6f72790a 00000000 00000000  rectory.........
 31d0 72000000 00000000 2460225c 0a000000  r.......$`"\....
 31e0 66617461 6c206572 726f723a 206c6962  fatal error: lib
 31f0 62666420 41424920 6d69736d 61746368  bfd ABI mismatch
 3200 00000000 00000000 61617263 6836342d  ........aarch64-
 3210 756e6b6e 6f776e2d 6c696e75 782d676e  unknown-linux-gn
 3220 75000000 00000000 63616e27 74207365  u.......can't se
 3230 74204246 44206465 6661756c 74207461  t BFD default ta
 3240 72676574 20746f20 60257327 3a202573  rget to `%s': %s
 3250 00000000 00000000 756e6b6e 6f776e20  ........unknown 
 3260 64656d61 6e676c69 6e672073 74796c65  demangling style
 3270 20602573 27000000 28474e55 2042696e   `%s'...(GNU Bin
 3280 7574696c 7320666f 72204465 6269616e  utils for Debian
 3290 2920322e 34340000 61646472 326c696e  ) 2.44..addr2lin
 32a0 65000000 00000000 474e5520 25732025  e.......GNU %s %
 32b0 730a0000 00000000 436f7079 72696768  s.......Copyrigh
 32c0 74202843 29203230 32352046 72656520  t (C) 2025 Free 
 32d0 536f6674 77617265 20466f75 6e646174  Software Foundat
 32e0 696f6e2c 20496e63 2e0a0000 00000000  ion, Inc........
 32f0 54686973 2070726f 6772616d 20697320  This program is 
 3300 66726565 20736f66 74776172 653b2079  free software; y
 3310 6f75206d 61792072 65646973 74726962  ou may redistrib
 3320 75746520 69742075 6e646572 20746865  ute it under the
 3330 20746572 6d73206f 660a7468 6520474e   terms of.the GN
 3340 55204765 6e657261 6c205075 626c6963  U General Public
 3350 204c6963 656e7365 20766572 73696f6e   License version
 3360 2033206f 72202861 7420796f 7572206f   3 or (at your o
 3370 7074696f 6e292061 6e79206c 61746572  ption) any later
 3380 20766572 73696f6e 2e0a5468 69732070   version..This p
 3390 726f6772 616d2068 61732061 62736f6c  rogram has absol
 33a0 7574656c 79206e6f 20776172 72616e74  utely no warrant
 33b0 792e0a00 00000000 61623a43 653a7252  y.......ab:Ce:rR
 33c0 73664868 696a3a70 56760000 00000000  sfHhij:pVv......
 33d0 27257327 3a204e6f 20737563 68206669  '%s': No such fi
 33e0 6c650000 00000000 5761726e 696e673a  le......Warning:
 33f0 20636f75 6c64206e 6f74206c 6f636174   could not locat
 3400 65202725 73272e20 20726561 736f6e3a  e '%s'.  reason:
 3410 20257300 00000000 5761726e 696e673a   %s.....Warning:
 3420 20272573 27206973 20612064 69726563   '%s' is a direc
 3430 746f7279 00000000 5761726e 696e673a  tory....Warning:
 3440 20272573 27206973 206e6f74 20616e20   '%s' is not an 
 3450 6f726469 6e617279 2066696c 65000000  ordinary file...
 3460 5761726e 696e673a 20272573 27206861  Warning: '%s' ha
 3470 73206e65 67617469 76652073 697a652c  s negative size,
 3480 2070726f 6261626c 79206974 20697320   probably it is 
 3490 746f6f20 6c617267 65000000 00000000  too large.......
 34a0 25733a20 63616e6e 6f742067 65742061  %s: cannot get a
 34b0 64647265 73736573 2066726f 6d206172  ddresses from ar
 34c0 63686976 65000000 25733a20 4d617463  chive...%s: Matc
 34d0 68696e67 20666f72 6d617473 3a000000  hing formats:...
 34e0 25733a20 63616e6e 6f742066 696e6420  %s: cannot find 
 34f0 73656374 696f6e20 25730000 00000000  section %s......
 3500 30780000 00000000 3a200000 00000000  0x......: ......
 3510 3f3f2000 00000000 3f3f3a30 00000000  ?? .....??:0....
 3520 20617420 00000000 25733a00 00000000   at ....%s:.....
 3530 25752028 64697363 72696d69 6e61746f  %u (discriminato
 3540 72202575 290a0000 25750a00 00000000  r %u)...%u......
 3550 3f000000 00000000 2028696e 6c696e65  ?....... (inline
 3560 64206279 29200000 63617573 65206f66  d by) ..cause of
 3570 20657272 6f722075 6e6b6e6f 776e0000   error unknown..
 3580 25733a20 25733a20 25730a00 00000000  %s: %s: %s......
 3590 25733a20 25730a00 25733a20 00000000  %s: %s..%s: ....
 35a0 55736167 653a2025 73205b6f 7074696f  Usage: %s [optio
 35b0 6e287329 5d205b61 64647228 73295d0a  n(s)] [addr(s)].
 35c0 00000000 00000000 20436f6e 76657274  ........ Convert
 35d0 20616464 72657373 65732069 6e746f20   addresses into 
 35e0 6c696e65 206e756d 6265722f 66696c65  line number/file
 35f0 206e616d 65207061 6972732e 0a000000   name pairs.....
 3600 20496620 6e6f2061 64647265 73736573   If no addresses
 3610 20617265 20737065 63696669 6564206f   are specified o
 3620 6e207468 6520636f 6d6d616e 64206c69  n the command li
 3630 6e652c20 74686579 2077696c 6c206265  ne, they will be
 3640 20726561 64206672 6f6d2073 7464696e   read from stdin
 3650 0a000000 00000000 20546865 206f7074  ........ The opt
 3660 696f6e73 20617265 3a0a2020 403c6669  ions are:.  @<fi
 3670 6c653e20 20202020 20202020 20202020  le>             
 3680 20202052 65616420 6f707469 6f6e7320     Read options 
 3690 66726f6d 203c6669 6c653e0a 20202d61  from <file>.  -a
 36a0 202d2d61 64647265 73736573 20202020   --addresses    
 36b0 20202020 2053686f 77206164 64726573       Show addres
 36c0 7365730a 20202d62 202d2d74 61726765  ses.  -b --targe
 36d0 743d3c62 66646e61 6d653e20 20536574  t=<bfdname>  Set
 36e0 20746865 2062696e 61727920 66696c65   the binary file
 36f0 20666f72 6d61740a 20202d65 202d2d65   format.  -e --e
 3700 78653d3c 65786563 75746162 6c653e20  xe=<executable> 
 3710 20536574 20746865 20696e70 75742066   Set the input f
 3720 696c6520 6e616d65 20286465 6661756c  ile name (defaul
 3730 74206973 20612e6f 7574290a 20202d69  t is a.out).  -i
 3740 202d2d69 6e6c696e 65732020 20202020   --inlines      
 3750 20202020 20556e77 696e6420 696e6c69       Unwind inli
 3760 6e656420 66756e63 74696f6e 730a2020  ned functions.  
 3770 2d6a202d 2d736563 74696f6e 3d3c6e61  -j --section=<na
 3780 6d653e20 20202052 65616420 73656374  me>    Read sect
 3790 696f6e2d 72656c61 74697665 206f6666  ion-relative off
 37a0 73657473 20696e73 74656164 206f6620  sets instead of 
 37b0 61646472 65737365 730a2020 2d70202d  addresses.  -p -
 37c0 2d707265 7474792d 7072696e 74202020  -pretty-print   
 37d0 2020204d 616b6520 74686520 6f757470     Make the outp
 37e0 75742065 61736965 7220746f 20726561  ut easier to rea
 37f0 6420666f 72206875 6d616e73 0a20202d  d for humans.  -
 3800 73202d2d 62617365 6e616d65 73202020  s --basenames   
 3810 20202020 20205374 72697020 64697265        Strip dire
 3820 63746f72 79206e61 6d65730a 20202d66  ctory names.  -f
 3830 202d2d66 756e6374 696f6e73 20202020   --functions    
 3840 20202020 2053686f 77206675 6e637469       Show functi
 3850 6f6e206e 616d6573 0a20202d 43202d2d  on names.  -C --
 3860 64656d61 6e676c65 5b3d7374 796c655d  demangle[=style]
 3870 20204465 6d616e67 6c652066 756e6374    Demangle funct
 3880 696f6e20 6e616d65 730a2020 2d52202d  ion names.  -R -
 3890 2d726563 75727365 2d6c696d 69742020  -recurse-limit  
 38a0 20202045 6e61626c 65206120 6c696d69     Enable a limi
 38b0 74206f6e 20726563 75727369 6f6e2077  t on recursion w
 38c0 68696c73 74206465 6d616e67 6c696e67  hilst demangling
 38d0 2e20205b 44656661 756c745d 0a20202d  .  [Default].  -
 38e0 72202d2d 6e6f2d72 65637572 73652d6c  r --no-recurse-l
 38f0 696d6974 20204469 7361626c 65206120  imit  Disable a 
 3900 6c696d69 74206f6e 20726563 75727369  limit on recursi
 3910 6f6e2077 68696c73 74206465 6d616e67  on whilst demang
 3920 6c696e67 0a20202d 68202d2d 68656c70  ling.  -h --help
 3930 20202020 20202020 20202020 20204469                Di
 3940 73706c61 79207468 69732069 6e666f72  splay this infor
 3950 6d617469 6f6e0a20 202d7620 2d2d7665  mation.  -v --ve
 3960 7273696f 6e202020 20202020 20202020  rsion           
 3970 44697370 6c617920 74686520 70726f67  Display the prog
 3980 72616d27 73207665 7273696f 6e0a0a00  ram's version...
 3990 53757070 6f727465 64207461 72676574  Supported target
 39a0 733a0000 00000000 25733a20 73757070  s:......%s: supp
 39b0 6f727465 64207461 72676574 733a0000  orted targets:..
 39c0 5265706f 72742062 75677320 746f2025  Report bugs to %
 39d0 730a0000 00000000 3c687474 70733a2f  s.......<https:/
 39e0 2f736f75 72636577 6172652e 6f72672f  /sourceware.org/
 39f0 6275677a 696c6c61 2f3e0000 00000000  bugzilla/>......
 3a00 61646472 65737365 73000000 00000000  addresses.......
 3a10 62617365 6e616d65 73000000 00000000  basenames.......
 3a20 64656d61 6e676c65 00000000 00000000  demangle........
 3a30 65786500 00000000 66756e63 74696f6e  exe.....function
 3a40 73000000 00000000 696e6c69 6e657300  s.......inlines.
 3a50 70726574 74792d70 72696e74 00000000  pretty-print....
 3a60 72656375 7273652d 6c696d69 74000000  recurse-limit...
 3a70 72656375 7273696f 6e2d6c69 6d697400  recursion-limit.
 3a80 6e6f2d72 65637572 73652d6c 696d6974  no-recurse-limit
 3a90 00000000 00000000 6e6f2d72 65637572  ........no-recur
 3aa0 73696f6e 2d6c696d 69740000 00000000  sion-limit......
 3ab0 73656374 696f6e00 74617267 65740000  section.target..
 3ac0 68656c70 00000000 76657273 696f6e00  help....version.
 3ad0 e9fef3fe f3fef3fe f3fef3fe f3fef3fe  ................
 3ae0 f3fef3fe f3fef3fe f3fef3fe f3fef3fe  ................
 3af0 f3fef3fe f3fef3fe f3fef3fe f3fef3fe  ................
 3b00 f3fef3fe f3fef3fe f3fef3fe f3fef3fe  ................
 3b10 f3fef3fe f3fef3fe f3fef3fe f3fef3fe  ................
 3b20 f3fef3fe f3fef3fe f3fef3fe f3fef3fe  ................
 3b30 f3fef3fe f3fef3fe f3fef3fe f3fef3fe  ................
 3b40 f3fef3fe f3fef3fe f3fef3fe f3fef3fe  ................
 3b50 f3fef3fe f3fe9f00 f3fef3fe f3fef3fe  ................
 3b60 9a00f3fe f3fef3fe f3fef3fe f3fef3fe  ................
 3b70 f3fef3fe 9500f3fe f3fef3fe 7800f3fe  ............x...
 3b80 f3fef3fe f3fef3fe f3fef3fe f3fef3fe  ................
 3b90 f3fe7300 d301f3fe f3fe0000 0b00f3fe  ..s.............
 3ba0 9a00cb01 e101f3fe f3fef3fe f3fef3fe  ................
 3bb0 dc01f3fe d7010600 f3fef3fe 7800      ............x.  
Contents of section .eh_frame_hdr:
 3bc0 011b033b 6c000000 0c000000 00deffff  ...;l...........
 3bd0 fc010000 80dfffff 74010000 e4dfffff  ........t.......
 3be0 94010000 64e0ffff b8010000 e0e0ffff  ....d...........
 3bf0 e0010000 80e1ffff 84000000 e0e1ffff  ................
 3c00 98000000 10e2ffff ac000000 4ce2ffff  ............L...
 3c10 c0000000 a0e2ffff e8000000 c0e2ffff  ................
 3c20 00010000 c0f4ffff 44010000           ........D...    
Contents of section .eh_frame:
 3c30 10000000 00000000 017a5200 04781e01  .........zR..x..
 3c40 1b0c1f00 10000000 18000000 f4e0ffff  ................
 3c50 34000000 0041071e 10000000 2c000000  4....A......,...
 3c60 40e1ffff 30000000 00000000 10000000  @...0...........
 3c70 40000000 5ce1ffff 3c000000 00000000  @...\...<.......
 3c80 24000000 54000000 84e1ffff 50000000  $...T.......P...
 3c90 00412d41 0e209d04 9e034293 024ededd  .A-A. ....B..N..
 3ca0 d30e0041 2d000000 14000000 7c000000  ...A-.......|...
 3cb0 b0e1ffff 08000000 00000000 00000000  ................
 3cc0 40000000 94000000 b8e1ffff 00120000  @...............
 3cd0 00410ee0 029d2c9e 2b42932a 94294595  .A....,.+B.*.)E.
 3ce0 28962797 26982544 99249a23 9b229c21  (.'.&.%D.$.#.".!
 3cf0 0314020a dedddbdc d9dad7d8 d5d6d3d4  ................
 3d00 0e00410b 2c000000 d8000000 74f3ffff  ..A.,.......t...
 3d10 98000000 00410e20 9d049e03 42930294  .....A. ....B...
 3d20 01540ade ddd3d40e 00420b4c deddd3d4  .T.......B.L....
 3d30 0e000000 1c000000 08010000 04deffff  ................
 3d40 64000000 00410e90 029d229e 2157dedd  d....A....".!W..
 3d50 0e000000 20000000 28010000 48deffff  .... ...(...H...
 3d60 80000000 00410e20 9d049e03 42930246  .....A. ....B..F
 3d70 0adeddd3 0e00410b 24000000 4c010000  ......A.$...L...
 3d80 a4deffff 7c000000 00410e50 9d0a9e09  ....|....A.P....
 3d90 44930894 07429506 57deddd5 d3d40e00  D....B..W.......
 3da0 18000000 74010000 f8deffff 64000000  ....t.......d...
 3db0 00410e90 029d229e 21000000 24000000  .A....".!...$...
 3dc0 90010000 fcdbffff 68010000 00410e40  ........h....A.@
 3dd0 9d089e07 43950496 03429306 94054697  ....C....B....F.
 3de0 02000000 00000000                    ........        
Contents of section .note.ABI-tag:
 3de8 04000000 10000000 01000000 474e5500  ............GNU.
 3df8 00000000 03000000 07000000 00000000  ................
Contents of section .note.package:
 3e08 04000000 5c000000 7e1afeca 46444f00  ....\...~...FDO.
 3e18 7b227479 7065223a 22646562 222c226f  {"type":"deb","o
 3e28 73223a22 64656269 616e222c 226e616d  s":"debian","nam
 3e38 65223a22 62696e75 74696c73 222c2276  e":"binutils","v
 3e48 65727369 6f6e223a 22322e34 342d3322  ersion":"2.44-3"
 3e58 2c226172 63686974 65637475 7265223a  ,"architecture":
 3e68 2261726d 3634227d 00000000           "arm64"}....    
Contents of section .init_array:
 1fd80 601e0000 00000000                    `.......        
Contents of section .fini_array:
 1fd88 0c1e0000 00000000                    ........        
Contents of section .dynamic:
 1fd90 01000000 00000000 f0020000 00000000  ................
 1fda0 01000000 00000000 06030000 00000000  ................
 1fdb0 0c000000 00000000 b8150000 00000000  ................
 1fdc0 0d000000 00000000 18310000 00000000  .........1......
 1fdd0 19000000 00000000 80fd0100 00000000  ................
 1fde0 1b000000 00000000 08000000 00000000  ................
 1fdf0 1a000000 00000000 88fd0100 00000000  ................
 1fe00 1c000000 00000000 08000000 00000000  ................
 1fe10 f5feff6f 00000000 b0020000 00000000  ...o............
 1fe20 05000000 00000000 60090000 00000000  ........`.......
 1fe30 06000000 00000000 d0020000 00000000  ................
 1fe40 0a000000 00000000 3c030000 00000000  ........<.......
 1fe50 0b000000 00000000 18000000 00000000  ................
 1fe60 15000000 00000000 00000000 00000000  ................
 1fe70 03000000 00000000 e8ff0100 00000000  ................
 1fe80 02000000 00000000 70050000 00000000  ........p.......
 1fe90 14000000 00000000 07000000 00000000  ................
 1fea0 17000000 00000000 48100000 00000000  ........H.......
 1feb0 07000000 00000000 780d0000 00000000  ........x.......
 1fec0 08000000 00000000 d0020000 00000000  ................
 1fed0 09000000 00000000 18000000 00000000  ................
 1fee0 fbffff6f 00000000 00000008 00000000  ...o............
 1fef0 feffff6f 00000000 280d0000 00000000  ...o....(.......
 1ff00 ffffff6f 00000000 01000000 00000000  ...o............
 1ff10 f0ffff6f 00000000 9c0c0000 00000000  ...o............
 1ff20 f9ffff6f 00000000 13000000 00000000  ...o............
 1ff30 00000000 00000000 00000000 00000000  ................
 1ff40 00000000 00000000 00000000 00000000  ................
 1ff50 00000000 00000000 00000000 00000000  ................
 1ff60 00000000 00000000 00000000 00000000  ................
 1ff70 00000000 00000000 00000000 00000000  ................
Contents of section .got:
 1ff80 90fd0100 00000000 00000000 00000000  ................
 1ff90 00000000 00000000 00000000 00000000  ................
 1ffa0 00000000 00000000 00000000 00000000  ................
 1ffb0 00000000 00000000 00000000 00000000  ................
 1ffc0 00000000 00000000 00000000 00000000  ................
 1ffd0 801e0000 00000000 00000000 00000000  ................
 1ffe0 00000000 00000000                    ........        
Contents of section .got.plt:
 1ffe8 00000000 00000000 00000000 00000000  ................
 1fff8 00000000 00000000 e0150000 00000000  ................
 20008 e0150000 00000000 e0150000 00000000  ................
 20018 e0150000 00000000 e0150000 00000000  ................
 20028 e0150000 00000000 e0150000 00000000  ................
 20038 e0150000 00000000 e0150000 00000000  ................
 20048 e0150000 00000000 e0150000 00000000  ................
 20058 e0150000 00000000 e0150000 00000000  ................
 20068 e0150000 00000000 e0150000 00000000  ................
 20078 e0150000 00000000 e0150000 00000000  ................
 20088 e0150000 00000000 e0150000 00000000  ................
 20098 e0150000 00000000 e0150000 00000000  ................
 200a8 e0150000 00000000 e0150000 00000000  ................
 200b8 e0150000 00000000 e0150000 00000000  ................
 200c8 e0150000 00000000 e0150000 00000000  ................
 200d8 e0150000 00000000 e0150000 00000000  ................
 200e8 e0150000 00000000 e0150000 00000000  ................
 200f8 e0150000 00000000 e0150000 00000000  ................
 20108 e0150000 00000000 e0150000 00000000  ................
 20118 e0150000 00000000 e0150000 00000000  ................
 20128 e0150000 00000000 e0150000 00000000  ................
 20138 e0150000 00000000 e0150000 00000000  ................
 20148 e0150000 00000000 e0150000 00000000  ................
 20158 e0150000 00000000 e0150000 00000000  ................
 20168 e0150000 00000000 e0150000 00000000  ................
 20178 e0150000 00000000 e0150000 00000000  ................
 20188 e0150000 00000000 e0150000 00000000  ................
 20198 e0150000 00000000 e0150000 00000000  ................
 201a8 e0150000 00000000 e0150000 00000000  ................
 201b8 e0150000 00000000 e0150000 00000000  ................
 201c8 e0150000 00000000                    ........        
Contents of section .data:
 201d0 00000000 00000000 d8010200 00000000  ................
 201e0 03000000 00000000 003a0000 00000000  .........:......
 201f0 00000000 00000000 00000000 00000000  ................
 20200 61000000 00000000 103a0000 00000000  a........:......
 20210 00000000 00000000 00000000 00000000  ................
 20220 73000000 00000000 203a0000 00000000  s....... :......
 20230 02000000 00000000 00000000 00000000  ................
 20240 43000000 00000000 303a0000 00000000  C.......0:......
 20250 01000000 00000000 00000000 00000000  ................
 20260 65000000 00000000 383a0000 00000000  e.......8:......
 20270 00000000 00000000 00000000 00000000  ................
 20280 66000000 00000000 483a0000 00000000  f.......H:......
 20290 00000000 00000000 00000000 00000000  ................
 202a0 69000000 00000000 503a0000 00000000  i.......P:......
 202b0 00000000 00000000 00000000 00000000  ................
 202c0 70000000 00000000 603a0000 00000000  p.......`:......
 202d0 00000000 00000000 00000000 00000000  ................
 202e0 52000000 00000000 703a0000 00000000  R.......p:......
 202f0 00000000 00000000 00000000 00000000  ................
 20300 52000000 00000000 803a0000 00000000  R........:......
 20310 00000000 00000000 00000000 00000000  ................
 20320 72000000 00000000 983a0000 00000000  r........:......
 20330 00000000 00000000 00000000 00000000  ................
 20340 72000000 00000000 b03a0000 00000000  r........:......
 20350 01000000 00000000 00000000 00000000  ................
 20360 6a000000 00000000 b83a0000 00000000  j........:......
 20370 01000000 00000000 00000000 00000000  ................
 20380 62000000 00000000 c03a0000 00000000  b........:......
 20390 00000000 00000000 00000000 00000000  ................
 203a0 48000000 00000000 c83a0000 00000000  H........:......
 203b0 00000000 00000000 00000000 00000000  ................
 203c0 56000000 00000000 00000000 00000000  V...............
 203d0 00000000 00000000 00000000 00000000  ................
 203e0 00000000 00000000                    ........        
Contents of section .gnu_debugaltlink:
 0000 2f757372 2f6c6962 2f646562 75672f2e  /usr/lib/debug/.
 0010 64777a2f 61617263 6836342d 6c696e75  dwz/aarch64-linu
 0020 782d676e 752f6269 6e757469 6c732d61  x-gnu/binutils-a
 0030 61726368 36342d6c 696e7578 2d676e75  arch64-linux-gnu
 0040 2e646562 756700ea f51da321 0cbf520c  .debug.....!..R.
 0050 7ee0b8c6 4399f9b6 dfd894             ~...C......     
