SHELL=/bin/bash
GTK_IM_MODULE=cros
GIT_TRACE=1
SSH_AUTH_SOCK=/run/user/1000/openssh_agent
XDG_CONFIG_HOME=/home/god/.config
MEMORY_PRESSURE_WRITE=c29tZSAyMDAwMDAgMjAwMDAwMAA=
XCURSOR_SIZE=24
DISPLAY_LOW_DENSITY=:1
PWD=/home/god/ChromeOSBookLDESystemFiles/scripts
LOGNAME=god
QT_QPA_PLATFORMTHEME=gtk2
XDG_SESSION_TYPE=wayland
GPG_AGENT_INFO=/run/user/1000/gnupg/S.gpg-agent:0:1
WAYLAND_DISPLAY_LOW_DENSITY=wayland-1
SYSTEMD_EXEC_PID=531
XCURSOR_SIZE_LOW_DENSITY=12
GIT_CURL_VERBOSE=1
SOMMELIER_VERSION=0.20
HOME=/home/god
LANG=C.UTF-8
XDG_CURRENT_DESKTOP=X-Generic
MEMORY_PRESSURE_WATCH=/sys/fs/cgroup/user.slice/user-1000.slice/user@1000.service/app.slice/cros-garcon.service/memory.pressure
WAYLAND_DISPLAY=wayland-0
INVOCATION_ID=04f4229be09345379c26f02df4df75a3
MANAGERPID=346
TERM=xterm-256color
USER=god
NCURSES_NO_UTF8_ACS=1
DISPLAY=:0
SHLVL=1
XDG_RUNTIME_DIR=/run/user/1000
QT_AUTO_SCREEN_SCALE_FACTOR=1
JOURNAL_STREAM=8:3771
XCURSOR_THEME=Adwaita
XDG_DATA_DIRS=/home/god/.local/share:/home/god/.local/share/flatpak/exports/share:/var/lib/flatpak/exports/share:/usr/local/share:/usr/share
BROWSER=/usr/bin/garcon-url-handler
PATH=/usr/local/bin:/usr/bin:/bin:/usr/local/games:/usr/games
GIT_TRACE_PACKET=1
DBUS_SESSION_BUS_ADDRESS=unix:path=/run/user/1000/bus
LD_ARGV0_REL=../bin/vshd
SOMMELIER_VM_IDENTIFIER=9541daa1-f6c0-4f86-a095-1f33afc75e14
OLDPWD=/home/god
_=/usr/bin/env
