2442       ---------------------- ./.
19         ---------------------- ./..
4008       ---------------------- ./larger-clues
4250       ---------------------- ./logs
22466      ---------------------- ./lde-rootfs
22523      ---------------------- ./notes
22524      ---------------------- ./screenshots
22541      ---------------------- ./find-files-cmds
22620      ---------------------- ./binary-exe-analysis
22522      ---------------------- ./scripts
2442       ./.                          ---
19         ./..                         ---
4008       ./larger-clues               ---
4250       ./logs                       ---
22466      ./lde-rootfs                 ---
22523      ./notes                      ---
22524      ./screenshots                ---
22541      ./find-files-cmds            ---
22620      ./binary-exe-analysis        ---
22522      ./scripts                    ---
lsattr 1.47.2 (1-Jan-2025)
2442       ./.                          ---
19         ./..                         ---
4008       ./larger-clues               ---
4250       ./logs                       ---
22466      ./lde-rootfs                 ---
22523      ./notes                      ---
22524      ./screenshots                ---
22541      ./find-files-cmds            ---
22620      ./binary-exe-analysis        ---
22522      ./scripts                    ---
lsattr 1.47.2 (1-Jan-2025)
2442       ---------------------- .
lsattr 1.47.2 (1-Jan-2025)
    0 2442       ---------------------- ./.
    0 19         ---------------------- ./..
    0 4008       ---------------------- ./larger-clues
    0 4250       ---------------------- ./logs
    0 22466      ---------------------- ./lde-rootfs
    0 22523      ---------------------- ./notes
    0 22524      ---------------------- ./screenshots
    0 22541      ---------------------- ./find-files-cmds
    0 22620      ---------------------- ./binary-exe-analysis
    0 22522      ---------------------- ./scripts
