-[0000:00]-+-00.0  Intel Corporation 440FX - 82441FX PMC [Natoma]
           +-01.0  Red Hat, Inc. Device 107f
           +-02.0  Red Hat, Inc. Virtio 1.0 console
           +-03.0  Red Hat, Inc. Virtio 1.0 block device
           +-04.0  Red Hat, Inc. Virtio 1.0 block device
           +-05.0  Red Hat, Inc. Virtio 1.0 RNG
           +-06.0  Red Hat, Inc. Virtio 1.0 balloon
           +-07.0  Red Hat, Inc. Virtio 1.0 network device
           +-08.0  Red Hat, Inc. Virtio 1.0 sound
           +-09.0  Red Hat, Inc. Virtio 1.0 socket
           +-0a.0  Red Hat, Inc. Virtio 1.0 file system
           +-0b.0  Fresco Logic USB 3.0 Host Controller
           \-0c.0  Red Hat, Inc. QEMU PVPanic device
-[0000:00]-+-00.0  Intel Corporation 440FX - 82441FX PMC [Natoma]
           +-01.0  Red Hat, Inc. Device 107f
           +-02.0  Red Hat, Inc. Virtio 1.0 console
           +-03.0  Red Hat, Inc. Virtio 1.0 block device
           +-04.0  Red Hat, Inc. Virtio 1.0 block device
           +-05.0  Red Hat, Inc. Virtio 1.0 RNG
           +-06.0  Red Hat, Inc. Virtio 1.0 balloon
           +-07.0  Red Hat, Inc. Virtio 1.0 network device
           +-08.0  Red Hat, Inc. Virtio 1.0 sound
           +-09.0  Red Hat, Inc. Virtio 1.0 socket
           +-0a.0  Red Hat, Inc. Virtio 1.0 file system
           +-0b.0  Fresco Logic USB 3.0 Host Controller
           \-0c.0  Red Hat, Inc. QEMU PVPanic device
