traceroute to foxnews.com (146.75.82.132), 30 hops max, 60 byte packets
 1  100.115.92.25 (100.115.92.25)  8.788 ms  8.737 ms  8.722 ms
 2  OpenWrt.attwifi.manager (192.168.1.1)  8.711 ms  8.698 ms  8.686 ms
 3  107.243.2.139 (107.243.2.139)  13.009 ms * *
 4  * * *
 5  * * *
 6  * * *
 7  * * *
 8  * * *
 9  * * *
10  * * *
11  * * *
12  * * *
13  * * *
14  * * *
15  * * *
16  * * *
17  * * *
18  * * *
19  * * *
20  * * *
21  * * *
22  * * *
23  * * *
24  * * *
25  * * *
26  * * *
27  * * *
28  * * *
29  * * *
30  * * *
