-rw-r--r-- 1 god god 6.2M Sep 16 19:35 logs.7z
4.0K	logs/7z-create-logs-archive.1.out
4.0K	logs/7z-help.1.out
4.0K	logs/GET-help.1.out
4.0K	logs/HEAD-help.1.out
4.0K	logs/POST-help.1.out
4.0K	logs/ab-help.out
4.0K	logs/aconnect-al.1.out
4.0K	logs/aconnect-ali.1.out
0	logs/aconnect-alo.1.out
4.0K	logs/aconnect-help.1.out
4.0K	logs/addr2hex-help.1.out
4.0K	logs/addr2hex-version.1.out
444K	logs/addr2line-objdump-long.1.out
72K	logs/addr2line-objdump-medium.1.out
64K	logs/addr2line-short.1.out
4.0K	logs/addr2line-strings.1.out
102M	logs/apt
4.0K	logs/ascii-xfer-help.1.out
4.0K	logs/avr-addr2line-help.1.out
4.0K	logs/avr-elfedit-help.1.out
8.0K	logs/avr-readelf-help.1.out
4.0K	logs/ctstat-help.1.out
4.0K	logs/df-git-2x-overpacked-add-commits-info.out
4.0K	logs/dfuse-pack-help.1.out
32K	logs/dmesg.1.out
40K	logs/dmesg.2.out
36K	logs/dmesg.3.out
4.0K	logs/du-git-2x-overpacked-add-commits-info.out
4.0K	logs/env.1.out
76K	logs/find-files-cmds
4.0K	logs/free-opts.1.out
4.0K	logs/git-log-nohddspace-dirty-tricks-continue.out
8.0M	logs/github-arpanet
4.0K	logs/head-help.1.out
4.0K	logs/htcacheclean-help.1.out
57M	logs/lde-files-list
848K	logs/ls-git-2x-overpacked-add-commits-info.out
18M	logs/ls-home-god.1.out
4.0K	logs/lsattr.1.out
4.0K	logs/lsblk-help.1.our
4.0K	logs/lscpu-help.1.out
4.0K	logs/lscpu.2.out
8.0K	logs/lsipc-help.1.out
4.0K	logs/lslocks-help.1.out
4.0K	logs/lslocks.2.out
4.0K	logs/lslogins-help.1.our
4.0K	logs/lslogins.2.out
4.0K	logs/lsmem-help.1.out
4.0K	logs/lsmod-help.1.out
4.0K	logs/lsns-help.1.out
4.0K	logs/lsns.2.out
4.0K	logs/lspci-help.1.out
4.0K	logs/lspci.2.out
4.0K	logs/lspgpot-help.1.our
4.0K	logs/lsusb-help.1.out
4.0K	logs/lsusb.1.out
4.0K	logs/lsusb.3.out
4.0K	logs/minicom-help-version.1.out
388K	logs/misc
4.0K	logs/networkctl-help.2.out
4.0K	logs/networkctl-info.1.out
4.0K	logs/objdump-fmtinfo.1.out
8.0K	logs/objdump-help.1.out
8.0K	logs/objdump-help.2.out
4.0K	logs/objdump-long-cmd.1.out
4.0K	logs/objdump-med-cmd.1.out
4.0K	logs/objdump-short-cmd.1.out
8.0K	logs/openssl-ecparam-list_curves.1.out
60K	logs/openssl-help-info.1.out
752K	logs/openssl-list.1.out
4.0K	logs/pmap-help.1.out
4.0K	logs/ptar-help.1.out
4.0K	logs/sbin-ip-help.1.out
40K	logs/sbin-sysctl_a.1.out
4.0K	logs/shasum-help.1.out
16K	logs/strings-git-packed-objects-tmp_pack_iT7Ztl.1.out
4.0K	logs/strings-helpztags.1.out
20K	logs/tar-help.1.out
4.0K	logs/tarcat-help.1.out
4.0K	logs/uname.1.out
4.0K	logs/usr-sbin-apache2ctl.1.out
4.0K	logs/usr-sbin-apachectl.1.out
4.0K	logs/wipefs-help.1.out
4.0K	logs/wish-help.1.out
4.0K	logs/wish8.6-help.1.out
4.0K	logs/zip-file-sizes.1.out
4.0K	logs/zipdetails-help.1.out
4.0K	logs/zramctl-help.1.out
187M	total
-rw-r--r-- 1 god god 24M Sep 16 19:37 logs.tar.bz2
