/usr/lib/aarch64-linux-gnu/libsmartcols.so.1
/usr/lib/aarch64-linux-gnu/libsmartcols.so.1.1.0
/usr/lib/systemd/system/smartcard.target
/usr/lib/systemd/user/smartcard.target
/usr/share/bash-completion/completions/smartctl
/usr/share/doc/libsmartcols1
/usr/share/doc/libgphoto2-6/camlibs/README.clicksmart310
/usr/share/doc/libgphoto2-6/camlibs/README.gsmart300
/usr/share/icons/Adwaita/16x16/devices/auth-smartcard-symbolic.symbolic.png
/usr/share/icons/Adwaita/24x24/devices/auth-smartcard-symbolic.symbolic.png
/usr/share/icons/Adwaita/32x32/devices/auth-smartcard-symbolic.symbolic.png
/usr/share/icons/Adwaita/48x48/devices/auth-smartcard-symbolic.symbolic.png
/usr/share/icons/Adwaita/64x64/devices/auth-smartcard-symbolic.symbolic.png
/usr/share/icons/Adwaita/96x96/devices/auth-smartcard-symbolic.symbolic.png
/usr/share/icons/Adwaita/scalable/devices/auth-smartcard-symbolic.svg
/usr/share/lintian/overrides/libsmartcols1
/usr/share/perl/5.36.0/Pod/Simple/TranscodeSmart.pm
/usr/share/vim/vim90/syntax/smarty.vim
/usr/share/shotcut/qml/filters/smartblur
/usr/share/gimp/2.0/icons/Color/24x24/apps/gimp-smartphone.svg
/usr/share/gimp/2.0/icons/Color/scalable/apps/gimp-smartphone.svg
/usr/share/gimp/2.0/icons/Symbolic/24x24/apps/gimp-smartphone.svg
/usr/share/gimp/2.0/icons/Symbolic/scalable/apps/gimp-smartphone.svg
/usr/share/gimp/2.0/icons/Symbolic-High-Contrast/24x24/apps/gimp-smartphone.svg
/usr/share/gimp/2.0/icons/Symbolic-High-Contrast/scalable/apps/gimp-smartphone.svg
/usr/share/gimp/2.0/icons/Symbolic-Inverted/24x24/apps/gimp-smartphone.svg
/usr/share/gimp/2.0/icons/Symbolic-Inverted/scalable/apps/gimp-smartphone.svg
/usr/share/gimp/2.0/icons/Symbolic-Inverted-High-Contrast/24x24/apps/gimp-smartphone.svg
/usr/share/gimp/2.0/icons/Symbolic-Inverted-High-Contrast/scalable/apps/gimp-smartphone.svg
/var/lib/dpkg/info/libsmartcols1:arm64.list
/var/lib/dpkg/info/libsmartcols1:arm64.md5sums
/var/lib/dpkg/info/libsmartcols1:arm64.shlibs
/var/lib/dpkg/info/libsmartcols1:arm64.symbols
/var/lib/dpkg/info/libsmartcols1:arm64.triggers
