/etc/.pwd.lock
/home/god/ChromeOSBookLDESystemFiles/lde-rootfs/etc/.pwd.lock
/home/god/ChromeOSBookLDESystemFiles/lde-rootfs/run/udev/links.lock
/home/god/ChromeOSBookLDESystemFiles/lde-rootfs/run/lock/asound.state.lock
/home/god/ChromeOSBookLDESystemFiles/lde-rootfs/run/lock/card0.lock
/home/god/ChromeOSBookLDESystemFiles/lde-rootfs/run/network/.ifstate.lock
/home/god/ChromeOSBookLDESystemFiles/lde-rootfs/run/user/1000/pipewire-0.lock
/home/god/ChromeOSBookLDESystemFiles/lde-rootfs/run/user/1000/pipewire-0-manager.lock
/home/god/ChromeOSBookLDESystemFiles/lde-rootfs/run/user/1000/wayland-1.lock
/home/god/ChromeOSBookLDESystemFiles/lde-rootfs/run/user/1000/wayland-0.lock
/home/god/ChromeOSBookLDESystemFiles/lde-rootfs/run/user/1000/DISPLAY-:1-wl.lock
/home/god/ChromeOSBookLDESystemFiles/lde-rootfs/run/user/1000/DISPLAY-:0-wl.lock
/home/god/ChromeOSBookLDESystemFiles/lde-rootfs/var/lock/asound.state.lock
/home/god/ChromeOSBookLDESystemFiles/lde-rootfs/var/lock/card0.lock
/home/god/ChromeOSBookLDESystemFiles/lde-rootfs/var/run/udev/links.lock
/home/god/ChromeOSBookLDESystemFiles/lde-rootfs/var/run/lock/asound.state.lock
/home/god/ChromeOSBookLDESystemFiles/lde-rootfs/var/run/lock/card0.lock
/home/god/ChromeOSBookLDESystemFiles/lde-rootfs/var/run/network/.ifstate.lock
/home/god/ChromeOSBookLDESystemFiles/lde-rootfs/var/run/user/1000/pipewire-0.lock
/home/god/ChromeOSBookLDESystemFiles/lde-rootfs/var/run/user/1000/pipewire-0-manager.lock
/home/god/ChromeOSBookLDESystemFiles/lde-rootfs/var/run/user/1000/wayland-1.lock
/home/god/ChromeOSBookLDESystemFiles/lde-rootfs/var/run/user/1000/wayland-0.lock
/home/god/ChromeOSBookLDESystemFiles/lde-rootfs/var/run/user/1000/DISPLAY-:1-wl.lock
/home/god/ChromeOSBookLDESystemFiles/lde-rootfs/var/run/user/1000/DISPLAY-:0-wl.lock
/run/user/1000/DISPLAY-:0-wl.lock
/run/user/1000/DISPLAY-:1-wl.lock
/run/user/1000/wayland-0.lock
/run/user/1000/wayland-1.lock
/run/user/1000/pipewire-0-manager.lock
/run/user/1000/pipewire-0.lock
/run/network/.ifstate.lock
/run/lock/card0.lock
/run/lock/asound.state.lock
/run/udev/links.lock
