/boot
/etc/ssl/certs/Autoridad_de_Certificacion_Firmaprofesional_CIF_A62634068.pem
/etc/ssl/certs/FIRMAPROFESIONAL_CA_ROOT-A_WEB.pem
/etc/ssl/certs/AffirmTrust_Premium.pem
/etc/ssl/certs/AffirmTrust_Commercial.pem
/etc/ssl/certs/AffirmTrust_Premium_ECC.pem
/etc/ssl/certs/AffirmTrust_Networking.pem
/home/god/ChameleonMini/emsec/ChameleonMini/.github/workflows/firmware-desfire-push.yml
/home/god/ChameleonMini/emsec/ChameleonMini/.github/workflows/firmware-iso15693-push.yml
/home/god/ChameleonMini/emsec/ChameleonMini/.github/workflows/firmware-pr.yml
/home/god/ChameleonMini/emsec/ChameleonMini/.github/workflows/firmware-push.yml
/home/god/ChameleonMini/emsec/ChameleonMini/Doc/BuilingFirmwareBinariesFromSource.md
/home/god/ChameleonMini/emsec/ChameleonMini/Doc/Doxygen/html/_d_e_s_fire_firmware_settings_8h_source.html
/home/god/ChameleonMini/emsec/ChameleonMini/Firmware
/home/god/ChameleonMini/emsec/ChameleonMini/Firmware/Atmel DFU Bootloader
/home/god/ChameleonMini/emsec/ChameleonMini/Firmware/Atmel DFU Bootloader/GenerateBootloader.bat
/home/god/ChameleonMini/emsec/ChameleonMini/Firmware/Atmel DFU Bootloader/bootloader-atxmega128a4u-104-PA6-SPM.hex
/home/god/ChameleonMini/emsec/ChameleonMini/Firmware/Chameleon-Mini/Application/DESFire/DESFireFirmwareSettings.h
/home/god/ChameleonMini/emsec/ChameleonMini/Firmware/Chameleon-Mini/ChameleonFirmwareUpgrade.bat
/home/god/ChameleonMini/emsec/ChameleonMini/Firmware/LUFA/Bootloaders
/home/god/ChameleonMini/emsec/ChameleonMini/Firmware/LUFA/Bootloaders/CDC/BootloaderAPI.c
/home/god/ChameleonMini/emsec/ChameleonMini/Firmware/LUFA/Bootloaders/CDC/BootloaderAPI.h
/home/god/ChameleonMini/emsec/ChameleonMini/Firmware/LUFA/Bootloaders/CDC/BootloaderAPITable.S
/home/god/ChameleonMini/emsec/ChameleonMini/Firmware/LUFA/Bootloaders/CDC/BootloaderCDC.c
/home/god/ChameleonMini/emsec/ChameleonMini/Firmware/LUFA/Bootloaders/CDC/BootloaderCDC.h
/home/god/ChameleonMini/emsec/ChameleonMini/Firmware/LUFA/Bootloaders/CDC/BootloaderCDC.txt
/home/god/ChameleonMini/emsec/ChameleonMini/Firmware/LUFA/Bootloaders/CDC/LUFA CDC Bootloader.inf
/home/god/ChameleonMini/emsec/ChameleonMini/Firmware/LUFA/Bootloaders/DFU/BootloaderAPI.c
/home/god/ChameleonMini/emsec/ChameleonMini/Firmware/LUFA/Bootloaders/DFU/BootloaderAPI.h
/home/god/ChameleonMini/emsec/ChameleonMini/Firmware/LUFA/Bootloaders/DFU/BootloaderAPITable.S
/home/god/ChameleonMini/emsec/ChameleonMini/Firmware/LUFA/Bootloaders/DFU/BootloaderDFU.c
/home/god/ChameleonMini/emsec/ChameleonMini/Firmware/LUFA/Bootloaders/DFU/BootloaderDFU.h
/home/god/ChameleonMini/emsec/ChameleonMini/Firmware/LUFA/Bootloaders/DFU/BootloaderDFU.txt
/home/god/ChameleonMini/emsec/ChameleonMini/Firmware/LUFA/Bootloaders/HID/BootloaderHID.c
/home/god/ChameleonMini/emsec/ChameleonMini/Firmware/LUFA/Bootloaders/HID/BootloaderHID.h
/home/god/ChameleonMini/emsec/ChameleonMini/Firmware/LUFA/Bootloaders/HID/BootloaderHID.txt
/home/god/ChameleonMini/emsec/ChameleonMini/Firmware/LUFA/Bootloaders/HID/HostLoaderApp/hid_bootloader_cli.c
/home/god/ChameleonMini/emsec/ChameleonMini/Firmware/LUFA/Bootloaders/HID/HostLoaderApp_Python/hid_bootloader_loader.py
/home/god/ChameleonMini/emsec/ChameleonMini/Firmware/LUFA/Bootloaders/MassStorage/BootloaderAPI.c
/home/god/ChameleonMini/emsec/ChameleonMini/Firmware/LUFA/Bootloaders/MassStorage/BootloaderAPI.h
/home/god/ChameleonMini/emsec/ChameleonMini/Firmware/LUFA/Bootloaders/MassStorage/BootloaderAPITable.S
/home/god/ChameleonMini/emsec/ChameleonMini/Firmware/LUFA/Bootloaders/MassStorage/BootloaderMassStorage.c
/home/god/ChameleonMini/emsec/ChameleonMini/Firmware/LUFA/Bootloaders/MassStorage/BootloaderMassStorage.h
/home/god/ChameleonMini/emsec/ChameleonMini/Firmware/LUFA/Bootloaders/MassStorage/BootloaderMassStorage.txt
/home/god/ChameleonMini/emsec/ChameleonMini/Firmware/LUFA/Bootloaders/Printer/BootloaderAPI.c
/home/god/ChameleonMini/emsec/ChameleonMini/Firmware/LUFA/Bootloaders/Printer/BootloaderAPI.h
/home/god/ChameleonMini/emsec/ChameleonMini/Firmware/LUFA/Bootloaders/Printer/BootloaderAPITable.S
/home/god/ChameleonMini/emsec/ChameleonMini/Firmware/LUFA/Bootloaders/Printer/BootloaderPrinter.c
/home/god/ChameleonMini/emsec/ChameleonMini/Firmware/LUFA/Bootloaders/Printer/BootloaderPrinter.h
/home/god/ChameleonMini/emsec/ChameleonMini/Firmware/LUFA/Bootloaders/Printer/BootloaderPrinter.txt
/home/god/ChameleonMini/emsec/ChameleonMini/Firmware/LUFA/BuildTests/BootloaderTest
/home/god/ChameleonMini/emsec/ChameleonMini/Firmware/LUFA/BuildTests/BootloaderTest/BootloaderDeviceMap.cfg
/home/god/ChameleonMini/emsec/ChameleonMini/Firmware/LUFA/DoxygenPages/SoftwareBootloaderJump.txt
/home/god/ChameleonMini/emsec/ChameleonMini/RevE-light/Firmware
/home/god/ChameleonMini/emsec/ChameleonMini/RevE-light/Firmware/Chameleon-Mini/ProgramViaBootloader.bat
/home/god/ChameleonMini/emsec/ChameleonMini/RevE/Doc/Doxygen/html/_page__firmware_upgrade.html
/home/god/ChameleonMini/emsec/ChameleonMini/RevE/Doc/Doxygen/latex/_page__firmware_upgrade.tex
/home/god/ChameleonMini/emsec/ChameleonMini/RevE/Firmware
/home/god/ChameleonMini/emsec/ChameleonMini/RevE/Firmware/Atmel DFU Bootloader
/home/god/ChameleonMini/emsec/ChameleonMini/RevE/Firmware/Chameleon-Mini/ProgramViaBootloader.bat
/home/god/ChameleonMini/emsec/ChameleonMini/RevE/Firmware/LUFA/DoxygenPages/SoftwareBootloaderJump.txt
/home/god/ChameleonMini/RFIDResearchGroup/ChameleonMini/.github/workflows/firmware-pr.yml
/home/god/ChameleonMini/RFIDResearchGroup/ChameleonMini/.github/workflows/firmware-push.yml
/home/god/ChameleonMini/RFIDResearchGroup/ChameleonMini/Firmware
/home/god/ChameleonMini/RFIDResearchGroup/ChameleonMini/Firmware/Atmel DFU Bootloader
/home/god/ChameleonMini/RFIDResearchGroup/ChameleonMini/Firmware/Atmel DFU Bootloader/GenerateBootloader.bat
/home/god/ChameleonMini/RFIDResearchGroup/ChameleonMini/Firmware/Atmel DFU Bootloader/bootloader-atxmega128a4u-104-PA6-SPM.hex
/home/god/ChameleonMini/RFIDResearchGroup/ChameleonMini/Firmware/Chameleon-Mini/ChameleonFirmwareUpgrade.bat
/home/god/ChameleonMini/RFIDResearchGroup/ChameleonMini/Firmware/LUFA/Bootloaders
/home/god/ChameleonMini/RFIDResearchGroup/ChameleonMini/Firmware/LUFA/Bootloaders/CDC/BootloaderAPI.c
/home/god/ChameleonMini/RFIDResearchGroup/ChameleonMini/Firmware/LUFA/Bootloaders/CDC/BootloaderAPI.h
/home/god/ChameleonMini/RFIDResearchGroup/ChameleonMini/Firmware/LUFA/Bootloaders/CDC/BootloaderAPITable.S
/home/god/ChameleonMini/RFIDResearchGroup/ChameleonMini/Firmware/LUFA/Bootloaders/CDC/BootloaderCDC.c
/home/god/ChameleonMini/RFIDResearchGroup/ChameleonMini/Firmware/LUFA/Bootloaders/CDC/BootloaderCDC.h
/home/god/ChameleonMini/RFIDResearchGroup/ChameleonMini/Firmware/LUFA/Bootloaders/CDC/BootloaderCDC.txt
/home/god/ChameleonMini/RFIDResearchGroup/ChameleonMini/Firmware/LUFA/Bootloaders/CDC/LUFA CDC Bootloader.inf
/home/god/ChameleonMini/RFIDResearchGroup/ChameleonMini/Firmware/LUFA/Bootloaders/DFU/BootloaderAPI.c
/home/god/ChameleonMini/RFIDResearchGroup/ChameleonMini/Firmware/LUFA/Bootloaders/DFU/BootloaderAPI.h
/home/god/ChameleonMini/RFIDResearchGroup/ChameleonMini/Firmware/LUFA/Bootloaders/DFU/BootloaderAPITable.S
/home/god/ChameleonMini/RFIDResearchGroup/ChameleonMini/Firmware/LUFA/Bootloaders/DFU/BootloaderDFU.c
/home/god/ChameleonMini/RFIDResearchGroup/ChameleonMini/Firmware/LUFA/Bootloaders/DFU/BootloaderDFU.h
/home/god/ChameleonMini/RFIDResearchGroup/ChameleonMini/Firmware/LUFA/Bootloaders/DFU/BootloaderDFU.txt
/home/god/ChameleonMini/RFIDResearchGroup/ChameleonMini/Firmware/LUFA/Bootloaders/HID/BootloaderHID.c
/home/god/ChameleonMini/RFIDResearchGroup/ChameleonMini/Firmware/LUFA/Bootloaders/HID/BootloaderHID.h
/home/god/ChameleonMini/RFIDResearchGroup/ChameleonMini/Firmware/LUFA/Bootloaders/HID/BootloaderHID.txt
/home/god/ChameleonMini/RFIDResearchGroup/ChameleonMini/Firmware/LUFA/Bootloaders/HID/HostLoaderApp/hid_bootloader_cli.c
/home/god/ChameleonMini/RFIDResearchGroup/ChameleonMini/Firmware/LUFA/Bootloaders/HID/HostLoaderApp_Python/hid_bootloader_loader.py
/home/god/ChameleonMini/RFIDResearchGroup/ChameleonMini/Firmware/LUFA/Bootloaders/MassStorage/BootloaderAPI.c
/home/god/ChameleonMini/RFIDResearchGroup/ChameleonMini/Firmware/LUFA/Bootloaders/MassStorage/BootloaderAPI.h
/home/god/ChameleonMini/RFIDResearchGroup/ChameleonMini/Firmware/LUFA/Bootloaders/MassStorage/BootloaderAPITable.S
/home/god/ChameleonMini/RFIDResearchGroup/ChameleonMini/Firmware/LUFA/Bootloaders/MassStorage/BootloaderMassStorage.c
/home/god/ChameleonMini/RFIDResearchGroup/ChameleonMini/Firmware/LUFA/Bootloaders/MassStorage/BootloaderMassStorage.h
/home/god/ChameleonMini/RFIDResearchGroup/ChameleonMini/Firmware/LUFA/Bootloaders/MassStorage/BootloaderMassStorage.txt
/home/god/ChameleonMini/RFIDResearchGroup/ChameleonMini/Firmware/LUFA/Bootloaders/Printer/BootloaderAPI.c
/home/god/ChameleonMini/RFIDResearchGroup/ChameleonMini/Firmware/LUFA/Bootloaders/Printer/BootloaderAPI.h
/home/god/ChameleonMini/RFIDResearchGroup/ChameleonMini/Firmware/LUFA/Bootloaders/Printer/BootloaderAPITable.S
/home/god/ChameleonMini/RFIDResearchGroup/ChameleonMini/Firmware/LUFA/Bootloaders/Printer/BootloaderPrinter.c
/home/god/ChameleonMini/RFIDResearchGroup/ChameleonMini/Firmware/LUFA/Bootloaders/Printer/BootloaderPrinter.h
/home/god/ChameleonMini/RFIDResearchGroup/ChameleonMini/Firmware/LUFA/Bootloaders/Printer/BootloaderPrinter.txt
/home/god/ChameleonMini/RFIDResearchGroup/ChameleonMini/Firmware/LUFA/BuildTests/BootloaderTest
/home/god/ChameleonMini/RFIDResearchGroup/ChameleonMini/Firmware/LUFA/BuildTests/BootloaderTest/BootloaderDeviceMap.cfg
/home/god/ChameleonMini/RFIDResearchGroup/ChameleonMini/Firmware/LUFA/DoxygenPages/SoftwareBootloaderJump.txt
/home/god/ChameleonMini/RFIDResearchGroup/ChameleonMini/RevE-light/Firmware
/home/god/ChameleonMini/RFIDResearchGroup/ChameleonMini/RevE-light/Firmware/Chameleon-Mini/ProgramViaBootloader.bat
/home/god/ChameleonMini/RFIDResearchGroup/ChameleonMini/RevE/Doc/Doxygen/html/_page__firmware_upgrade.html
/home/god/ChameleonMini/RFIDResearchGroup/ChameleonMini/RevE/Doc/Doxygen/latex/_page__firmware_upgrade.tex
/home/god/ChameleonMini/RFIDResearchGroup/ChameleonMini/RevE/Firmware
/home/god/ChameleonMini/RFIDResearchGroup/ChameleonMini/RevE/Firmware/Atmel DFU Bootloader
/home/god/ChameleonMini/RFIDResearchGroup/ChameleonMini/RevE/Firmware/Chameleon-Mini/ProgramViaBootloader.bat
/home/god/ChameleonMini/RFIDResearchGroup/ChameleonMini/RevE/Firmware/LUFA/DoxygenPages/SoftwareBootloaderJump.txt
/home/god/ChameleonMini/XBoxDev/cromwell/boot
/home/god/ChameleonMini/XBoxDev/cromwell/boot/BootFromDevice.c
/home/god/ChameleonMini/XBoxDev/cromwell/boot/BootResetAction.c
/home/god/ChameleonMini/XBoxDev/cromwell/boot/BootStartup.S
/home/god/ChameleonMini/XBoxDev/cromwell/boot_eth
/home/god/ChameleonMini/XBoxDev/cromwell/boot_eth/README.ethboot
/home/god/ChameleonMini/XBoxDev/cromwell/boot_rom
/home/god/ChameleonMini/XBoxDev/cromwell/boot_rom/2bBootLibrary.c
/home/god/ChameleonMini/XBoxDev/cromwell/boot_rom/2bBootStartBios.c
/home/god/ChameleonMini/XBoxDev/cromwell/boot_rom/2bBootStartup.S
/home/god/ChameleonMini/XBoxDev/cromwell/boot_rom/bootrom.ld
/home/god/ChameleonMini/XBoxDev/cromwell/boot_vml
/home/god/ChameleonMini/XBoxDev/cromwell/boot_vml/disk/linuxboot.cfg
/home/god/ChameleonMini/XBoxDev/cromwell/boot_xbe
/home/god/ChameleonMini/XBoxDev/cromwell/boot_xbe/xbeboot.S
/home/god/ChameleonMini/XBoxDev/cromwell/drivers/flash/BootFlash.c
/home/god/ChameleonMini/XBoxDev/cromwell/drivers/flash/BootFlash.h
/home/god/ChameleonMini/XBoxDev/cromwell/drivers/flash/BootFlashUi.c
/home/god/ChameleonMini/XBoxDev/cromwell/drivers/ide/BootHddKey.c
/home/god/ChameleonMini/XBoxDev/cromwell/drivers/ide/BootIde.c
/home/god/ChameleonMini/XBoxDev/cromwell/drivers/ide/BootIde.h
/home/god/ChameleonMini/XBoxDev/cromwell/drivers/pci/BootInterrupts.c
/home/god/ChameleonMini/XBoxDev/cromwell/drivers/usb/sys/BootUSB.c
/home/god/ChameleonMini/XBoxDev/cromwell/drivers/video/BootVgaInitialization.c
/home/god/ChameleonMini/XBoxDev/cromwell/drivers/video/BootVgaInitialization.h
/home/god/ChameleonMini/XBoxDev/cromwell/drivers/video/BootVideo.h
/home/god/ChameleonMini/XBoxDev/cromwell/drivers/video/BootVideoHelpers.c
/home/god/ChameleonMini/XBoxDev/cromwell/etherboot
/home/god/ChameleonMini/XBoxDev/cromwell/etherboot/core/etherboot_config.c
/home/god/ChameleonMini/XBoxDev/cromwell/etherboot/include/bootp.h
/home/god/ChameleonMini/XBoxDev/cromwell/etherboot/include/elf_boot.h
/home/god/ChameleonMini/XBoxDev/cromwell/etherboot/include/etherboot.h
/home/god/ChameleonMini/XBoxDev/cromwell/etherboot/include/etherboot_config.h
/home/god/ChameleonMini/XBoxDev/cromwell/fs/fatx/BootFATX.c
/home/god/ChameleonMini/XBoxDev/cromwell/fs/fatx/BootFATX.h
/home/god/ChameleonMini/XBoxDev/cromwell/include/boot.h
/home/god/ChameleonMini/XBoxDev/cromwell/lib/eeprom/BootEEPROM.c
/home/god/ChameleonMini/XBoxDev/cromwell/lib/eeprom/BootEEPROM.h
/home/god/ChameleonMini/XBoxDev/cromwell/lib/misc/BootLibrary.c
/home/god/ChameleonMini/XBoxDev/cromwell/lib/misc/BootParser.c
/home/god/ChameleonMini/XBoxDev/cromwell/lib/misc/BootParser.h
/home/god/ChameleonMini/XBoxDev/cromwell/lib/readcd/boot.h
/home/god/ChameleonMini/XBoxDev/cromwell/menu/misc/Confirm.c
/home/god/ChameleonMini/XBoxDev/cromwell/menu/misc/Confirm.h
/home/god/ChameleonMini/XBoxDev/cromwell/scripts/xbeboot.ld
/home/god/ChameleonMini/XBoxDev/xbox-linux/Documentation/ABI/obsolete/sysfs-firmware-acpi
/home/god/ChameleonMini/XBoxDev/xbox-linux/Documentation/ABI/stable/sysfs-driver-firmware-zynqmp
/home/god/ChameleonMini/XBoxDev/xbox-linux/Documentation/ABI/stable/sysfs-firmware-efi-vars
/home/god/ChameleonMini/XBoxDev/xbox-linux/Documentation/ABI/stable/sysfs-firmware-opal-dump
/home/god/ChameleonMini/XBoxDev/xbox-linux/Documentation/ABI/stable/sysfs-firmware-opal-elog
/home/god/ChameleonMini/XBoxDev/xbox-linux/Documentation/ABI/testing/sysfs-devices-firmware_node
/home/god/ChameleonMini/XBoxDev/xbox-linux/Documentation/ABI/testing/sysfs-firmware-acpi
/home/god/ChameleonMini/XBoxDev/xbox-linux/Documentation/ABI/testing/sysfs-firmware-dmi-entries
/home/god/ChameleonMini/XBoxDev/xbox-linux/Documentation/ABI/testing/sysfs-firmware-dmi-tables
/home/god/ChameleonMini/XBoxDev/xbox-linux/Documentation/ABI/testing/sysfs-firmware-efi
/home/god/ChameleonMini/XBoxDev/xbox-linux/Documentation/ABI/testing/sysfs-firmware-efi-esrt
/home/god/ChameleonMini/XBoxDev/xbox-linux/Documentation/ABI/testing/sysfs-firmware-efi-runtime-map
/home/god/ChameleonMini/XBoxDev/xbox-linux/Documentation/ABI/testing/sysfs-firmware-gsmi
/home/god/ChameleonMini/XBoxDev/xbox-linux/Documentation/ABI/testing/sysfs-firmware-log
/home/god/ChameleonMini/XBoxDev/xbox-linux/Documentation/ABI/testing/sysfs-firmware-memmap
/home/god/ChameleonMini/XBoxDev/xbox-linux/Documentation/ABI/testing/sysfs-firmware-ofw
/home/god/ChameleonMini/XBoxDev/xbox-linux/Documentation/ABI/testing/sysfs-firmware-opal-powercap
/home/god/ChameleonMini/XBoxDev/xbox-linux/Documentation/ABI/testing/sysfs-firmware-opal-psr
/home/god/ChameleonMini/XBoxDev/xbox-linux/Documentation/ABI/testing/sysfs-firmware-opal-sensor-groups
/home/god/ChameleonMini/XBoxDev/xbox-linux/Documentation/ABI/testing/sysfs-firmware-qemu_fw_cfg
/home/god/ChameleonMini/XBoxDev/xbox-linux/Documentation/ABI/testing/sysfs-firmware-sfi
/home/god/ChameleonMini/XBoxDev/xbox-linux/Documentation/ABI/testing/sysfs-firmware-sgi_uv
/home/god/ChameleonMini/XBoxDev/xbox-linux/Documentation/ABI/testing/sysfs-firmware-turris-mox-rwtm
/home/god/ChameleonMini/XBoxDev/xbox-linux/Documentation/ABI/testing/sysfs-kernel-boot_params
/home/god/ChameleonMini/XBoxDev/xbox-linux/Documentation/ABI/testing/sysfs-platform-mellanox-bootctl
/home/god/ChameleonMini/XBoxDev/xbox-linux/Documentation/PCI/boot-interrupts.rst
/home/god/ChameleonMini/XBoxDev/xbox-linux/Documentation/admin-guide/bootconfig.rst
/home/god/ChameleonMini/XBoxDev/xbox-linux/Documentation/admin-guide/media/opera-firmware.rst
/home/god/ChameleonMini/XBoxDev/xbox-linux/Documentation/arm/booting.rst
/home/god/ChameleonMini/XBoxDev/xbox-linux/Documentation/arm/firmware.rst
/home/god/ChameleonMini/XBoxDev/xbox-linux/Documentation/arm/samsung/bootloader-interface.rst
/home/god/ChameleonMini/XBoxDev/xbox-linux/Documentation/arm64/booting.rst
/home/god/ChameleonMini/XBoxDev/xbox-linux/Documentation/core-api/boot-time-mm.rst
/home/god/ChameleonMini/XBoxDev/xbox-linux/Documentation/devicetree/bindings/arm/amlogic/bootrom.txt
/home/god/ChameleonMini/XBoxDev/xbox-linux/Documentation/devicetree/bindings/arm/bcm/raspberrypi,bcm2835-firmware.txt
/home/god/ChameleonMini/XBoxDev/xbox-linux/Documentation/devicetree/bindings/arm/firmware
/home/god/ChameleonMini/XBoxDev/xbox-linux/Documentation/devicetree/bindings/arm/samsung/samsung-secure-firmware.yaml
/home/god/ChameleonMini/XBoxDev/xbox-linux/Documentation/devicetree/bindings/firmware
/home/god/ChameleonMini/XBoxDev/xbox-linux/Documentation/devicetree/bindings/firmware/coreboot.txt
/home/god/ChameleonMini/XBoxDev/xbox-linux/Documentation/devicetree/bindings/firmware/xilinx/xlnx,zynqmp-firmware.txt
/home/god/ChameleonMini/XBoxDev/xbox-linux/Documentation/devicetree/bindings/gpio/raspberrypi,firmware-gpio.txt
/home/god/ChameleonMini/XBoxDev/xbox-linux/Documentation/devicetree/bindings/input/touchscreen/raspberrypi,firmware-ts.txt
/home/god/ChameleonMini/XBoxDev/xbox-linux/Documentation/devicetree/bindings/mips/cavium/bootbus.txt
/home/god/ChameleonMini/XBoxDev/xbox-linux/Documentation/devicetree/bindings/mtd/partitions/arm,arm-firmware-suite.txt
/home/god/ChameleonMini/XBoxDev/xbox-linux/Documentation/devicetree/bindings/mtd/partitions/redboot-fis.txt
/home/god/ChameleonMini/XBoxDev/xbox-linux/Documentation/devicetree/bindings/power/reset/nvmem-reboot-mode.txt
/home/god/ChameleonMini/XBoxDev/xbox-linux/Documentation/devicetree/bindings/power/reset/reboot-mode.txt
/home/god/ChameleonMini/XBoxDev/xbox-linux/Documentation/devicetree/bindings/power/reset/syscon-reboot-mode.yaml
/home/god/ChameleonMini/XBoxDev/xbox-linux/Documentation/devicetree/bindings/power/reset/syscon-reboot.yaml
/home/god/ChameleonMini/XBoxDev/xbox-linux/Documentation/devicetree/bindings/powerpc/4xx/reboot.txt
/home/god/ChameleonMini/XBoxDev/xbox-linux/Documentation/devicetree/bindings/soc/fsl/cpm_qe/qe/firmware.txt
/home/god/ChameleonMini/XBoxDev/xbox-linux/Documentation/devicetree/booting-without-of.txt
/home/god/ChameleonMini/XBoxDev/xbox-linux/Documentation/driver-api/firmware
/home/god/ChameleonMini/XBoxDev/xbox-linux/Documentation/driver-api/firmware/firmware_cache.rst
/home/god/ChameleonMini/XBoxDev/xbox-linux/Documentation/driver-api/firmware/request_firmware.rst
/home/god/ChameleonMini/XBoxDev/xbox-linux/Documentation/firmware-guide
/home/god/ChameleonMini/XBoxDev/xbox-linux/Documentation/firmware_class
/home/god/ChameleonMini/XBoxDev/xbox-linux/Documentation/powerpc/bootwrapper.rst
/home/god/ChameleonMini/XBoxDev/xbox-linux/Documentation/powerpc/firmware-assisted-dump.rst
/home/god/ChameleonMini/XBoxDev/xbox-linux/Documentation/powerpc/qe_firmware.rst
/home/god/ChameleonMini/XBoxDev/xbox-linux/Documentation/riscv/boot-image-header.rst
/home/god/ChameleonMini/XBoxDev/xbox-linux/Documentation/trace/boottime-trace.rst
/home/god/ChameleonMini/XBoxDev/xbox-linux/Documentation/translations/zh_CN/arm/Booting
/home/god/ChameleonMini/XBoxDev/xbox-linux/Documentation/translations/zh_CN/arm64/booting.txt
/home/god/ChameleonMini/XBoxDev/xbox-linux/Documentation/virt/kvm/s390-pv-boot.rst
/home/god/ChameleonMini/XBoxDev/xbox-linux/Documentation/x86/boot.rst
/home/god/ChameleonMini/XBoxDev/xbox-linux/Documentation/x86/x86_64/boot-options.rst
/home/god/ChameleonMini/XBoxDev/xbox-linux/Documentation/xtensa/booting.rst
/home/god/ChameleonMini/XBoxDev/xbox-linux/arch/alpha/boot
/home/god/ChameleonMini/XBoxDev/xbox-linux/arch/alpha/boot/bootloader.lds
/home/god/ChameleonMini/XBoxDev/xbox-linux/arch/alpha/boot/bootp.c
/home/god/ChameleonMini/XBoxDev/xbox-linux/arch/alpha/boot/bootpz.c
/home/god/ChameleonMini/XBoxDev/xbox-linux/arch/arc/boot
/home/god/ChameleonMini/XBoxDev/xbox-linux/arch/arm/boot
/home/god/ChameleonMini/XBoxDev/xbox-linux/arch/arm/boot/bootp
/home/god/ChameleonMini/XBoxDev/xbox-linux/arch/arm/boot/bootp/bootp.lds
/home/god/ChameleonMini/XBoxDev/xbox-linux/arch/arm/common/firmware.c
/home/god/ChameleonMini/XBoxDev/xbox-linux/arch/arm/include/asm/firmware.h
/home/god/ChameleonMini/XBoxDev/xbox-linux/arch/arm/kernel/reboot.c
/home/god/ChameleonMini/XBoxDev/xbox-linux/arch/arm/kernel/reboot.h
/home/god/ChameleonMini/XBoxDev/xbox-linux/arch/arm/mach-at91/Makefile.boot
/home/god/ChameleonMini/XBoxDev/xbox-linux/arch/arm/mach-davinci/Makefile.boot
/home/god/ChameleonMini/XBoxDev/xbox-linux/arch/arm/mach-dove/Makefile.boot
/home/god/ChameleonMini/XBoxDev/xbox-linux/arch/arm/mach-ebsa110/Makefile.boot
/home/god/ChameleonMini/XBoxDev/xbox-linux/arch/arm/mach-efm32/Makefile.boot
/home/god/ChameleonMini/XBoxDev/xbox-linux/arch/arm/mach-ep93xx/Makefile.boot
/home/god/ChameleonMini/XBoxDev/xbox-linux/arch/arm/mach-exynos/firmware.c
/home/god/ChameleonMini/XBoxDev/xbox-linux/arch/arm/mach-footbridge/Makefile.boot
/home/god/ChameleonMini/XBoxDev/xbox-linux/arch/arm/mach-imx/Makefile.boot
/home/god/ChameleonMini/XBoxDev/xbox-linux/arch/arm/mach-iop32x/Makefile.boot
/home/god/ChameleonMini/XBoxDev/xbox-linux/arch/arm/mach-ixp4xx/Makefile.boot
/home/god/ChameleonMini/XBoxDev/xbox-linux/arch/arm/mach-lpc18xx/Makefile.boot
/home/god/ChameleonMini/XBoxDev/xbox-linux/arch/arm/mach-lpc32xx/Makefile.boot
/home/god/ChameleonMini/XBoxDev/xbox-linux/arch/arm/mach-omap1/Makefile.boot
/home/god/ChameleonMini/XBoxDev/xbox-linux/arch/arm/mach-pxa/Makefile.boot
/home/god/ChameleonMini/XBoxDev/xbox-linux/arch/arm/mach-pxa/mioa701_bootresume.S
/home/god/ChameleonMini/XBoxDev/xbox-linux/arch/arm/mach-rpc/Makefile.boot
/home/god/ChameleonMini/XBoxDev/xbox-linux/arch/arm/mach-s3c24xx/Makefile.boot
/home/god/ChameleonMini/XBoxDev/xbox-linux/arch/arm/mach-sa1100/Makefile.boot
/home/god/ChameleonMini/XBoxDev/xbox-linux/arch/arm/mach-stm32/Makefile.boot
/home/god/ChameleonMini/XBoxDev/xbox-linux/arch/arm/mach-vexpress/Makefile.boot
/home/god/ChameleonMini/XBoxDev/xbox-linux/arch/arm/mach-vt8500/Makefile.boot
/home/god/ChameleonMini/XBoxDev/xbox-linux/arch/arm64/boot
/home/god/ChameleonMini/XBoxDev/xbox-linux/arch/arm64/include/asm/boot.h
/home/god/ChameleonMini/XBoxDev/xbox-linux/arch/c6x/boot
/home/god/ChameleonMini/XBoxDev/xbox-linux/arch/csky/boot
/home/god/ChameleonMini/XBoxDev/xbox-linux/arch/h8300/boot
/home/god/ChameleonMini/XBoxDev/xbox-linux/arch/ia64/kernel/smpboot.c
/home/god/ChameleonMini/XBoxDev/xbox-linux/arch/m68k/68000/bootlogo-vz.h
/home/god/ChameleonMini/XBoxDev/xbox-linux/arch/m68k/68000/bootlogo.h
/home/god/ChameleonMini/XBoxDev/xbox-linux/arch/m68k/hp300/reboot.S
/home/god/ChameleonMini/XBoxDev/xbox-linux/arch/m68k/include/asm/bootinfo.h
/home/god/ChameleonMini/XBoxDev/xbox-linux/arch/m68k/include/asm/bootstd.h
/home/god/ChameleonMini/XBoxDev/xbox-linux/arch/m68k/include/uapi/asm/bootinfo-amiga.h
/home/god/ChameleonMini/XBoxDev/xbox-linux/arch/m68k/include/uapi/asm/bootinfo-apollo.h
/home/god/ChameleonMini/XBoxDev/xbox-linux/arch/m68k/include/uapi/asm/bootinfo-atari.h
/home/god/ChameleonMini/XBoxDev/xbox-linux/arch/m68k/include/uapi/asm/bootinfo-hp300.h
/home/god/ChameleonMini/XBoxDev/xbox-linux/arch/m68k/include/uapi/asm/bootinfo-mac.h
/home/god/ChameleonMini/XBoxDev/xbox-linux/arch/m68k/include/uapi/asm/bootinfo-q40.h
/home/god/ChameleonMini/XBoxDev/xbox-linux/arch/m68k/include/uapi/asm/bootinfo-vme.h
/home/god/ChameleonMini/XBoxDev/xbox-linux/arch/m68k/include/uapi/asm/bootinfo.h
/home/god/ChameleonMini/XBoxDev/xbox-linux/arch/m68k/kernel/bootinfo_proc.c
/home/god/ChameleonMini/XBoxDev/xbox-linux/arch/m68k/kernel/uboot.c
/home/god/ChameleonMini/XBoxDev/xbox-linux/arch/microblaze/boot
/home/god/ChameleonMini/XBoxDev/xbox-linux/arch/mips/boot
/home/god/ChameleonMini/XBoxDev/xbox-linux/arch/mips/cavium-octeon/executive/cvmx-boot-vector.c
/home/god/ChameleonMini/XBoxDev/xbox-linux/arch/mips/cavium-octeon/executive/cvmx-bootmem.c
/home/god/ChameleonMini/XBoxDev/xbox-linux/arch/mips/cavium-octeon/octeon_boot.h
/home/god/ChameleonMini/XBoxDev/xbox-linux/arch/mips/include/asm/bootinfo.h
/home/god/ChameleonMini/XBoxDev/xbox-linux/arch/mips/include/asm/mach-loongson64/boot_param.h
/home/god/ChameleonMini/XBoxDev/xbox-linux/arch/mips/include/asm/netlogic/psb-bootinfo.h
/home/god/ChameleonMini/XBoxDev/xbox-linux/arch/mips/include/asm/octeon/cvmx-boot-vector.h
/home/god/ChameleonMini/XBoxDev/xbox-linux/arch/mips/include/asm/octeon/cvmx-bootinfo.h
/home/god/ChameleonMini/XBoxDev/xbox-linux/arch/mips/include/asm/octeon/cvmx-bootmem.h
/home/god/ChameleonMini/XBoxDev/xbox-linux/arch/mips/include/asm/reboot.h
/home/god/ChameleonMini/XBoxDev/xbox-linux/arch/mips/netlogic/common/smpboot.S
/home/god/ChameleonMini/XBoxDev/xbox-linux/arch/mips/ralink/bootrom.c
/home/god/ChameleonMini/XBoxDev/xbox-linux/arch/nds32/boot
/home/god/ChameleonMini/XBoxDev/xbox-linux/arch/nios2/boot
/home/god/ChameleonMini/XBoxDev/xbox-linux/arch/openrisc/boot
/home/god/ChameleonMini/XBoxDev/xbox-linux/arch/parisc/boot
/home/god/ChameleonMini/XBoxDev/xbox-linux/arch/parisc/kernel/firmware.c
/home/god/ChameleonMini/XBoxDev/xbox-linux/arch/powerpc/boot
/home/god/ChameleonMini/XBoxDev/xbox-linux/arch/powerpc/boot/cuboot-52xx.c
/home/god/ChameleonMini/XBoxDev/xbox-linux/arch/powerpc/boot/cuboot-824x.c
/home/god/ChameleonMini/XBoxDev/xbox-linux/arch/powerpc/boot/cuboot-83xx.c
/home/god/ChameleonMini/XBoxDev/xbox-linux/arch/powerpc/boot/cuboot-85xx-cpm2.c
/home/god/ChameleonMini/XBoxDev/xbox-linux/arch/powerpc/boot/cuboot-85xx.c
/home/god/ChameleonMini/XBoxDev/xbox-linux/arch/powerpc/boot/cuboot-8xx.c
/home/god/ChameleonMini/XBoxDev/xbox-linux/arch/powerpc/boot/cuboot-acadia.c
/home/god/ChameleonMini/XBoxDev/xbox-linux/arch/powerpc/boot/cuboot-amigaone.c
/home/god/ChameleonMini/XBoxDev/xbox-linux/arch/powerpc/boot/cuboot-bamboo.c
/home/god/ChameleonMini/XBoxDev/xbox-linux/arch/powerpc/boot/cuboot-ebony.c
/home/god/ChameleonMini/XBoxDev/xbox-linux/arch/powerpc/boot/cuboot-hotfoot.c
/home/god/ChameleonMini/XBoxDev/xbox-linux/arch/powerpc/boot/cuboot-katmai.c
/home/god/ChameleonMini/XBoxDev/xbox-linux/arch/powerpc/boot/cuboot-kilauea.c
/home/god/ChameleonMini/XBoxDev/xbox-linux/arch/powerpc/boot/cuboot-mpc7448hpc2.c
/home/god/ChameleonMini/XBoxDev/xbox-linux/arch/powerpc/boot/cuboot-pq2.c
/home/god/ChameleonMini/XBoxDev/xbox-linux/arch/powerpc/boot/cuboot-rainier.c
/home/god/ChameleonMini/XBoxDev/xbox-linux/arch/powerpc/boot/cuboot-sam440ep.c
/home/god/ChameleonMini/XBoxDev/xbox-linux/arch/powerpc/boot/cuboot-sequoia.c
/home/god/ChameleonMini/XBoxDev/xbox-linux/arch/powerpc/boot/cuboot-taishan.c
/home/god/ChameleonMini/XBoxDev/xbox-linux/arch/powerpc/boot/cuboot-warp.c
/home/god/ChameleonMini/XBoxDev/xbox-linux/arch/powerpc/boot/cuboot-yosemite.c
/home/god/ChameleonMini/XBoxDev/xbox-linux/arch/powerpc/boot/cuboot.c
/home/god/ChameleonMini/XBoxDev/xbox-linux/arch/powerpc/boot/cuboot.h
/home/god/ChameleonMini/XBoxDev/xbox-linux/arch/powerpc/boot/dts/adder875-redboot.dts
/home/god/ChameleonMini/XBoxDev/xbox-linux/arch/powerpc/boot/dts/adder875-uboot.dts
/home/god/ChameleonMini/XBoxDev/xbox-linux/arch/powerpc/boot/dts/asp834x-redboot.dts
/home/god/ChameleonMini/XBoxDev/xbox-linux/arch/powerpc/boot/ppcboot-hotfoot.h
/home/god/ChameleonMini/XBoxDev/xbox-linux/arch/powerpc/boot/ppcboot.h
/home/god/ChameleonMini/XBoxDev/xbox-linux/arch/powerpc/boot/redboot-83xx.c
/home/god/ChameleonMini/XBoxDev/xbox-linux/arch/powerpc/boot/redboot-8xx.c
/home/god/ChameleonMini/XBoxDev/xbox-linux/arch/powerpc/boot/redboot.h
/home/god/ChameleonMini/XBoxDev/xbox-linux/arch/powerpc/boot/simpleboot.c
/home/god/ChameleonMini/XBoxDev/xbox-linux/arch/powerpc/boot/treeboot-akebono.c
/home/god/ChameleonMini/XBoxDev/xbox-linux/arch/powerpc/boot/treeboot-bamboo.c
/home/god/ChameleonMini/XBoxDev/xbox-linux/arch/powerpc/boot/treeboot-currituck.c
/home/god/ChameleonMini/XBoxDev/xbox-linux/arch/powerpc/boot/treeboot-ebony.c
/home/god/ChameleonMini/XBoxDev/xbox-linux/arch/powerpc/boot/treeboot-iss4xx.c
/home/god/ChameleonMini/XBoxDev/xbox-linux/arch/powerpc/include/asm/bootx.h
/home/god/ChameleonMini/XBoxDev/xbox-linux/arch/powerpc/include/asm/firmware.h
/home/god/ChameleonMini/XBoxDev/xbox-linux/arch/powerpc/include/asm/secure_boot.h
/home/god/ChameleonMini/XBoxDev/xbox-linux/arch/powerpc/include/uapi/asm/bootx.h
/home/god/ChameleonMini/XBoxDev/xbox-linux/arch/powerpc/kernel/firmware.c
/home/god/ChameleonMini/XBoxDev/xbox-linux/arch/powerpc/kernel/secure_boot.c
/home/god/ChameleonMini/XBoxDev/xbox-linux/arch/powerpc/platforms/powermac/bootx_init.c
/home/god/ChameleonMini/XBoxDev/xbox-linux/arch/powerpc/platforms/pseries/firmware.c
/home/god/ChameleonMini/XBoxDev/xbox-linux/arch/riscv/boot
/home/god/ChameleonMini/XBoxDev/xbox-linux/arch/riscv/kernel/smpboot.c
/home/god/ChameleonMini/XBoxDev/xbox-linux/arch/s390/boot
/home/god/ChameleonMini/XBoxDev/xbox-linux/arch/s390/boot/boot.h
/home/god/ChameleonMini/XBoxDev/xbox-linux/arch/s390/include/asm/boot_data.h
/home/god/ChameleonMini/XBoxDev/xbox-linux/arch/sh/boot
/home/god/ChameleonMini/XBoxDev/xbox-linux/arch/sh/include/asm/reboot.h
/home/god/ChameleonMini/XBoxDev/xbox-linux/arch/sh/kernel/reboot.c
/home/god/ChameleonMini/XBoxDev/xbox-linux/arch/sparc/boot
/home/god/ChameleonMini/XBoxDev/xbox-linux/arch/sparc/kernel/reboot.c
/home/god/ChameleonMini/XBoxDev/xbox-linux/arch/sparc/prom/bootstr_32.c
/home/god/ChameleonMini/XBoxDev/xbox-linux/arch/sparc/prom/bootstr_64.c
/home/god/ChameleonMini/XBoxDev/xbox-linux/arch/um/kernel/reboot.c
/home/god/ChameleonMini/XBoxDev/xbox-linux/arch/unicore32/boot
/home/god/ChameleonMini/XBoxDev/xbox-linux/arch/x86/boot
/home/god/ChameleonMini/XBoxDev/xbox-linux/arch/x86/boot/boot.h
/home/god/ChameleonMini/XBoxDev/xbox-linux/arch/x86/include/asm/boot.h
/home/god/ChameleonMini/XBoxDev/xbox-linux/arch/x86/include/asm/bootparam_utils.h
/home/god/ChameleonMini/XBoxDev/xbox-linux/arch/x86/include/asm/reboot.h
/home/god/ChameleonMini/XBoxDev/xbox-linux/arch/x86/include/asm/reboot_fixups.h
/home/god/ChameleonMini/XBoxDev/xbox-linux/arch/x86/include/uapi/asm/boot.h
/home/god/ChameleonMini/XBoxDev/xbox-linux/arch/x86/include/uapi/asm/bootparam.h
/home/god/ChameleonMini/XBoxDev/xbox-linux/arch/x86/kernel/acpi/boot.c
/home/god/ChameleonMini/XBoxDev/xbox-linux/arch/x86/kernel/bootflag.c
/home/god/ChameleonMini/XBoxDev/xbox-linux/arch/x86/kernel/reboot.c
/home/god/ChameleonMini/XBoxDev/xbox-linux/arch/x86/kernel/reboot_fixups_32.c
/home/god/ChameleonMini/XBoxDev/xbox-linux/arch/x86/kernel/smpboot.c
/home/god/ChameleonMini/XBoxDev/xbox-linux/arch/x86/kernel/tboot.c
/home/god/ChameleonMini/XBoxDev/xbox-linux/arch/x86/mm/mem_encrypt_boot.S
/home/god/ChameleonMini/XBoxDev/xbox-linux/arch/x86/realmode/rm/reboot.S
/home/god/ChameleonMini/XBoxDev/xbox-linux/arch/xtensa/boot
/home/god/ChameleonMini/XBoxDev/xbox-linux/arch/xtensa/boot/boot-elf
/home/god/ChameleonMini/XBoxDev/xbox-linux/arch/xtensa/boot/boot-elf/boot.lds.S
/home/god/ChameleonMini/XBoxDev/xbox-linux/arch/xtensa/boot/boot-elf/bootstrap.S
/home/god/ChameleonMini/XBoxDev/xbox-linux/arch/xtensa/boot/boot-redboot
/home/god/ChameleonMini/XBoxDev/xbox-linux/arch/xtensa/boot/boot-redboot/boot.ld
/home/god/ChameleonMini/XBoxDev/xbox-linux/arch/xtensa/boot/boot-redboot/bootstrap.S
/home/god/ChameleonMini/XBoxDev/xbox-linux/arch/xtensa/include/asm/bootparam.h
/home/god/ChameleonMini/XBoxDev/xbox-linux/drivers/acpi/reboot.c
/home/god/ChameleonMini/XBoxDev/xbox-linux/drivers/base/firmware.c
/home/god/ChameleonMini/XBoxDev/xbox-linux/drivers/base/firmware_loader
/home/god/ChameleonMini/XBoxDev/xbox-linux/drivers/base/firmware_loader/firmware.h
/home/god/ChameleonMini/XBoxDev/xbox-linux/drivers/bus/mhi/core/boot.c
/home/god/ChameleonMini/XBoxDev/xbox-linux/drivers/firmware
/home/god/ChameleonMini/XBoxDev/xbox-linux/drivers/firmware/efi/embedded-firmware.c
/home/god/ChameleonMini/XBoxDev/xbox-linux/drivers/firmware/efi/libstub/secureboot.c
/home/god/ChameleonMini/XBoxDev/xbox-linux/drivers/firmware/efi/reboot.c
/home/god/ChameleonMini/XBoxDev/xbox-linux/drivers/firmware/google/coreboot_table.c
/home/god/ChameleonMini/XBoxDev/xbox-linux/drivers/firmware/google/coreboot_table.h
/home/god/ChameleonMini/XBoxDev/xbox-linux/drivers/firmware/google/framebuffer-coreboot.c
/home/god/ChameleonMini/XBoxDev/xbox-linux/drivers/firmware/google/memconsole-coreboot.c
/home/god/ChameleonMini/XBoxDev/xbox-linux/drivers/gpu/drm/amd/amdgpu/amdgpu_atomfirmware.c
/home/god/ChameleonMini/XBoxDev/xbox-linux/drivers/gpu/drm/amd/amdgpu/amdgpu_atomfirmware.h
/home/god/ChameleonMini/XBoxDev/xbox-linux/drivers/gpu/drm/amd/include/atomfirmware.h
/home/god/ChameleonMini/XBoxDev/xbox-linux/drivers/gpu/drm/amd/include/atomfirmwareid.h
/home/god/ChameleonMini/XBoxDev/xbox-linux/drivers/gpu/drm/i915/gvt/firmware.c
/home/god/ChameleonMini/XBoxDev/xbox-linux/drivers/gpu/drm/nouveau/include/nvkm/core/firmware.h
/home/god/ChameleonMini/XBoxDev/xbox-linux/drivers/gpu/drm/nouveau/include/nvkm/subdev/secboot.h
/home/god/ChameleonMini/XBoxDev/xbox-linux/drivers/gpu/drm/nouveau/nvkm/core/firmware.c
/home/god/ChameleonMini/XBoxDev/xbox-linux/drivers/gpu/drm/omapdrm/dss/omapdss-boot-init.c
/home/god/ChameleonMini/XBoxDev/xbox-linux/drivers/infiniband/hw/hfi1/firmware.c
/home/god/ChameleonMini/XBoxDev/xbox-linux/drivers/media/common/cypress_firmware.c
/home/god/ChameleonMini/XBoxDev/xbox-linux/drivers/media/common/cypress_firmware.h
/home/god/ChameleonMini/XBoxDev/xbox-linux/drivers/media/dvb-frontends/drxd_firm.c
/home/god/ChameleonMini/XBoxDev/xbox-linux/drivers/media/dvb-frontends/drxd_firm.h
/home/god/ChameleonMini/XBoxDev/xbox-linux/drivers/media/dvb-frontends/drxd_map_firm.h
/home/god/ChameleonMini/XBoxDev/xbox-linux/drivers/media/i2c/cx25840/cx25840-firmware.c
/home/god/ChameleonMini/XBoxDev/xbox-linux/drivers/media/pci/cx18/cx18-av-firmware.c
/home/god/ChameleonMini/XBoxDev/xbox-linux/drivers/media/pci/cx18/cx18-firmware.c
/home/god/ChameleonMini/XBoxDev/xbox-linux/drivers/media/pci/cx18/cx18-firmware.h
/home/god/ChameleonMini/XBoxDev/xbox-linux/drivers/media/pci/ivtv/ivtv-firmware.c
/home/god/ChameleonMini/XBoxDev/xbox-linux/drivers/media/pci/ivtv/ivtv-firmware.h
/home/god/ChameleonMini/XBoxDev/xbox-linux/drivers/media/platform/qcom/venus/firmware.c
/home/god/ChameleonMini/XBoxDev/xbox-linux/drivers/media/platform/qcom/venus/firmware.h
/home/god/ChameleonMini/XBoxDev/xbox-linux/drivers/media/usb/dvb-usb/dvb-usb-firmware.c
/home/god/ChameleonMini/XBoxDev/xbox-linux/drivers/misc/habanalabs/firmware_if.c
/home/god/ChameleonMini/XBoxDev/xbox-linux/drivers/misc/habanalabs/include/hl_boot_if.h
/home/god/ChameleonMini/XBoxDev/xbox-linux/drivers/misc/mic/host/mic_boot.c
/home/god/ChameleonMini/XBoxDev/xbox-linux/drivers/mtd/parsers/redboot.c
/home/god/ChameleonMini/XBoxDev/xbox-linux/drivers/net/ethernet/chelsio/cxgb3/firmware_exports.h
/home/god/ChameleonMini/XBoxDev/xbox-linux/drivers/net/ethernet/realtek/r8169_firmware.c
/home/god/ChameleonMini/XBoxDev/xbox-linux/drivers/net/ethernet/realtek/r8169_firmware.h
/home/god/ChameleonMini/XBoxDev/xbox-linux/drivers/net/wireless/ath/wil6210/boot_loader.h
/home/god/ChameleonMini/XBoxDev/xbox-linux/drivers/net/wireless/broadcom/brcm80211/brcmfmac/firmware.c
/home/god/ChameleonMini/XBoxDev/xbox-linux/drivers/net/wireless/broadcom/brcm80211/brcmfmac/firmware.h
/home/god/ChameleonMini/XBoxDev/xbox-linux/drivers/net/wireless/marvell/libertas/firmware.c
/home/god/ChameleonMini/XBoxDev/xbox-linux/drivers/net/wireless/ralink/rt2x00/rt2x00firmware.c
/home/god/ChameleonMini/XBoxDev/xbox-linux/drivers/net/wireless/rsi/rsi_boot_params.h
/home/god/ChameleonMini/XBoxDev/xbox-linux/drivers/net/wireless/ti/wl1251/boot.c
/home/god/ChameleonMini/XBoxDev/xbox-linux/drivers/net/wireless/ti/wl1251/boot.h
/home/god/ChameleonMini/XBoxDev/xbox-linux/drivers/net/wireless/ti/wlcore/boot.c
/home/god/ChameleonMini/XBoxDev/xbox-linux/drivers/net/wireless/ti/wlcore/boot.h
/home/god/ChameleonMini/XBoxDev/xbox-linux/drivers/nfc/nxp-nci/firmware.c
/home/god/ChameleonMini/XBoxDev/xbox-linux/drivers/nfc/s3fwrn5/firmware.c
/home/god/ChameleonMini/XBoxDev/xbox-linux/drivers/nfc/s3fwrn5/firmware.h
/home/god/ChameleonMini/XBoxDev/xbox-linux/drivers/platform/mellanox/mlxbf-bootctl.c
/home/god/ChameleonMini/XBoxDev/xbox-linux/drivers/platform/mellanox/mlxbf-bootctl.h
/home/god/ChameleonMini/XBoxDev/xbox-linux/drivers/power/reset/arm-versatile-reboot.c
/home/god/ChameleonMini/XBoxDev/xbox-linux/drivers/power/reset/brcmstb-reboot.c
/home/god/ChameleonMini/XBoxDev/xbox-linux/drivers/power/reset/hisi-reboot.c
/home/god/ChameleonMini/XBoxDev/xbox-linux/drivers/power/reset/nvmem-reboot-mode.c
/home/god/ChameleonMini/XBoxDev/xbox-linux/drivers/power/reset/reboot-mode.c
/home/god/ChameleonMini/XBoxDev/xbox-linux/drivers/power/reset/syscon-reboot-mode.c
/home/god/ChameleonMini/XBoxDev/xbox-linux/drivers/power/reset/syscon-reboot.c
/home/god/ChameleonMini/XBoxDev/xbox-linux/drivers/power/reset/xgene-reboot.c
/home/god/ChameleonMini/XBoxDev/xbox-linux/drivers/power/reset/zx-reboot.c
/home/god/ChameleonMini/XBoxDev/xbox-linux/drivers/scsi/iscsi_boot_sysfs.c
/home/god/ChameleonMini/XBoxDev/xbox-linux/drivers/staging/greybus/Documentation/firmware
/home/god/ChameleonMini/XBoxDev/xbox-linux/drivers/staging/greybus/Documentation/firmware/firmware-management
/home/god/ChameleonMini/XBoxDev/xbox-linux/drivers/staging/greybus/Documentation/firmware/firmware.c
/home/god/ChameleonMini/XBoxDev/xbox-linux/drivers/staging/greybus/bootrom.c
/home/god/ChameleonMini/XBoxDev/xbox-linux/drivers/staging/greybus/firmware.h
/home/god/ChameleonMini/XBoxDev/xbox-linux/drivers/staging/greybus/greybus_firmware.h
/home/god/ChameleonMini/XBoxDev/xbox-linux/drivers/staging/gs_fpgaboot
/home/god/ChameleonMini/XBoxDev/xbox-linux/drivers/staging/gs_fpgaboot/gs_fpgaboot.c
/home/god/ChameleonMini/XBoxDev/xbox-linux/drivers/staging/gs_fpgaboot/gs_fpgaboot.h
/home/god/ChameleonMini/XBoxDev/xbox-linux/drivers/staging/media/atomisp/pci/ia_css_firmware.h
/home/god/ChameleonMini/XBoxDev/xbox-linux/drivers/staging/media/atomisp/pci/sh_css_firmware.c
/home/god/ChameleonMini/XBoxDev/xbox-linux/drivers/staging/media/atomisp/pci/sh_css_firmware.h
/home/god/ChameleonMini/XBoxDev/xbox-linux/drivers/staging/rtl8192e/rtl8192e/r8192E_firmware.c
/home/god/ChameleonMini/XBoxDev/xbox-linux/drivers/staging/rtl8192e/rtl8192e/r8192E_firmware.h
/home/god/ChameleonMini/XBoxDev/xbox-linux/drivers/staging/rtl8192u/r819xU_firmware.c
/home/god/ChameleonMini/XBoxDev/xbox-linux/drivers/staging/rtl8192u/r819xU_firmware.h
/home/god/ChameleonMini/XBoxDev/xbox-linux/drivers/staging/rtl8192u/r819xU_firmware_img.c
/home/god/ChameleonMini/XBoxDev/xbox-linux/drivers/staging/rtl8192u/r819xU_firmware_img.h
/home/god/ChameleonMini/XBoxDev/xbox-linux/drivers/usb/misc/isight_firmware.c
/home/god/ChameleonMini/XBoxDev/xbox-linux/drivers/video/fbdev/omap2/omapfb/dss/omapdss-boot-init.c
/home/god/ChameleonMini/XBoxDev/xbox-linux/fs/proc/bootconfig.c
/home/god/ChameleonMini/XBoxDev/xbox-linux/include/acpi/reboot.h
/home/god/ChameleonMini/XBoxDev/xbox-linux/include/dt-bindings/firmware
/home/god/ChameleonMini/XBoxDev/xbox-linux/include/dt-bindings/soc/rockchip,boot-mode.h
/home/god/ChameleonMini/XBoxDev/xbox-linux/include/linux/bootconfig.h
/home/god/ChameleonMini/XBoxDev/xbox-linux/include/linux/firmware-map.h
/home/god/ChameleonMini/XBoxDev/xbox-linux/include/linux/firmware.h
/home/god/ChameleonMini/XBoxDev/xbox-linux/include/linux/firmware
/home/god/ChameleonMini/XBoxDev/xbox-linux/include/linux/iscsi_boot_sysfs.h
/home/god/ChameleonMini/XBoxDev/xbox-linux/include/linux/reboot-mode.h
/home/god/ChameleonMini/XBoxDev/xbox-linux/include/linux/reboot.h
/home/god/ChameleonMini/XBoxDev/xbox-linux/include/linux/smpboot.h
/home/god/ChameleonMini/XBoxDev/xbox-linux/include/linux/tboot.h
/home/god/ChameleonMini/XBoxDev/xbox-linux/include/soc/bcm2835/raspberrypi-firmware.h
/home/god/ChameleonMini/XBoxDev/xbox-linux/include/uapi/linux/reboot.h
/home/god/ChameleonMini/XBoxDev/xbox-linux/kernel/reboot.c
/home/god/ChameleonMini/XBoxDev/xbox-linux/kernel/smpboot.c
/home/god/ChameleonMini/XBoxDev/xbox-linux/kernel/smpboot.h
/home/god/ChameleonMini/XBoxDev/xbox-linux/kernel/trace/trace_boot.c
/home/god/ChameleonMini/XBoxDev/xbox-linux/lib/bootconfig.c
/home/god/ChameleonMini/XBoxDev/xbox-linux/lib/test_firmware.c
/home/god/ChameleonMini/XBoxDev/xbox-linux/scripts/bootgraph.pl
/home/god/ChameleonMini/XBoxDev/xbox-linux/scripts/get_dvb_firmware
/home/god/ChameleonMini/XBoxDev/xbox-linux/scripts/mkuboot.sh
/home/god/ChameleonMini/XBoxDev/xbox-linux/sound/soc/intel/common/sst-firmware.c
/home/god/ChameleonMini/XBoxDev/xbox-linux/sound/usb/6fire/firmware.c
/home/god/ChameleonMini/XBoxDev/xbox-linux/sound/usb/6fire/firmware.h
/home/god/ChameleonMini/XBoxDev/xbox-linux/tools/bootconfig
/home/god/ChameleonMini/XBoxDev/xbox-linux/tools/bootconfig/include/linux/bootconfig.h
/home/god/ChameleonMini/XBoxDev/xbox-linux/tools/bootconfig/test-bootconfig.sh
/home/god/ChameleonMini/XBoxDev/xbox-linux/tools/firmware
/home/god/ChameleonMini/XBoxDev/xbox-linux/tools/power/pm-graph/bootgraph.8
/home/god/ChameleonMini/XBoxDev/xbox-linux/tools/power/pm-graph/bootgraph.py
/home/god/ChameleonMini/XBoxDev/xbox-linux/tools/testing/selftests/firmware
/home/god/ChameleonMini/XBoxDev/xbox-linux/tools/testing/selftests/powerpc/primitives/asm/firmware.h
/home/god/ChameleonMini/XBoxDev/xbox-linux/tools/testing/selftests/pstore/pstore_post_reboot_tests
/home/god/ChameleonMini/XBoxDev/xbox-linux/tools/testing/selftests/rcutorture/configs/lock/BUSTED.boot
/home/god/ChameleonMini/XBoxDev/xbox-linux/tools/testing/selftests/rcutorture/configs/lock/LOCK02.boot
/home/god/ChameleonMini/XBoxDev/xbox-linux/tools/testing/selftests/rcutorture/configs/lock/LOCK03.boot
/home/god/ChameleonMini/XBoxDev/xbox-linux/tools/testing/selftests/rcutorture/configs/lock/LOCK04.boot
/home/god/ChameleonMini/XBoxDev/xbox-linux/tools/testing/selftests/rcutorture/configs/lock/LOCK05.boot
/home/god/ChameleonMini/XBoxDev/xbox-linux/tools/testing/selftests/rcutorture/configs/lock/LOCK06.boot
/home/god/ChameleonMini/XBoxDev/xbox-linux/tools/testing/selftests/rcutorture/configs/lock/LOCK07.boot
/home/god/ChameleonMini/XBoxDev/xbox-linux/tools/testing/selftests/rcutorture/configs/rcu/BUSTED.boot
/home/god/ChameleonMini/XBoxDev/xbox-linux/tools/testing/selftests/rcutorture/configs/rcu/RUDE01.boot
/home/god/ChameleonMini/XBoxDev/xbox-linux/tools/testing/selftests/rcutorture/configs/rcu/SRCU-N.boot
/home/god/ChameleonMini/XBoxDev/xbox-linux/tools/testing/selftests/rcutorture/configs/rcu/SRCU-P.boot
/home/god/ChameleonMini/XBoxDev/xbox-linux/tools/testing/selftests/rcutorture/configs/rcu/SRCU-t.boot
/home/god/ChameleonMini/XBoxDev/xbox-linux/tools/testing/selftests/rcutorture/configs/rcu/SRCU-u.boot
/home/god/ChameleonMini/XBoxDev/xbox-linux/tools/testing/selftests/rcutorture/configs/rcu/TASKS01.boot
/home/god/ChameleonMini/XBoxDev/xbox-linux/tools/testing/selftests/rcutorture/configs/rcu/TASKS02.boot
/home/god/ChameleonMini/XBoxDev/xbox-linux/tools/testing/selftests/rcutorture/configs/rcu/TASKS03.boot
/home/god/ChameleonMini/XBoxDev/xbox-linux/tools/testing/selftests/rcutorture/configs/rcu/TINY02.boot
/home/god/ChameleonMini/XBoxDev/xbox-linux/tools/testing/selftests/rcutorture/configs/rcu/TRACE01.boot
/home/god/ChameleonMini/XBoxDev/xbox-linux/tools/testing/selftests/rcutorture/configs/rcu/TRACE02.boot
/home/god/ChameleonMini/XBoxDev/xbox-linux/tools/testing/selftests/rcutorture/configs/rcu/TREE01.boot
/home/god/ChameleonMini/XBoxDev/xbox-linux/tools/testing/selftests/rcutorture/configs/rcu/TREE03.boot
/home/god/ChameleonMini/XBoxDev/xbox-linux/tools/testing/selftests/rcutorture/configs/rcu/TREE04.boot
/home/god/ChameleonMini/XBoxDev/xbox-linux/tools/testing/selftests/rcutorture/configs/rcu/TREE05.boot
/home/god/ChameleonMini/XBoxDev/xbox-linux/tools/testing/selftests/rcutorture/configs/rcu/TREE06.boot
/home/god/ChameleonMini/XBoxDev/xbox-linux/tools/testing/selftests/rcutorture/configs/rcu/TREE07.boot
/home/god/ChameleonMini/XBoxDev/xbox-linux/tools/testing/selftests/rcutorture/configs/rcu/TREE08.boot
/home/god/ChameleonMini/XBoxDev/xbox-linux/tools/testing/selftests/rcutorture/configs/rcu/TRIVIAL.boot
/home/god/ChameleonMini/iceman1001/ChameleonMini-rebooted
/home/god/ChameleonMini/iceman1001/ChameleonMini-rebooted/Firmware
/home/god/ChameleonMini/iceman1001/ChameleonMini-rebooted/Firmware/Atmel-DFU-Bootloader
/home/god/ChameleonMini/iceman1001/ChameleonMini-rebooted/Firmware/Atmel-DFU-Bootloader/common/services/usb/class/dfu_flip/device/bootloader
/home/god/ChameleonMini/iceman1001/ChameleonMini-rebooted/Firmware/Atmel-DFU-Bootloader/common/services/usb/class/dfu_flip/device/bootloader/xmega/atxmega32a4u/iar/atxmega32a4u_boot.xcl
/home/god/ChameleonMini/iceman1001/ChameleonMini-rebooted/Schematics/Chameleon_mini_E_RDV20_REBOOTED.pdf
/home/god/ChameleonMini/iceman1001/ChameleonMini-rebooted/Software/Flashing-Windows/BOOT_LOADER_EXE.exe
/home/god/ChameleonMini/iceman1001/ChameleonMini-rebooted/Software/Flashing-Windows/GenerateBootloader.bat
/home/god/ChameleonMini/iceman1001/ChameleonMini-rebooted/Software/Original-Windows/BOOT_LOADER_EXE.exe
/home/god/ChameleonMini/iceman1001/ChameleonMini-rebooted/Software/Original-Windows/Chameleon Mini RevE Rebooted.exe
/home/god/ChameleonMini/iceman1001/ChameleonMini-rebooted/Software/Original-Windows/Chameleon Mini RevE Rebooted_en.exe
/home/god/ChameleonMini/iceman1001/ChameleonMini-rebooted/Software/Original-Windows/GenerateBootloader.bat
/home/god/ChameleonMini/saved-docs/web/2.2 Bootloader Code, Application Code, and Application Data Sections.html
/home/god/ChameleonMini/saved-docs/web/2.2 Bootloader Code, Application Code, and Application Data Sections_files
/home/god/ChameleonMini/saved-docs/web/3.2 Configuring Application for Use with Bootloader.html
/home/god/ChameleonMini/saved-docs/web/3.2 Configuring Application for Use with Bootloader_files
/home/god/ChameleonMini/saved-docs/web/3.3.1 BOOTRP and APPCODEWP_files
/home/god/ChameleonMini/saved-docs/web/3.4 Bootloader Operation.html
/home/god/ChameleonMini/saved-docs/web/3.4 Bootloader Operation_files
/home/god/ChameleonMini/saved-docs/web/Solutions _ Microchip Technology_files/bootstrap.min.js
/home/god/ChameleonMini/saved-docs/web/Solutions _ Microchip Technology_files/bootstrap.min.ACSHASH5cc1b73e70520fa84b1846afe0ec8fb6.js
/home/god/ChameleonMini/saved-docs/web/Solutions _ Microchip Technology_files/bootstrap.min.css
/home/god/ChameleonMini/saved-docs/web/Solutions _ Microchip Technology_files/bootstrap.min.ACSHASH45a8cb3dfeffe47fbcca0806c7fc1960.css
/home/god/ChameleonMini/saved-docs/web/Support _ Microchip Technology_files/bootstrap.min.js
/home/god/ChameleonMini/saved-docs/web/Support _ Microchip Technology_files/bootstrap.min.ACSHASH5cc1b73e70520fa84b1846afe0ec8fb6.js
/home/god/ChameleonMini/saved-docs/web/Support _ Microchip Technology_files/bootstrap.min.ACSHASH45a8cb3dfeffe47fbcca0806c7fc1960.css
/home/god/ChameleonMini/saved-docs/web/Support _ Microchip Technology_files/bootstrap.min.css
/home/god/ChameleonMini/saved-docs/web/atmel avr bootloader source at DuckDuckGo_files
/home/god/ChameleonMini/saved-docs/web/Chameleon Mini RevE rebooted Usage - Embedded Lab Vienna for IoT & Security.html
/home/god/ChameleonMini/saved-docs/web/Chameleon Mini RevE rebooted Usage - Embedded Lab Vienna for IoT & Security_files
/home/god/ChameleonMini/saved-docs/web/Chameleon Mini RevE rebooted Usage - Embedded Lab Vienna for IoT & Security_files/500px-Chameleon-Mini-RevE-Rebooted.jpg
/home/god/ChameleonMini/saved-docs/web/Chameleon Mini RevE rebooted Usage - Embedded Lab Vienna for IoT & Security_files/Chameleon-Mini-RevE-Rebooted.jpg
/home/god/ChameleonMini/saved-docs/web/Chameleon Mini RevE rebooted Usage - Embedded Lab Vienna for IoT & Security_files/750px-Chameleon-Mini-RevE-Rebooted.jpg
/home/god/ChameleonMini/saved-docs/web/chameleon mini revg bootloader at DuckDuckGo.html
/home/god/ChameleonMini/saved-docs/web/chameleon mini revg bootloader at DuckDuckGo_files
/home/god/ChameleonMini/saved-docs/web/Xbox Linux - Wikipedia_files/Linux_Booting_on_Xbox_screenshot.JPG
/home/god/ChameleonMini/saved-docs/web/Xbox Linux - Wikipedia_files/Linux_Booting_on_Xbox_screenshot_002.JPG
/home/god/ChameleonMini/saved-docs/web/A. Upgrade to the latest firmware - ChameleonMini & ChameleonTiny by ProxGrind.html
/home/god/ChameleonMini/saved-docs/web/A. Upgrade to the latest firmware - ChameleonMini & ChameleonTiny by ProxGrind_files
/home/god/ChameleonMini/saved-docs/web/ChameleonMini-rebooted_Firmware_Original-Compiled at master · iceman1001_ChameleonMini-rebooted · GitHub.html
/home/god/ChameleonMini/saved-docs/web/ChameleonMini-rebooted_Firmware_Original-Compiled at master · iceman1001_ChameleonMini-rebooted · GitHub_files
/home/god/ChameleonMini/saved-docs/web/ChameleonMini-rebooted_Software_Flashing-Windows at master · iceman1001_ChameleonMini-rebooted · GitHub.html
/home/god/ChameleonMini/saved-docs/web/ChameleonMini-rebooted_Software_Flashing-Windows at master · iceman1001_ChameleonMini-rebooted · GitHub_files
/home/god/ChameleonMini/saved-docs/web/Configurations · iceman1001_ChameleonMini-rebooted Wiki · GitHub_files
/home/god/ChameleonMini/saved-docs/web/Getting started - iceman1001_ChameleonMini-rebooted GitHub Wiki_files
/home/god/ChameleonMini/saved-docs/web/Terminal Commands - iceman1001_ChameleonMini-rebooted GitHub Wiki.html
/home/god/ChameleonMini/saved-docs/web/Terminal Commands - iceman1001_ChameleonMini-rebooted GitHub Wiki_files
/home/god/ChameleonMini/saved-docs/web/USB 2.0 Specification _ USB-IF 2_files/drupal.bootstrap.js
/home/god/ChameleonMini/saved-docs/web/USB 2.0 Specification _ USB-IF_files/drupal.bootstrap.js
/home/god/ChameleonMini/saved-docs/web/Document Library _ USB-IF_files/drupal.bootstrap.js
/home/god/ChameleonMini/saved-docs/web/ATxmega128A4U _ Microchip Technology_files/microchip_data/bootstrap.bundle.min.js
/home/god/ChameleonMini/saved-docs/web/ATxmega128A4U _ Microchip Technology_files/microchip_data/bootstrap.min.css
/home/god/ChameleonMini/saved-docs/web/ATxmega128A4U _ Microchip Technology_files/bootstrap.min.js
/home/god/ChameleonMini/saved-docs/web/ATxmega128A4U _ Microchip Technology_files/bootstrap.min.ACSHASH5cc1b73e70520fa84b1846afe0ec8fb6.js
/home/god/ChameleonMini/saved-docs/web/ATxmega128A4U _ Microchip Technology_files/bootstrap.min.css
/home/god/ChameleonMini/saved-docs/web/ATxmega128A4U _ Microchip Technology_files/bootstrap.min.ACSHASH45a8cb3dfeffe47fbcca0806c7fc1960.css
/home/god/ChameleonMini/saved-docs/web/Basic USB Concepts and FAQs _ Microchip Technology_files/bootstrap.min.js
/home/god/ChameleonMini/saved-docs/web/Basic USB Concepts and FAQs _ Microchip Technology_files/bootstrap.min.ACSHASH5cc1b73e70520fa84b1846afe0ec8fb6.js
/home/god/ChameleonMini/saved-docs/web/Basic USB Concepts and FAQs _ Microchip Technology_files/bootstrap.min.ACSHASH45a8cb3dfeffe47fbcca0806c7fc1960.css
/home/god/ChameleonMini/saved-docs/web/Basic USB Concepts and FAQs _ Microchip Technology_files/bootstrap.min.css
/home/god/ChameleonMini/saved-docs/web/Configurations · iceman1001_ChameleonMini-rebooted Wiki · GitHub.html
/home/god/ChameleonMini/saved-docs/web/Getting started - iceman1001_ChameleonMini-rebooted GitHub Wiki.html
/home/god/ChameleonMini/saved-docs/web/How to program with AVRISP mkII - iceman1001_ChameleonMini-rebooted GitHub Wiki.html
/home/god/ChameleonMini/saved-docs/web/How to program with AVRISP mkII - iceman1001_ChameleonMini-rebooted GitHub Wiki_files
/home/god/ChameleonMini/saved-docs/web/USB – Universal Serial Bus 3.0 and 2.0 Specifications_files/bootstrap-js.min.js
/home/god/ChameleonMini/saved-docs/web/USB – Universal Serial Bus 3.0 and 2.0 Specifications_files/bootstrap-affix.min.js
/home/god/ChameleonMini/saved-docs/web/USB – Universal Serial Bus 3.0 and 2.0 Specifications_files/bootstrap-css.min.css
/home/god/ChameleonMini/saved-docs/web/atmel avr bootloader source at DuckDuckGo.html
/home/god/ChameleonMini/saved-docs/web/How to Boot Sky Devices Elite A5 Recovery Mode and Fastboot Mode - Droid Recovery.html
/home/god/ChameleonMini/saved-docs/web/How to Boot Sky Devices Elite A5 Recovery Mode and Fastboot Mode - Droid Recovery_files
/home/god/ChameleonMini/saved-docs/web/How to Boot Sky Devices Elite A5 Recovery Mode and Fastboot Mode - Droid Recovery_files/fastboot-mode.png
/home/god/ChameleonMini/saved-docs/web/How to Boot Sky Devices Elite A5 Recovery Mode and Fastboot Mode - Droid Recovery_files/Android-Boot-Mode-768x323.jpg
/home/god/ChameleonMini/saved-docs/web/How to Boot Sky Devices Elite A5 Recovery Mode and Fastboot Mode - Droid Recovery_files/Android-Boot-Mode-Recovery-Mode-768x323.jpg
/home/god/ChameleonMini/saved-docs/web/How to Boot Sky Devices Elite A5 Recovery Mode and Fastboot Mode - Droid Recovery_files/Android-Boot-Mode-300x126.jpg
/home/god/ChameleonMini/saved-docs/web/How to Boot Sky Devices Elite A5 Recovery Mode and Fastboot Mode - Droid Recovery_files/Android-Boot-Mode.jpg
/home/god/ChameleonMini/saved-docs/web/How to Boot Sky Devices Elite A5 Recovery Mode and Fastboot Mode - Droid Recovery_files/Android-Boot-Mode-Recovery-Mode-300x126.jpg
/home/god/ChameleonMini/saved-docs/web/How to Boot Sky Devices Elite A5 Recovery Mode and Fastboot Mode - Droid Recovery_files/fastboot-mode-300x158.png
/home/god/ChameleonMini/saved-docs/web/How to Boot Sky Devices Elite A5 Recovery Mode and Fastboot Mode - Droid Recovery_files/Android-Boot-Mode-Recovery-Mode.jpg
/home/god/ChameleonMini/saved-docs/web/Sky Devices Elite A5 USB Drivers (DOWNLOAD) - Android USB Drivers_files/ADB-and-Fastboot-installer.png
/home/god/ChameleonMini/saved-docs/web/Sky Devices Elite A5 USB Drivers (DOWNLOAD) - Android USB Drivers_files/Install-ADB-and-Fastboot-Driver.png
/home/god/ChameleonMini/saved-docs/web/Sky Devices Elite A5 USB Drivers (DOWNLOAD) - Android USB Drivers_files/Install-ADB-and-Fastboot-Driver-300x157.png
/home/god/ChameleonMini/saved-docs/web/Sky Devices Elite A5 USB Drivers (DOWNLOAD) - Android USB Drivers_files/Install-ADB-and-Fastboot-Driver-768x402.png
/home/god/ChameleonMini/saved-docs/web/Sky Devices Elite A5 USB Drivers (DOWNLOAD) - Android USB Drivers_files/Install-Android-Bootloader-Interface-Driver.png
/home/god/ChameleonMini/saved-docs/web/Sky Devices Elite A5 USB Drivers (DOWNLOAD) - Android USB Drivers_files/Open-ADB-and-Fastboot-Installer.png
/home/god/ChameleonMini/saved-docs/web/Sky Devices Elite A5 USB Drivers (DOWNLOAD) - Android USB Drivers_files/ADB-and-Fastboot-installer-300x157.png
/home/god/ChameleonMini/saved-docs/web/Sky Devices Elite A5 USB Drivers (DOWNLOAD) - Android USB Drivers_files/Install-Android-Bootloader-Interface-Driver-300x222.png
/home/god/ChameleonMini/saved-docs/web/Sky Devices Elite A5 USB Drivers (DOWNLOAD) - Android USB Drivers_files/ADB-and-Fastboot-installer-768x402.png
/home/god/ChameleonMini/saved-docs/pdf/AVRSerialBootloader-ProfDan-AVR2054.pdf
/home/god/ChameleonMini/saved-docs/pdf/Atmel-8390-WIRELESS-AVR2054-Serial-Bootloader-User-Guide_Application-Note.pdf
/home/god/ChameleonMini/chameleon-driver-docs/ChameleonFirmwareUpgrade.bat
/home/god/ChameleonMini/avrdudes/avrdude/src/bootstrap
/home/god/ChameleonMini/avrdudes/avrdude/src/urbootautogen.c
/home/god/ChameleonMini/avrdudes/avrdude/src/urbootlist.c
/home/god/ChameleonMini/avrdudes/avrdude/src/urbootlist.h
/home/god/ChameleonMini/avrdudes/avrdude/tools/bootloader-hash
/home/god/ChameleonMini/avrdudes/avrdude/tools/test_files/rjmp_loops_for_bootloaders_10240B.hex
/home/god/ChameleonMini/avrdudes/avrdude/tools/test_files/rjmp_loops_for_bootloaders_1024B.hex
/home/god/ChameleonMini/avrdudes/avrdude/tools/test_files/rjmp_loops_for_bootloaders_131072B.hex
/home/god/ChameleonMini/avrdudes/avrdude/tools/test_files/rjmp_loops_for_bootloaders_139264B.hex
/home/god/ChameleonMini/avrdudes/avrdude/tools/test_files/rjmp_loops_for_bootloaders_16384B.hex
/home/god/ChameleonMini/avrdudes/avrdude/tools/test_files/rjmp_loops_for_bootloaders_204800B.hex
/home/god/ChameleonMini/avrdudes/avrdude/tools/test_files/rjmp_loops_for_bootloaders_20480B.hex
/home/god/ChameleonMini/avrdudes/avrdude/tools/test_files/rjmp_loops_for_bootloaders_2048B.hex
/home/god/ChameleonMini/avrdudes/avrdude/tools/test_files/rjmp_loops_for_bootloaders_262144B.hex
/home/god/ChameleonMini/avrdudes/avrdude/tools/test_files/rjmp_loops_for_bootloaders_270336B.hex
/home/god/ChameleonMini/avrdudes/avrdude/tools/test_files/rjmp_loops_for_bootloaders_32768B.hex
/home/god/ChameleonMini/avrdudes/avrdude/tools/test_files/rjmp_loops_for_bootloaders_36864B.hex
/home/god/ChameleonMini/avrdudes/avrdude/tools/test_files/rjmp_loops_for_bootloaders_401408B.hex
/home/god/ChameleonMini/avrdudes/avrdude/tools/test_files/rjmp_loops_for_bootloaders_40960B.hex
/home/god/ChameleonMini/avrdudes/avrdude/tools/test_files/rjmp_loops_for_bootloaders_4096B.hex
/home/god/ChameleonMini/avrdudes/avrdude/tools/test_files/rjmp_loops_for_bootloaders_49152B.hex
/home/god/ChameleonMini/avrdudes/avrdude/tools/test_files/rjmp_loops_for_bootloaders_512B.hex
/home/god/ChameleonMini/avrdudes/avrdude/tools/test_files/rjmp_loops_for_bootloaders_524288B.hex
/home/god/ChameleonMini/avrdudes/avrdude/tools/test_files/rjmp_loops_for_bootloaders_65536B.hex
/home/god/ChameleonMini/avrdudes/avrdude/tools/test_files/rjmp_loops_for_bootloaders_69632B.hex
/home/god/ChameleonMini/avrdudes/avrdude/tools/test_files/rjmp_loops_for_bootloaders_8192B.hex
/home/god/ChameleonMini/avrdudes/avrdude/tools/test_files/urboot_m2560_1s_x16m0_115k2_uart0_rxe0_txe1_led+b7_pr_ee_ce.hex
/home/god/ChameleonMini/avrdudes/avr-libc/bootstrap
/home/god/ChameleonMini/avrdudes/avr-libc/include/avr/boot.h
/home/god/ChameleonMini/avrdudes/avarice/Bootstrap
/home/god/ChameleonMini/abcminiuser/lufa/Bootloaders
/home/god/ChameleonMini/abcminiuser/lufa/Bootloaders/CDC/BootloaderAPI.c
/home/god/ChameleonMini/abcminiuser/lufa/Bootloaders/CDC/BootloaderAPI.h
/home/god/ChameleonMini/abcminiuser/lufa/Bootloaders/CDC/BootloaderAPITable.S
/home/god/ChameleonMini/abcminiuser/lufa/Bootloaders/CDC/BootloaderCDC.c
/home/god/ChameleonMini/abcminiuser/lufa/Bootloaders/CDC/BootloaderCDC.h
/home/god/ChameleonMini/abcminiuser/lufa/Bootloaders/CDC/BootloaderCDC.txt
/home/god/ChameleonMini/abcminiuser/lufa/Bootloaders/CDC/LUFA CDC Bootloader.inf
/home/god/ChameleonMini/abcminiuser/lufa/Bootloaders/DFU/BootloaderAPI.c
/home/god/ChameleonMini/abcminiuser/lufa/Bootloaders/DFU/BootloaderAPI.h
/home/god/ChameleonMini/abcminiuser/lufa/Bootloaders/DFU/BootloaderAPITable.S
/home/god/ChameleonMini/abcminiuser/lufa/Bootloaders/DFU/BootloaderDFU.c
/home/god/ChameleonMini/abcminiuser/lufa/Bootloaders/DFU/BootloaderDFU.h
/home/god/ChameleonMini/abcminiuser/lufa/Bootloaders/DFU/BootloaderDFU.txt
/home/god/ChameleonMini/abcminiuser/lufa/Bootloaders/HID/BootloaderHID.c
/home/god/ChameleonMini/abcminiuser/lufa/Bootloaders/HID/BootloaderHID.h
/home/god/ChameleonMini/abcminiuser/lufa/Bootloaders/HID/BootloaderHID.txt
/home/god/ChameleonMini/abcminiuser/lufa/Bootloaders/HID/HostLoaderApp/hid_bootloader_cli.c
/home/god/ChameleonMini/abcminiuser/lufa/Bootloaders/HID/HostLoaderApp_Python/hid_bootloader_loader.py
/home/god/ChameleonMini/abcminiuser/lufa/Bootloaders/MassStorage/BootloaderAPI.c
/home/god/ChameleonMini/abcminiuser/lufa/Bootloaders/MassStorage/BootloaderAPI.h
/home/god/ChameleonMini/abcminiuser/lufa/Bootloaders/MassStorage/BootloaderAPITable.S
/home/god/ChameleonMini/abcminiuser/lufa/Bootloaders/MassStorage/BootloaderMassStorage.c
/home/god/ChameleonMini/abcminiuser/lufa/Bootloaders/MassStorage/BootloaderMassStorage.h
/home/god/ChameleonMini/abcminiuser/lufa/Bootloaders/MassStorage/BootloaderMassStorage.txt
/home/god/ChameleonMini/abcminiuser/lufa/Bootloaders/Printer/BootloaderAPI.c
/home/god/ChameleonMini/abcminiuser/lufa/Bootloaders/Printer/BootloaderAPI.h
/home/god/ChameleonMini/abcminiuser/lufa/Bootloaders/Printer/BootloaderAPITable.S
/home/god/ChameleonMini/abcminiuser/lufa/Bootloaders/Printer/BootloaderPrinter.c
/home/god/ChameleonMini/abcminiuser/lufa/Bootloaders/Printer/BootloaderPrinter.h
/home/god/ChameleonMini/abcminiuser/lufa/Bootloaders/Printer/BootloaderPrinter.txt
/home/god/ChameleonMini/abcminiuser/lufa/BuildTests/BootloaderTest
/home/god/ChameleonMini/abcminiuser/lufa/BuildTests/BootloaderTest/BootloaderDeviceMap.cfg
/home/god/ChameleonMini/abcminiuser/lufa/LUFA/DoxygenPages/SoftwareBootloaderJump.txt
/home/god/ChameleonMini/libusb/libusb/bootstrap.sh
/home/god/ChameleonMini/unicode-org/cldr/tools/cldr-apps/docker/bootstrap-docker.properties
/home/god/ChameleonMini/unicode-org/cldr/tools/cldr-apps/src/main/webapp/WEB-INF/jspf/bootstrap_css.jspf
/home/god/ChameleonMini/unicode-org/cldr/tools/cldr-apps/src/main/webapp/js/bootstrap.min.js
/home/god/ChameleonMini/unicode-org/cldr/tools/cldr-code/src/main/java/org/unicode/cldr/tool/GeneratePluralConfirmation.java
/home/god/ChameleonMini/unicode-org/cldr/tools/scripts/ansible/templates/bootstrap-properties.j2
/home/god/ChameleonMini/m3y54m/simple-avr-bootloader
/home/god/ChameleonMini/m3y54m/simple-avr-bootloader/firmware-upload-tool
/home/god/ChameleonMini/m3y54m/simple-avr-bootloader/firmware
/home/god/ChameleonMini/m3y54m/simple-avr-bootloader/firmware/boot_sync.h
/home/god/ChameleonMini/m3y54m/simple-avr-bootloader/firmware/bootloader
/home/god/ChameleonMini/m3y54m/simple-avr-bootloader/first-steps/2-hardcoded-bootloader
/home/god/ChameleonMini/a-boot
/home/god/ChameleonMini/a-boot/a-boot_2_1.7z
/home/god/ChameleonMini/Optiboot
/home/god/ChameleonMini/Optiboot/optiboot
/home/god/ChameleonMini/Optiboot/optiboot/Wiki/AddingOptibootChipsToIde.md
/home/god/ChameleonMini/Optiboot/optiboot/Wiki/BootloaderIntro.txt
/home/god/ChameleonMini/Optiboot/optiboot/Wiki/CompilingOptiboot.md
/home/god/ChameleonMini/Optiboot/optiboot/Wiki/CompilingOptiboot_x.md
/home/god/ChameleonMini/Optiboot/optiboot/Wiki/HowOptibootWorks.md
/home/god/ChameleonMini/Optiboot/optiboot/Wiki/Optiboot Basic Logic-1.png
/home/god/ChameleonMini/Optiboot/optiboot/Wiki/Virtual-Boot-Partition.md
/home/god/ChameleonMini/Optiboot/optiboot/Wiki/optiboot.png
/home/god/ChameleonMini/Optiboot/optiboot/docs/optiboot.png
/home/god/ChameleonMini/Optiboot/optiboot/optiboot
/home/god/ChameleonMini/Optiboot/optiboot/optiboot/AS7/Optiboot.atsln
/home/god/ChameleonMini/Optiboot/optiboot/optiboot/AS7/Projects/Optiboot_Curiosity3217.componentinfo.xml
/home/god/ChameleonMini/Optiboot/optiboot/optiboot/AS7/Projects/Optiboot_Curiosity3217.cproj
/home/god/ChameleonMini/Optiboot/optiboot/optiboot/AS7/Projects/Optiboot_Curiosity4809.componentinfo.xml
/home/god/ChameleonMini/Optiboot/optiboot/optiboot/AS7/Projects/Optiboot_Curiosity4809.cproj
/home/god/ChameleonMini/Optiboot/optiboot/optiboot/AS7/Projects/Optiboot_Xplained817.componentinfo.xml
/home/god/ChameleonMini/Optiboot/optiboot/optiboot/AS7/Projects/Optiboot_Xplained817.cproj
/home/god/ChameleonMini/Optiboot/optiboot/optiboot/AS7/Projects/Optiboot_xplained168pb.componentinfo.xml
/home/god/ChameleonMini/Optiboot/optiboot/optiboot/AS7/Projects/Optiboot_xplained168pb.cproj
/home/god/ChameleonMini/Optiboot/optiboot/optiboot/AS7/Projects/Optiboot_xplained328p.componentinfo.xml
/home/god/ChameleonMini/Optiboot/optiboot/optiboot/AS7/Projects/Optiboot_xplained328p.cproj
/home/god/ChameleonMini/Optiboot/optiboot/optiboot/AS7/Projects/Optiboot_xplained328pb.componentinfo.xml
/home/god/ChameleonMini/Optiboot/optiboot/optiboot/AS7/Projects/Optiboot_xplained328pb.cproj
/home/god/ChameleonMini/Optiboot/optiboot/optiboot/bootloaders
/home/god/ChameleonMini/Optiboot/optiboot/optiboot/bootloaders/optiboot
/home/god/ChameleonMini/Optiboot/optiboot/optiboot/bootloaders/optiboot/boot_opt.h
/home/god/ChameleonMini/Optiboot/optiboot/optiboot/bootloaders/optiboot/link_optiboot.ld
/home/god/ChameleonMini/Optiboot/optiboot/optiboot/bootloaders/optiboot/optiboot.c
/home/god/ChameleonMini/Optiboot/optiboot/optiboot/bootloaders/optiboot/optiboot_atmega1280.hex
/home/god/ChameleonMini/Optiboot/optiboot/optiboot/bootloaders/optiboot/optiboot_atmega1280.lst
/home/god/ChameleonMini/Optiboot/optiboot/optiboot/bootloaders/optiboot/optiboot_atmega328.hex
/home/god/ChameleonMini/Optiboot/optiboot/optiboot/bootloaders/optiboot/optiboot_atmega328.lst
/home/god/ChameleonMini/Optiboot/optiboot/optiboot/bootloaders/optiboot/optiboot_atmega644p.hex
/home/god/ChameleonMini/Optiboot/optiboot/optiboot/bootloaders/optiboot/optiboot_atmega644p.lst
/home/god/ChameleonMini/Optiboot/optiboot/optiboot/bootloaders/optiboot/optiboot_x.c
/home/god/ChameleonMini/Optiboot/optiboot/optiboot/examples/demo_dospm/optiboot.h
/home/god/ChameleonMini/Optiboot/optiboot/optiboot/examples/demo_flashwrite/optiboot.h
/home/god/ChameleonMini/Optiboot/optiboot/optiboot/examples/test_nvmctrl/optiboot.h
/home/god/ChameleonMini/Optiboot/optiboot/optiboot/package_optiboot_optiboot-additional_index.json.TEMPLATE
/home/god/ChromeOSBookLDESystemFiles/etc-ssl-certs/Autoridad_de_Certificacion_Firmaprofesional_CIF_A62634068.pem
/home/god/ChromeOSBookLDESystemFiles/etc-ssl-certs/FIRMAPROFESIONAL_CA_ROOT-A_WEB.pem
/home/god/ChromeOSBookLDESystemFiles/etc-ssl-certs/AffirmTrust_Premium.pem
/home/god/ChromeOSBookLDESystemFiles/etc-ssl-certs/AffirmTrust_Commercial.pem
/home/god/ChromeOSBookLDESystemFiles/etc-ssl-certs/AffirmTrust_Premium_ECC.pem
/home/god/ChromeOSBookLDESystemFiles/etc-ssl-certs/AffirmTrust_Networking.pem
/home/god/ChromeOSBookLDESystemFiles/sys-firmware
/home/god/ChromeOSBookLDESystemFiles/sys-firmware/devicetree/base/chosen/bootargs
/home/god/ChromeOSBookLDESystemFiles/proc-sys-kernel/random/boot_id
/home/god/ChromeOSBookLDESystemFiles/user-include/aarch64-linux-gnu/sys/reboot.h
/home/god/ChromeOSBookLDESystemFiles/user-include/i386-linux-gnu/asm/boot.h
/home/god/ChromeOSBookLDESystemFiles/user-include/i386-linux-gnu/asm/bootparam.h
/home/god/ChromeOSBookLDESystemFiles/user-include/linux/reboot.h
/home/god/ChromeOSBookLDESystemFiles/user-include/m68k-linux-gnu/asm/bootinfo-amiga.h
/home/god/ChromeOSBookLDESystemFiles/user-include/m68k-linux-gnu/asm/bootinfo-apollo.h
/home/god/ChromeOSBookLDESystemFiles/user-include/m68k-linux-gnu/asm/bootinfo-atari.h
/home/god/ChromeOSBookLDESystemFiles/user-include/m68k-linux-gnu/asm/bootinfo-hp300.h
/home/god/ChromeOSBookLDESystemFiles/user-include/m68k-linux-gnu/asm/bootinfo-mac.h
/home/god/ChromeOSBookLDESystemFiles/user-include/m68k-linux-gnu/asm/bootinfo-q40.h
/home/god/ChromeOSBookLDESystemFiles/user-include/m68k-linux-gnu/asm/bootinfo-virt.h
/home/god/ChromeOSBookLDESystemFiles/user-include/m68k-linux-gnu/asm/bootinfo-vme.h
/home/god/ChromeOSBookLDESystemFiles/user-include/m68k-linux-gnu/asm/bootinfo.h
/home/god/ChromeOSBookLDESystemFiles/user-include/powerpc-linux-gnu/asm/bootx.h
/home/god/ChromeOSBookLDESystemFiles/user-include/powerpc64-linux-gnu/asm/bootx.h
/home/god/ChromeOSBookLDESystemFiles/user-include/powerpc64le-linux-gnu/asm/bootx.h
/home/god/ChromeOSBookLDESystemFiles/user-include/x86_64-linux-gnu/asm/boot.h
/home/god/ChromeOSBookLDESystemFiles/user-include/x86_64-linux-gnu/asm/bootparam.h
/home/god/ChromeOSBookLDESystemFiles/user-include/x86_64-linux-gnux32/asm/boot.h
/home/god/ChromeOSBookLDESystemFiles/user-include/x86_64-linux-gnux32/asm/bootparam.h
/home/god/ChromeOSBookLDESystemFiles/user-include/rpcsvc/bootparam_prot.h
/home/god/ChromeOSBookLDESystemFiles/user-include/rpcsvc/bootparam_prot.x
/home/god/ChromeOSBookLDESystemFiles/proc-sys-net-ipv4/conf/default/bootp_relay
/home/god/ChromeOSBookLDESystemFiles/proc-sys-net-ipv4/conf/all/bootp_relay
/home/god/ChromeOSBookLDESystemFiles/proc-sys-net-ipv4/conf/dummy0/bootp_relay
/home/god/ChromeOSBookLDESystemFiles/proc-sys-net-ipv4/conf/eth0/bootp_relay
/home/god/ChromeOSBookLDESystemFiles/proc-sys-net-ipv4/conf/lo/bootp_relay
/home/god/ChromeOSBookLDESystemFiles/sys-module/rcupdate/parameters/rcu_normal_after_boot
/home/god/ChromeOSBookLDESystemFiles/sys-module/rcupdate/parameters/rcu_boot_end_delay
/home/god/ChromeOSBookLDESystemFiles/sys-module/rcupdate/parameters/rcu_cpu_stall_suppress_at_boot
/home/god/ChromeOSBookLDESystemFiles/sys-module/firmware_class
/home/god/ChromeOSBookLDESystemFiles/sys-module/watchdog/parameters/stop_on_reboot
/home/god/ChromeOSBookLDESystemFiles/sys-module/watchdog/parameters/handle_boot_enabled
/home/god/find-boot_firm_coreboot.1.out
/proc/sys/kernel/random/boot_id
/proc/sys/net/ipv4/conf/all/bootp_relay
/proc/sys/net/ipv4/conf/default/bootp_relay
/proc/sys/net/ipv4/conf/dummy0/bootp_relay
/proc/sys/net/ipv4/conf/eth0/bootp_relay
/proc/sys/net/ipv4/conf/lo/bootp_relay
/sys/kernel/reboot
/sys/bus/usb-serial/drivers/keyspan_no_firm
/sys/firmware
/sys/firmware/devicetree/base/chosen/bootargs
/sys/module/rcupdate/parameters/rcu_normal_after_boot
/sys/module/rcupdate/parameters/rcu_cpu_stall_suppress_at_boot
/sys/module/rcupdate/parameters/rcu_boot_end_delay
/sys/module/firmware_class
/sys/module/watchdog/parameters/stop_on_reboot
/sys/module/watchdog/parameters/handle_boot_enabled
/usr/include/aarch64-linux-gnu/sys/reboot.h
/usr/include/i386-linux-gnu/asm/boot.h
/usr/include/i386-linux-gnu/asm/bootparam.h
/usr/include/linux/reboot.h
/usr/include/m68k-linux-gnu/asm/bootinfo-amiga.h
/usr/include/m68k-linux-gnu/asm/bootinfo-apollo.h
/usr/include/m68k-linux-gnu/asm/bootinfo-atari.h
/usr/include/m68k-linux-gnu/asm/bootinfo-hp300.h
/usr/include/m68k-linux-gnu/asm/bootinfo-mac.h
/usr/include/m68k-linux-gnu/asm/bootinfo-q40.h
/usr/include/m68k-linux-gnu/asm/bootinfo-virt.h
/usr/include/m68k-linux-gnu/asm/bootinfo-vme.h
/usr/include/m68k-linux-gnu/asm/bootinfo.h
/usr/include/powerpc-linux-gnu/asm/bootx.h
/usr/include/powerpc64-linux-gnu/asm/bootx.h
/usr/include/powerpc64le-linux-gnu/asm/bootx.h
/usr/include/x86_64-linux-gnu/asm/boot.h
/usr/include/x86_64-linux-gnu/asm/bootparam.h
/usr/include/x86_64-linux-gnux32/asm/boot.h
/usr/include/x86_64-linux-gnux32/asm/bootparam.h
/usr/include/rpcsvc/bootparam_prot.h
/usr/include/rpcsvc/bootparam_prot.x
/usr/lib/pcrlock.d/700-action-efi-exit-boot-services.pcrlock.d
/usr/lib/pcrlock.d/400-secureboot-separator.pcrlock.d
/usr/lib/python3.13/importlib/_bootstrap.py
/usr/lib/python3.13/importlib/_bootstrap_external.py
/usr/lib/python3.13/importlib/__pycache__/_bootstrap.cpython-313.pyc
/usr/lib/python3.13/importlib/__pycache__/_bootstrap_external.cpython-313.pyc
/usr/lib/udev/rules.d/50-firmware.rules
/usr/lib/systemd/systemd-boot-check-no-failures
/usr/lib/systemd/system/systemd-pcrlock-firmware-config.service
/usr/lib/systemd/system/boot-complete.target
/usr/lib/systemd/system/systemd-firstboot.service
/usr/lib/systemd/system/systemd-boot-check-no-failures.service
/usr/lib/systemd/system/soft-reboot.target
/usr/lib/systemd/system/systemd-pcrlock-secureboot-authority.service
/usr/lib/systemd/system/first-boot-complete.target
/usr/lib/systemd/system/systemd-pcrlock-firmware-code.service
/usr/lib/systemd/system/systemd-pcrlock-secureboot-policy.service
/usr/lib/systemd/system/sysinit.target.wants/systemd-firstboot.service
/usr/lib/systemd/system/systemd-reboot.service
/usr/lib/systemd/system/reboot.target
/usr/lib/systemd/system/systemd-soft-reboot.service
/usr/lib/linux/uapi/m68k/asm/bootinfo-amiga.h
/usr/lib/linux/uapi/m68k/asm/bootinfo-apollo.h
/usr/lib/linux/uapi/m68k/asm/bootinfo-atari.h
/usr/lib/linux/uapi/m68k/asm/bootinfo-hp300.h
/usr/lib/linux/uapi/m68k/asm/bootinfo-mac.h
/usr/lib/linux/uapi/m68k/asm/bootinfo-q40.h
/usr/lib/linux/uapi/m68k/asm/bootinfo-virt.h
/usr/lib/linux/uapi/m68k/asm/bootinfo-vme.h
/usr/lib/linux/uapi/m68k/asm/bootinfo.h
/usr/lib/linux/uapi/powerpc/asm/bootx.h
/usr/lib/linux/uapi/x86/asm/boot.h
/usr/lib/linux/uapi/x86/asm/bootparam.h
/usr/bin/systemd-firstboot
/usr/sbin/reboot
/usr/local/lib/systemd/system/first-boot-cros.service
/usr/local/bin/first-boot-cros
/usr/share/mime/application/x-ipod-firmware.xml
/usr/share/man/man8/systemd-boot-check-no-failures.8.gz
/usr/share/man/man8/systemd-soft-reboot.service.8.gz
/usr/share/man/man8/systemd-reboot.service.8.gz
/usr/share/man/man8/reboot.8.gz
/usr/share/man/man8/systemd-pcrlock-firmware-code.service.8.gz
/usr/share/man/man8/systemd-pcrlock-firmware-config.service.8.gz
/usr/share/man/man8/systemd-pcrlock-secureboot-policy.service.8.gz
/usr/share/man/man8/systemd-boot-check-no-failures.service.8.gz
/usr/share/man/man8/systemd-pcrlock-secureboot-authority.service.8.gz
/usr/share/man/man1/systemd-firstboot.1.gz
/usr/share/man/man1/systemd-firstboot.service.1.gz
/usr/share/man/man2/reboot.2.gz
/usr/share/man/man7/bootup.7.gz
/usr/share/man/man7/boot.7.gz
/usr/share/man/man7/bootparam.7.gz
/usr/share/icons/Adwaita/scalable/mimetypes/application-x-firmware.svg
/usr/share/icons/Adwaita/symbolic/actions/system-reboot-symbolic.svg
/usr/share/icons/Adwaita/symbolic/mimetypes/application-x-firmware-symbolic.svg
/usr/share/icons/Adwaita/16x16/mimetypes/application-x-firmware.png
/usr/share/ca-certificates/mozilla/AffirmTrust_Networking.crt
/usr/share/ca-certificates/mozilla/AffirmTrust_Premium_ECC.crt
/usr/share/ca-certificates/mozilla/FIRMAPROFESIONAL_CA_ROOT-A_WEB.crt
/usr/share/ca-certificates/mozilla/AffirmTrust_Premium.crt
/usr/share/ca-certificates/mozilla/Autoridad_de_Certificacion_Firmaprofesional_CIF_A62634068.crt
/usr/share/ca-certificates/mozilla/AffirmTrust_Commercial.crt
/usr/share/perl/5.40.1/ExtUtils/Mkbootstrap.pm
/var/log/bootstrap.log
