total 19M
drwxr-xr-x 1 AzureAD+BSAGuest 4096    0 Sep 10 12:05 ./
drwxr-xr-x 1 AzureAD+BSAGuest 4096    0 Sep 10 11:54 ../
-rw-r--r-- 1 AzureAD+BSAGuest 4096    0 Sep 10 12:05 ls.1.out
-rw-r--r-- 1 AzureAD+BSAGuest 4096 476K Sep  3 14:28 nestle via benefits - Search.pdf
drwxr-xr-x 1 AzureAD+BSAGuest 4096    0 Sep 10 12:04 redacting/
-rw-r--r-- 1 AzureAD+BSAGuest 4096  91K Sep  3 14:28 Screen recording 2026-07-31 2.17.12 PM.webm
-rw-r--r-- 1 AzureAD+BSAGuest 4096 939K Sep  3 14:28 Screen recording 2026-07-31 2.25.54 PM.webm
-rw-r--r-- 1 AzureAD+BSAGuest 4096 1.4M Sep  3 14:28 Screenshot 2026-07-31 1.43.56 PM.png
-rw-r--r-- 1 AzureAD+BSAGuest 4096 659K Sep  3 14:28 Screenshot 2026-07-31 1.44.05 PM.png
-rw-r--r-- 1 AzureAD+BSAGuest 4096 374K Sep  3 14:28 Screenshot 2026-07-31 1.51.36 PM.png
-rw-r--r-- 1 AzureAD+BSAGuest 4096 302K Sep  3 14:28 Screenshot 2026-07-31 2.04.11 PM.png
-rw-r--r-- 1 AzureAD+BSAGuest 4096 293K Sep  3 14:28 Screenshot 2026-07-31 2.04.37 PM.png
-rw-r--r-- 1 AzureAD+BSAGuest 4096 251K Sep  3 14:28 Screenshot 2026-07-31 2.09.26 PM.png
-rw-r--r-- 1 AzureAD+BSAGuest 4096 159K Sep  3 14:28 Screenshot 2026-07-31 2.10.08 PM.png
-rw-r--r-- 1 AzureAD+BSAGuest 4096 309K Sep  3 14:28 Screenshot 2026-07-31 2.12.17 PM.png
-rw-r--r-- 1 AzureAD+BSAGuest 4096 143K Sep  3 14:28 Screenshot 2026-07-31 2.14.10 PM.png
-rw-r--r-- 1 AzureAD+BSAGuest 4096 140K Sep  3 14:28 Screenshot 2026-07-31 2.16.28 PM.png
-rw-r--r-- 1 AzureAD+BSAGuest 4096 801K Sep  3 14:28 Screenshot 2026-07-31 2.17.25 PM.png
-rw-r--r-- 1 AzureAD+BSAGuest 4096 268K Sep  3 14:28 Screenshot 2026-07-31 2.19.46 PM.png
-rw-r--r-- 1 AzureAD+BSAGuest 4096 277K Sep  3 14:28 Screenshot 2026-07-31 2.20.03 PM.png
-rw-r--r-- 1 AzureAD+BSAGuest 4096 128K Sep  3 14:28 Screenshot 2026-07-31 2.20.17 PM.png
-rw-r--r-- 1 AzureAD+BSAGuest 4096 126K Sep  3 14:28 Screenshot 2026-07-31 2.20.55 PM.png
-rw-r--r-- 1 AzureAD+BSAGuest 4096 151K Sep  3 14:28 Screenshot 2026-07-31 2.20.58 PM.png
-rw-r--r-- 1 AzureAD+BSAGuest 4096 126K Sep  3 14:28 Screenshot 2026-07-31 2.21.10 PM.png
-rw-r--r-- 1 AzureAD+BSAGuest 4096 607K Sep  3 14:28 Screenshot 2026-07-31 2.25.11 PM.png
-rw-r--r-- 1 AzureAD+BSAGuest 4096 848K Sep  3 14:28 Screenshot 2026-07-31 2.25.43 PM.png
-rw-r--r-- 1 AzureAD+BSAGuest 4096 138K Sep  3 14:28 Screenshot 2026-07-31 2.29.01 PM.png
-rw-r--r-- 1 AzureAD+BSAGuest 4096 672K Sep  3 14:28 Screenshot 2026-07-31 2.29.47 PM.png
-rw-r--r-- 1 AzureAD+BSAGuest 4096 377K Sep  3 14:28 Screenshot 2026-07-31 2.30.04 PM.png
-rw-r--r-- 1 AzureAD+BSAGuest 4096 612K Sep  3 14:28 Screenshot 2026-07-31 2.30.24 PM.png
-rw-r--r-- 1 AzureAD+BSAGuest 4096 654K Sep  3 14:28 Screenshot 2026-07-31 2.30.36 PM.png
-rw-r--r-- 1 AzureAD+BSAGuest 4096 644K Sep  3 14:28 Screenshot 2026-07-31 2.32.04 PM.png
-rw-r--r-- 1 AzureAD+BSAGuest 4096 644K Sep  3 14:28 Screenshot 2026-07-31 2.32.08 PM.png
-rw-r--r-- 1 AzureAD+BSAGuest 4096 607K Sep  3 14:28 Screenshot 2026-07-31 2.34.00 PM.png
-rw-r--r-- 1 AzureAD+BSAGuest 4096 611K Sep  3 14:28 Screenshot 2026-07-31 2.35.20 PM.png
-rw-r--r-- 1 AzureAD+BSAGuest 4096 612K Sep  3 14:28 Screenshot 2026-07-31 2.35.31 PM.png
-rw-r--r-- 1 AzureAD+BSAGuest 4096 692K Sep  3 14:28 Screenshot 2026-07-31 2.36.27 PM.png
-rw-r--r-- 1 AzureAD+BSAGuest 4096 905K Sep  3 14:28 Screenshot 2026-07-31 2.36.37 PM.png
-rw-r--r-- 1 AzureAD+BSAGuest 4096 990K Sep  3 14:28 Screenshot 2026-07-31 2.37.56 PM.png
-rw-r--r-- 1 AzureAD+BSAGuest 4096 854K Sep  3 14:28 Screenshot 2026-07-31 2.38.04 PM.png
-rw-r--r-- 1 AzureAD+BSAGuest 4096  91K Sep  3 14:28 Screenshot 2026-07-31 2.38.14 PM.png
-rw-r--r-- 1 AzureAD+BSAGuest 4096 167K Sep  3 14:28 Screenshot 2026-07-31 2.38.30 PM.png
-rw-r--r-- 1 AzureAD+BSAGuest 4096 115K Sep  3 14:28 Screenshot 2026-07-31 2.39.03 PM.png
-rw-r--r-- 1 AzureAD+BSAGuest 4096 133K Sep  3 14:28 Screenshot 2026-07-31 2.41.20 PM.png
-rw-r--r-- 1 AzureAD+BSAGuest 4096 138K Sep  3 14:28 Screenshot 2026-07-31 2.42.44 PM.png
-rw-r--r-- 1 AzureAD+BSAGuest 4096 132K Sep  3 14:28 Screenshot 2026-07-31 2.42.59 PM.png
-rw-r--r-- 1 AzureAD+BSAGuest 4096  76K Sep  3 14:28 VIA Legal agreement - com.google.Chrome.pdf
