temp/.bash_history
tar: temp/.bash_history: File shrank by 18645 bytes; padding with zeros
temp/.bash_logout
temp/.bashrc
temp/.cache/
temp/.cache/gstreamer-1.0/
temp/.cache/gstreamer-1.0/registry.aarch64.bin
tar: temp/.cache/gstreamer-1.0/registry.aarch64.bin: File shrank by 93393 bytes; padding with zeros
temp/.cache/qtshadercache-arm64-little_endian-lp64/
temp/.cache/qtshadercache-arm64-little_endian-lp64/5cc098bc5354d98253495e89cc26ca4ba78a3a15
temp/.cache/qtshadercache-arm64-little_endian-lp64/e24592d8d235339875cae31851ad680a190a7cc6
tar: temp/.cache/qtshadercache-arm64-little_endian-lp64/e24592d8d235339875cae31851ad680a190a7cc6: File shrank by 5461 bytes; padding with zeros
temp/.cache/qtshadercache-arm64-little_endian-lp64/7d5f9fc417d36376dbfbebf864483aca3a25ac1a
tar: temp/.cache/qtshadercache-arm64-little_endian-lp64/7d5f9fc417d36376dbfbebf864483aca3a25ac1a: File shrank by 1793 bytes; padding with zeros
temp/.cache/qtshadercache-arm64-little_endian-lp64/cba8d1ceb9482bf7ad559bc702b71beca94f54a3
tar: temp/.cache/qtshadercache-arm64-little_endian-lp64/cba8d1ceb9482bf7ad559bc702b71beca94f54a3: File shrank by 1709 bytes; padding with zeros
temp/.cache/qtshadercache-arm64-little_endian-lp64/b9ec05f41810b130c38c3dc281312718d7eede5a
temp/.cache/qtshadercache-arm64-little_endian-lp64/d524b60ebe14b3342c6956c081215082a7ec73c0
tar: temp/.cache/qtshadercache-arm64-little_endian-lp64/d524b60ebe14b3342c6956c081215082a7ec73c0: File shrank by 2109 bytes; padding with zeros
temp/.cache/qtshadercache-arm64-little_endian-lp64/4dbec3e9528a90cfe19a77e3e1a53332f18a86f7
tar: temp/.cache/qtshadercache-arm64-little_endian-lp64/4dbec3e9528a90cfe19a77e3e1a53332f18a86f7: File shrank by 2497 bytes; padding with zeros
temp/.cache/Meltytech/
temp/.cache/Meltytech/Shotcut/
temp/.cache/Meltytech/Shotcut/qmlcache/
temp/.cache/Meltytech/Shotcut/qmlcache/9908fee4c518c57773dcd91b03bbfa8eb793b619.qmlc
temp/.cache/Meltytech/Shotcut/qmlcache/8c0895d2c37b4b8ee8efa8d842bfe29c53205811.qmlc
temp/.cache/Meltytech/Shotcut/qmlcache/a49d67ba256d5eb6af7efa0e86d9b438da8a4024.qmlc
tar: temp/.cache/Meltytech/Shotcut/qmlcache/a49d67ba256d5eb6af7efa0e86d9b438da8a4024.qmlc: File shrank by 268 bytes; padding with zeros
temp/.cache/Meltytech/Shotcut/qmlcache/c21710e705ecef4e2db564f6fa467e9ae62a5647.qmlc
temp/.cache/Meltytech/Shotcut/qmlcache/3e4b1be2848aa0abc2d69305b2d5fb1e78342eb5.qmlc
temp/.cache/Meltytech/Shotcut/qmlcache/dae49268e6d63b2ecb0f7eaa2f3724e48537e6ac.qmlc
temp/.cache/Meltytech/Shotcut/qmlcache/af65a8bb15d8dd3e02f78ddac538df885959003d.qmlc
tar: temp/.cache/Meltytech/Shotcut/qmlcache/af65a8bb15d8dd3e02f78ddac538df885959003d.qmlc: File shrank by 240 bytes; padding with zeros
temp/.cache/Meltytech/Shotcut/qmlcache/a80b783d1837c8b9679dcdc2c2f11e4ca6e9d008.qmlc
temp/.cache/Meltytech/Shotcut/qmlcache/bb18268ab9ba76c6dfaca0f0d52985688903d87f.qmlc
temp/.cache/Meltytech/Shotcut/qmlcache/366cfceb20f270de36584c704dd7094a454654e7.qmlc
temp/.cache/Meltytech/Shotcut/qmlcache/27887aa5123e0c7b79a42aab445b341326e1abb6.qmlc
temp/.cache/Meltytech/Shotcut/qmlcache/455bafb228bfd801dfe45b3b785e24af305ec783.qmlc
tar: temp/.cache/Meltytech/Shotcut/qmlcache/455bafb228bfd801dfe45b3b785e24af305ec783.qmlc: File shrank by 216 bytes; padding with zeros
temp/.cache/Meltytech/Shotcut/qmlcache/270fadea9b8573bc490463363f53ae9a9aa89ce6.qmlc
temp/.cache/Meltytech/Shotcut/qmlcache/bc05f9a12e684638551472d146cbcbc33f4791e1.qmlc
temp/.cache/Meltytech/Shotcut/qmlcache/6bc91ade928336304157408a77f9bbaef0c2a6b4.qmlc
tar: temp/.cache/Meltytech/Shotcut/qmlcache/6bc91ade928336304157408a77f9bbaef0c2a6b4.qmlc: File shrank by 30568 bytes; padding with zeros
temp/.cache/Meltytech/Shotcut/qmlcache/f7ae372fb75adf47c065feceeba3cad5e5bc871a.qmlc
temp/.cache/Meltytech/Shotcut/qmlcache/4b1068a80e15f0712ee074923733238463ee6614.qmlc
tar: temp/.cache/Meltytech/Shotcut/qmlcache/4b1068a80e15f0712ee074923733238463ee6614.qmlc: File shrank by 224 bytes; padding with zeros
temp/.cache/Meltytech/Shotcut/qmlcache/f0551ab4bd46caf5dbc18011824a43e201c7d165.qmlc
temp/.cache/Meltytech/Shotcut/qmlcache/63581b86e7a4b7078e534f5a3b3906bfa446a122.qmlc
temp/.cache/Meltytech/Shotcut/qmlcache/80210deaa2278b4b63c0e462fc2e4326ab036093.qmlc
tar: temp/.cache/Meltytech/Shotcut/qmlcache/80210deaa2278b4b63c0e462fc2e4326ab036093.qmlc: File shrank by 156 bytes; padding with zeros
temp/.cache/Meltytech/Shotcut/qmlcache/7f43939b4a54fa826027756556dbe166032fe5f1.qmlc
temp/.cache/Meltytech/Shotcut/qmlcache/e7bc7bdbc6eacc1c1d3fe90bee8ff6123029e7c1.qmlc
tar: temp/.cache/Meltytech/Shotcut/qmlcache/e7bc7bdbc6eacc1c1d3fe90bee8ff6123029e7c1.qmlc: File shrank by 2048 bytes; padding with zeros
temp/.cache/Meltytech/Shotcut/qmlcache/d0ca4b3a86ead85fb6aa575de779115a56cb2807.qmlc
temp/.cache/Meltytech/Shotcut/qmlcache/6e827cb1e2395eb7be9c19e196d90a348e379d95.qmlc
temp/.cache/Meltytech/Shotcut/qmlcache/f1cf995b9c92072601f18676fc3743b20d0159b6.qmlc
temp/.cache/Meltytech/Shotcut/qmlcache/3a4d5044aa3d724148817047afeccd075f8e7e0f.qmlc
tar: temp/.cache/Meltytech/Shotcut/qmlcache/3a4d5044aa3d724148817047afeccd075f8e7e0f.qmlc: File shrank by 17604 bytes; padding with zeros
temp/.cache/Meltytech/Shotcut/qmlcache/2fb647ad46ca6f38d847b93b4bca02d303ecd18c.qmlc
temp/.cache/Meltytech/Shotcut/qmlcache/641513cedb2bbeceba11a886a0530876e9d04c3e.qmlc
temp/.cache/Meltytech/Shotcut/qmlcache/ee8cc2b8d25ea306ff54506c2ad4ce2a84045676.qmlc
temp/.cache/Meltytech/Shotcut/qmlcache/138f2a1d605dabb0d4312854baf3263dde225e94.qmlc
temp/.cache/Meltytech/Shotcut/qmlcache/7ea35d6ddbb07c16075b0ef0836c606aba594a91.qmlc
temp/.cache/Meltytech/Shotcut/qmlcache/0f56b57e2e0f9f98e3b0f13031c82b844e77821d.jsc
tar: temp/.cache/Meltytech/Shotcut/qmlcache/0f56b57e2e0f9f98e3b0f13031c82b844e77821d.jsc: File shrank by 2480 bytes; padding with zeros
temp/.cache/Meltytech/Shotcut/qmlcache/f57391f2bbdd0233444b1221aac956d7a31138ad.qmlc
temp/.cache/Meltytech/Shotcut/qmlcache/27c786cb986a4a29e52bb8006f936f57f1c5faec.qmlc
temp/.cache/Meltytech/Shotcut/qmlcache/8333255a3a8505c0cd67c72bfaf17a70531d1e35.qmlc
temp/.cache/Meltytech/Shotcut/qmlcache/961bbd66ba59b95749da481fa2890bb16fe52287.qmlc
temp/.cache/Meltytech/Shotcut/qmlcache/8040c71aa3920c040a326b06a1e116b1ca431c48.qmlc
tar: temp/.cache/Meltytech/Shotcut/qmlcache/8040c71aa3920c040a326b06a1e116b1ca431c48.qmlc: File shrank by 23136 bytes; padding with zeros
temp/.cache/Meltytech/Shotcut/qmlcache/99ad2ce15c911a98b3fcc9cce4d1343525786295.qmlc
temp/.cache/Meltytech/Shotcut/qmlcache/0fe284fb458d9b3316b3f245865e70996a869e1d.qmlc
temp/.cache/Meltytech/Shotcut/qmlcache/87a4ebc09a002e2bb986648ae132d3d4b823c57b.qmlc
temp/.cache/Meltytech/Shotcut/qmlcache/3eccc823f6e6699b84296709117e5f0b21b6587f.qmlc
temp/.cache/Meltytech/Shotcut/qmlcache/bfd81b832cb3379516252d49e9b4e622ed9f44e3.qmlc
temp/.cache/Meltytech/Shotcut/qmlcache/14c1c8abfe8f72fe3b5258fb76fba7c1ad552212.qmlc
temp/.cache/Meltytech/Shotcut/qmlcache/a424caa72c607928403fd353ba27e6d849ba82f8.qmlc
temp/.cache/Meltytech/Shotcut/qmlcache/9267ee125df0d56b3789603a383f71b30d6cd2e3.qmlc
temp/.cache/Meltytech/Shotcut/qmlcache/da7ffc2be42006a807e9aea5a1e51af01bcc1788.qmlc
tar: temp/.cache/Meltytech/Shotcut/qmlcache/da7ffc2be42006a807e9aea5a1e51af01bcc1788.qmlc: File shrank by 260 bytes; padding with zeros
temp/.cache/Meltytech/Shotcut/qmlcache/993990a7a00c8be66dec0e1d6a35e9b5e04d7b93.qmlc
temp/.cache/Meltytech/Shotcut/qmlcache/82254d68dc6ea1ebdf1c4e5e1a1ba4b2312209ab.qmlc
temp/.cache/Meltytech/Shotcut/qmlcache/d48743cc375f54c2000d79b745c7bd51733e8392.qmlc
temp/.cache/Meltytech/Shotcut/qmlcache/2481da3a10d4373493c49b6e87bcbdaac12375de.qmlc
temp/.cache/Meltytech/Shotcut/qmlcache/568fcdb206c7eb1385e527743c84d3fd29f8b2b4.qmlc
tar: temp/.cache/Meltytech/Shotcut/qmlcache/568fcdb206c7eb1385e527743c84d3fd29f8b2b4.qmlc: File shrank by 228 bytes; padding with zeros
temp/.cache/Meltytech/Shotcut/qmlcache/2bc5e8fecffee6b57ea5180114e17d0f0293f11b.qmlc
temp/.cache/Meltytech/Shotcut/qmlcache/6d64670da405609e6d2869a8a81d272d6e488b78.qmlc
temp/.cache/Meltytech/Shotcut/qmlcache/76c128b6ff18a6755f80cc4c0319c8b628763395.qmlc
tar: temp/.cache/Meltytech/Shotcut/qmlcache/76c128b6ff18a6755f80cc4c0319c8b628763395.qmlc: File shrank by 2292 bytes; padding with zeros
temp/.cache/Meltytech/Shotcut/qmlcache/a24ba35e3b33886004bdc49522a80ae249534031.qmlc
temp/.cache/Meltytech/Shotcut/qmlcache/2d2e5d5d45eaa7b60c4d33edcf8d9a893a480661.qmlc
temp/.cache/Meltytech/Shotcut/qmlcache/1e3ec3c4416a9938f1b8e0500dedba4c002eebfe.qmlc
temp/.cache/Meltytech/Shotcut/qmlcache/b40a7885c8854a7d7adb62fccfe0f5b460e12085.qmlc
temp/.cache/Meltytech/Shotcut/qmlcache/607ab778ad64b28b33e927d7809012bdbc771560.qmlc
temp/.cache/Meltytech/Shotcut/qmlcache/0f610b7f765afaeb80842d72c2606c948d4d64a3.qmlc
tar: temp/.cache/Meltytech/Shotcut/qmlcache/0f610b7f765afaeb80842d72c2606c948d4d64a3.qmlc: File shrank by 30168 bytes; padding with zeros
temp/.cache/Meltytech/Shotcut/qmlcache/900083d927c588758fc8f4212b06842aff625ef9.qmlc
temp/.cache/Meltytech/Shotcut/qmlcache/b2204210471b0b2ba51fbb0020733476665bbe01.qmlc
tar: temp/.cache/Meltytech/Shotcut/qmlcache/b2204210471b0b2ba51fbb0020733476665bbe01.qmlc: File shrank by 49732 bytes; padding with zeros
temp/.cache/Meltytech/Shotcut/qmlcache/83fbad41d8850065824312ff80948824e3a17dc9.qmlc
temp/.cache/Meltytech/Shotcut/qmlcache/d9abfaf9eba370b5a51225bf13d2c064f3e9698f.qmlc
temp/.cache/Meltytech/Shotcut/qmlcache/647501b1b9bc27dc9fceda2e9bc8e3476a9787b2.qmlc
tar: temp/.cache/Meltytech/Shotcut/qmlcache/647501b1b9bc27dc9fceda2e9bc8e3476a9787b2.qmlc: File shrank by 79384 bytes; padding with zeros
temp/.cache/Meltytech/Shotcut/qmlcache/848a49818701b97a8d2b84b17fe9cc2e6c10aed1.qmlc
temp/.cache/Meltytech/Shotcut/qmlcache/8acd87b6af926285ec5a2a1a10aec4e01fa7e7eb.qmlc
temp/.cache/Meltytech/Shotcut/qmlcache/a6abd1330dca43a07a5cdef40acaa3d2a0b11b3b.qmlc
tar: temp/.cache/Meltytech/Shotcut/qmlcache/a6abd1330dca43a07a5cdef40acaa3d2a0b11b3b.qmlc: File shrank by 10164 bytes; padding with zeros
temp/.cache/Meltytech/Shotcut/qmlcache/e4d4f9b58e5dddb8afe7172f2487475bc688f41b.qmlc
temp/.cache/Meltytech/Shotcut/qmlcache/0befb73c309db575dc37698d0fdcfdaedc5de6e4.qmlc
temp/.cache/Meltytech/Shotcut/qmlcache/312d30355243fb186b45457550784e79215f560a.qmlc
tar: temp/.cache/Meltytech/Shotcut/qmlcache/312d30355243fb186b45457550784e79215f560a.qmlc: File shrank by 1128 bytes; padding with zeros
temp/.cache/Meltytech/Shotcut/qmlcache/73d5078b1d770ad47ff3684c46dfc2fea4f49e51.qmlc
temp/.cache/Meltytech/Shotcut/qmlcache/7508b7ef9977f77a6d1a6268c22ce6b929c985a7.qmlc
tar: temp/.cache/Meltytech/Shotcut/qmlcache/7508b7ef9977f77a6d1a6268c22ce6b929c985a7.qmlc: File shrank by 52276 bytes; padding with zeros
temp/.cache/Meltytech/Shotcut/qmlcache/b9e887a582524444b7a0dfd969e306b51dfde0f9.qmlc
temp/.cache/Meltytech/Shotcut/qmlcache/eca1994d498edb7eaefeb536273d9a029256d9da.qmlc
temp/.cache/Meltytech/Shotcut/qmlcache/830ceb410b828679172580bd27abc12773c5ee55.qmlc
temp/.cache/Meltytech/Shotcut/qmlcache/14c3016c44f72d7792f2a7e6abe300c21902ca1b.qmlc
temp/.cache/Meltytech/Shotcut/qmlcache/59d8a1d0bb6debdb3cbd98268eb6af4aca3b531b.qmlc
tar: temp/.cache/Meltytech/Shotcut/qmlcache/59d8a1d0bb6debdb3cbd98268eb6af4aca3b531b.qmlc: File shrank by 416 bytes; padding with zeros
temp/.cache/Meltytech/Shotcut/qmlcache/5a11c420483cd9d0c275449e97d4fbaccc9efef3.qmlc
temp/.cache/Meltytech/Shotcut/qmlcache/80e9a0febd4d9ef405072d9f744fd3ae5dfc0c70.qmlc
temp/.cache/Meltytech/Shotcut/qmlcache/5c255e3b86174336d52b9d0867c48392a29dcfda.qmlc
temp/.cache/Meltytech/Shotcut/qmlcache/8e971b7bbbc76d124c537f0dbe68adcb15f8bd48.qmlc
tar: temp/.cache/Meltytech/Shotcut/qmlcache/8e971b7bbbc76d124c537f0dbe68adcb15f8bd48.qmlc: File shrank by 5988 bytes; padding with zeros
temp/.cache/Meltytech/Shotcut/qmlcache/42ecf1b828b1025caefb1ee860d3dac6bcf8885a.qmlc
temp/.cache/Meltytech/Shotcut/qmlcache/9c7458fcd4b94f7419c26eabc3b76c0820d0df69.qmlc
temp/.cache/Meltytech/Shotcut/qmlcache/c6688bcdf76ab13746ceb849ce1453f398f23699.qmlc
temp/.cache/Meltytech/Shotcut/qmlcache/915edf2610e26dffe5d6d126ab5eb9a33e08a5ad.qmlc
temp/.cache/Meltytech/Shotcut/qmlcache/89e73f671a5498c7622e464e1735bf5ebea5d2b5.qmlc
temp/.cache/Meltytech/Shotcut/qmlcache/e64496a037b53e74b1dd937dcc388c0fd39b6bfe.qmlc
temp/.cache/Meltytech/Shotcut/qmlcache/92c537092fedd82eb74e40906d05e7f64460d615.qmlc
tar: temp/.cache/Meltytech/Shotcut/qmlcache/92c537092fedd82eb74e40906d05e7f64460d615.qmlc: File shrank by 404 bytes; padding with zeros
temp/.cache/Meltytech/Shotcut/qmlcache/9bd9316ec65b0f23b1d9d7583e59206b20dcd4b2.qmlc
temp/.cache/Meltytech/Shotcut/qmlcache/ab98f47e019f4289f604486c5f623bec436a7f49.qmlc
temp/.cache/Meltytech/Shotcut/qmlcache/909c9055d50db7a9f984182410599a6b73da3ed6.qmlc
tar: temp/.cache/Meltytech/Shotcut/qmlcache/909c9055d50db7a9f984182410599a6b73da3ed6.qmlc: File shrank by 6540 bytes; padding with zeros
temp/.cache/Meltytech/Shotcut/qmlcache/e205d292208e889f01142ac4e6ce410ab168b6a6.qmlc
tar: temp/.cache/Meltytech/Shotcut/qmlcache/e205d292208e889f01142ac4e6ce410ab168b6a6.qmlc: File shrank by 21208 bytes; padding with zeros
temp/.cache/Meltytech/Shotcut/qmlcache/5e7152d1f82cc27c251c73a8749bef126c5faa43.qmlc
temp/.cache/Meltytech/Shotcut/qmlcache/b0535277d5ca26a133e710da349ed8ea6ad08b56.qmlc
temp/.cache/Meltytech/Shotcut/qmlcache/97cbdc8c8532ba2383b34c343de956a8f20e1f1a.qmlc
tar: temp/.cache/Meltytech/Shotcut/qmlcache/97cbdc8c8532ba2383b34c343de956a8f20e1f1a.qmlc: File shrank by 1596 bytes; padding with zeros
temp/.cache/Meltytech/Shotcut/qmlcache/eef62f3158051cc172c5c5c928ccb9ddf9760762.qmlc
temp/.cache/Meltytech/Shotcut/qmlcache/13ff358882527d7eeb45044b50f71d6c252c9ac0.qmlc
temp/.cache/Meltytech/Shotcut/qmlcache/9eb5b004533460e034e9c2c1d1a20509844b1869.qmlc
tar: temp/.cache/Meltytech/Shotcut/qmlcache/9eb5b004533460e034e9c2c1d1a20509844b1869.qmlc: File shrank by 8456 bytes; padding with zeros
temp/.cache/Meltytech/Shotcut/qmlcache/15e4dda9a61caeed6bf8928001269fa890917378.qmlc
tar: temp/.cache/Meltytech/Shotcut/qmlcache/15e4dda9a61caeed6bf8928001269fa890917378.qmlc: File shrank by 12856 bytes; padding with zeros
temp/.cache/Meltytech/Shotcut/qmlcache/d95ff9cf6abb6d1355ede57f08f94594840a0a3d.qmlc
temp/.cache/Meltytech/Shotcut/qmlcache/d0a8deb16629beb553e69a8e0243952de7990e99.qmlc
temp/.cache/Meltytech/Shotcut/qmlcache/a452d0fe653bde5fef3d70cba1d07d57f90ee76b.qmlc
tar: temp/.cache/Meltytech/Shotcut/qmlcache/a452d0fe653bde5fef3d70cba1d07d57f90ee76b.qmlc: File shrank by 17800 bytes; padding with zeros
temp/.cache/Meltytech/Shotcut/qmlcache/db9f09df41bfe61db7af250da7b4f77f0a325e87.qmlc
tar: temp/.cache/Meltytech/Shotcut/qmlcache/db9f09df41bfe61db7af250da7b4f77f0a325e87.qmlc: File shrank by 1936 bytes; padding with zeros
temp/.cache/Meltytech/Shotcut/qmlcache/0d8adeb32b6a44ef1ff944236b3d3b6c7ab42c2e.qmlc
tar: temp/.cache/Meltytech/Shotcut/qmlcache/0d8adeb32b6a44ef1ff944236b3d3b6c7ab42c2e.qmlc: File shrank by 1784 bytes; padding with zeros
temp/.cache/Meltytech/Shotcut/qmlcache/64752e836c978b9bdc9adf1adb8af138da1fe03d.qmlc
temp/.cache/Meltytech/Shotcut/qmlcache/784a567b2361d5cb7f890e0d8812a090df5a6bee.qmlc
temp/.cache/Meltytech/Shotcut/qmlcache/71d18dfa1ed40bdaf7adcca50f89676b9a0822be.qmlc
temp/.cache/Meltytech/Shotcut/qmlcache/822a05d53db6d497a8e4556bd0797ef4003a0142.qmlc
tar: temp/.cache/Meltytech/Shotcut/qmlcache/822a05d53db6d497a8e4556bd0797ef4003a0142.qmlc: File shrank by 856 bytes; padding with zeros
temp/.cache/Meltytech/Shotcut/qmlcache/080670e912cdb625e2251939a27f2922fa4e3201.qmlc
temp/.cache/Meltytech/Shotcut/qmlcache/460d1c378d28768727ec5218d1c17d4890d431af.qmlc
temp/.cache/Meltytech/Shotcut/qmlcache/1e5298a50b6bd3372f2045efc52bc79977e7aec1.qmlc
tar: temp/.cache/Meltytech/Shotcut/qmlcache/1e5298a50b6bd3372f2045efc52bc79977e7aec1.qmlc: File shrank by 1188 bytes; padding with zeros
temp/.cache/Meltytech/Shotcut/qmlcache/193789e579f00ae6d769d407ff02427665ce749e.qmlc
temp/.cache/Meltytech/Shotcut/qmlcache/956d5a79cf1a1224465e3f2a72177ea2bef58bf7.qmlc
temp/.cache/Meltytech/Shotcut/qmlcache/2f2f78b959732efb19ab9a167c33b5533eea76ce.qmlc
temp/.cache/Meltytech/Shotcut/qmlcache/936a4115a071d4035ceec5ba69cc0a7822dc0dbc.qmlc
tar: temp/.cache/Meltytech/Shotcut/qmlcache/936a4115a071d4035ceec5ba69cc0a7822dc0dbc.qmlc: File shrank by 18380 bytes; padding with zeros
temp/.cache/Meltytech/Shotcut/qmlcache/5a8c0056ec1c04460135ac20629a804716312e8f.jsc
tar: temp/.cache/Meltytech/Shotcut/qmlcache/5a8c0056ec1c04460135ac20629a804716312e8f.jsc: File shrank by 6680 bytes; padding with zeros
temp/.cache/Meltytech/Shotcut/qmlcache/ff43256cfef0f640d70e8bc51185a55d7be7695d.qmlc
tar: temp/.cache/Meltytech/Shotcut/qmlcache/ff43256cfef0f640d70e8bc51185a55d7be7695d.qmlc: File shrank by 14144 bytes; padding with zeros
temp/.cache/Meltytech/Shotcut/qmlcache/39935a82bcddd64b45bc208e62bfb8982e11de53.jsc
temp/.cache/Meltytech/Shotcut/qmlcache/503e6d3db6535729ea2901718606fd99b384b3eb.qmlc
temp/.cache/Meltytech/Shotcut/qmlcache/98ff75873c7e11d253e0d9e09004a998651b28fc.qmlc
temp/.cache/Meltytech/Shotcut/qmlcache/a70abc75b1c9081b1e69e404390e299d8f51cfb6.qmlc
tar: temp/.cache/Meltytech/Shotcut/qmlcache/a70abc75b1c9081b1e69e404390e299d8f51cfb6.qmlc: File shrank by 15304 bytes; padding with zeros
temp/.cache/Meltytech/Shotcut/qmlcache/cdea2d22bdb96f635e889110c57cfdeee73d9b49.qmlc
tar: temp/.cache/Meltytech/Shotcut/qmlcache/cdea2d22bdb96f635e889110c57cfdeee73d9b49.qmlc: File shrank by 3344 bytes; padding with zeros
temp/.cache/Meltytech/Shotcut/qmlcache/752cf6b6448b0d1af97348077e329a4ef4438a0f.qmlc
temp/.cache/Meltytech/Shotcut/qmlcache/2fc49f6effdcf5e31d6eba4d9bf395832546103c.qmlc
temp/.cache/Meltytech/Shotcut/qmlcache/9bc7bcf96945eeb9b80025734d11ce3d40e320c4.qmlc
temp/.cache/Meltytech/Shotcut/qmlcache/bbafd46c25eb7de6fa0a22825d88fe2e06881ad3.qmlc
tar: temp/.cache/Meltytech/Shotcut/qmlcache/bbafd46c25eb7de6fa0a22825d88fe2e06881ad3.qmlc: File shrank by 220 bytes; padding with zeros
temp/.cache/Meltytech/Shotcut/qmlcache/ccbc6a5cb9db9f2098417f3127ee3427aa9b1625.qmlc
temp/.cache/Meltytech/Shotcut/qmlcache/b91a792e4e18da51412fc1e81e3d8bcfb2d59c06.qmlc
temp/.cache/Meltytech/Shotcut/qmlcache/037b48153326307617670d350a02e875eb8ef902.qmlc
tar: temp/.cache/Meltytech/Shotcut/qmlcache/037b48153326307617670d350a02e875eb8ef902.qmlc: File shrank by 3104 bytes; padding with zeros
temp/.cache/Meltytech/Shotcut/qmlcache/c31a4f178c0ef7c08c37136d247c975dbce4b37d.qmlc
temp/.cache/Meltytech/Shotcut/qmlcache/c71864468866f6647c0b470a4b24a5c692ef7158.qmlc
temp/.cache/Meltytech/Shotcut/qmlcache/08f14ffde5ba282c3a0ca45b97f72311eda5b5cb.qmlc
temp/.cache/Meltytech/Shotcut/qmlcache/eccc07a7b2490daf90f492aec44ac8b137553f6a.qmlc
temp/.cache/Meltytech/Shotcut/qmlcache/b919e47409776e5e9d3599207cc9d354cfdb9ad6.qmlc
temp/.cache/Meltytech/Shotcut/qmlcache/f89ada5b99e73b92d5f8459aaaaee8fc274b6270.qmlc
tar: temp/.cache/Meltytech/Shotcut/qmlcache/f89ada5b99e73b92d5f8459aaaaee8fc274b6270.qmlc: File shrank by 48 bytes; padding with zeros
temp/.cache/Meltytech/Shotcut/qmlcache/e1ff639470a5a553634f4a1572f5ba3ebc6e42fc.qmlc
temp/.cache/Meltytech/Shotcut/qmlcache/fb36ea461240128041f895493ede7478b5d0598c.qmlc
temp/.cache/Meltytech/Shotcut/qmlcache/1adbeb5c37b782d58e23b90368f6e3c2546cc85e.qmlc
temp/.cache/Meltytech/Shotcut/qmlcache/15e12263b9d9bedc44c99cb8824013639a4eea7c.qmlc
temp/.cache/Meltytech/Shotcut/qmlcache/82aaed819399478d1a6d36ed591142e798484267.qmlc
temp/.cache/Meltytech/Shotcut/qmlcache/1332cb1c5a743a9bb573c18bb5f43ff7087f7cbe.qmlc
temp/.cache/Meltytech/Shotcut/qmlcache/b21f08760ebf380bcbe9363ce5fddb44c0e6704d.qmlc
tar: temp/.cache/Meltytech/Shotcut/qmlcache/b21f08760ebf380bcbe9363ce5fddb44c0e6704d.qmlc: File shrank by 2012 bytes; padding with zeros
temp/.cache/Meltytech/Shotcut/qmlcache/254add4773f4713fff121c097294460bfb71da51.jsc
tar: temp/.cache/Meltytech/Shotcut/qmlcache/254add4773f4713fff121c097294460bfb71da51.jsc: File shrank by 5176 bytes; padding with zeros
temp/.cache/Meltytech/Shotcut/qmlcache/1020241d58828fcd761e4397081f9834b6015e19.qmlc
temp/.cache/Meltytech/Shotcut/qmlcache/3565aad40330cad8602e779b67c3a9c8526caff1.qmlc
tar: temp/.cache/Meltytech/Shotcut/qmlcache/3565aad40330cad8602e779b67c3a9c8526caff1.qmlc: File shrank by 28 bytes; padding with zeros
temp/.cache/Meltytech/Shotcut/qmlcache/089e75f40ce4e65643b4dda0710afef825a65c0b.qmlc
temp/.cache/Meltytech/Shotcut/qmlcache/130b46fa2a8f4985a88c09c90b99398a425b2f38.qmlc
temp/.cache/Meltytech/Shotcut/qmlcache/eac6e934793708e38f26c3fb5d4ae8532c7e04de.qmlc
temp/.cache/Meltytech/Shotcut/qmlcache/c863f23da90db971d6b2420ecf7910112dd7820e.qmlc
temp/.cache/Meltytech/Shotcut/qmlcache/c72e2f513337b8d225508795d05e45651606a0f0.qmlc
temp/.cache/Meltytech/Shotcut/qmlcache/702daa7a969fb19b4bc0d5fd2961920716ade9d3.qmlc
temp/.cache/Meltytech/Shotcut/qmlcache/9dac7cac704113da707a3f4858bce480f1d85587.qmlc
temp/.cache/Meltytech/Shotcut/qmlcache/16a2dfc45f45c851e51dce6cea7d01d68e72066c.qmlc
temp/.cache/Meltytech/Shotcut/qmlcache/d175fe4e8caafcd3c83c60fcd5896f15f9a2685d.qmlc
temp/.cache/Meltytech/Shotcut/qmlcache/e32f7efc3995cbeac1af5b3f95313b2212e93fd5.qmlc
tar: temp/.cache/Meltytech/Shotcut/qmlcache/e32f7efc3995cbeac1af5b3f95313b2212e93fd5.qmlc: File shrank by 2008 bytes; padding with zeros
temp/.cache/Meltytech/Shotcut/qmlcache/1332f46e6646011bc9e58708fcc9b4ca095c973f.qmlc
temp/.cache/Meltytech/Shotcut/qmlcache/cf6bd4d83c58096bf2fab490e595298c161f79f0.qmlc
tar: temp/.cache/Meltytech/Shotcut/qmlcache/cf6bd4d83c58096bf2fab490e595298c161f79f0.qmlc: File shrank by 2300 bytes; padding with zeros
temp/.cache/Meltytech/Shotcut/qmlcache/9408c32bc76490f0a6a7646201d4fa77686c3f57.qmlc
temp/.cache/Meltytech/Shotcut/qmlcache/a1539251e9af496cb612ca23cbb4e859e6bd6c7c.qmlc
temp/.cache/Meltytech/Shotcut/qmlcache/6031c1e556b68754ea24eaac780feb5a8e05c56a.qmlc
temp/.cache/Meltytech/Shotcut/qmlcache/f2e00f554d159fec67751776c3dcc3cf4d2f9aad.qmlc
temp/.cache/Meltytech/Shotcut/qmlcache/0a7ee1028da1ac575bfd759c8bdef81c5752132d.qmlc
temp/.cache/Meltytech/Shotcut/qmlcache/681c378221129fa36975f55811a443d5391b7654.qmlc
temp/.cache/Meltytech/Shotcut/qmlcache/1e90e24787479cc594e38c7e211260370e60daf4.qmlc
temp/.cache/Meltytech/Shotcut/qmlcache/fccd7de9cdc582351a5226a894873fd2ca9e64f1.qmlc
tar: temp/.cache/Meltytech/Shotcut/qmlcache/fccd7de9cdc582351a5226a894873fd2ca9e64f1.qmlc: File shrank by 3940 bytes; padding with zeros
temp/.cache/Meltytech/Shotcut/qmlcache/319b3dad4b6e1e100188be4ba9bdb00445f9584c.qmlc
tar: temp/.cache/Meltytech/Shotcut/qmlcache/319b3dad4b6e1e100188be4ba9bdb00445f9584c.qmlc: File shrank by 52 bytes; padding with zeros
temp/.cache/Meltytech/Shotcut/qmlcache/6224f8d3c373dca6a83e3a695048300bf8a958b4.qmlc
temp/.cache/Meltytech/Shotcut/qmlcache/04f69e022da49fd0a2c0eeb8b0fb301d96a21c37.qmlc
tar: temp/.cache/Meltytech/Shotcut/qmlcache/04f69e022da49fd0a2c0eeb8b0fb301d96a21c37.qmlc: File shrank by 10664 bytes; padding with zeros
temp/.cache/Meltytech/Shotcut/qmlcache/8a010cc505e234feab083d03a39e9caa75ac4d65.qmlc
temp/.cache/Meltytech/Shotcut/qmlcache/df512e2d2a32d5aedf7e298952352958d2e47622.qmlc
temp/.cache/Meltytech/Shotcut/qmlcache/61b17ed74a8e13866f720085ab59b577965ebf38.qmlc
tar: temp/.cache/Meltytech/Shotcut/qmlcache/61b17ed74a8e13866f720085ab59b577965ebf38.qmlc: File shrank by 3540 bytes; padding with zeros
temp/.cache/Meltytech/Shotcut/qmlcache/befae0571c54fd191351ccbfe522beaf6b4f06c0.qmlc
temp/.cache/Meltytech/Shotcut/qmlcache/3ecfe32126c6298aa192b06be5d9f348c4221499.qmlc
temp/.cache/Meltytech/Shotcut/qmlcache/2fa2f9aba6afa834bb46a7276af63a9b11cec444.qmlc
temp/.cache/Meltytech/Shotcut/qmlcache/53be22f7ca3c24643fdd1552f8b2cbf7bd584d5c.qmlc
temp/.cache/Meltytech/Shotcut/qmlcache/365f5fadf6eb8dffa5e2b3fdc6a61735998d9c29.qmlc
temp/.cache/Meltytech/Shotcut/qmlcache/6a7d2d0f34a788a5d34d82e85a73e722711fdf78.qmlc
tar: temp/.cache/Meltytech/Shotcut/qmlcache/6a7d2d0f34a788a5d34d82e85a73e722711fdf78.qmlc: File shrank by 180 bytes; padding with zeros
temp/.cache/Meltytech/Shotcut/qmlcache/2e4668c5cd3bbcde55aeae1cff84127ac240b233.qmlc
temp/.cache/Meltytech/Shotcut/qmlcache/af437802665b706cfd6e8d3888db63db64a48df9.qmlc
temp/.cache/Meltytech/Shotcut/qmlcache/4bb599fb12f14b78a4e54ccbcc548cde04bb2f57.qmlc
tar: temp/.cache/Meltytech/Shotcut/qmlcache/4bb599fb12f14b78a4e54ccbcc548cde04bb2f57.qmlc: File shrank by 1460 bytes; padding with zeros
temp/.cache/Meltytech/Shotcut/qmlcache/566debf7484a8ecaad5b746cb2c6535ea9b539f3.qmlc
temp/.cache/Meltytech/Shotcut/qmlcache/12b0824a9b13113e1a1299cd56f9ac798dade3ed.qmlc
temp/.cache/Meltytech/Shotcut/qmlcache/cab1798614c6167899b282673c1e7563ca014020.qmlc
temp/.cache/Meltytech/Shotcut/qmlcache/de45275d5055c47d9c867f4a59c0ad6665a953d9.qmlc
temp/.cache/Meltytech/Shotcut/qmlcache/5dbeb70fc3dda0fff44a4e628229749e64a52b0b.qmlc
temp/.cache/Meltytech/Shotcut/qmlcache/90ce15c15e752b53ec4e6b4e1d55d51cd120c47f.qmlc
temp/.cache/Meltytech/Shotcut/qmlcache/594b8fa9baa613588cf1e706f66455390a307cdd.qmlc
temp/.cache/Meltytech/Shotcut/qmlcache/eea38fef9d0cc96303a4a36ae41a9a62c466f475.qmlc
temp/.cache/Meltytech/Shotcut/qmlcache/58f306630dec65b5b0da7bf65d8014c6dcd7ef0a.qmlc
temp/.cache/Meltytech/Shotcut/qmlcache/cf8cd92f1116a3f41de1a952272b1b90dd0fa547.qmlc
temp/.cache/Meltytech/Shotcut/qmlcache/747bb2ca34508be69793e7918b44507f85fb0e0b.qmlc
temp/.cache/Meltytech/Shotcut/qmlcache/4f8bb18f4b26a93e1fbc330662ccde4d4ae2cd86.qmlc
temp/.cache/Meltytech/Shotcut/qmlcache/caf15af99c7438d0a7fc184610acf553b595b4a0.qmlc
tar: temp/.cache/Meltytech/Shotcut/qmlcache/caf15af99c7438d0a7fc184610acf553b595b4a0.qmlc: File shrank by 56628 bytes; padding with zeros
temp/.cache/Meltytech/Shotcut/qmlcache/d82e73132ad5716f2c1488b84dff9c80212e4258.qmlc
temp/.cache/Meltytech/Shotcut/qmlcache/72fffc35dd53240825c0931f079d88a9968d2017.qmlc
temp/.cache/Meltytech/Shotcut/qmlcache/22068acab65256db2916ea5676088caeff041f66.qmlc
temp/.cache/mesa_shader_cache/
temp/.cache/mesa_shader_cache/b6/
temp/.cache/mesa_shader_cache/b6/709afa0512ff15b2e4ee72b2ff9455bbace34f
temp/.cache/mesa_shader_cache/c2/
temp/.cache/mesa_shader_cache/c2/eb788fa4184622577d07a21f20c8eca8ee04b2
temp/.cache/mesa_shader_cache/03/
temp/.cache/mesa_shader_cache/03/15e36734fdb820e01a2166a55857c0b06a72de
temp/.cache/mesa_shader_cache/03/2ebb6b2dcb567399295d0235960b41f254af26
tar: temp/.cache/mesa_shader_cache/03/2ebb6b2dcb567399295d0235960b41f254af26: File shrank by 1693 bytes; padding with zeros
temp/.cache/mesa_shader_cache/03/18e7c70329034c54701cb136b28e72a2f46686
temp/.cache/mesa_shader_cache/74/
temp/.cache/mesa_shader_cache/74/f79b2e13bdf0a4716e1690bbfc7f39ee2a4eaf
temp/.cache/mesa_shader_cache/74/b1dea1cfcee59d147f3eed8c254c8e287eaad5
temp/.cache/mesa_shader_cache/48/
temp/.cache/mesa_shader_cache/48/8ede54030f9bb4f84db41709cdbb293ecfccae
temp/.cache/mesa_shader_cache/fb/
temp/.cache/mesa_shader_cache/fb/80b8c06e66919de37b6255da603f5170c02208
temp/.cache/mesa_shader_cache/a5/
temp/.cache/mesa_shader_cache/a5/5dc3eec47a6f1f596fafd257d59ce8a01bda55
temp/.cache/mesa_shader_cache/0c/
temp/.cache/mesa_shader_cache/0c/f8f9fedfb3aedb2e0cf05086a31e9b2ca5b28d
temp/.cache/mesa_shader_cache/14/
temp/.cache/mesa_shader_cache/14/2c1edac9bd82f8a4866d317201ba2511a8423b
temp/.cache/mesa_shader_cache/14/f4847464a32a6323d30352f3694107e957b12b
temp/.cache/mesa_shader_cache/c9/
temp/.cache/mesa_shader_cache/c9/b1b783b88d51cf10969513679fb78297c7889f
temp/.cache/mesa_shader_cache/bc/
temp/.cache/mesa_shader_cache/bc/a1a80eade99ade7c2807d05f94d210007fdf1b
temp/.cache/mesa_shader_cache/9c/
temp/.cache/mesa_shader_cache/9c/c96223d929b25884796370b6572e8ef531eece
temp/.cache/mesa_shader_cache/44/
temp/.cache/mesa_shader_cache/44/14af79409e890cc7f29d01284e42e0d1b58b15
temp/.cache/mesa_shader_cache/6f/
temp/.cache/mesa_shader_cache/6f/538f2fc9072d50a66a3c6791afc43a3d930cda
temp/.cache/mesa_shader_cache/6f/dea0cacf3140246b6e7eb3120e2461fe0c7fb1
temp/.cache/mesa_shader_cache/76/
temp/.cache/mesa_shader_cache/76/69cb4ae3e8f2d9afabba663fe90b0c5ab82e89
temp/.cache/mesa_shader_cache/b4/
temp/.cache/mesa_shader_cache/b4/256479e82def7315ff056fd0faf3ff881551a6
temp/.cache/mesa_shader_cache/b5/
temp/.cache/mesa_shader_cache/b5/fbd00edc6174d8080296e864b7672f9c7b3680
temp/.cache/mesa_shader_cache/75/
temp/.cache/mesa_shader_cache/75/cde8d889b04cb1b8b30d0132b12e6d04d35281
tar: temp/.cache/mesa_shader_cache/75/cde8d889b04cb1b8b30d0132b12e6d04d35281: File shrank by 1505 bytes; padding with zeros
temp/.cache/mesa_shader_cache/index
tar: temp/.cache/mesa_shader_cache/index: File shrank by 1306120 bytes; padding with zeros
temp/.cache/mesa_shader_cache/7e/
temp/.cache/mesa_shader_cache/7e/045598d87202bb2a8de905780d052ad59677f1
temp/.cache/mesa_shader_cache/73/
temp/.cache/mesa_shader_cache/73/0ebad9b23d07013aa33805e3aad3fbc452d244
temp/.cache/mesa_shader_cache/6d/
temp/.cache/mesa_shader_cache/6d/ffd7be59d5018310b987a711a9812370903c26
temp/.cache/mesa_shader_cache/e5/
temp/.cache/mesa_shader_cache/e5/2ed834dcdb444f53e54c23cf29236b4f78e096
tar: temp/.cache/mesa_shader_cache/e5/2ed834dcdb444f53e54c23cf29236b4f78e096: File shrank by 1963 bytes; padding with zeros
temp/.cache/mesa_shader_cache/3d/
temp/.cache/mesa_shader_cache/3d/a2c48c48c23a458dd0fa263269670d3a096b1d
temp/.cache/mesa_shader_cache/91/
temp/.cache/mesa_shader_cache/91/db85076be33dfa22c66c7e61f0563beaa38fee
temp/.cache/mesa_shader_cache/83/
temp/.cache/mesa_shader_cache/83/676b80d3e2fa7113fda775c010171ef461413d
temp/.cache/mesa_shader_cache/5d/
temp/.cache/mesa_shader_cache/5d/9600e10635993a04e47ba4a8d2e36b5b3f542d
temp/.cache/mesa_shader_cache/5d/1145277c8088c1a8ec753ba80da797fd4bbb22
temp/.cache/mesa_shader_cache/38/
temp/.cache/mesa_shader_cache/38/e58b3d000fa7293234e609a861fcb0d83cc7b0
temp/.cache/mesa_shader_cache/fc/
temp/.cache/mesa_shader_cache/fc/e2ad5f6383086dd45e0b35b04d19baf53994bb
temp/.cache/mesa_shader_cache/a6/
temp/.cache/mesa_shader_cache/a6/dd425ad0828d8f970a06531cec6b3e83c104e0
tar: temp/.cache/mesa_shader_cache/a6/dd425ad0828d8f970a06531cec6b3e83c104e0: File shrank by 185 bytes; padding with zeros
temp/.cache/mesa_shader_cache/d3/
temp/.cache/mesa_shader_cache/d3/241b2071203cdc9d5ffe9d0f22acae9efece6d
tar: temp/.cache/mesa_shader_cache/d3/241b2071203cdc9d5ffe9d0f22acae9efece6d: File shrank by 6 bytes; padding with zeros
temp/.config/
temp/.config/cros-garcon.conf
temp/.config/procps/
temp/.config/Meltytech/
temp/.config/Meltytech/Shotcut.conf
tar: temp/.config/Meltytech/Shotcut.conf: File shrank by 3245 bytes; padding with zeros
temp/.config/weston.ini
temp/.config/pulse/
temp/.config/pulse/cookie
temp/.config/QtProject.conf
temp/.gitconfig
temp/.lesshst
temp/.local/
temp/.local/share/
temp/.local/share/Meltytech/
temp/.local/share/Meltytech/Shotcut/
temp/.local/share/Meltytech/Shotcut/db.sqlite3
temp/.local/share/Meltytech/Shotcut/thumbnails/
temp/.local/share/Meltytech/Shotcut/proxies/
temp/.local/share/Meltytech/Shotcut/shotcut-log.txt
tar: temp/.local/share/Meltytech/Shotcut/shotcut-log.txt: File shrank by 56076 bytes; padding with zeros
temp/.local/share/Meltytech/Shotcut/autosave/
temp/.local/share/Meltytech/Shotcut/presets/
temp/.local/share/Meltytech/Shotcut/presets/ColorProducerWidget/
temp/.local/share/Meltytech/Shotcut/presets/ColorProducerWidget/transparent
temp/.local/share/Meltytech/Shotcut/presets/ColorProducerWidget/black
temp/.local/share/Meltytech/Shotcut/presets/ColorProducerWidget/(defaults)
temp/.local/share/cros-motd
temp/.local/state/
temp/.local/state/wireplumber/
temp/.local/state/wireplumber/restore-stream
temp/.openshot_qt/
temp/.openshot_qt/emojis/
temp/.openshot_qt/cache/
temp/.openshot_qt/preview-cache/
temp/.openshot_qt/title/
temp/.openshot_qt/blender/
temp/.openshot_qt/openshot-qt.log
tar: temp/.openshot_qt/openshot-qt.log: File shrank by 1198 bytes; padding with zeros
temp/.openshot_qt/transitions/
temp/.openshot_qt/yolo/
temp/.openshot_qt/libopenshot.log
temp/.openshot_qt/thumbnail/
temp/.openshot_qt/thumbnail/OW01Z1RE8R.png
tar: temp/.openshot_qt/thumbnail/OW01Z1RE8R.png: File shrank by 7382 bytes; padding with zeros
temp/.openshot_qt/protobuf_data/
temp/.openshot_qt/recovery/
temp/.openshot_qt/openshot.settings
tar: temp/.openshot_qt/openshot.settings: File shrank by 14470 bytes; padding with zeros
temp/.openshot_qt/title_templates/
temp/.openshot_qt/presets/
temp/.openshot_qt/profiles/
temp/.profile
temp/.sommelierrc
temp/.sudo_as_admin_successful
temp/.viminfo
temp/.Xauthority
