
WARNING: apt does not have a stable CLI interface. Use with caution in scripts.

Sorting...
Full Text Search...
arduino-core-avr/stable 1.8.7+dfsg-1~deb13u1 all
  Arduino Core for AVR microcontroller

avarice/stable 2.14+svn427-2 arm64
  use GDB with Atmel AVR debuggers

avr-libc/stable 1:2.2.1-1 all
  Standard C library for Atmel AVR development

avra/stable 1.4.2+dfsg-1+b2 arm64
  assembler for Atmel AVR microcontrollers

avrdude/stable,now 7.1+dfsg-3+b3 arm64 [installed]
  software for programming Atmel AVR microcontrollers

avrp/stable 1.0beta3-8 arm64
  Programmer for Atmel AVR microcontrollers

binutils-avr/stable,now 2.43.50.20250108-1 arm64 [installed,automatic]
  Binary utilities supporting Atmel's AVR targets

bossa/stable 1.9.1-3+b7 arm64
  Atmel SAM ARM microcontroller flash programming GUI

bossa-cli/stable 1.9.1-3+b7 arm64
  Atmel SAM ARM microcontroller flash programming utility

dfu-programmer/stable,now 0.6.1-1+b3 arm64 [installed]
  device firmware update (DFU) based USB programmer for Atmel chips

libnxt/stable 0.5.2-1 arm64
  utility library for talking to the LEGO Mindstorms NXT brick

s51dude/stable 0.3.1-1.1+b3 arm64
  In-System Programmer for 8051 MCUs using usbtiny

simulavr/stable 1.0.0+git20160221.e53413b-3+b1 arm64
  Atmel AVR simulator

uisp/stable 20050207-4.5+b2 arm64
  Micro In-System Programmer for Atmel's AVR MCUs

