
WARNING: apt does not have a stable CLI interface. Use with caution in scripts.

Sorting...
Full Text Search...
ament-cmake-cppcheck/stable 0.19.1-1 all
  CMake build system for ROS 2 ament packages (cppcheck)

arch-test/stable 0.22-1 all
  detect architectures supported by your machine/kernel

backuppc/stable 4.4.0-11 arm64
  high-performance, enterprise-grade system for backing up PCs

backuppc-rsync/stable 3.1.3.0-4+b1 arm64
  patched rsync for BackupPC version 4

bppsuite/stable 2.4.1-7+b1 arm64
  Bio++ program suite

cl-abnf/stable 20200229.gitba1fbb1-1 all
  Common Lisp ABNF parser generator

cl-ppcre/stable 20240427.git80fb19d-1 all
  Portable Perl-compatible regular expressions for Common Lisp

cl-ppcre-unicode/stable 20240427.git80fb19d-1 all
  Portable Perl-compatible regular expressions for Common Lisp (Unicode)

cl-unicode/stable 20231118.git07e7ff5-1 all
  portable Unicode library for Common Lisp

codeblocks-contrib/stable 25.03+dfsg-2 arm64
  contrib plugins for Code::Blocks IDE

cpp-12-powerpc64le-linux-gnu/stable 12.4.0-5cross1 arm64
  GNU C preprocessor

cpp-powerpc64le-linux-gnu/stable 4:14.2.0-1 arm64
  GNU C preprocessor (cpp) for the ppc64el architecture

cppcheck/stable 2.17.1-2 arm64
  tool for static C/C++ code analysis (CLI)

cppcheck-gui/stable 2.17.1-2 arm64
  tool for static C/C++ code analysis (GUI)

crossbuild-essential-ppc64el/stable 12.12 all
  Informational list of cross-build-essential packages

debian-installer-13-netboot-ppc64el/stable 20250803+deb13u6 all
  Debian-installer network boot images for ppc64el

g++-12-powerpc64le-linux-gnu/stable 12.4.0-5cross1 arm64
  GNU C++ compiler (cross compiler for ppc64el architecture)

g++-powerpc64le-linux-gnu/stable 4:14.2.0-1 arm64
  GNU C++ compiler for the ppc64el architecture

gcc-12-powerpc64le-linux-gnu/stable 12.4.0-5cross1 arm64
  GNU C compiler (cross compiler for ppc64el architecture)

gcc-powerpc64le-linux-gnu/stable 4:14.2.0-1 arm64
  GNU C compiler for the ppc64el architecture

gccgo-powerpc64le-linux-gnu/stable 4:14.2.0-1 arm64
  Go compiler (based on GCC) for the ppc64el architecture

gdc-12-powerpc64le-linux-gnu/stable 12.4.0-5cross1 arm64
  GNU D compiler (version 2) (cross compiler for ppc64el architecture)

gdc-powerpc64le-linux-gnu/stable 4:14.2.0-1 arm64
  GNU D compiler (based on GCC) for the ppc64el architecture

gfortran-powerpc64le-linux-gnu/stable 4:14.2.0-1 arm64
  GNU Fortran 95 compiler for the ppc64el architecture

gm2-12-powerpc64le-linux-gnu/stable 12.4.0-5cross1 arm64
  GNU Modula-2 compiler (cross compiler for ppc64el architecture)

gm2-powerpc64le-linux-gnu/stable 4:14.2.0-1 arm64
  GNU Modula-2 compiler (based on GCC) for the ppc64el architecture

gobjc++-powerpc64le-linux-gnu/stable 4:14.2.0-1 arm64
  GNU Objective-C++ compiler for the ppc64el architecture

gobjc-powerpc64le-linux-gnu/stable 4:14.2.0-1 arm64
  GNU Objective-C compiler for the ppc64el architecture

golang-debian-mdosch-xmppsrv-dev/stable 0.3.3-1 all
  Look up XMPP SRV records (library)

golang-github-appc-cni-dev/stable 1.1.2-1 all
  container network interface

golang-golang-x-arch-dev/stable 0.13.0-1 all
  Library with machine architecture information

gxemul/stable 0.7.0+dfsg-2 arm64
  machine emulator for multiple architectures

hobbit-plugins/stable 20230301 all
  plugins for the Xymon network monitor

ht/stable 2.1.0+repack1-5+b1 arm64
  Viewer/editor/analyser (mostly) for executables

installation-guide-ppc64el/stable 20250803+deb13u1 all
  Debian installation guide for powerpc

lib32asan8-ppc64-cross/stable 14.2.0-19cross1 all
  AddressSanitizer -- a fast memory error detector (32bit)

lib32atomic1-ppc64-cross/stable 14.2.0-19cross1 all
  support library providing __atomic built-in functions (32bit)

lib32gcc-12-dev-ppc64-cross/stable 12.4.0-5cross1 all
  GCC support library (32 bit development files)

lib32gcc-13-dev-ppc64-cross/stable 13.3.0-16cross1 all
  GCC support library (32 bit development files)

lib32gcc-14-dev-ppc64-cross/stable 14.2.0-19cross1 all
  GCC support library (32 bit development files)

lib32gcc-s1-ppc64-cross/stable 14.2.0-19cross1 all
  GCC support library (32 bit Version)

lib32gfortran-12-dev-ppc64-cross/stable 12.4.0-5cross1 all
  Runtime library for GNU Fortran applications (32bit development files)

lib32gfortran-13-dev-ppc64-cross/stable 13.3.0-16cross1 all
  Runtime library for GNU Fortran applications (32bit development files)

lib32gfortran-14-dev-ppc64-cross/stable 14.2.0-19cross1 all
  Runtime library for GNU Fortran applications (32bit development files)

lib32gfortran5-ppc64-cross/stable 14.2.0-19cross1 all
  Runtime library for GNU Fortran applications (32bit)

lib32go-12-dev-ppc64-cross/stable 12.4.0-5cross1 all
  Runtime library for GNU Go applications (32bit development files)

lib32go-13-dev-ppc64-cross/stable 13.3.0-16cross1 all
  Runtime library for GNU Go applications (32bit development files)

lib32go-14-dev-ppc64-cross/stable 14.2.0-19cross1 all
  Runtime library for GNU Go applications (32bit development files)

lib32go21-ppc64-cross/stable 12.4.0-5cross1 all
  Runtime library for GNU Go applications (32bit)

lib32go22-ppc64-cross/stable 13.3.0-16cross1 all
  Runtime library for GNU Go applications (32bit)

lib32go23-ppc64-cross/stable 14.2.0-19cross1 all
  Runtime library for GNU Go applications (32bit)

lib32gomp1-ppc64-cross/stable 14.2.0-19cross1 all
  GCC OpenMP (GOMP) support library (32bit)

lib32gphobos-12-dev-ppc64-cross/stable 12.4.0-5cross1 all
  Phobos D standard library (32bit development files)

lib32gphobos-13-dev-ppc64-cross/stable 13.3.0-16cross1 all
  Phobos D standard library (32bit development files)

lib32gphobos-14-dev-ppc64-cross/stable 14.2.0-19cross1 all
  Phobos D standard library (32bit development files)

lib32gphobos3-ppc64-cross/stable 12.4.0-5cross1 all
  Phobos D standard library (runtime library)

lib32gphobos4-ppc64-cross/stable 13.3.0-16cross1 all
  Phobos D standard library (runtime library)

lib32gphobos5-ppc64-cross/stable 14.2.0-19cross1 all
  Phobos D standard library (runtime library)

lib32itm1-ppc64-cross/stable 14.2.0-19cross1 all
  GNU Transactional Memory Library (32bit)

lib32objc-12-dev-ppc64-cross/stable 12.4.0-5cross1 all
  Runtime library for GNU Objective-C applications (32bit development files)

lib32objc-13-dev-ppc64-cross/stable 13.3.0-16cross1 all
  Runtime library for GNU Objective-C applications (32bit development files)

lib32objc-14-dev-ppc64-cross/stable 14.2.0-19cross1 all
  Runtime library for GNU Objective-C applications (32bit development files)

lib32objc4-ppc64-cross/stable 14.2.0-19cross1 all
  Runtime library for GNU Objective-C applications (32bit)

lib32stdc++-12-dev-ppc64-cross/stable 12.4.0-5cross1 all
  GNU Standard C++ Library v3 (development files) (ppc64

lib32stdc++-13-dev-ppc64-cross/stable 13.3.0-16cross1 all
  GNU Standard C++ Library v3 (development files) (ppc64

lib32stdc++-14-dev-ppc64-cross/stable 14.2.0-19cross1 all
  GNU Standard C++ Library v3 (development files) (ppc64

lib32stdc++6-ppc64-cross/stable 14.2.0-19cross1 all
  GNU Standard C++ Library v3 (32 bit Version)

lib32ubsan1-ppc64-cross/stable 14.2.0-19cross1 all
  UBSan -- undefined behaviour sanitizer (32bit)

libappconfig-perl/stable 1.71-2.3 all
  Perl module for configuration file and command line handling

libappconfig-std-perl/stable 1.10-2 all
  Perl module for standard app configuration

libasan8-ppc64-cross/stable 14.2.0-19cross1 all
  AddressSanitizer -- a fast memory error detector

libasan8-ppc64el-cross/stable 14.2.0-19cross1 all
  AddressSanitizer -- a fast memory error detector

libatomic1-ppc64-cross/stable 14.2.0-19cross1 all
  support library providing __atomic built-in functions

libatomic1-ppc64el-cross/stable 14.2.0-19cross1 all
  support library providing __atomic built-in functions

libbackuppc-xs-perl/stable 0.62-2+b5 arm64
  Perl module with C backend for BackupPC 4

libc6-dev-powerpc-ppc64-cross/stable 2.41-11cross1 all
  GNU C Library: 32bit powerpc development libraries for ppc64 (for cross-compiling)

libc6-dev-ppc64-cross/stable 2.41-11cross1 all
  GNU C Library: Development Libraries and Header Files (for cross-compiling)

libc6-dev-ppc64-powerpc-cross/stable 2.41-11cross1 all
  GNU C Library: 64bit Development Libraries for PowerPC64 (for cross-compiling)

libc6-dev-ppc64el-cross/stable 2.41-11cross1 all
  GNU C Library: Development Libraries and Header Files (for cross-compiling)

libc6-powerpc-ppc64-cross/stable 2.41-11cross1 all
  GNU C Library: 32bit powerpc shared libraries for ppc64 (for cross-compiling)

libc6-ppc64-cross/stable 2.41-11cross1 all
  GNU C Library: Shared libraries (for cross-compiling)

libc6-ppc64-powerpc-cross/stable 2.41-11cross1 all
  GNU C Library: 64bit Shared libraries for PowerPC64 (for cross-compiling)

libc6-ppc64el-cross/stable 2.41-11cross1 all
  GNU C Library: Shared libraries (for cross-compiling)

libcapstone5/stable 5.0.7-1~deb13u1 arm64
  lightweight multi-architecture disassembly framework - library

libcarrotsearch-hppc-java/stable 0.7.2-2 all
  High Performance Primitive Collections for Java

libcppdb-dev/stable 0.3.1+dfsg-9.1+b1 arm64
  SQL Connectivity Library (development files)

libcppdb-mysql0t64/stable 0.3.1+dfsg-9.1+b1 arm64
  SQL Connectivity Library (MySQL backend)

libcppdb-odbc0t64/stable 0.3.1+dfsg-9.1+b1 arm64
  SQL Connectivity Library (odbc backend)

libcppdb-postgresql0t64/stable 0.3.1+dfsg-9.1+b1 arm64
  SQL Connectivity Library (PostgreSQL backend)

libcppdb-sqlite3-0t64/stable 0.3.1+dfsg-9.1+b1 arm64
  SQL Connectivity Library (sqlite3 backend)

libcppdb0t64/stable 0.3.1+dfsg-9.1+b1 arm64
  SQL Connectivity Library (core library)

libgcc-12-dev-ppc64-cross/stable 12.4.0-5cross1 all
  GCC support library (development files)

libgcc-12-dev-ppc64el-cross/stable 12.4.0-5cross1 all
  GCC support library (development files)

libgcc-13-dev-ppc64-cross/stable 13.3.0-16cross1 all
  GCC support library (development files)

libgcc-13-dev-ppc64el-cross/stable 13.3.0-16cross1 all
  GCC support library (development files)

libgcc-14-dev-ppc64-cross/stable 14.2.0-19cross1 all
  GCC support library (development files)

libgcc-14-dev-ppc64el-cross/stable 14.2.0-19cross1 all
  GCC support library (development files)

libgcc-s1-ppc64-cross/stable 14.2.0-19cross1 all
  GCC support library (ppc64)

libgcc-s1-ppc64el-cross/stable 14.2.0-19cross1 all
  GCC support library (ppc64el)

libgfortran-12-dev-ppc64-cross/stable 12.4.0-5cross1 all
  Runtime library for GNU Fortran applications (development files)

libgfortran-12-dev-ppc64el-cross/stable 12.4.0-5cross1 all
  Runtime library for GNU Fortran applications (development files)

libgfortran-13-dev-ppc64-cross/stable 13.3.0-16cross1 all
  Runtime library for GNU Fortran applications (development files)

libgfortran-13-dev-ppc64el-cross/stable 13.3.0-16cross1 all
  Runtime library for GNU Fortran applications (development files)

libgfortran-14-dev-ppc64-cross/stable 14.2.0-19cross1 all
  Runtime library for GNU Fortran applications (development files)

libgfortran-14-dev-ppc64el-cross/stable 14.2.0-19cross1 all
  Runtime library for GNU Fortran applications (development files)

libgfortran5-ppc64-cross/stable 14.2.0-19cross1 all
  Runtime library for GNU Fortran applications

libgfortran5-ppc64el-cross/stable 14.2.0-19cross1 all
  Runtime library for GNU Fortran applications

libgm2-12-dev-ppc64el-cross/stable 12.4.0-5cross1 all
  GNU Modula-2 standard library

libgm2-13-dev-ppc64el-cross/stable 13.3.0-16cross1 all
  GNU Modula-2 standard library

libgm2-14-dev-ppc64el-cross/stable 14.2.0-19cross1 all
  GNU Modula-2 standard library

libgm2-17-ppc64el-cross/stable 12.4.0-5cross1 all
  GNU Modula-2 standard library (runtime library)

libgm2-18-ppc64el-cross/stable 13.3.0-16cross1 all
  GNU Modula-2 standard library (runtime library)

libgm2-19-ppc64el-cross/stable 14.2.0-19cross1 all
  GNU Modula-2 standard library (runtime library)

libgnat-12-ppc64-cross/stable 12.4.0-5cross1 all
  runtime for applications compiled with GNAT (shared library)

libgnat-12-ppc64el-cross/stable 12.4.0-5cross1 all
  runtime for applications compiled with GNAT (shared library)

libgnat-13-ppc64-cross/stable 13.3.0-16cross1 all
  runtime for applications compiled with GNAT (shared library)

libgnat-13-ppc64el-cross/stable 13.3.0-16cross1 all
  runtime for applications compiled with GNAT (shared library)

libgnat-14-ppc64-cross/stable 14.2.0-19cross1 all
  runtime for applications compiled with GNAT (shared library)

libgnat-14-ppc64el-cross/stable 14.2.0-19cross1 all
  runtime for applications compiled with GNAT (shared library)

libgo-12-dev-ppc64-cross/stable 12.4.0-5cross1 all
  Runtime library for GNU Go applications (development files)

libgo-12-dev-ppc64el-cross/stable 12.4.0-5cross1 all
  Runtime library for GNU Go applications (development files)

libgo-13-dev-ppc64-cross/stable 13.3.0-16cross1 all
  Runtime library for GNU Go applications (development files)

libgo-13-dev-ppc64el-cross/stable 13.3.0-16cross1 all
  Runtime library for GNU Go applications (development files)

libgo-14-dev-ppc64-cross/stable 14.2.0-19cross1 all
  Runtime library for GNU Go applications (development files)

libgo-14-dev-ppc64el-cross/stable 14.2.0-19cross1 all
  Runtime library for GNU Go applications (development files)

libgo21-ppc64-cross/stable 12.4.0-5cross1 all
  Runtime library for GNU Go applications

libgo21-ppc64el-cross/stable 12.4.0-5cross1 all
  Runtime library for GNU Go applications

libgo22-ppc64-cross/stable 13.3.0-16cross1 all
  Runtime library for GNU Go applications

libgo22-ppc64el-cross/stable 13.3.0-16cross1 all
  Runtime library for GNU Go applications

libgo23-ppc64-cross/stable 14.2.0-19cross1 all
  Runtime library for GNU Go applications

libgo23-ppc64el-cross/stable 14.2.0-19cross1 all
  Runtime library for GNU Go applications

libgomp1-ppc64-cross/stable 14.2.0-19cross1 all
  GCC OpenMP (GOMP) support library

libgomp1-ppc64el-cross/stable 14.2.0-19cross1 all
  GCC OpenMP (GOMP) support library

libgphobos-12-dev-ppc64-cross/stable 12.4.0-5cross1 all
  Phobos D standard library

libgphobos-12-dev-ppc64el-cross/stable 12.4.0-5cross1 all
  Phobos D standard library

libgphobos-13-dev-ppc64-cross/stable 13.3.0-16cross1 all
  Phobos D standard library

libgphobos-13-dev-ppc64el-cross/stable 13.3.0-16cross1 all
  Phobos D standard library

libgphobos-14-dev-ppc64-cross/stable 14.2.0-19cross1 all
  Phobos D standard library

libgphobos-14-dev-ppc64el-cross/stable 14.2.0-19cross1 all
  Phobos D standard library

libgphobos3-ppc64-cross/stable 12.4.0-5cross1 all
  Phobos D standard library (runtime library)

libgphobos3-ppc64el-cross/stable 12.4.0-5cross1 all
  Phobos D standard library (runtime library)

libgphobos4-ppc64-cross/stable 13.3.0-16cross1 all
  Phobos D standard library (runtime library)

libgphobos4-ppc64el-cross/stable 13.3.0-16cross1 all
  Phobos D standard library (runtime library)

libgphobos5-ppc64-cross/stable 14.2.0-19cross1 all
  Phobos D standard library (runtime library)

libgphobos5-ppc64el-cross/stable 14.2.0-19cross1 all
  Phobos D standard library (runtime library)

libgppcscconnectionplugin1/stable 2.4.0+dfsg-3 arm64
  PC/SC connection plugin for GlobalPlatform Library

libhppcrt-java/stable 0.7.5-2 all
  High Performance Primitive Collections RealTime

libio-dirent-perl/stable 0.05-2+b1 arm64
  Perl module for accessing dirent structs returned by readdir

libitm1-ppc64-cross/stable 14.2.0-19cross1 all
  GNU Transactional Memory Library

libitm1-ppc64el-cross/stable 14.2.0-19cross1 all
  GNU Transactional Memory Library

liblog-dispatch-config-perl/stable 1.04-3 all
  Log4j for Perl

liblog-dispatch-configurator-any-perl/stable 1.122640-2 all
  configurator implementation with Config::Any

liblsan0-ppc64-cross/stable 14.2.0-19cross1 all
  LeakSanitizer -- a memory leak detector (runtime)

liblsan0-ppc64el-cross/stable 14.2.0-19cross1 all
  LeakSanitizer -- a memory leak detector (runtime)

libmpeg2-4/stable 0.5.1-9+b3 arm64
  MPEG1 and MPEG2 video decoder library

libmysqlcppconn-dev/stable 1.1.12-4.1+b2 arm64
  MySQL Connector for C++ (development files)

libmysqlcppconn7t64/stable 1.1.12-4.1+b2 arm64
  MySQL Connector for C++ (library)

libobjc-12-dev-ppc64-cross/stable 12.4.0-5cross1 all
  Runtime library for GNU Objective-C applications (development files)

libobjc-12-dev-ppc64el-cross/stable 12.4.0-5cross1 all
  Runtime library for GNU Objective-C applications (development files)

libobjc-13-dev-ppc64-cross/stable 13.3.0-16cross1 all
  Runtime library for GNU Objective-C applications (development files)

libobjc-13-dev-ppc64el-cross/stable 13.3.0-16cross1 all
  Runtime library for GNU Objective-C applications (development files)

libobjc-14-dev-ppc64-cross/stable 14.2.0-19cross1 all
  Runtime library for GNU Objective-C applications (development files)

libobjc-14-dev-ppc64el-cross/stable 14.2.0-19cross1 all
  Runtime library for GNU Objective-C applications (development files)

libobjc4-ppc64-cross/stable 14.2.0-19cross1 all
  Runtime library for GNU Objective-C applications

libobjc4-ppc64el-cross/stable 14.2.0-19cross1 all
  Runtime library for GNU Objective-C applications

libopenblas-dev/stable 0.3.29+ds-3 arm64
  Optimized BLAS (linear algebra) library (dev, meta)

libopenblas-openmp-dev/stable 0.3.29+ds-3 arm64
  Optimized BLAS (linear algebra) library (dev, openmp)

libopenblas-pthread-dev/stable 0.3.29+ds-3 arm64
  Optimized BLAS (linear algebra) library (dev, pthread)

libopenblas-serial-dev/stable 0.3.29+ds-3 arm64
  Optimized BLAS (linear algebra) library (dev, serial)

libopenblas0/stable 0.3.29+ds-3 arm64
  Optimized BLAS (linear algebra) library (meta)

libopenblas0-openmp/stable 0.3.29+ds-3 arm64
  Optimized BLAS (linear algebra) library (shared lib, openmp)

libopenblas0-pthread/stable 0.3.29+ds-3 arm64
  Optimized BLAS (linear algebra) library (shared lib, pthread)

libopenblas0-serial/stable 0.3.29+ds-3 arm64
  Optimized BLAS (linear algebra) library (shared lib, serial)

libopenblas64-0/stable 0.3.29+ds-3 arm64
  Optimized BLAS (linear algebra) library (shared lib, 64bit, meta)

libopenblas64-0-openmp/stable 0.3.29+ds-3 arm64
  Optimized BLAS (linear algebra) library (shared lib, 64bit, openmp)

libopenblas64-0-pthread/stable 0.3.29+ds-3 arm64
  Optimized BLAS (linear algebra) library (shared lib, 64bit, pthread)

libopenblas64-0-serial/stable 0.3.29+ds-3 arm64
  Optimized BLAS (linear algebra) library (shared lib, 64bit, serial)

libopenblas64-dev/stable 0.3.29+ds-3 arm64
  Optimized BLAS (linear algebra) library (dev, 64bit, meta)

libopenblas64-openmp-dev/stable 0.3.29+ds-3 arm64
  Optimized BLAS (linear algebra) library (dev, 64bit, openmp)

libopenblas64-pthread-dev/stable 0.3.29+ds-3 arm64
  Optimized BLAS (linear algebra) library (dev, 64bit, pthread)

libopenblas64-serial-dev/stable 0.3.29+ds-3 arm64
  Optimized BLAS (linear algebra) library (dev, 64bit, serial)

libquadmath0-ppc64el-cross/stable 14.2.0-19cross1 all
  GCC Quad-Precision Math Library

librte-power-cppc25/stable 24.11.4-0+deb13u1 arm64
  Data Plane Development Kit (librte-power-cppc runtime library)

libstdc++-12-dev-ppc64-cross/stable 12.4.0-5cross1 all
  GNU Standard C++ Library v3 (development files) (ppc64)

libstdc++-12-dev-ppc64el-cross/stable 12.4.0-5cross1 all
  GNU Standard C++ Library v3 (development files) (ppc64el)

libstdc++-12-pic-ppc64-cross/stable 12.4.0-5cross1 all
  GNU Standard C++ Library v3 (shared library subset kit) (ppc64)

libstdc++-12-pic-ppc64el-cross/stable 12.4.0-5cross1 all
  GNU Standard C++ Library v3 (shared library subset kit) (ppc64el)

libstdc++-13-dev-ppc64-cross/stable 13.3.0-16cross1 all
  GNU Standard C++ Library v3 (development files) (ppc64)

libstdc++-13-dev-ppc64el-cross/stable 13.3.0-16cross1 all
  GNU Standard C++ Library v3 (development files) (ppc64el)

libstdc++-13-pic-ppc64-cross/stable 13.3.0-16cross1 all
  GNU Standard C++ Library v3 (shared library subset kit) (ppc64)

libstdc++-13-pic-ppc64el-cross/stable 13.3.0-16cross1 all
  GNU Standard C++ Library v3 (shared library subset kit) (ppc64el)

libstdc++-14-dev-ppc64-cross/stable 14.2.0-19cross1 all
  GNU Standard C++ Library v3 (development files) (ppc64)

libstdc++-14-dev-ppc64el-cross/stable 14.2.0-19cross1 all
  GNU Standard C++ Library v3 (development files) (ppc64el)

libstdc++-14-pic-ppc64-cross/stable 14.2.0-19cross1 all
  GNU Standard C++ Library v3 (shared library subset kit) (ppc64)

libstdc++-14-pic-ppc64el-cross/stable 14.2.0-19cross1 all
  GNU Standard C++ Library v3 (shared library subset kit) (ppc64el)

libstdc++6-ppc64-cross/stable 14.2.0-19cross1 all
  GNU Standard C++ Library v3 (ppc64)

libstdc++6-ppc64el-cross/stable 14.2.0-19cross1 all
  GNU Standard C++ Library v3 (ppc64el)

libtomcrypt-dev/stable 1.18.2+dfsg-7+b2 arm64
  static library, header files and documentation for libtomcrypt

libtomcrypt1/stable 1.18.2+dfsg-7+b2 arm64
  public domain open source cryptographic toolkit

libtsan2-ppc64-cross/stable 14.2.0-19cross1 all
  ThreadSanitizer -- a Valgrind-based detector of data races (runtime)

libtsan2-ppc64el-cross/stable 14.2.0-19cross1 all
  ThreadSanitizer -- a Valgrind-based detector of data races (runtime)

libubsan1-ppc64-cross/stable 14.2.0-19cross1 all
  UBSan -- undefined behaviour sanitizer (runtime)

libubsan1-ppc64el-cross/stable 14.2.0-19cross1 all
  UBSan -- undefined behaviour sanitizer (runtime)

libvectorscan-dev/stable 5.4.11-2+b1 arm64
  Portable fork of Intel's Hyperscan library (development files)

libvectorscan5/stable 5.4.11-2+b1 arm64
  Portable fork of Intel's Hyperscan library

libwebsocketpp-dev/stable 0.8.2-4+b1 arm64
  C++/Boost Asio based websocket client/server library. Dev package

libwebsocketpp-doc/stable 0.8.2-4 all
  C++/Boost Asio based websocket client/server library. Doc package

libyaml-appconfig-perl/stable 0.19-3 all
  module to manage configuration files with YAML

linux-libc-dev-ppc64-cross/stable 6.12.38-1cross1 all
  Linux Kernel Headers for development (for cross-compiling)

linux-libc-dev-ppc64el-cross/stable 6.12.38-1cross1 all
  Linux Kernel Headers for development (for cross-compiling)

monitoring-plugins-contrib/stable 48.20250420 arm64
  Plugins for nagios compatible monitoring systems

pdf-presenter-console/stable 4.7.0-1 arm64
  multi-monitor presentation tool (ala Keynote) for PDF files

pppconfig/stable 2.3.30 all
  Text menu based utility for configuring ppp

python-django-appconf-doc/stable 1.0.6-3 all
  helper class handling configuration defaults of apps - doc

python3-ament-cppcheck/stable 0.19.1-1 all
  Python 3 module for cppcheck support in ROS 2 ament packages

python3-bcj/stable 1.0.3+ds-1+b1 arm64
  BCJ (Branch-Call-Jump) filter for Python

python3-django-appconf/stable 1.0.6-3 all
  helper class handling configuration defaults of apps - Python 3.x

qemu-system-ppc/stable 1:10.0.11+ds-0+deb13u1 arm64
  QEMU full system emulation binaries (ppc)

r-bioc-pcamethods/stable 1.98.0-2 arm64
  BioConductor collection of PCA methods

r-cran-rcppcctz/stable 0.2.13-1 arm64
  GNU R package with 'CCTZ' bindings

texlive-latex-extra/stable 2024.20250309-2 all
  TeX Live: LaTeX additional packages

u-boot-asahi/stable 2025.01-3 arm64
  A boot loader for Apple Silicon systems

u-boot-mvebu/stable 2025.01-3 arm64
  A boot loader for marvell systems

u-boot-qcom/stable 2025.01-3 arm64
  A boot loader for qcom systems

u-boot-qemu/stable 2025.01-3 all
  A boot loader for qemu

u-boot-rockchip/stable 2025.01-3 arm64
  A boot loader for rockchip systems

u-boot-rpi/stable 2025.01-3 arm64
  A boot loader for Raspberry PI systems

u-boot-sunxi/stable 2025.01-3 arm64
  A boot loader for sunxi systems

u-boot-tegra/stable 2025.01-3 arm64
  A boot loader for NVIDIA Tegra systems

upx-ucl/stable 4.2.4-1.1 arm64
  efficient live-compressor for executables

xmppc/stable 0.1.0-2+b3 arm64
  XMPP Command Line Client

