
WARNING: apt does not have a stable CLI interface. Use with caution in scripts.

Sorting...
Full Text Search...
angrydd/stable 1.0.1-14 all
  Angry Drunken Dwarves - falling blocks puzzle game

arjun/stable 2.2.7-1 all
  HTTP parameter discovery suite

artha/stable 1.0.5-5 arm64
  Handy off-line thesaurus based on WordNet

cgoban/stable 1.9.14-20 arm64
  complete Go board

chameleon-cursor-theme/stable 0.5-8 all
  modern but not gaudy X11 mouse theme

chroma/stable 1.19-2+b1 arm64
  Abstract puzzle game - graphical version

chroma-curses/stable 1.19-2+b1 arm64
  Abstract puzzle game - terminal version

compass-toolkit-plugin/stable 2.10.2-2 all
  toolkit of awesome Sass stuff

conda-package-handling/stable 2.3.0-1 arm64
  create and extract conda packages of various formats

cscope/stable 15.9-2+b2 arm64
  interactively examine a C program source

datefudge/stable 1.27 arm64
  Fake the system date

davmail/stable 6.3.0.3627-1 all
  POP/IMAP/SMTP/CalDav/LDAP to Microsoft Exchange gateway - GUI

davmail-server/stable 6.3.0.3627-1 all
  POP/IMAP/SMTP/CalDav/LDAP to Microsoft Exchange gateway - headless

deutex/stable 5.2.3-1 arm64
  composition tool for doom-style WAD files

didder/stable 1.3.0-1 arm64
  Extensive, fast, and accurate command-line image dithering tool

dropwatch/stable 1.5.4-4 arm64
  tool for detecting and diagnosing dropped network packets

dtrx/stable 8.5.3-3 all
  intelligently extract multiple archive types

elpa-browse-kill-ring/stable 2.0.0-5 all
  interactively insert items from kill-ring

elpa-plz/stable 0.9+dfsg-2 all
  HTTP library for Emacs

emacs-lucid/stable 1:30.1+1-6 arm64
  GNU Emacs editor (with Lucid GUI support)

esbuild/stable 0.25.5-1+b1 arm64
  extremely fast JavaScript bundler and minifier (program)

esekeyd/stable 1.2.7-4+b1 arm64
  multimedia keyboard daemon for Linux

facedetect/stable 0.1-4 arm64
  simple face detector for batch processing

fccexam/stable 1.0.7-1.1 all
  Study tool for USA FCC commercial radio license exams.

fonts-creep2/stable 0.0~git20210325.69dc0de+ds-5 all
  Pretty sweet 4px wide pixel font (strict character bounding box)

fonts-sil-andikanewbasic/stable 5.500-3.1 all
  smart Unicode Latin font family for literacy (more faces, limited charset)

fvwm/stable 1:2.7.0-3 arm64
  F(?) Virtual Window Manager

fvwm3/stable 1.1.2+ds-1 arm64
  F(?) Virtual Window Manager

gdmap/stable 1.3.1-1 arm64
  Tool to visualize diskspace

git-sizer/stable 1.5.0-3+b12 arm64
  compute various size metrics for a Git repository

gnome-shell-extension-flypie/stable 28-1 all
  innovative marking menu via keyboard shortcuts

gnugo/stable 3.8-13+b1 arm64
  play the game of Go

golang-github-aybabtme-rgbterm-dev/stable 0.0~git20170906.cc83f3b-2 all
  RGB colors for your terminal (library)

golang-github-bmatcuk-doublestar-dev/stable 4.6.1-1 all
  support for double star matches in golang's path.Match and filepath.Glob

golang-github-dave-jennifer-dev/stable 1.4.1-2 all
  code generator for Go (library)

golang-github-davidmytton-url-verifier-dev/stable 1.0.0-2 all
  Go library for URL validation and verification (library)

golang-github-djherbis-atime-dev/stable 1.1.0-2 all
  file access times (atime) for #golang

golang-github-dropbox-dropbox-sdk-go-unofficial-dev/stable 6.0.5-1 all
  Unofficial Go SDK for integrating with the Dropbox API v2

golang-github-evanw-esbuild-dev/stable 0.25.5-1 all
  extremely fast JavaScript bundler and minifier (library)

golang-github-francoispqt-gojay-dev/stable 1.2.13-5 all
  JSON encoder/decoder golang library with powerful stream API

golang-github-go-enry-go-license-detector-dev/stable 4.3.0+git20221007.a3a1cc6-3 all
  Reliable project licenses detector (library)

golang-github-go-git-go-billy-dev/stable 5.5.0-1 all
  missing interface filesystem abstraction for Go

golang-github-google-gofuzz-dev/stable 1.2.0-1 all
  Fuzz testing for Go

golang-github-iglou-eu-go-wildcard-dev/stable 2.0.2-1 all
  Fast and light wildcard pattern matching

golang-github-inconshreveable-mousetrap-dev/stable 1.0.0-1 all
  Go library to detect starting from Windows Explorer

golang-github-inconshreveable-muxado-dev/stable 0.0~git20140312.0.f693c7e-2.1 all
  Stream multiplexing for Go

golang-github-jamiealquiza-tachymeter-dev/stable 2.0.0-3 all
  Go library for timing things and yielding rates, percentiles, and histograms

golang-github-makeworld-the-better-one-dither-dev/stable 2.4.0-2 all
  fast, correct image dithering library in Go

golang-github-mitchellh-go-homedir-dev/stable 1.1.0-1 all
  Go library for detecting and expanding the user's home directory

golang-github-nebulouslabs-go-upnp-dev/stable 0.0~git20171003.0.1be4557-1.1 all
  Opinionated interface to Internet Gateway Devices

golang-github-peterbourgon-ff-dev/stable 3.4.0-2 all
  Flags-first package for configuration (library)

golang-github-peterbourgon-unixtransport-dev/stable 0.0.4-2 all
  Support for Unix domain sockets in Go HTTP clients (library)

golang-github-segmentio-ksuid-dev/stable 1.0.4-2 all
  K-Sortable Globally Unique IDs (Go library)

golang-github-seiflotfy-cuckoofilter-dev/stable 0.0~git20201222.bc60055-2 all
  Bloom filter replacement using cuckoo hashing

golang-github-tidwall-match-dev/stable 1.1.1-2 all
  simple string pattern matcher for Go

golang-github-tinylib-msgp-dev/stable 1.2.5-1 all
  Go code generator for MessagePack (source)

golang-github-weppos-publicsuffix-go-dev/stable 0.30.1-1 all
  Domain name parser on the Public Suffix List (library)

golang-github-yalue-merged-fs-dev/stable 1.3.0-1.1 all
  compose multiple Go filesystems

golang-github-yl2chen-cidranger-dev/stable 1.0.2-1 all
  Fast IP to CIDR lookup in Golang

golang-github-yuin-goldmark-dev/stable 1.7.4-1 all
  CommonMark compliant and extensible Markdown parser written in Go

golang-gopkg-neurosnap-sentences.v1-dev/stable 1.0.6-1.1 all
  Sentence tokenizer for Go

golang-inet-netstack-dev/stable 0.0~git20211120.8aa80cf2-6 all
  Pure Go network stack

golang-k8s-sigs-structured-merge-diff-dev/stable 4.6.0-3 all
  implementation for "server-side apply" (library)

golang-nhooyr-websocket-dev/stable 1.8.12-4 all
  Minimal and idiomatic WebSocket library for Go (library)

hachoir/stable 3.1.0+dfsg-5 all
  Python framework to parse and edit binary files

holotz-castle/stable 1.3.14-12+b2 arm64
  platform game with high doses of mystery

hugo-mx-gateway/stable 0.2.2+ds1-3+b19 arm64
  Contact/demo forms handler for static websites (program)

ibus-table-yong/stable 1.8.12-2 all
  ibus-table input method: YongMa

iftop/stable 1.0~pre4-9+b2 arm64
  displays bandwidth usage information on an network interface

insserv/stable 1.26.0-1 arm64
  boot sequence organizer using LSB init.d script dependency information

iotop/stable 0.6-42-ga14256a-0.3+b1 arm64
  simple top-like I/O monitor

iotop-c/stable 1.30-1 arm64
  simple top-like I/O monitor (implemented in C)

iprange/stable 1.0.4+ds-2+b1 arm64
  optimizing ipsets for iptables

ir.lv2/stable 1.3.4~dfsg0-3+b1 arm64
  LV2 IR reverb

jamulus/stable 3.9.1+dfsg-1+b2 arm64
  real-time collaborative music session client and server

ksuid/stable 1.0.4-2+b17 arm64
  K-Sortable Globally Unique IDs (program)

lib0install-solver-ocaml/stable 2.18-1+b3 arm64
  package dependency solver (runtime)

lib0install-solver-ocaml-dev/stable 2.18-1+b3 arm64
  package dependency solver (dev)

libacme-poe-knee-perl/stable 1.12-4 all
  Time sliced pony race using the POE event loop

libagrep-ocaml/stable 1.1-1+b2 arm64
  Wu-Manber algorithm for string searching with errors

libagrep-ocaml-dev/stable 1.1-1+b2 arm64
  Wu-Manber algorithm for string searching with errors

libapache2-mod-encoding/stable 20040616-9 arm64
  Apache2 module for non-ascii filename interoperability

libatinject-jsr330-api-java/stable 1.0+ds1-6 all
  Java API for JSR-330 Dependency Injection

libatinject-jsr330-api-java-doc/stable 1.0+ds1-6 all
  Documentation for libatinject-jsr330-api-java

libatinject-jsr330-tck-java/stable 1.0+ds1-6 all
  Java API for JSR-330 Dependency Injection (TCK)

libbio-asn1-entrezgene-perl/stable 1.730-3 all
  parser for NCBI Entrez Gene and NCBI Sequence records

libboost-container-dev/stable 1.83.0.2+b2 arm64
  C++ library that implements several well-known containers - dev files (default version)

libboost-container1.83-dev/stable 1.83.0-4.2 arm64
  C++ library that implements several well-known containers - dev files

libboost-container1.83.0/stable 1.83.0-4.2 arm64
  C++ library that implements several well-known containers

libboost-container1.88-dev/stable 1.88.0-1 arm64
  C++ library that implements several well-known containers - dev files

libboost-container1.88.0/stable 1.88.0-1 arm64
  C++ library that implements several well-known containers

libboost-timer-dev/stable 1.83.0.2+b2 arm64
  C++ wall clock and CPU process timers (default version)

libboost-timer1.83-dev/stable 1.83.0-4.2 arm64
  C++ wall clock and CPU process timers

libboost-timer1.83.0/stable 1.83.0-4.2 arm64
  C++ wall clock and CPU process timers

libboost-timer1.88-dev/stable 1.88.0-1 arm64
  C++ wall clock and CPU process timers

libboost-timer1.88.0/stable 1.88.0-1 arm64
  C++ wall clock and CPU process timers

libbusiness-isbn-data-perl/stable 20250418.001-1 all
  data pack for Business::ISBN

libbusiness-onlinepayment-payflowpro-perl/stable 1.01-5 all
  PayPal Payflow Pro backend for Business::OnlinePayment

libbytesize1/stable 2.11-2 arm64
  library for common operations with sizes in bytes

libcarp-fix-1-25-perl/stable 1.000001-4 all
  Perl module to smooth over incompatible changes in Carp 1.25

libcatalyst-plugin-subrequest-perl/stable 0.21-2 all
  deprecated Catalyst plugin for making subrequests to actions

libclass-autoloadcan-perl/stable 0.03-4 all
  module managing conflict between AUTOLOAD, can and inheritance

libclass-dbi-fromcgi-perl/stable 1.00-5.1 all
  Perl module to update Class::DBI data using CGI::Untaint

libclass-tiny-antlers-perl/stable 0.024-3 all
  Moose-like sugar for Class::Tiny

libcork-dev/stable 1.0.0~rc3-4 arm64
  simple, easily embeddable, cross-platform C library (development files)

libcork-doc/stable 1.0.0~rc3-4 all
  simple, easily embeddable, cross-platform C library (documentation files)

libcork16/stable 1.0.0~rc3-4 arm64
  simple, easily embeddable, cross-platform C library

libcpanel-json-xs-perl/stable 4.39-2~deb13u1 arm64
  module for fast and correct serialising to JSON

libdbix-password-perl/stable 1.9-3 all
  Perl module for creating a global password file for DB passwords

libdevel-callsite-perl/stable 1.0.1-2+b4 arm64
  Perl module to get caller return OP address and Perl interpreter context

libdist-zilla-plugin-config-git-perl/stable 0.92-3 all
  Dist::Zilla Git plugin configuration settings module

libdlmcontrol3/stable 4.3.0-3 arm64
  Distributed Lock Manager control library

libencode-eucjpms-perl/stable 0.07-5 arm64
  Perl library for Microsoft Compatible Japanese Encodings

libenum-perl/stable 1.12-2 all
  perl module for sets of ordered constants like enums in C

libfile-remove-perl/stable 1.61-2 all
  Perl module to remove files or directories

libgeo-google-mapobject-perl/stable 0.06-4 all
  module managing the server side of the Google Maps API

libgff-dev/stable 2.0.0-3 arm64
  GFF/GTF parsing from cufflinks as a library

libghc-binary-search-dev/stable 2.0.0-2 arm64
  Binary and exponential searches

libghc-binary-search-doc/stable 2.0.0-2 all
  Binary and exponential searches; documentation

libghc-binary-search-prof/stable 2.0.0-2 arm64
  Binary and exponential searches; profiling libraries

libghc-chasingbottoms-dev/stable 1.3.1.15-1+b1 arm64
  Library for testing partial and infinite values

libghc-chasingbottoms-doc/stable 1.3.1.15-1 all
  Library for testing partial and infinite values; documentation

libghc-chasingbottoms-prof/stable 1.3.1.15-1+b1 arm64
  Library for testing partial and infinite values; profiling libraries

libghc-silently-dev/stable 1.2.5.3-3+b1 arm64
  prevent or capture writing to stdout and other handles

libghc-silently-doc/stable 1.2.5.3-3 all
  prevent or capture writing to stdout and other handles; documentation

libghc-silently-prof/stable 1.2.5.3-3+b1 arm64
  prevent or capture writing to stdout and other handles; profiling libraries

libgkarrays-dev/stable 2.1.0+dfsg-4.2+b1 arm64
  library to query large collection of NGS sequences (development)

libgkarrays1t64/stable 2.1.0+dfsg-4.2+b1 arm64
  library to query large collection of NGS sequences

libima-dbi-perl/stable 0.35-3 all
  module for database connection caching and organization

libjdo-api-java/stable 3.1-3 all
  Implementation of JSR 243: Java Data Objects 3.1

libjs-i18next-browser-languagedetector/stable 7.2.0-1 all
  language detector used in browser environment for i18next - js library

libjs-jquery-selectize.js/stable 0.12.6+dfsg-1.1 all
  Extensible jQuery-based custom select UI control

libjxp-java/stable 1.6.1-7 all
  Java template engine/script processor

liblist-allutils-perl/stable 0.19-1 all
  Perl wrapper for modules List::Util and List::MoreUtils

liblivetribe-jsr223-java/stable 2.0.7-1 all
  Implementation of JSR 223: Scripting for Java

libloki-dev/stable 0.1.7-6 arm64
  C++ library of generic design patterns (development files)

libloki-doc/stable 0.1.7-6 all
  C++ library of generic design patterns (documentation)

libloki0.1.7t64/stable 0.1.7-6 arm64
  C++ library of generic design patterns

libmath-base85-perl/stable 0.5+dfsg-2 all
  Perl extension for base 85 numbers, as referenced by RFC 1924

libmime-encwords-perl/stable 1.015.0-1 all
  Perl interface to deal with RFC 2047 encoded words

libmodule-versions-report-perl/stable 1.06-4 all
  Report versions of all modules in memory

libmoosex-arrayref-perl/stable 0.005-4 all
  blessed arrayrefs with Moose

libmoosex-attributeshortcuts-perl/stable 0.037-2 all
  Moose extension providing shorthands for common attribute options

libmp3-info-perl/stable 1.26-1 all
  module to manipulate / fetch info from MP3 audio files

libnauty-2.8.9/stable 2.8.9+ds-1+b1 arm64
  library for graph automorphisms -- library package

libnauty-dev/stable 2.8.9+ds-1+b1 arm64
  library for graph automorphisms -- development package

libnfo1/stable 1.0.1-3+b2 arm64
  NFO file parser/writer library

libobject-realize-later-perl/stable 0.21-2 all
  Perl module providing delayed creation of objects

libpackage-locator-perl/stable 0.10-3 all
  module to find a package among CPAN-like repositories

libpath-tiny-perl/stable 0.148-1 all
  file path utility

libperl-languageserver-perl/stable 2.6.2-1 all
  Language Server and Debug Protocol Adapter for Perl

libpod-xhtml-perl/stable 1.61-3 all
  module for translating POD to XHTML

libregexp-grammars-perl/stable 1.058-2 all
  Perl module to add grammatical parsing features to Perl 5.10 regexes

libregexp-optimizer-perl/stable 0.23-3 all
  modules for optimizing regular expressions

libregexp-shellish-perl/stable 0.93-4 all
  module for shell-like regular expressions

libregexp-wildcards-perl/stable 1.05-3 all
  converts wildcard expressions to Perl regular expressions

librust-is-executable-dev/stable 1.0.1-3+b2 arm64
  Is there an executable file at the given path? - Rust source code

librust-suggest-dev/stable 0.5.1-1+b2 arm64
  Minimal library to provide similar name suggestions like "Did you mean?"

libscalar-listify-perl/stable 0.03-4 all
  module that produces an array/arrayref from a scalar value or array ref

libshell-posix-select-perl/stable 0.09-1 all
  POSIX Shell's "select" loop for Perl

libsub-handlesvia-perl/stable 0.050002-1 all
  alternative handles_via implementation for Moo, Moose, and more

libtest-command-simple-perl/stable 0.05-3 all
  Perl module to test external commands

libtest-filename-perl/stable 0.03-2 all
  portable filename comparison

libtest-hasversion-perl/stable 0.014-3 all
  Perl library to check that Perl modules have version numbers

libtest-rdf-doap-version-perl/stable 0.010-3 all
  tests 'meta/changes.ttl' is up to date

libtext-diff-formattedhtml-perl/stable 0.08-2 all
  Perl module to generate a colorful HTML diff of strings/files

libtext-unidecode-perl/stable 1.30-3 all
  US-ASCII transliterations of Unicode text

libtie-cycle-perl/stable 1.231-1 all
  module for cycling through a list of values via a scalar

libtk-dirselect-perl/stable 1.12-4 all
  cross-platform directory selection widget

libutf8-locale-dev/stable 1.0.3-2 arm64
  Detect a UTF-8-capable locale for running programs in - development files

libutf8-locale0/stable 1.0.3-2 arm64
  Detect a UTF-8-capable locale for running programs in - shared library

libweb-query-perl/stable 1.01-1 all
  perl web scraping library like jQuery

libxml-dtdparser-perl/stable 2.01-6 all
  perl module providing a quick and dirty DTD parser

libxml-smart-perl/stable 1.78-4 all
  Perl module for access to parsed XML trees

license-detector/stable 4.3.0+git20221007.a3a1cc6-3+b12 arm64
  Reliable project licenses detector (command line)

lmarbles/stable 1.0.8-0.2+b1 arm64
  game where you build figures out of colored marbles

mage/stable 1.15.0+ds-2+b3 arm64
  Make/rake-like dev tool using Go (program)

makedepf90/stable 3.0.1-1+b1 arm64
  Fortran-90 dependency processor for Makefiles

monitoring-plugins-contrib/stable 48.20250420 arm64
  Plugins for nagios compatible monitoring systems

mono-mcs/stable 6.12.0.199+dfsg-6 all
  Mono C# 2.0 / 3.0 / 4.0 / 5.0  compiler for CLI 2.0 / 4.0 / 4.5

msgp/stable 1.2.5-1+b4 arm64
  Go code generator for MessagePack

mysqltuner/stable 2.6.0-1 all
  high-performance MySQL tuning script

nagios-snmp-plugins/stable 2.1.0-5 all
  SNMP Plugins for nagios

nauty/stable 2.8.9+ds-1+b1 arm64
  library for graph automorphisms -- interface and tools

nauty-doc/stable 2.8.9+ds-1 all
  library for graph automorphisms -- user guide

netpipe-lam/stable 3.7.2-9.1+b1 arm64
  Network performance tool using LAM MPI

netpipe-mpich2/stable 3.7.2-9.1+b1 arm64
  Network performance tool using MPICH2 MPI

netpipe-openmpi/stable 3.7.2-9.1+b1 arm64
  Network performance tool using OpenMPI

netpipe-tcp/stable 3.7.2-9.1+b1 arm64
  Network performance tool using the TCP protocol

ninvaders/stable 0.1.1-5 arm64
  A space invaders-like game using ncurses

node-diff/stable 5.0.0~dfsg+~5.0.1-4 all
  javascript text differencing implementation

node-ejs/stable 3.1.10+~3.1.5-2 all
  Embedded JavaScript templates

node-fetch/stable 3.3.2+~cs11.4.11-3 all
  light-weight module that brings window.fetch to node.js

node-gulp-tap/stable 2.0.0-3 all
  Easily tap into a gulp pipeline

node-i18next-browser-languagedetector/stable 7.2.0-1 all
  language detector used in browser environment for i18next

node-is-extendable/stable 1.0.1-3 all
  determine if a value can be extended

node-is-primitive/stable 3.0.1-3 all
  Returns `true` if the value is a primitive

node-is-retry-allowed/stable 2.2.0-1 all
  Is retry allowed for Error?

node-levn/stable 0.4.1+dfsg-2 all
  Light ECMAScript (JavaScript) Value Notation

node-uniq/stable 1.0.1-2 all
  Node.js module to remove duplicates from a sorted array in place

numptyphysics/stable 0.3.10-0.2+b4 arm64
  crayon based physics puzzle game

polygen/stable 1.0.6.ds2-25+b3 arm64
  generator of random sentences from grammar definitions

powerline-go/stable 1.25-2+b2 arm64
  Powerline style prompt for your shell: Bash, ZSH and Fish

python-agate-doc/stable 1.9.1-1 all
  documentation for agate

python-cloup-doc/stable 3.0.7-1 all
  Click with option groups (documentation)

python-django-imagekit-doc/stable 5.0-3 all
  Automated image processing for Django (Documentation)

python-kajiki-doc/stable 0.9.2-2 all
  Really fast well-formed xml templates - doc

python-leather-doc/stable 0.4.0-1 all
  documentation for leather

python-pox-doc/stable 0.3.6-1 all
  Utilities for filesystem exploration and automated builds (documentation)

python-yarl-doc/stable 1.19.0-1 all
  documentation for the yarl Python library

python3-agate/stable 1.9.1-1 all
  data analysis library optimized for human readability

python3-banal/stable 1.0.6-3 all
  Commons of banal micro-functions for Python

python3-borgstore/stable 0.3.0-2 all
  Simple key/value store implementation in Python

python3-bytesize/stable 2.11-2 arm64
  Python 3 bindings for libbytesize

python3-cloup/stable 3.0.7-1 all
  Click with option groups

python3-coards/stable 1.0.5-5 all
  COARDS-compliant time parser (Python 3)

python3-cron-descriptor/stable 1.4.5-1 all
  convert cron expressions into human readable strings (Python3 version)

python3-django-imagekit/stable 5.0-3 all
  Automated image processing for Django (Python3 version)

python3-djangorestframework-flex-fields/stable 1.0.2-2 all
  Dynamic fields and nested resources for DRF (Python3 version)

python3-email-validator/stable 2.2.0-1 all
  Robust email address syntax and deliverability validation library (Python 3)

python3-googlemaps/stable 4.10.0-2 all
  client library for Google Maps Platform

python3-gtfparse/stable 1.3.0+ds-2 all
  parser for gene transfer format (aka GFF2)

python3-html-text/stable 0.7.0-1 all
  extract text from HTML.

python3-httpretty/stable 1.1.4-4 all
  HTTP client mock - Python 3.x

python3-icecream/stable 2.1.3-1.1 all
  Debugging tool for Python scripts

python3-identify/stable 2.6.10-2 all
  File identification library for Python

python3-jupytext/stable 1.16.4+ds1-1 all
  Jupyter notebooks as Markdown documents, Julia, Python or R scripts

python3-kajiki/stable 0.9.2-2 all
  Really fast well-formed xml templates - Python 3.x

python3-lazy-object-proxy/stable 1.10.0-4+b1 arm64
  Python 3 fast and thorough lazy object proxy

python3-leather/stable 0.4.0-1 all
  charting library for Python

python3-odf/stable 1.4.2-4 all
  Python3 API to manipulate OpenDocument files

python3-papermill/stable 2.6.0-3.1 all
  Parameterize, execute, and analyze notebooks

python3-pox/stable 0.3.6-1 all
  Utilities for filesystem exploration and automated builds

python3-pyperform/stable 1.86-3 all
  fast and convenient way to performance test functions and compare results

python3-pytest-relaxed/stable 2.0.2-4 all
  provide relaxed test discovery for pytest

python3-pytest-resource-path/stable 1.3.0-1.1 all
  Provides path for uniform access to test resources in isolated directory

python3-pytest-tornasync/stable 0.6.0.post2-2 all
  pytest plugin for testing Tornado apps using native coroutine tests

python3-pytweening/stable 1.2.0-6 all
  Collection of tweening (aka easing) functions.

python3-sphinx-remove-toctrees/stable 1.0.0-1 all
  Reduce sphinx documentation build times

python3-stripe/stable 12.0.0-1 all
  Python bindings for the Stripe API

python3-sysv-ipc/stable 1.1.0-2+b5 arm64
  semaphores, shared memory and message queues - Python 3.x

python3-unidecode/stable 1.4.0-1 all
  ASCII transliterations of Unicode text (Python 3 module)

python3-utf8-locale/stable 1.0.3-2 all
  Detect a UTF-8-capable locale for running programs in - Python library

python3-whatthepatch/stable 1.0.7-1 all
  Library for parsing patch files (Python 3)

python3-xdoctest/stable 1.2.0-1 all
  Rewrite of Python's builtin doctest module with AST instead of REGEX

python3-yarl/stable 1.19.0-1 arm64
  yet another URL library for Python

python3-yte/stable 1.5.4-1 all
  YAML template engine with Python expressions

r-cran-blob/stable 1.2.4-1 all
  GNU R S3 Class for Representing Vectors of Binary Data ('BLOBS')

r-cran-whatif/stable 1.5-10-1 all
  GNU R evaluate counterfactuals

rake/stable 13.2.1-1 all
  ruby make-like utility

ruby-activerecord-explain-analyze/stable 0.1.0-2 all
  ActiveRecord#explain with support for EXPLAIN ANALYZE

ruby-equatable/stable 0.6.1-2 all
  extension of objects with equality comparison and inspection methods

ruby-extlib/stable 0.9.16-2 all
  general Ruby class extensions for DataMapper and Merb

ruby-fast-blank/stable 1.0.1-1+b7 arm64
  Fast String blank? implementation

ruby-growl/stable 4.1+dfsg-2 all
  Pure-Ruby Growl Notifier

ruby-levenshtein/stable 0.2.2-3+b6 arm64
  calculates the Levenshtein distance between two sequences

ruby-os/stable 0.9.6-1.1 all
  Simple and easy way to know if you're on windows or not (reliably)

ruby-puma-worker-killer/stable 0.3.1-4 all
  kill memory leaking puma workers

ruby-rethtool/stable 0.0.5-2 all
  partial wrapper around the SIOCETHTOOL ioctl

ruby-sinatra-contrib/stable 4.1.1-5 all
  collection of useful extensions to the Sinatra web framework

ruby-slim/stable 5.2.1-1 all
  powerful (X)HTML templating engine with an elegant syntax

sd2epub/stable 0.9.6-3+b1 arm64
  StarOffice to OpenDocument converter

sd2odf/stable 0.9.6-3+b1 arm64
  StarOffice to OpenDocument converter

searchandrescue/stable 1.7.0+dfsg-1 arm64
  fly aircraft to search (for) and rescue people in distress

searchandrescue-common/stable 1.7.0+dfsg-1 all
  common files and documentation for searchandrescue

searchandrescue-data/stable 1.7.0-1 all
  common data files for searchandrescue

sen/stable 0.8.0-1 all
  Terminal user interface for docker engine

slm/stable 1.32-3 all
  school library management

sysv-rc/stable 3.14-4 all
  System-V-like runlevel change mechanism

tcvt/stable 0.1.20220928-1 all
  multicolumn virtual terminal

tea/stable 63.3.0-1 arm64
  graphical text editor with syntax highlighting

tea-data/stable 63.3.0-1 all
  graphical text editor with syntax highlighting - data files

teseq/stable 1.1.1-5+b1 arm64
  utility for rendering terminal typescripts human-readable

texlive-base/stable 2024.20250309-1 all
  TeX Live: Essential programs and files

tomatoes/stable 1.55-10+b1 arm64
  I Have No Tomatoes - tomato smashing game

tomatoes-data/stable 1.55-10 all
  I Have No Tomatoes - tomato smashing game - music files

triggerhappy/stable 0.5.0-1.1+b4 arm64
  global hotkey daemon for Linux

twine/stable 6.1.0-1 all
  utility for interacting with PyPI

u8loc/stable 1.0.3-2 arm64
  Detect a UTF-8-capable locale for running programs in

webdis/stable 0.1.22+ds-1 arm64
  simple web server providing an HTTP interface to Redis

weresync/stable 1.1.5-2 all
  incrementally clones running drives

weresync-doc/stable 1.1.5-2 all
  incrementally clones running drives (documentation package)

wesnoth-1.18-dm/stable 1:1.18.5-1 all
  "Delfador's Memoirs" official campaign for Wesnoth (branch 1.18)

wesnoth-1.18-sota/stable 1:1.18.5-1 all
  "Secrets of the Ancients" official campaign for Wesnoth (branch 1.18)

wesnoth-1.18-ttb/stable 1:1.18.5-1 all
  "A Tale of Two Brothers" official campaign for Wesnoth (branch 1.18)

xbill/stable 2.1-10+b1 arm64
  Get rid of those Wingdows Viruses!

xdoctest/stable 1.2.0-1 all
  Rewrite of Python's builtin doctest module with AST instead of REGEX

xlbiff/stable 4.6.6-1 arm64
  mail notification pop-up with configurable message scans

xpenguins/stable 3.2.3-2 arm64
  little penguins walk on your windows

xsoldier/stable 1:1.8-6+b1 arm64
  shoot 'em up game with the "not shooting" bonus

yatm/stable 0.9-5+b1 arm64
  Command line audio file player with time stretching capabilities

