
WARNING: apt does not have a stable CLI interface. Use with caution in scripts.

Sorting...
Full Text Search...
amazon-ecr-credential-helper/stable 0.7.1-2.1+b6 arm64
  Amazon ECR Credential Helper for Docker

auto-apt-proxy/stable 16.8+deb13u1 all
  automatic detector of common APT proxy settings

buildah/stable 1.39.3+ds1-1+b7 arm64
  CLI tool to facilitate building OCI images

catatonit/stable 0.2.1-2+b13 arm64
  init process for containers

centreon-plugins/stable 0.0~20250303+dfsg-1 all
  Collection of Nagios plugins to monitor OS, services and network devices

cntr/stable 1.6.0-2+b2 arm64
  a container debugging tool based on FUSE mount

crowdsec/stable 1.4.6-10+b4 arm64
  lightweight and collaborative security engine

crun/stable 1.21-1 arm64
  lightweight OCI runtime for running containers

cwl-utils/stable 0.37-1 all
  Utilities for using CWL documents

debcraft/stable 0.5.0 all
  Easy, fast and secure way to build Debian packages

debocker/stable 0.2.6 all
  docker-powered package builder for Debian

debootstick/stable 2.8 all
  Turn a chroot environment into a bootable image

debuerreotype/stable 0.15-1.1 all
  reproducible, snapshot-based Debian rootfs builder

devscripts/stable 2.25.15+deb13u1 all
  scripts to make the life of a Debian Package maintainer easier

distrobox/stable 1.8.1.2-1 all
  Another tool for containerized command line environments on Linux

docker-buildx/stable 0.13.1+ds1-3 arm64
  Docker CLI plugin for extended build capabilities with BuildKit (program)

docker-clean/stable 2.0.4-5 all
  simple Shell script to clean up the Docker Daemon

docker-cli/stable 26.1.5+dfsg1-9+b13 arm64
  Linux container runtime -- client

docker-compose/stable 2.26.1-4 arm64
  Define and run multi-container applications with Docker (program)

docker-doc/stable 26.1.5+dfsg1-9 all
  Linux container runtime -- documentation

docker-registry/stable 2.8.3+ds1-2+b8 arm64
  Docker toolset to pack, ship, store, and deliver content

docker.io/stable 26.1.5+dfsg1-9+b13 arm64
  Linux container runtime

due/stable 3.0.0-1 all
  Dedicated User Environment: manage build environments in Docker containers

dumb-init/stable 1.2.5-3 arm64
  wrapper script which proxies signals to a child

elpa-dockerfile-mode/stable 1.9-3 all
  Major mode for editing Docker's Dockerfiles

elpa-format-all/stable 0.6.0-2 all
  Auto-format C, C++, JS, Python, Ruby and 50 other languages

elpa-lsp-docker/stable 1.0.0+git20250423.ff41f4a-1 all
  LSP Docker integration for lsp-mode

fence-agents-docker/stable 4.16.0-3 all
  Fence Agents for Red Hat Cluster - Docker agent

golang-docker-credential-helpers/stable 0.6.4+ds1-1+b18 arm64
  native stores to safeguard Docker credentials

golang-github-adxgun-registry-auth-dev/stable 0.0~git20200730.8cde180-4 all
  private docker registry token authentication server (library)

golang-github-awslabs-amazon-ecr-credential-helper-dev/stable 0.7.1-2.1 all
  Amazon ECR Credential Helper for Docker (library)

golang-github-containerd-stargz-snapshotter-dev/stable 0.14.3-4 all
  Fast container image distribution plugin with lazy pulling (library)

golang-github-containers-buildah-dev/stable 1.39.3+ds1-1 all
  tool to facilitate building OCI images

golang-github-containers-image-dev/stable 5.34.2-1 all
  golang library to work with containers' images

golang-github-containers-libtrust-dev/stable 0.0~git20230121.c1716e8-2 all
  Primitives for identity and authorization (library)

golang-github-crossdock-crossdock-go-dev/stable 0.0~git20160816.049aabb-3 all
  Go client for Crossdock

golang-github-crowdsecurity-dlog-dev/stable 0.0.1-2 all
  Go library to parse the Docker Logs stream (library)

golang-github-docker-buildx-dev/stable 0.13.1+ds1-3 all
  Docker CLI plugin for extended build capabilities with BuildKit (library)

golang-github-docker-cli-docs-tool-dev/stable 0.8.0-2 all
  Utilities to generate (reference) documentation for the docker CLI (library)

golang-github-docker-distribution-dev/stable 2.8.3+ds1-2 all
  Docker toolset to pack, ship, store, and deliver content (source)

golang-github-docker-docker-credential-helpers-dev/stable 0.6.4+ds1-1 all
  native stores to safeguard Docker credentials - library

golang-github-docker-docker-dev/stable 26.1.5+dfsg1-9 all
  reusable Go packages included with Docker

golang-github-docker-go-connections-dev/stable 0.4.0-4 all
  Golang utility package to work with network connections

golang-github-docker-go-dev/stable 1.5.2~git20160303.d30aec9-1 all
  Go packages with small patches autogenerated (used for canonical/json)

golang-github-docker-go-events-dev/stable 0.0~git20190806.e31b211-4 all
  Composable event distribution for Go

golang-github-docker-go-metrics-dev/stable 0.0.1-2 all
  Package for metrics collection in Docker projects

golang-github-docker-go-plugins-helpers-dev/stable 0.20211224-3 all
  Helper packages to extend Docker Engine in Golang

golang-github-docker-go-units-dev/stable 0.4.0-4 all
  parse and print size and time units in human-readable format

golang-github-docker-leadership-dev/stable 0.1.0-1.1 all
  distributed leader election using docker/libkv

golang-github-docker-libkv-dev/stable 0.2.1-4 all
  Key/Value store abstraction library

golang-github-docker-libtrust-dev/stable 0.0~git20160708.aabc10e-1 all
  Primitives for identity and authorization

golang-github-docker-notary-dev/stable 0.7.0+git20240416.9d2b3b3+ds1-3 all
  library for running and interacting with trusted collections

golang-github-docker-spdystream-dev/stable 0.5.0-1 all
  multiplexed stream library using spdy

golang-github-fsouza-go-dockerclient-dev/stable 1.12.1-1 all
  Docker client library in Go

golang-github-hashicorp-go-reap-dev/stable 0.0~git20160113.0.2d85522-3.1 all
  child process reaping utilities for Go

golang-github-heroku-docker-registry-client-dev/stable 0.0~git20211012.9463674-2 all
  Client for the v2 Docker Registry API

golang-github-jesseduffield-lazycore-dev/stable 0.0~git20221023.718a4ca-2 all
  Shared functionality for lazygit and lazydocker

golang-github-moby-docker-image-spec-dev/stable 1.3.1-2 all
  Docker Image Specification v1 (library)

golang-github-mrunalp-fileutils-dev/stable 0.5.1-1 all
  collection of utilities for file manipulation in golang

golang-github-mudler-docker-companion-dev/stable 0.4.5+git20211015.bd4704f+ds-1 all
  squash and unpack Docker images (library)

golang-github-opencontainers-runc-dev/stable 1.1.15+ds1-2 all
  Open Container Project - development files

golang-github-openshift-imagebuilder-dev/stable 1.2.15+ds1-1 all
  Builds container images using Dockerfile as input

golang-github-peterbourgon-ff-dev/stable 3.4.0-2 all
  Flags-first package for configuration (library)

golang-github-rootless-containers-rootlesskit-dev/stable 2.0.2-2 all
  Linux-native "fake root" for rootless containers (library)

golang-github-samalba-dockerclient-dev/stable 0.0~git20160531.0.a303626-2 all
  Docker client library in Go

golang-github-vishvananda-netlink-dev/stable 1.3.0-2 all
  netlink library for go

gosu/stable 1.17-3+b4 arm64
  Simple Go-based setuid+setgid+setgroups+exec

itamae/stable 1.14.1-2 all
  Simple Configuration Management Tool

j2cli/stable 0.3.12b-5 all
  Command line tool for templating in shell-scripts

karbon/stable 1:25.04.2+dfsg-1 arm64
  vector graphics application for the Calligra Suite

kdocker/stable 5.4-2 arm64
  lets you dock any application into the system tray

kind/stable 0.27.0-1+b2 arm64
  Kubernetes IN Docker - local clusters for testing Kubernetes (program)

libcib54/stable 3.0.0-2 arm64
  cluster resource manager CIB library

libcrmcluster53/stable 3.0.0-2 arm64
  cluster resource manager cluster library

libcrmcommon68/stable 3.0.0-2 arm64
  cluster resource manager common library

libcrmservice53/stable 3.0.0-2 arm64
  cluster resource manager service library

libghc-pid1-dev/stable 0.1.3.1-2+b1 arm64
  signal handling and orphan reaping for Unix PID1 init processes

libghc-pid1-doc/stable 0.1.3.1-2 all
  signal handling and orphan reaping for Unix PID1 init processes; documentation

libghc-pid1-prof/stable 0.1.3.1-2+b1 arm64
  signal handling and orphan reaping for Unix PID1 init processes; profiling libraries

liblrmd52/stable 3.0.0-2 arm64
  cluster resource manager LRMD library

libnss-docker/stable 0.02-1.1+b2 arm64
  nss module for finding Docker containers

libpacemaker30/stable 3.0.0-2 arm64
  cluster resource manager utility library

libpe-rules51/stable 3.0.0-2 arm64
  cluster resource manager Policy Engine rules library

libpe-status56/stable 3.0.0-2 arm64
  cluster resource manager Policy Engine status library

librust-dockerfile-dev/stable 0.2.1-2+b2 arm64
  Dynamically generating Dockerfiles - Rust source code

librust-dockworker-dev/stable 0.7.0-1 arm64
  Docker daemon API client - Rust source code

librust-is-docker-dev/stable 0.2.0-1+b2 arm64
  Checks if the process is running inside a Docker container - Rust source code

libstonithd56/stable 3.0.0-2 arm64
  cluster resource manager STONITH daemon library

magnum-api/stable 20.0.0-2 all
  OpenStack containers as a service

magnum-common/stable 20.0.0-2 all
  OpenStack containers as a service - API server

magnum-conductor/stable 20.0.0-2 all
  OpenStack containers as a service - conductor

needrestart/stable 3.11-1 all
  check which daemons need to be restarted after library upgrades

neurodebian-freeze/stable 0.42.2 all
  nd_freeze tool to freeze APT sources to use snapshots

node-is-docker/stable 3.0.0-6 all
  Check if the process is running inside a Docker container

openshift-imagebuilder/stable 1.2.15+ds1-1+b7 arm64
  Builds container images using Dockerfile as input

oras/stable 1.2.0-1+b8 arm64
  OCI registry cli tool managing content like artifacts, images, packages

ovn-docker/stable 25.03.0-1 arm64
  OVN Docker drivers

pacemaker/stable 3.0.0-2 arm64
  cluster resource manager

pacemaker-cli-utils/stable 3.0.0-2 arm64
  cluster resource manager command line utilities

pacemaker-common/stable 3.0.0-2 all
  cluster resource manager common files

pacemaker-cts/stable 3.0.0-2 all
  test framework for cluster-related technologies like Pacemaker

pacemaker-dev/stable 3.0.0-2 arm64
  cluster resource manager development

pacemaker-doc/stable 3.0.0-2 all
  cluster resource manager HTML documentation

pacemaker-remote/stable 3.0.0-2 arm64
  cluster resource manager proxy daemon for remote nodes

pacemaker-resource-agents/stable 3.0.0-2 all
  cluster resource manager general resource agents

pid1/stable 0.1.3.1-2+b1 arm64
  signal handling and orphan reaping for Unix PID1 init processes

podman/stable 5.4.2+ds1-2+b2 arm64
  tool to manage containers and pods

podman-compose/stable 1.3.0-1 all
  Run docker-compose.yml using podman

podman-docker/stable 5.4.2+ds1-2+b2 arm64
  tool to manage containers and pods (Docker CLI)

podman-remote/stable 5.4.2+ds1-2+b2 arm64
  tool to manage containers and pods (remote CLI)

procs/stable 0.14.10-2 arm64
  modern replacement for ps

puppet-module-magnum/stable 25.0.0-2 all
  Puppet module for OpenStack Magnum

python-magnumclient-doc/stable 4.8.1-2 all
  client library for Magnum API - doc

python-pydata-sphinx-theme-doc/stable 0.16.1+dfsg-3 all
  documentation for the pydata-sphinx-theme Python library

python3-docker/stable 7.1.0-2 all
  Python 3 wrapper to access docker.io's control socket

python3-dockerpty/stable 0.4.1-5 all
  Pseudo-tty handler for docker Python client (Python 3.x)

python3-dockerpycreds/stable 0.4.0-1.1 all
  Python3 bindings for the docker credentials store API

python3-ephemeral-port-reserve/stable 1.1.4-4 all
  binds to an ephemeral port, force it into the TIME_WAIT state, and unbind it

python3-glances-api/stable 0.9.0-1 all
  Client for interacting with Glances API

python3-magnum/stable 20.0.0-2 all
  OpenStack containers as a service - Python library

python3-magnum-ui/stable 16.0.0-1 all
  OpenStack Magnum - dashboard plugin

python3-magnumclient/stable 4.8.1-2 all
  client library for Magnum API - Python 3.x

python3-pacemaker/stable 3.0.0-2 all
  Pacemaker API for Python3

python3-pydata-sphinx-theme/stable 0.16.1+dfsg-3 all
  bootstrap-based Sphinx theme from the PyData community

r-cran-batchtools/stable 0.9.17+dfsg-1+b1 arm64
  GNU R tools for computation on batch systems

rawdns/stable 1.6~ds1-1+b40 arm64
  raw DNS interface to the Docker API

resource-agents/stable 1:4.16.0-3+deb13u2 arm64
  Cluster Resource Agents

rootlesskit/stable 2.0.2-2+b9 arm64
  Linux-native "fake root" for rootless containers

rsyslog-docker/stable 8.2504.0-1 arm64
  Docker input plugin for rsyslog

ruby-docker-api/stable 2.2.0-2 all
  Ruby gem to interact with docker.io remote API

runsc/stable 0.0~20240729.0-4+b7 arm64
  gVisor container sandbox runtime

sen/stable 0.8.0-1 all
  Terminal user interface for docker engine

sherlock/stable 0.15.0-1 all
  Find usernames across social networks

skopeo/stable 1.18.0+ds1-1+b5 arm64
  Tooling to work with remote images registries

stargz-snapshotter/stable 0.14.3-4+b6 arm64
  Fast container image distribution plugin with lazy pulling (program)

subuser/stable 0.6.2-3 all
  Run programs on Linux with selectively restricted permissions

vim-syntastic/stable 3.10.0-3 all
  Syntax checking hacks for vim

wait-for-it/stable 0.0~git20180723-1 all
  script that will wait on the availability of a host and TCP port

whalebuilder/stable 0.11+nmu1 all
  Debian package builder using Docker

wmdocker/stable 1.5-4+b1 arm64
  System tray for KDE3/GNOME2 docklet applications

