
WARNING: apt does not have a stable CLI interface. Use with caution in scripts.

Sorting...
Full Text Search...
asciidoctor/stable 2.0.23-1 all
  AsciiDoc to HTML rendering for Ruby

asciidoctor-doc/stable 2.0.23-1 all
  AsciiDoc to HTML rendering for Ruby (documentation)

gnumed-client/stable 1.8.21+dfsg-1 all
  medical practice management - Client

gnumed-common/stable 1.8.21+dfsg-1 all
  medical practice management - common files

gnumed-doc/stable 1.8.21+dfsg-1 all
  medical practice management - Documentation

gnumed-server/stable 22.31-1 all
  medical practice management - server

pcalendar/stable 3.4.1-6 all
  track menstrual cycles and predict fertility periods

pydoctor/stable 24.11.2-1 all
  Python API document generator

qmk/stable 1.1.6-1 all
  program to help users work with QMK Firmware

qrisk2/stable 0.1.20150729-7 arm64
  cardiovascular disease risk calculator

ruby-asciidoctor/stable 2.0.23-1 all
  AsciiDoc to HTML rendering for Ruby (core libraries)

ruby-asciidoctor-include-ext/stable 0.4.0+gh-1 all
  Asciidoctor's standard include::[] processor reimplemented as an extension

ruby-asciidoctor-kroki/stable 0.10.0-1 all
  Asciidoctor extension to convert diagrams to images using Kroki

ruby-asciidoctor-pdf/stable 2.3.4-3 all
  Converts AsciiDoc documents to PDF using Prawn

ruby-asciidoctor-plantuml/stable 0.0.16-1 all
  extension for Asciidoctor to enable support for PlantUML diagrams

soapsnp/stable 1.03-5+b1 arm64
  resequencing utility that can assemble consensus sequence of genomes

texlive-publishers/stable 2024.20250309-2 all
  TeX Live: Publisher styles, theses, etc.

