
WARNING: apt does not have a stable CLI interface. Use with caution in scripts.

Sorting...
Full Text Search...
aom-tools/stable 3.12.1-1 arm64
  AV1 Video Codec Library -- Tools

baresip/stable 1.1.0-3 all
  portable and modular SIP user-agent - metapackage

baresip-core/stable 1.1.0-3 arm64
  portable and modular SIP user-agent - core parts

baresip-ffmpeg/stable 1.1.0-3 arm64
  portable and modular SIP user-agent - FFmpeg codecs and formats

baresip-gstreamer/stable 1.1.0-3 arm64
  portable and modular SIP user-agent - GStreamer pipelines

baresip-gtk/stable 1.1.0-3 arm64
  portable and modular SIP user-agent - GTK+ front-end

baresip-x11/stable 1.1.0-3 arm64
  portable and modular SIP user-agent - X11 features

drawterm-9front/stable 0~git20220608.bee4db6-3+b2 arm64
  graphical client for plan9front CPU servers

ffcvt/stable 1.7.6-2+b7 arm64
  ffmpeg convert wrapper tool

fonts-wqy-zenhei/stable 0.9.45-8 all
  "WenQuanYi Zen Hei" A Hei-Ti Style (sans-serif) Chinese font

golang-github-hugelgupf-p9-dev/stable 0.3.0-2.1 all
  p9 client implementation written in golang

libaom-dev/stable 3.12.1-1 arm64
  AV1 Video Codec Library -- Development Files

libaom-doc/stable 3.12.1-1 all
  AV1 Video Codec Library -- Documentation

libaom3/stable,now 3.12.1-1 arm64 [installed,automatic]
  AV1 Video Codec Library

libencode-hanextra-perl/stable 0.23-6+b5 arm64
  perl module providing extra sets of Chinese character encodings

libgap9/stable 4.14.0-3 arm64
  GAP computer algebra system, compiler and development files

libllhttp9.2/stable 9.2.1~7.3.0+dfsg1+~cs24.12.11-1 arm64
  HTTP messages parser library

libmtp9t64/stable 1.1.22-1 arm64
  Media Transfer Protocol (MTP) library

libui-utilcpp9t64/stable 1.10.4-1 arm64
  UI C++ utility library (run time)

libvpx-dev/stable 1.15.0-2.1+deb13u1 arm64
  VP8 and VP9 video codec (development files)

libvpx-doc/stable 1.15.0-2.1+deb13u1 all
  VP8 and VP9 video codec (API documentation)

libvpx9/stable,now 1.15.0-2.1+deb13u1 arm64 [installed,automatic]
  VP8 and VP9 video codec (shared library)

ntruprime/stable 0~20241021-2 arm64
  microlibrary for Streamlined NTRU Prime - command line tools

p910nd/stable 0.97-1+b2 arm64
  small printer daemon intended for diskless workstations

p9ufs/stable 0.3.0-2.1 arm64
  p9 server implementation written in golang

pacpl/stable 6.1.3-1 all
  multi-purpose audio converter/ripper/tagger script

ruby-uconv/stable 0.6.1-4+b2 arm64
  Unicode/EUC-JP translation module for Ruby

vpx-tools/stable 1.15.0-2.1+deb13u1 arm64
  VP8 and VP9 video codec encoding/decoding tools

