
WARNING: apt does not have a stable CLI interface. Use with caution in scripts.

Sorting...
Full Text Search...
beneath-a-steel-sky/stable 0.0372-9 all
  classic 2D point and click science fiction adventure game

bluefish/stable 2.2.17-1 arm64
  advanced Gtk+ text editor for web and software development

bluefish-data/stable 2.2.17-1 all
  advanced Gtk+ text editor (data)

bluefish-plugins/stable 2.2.17-1 arm64
  advanced Gtk+ text editor (plugins)

braa/stable 0.82-7+b2 arm64
  Mass SNMP scanner

byobu/stable 5.133-1.1 all
  text window manager, shell multiplexer, integrated DevOps environment

calibre/stable 8.5.0+ds-1+deb13u3 all
  powerful and easy to use e-book manager

cassbeam/stable 1.1-4+b2 arm64
  Cassegrain antenna modelling

caveexpress/stable 2.5.2-4 arm64
  2D platformer with physics-based gameplay

caveexpress-data/stable 2.5.2-4 all
  2D platformer with physics-based gameplay --data

cjs/stable 128.0-1 arm64
  Mozilla-based javascript bindings for the Cinnamon platform

cjs-tests/stable 128.0-1 arm64
  Mozilla-based javascript bindings for the Cinnamon platform (tests)

conky-cli/stable 1.22.1-1 arm64
  highly configurable system monitor (basic version)

createrepo-c/stable 1.2.0-2+b1 arm64
  tool to create RPM repository metadata (C implementation)

dbar/stable 0.0.20100524-7+b1 arm64
  general purpose ASCII graphic percentage meter/progressbar

debian-goodies/stable 0.88.2 all
  Small toolbox-style utilities for Debian systems

digikam/stable 4:8.6.0-1 arm64
  digital photo management application for KDE

dummydroid/stable 1.2-2 all
  Register a GSF ID for mock-up Android devices

dzen2/stable 0.9.5+git20130923.488ab66-1 arm64
  General-purpose messaging and notification program for X11

elpa-monokai-theme/stable 3.5.3+git20240911.dacd9d8-1 all
  fruity color theme for Emacs

elpa-rainbow-delimiters/stable 2.1.5+git20230830.1.f40ece5-2 all
  Emacs mode to colour-code delimiters according to their depth

elpa-zenburn-theme/stable 2.8.0-2 all
  low contrast color theme for Emacs

elph/stable 1.0.1-5+b1 arm64
  DNA/protein sequence motif finder

fabio-viewer/stable 2024.9.0-7 all
  Viewer for images produced by 2D X-ray detector

fonts-aenigma/stable 0.0.20080511+dfsg-5 all
  465 free TrueType fonts by Brian Kent

fonts-wqy-zenhei/stable 0.9.45-8 all
  "WenQuanYi Zen Hei" A Hei-Ti Style (sans-serif) Chinese font

frozen-bubble/stable 2.212-13+b1 arm64
  cool game where you pop out the bubbles!

frozen-bubble-data/stable 2.212-13 all
  Data files for Frozen-Bubble game

gdl-mpfit/stable 1.85+2017.01.03-4 all
  Robust non-linear least squares curve fitting for GDL

geany-plugin-macro/stable 2.0-6+b1 arm64
  macro plugin for Geany

git-annex/stable 10.20250416-2 arm64
  manage files with git, without checking their contents into git

git-sizer/stable 1.5.0-3+b12 arm64
  compute various size metrics for a Git repository

gmtkbabel/stable 0.1-2 all
  graphical interface for mtkbabel

golang-github-dylanmei-winrmtest-dev/stable 0.0~git20151226.0256178-5 all
  testing addon for golang-github-masterzen-winrm

golang-github-masterzen-simplexml-dev/stable 0.0~git20190410.31eea30-1 all
  Go library to generate XML content from a naive DOM

golang-github-masterzen-winrm-dev/stable 0.0~git20200615.c42b513-2 all
  Windows remote command execution library for Go

golang-github-masterzen-xmlpath-dev/stable 0.0~git20140218.13f4951-4 all
  subset of the XPath specification for Go (deprecated)

golang-github-zenazn-goji-dev/stable 1.0.1-2 all
  minimalistic web framework for Golang

golang-github-zenhack-go.notmuch-dev/stable 0.0~git20190821.5a19619-2 all
  Go language bindings for notmuch mail (library)

gpsbabel/stable 1.10.0+ds-1 arm64
  GPS file conversion plus transfer to/from GPS units

gpsbabel-doc/stable 1.10.0+ds-1 all
  GPS file conversion plus transfer to/from GPS units - documentation

gshisen.app/stable 1.3.0-2+b1 arm64
  Shizen-sho puzzle game for GNUstep

i3status/stable 2.15-2 arm64
  Generates a status line for dzen2, xmobar or i3bar

imv/stable 4.5.0-1+b5 arm64
  X11/Wayland image viewer intended for use with tiling window managers

iogerman/stable 1:2-39 all
  Traditional German orthography dictionary for ispell

jsmath/stable 3.6e-2.2 all
  TeX equations in HTML documents

jube/stable 2.7.1-3 all
  JUBE Benchmarking Environment

junior-games-puzzle/stable 1.32 all
  Debian Jr. Puzzle games

libbusiness-onlinepayment-authorizenet-perl/stable 3.23-2 all
  AuthorizeNet backend for Business::OnlinePayment

libchatbot-eliza-perl/stable 1.08-3 all
  clone of the classic Eliza program

libcjs-dev/stable 128.0-1 arm64
  Development files for the javascript bindings for Cinnamon

libcjs0/stable 128.0-1 arm64
  Library of the javascript bindings for the Cinnamon

libcreaterepo-c-dev/stable 1.2.0-2+b1 arm64
  library for creating RPM repository metadata (development)

libcreaterepo-c1/stable 1.2.0-2+b1 arm64
  library for creating RPM repository metadata

libfile-localizenewlines-perl/stable 1.12-3 all
  Perl module to localize the newlines for one or more files

libfrozen-dev/stable 1.2.0-2 all
  library for immutable and fixed-size containers

libghc-statistics-dev/stable 0.16.2.1-2+b2 arm64
  A library of statistical types, data, and functions

libghc-statistics-doc/stable 0.16.2.1-2 all
  A library of statistical types, data, and functions; documentation

libghc-statistics-prof/stable 0.16.2.1-2+b2 arm64
  A library of statistical types, data, and functions; profiling libraries

libghc-zenc-dev/stable 0.1.2-4 arm64
  GHC style name Z-encoding and Z-decoding

libghc-zenc-doc/stable 0.1.2-4 all
  GHC style name Z-encoding and Z-decoding; documentation

libghc-zenc-prof/stable 0.1.2-4 arm64
  GHC style name Z-encoding and Z-decoding; profiling libraries

libgraphics-colorobject-perl/stable 0.5.0-10.1 all
  convert color specifications between color spaces

libheinz-dev/stable 2.0.0-3 arm64
  C++ base library of Heinz Maier-Leibnitz Zentrum

libio-all-perl/stable 0.87-2 all
  Perl module for unified IO operations

liblatex-driver-perl/stable 1.2.0-2 all
  driver module that encapsulates the details of formatting a LaTeX document

libmemcached-dev/stable 1.1.4-1.1+b2 arm64
  C and C++ client library to the memcached server (development files)

libmemcached-libmemcached-perl/stable 1.001801+dfsg-5+b2 arm64
  thin, fast, full interface to the libmemcached client API

libmemcached11t64/stable 1.1.4-1.1+b2 arm64
  C and C++ client library to the memcached server

libmemcachedutil2t64/stable 1.1.4-1.1+b2 arm64
  library implementing connection pooling for libmemcached

libsignatures-java/stable 1.1.10.g614270e+ds-1 all
  graph signature library for molecules

libsimtkmolmodel-dev/stable 3.1.0-4.1+b3 arm64
  C++ API for creating molecular models for SimTK (development files)

libsimtkmolmodel-plugins/stable 3.1.0-4.1+b3 arm64
  Plugins for C++ API for creating molecular models for SimTK

libsimtkmolmodel3.1t64/stable 3.1.0-4.1+b3 arm64
  C++ API for creating molecular models for SimTK

libthread-conveyor-perl/stable 0.21-1 all
  thread-safe conveyor belt for any data-structure

libui-dialog-perl/stable 1.21-0.1 all
  UI::Dialog a wrapper for various dialog applications

libunicode-japanese-perl/stable 0.50-1 arm64
  module for converting Japanese encodings

libzen-dev/stable 0.4.41-2.1+b1 arm64
  ZenLib C++ utility library -- development files

libzen-doc/stable 0.4.41-2.1 all
  ZenLib C++ utility library -- documentation

libzen0t64/stable 0.4.41-2.1+b1 arm64
  ZenLib C++ utility library -- runtime

libzim-dev/stable 9.2.3-1.1+b1 arm64
  library implementation of ZIM specifications (development)

libzim9/stable 9.2.3-1.1+b1 arm64
  library implementation of ZIM specifications

libzint-dev/stable 2.15.0-1+b1 arm64
  Zint development files

libzint2.15/stable 2.15.0-1+b1 arm64
  library for encoding data in barcode symbols

nagstamon/stable 3.16.2+ds1-3 all
  Nagios status monitor which takes place in systray or on desktop

node-clipboard/stable 2.0.11+ds+~cs9.6.11-1 all
  Node.js module to copy to clipboard without flash

node-ldapjs/stable 2.3.3+~cs4.5.6-1 all
  LDAP toolbox for Node.js

node-zen-observable/stable 0.8.15-3 all
  Implementation of observables for javascript

obs-noise/stable 1.0.0-2 arm64
  plugin for OBS Studio to generate fractal noises

phast/stable 1.7+dfsg-2 arm64
  phylogenetic analysis with space/time models

php-apcu/stable 5.1.24-1 all
  APC User Cache for PHP

php-apcu-all-dev/stable 5.1.24-1 all
  APC User Cache for PHP

php-symfony-zendesk-notifier/stable 6.4.41+dfsg-0+deb13u1 all
  Symfony Zendesk Notifier Bridge

php-yac/stable 2.3.1++-4 all
  YAC (Yet Another Cache) for PHP

php-yac-all-dev/stable 2.3.1++-4 all
  YAC (Yet Another Cache) for PHP

php-zend-code/stable 4.16.0-2 all
  Laminas Project - Code component

php-zend-eventmanager/stable 3.14.0-5 all
  Laminas Project - EventManager component

php-zend-stdlib/stable 3.20.0-2 all
  Laminas Project - Stdlib component

php8.4-apcu/stable 5.1.24-1 arm64
  APC User Cache for PHP

php8.4-opcache/stable 8.4.23-1~deb13u1 arm64
  Zend OpCache module for PHP

php8.4-yac/stable 2.3.1++-4 arm64
  YAC (Yet Another Cache) for PHP

phpmyadmin/stable 4:5.2.2-really+dfsg-1+deb13u1 all
  MySQL web administration tool

postgresql-17-pointcloud/stable 1.2.5-2 arm64
  PostgreSQL extension for storing point cloud (LIDAR) data

printer-driver-foo2zjs/stable 20200505dfsg0-3+b1 arm64
  printer driver for ZjStream-based printers

printer-driver-foo2zjs-common/stable 20200505dfsg0-3 all
  printer driver for ZjStream-based printers - common files

python-agate-doc/stable 1.9.1-1 all
  documentation for agate

python-fabio-doc/stable 2024.9.0-7 all
  I/O library for images produced by 2D X-ray detector - documentation

python-leather-doc/stable 0.4.0-1 all
  documentation for leather

python-sortedcontainers-doc/stable 2.4.0-2 all
  sorted container types: SortedList, SortedDict, and SortedSet (documentation)

python3-agate/stable 1.9.1-1 all
  data analysis library optimized for human readability

python3-aiosignal/stable 1.3.2-1 all
  manage callbacks in asyncio projects

python3-collections-extended/stable 2.0.2-2 all
  Extra Python Collections - bags, setlists, RangeMap and IndexedDict

python3-createrepo-c/stable 1.2.0-2+b1 arm64
  library for creating RPM repository metadata (Python bindings)

python3-dacite/stable 1.9.2-2 all
  Simple creation of data classes from dictionaries

python3-fabio/stable 2024.9.0-7 arm64
  I/O library for images produced by 2D X-ray detector - Python3

python3-flexparser/stable 0.4-1 all
  Parsing using Python typing

python3-flux-led/stable 1.0.4-2 all
  Utility to control Zengge-manufactured LED devices

python3-frozen-flask/stable 1.0.2-1 all
  Freezes a Flask application into a set of static files

python3-frozendict/stable 2.4.6-1 all
  immutable dictionary

python3-frozenlist/stable 1.6.0-1 arm64
  list-like structure which implements collections.abc.MutableSequence

python3-immutabledict/stable 2.2.5-1 all
  immutable wrapper around dictionaries (fork of frozendict)

python3-leather/stable 0.4.0-1 all
  charting library for Python

python3-ml-collections/stable 1.1.0-1 all
  collections designed for ML usecases

python3-pytest-freezer/stable 0.4.9-1 all
  Plugin providing a fixture interface for freezegun

python3-samsungctl/stable 0.7.1-1.1 all
  Remote control Samsung televisions via TCP/IP connection

python3-sortedcontainers/stable 2.4.0-2 all
  sorted container types: SortedList, SortedDict, and SortedSet (Python 3)

python3-stdnum/stable 1.20-3 all
  Python module to handle standardized numbers and codes (Python3 version)

python3-vedo/stable 2025.5.3-1 all
  Python module for 3D scientific visualization with VTK

python3-vedo-examples/stable 2025.5.3-1 all
  3D scientific visualization with VTK (examples)

r-cran-whatif/stable 1.5-10-1 all
  GNU R evaluate counterfactuals

ringdove/stable 2 all
  Electronics Design Automation (EDA) tool suite

robotfindskitten/stable 2.8284271.702-1+b1 arm64
  Zen Simulation of robot finding kitten

rr/stable 5.9.0-3 arm64
  application execution recorder, player and debugger

ruby-ast/stable 2.4.3-1 all
  Ruby library for working with abstract syntax trees

ruby-ddmemoize/stable 1.0.0-1.1 all
  Ruby library providing support for memoizing functions

ruby-erubi/stable 1.12.0-1 all
  Small ERB Implementation

ruby-memo-wise/stable 1.5.0+dfsg-2 all
  wise Ruby memoization library

ruby-net-ntp/stable 2.1.3-4 all
  NTP client for ruby

ruby-zentest/stable 4.11.0-2.1 all
  ZenTest provides 4 different tools: zentest, unit_diff, autotest, and multiruby

runawk/stable 1.6.1-1+b1 arm64
  wrapper for AWK interpreter implementing modules

sd-mux-ctrl/stable 0.0.3-3+b2 arm64
  Tool for controlling multiple sd-mux devices

ssft/stable 0.9.17+nmu1 all
  Shell Scripts Frontend Tool

tanidvr/stable 1.4.1-2+b1 arm64
  tool for DVRs and IP cameras based on DVR-IP protocol used by Dahua

texlive-fonts-extra/stable 2024.20250309-2 all
  TeX Live: Additional fonts

texlive-lang-polish/stable 2024.20250309-1 all
  TeX Live: Polish

texlive-latex-extra/stable 2024.20250309-2 all
  TeX Live: LaTeX additional packages

todotxt-cli/stable 2.11.0-2 all
  simple and extensible shell script for managing todo.txt file

tortoisehg/stable 6.9-1 all
  Graphical tool for working with Mercurial

tortoisehg-caja/stable 6.9-1 all
  Graphical tool for working with Mercurial (Caja extension)

tortoisehg-nautilus/stable 6.9-1 all
  Graphical tool for working with Mercurial (Nautilus extension)

vim-scripts/stable 20210124.4 all
  plugins for vim, adding bells and whistles

viruskiller/stable 1.03-1+dfsg1-3+b1 arm64
  Game about viruses invading your computer

wogerman/stable 1:2-39 all
  Traditional German wordlist

xbase-clients/stable 1:7.7+24+deb13u1 all
  miscellaneous X clients - metapackage

yad/stable 0.40.0-1.1 arm64
  tool for creating graphical dialogs from shell scripts

yt-dlp/stable 2025.04.30-1 all
  downloader of videos from YouTube and other sites

zenity/stable 4.1.90-1 arm64
  Display graphical dialog boxes from shell scripts

zenity-common/stable 4.1.90-1 all
  Display graphical dialog boxes from shell scripts (common files)

zenlisp/stable 2013.11.22-3+b1 arm64
  Interpreter for purely symbolic, pure, lexically scoped dialect of LISP

zenmap/stable 7.95+dfsg-3 all
  The Network Mapper Front End

zint/stable 2.15.0-1+b1 arm64
  command line utility to encode data in barcode symbols

zint-qt/stable 2.15.0-1+b1 arm64
  Zint Barcode Studio, a QT frontend to zint

