
WARNING: apt does not have a stable CLI interface. Use with caution in scripts.

Sorting...
Full Text Search...
alevt/stable 1:1.8.2-2 arm64
  X11 Teletext/Videotext browser

alevtd/stable 3.107-4 arm64
  HTTP daemon for teletext pages

altos/stable 1.9.21-1 arm64
  Altus Metrum firmware and utilities

aodh-api/stable 20.0.0-2 all
  OpenStack Telemetry (Ceilometer) Alarming - API server

aodh-common/stable 20.0.0-2 all
  OpenStack Telemetry (Ceilometer) Alarming - common files

aodh-doc/stable 20.0.0-2 all
  OpenStack Telemetry (Ceilometer) Alarming - doc

aodh-evaluator/stable 20.0.0-2 all
  OpenStack Telemetry (Ceilometer) Alarming - alarm evaluator

aodh-expirer/stable 20.0.0-2 all
  OpenStack Telemetry (Ceilometer) Alarming - expirer

aodh-listener/stable 20.0.0-2 all
  OpenStack Telemetry (Ceilometer) Alarming - listener

aodh-notifier/stable 20.0.0-2 all
  OpenStack Telemetry (Ceilometer) Alarming - alarm notifier

aoflagger/stable 3.4.0-3+b2 arm64
  Find RFI in radio astronomical observations

aoflagger-dev/stable 3.4.0-3+b2 arm64
  Find RFI in radio astronomical observations (development files)

apprise/stable 1.9.3-1 all
  Push Notifications that work with just about every platform

ascii/stable 3.18-5+b1 arm64
  interactive ASCII name and synonym chart

asterisk-core-sounds-en/stable 1.6.1-1 all
  asterisk PBX sound files - US English

asterisk-core-sounds-en-g722/stable 1.6.1-1 all
  asterisk PBX sound files - en-us/g722

asterisk-core-sounds-en-gsm/stable 1.6.1-1 all
  asterisk PBX sound files - en-us/gsm

asterisk-core-sounds-en-wav/stable 1.6.1-1 all
  asterisk PBX sound files - en-us/wav

asterisk-core-sounds-es/stable 1.6.1-1 all
  asterisk PBX sound files - Spanish

asterisk-core-sounds-es-g722/stable 1.6.1-1 all
  asterisk PBX sound files - es-mx/g722

asterisk-core-sounds-es-gsm/stable 1.6.1-1 all
  asterisk PBX sound files - es-mx/gsm

asterisk-core-sounds-es-wav/stable 1.6.1-1 all
  asterisk PBX sound files - es-mx/wav

asterisk-core-sounds-fr/stable 1.6.1-1 all
  asterisk PBX sound files - Canadian French

asterisk-core-sounds-fr-g722/stable 1.6.1-1 all
  asterisk PBX sound files - fr-ca/g722

asterisk-core-sounds-fr-gsm/stable 1.6.1-1 all
  asterisk PBX sound files - fr-ca/gsm

asterisk-core-sounds-fr-wav/stable 1.6.1-1 all
  asterisk PBX sound files - fr-ca/wav

asterisk-core-sounds-it/stable 1.6.1-1 all
  asterisk PBX sound files - Italian

asterisk-core-sounds-it-g722/stable 1.6.1-1 all
  asterisk PBX sound files - it-it/g722

asterisk-core-sounds-it-gsm/stable 1.6.1-1 all
  asterisk PBX sound files - it-it/gsm

asterisk-core-sounds-it-wav/stable 1.6.1-1 all
  asterisk PBX sound files - it-it/wav

asterisk-core-sounds-ru/stable 1.6.1-1 all
  asterisk PBX sound files - Russian

asterisk-core-sounds-ru-g722/stable 1.6.1-1 all
  asterisk PBX sound files - ru-ru/g722

asterisk-core-sounds-ru-gsm/stable 1.6.1-1 all
  asterisk PBX sound files - ru-ru/gsm

asterisk-core-sounds-ru-wav/stable 1.6.1-1 all
  asterisk PBX sound files - ru-ru/wav

asterisk-moh-opsound-g722/stable 2.03-1.1 all
  asterisk extra sound files - English/g722

asterisk-moh-opsound-gsm/stable 2.03-1.1 all
  asterisk extra sound files - English/gsm

asterisk-moh-opsound-wav/stable 2.03-1.1 all
  asterisk extra sound files - English/wav

astro-datareduction/stable 5.0 all
  Data reduction pipelines for astronomy

astro-tasks/stable 5.0 all
  Debian Astronomy Pure Blend (tasksel tasks)

astro-telescopecontrol/stable 5.0 all
  Telescope control and data processing

baresip/stable 1.1.0-3 all
  portable and modular SIP user-agent - metapackage

baresip-core/stable 1.1.0-3 arm64
  portable and modular SIP user-agent - core parts

baresip-ffmpeg/stable 1.1.0-3 arm64
  portable and modular SIP user-agent - FFmpeg codecs and formats

baresip-gstreamer/stable 1.1.0-3 arm64
  portable and modular SIP user-agent - GStreamer pipelines

baresip-gtk/stable 1.1.0-3 arm64
  portable and modular SIP user-agent - GTK+ front-end

baresip-x11/stable 1.1.0-3 arm64
  portable and modular SIP user-agent - X11 features

brltty/stable 6.7-3.1+deb13u3 arm64
  Access software for a blind person using a braille display

cassbeam/stable 1.1-4+b2 arm64
  Cassegrain antenna modelling

codegroup/stable 20080907+ds1-1 arm64
  convert any file into five-letter code groups

contactsd/stable 1.4.15-1 arm64
  Telepathy - QtContacts bridge for contacts

custodia/stable 0.6.0-5.2 all
  Modular and pluggable Secrets Manager

dahdi/stable 1:3.1.0-2.1 arm64
  utilities for using the DAHDI kernel modules

dahdi-dkms/stable 1:3.1.0+git20230717~dfsg-10.1 all
  DAHDI telephony interface (dkms kernel driver)

dahdi-linux/stable 1:3.1.0+git20230717~dfsg-10.1 all
  DAHDI telephony interface - Linux userspace parts

dahdi-source/stable 1:3.1.0+git20230717~dfsg-10.1 all
  DAHDI telephony interface - source code for kernel driver

debian-astro-logo/stable 5.0 all
  Debian Astronomy Pure Blends Logo

dibbler-client/stable 1.0.1-2 arm64
  portable DHCPv6 client

dibbler-client-dbg/stable 1.0.1-2 arm64
  portable DHCPv6 client

dibbler-server/stable 1.0.1-2 arm64
  portable DHCPv6 server

dibbler-server-dbg/stable 1.0.1-2 arm64
  portable DHCPv6 server

dtv-scan-tables/stable 0+git20190925.6d01903-0.1 all
  Digital Video Broadcasting (DVB) initial scan files

dvb-apps/stable 1.1.1+rev1500-2 arm64
  Digital Video Broadcasting (DVB) applications

ed25519/stable 0~20241004-2 arm64
  microlibrary X25519/Ed25519 - Ed25519 command line tools

elpa-assess/stable 0.6+git20231120.2399936-3 all
  test support functions for Emacs

epics-base/stable 7.0.8.1+dfsg1-7+deb13u1 arm64
  EPICS tools

epics-doc/stable 7.0.8.1+dfsg1-7+deb13u1 all
  EPICS documentation

erlang/stable 1:27.3.4.1+dfsg-1+deb13u2 all
  Concurrent, real-time, distributed functional language

erlang-mnesia/stable 1:27.3.4.1+dfsg-1+deb13u2 arm64
  Erlang/OTP distributed relational/object hybrid database

fbtv/stable 3.107-4 arm64
  television viewer - Linux framebuffer application

fccexam/stable 1.0.7-1.1 all
  Study tool for USA FCC commercial radio license exams.

folks-common/stable 0.15.9-5 all
  library to aggregates people into metacontacts (common files)

folks-tools/stable 0.15.9-5+b1 arm64
  Telepathy backend for libfolks - database and import tools

fonts-aenigma/stable 0.0.20080511+dfsg-5 all
  465 free TrueType fonts by Brian Kent

freetuxtv/stable 0.6.8~dfsg1-2+b2 arm64
  Internet television and radio player

ginga/stable 5.3.0-1 all
  Astronomical image viewer

gir1.2-folks-0.7/stable 0.15.9-5+b1 arm64
  library to aggregates people into metacontacts - GObject-Introspection

gir1.2-modemmanager-1.0/stable 1.24.0-1+deb13u1 arm64
  GObject introspection data for modemmanager

gir1.2-telepathyglib-0.12/stable 0.24.2-2 arm64
  GLib Telepathy connection manager library (GObject-Introspection)

gir1.2-telepathylogger-0.2/stable 0.8.2-4.2 arm64
  Telepathy logger service - introspection

glean-parser/stable 15.0.1-1 all
  Parser tools for Mozilla's Glean telemetry

gnss-sdr/stable 0.0.20-1 arm64
  Global navigation satellite systems software defined receiver

golang-github-linkedin-goavro-dev/stable 2.10.1-1 all
  library that encodes and decodes Avro data

golang-github-pion-sctp-dev/stable 1.8.6-1 all
  Go implementation of SCTP

golang-github-rican7-retry-dev/stable 0.3.1-2 all
  Go library to perform actions repetitively

golang-gopkg-telebot.v3-dev/stable 3.3.8-1 all
  bot framework for the Telegram Bot API

golang-opentelemetry-contrib-dev/stable 0.56.0-5 all
  Collection of 3rd-party packages for OpenTelemetry-Go

golang-opentelemetry-otel-dev/stable 1.31.0-4 all
  OpenTelemetry Go API and SDK

golang-opentelemetry-proto-dev/stable 1.3.1-2 all
  OpenTelemetry Go API and SDK - proto

gopchop/stable 1.1.8-7+b3 arm64
  fast, lossless cuts-only editor for MPEG2 video files

gosop/stable 1.1.0-3+b1 arm64
  Stateless CLI for GopenPGP

gr-satellites/stable 5.5.0-2+b13 arm64
  Collection of satellite telemetry signal decoders

graphviz/stable,now 2.42.4-3 arm64 [installed,automatic]
  rich set of graph drawing tools

hacktv/stable 0+git20250218+ds-2 arm64
  Analogue TV transmitter for the HackRF

ibus-table-telex/stable 1.3.19-1 all
  ibus-table input method: Telex

indi-beefocus/stable 0.1+20221222010828-1+b1 arm64
  INDI driver for Bee Focus

indi-bin/stable 1.9.9+dfsg-3+b5 arm64
  INDI server, drivers and tools

indi-bresserexos2/stable 1.0+20221223130124-1+b2 arm64
  INDI driver for Exos II GoTo Telescope Mount

indi-maxdomeii/stable 1.3+20221223105522-1+b1 arm64
  INDI driver for MaxDome II dome control system

indi-starbook/stable 0.8+20221222163625-1+b2 arm64
  INDI driver for Vixen Starbook telescope controllers

indi-starbook-ten/stable 0.1-2+b3 arm64
  INDI driver for Vixen Starbook Ten telescope controllers

iraf/stable 2.18.1-2 arm64
  Image Reduction and Analysis Facility

iraf-st4gem/stable 1.0+ds-3 arm64
  Selected tools from the Space Telescope Science Data Analysis System

iwatch/stable 0.2.2-11 all
  realtime filesystem monitoring program using inotify

jool-dkms/stable 4.1.13-1.1 all
  kernel-based SIIT and NAT64 (IP/ICMP translation)

killbots/stable 4:25.04.0-1 arm64
  port of the classic BSD console game robots

kodi-pvr-njoy/stable 21.0.2+ds-1 arm64
  NJOY PVR Addon for Kodi

kodi-pvr-teleboy/stable 21.0.0+ds1-3 arm64
  Teleboy PVR for Kodi

kodi-pvr-vuplus/stable 21.3.2+ds-1 arm64
  Vu+/Enigma2 PVR Addon for Kodi

kstars/stable 5:3.6.2-2+b5 arm64
  desktop planetarium, observation planning and telescope control

kuserfeedback-dev/stable 1.3.0-9 arm64
  development files for KUserFeedback - Qt 5 version

lib1305-1/stable 0~20250415-1 arm64
  Poly1305 one-time authenticator microlibrary - shared library

lib25519-1/stable 0~20241004-2 arm64
  microlibrary X25519/Ed25519 - shared library

lib25519-dev/stable 0~20241004-2 arm64
  microlibrary X25519/Ed25519 - development files

liba52-0.7.4/stable 0.7.4-20+b3 arm64
  library for decoding ATSC A/52 streams

liba52-0.7.4-dev/stable 0.7.4-20+b3 arm64
  library for decoding ATSC A/52 streams (development)

libahp-gt-dev/stable 1.7.3-1 arm64
  AHP GT telescope mount controllers programming - development files

libahp-gt1/stable 1.7.3-1 arm64
  AHP GT telescope mount controllers programming - library

libaoflagger0/stable 3.4.0-3+b2 arm64
  Find RFI in radio astronomical observations (shared lib)

libblockdev3/stable 3.3.0-2.1 arm64
  Library for manipulating block devices

libcasa-mirlib8/stable 3.7.1-1 arm64
  CASA mirlib library

libccrtp-dev/stable 2.0.9-4.1+b1 arm64
  Common C++ class framework for RTP packets - development files

libccrtp-doc/stable 2.0.9-4.1 all
  Documentation files for  GNU ccRTPp library

libccrtp2t64/stable 2.0.9-4.1+b1 arm64
  Common C++ class framework for RTP packets

libcontactsd1/stable 1.4.15-1 arm64
  Telepathy - QtContacts bridge for contacts (plugin shared library)

libcontactsd1-dev/stable 1.4.15-1 arm64
  Telepathy - QtContacts bridge for contacts (development files)

libdsk-utils/stable 1.5.9+dfsg-1+b2 arm64
  library for accessing discs and disc image file (utilities)

libdsk4/stable 1.5.9+dfsg-1+b2 arm64
  library for accessing discs and disc image file

libdsk4-dev/stable 1.5.9+dfsg-1+b2 arm64
  library for accessing discs and disc image file (development headers)

libfolks-dev/stable 0.15.9-5+b1 arm64
  library to aggregates people into metacontact - development files

libfolks-doc/stable 0.15.9-5 all
  library to aggregates people into metacontact - documentation

libfolks-dummy-dev/stable 0.15.9-5+b1 arm64
  Dummy backend for libfolks - development files

libfolks-dummy-doc/stable 0.15.9-5 all
  Dummy backend for libfolks - documentation

libfolks-dummy26/stable 0.15.9-5+b1 arm64
  Dummy backend for libfolks

libfolks-eds-dev/stable 0.15.9-5+b1 arm64
  Evolution-data-server backend for libfolks - development files

libfolks-eds-doc/stable 0.15.9-5 all
  Evolution-data-server backend for libfolks - documentation

libfolks-eds26/stable 0.15.9-5+b1 arm64
  Evolution-data-server backend for libfolks

libfolks-telepathy-dev/stable 0.15.9-5+b1 arm64
  Telepathy backend for libfolks - development files

libfolks-telepathy-doc/stable 0.15.9-5 all
  Telepathy backend for libfolks - documentation

libfolks-telepathy26/stable 0.15.9-5+b1 arm64
  Telepathy backend for libfolks

libfolks26/stable 0.15.9-5+b1 arm64
  library to aggregates people into metacontacts

libghc-iospec-dev/stable 0.3.1.2-2+b1 arm64
  Pure specification of the IO monad

libghc-iospec-doc/stable 0.3.1.2-2 all
  Pure specification of the IO monad; documentation

libghc-iospec-prof/stable 0.3.1.2-2+b1 arm64
  Pure specification of the IO monad; profiling libraries

libgnuradio-satellites5.5.0/stable 5.5.0-2+b13 arm64
  library of satellite telemetry signal decoders

libindi-data/stable 1.9.9+dfsg-3 all
  Instrument-Neutral Device Interface library -- shared data

libindi-dev/stable 1.9.9+dfsg-3+b5 arm64
  Instrument-Neutral Device Interface library -- development files

libindi-plugins/stable 1.9.9+dfsg-3+b5 arm64
  Instrument-Neutral Device Interface library -- plugins

libindialignmentdriver1/stable 1.9.9+dfsg-3+b5 arm64
  Instrument-Neutral Device Interface library -- alignment driver lib

libindiclient1/stable 1.9.9+dfsg-3+b5 arm64
  Instrument-Neutral Device Interface library -- client library

libindidriver1/stable 1.9.9+dfsg-3+b5 arm64
  Instrument-Neutral Device Interface library -- driver library

libindilx200-1/stable 1.9.9+dfsg-3+b5 arm64
  Instrument-Neutral Device Interface library -- lx200 driver lib

libiptcdata-bin/stable 1.0.5-2.4 arm64
  Library to parse IPTC metadata (programs)

libiptcdata-doc/stable 1.0.5-2.4 all
  Library to parse IPTC metadata (documentation)

libiptcdata0/stable 1.0.5-2.4 arm64
  Library to parse IPTC metadata

libiptcdata0-dbg/stable 1.0.5-2.4 arm64
  Library to parse IPTC metadata (debug files)

libiptcdata0-dev/stable 1.0.5-2.4 arm64
  Library to parse IPTC metadata (development files)

libjgraph-java/stable 5.12.4.2+dfsg-7 all
  JFC/Swing graph component for Java

libjgraph-java-doc/stable 5.12.4.2+dfsg-7 all
  JFC/Swing graph component for Java (documentation)

libjson-rpc-perl/stable 1.06-4 all
  Perl implementation of JSON-RPC 2.0 and 1.1 protocols

libkf6userfeedback-bin/stable 6.13.0-1 arm64
  user feedback for applications - executables

libkf6userfeedback-data/stable 6.13.0-1 all
  user feedback for applications - localization files

libkf6userfeedback-dev/stable 6.13.0-1 arm64
  development files for KUserFeedback

libkf6userfeedback-doc/stable 6.13.0-1 all
  user feedback for applications - documentation

libkf6userfeedbackcore6/stable 6.13.0-1 arm64
  user feedback for applications - core library

libkf6userfeedbackwidgets6/stable 6.13.0-1 arm64
  user feedback for applications - widgets library

libkuserfeedback-l10n/stable 1.3.0-9 all
  user feedback for applications - localization files

libkuserfeedbackcore1/stable 1.3.0-9 arm64
  user feedback for applications - Qt 5 core library

libkuserfeedbackwidgets1/stable 1.3.0-9 arm64
  user feedback for applications - Qt 5 widgets library

liblwipv6-2t64/stable 1.5a-10 arm64
  User level (lightweight) TCP/IP stack with IPv6 support

liblwipv6-dev/stable 1.5a-10 arm64
  Development files for the LWIPv6 library

libmceliece-dev/stable 0~20241009-2 arm64
  Classic McEliece microlibrary - development files

libmceliece1/stable 0~20241009-2 arm64
  Classic McEliece microlibrary - shared library

libmediastreamer-data/stable 1:5.3.105+dfsg-5 all
  Voice and video streaming engine for telephony (data files)

libmediastreamer-dev/stable 1:5.3.105+dfsg-5 arm64
  Development files for the mediastreamer2 library

libmediastreamer-doc/stable 1:5.3.105+dfsg-5 all
  Voice and video streaming engine for telephony (documentation)

libmediastreamer-tools/stable 1:5.3.105+dfsg-5 arm64
  Voice and video streaming engine for telephony (programs)

libmediastreamer2-14/stable 1:5.3.105+dfsg-5 arm64
  Voice and video streaming engine for telephony (base)

libmission-control-plugins-dev/stable 1:5.16.5-2.2+b1 arm64
  management daemon for Telepathy (headers for plugins)

libmission-control-plugins-doc/stable 1:5.16.5-2.2 all
  management daemon for Telepathy (documentation for plugins)

libmission-control-plugins0t64/stable 1:5.16.5-2.2+b1 arm64
  management daemon for Telepathy (library for plugins)

libmlt++-dev/stable 7.30.0-1+b2 arm64
  MLT multimedia framework C++ wrapper (development)

libmlt++7/stable 7.30.0-1+b2 arm64
  MLT multimedia framework C++ wrapper (runtime)

libmlt-data/stable 7.30.0-1 all
  multimedia framework (data)

libmlt-dev/stable 7.30.0-1+b2 arm64
  multimedia framework (development)

libmlt7/stable 7.30.0-1+b2 arm64
  multimedia framework (runtime)

libmm-glib-dev/stable 1.24.0-1+deb13u1 arm64
  D-Bus service for managing modems - library development files

libmm-glib-doc/stable 1.24.0-1+deb13u1 all
  D-Bus service for managing modems - library documentation

libmm-glib0/stable 1.24.0-1+deb13u1 arm64
  D-Bus service for managing modems - shared libraries

libnanomsg-dev/stable 1.1.5+dfsg-1.1+b1 arm64
  nanomsg development files

libnanomsg5/stable 1.1.5+dfsg-1.1+b1 arm64
  high-performance implementation of scalability libraries

libnetsds-perl/stable 1.301-4 all
  Service Delivery Suite framework

libnexstar-dev/stable 0.15-2 arm64
  Celestron/SkyWatcher telescope control library development files

libnexstar0t64/stable 0.15-2 arm64
  Celestron/SkyWatcher telescope control shared library

libntirpc-dev/stable 6.3-2 arm64
  new transport-independent RPC library - development files

libntirpc6.3/stable 6.3-2 arm64
  new transport-independent RPC library

libntruprime1/stable 0~20241021-2 arm64
  microlibrary for Streamlined NTRU Prime - shared library

libnumber-phone-perl/stable 4.0006-1 all
  base class for parsing and dealing with phone numbers

libofono-qt-dev/stable 1.30-2+b2 arm64
  Qt oFono library (development files)

libofono-qt-doc/stable 1.30-2 all
  Qt oFono library API documentation

libofono-qt1/stable 1.30-2+b2 arm64
  Qt oFono library

libopenr2-3/stable 1.3.3-2+b1 arm64
  MFC/R2 (telephony) call setup library

libopenr2-bin/stable 1.3.3-2+b1 arm64
  MFC/R2 (telephony) call setup library - test programs

libopenr2-dev/stable 1.3.3-2+b1 arm64
  MFC/R2 (telephony) call setup library - development headers

libopentelemetry-proto-dev/stable 1.5.0-1 all
  OpenTelemetry protocol specification and proto files

libopenvlbi-dev/stable 3.0.2-3 arm64
  OpenVLBI Correlator library - development files

libopenvlbi-doc/stable 3.0.2-3 all
  OpenVLBI Correlator - documentation

libopenvlbi3t64/stable 3.0.2-3 arm64
  OpenVLBI Correlator library

libortp-dev/stable 1:5.3.105-1 arm64
  Development files for the ortp RTP library

libortp-doc/stable 1:5.3.105-1 all
  oRTP API documentation

libortp16/stable 1:5.3.105-1 arm64
  Real-time Transport Protocol (RTP) stack

libosip2-15t64/stable 5.3.1-1.1+b1 arm64
  Session Initiation Protocol (SIP) library

libosmo-sccp-dev/stable 1.9.0+dfsg1-6 arm64
  Development files for libsccp, libmtp and libxua

libosmomtp0/stable 1.9.0+dfsg1-6 arm64
  Message Transfer Part for Signaling System 7

libosmosccp0/stable 1.9.0+dfsg1-6 arm64
  Library for Signalling Connection Control Part (SCCP)

libosmoxua0/stable 1.9.0+dfsg1-6 arm64
  Osmocom SCCP support library for generating and parsing messages

libosptk-dev/stable 4.13.0-1.1+b1 arm64
  OSP Toolkit development library and header files

libosptk4t64/stable 4.13.0-1.1+b1 arm64
  OSP Toolkit shared library

libpgpainless-cli-java/stable 1.6.9-1 all
  Stateless OpenPGP Protocol with PGPainless - runtime library

libpgpainless-cli-java-doc/stable 1.6.9-1 all
  Stateless OpenPGP Protocol with PGPainless - runtime library - docs

libpgpainless-sop-java/stable 1.6.9-1 all
  Stateless OpenPGP Protocol with PGPainless - library

libpgpainless-sop-java-doc/stable 1.6.9-1 all
  Stateless OpenPGP Protocol with PGPainless - library - docs

librandom123-dev/stable 1.14.0+dfsg-6 all
  parallel random numbers library

librandom123-doc/stable 1.14.0+dfsg-6 all
  documentation and examples of parallel random numbers library

librespeed-cli/stable 1.0.11-1+b7 arm64
  Command line client for LibreSpeed

librte-telemetry25/stable 24.11.4-0+deb13u1 arm64
  Data Plane Development Kit (librte-telemetry runtime library)

librust-rpgpie-dev/stable 0.5.4-1 arm64
  Experimental high level API for rPGP - Rust source code

librust-rpgpie-sop-dev/stable 0.6.4-1 arm64
  Experimental SOP implementation based on rpgpie - Rust source code

librust-sequoia-sop-dev/stable 0.37.2-1+b3 arm64
  Stateless OpenPGP Command Line Interface using Sequoia - Rust source code

librust-sop-dev/stable 0.8.2-1 arm64
  Rust Interface for the Stateless OpenPGP Interface - Rust source code

libsecsipid-dev/stable 1.3.2-2.1+b8 arm64
  Secure SIP Identity Extensions - C headers files

libsecsipid1t64/stable 1.3.2-2.1+b8 arm64
  Secure SIP Identity Extensions - library

libsop-java-java/stable 7.0.2-1 all
  Stateless OpenPGP Protocol API and CLI for Java

libsop-java-java-doc/stable 7.0.2-1 all
  Stateless OpenPGP Protocol API and CLI for Java - docs

libsop-java-picocli-java/stable 7.0.2-1 all
  Stateless OpenPGP Protocol API and CLI for Java - picocli wrapper

libsop-java-picocli-java-doc/stable 7.0.2-1 all
  Stateless OpenPGP Protocol API and CLI for Java - picocli wrapper docs

libspandsp-dev/stable 0.0.6+dfsg-2.2 arm64
  Telephony signal processing library - development headers

libspandsp-doc/stable 0.0.6+dfsg-2.2 all
  Documentation for the spandsp signal processing library

libspandsp2t64/stable 0.0.6+dfsg-2.2 arm64
  Telephony signal processing library

libss7-2.0/stable 2.0.1-2 arm64
  Signalling System 7 (ss7) library

libss7-dev/stable 2.0.1-2 arm64
  Signalling System 7 (ss7) development files

libtd-dev/stable 1.8.38~git20241021.d321984+dfsg-4 arm64
  telegram database library (development headers)

libtd-doc/stable 1.8.38~git20241021.d321984+dfsg-4 all
  telegram database library (development documentation)

libtd-shim/stable 1.8.38~git20241021.d321984+dfsg-4 arm64
  telegram database library (version-independent CMake shim)

libtd1.8.11-dev/stable 1.8.11~git20230202.3179d35+dfsg-3 arm64
  telegram database library (development headers, API/ABI v1.8.11)

libtdjson1.8.11/stable 1.8.11~git20230202.3179d35+dfsg-3 arm64
  telegram database library (API/ABI v1.8.11)

libtdjson1.8.38/stable 1.8.38~git20241021.d321984+dfsg-4 arm64
  telegram database library

libtelepathy-farstream-dev/stable 0.6.2-1.2+b2 arm64
  Glue library between telepathy and farstream (development files)

libtelepathy-farstream-doc/stable 0.6.2-1.2 all
  Glue library between telepathy and farstream (documentation)

libtelepathy-farstream3/stable 0.6.2-1.2+b2 arm64
  Glue library between telepathy and farstream

libtelepathy-farstream3-dbg/stable 0.6.2-1.2+b2 arm64
  Glue library between telepathy and farstream (debug symbols)

libtelepathy-glib-dev/stable 0.24.2-2 arm64
  GLib Telepathy connection manager library (headers)

libtelepathy-glib-doc/stable 0.24.2-2 all
  GLib Telepathy library (documentation)

libtelepathy-glib0t64/stable 0.24.2-2 arm64
  Telepathy framework - GLib library

libtelepathy-logger-dev/stable 0.8.2-4.2 arm64
  Telepathy logger service -- utility library (headers)

libtelepathy-logger-doc/stable 0.8.2-4.2 all
  Telepathy logger service -- documentation

libtelepathy-logger3/stable 0.8.2-4.2 arm64
  Telepathy logger service - utility library

libtelepathy-qt5-0/stable 0.9.8+ds-4+b4 arm64
  Telepathy framework - Qt 5 library

libtelepathy-qt5-dev/stable 0.9.8+ds-4+b4 arm64
  Qt 5 Telepathy library (headers and static library)

libtelepathy-qt5-farstream0/stable 0.9.8+ds-4+b4 arm64
  Telepathy/Farsight integration - Qt 5 library

libtelephony-asterisk-ami-perl/stable 0.006-3 all
  Simple Asterisk Manager Interface client (Perl module)

libtgowt-dev/stable 0~git20230615.a45d8b8+dfsg-2.1 arm64
  telegram related WebRTC fork

libtl-parser-dev/stable 0.0.0+git20210107.1933e76f-2 all
  command-line tool to parse TL scheme to tlo file (development)

libtonezone-dev/stable 1:3.1.0-2.1 arm64
  tonezone library (development)

libtonezone2.0/stable 1:3.1.0-2.1 arm64
  tonezone library (runtime)

libwww-telegram-botapi-perl/stable 0.12-2 all
  module of Telegram Bot API in Perl

libxml-dom-xpath-perl/stable 0.14-4 all
  adds XPath support to XML::DOM, using XML::XPathEngine

libxmltv-perl/stable 1.4.0-1 all
  modules related to the XMLTV file format for TV listings

libzint-dev/stable 2.15.0-1+b1 arm64
  Zint development files

libzint2.15/stable 2.15.0-1+b1 arm64
  library for encoding data in barcode symbols

libzvbi-common/stable,now 0.2.44-1 all [installed,automatic]
  Vertical Blanking Interval decoder (VBI) - common files

libzvbi-dev/stable 0.2.44-1 arm64
  Vertical Blanking Interval decoder (VBI) - development files

libzvbi-doc/stable 0.2.44-1 all
  Vertical Blanking Interval decoder (VBI) - documentation files

libzvbi0t64/stable,now 0.2.44-1 arm64 [installed,automatic]
  Vertical Blanking Interval decoder (VBI) - runtime files

lomiri-history-service/stable 0.6-2 arm64
  History service to store messages and calls

lomiri-telephony-service/stable 0.6.1-1 arm64
  Telephony service components for Lomiri - service daemon

lomiri-teleports-app/stable 1.20-5 arm64
  Telegram Chat Client App for Lomiri Operating Environment

lynkeos.app/stable 3.8+dfsg-1 arm64
  GNUstep app for processing planetary astronomical images

lynkeos.app-common/stable 3.8+dfsg-1 all
  GNUstep app for processing astronomical images (common files)

mediastreamer2-plugin-msqogl/stable 1:5.3.105+dfsg-5 arm64
  Voice and video streaming engine for telephony (OpenGL)

mediathekview/stable 13.2.1+ds-2 all
  view streams from German public television stations

mgetty/stable 1.2.1-2 arm64
  Smart Modem getty replacement

minidlna/stable 1.3.3+dfsg-1.1+b1 arm64
  lightweight DLNA/UPnP-AV server targeted at embedded systems

minimodem/stable 0.24-1+b3 arm64
  general-purpose software audio FSK modem

miscfiles/stable 1.5+dfsg-5 all
  Dictionaries and other interesting files

mmsd-tng/stable 2.6.3-1 arm64
  Multimedia Messaging Service Daemon - The Next Generation

modemmanager/stable 1.24.0-1+deb13u1 arm64
  D-Bus service for managing modems

modemmanager-dev/stable 1.24.0-1+deb13u1 arm64
  D-Bus service for managing modems - development files

modemmanager-doc/stable 1.24.0-1+deb13u1 all
  D-Bus service for managing modems - documentation files

morsegen/stable 0.2.1-5 arm64
  convert text file to ASCII morse code

mscgen/stable 0.20-16 arm64
  Message Sequence Chart (MSC) generator

nanomsg-utils/stable 1.1.5+dfsg-1.1+b1 arm64
  nanomsg utilities

neverputt/stable 1.6.0+git20180603-3+b2 arm64
  3D miniature golf game

neverputt-data/stable 1.6.0+git20180603-3 all
  data files for Neverputt

node-gauge/stable 4.0.4-2 all
  terminal based horizontal progress bar

node-telegram-bot-api/stable 2.0.1-3 all
  node.js module for Telegram Bot API

ofono/stable 2.16-5 arm64
  Mobile telephony stack (daemon)

ofono-dev/stable 2.16-5 all
  Mobile telephony stack (development files)

ofono-scripts/stable 2.16-5 all
  Mobile telephony stack (test and maintenance script files)

opentelemetry-cpp/stable 1.19.0-3 arm64
  OpenTelemetry C++ SDK library

opentelemetry-cpp-dev/stable 1.19.0-3 arm64
  OpenTelemetry C++ client library

opentelemetry-proto/stable 1.5.0-1 all
  OpenTelemetry protocol specification and proto files

openvlbi/stable 3.0.2-3 all
  correlator for OpenVLBI

openvlbi-bin/stable 3.0.2-3 arm64
  OpenVLBI Correlator library - client applications

openvlbi-data/stable 3.0.2-3 all
  OpenVLBI correlator - data

osmo-bsc-bs11-utils/stable 1.13.0-2 arm64
  Command line utilities for Siemens BS-11 BTS

osmo-stp/stable 2.1.0-3 arm64
  Osmocom SIGTRAN STP (Signaling Transfer Point)

osmo-trx/stable 1.7.1-1 arm64
  SDR transceiver that implements Layer 1 of a GSM BTS

osptoolkit/stable 4.13.0-1.1+b1 arm64
  Open source client side development kit for Open Settlement Protocol

pathological/stable 1.1.3-18 all
  puzzle game involving paths and marbles

pgpainless-cli/stable 1.6.9-1 all
  Stateless OpenPGP Protocol with PGPainless - runtime executable

php-symfony-telegram-notifier/stable 6.4.41+dfsg-0+deb13u1 all
  Symfony Telegram Notifier Bridge

pia/stable 3.107-4 arm64
  movie player for xawtv

postgresql-17-prefix/stable 1.2.10-3 arm64
  Prefix Range module for PostgreSQL

python-ceilometermiddleware-doc/stable 3.6.1-2 all
  OpenStack Telemetry middleware for generating metrics - doc

python-django-allauth-doc/stable 65.0.2-1 all
  Django app for local and social authentication (Documentation)

python-jsonrpc-doc/stable 1.13.0-5 all
  documentation for json-rpc

python3-aodh/stable 20.0.0-2 all
  OpenStack Telemetry (Ceilometer) Alarming - Python libraries

python3-aoflagger/stable 3.4.0-3+b2 arm64
  Find RFI in radio astronomical observations (Python package)

python3-applicationinsights/stable 0.11.10-2 all
  Azure Application Insights API for Python 3.x

python3-asdf-astropy/stable 0.7.1-1 all
  ASDF serialization support for astropy

python3-asgi-csrf/stable 0.11-2 all
  ASGI middleware for protecting against CSRF attacks

python3-azure-cli-telemetry/stable 2.74.0-1 all
  Azure Command-Line Interface (CLI) - telemetry modules

python3-ceilometermiddleware/stable 3.6.1-2 all
  OpenStack Telemetry middleware for generating metrics - Python 3.x

python3-crccheck/stable 1.3.0-1 all
  implementation of 170+ CRC algorithms for Python 3

python3-custodia/stable 0.6.0-5.2 all
  Python3 bindings to Custodia -- Modular and pluggable Secrets Manager

python3-django-allauth/stable 65.0.2-1 all
  Django app for local and social authentication (Python 3 version)

python3-etelemetry/stable 0.3.1-1 all
  lightweight Python3 client to communicate with the etelemetry server

python3-gammapy/stable 1.3-2 arm64
  Python package for gamma-ray astronomy

python3-ginga/stable 5.3.0-1 all
  Astronomical image toolkit for Python

python3-jsonrpc/stable 1.13.0-5 all
  Python implementation of JSON-RPC 1.0 and 2.0 (Python 3)

python3-jupyter-telemetry/stable 0.1.0-6 all
  Jupyter telemetry library

python3-lib1305/stable 0~20250415.1-1 all
  Poly1305 one-time authenticator microlibrary - Python wrapper

python3-lib25519/stable 0~20241004.1-4 all
  microlibrary X25519/Ed25519 - Python wrapper

python3-mceliece/stable 0~20241009.1-4 all
  Classic McEliece microlibrary - Python wrapper

python3-mlt/stable 7.30.0-1+b2 arm64
  multimedia framework (Python bindings)

python3-notifications-android-tv/stable 1.2.2-2 all
  Python API to send notifications to Android TV and Fire TV devices

python3-ntruprime/stable 0~20241021.4-4 all
  microlibrary for Streamlined NTRU Prime - Python wrapper

python3-opentelemetry-proto/stable 1.5.0-1 all
  OpenTelemetry protocol specification and proto files

python3-pybravia/stable 0.3.4-2 all
  Async library for controlling Sony Bravia TVs over the network

python3-pylsp-jsonrpc/stable 1.1.2-1 all
  Python server implementation of the JSON RPC 2.0 protocol

python3-pysynphot/stable 2.0.0+dfsg-3+b1 arm64
  Python Synthetic Photometry Utilities

python3-python-telegram-bot/stable 21.10-1 all
  python module for Telegram Bot API (Python 3)

python3-python-telegram-bot-doc/stable 21.10-1 all
  python module for Telegram Bot API (common documentation)

python3-pytrydan/stable 0.8.1-2 all
  Library to interface with V2C Trydan EVSE

python3-rapt-ble/stable 0.1.2-3 all
  Parser for RAPT Pill hydrometer BLE packets

python3-readlike/stable 0.1.3-3 all
  GNU Readline-like line editing module

python3-samsungctl/stable 0.7.1-1.1 all
  Remote control Samsung televisions via TCP/IP connection

python3-sop/stable 0.5.1-2 all
  Framework for implementing the Stateless OpenPGP CLI in Python

python3-telethon/stable 1.40.0-1 all
  Pure Python 3 MTProto API Telegram client library

python3-telethon-doc/stable 1.40.0-1 all
  Pure Python 3 MTProto API Telegram client library - documentation

python3-voip-utils/stable 0.3.3-1 all
  Utilities for managing Voice over IP communication

python3-wiffi/stable 1.1.2-2 all
  Library to interface with STALL WIFFI devices

python3-wither/stable 1.1-3 all
  XML/HTML Generation DSL (Python 3)

qml-module-lomiri-telephony/stable 0.6.1-1 arm64
  Telephony service components for Lomiri - Telephony QML plugin

qml-module-lomiri-telephony-phonenumber/stable 0.6.1-1 arm64
  Telephony service components for Lomiri - PhoneNumber QML plugin

qml-module-org-kde-userfeedback/stable 1.3.0-9 arm64
  user feedback for applications - Qt 5 QML module

qml6-module-org-kde-userfeedback/stable 6.13.0-1 arm64
  user feedback for applications - QML module

qrq/stable 0.3.5-2+b1 arm64
  high speed morse trainer, similar to DL4MM's Rufz

qsstv/stable 9.5.8-6 arm64
  Qt-based slow-scan TV and fax

radio/stable 3.107-4 arm64
  ncurses-based radio application

resource-agents/stable 1:4.16.0-3+deb13u2 arm64
  Cluster Resource Agents

rsop/stable 0.6.4-1 arm64
  Stateless OpenPGP (SOP) CLI tool based on rPGP and rpgpie

rsopv/stable 0.6.4-1 arm64
  Stateless OpenPGP Verification-only (SOPV) CLI (rpgp and rpgpie)

ruby-mojo-magick/stable 0.6.8-2 all
  simple Ruby stateless module interface to ImageMagick

ruby-telesign/stable 2.2.4-1 all
  TeleSign Ruby SDK

ruby-telesignenterprise/stable 2.2.2-2 all
  TeleSign Enterprise Ruby SDK

scantv/stable 3.107-4 arm64
  television channel-scanner

secsipidx/stable 1.3.2-2.1+b8 arm64
  Secure SIP Identity Extensions - IETF STIR and SHAKEN

sherlock/stable 0.15.0-1 all
  Find usernames across social networks

sip-tester/stable 1:3.7.3-2 arm64
  Performance testing tool for the SIP protocol

smarty-lexer/stable 3.1.33+dfsg-1 all
  Smarty Lexer/Parser generator

sopv-doc/stable 1.1.1-1 all
  OpenPGP verification manuals and examples

sopv-gpgv/stable 0.1.4-1 all
  Stateless OpenPGP CLI Verification-only Subset backed by gpgv

sqop/stable 0.37.2-1+b3 arm64
  Stateless OpenPGP Command Line Interface using Sequoia

sqopv/stable 0.37.2-1+b3 arm64
  Stateless OpenPGP Verification-only Command Line Interface using Sequoia

ssh-contact/stable 0.7-1.1 all
  establish SSH connections to your IM contacts using Telepathy (metapackage)

ssh-contact-client/stable 0.7-1.1+b1 arm64
  establish SSH connections to your IM contacts using Telepathy (client)

ssh-contact-service/stable 0.7-1.1+b1 arm64
  establish SSH connections to your IM contacts using Telepathy (server)

stellarium/stable 24.3-1 arm64
  real-time photo-realistic sky generator

stellarium-data/stable 24.3-1 all
  Stellarium data files

streamer/stable 3.107-4 arm64
  television capture tool (images/movies)

tang/stable 15-2 all
  network-based cryptographic binding server

tang-common/stable 15-2+b2 arm64
  network-based cryptographic binding server - common files

tang-xinetd/stable 15-2 all
  network-based cryptographic binding server - xinet version

tayga/stable 0.9.2-10+deb13u1 arm64
  userspace stateless NAT64

telegnome/stable 0.3.7-1 arm64
  graphical teletext viewer

telegram-send/stable 0.37-3 all
  Send messages and files over Telegram from the command-line

telemetry-tempest-plugin/stable 2.5.0-2 all
  OpenStack Integration Test Suite - Telemetry plugin

telepathy-idle/stable 0.2.2-1+b2 arm64
  IRC connection manager for Telepathy

telepathy-logger/stable 0.8.2-4.2 arm64
  Telepathy logger service - Daemon

telepathy-mission-control-5/stable 1:5.16.5-2.2+b1 arm64
  management daemon for Telepathy real-time communication framework

telepathy-ofono/stable 0.3.1-4 arm64
  telepathy oFono connection manager

telepathy-rakia/stable 0.8.0-4.1+b2 arm64
  SIP connection manager for the Telepathy framework

telepathy-specification/stable 0.27.4-1 all
  Telepathy D-Bus specification

texlive-latex-extra/stable 2024.20250309-2 all
  TeX Live: LaTeX additional packages

texlive-science/stable 2024.20250309-2 all
  TeX Live: Mathematics, natural sciences, computer science packages

tk5/stable 0.6-7 all
  Experimental Software for the ICOM IC-R5 Receiver

tl-parser/stable 0.0.0+git20210107.1933e76f-2 arm64
  command-line tool to parse TL scheme to tlo file

tone-generator/stable 1.6.1-5 arm64
  Telephony Tone Generator (daemon)

tone-generator-scripts/stable 1.6.1-5 all
  Telephony Tone Generator (test scripts)

ttv/stable 3.107-4 arm64
  television viewer - console application

tv-fonts/stable 1.1-9.1 all
  X11 fonts for TV applications

tvtime/stable 1.0.11-8+b2 arm64
  analog television display application

twinkle/stable 1:1.10.3+dfsg-1 arm64
  Voice over Internet Protocol (VoIP) SIP Phone (GUI)

twinkle-common/stable 1:1.10.3+dfsg-1 all
  Voice over Internet Protocol (VoIP) SIP Phone (common files)

twinkle-console/stable 1:1.10.3+dfsg-1 arm64
  Voice over Internet Protocol (VoIP) SIP Phone (console)

v4l-conf/stable 3.107-4 arm64
  tool to configure video4linux drivers

vdr-plugin-osdteletext/stable 2.3.1-2 arm64
  Teletext plugin for VDR

victoria-metrics/stable 1.112.0+ds1-2 arm64
  fast, cost-effective and scalable time series database

voacapl/stable 0.7.6-3 arm64
  HF propagation prediction tool

voacapl-data/stable 0.7.6-3 all
  HF propagation prediction tool (data files)

vvmd/stable 1.1-1 arm64
  Visual Voicemail Daemon

webcam/stable 3.107-4 arm64
  image grabber and uploader

wvdial/stable 1.61-8+b1 arm64
  intelligent Point-to-Point Protocol dialer

x25519/stable 0~20241004-2 arm64
  microlibrary X25519/Ed25519 - X25519 command line tools

xawtv/stable 3.107-4 arm64
  television viewer - X11 application

xawtv-plugin-qt/stable 3.107-4 arm64
  television viewer - QuickTime plugin

xawtv-plugins/stable 3.107-4 arm64
  television viewer - plugins

xawtv-tools/stable 3.107-4 arm64
  television viewer - tools

xmltv/stable 1.4.0-1 all
  functionality related to the XMLTV file format for TV listings

xmltv-gui/stable 1.4.0-1 all
  graphical user interface for XMLTV tv_check utility

xmltv-util/stable 1.4.0-1 all
  utilities related to the XMLTV file format for TV listings

xtel/stable 3.3.0-30 arm64
  X emulator of the French Minitel

xtv/stable 1.1-15+b1 arm64
  View the screen of a remote X11 display

yaws-mail/stable 2.2.0+dfsg-2 all
  Webmail application for Yaws webserver

yt-dlp/stable 2025.04.30-1 all
  downloader of videos from YouTube and other sites

zint/stable 2.15.0-1+b1 arm64
  command line utility to encode data in barcode symbols

zint-qt/stable 2.15.0-1+b1 arm64
  Zint Barcode Studio, a QT frontend to zint

znc-push/stable 1.0.0+git20190521.78d0385+1.9.1-2+b3 arm64
  znc plugin to send push notification to various services

zvbi/stable 0.2.44-1 arm64
  Vertical Blanking Interval (VBI) utilities

