
WARNING: apt does not have a stable CLI interface. Use with caution in scripts.

Sorting...
Full Text Search...
angelfish/stable 25.04.0-2 arm64
  Web browser for Plasma Mobile

baresip/stable 1.1.0-3 all
  portable and modular SIP user-agent - metapackage

baresip-core/stable 1.1.0-3 arm64
  portable and modular SIP user-agent - core parts

baresip-ffmpeg/stable 1.1.0-3 arm64
  portable and modular SIP user-agent - FFmpeg codecs and formats

baresip-gstreamer/stable 1.1.0-3 arm64
  portable and modular SIP user-agent - GStreamer pipelines

baresip-gtk/stable 1.1.0-3 arm64
  portable and modular SIP user-agent - GTK+ front-end

baresip-x11/stable 1.1.0-3 arm64
  portable and modular SIP user-agent - X11 features

blackbox-terminal/stable 0.14.0-5 arm64
  BlackBox Terminal Emulator

bleachbit/stable 4.6.2-2 all
  delete unnecessary files from the system

broot/stable 1.46.3-2 arm64
  tree view, file manager, configurable launcher

budgie-quickchar/stable 1.9.0-1 all
  GUI to find and choose locale characters

cackey/stable 0.7.11-2 arm64
  CAC and PIV Smartcard PKCS #11 cryptographic module

cairo-dock-shortcuts-plug-in/stable 3.5.1-1 arm64
  Shortcuts plug-in for Cairo-dock

cardpeek/stable 0.8.4-3 arm64
  Tool to read the contents of ISO7816 smartcards

cardpeek-data/stable 0.8.4-3 all
  Tool to read the contents of ISO7816 smartcards - data files

cgdb/stable 0.8.0-3+b1 arm64
  curses-based interface to the GNU Debugger (GDB)

chr/stable 0.1.80-1 arm64
  terminal-based text editor

chr-tiny/stable 0.1.80-1 arm64
  terminal-based text editor - without syntax highlighting

cinnamon-settings-daemon/stable 6.4.3-1 arm64
  daemon handling the Cinnamon session settings

clawsker/stable 1.4.1-1 all
  Configuration tweaker for Claws Mail

clonezilla/stable 5.9.9-1 all
  bare metal backup and recovery of disk drives

codeblocks-contrib/stable 25.03+dfsg-2 arm64
  contrib plugins for Code::Blocks IDE

copyq/stable 10.0.0-1 arm64
  Advanced clipboard manager with editing and scripting features

coturn/stable 4.6.1-2+b2 arm64
  TURN and STUN server for VoIP

ctapi-dev/stable 1.1+nmu1 all
  Card Terminal (CT) API definition

cups-x2go/stable 3.0.1.4-2 all
  Virtual X2Go printer for CUPS

deepin-movie/stable 5.15.10-3 arm64
  Deepin movie player

deepin-shortcut-viewer/stable 5.0.9-1 arm64
  Pop-up shortcut viewer for Deepin applications

desktop-autoloader/stable 0.0.4-2 all
  Accelerate Diskless Workstation systems by pre-loading a dummy Desktop Session

desktopfolder/stable 1.1.3-4 arm64
  Organize your desktop with panels, notes and photos

drm-info/stable 2.6.0-2+b1 arm64
  Small utility to dump info about DRM devices

dropwatch/stable 1.5.4-4 arm64
  tool for detecting and diagnosing dropped network packets

elixir-ex-doc/stable 0.35.1+dfsg-4 arm64
  Tool to generate documentation for Erlang and Elixir projects

elpa-counsel/stable 0.15.1-3 all
  collection of Ivy-enhanced versions of common Emacs commands

elpa-markdown-mode/stable 2.7-1 all
  mode for editing Markdown-formatted text files in GNU Emacs

fake-hwclock/stable 0.14 all
  Save/restore system clock on machines without working RTC hardware

finit-plugins/stable 4.12-1 arm64
  Fast init for Linux systems - plugins

fonts-thai-tlwg/stable 1:0.7.3-1 all
  Thai fonts maintained by TLWG (metapackage)

fonts-thai-tlwg-otf/stable 1:0.7.3-1 all
  Thai OpenType fonts maintained by TLWG (metapackage)

fonts-thai-tlwg-ttf/stable 1:0.7.3-1 all
  Thai TrueType fonts maintained by TLWG (metapackage)

frescobaldi/stable 3.3.0+ds1-3 arm64
  LilyPond sheet music text editor

geomview/stable 1.9.5-5 arm64
  interactive geometry viewing program

gir1.2-gpaste-2/stable 45.3-1 arm64
  GObject introspection data for the libgpaste-2 library

gir1.2-keybinder-3.0/stable 0.3.2-1.1+b3 arm64
  registers global key bindings for applications - Gtk+3 - typelib

git-cvs/stable,now 1:2.47.3-0+deb13u1 all [installed,automatic]
  fast, scalable, distributed revision control system (cvs interoperability)

gnome-settings-daemon/stable 48.1-1 arm64
  daemon handling the GNOME session settings

gnome-shell-extension-flypie/stable 28-1 all
  innovative marking menu via keyboard shortcuts

gnome-shell-extension-gpaste/stable 45.3-1 all
  GPaste extension for GNOME Shell

gnome-shell-extension-shortcuts/stable 1.7.0-1 all
  Creates a shortcuts help pop-up in GNOME Shell

golang-github-bowery-prompt-dev/stable 0.0~git20190916.fa82799-3 all
  Cross platform prompting library for Go

golang-github-btcsuite-btcd-btcec-dev/stable 0.0~git20161101.0.g8343278-1.1 all
  Go library for Elliptic curve cryptography

golang-github-btcsuite-btcd-chaincfg-chainhash-dev/stable 0.0+git20161209.0.7a4cc89-1.1 all
  generic hash types and functions for Go

golang-github-mckael-madon-dev/stable 3.0.0-1 all
  Golang Mastodon API library

golang-github-muesli-smartcrop-dev/stable 0.3.0+dfsg1-2 all
  smartcrop finds good image crops for arbitrary crop sizes

golang-github-nebulouslabs-fastrand-dev/stable 0.0~git20170512.60b6156-1 all
  10x faster than crypto/rand

golang-github-notedit-janus-go-dev/stable 0.0~git20210115.fdce1b1-2 all
  Janus gateway Go API (library)

golang-github-pd0mz-go-maidenhead-dev/stable 0.0~git20170221.faa09c2-4 all
  Maidenhead Locator system in Golang (library)

golang-github-pion-datachannel-dev/stable 1.5.5-1 all
  Go implementation of WebRTC Data Channels

golang-github-pion-ice.v2-dev/stable 2.3.1-2 all
  Go implementation of ICE (library)

golang-github-pion-interceptor-dev/stable 0.1.12-1 all
  Pluggable RTP/RTCP processors for building real time communication

golang-github-pion-logging-dev/stable 0.2.2-2 all
  logging library used by Pion

golang-github-pion-mdns-dev/stable 0.0.7-1 all
  Pure Go implementation of Multicast DNS (library)

golang-github-pion-rtcp-dev/stable 1.2.10-1 all
  Go implementation of RTCP (library)

golang-github-pion-sctp-dev/stable 1.8.6-1 all
  Go implementation of SCTP

golang-github-pion-sdp-dev/stable 3.0.10-1 all
  Go implementation of SDP (library)

golang-github-pion-srtp.v2-dev/stable 2.0.12-1 all
  Go implementation of SRTP (library)

golang-github-pion-stun-dev/stable 0.6.1-1 all
  Go implementation of STUN

golang-github-pion-transport-dev/stable 2.0.2-1 all
  Transport testing for Pion

golang-github-pion-webrtc.v3-dev/stable 3.1.56-3 all
  Pure Go implementation of the WebRTC API (library)

golang-github-smallstep-truststore-dev/stable 0.12.1-2 all
  Go library for local installation of development certificates

golang-snowflake-dev/stable 2.5.1-1 all
  WebRTC pluggable transport for Tor (library)

gpaste-2/stable 45.3-1 arm64
  Clipboard management system for GNOME

gpgrt-tools/stable 1.51-4 arm64
  GnuPG development runtime library (executable tools)

gsmartcontrol/stable 2.0.2-1 arm64
  graphical user interface for smartctl

haruna/stable 1.4.0-2 arm64
  Video player built with Qt/QML on top of libmpv

hexcurse/stable 1.58-1.4+b1 arm64
  Ncurses-based hex editor with many features

hsmwiz/stable 0.0.2-2 all
  Easy handling of NitroKey HSM USB Smard Card

idesk/stable 0.7.5-9+b1 arm64
  program to show icons on the desktop

idle3-tools/stable 0.9.1-7+b1 arm64
  change the idle3 timer of recent Western Digital Hard Disk Drives

irssi-scripts/stable 20231031 all
  collection of scripts for irssi

jedit/stable 5.5.0+dfsg-2 all
  Plugin-based editor for programmers

jsmath/stable 3.6e-2.2 all
  TeX equations in HTML documents

kamailio/stable 6.0.1-1+deb13u1 arm64
  very fast, dynamic and configurable SIP server

kamailio-websocket-modules/stable 6.0.1-1+deb13u1 arm64
  WebSocket module for the Kamailio SIP server

keybinder-3.0-doc/stable 0.3.2-1.1 all
  registers global key bindings for applications - Gtk+3 - documentation

kglobalacceld/stable 6.3.6-1 arm64
  daemon for global keyboard shortcuts on the Plasma desktop

lib32gcc-s1-amd64-cross/stable 14.2.0-19cross1 all
  GCC support library (32 bit Version)

lib32gcc-s1-mips64-cross/stable 14.2.0-13cross1 all
  GCC support library (32 bit Version)

lib32gcc-s1-mips64el-cross/stable 14.2.0-13cross1 all
  GCC support library (32 bit Version)

lib32gcc-s1-mips64r6-cross/stable 14.2.0-13cross1 all
  GCC support library (32 bit Version)

lib32gcc-s1-mips64r6el-cross/stable 14.2.0-13cross1 all
  GCC support library (32 bit Version)

lib32gcc-s1-ppc64-cross/stable 14.2.0-19cross1 all
  GCC support library (32 bit Version)

lib32gcc-s1-s390x-cross/stable 14.2.0-19cross1 all
  GCC support library (32 bit Version)

lib32gcc-s1-sparc64-cross/stable 14.2.0-19cross1 all
  GCC support library (32 bit Version)

lib32gcc-s1-x32-cross/stable 14.2.0-19cross1 all
  GCC support library (32 bit Version)

lib64gcc-s1-i386-cross/stable 14.2.0-19cross1 all
  GCC support library (i386) (64bit)

lib64gcc-s1-mips-cross/stable 14.2.0-13cross1 all
  GCC support library (mips) (64bit)

lib64gcc-s1-mipsel-cross/stable 14.2.0-13cross1 all
  GCC support library (mipsel) (64bit)

lib64gcc-s1-mipsr6-cross/stable 14.2.0-13cross1 all
  GCC support library (mipsr6) (64bit)

lib64gcc-s1-mipsr6el-cross/stable 14.2.0-13cross1 all
  GCC support library (mipsr6el) (64bit)

lib64gcc-s1-powerpc-cross/stable 14.2.0-19cross1 all
  GCC support library (powerpc) (64bit)

lib64gcc-s1-x32-cross/stable 14.2.0-19cross1 all
  GCC support library (x32) (64bit)

libacsccid1/stable 1.1.12-1 arm64
  PC/SC driver for ACS USB CCID smart card readers

libatasmart-bin/stable 0.19-5+b2 arm64
  ATA S.M.A.R.T. reading and parsing library - utilities

libcallstats-java/stable 5.2.0-3 all
  library to integrate with callstats.io

libcatalyst-model-dbic-schema-perl/stable 0.66-1 all
  DBIx::Class::Schema-based database model for Catalyst

libccid/stable 1.6.2-1 arm64
  PC/SC driver for USB CCID smart card readers

libccrtp-dev/stable 2.0.9-4.1+b1 arm64
  Common C++ class framework for RTP packets - development files

libchipcard-data/stable 5.1.6-2 all
  configuration files for libchipcard

libchipcard-dev/stable 5.1.6-2+b1 arm64
  API for smartcard readers

libchipcard-tools/stable 5.1.6-2+b1 arm64
  tools for accessing chipcards

libchipcard6t64/stable 5.1.6-2+b1 arm64
  library for accessing smartcards

libcoverartcc1v5/stable 1.0.0+git20150706-9+b2 arm64
  library to access the Cover Art Archive

libdbix-abstract-perl/stable 1.040-3 all
  DBI SQL abstraction

libdist-checkconflicts-perl/stable 0.11-2 all
  module for declaring version conflicts for a distribution

libdmr-dev/stable 5.15.10-3 arm64
  Deepin movie player - widget library (development files)

libdmr0.1/stable 5.15.10-3 arm64
  Deepin movie player - widget library

libfm-tools/stable 1.4.0-2 arm64
  file management support (utilities)

libfoonathan-memory-dev/stable 0.7.3-2.1+b2 arm64
  STL compatible C++ memory allocator library - development headers

libfoonathan-memory-doc/stable 0.7.3-2.1 all
  STL compatible C++ memory allocator library - documentation

libfoonathan-memory0.7.3t64/stable 0.7.3-2.1+b2 arm64
  STL compatible C++ memory allocator library

libgcc-s1/stable,now 14.2.0-19 arm64 [installed]
  GCC support library

libgcc-s1-alpha-cross/stable 14.2.0-19cross1 all
  GCC support library (alpha)

libgcc-s1-amd64-cross/stable 14.2.0-19cross1 all
  GCC support library (amd64)

libgcc-s1-arc-cross/stable 14.2.0-19cross1 all
  GCC support library (arc)

libgcc-s1-arm64-cross/stable 14.2.0-19cross1 all
  GCC support library (arm64)

libgcc-s1-armel-cross/stable 14.2.0-19cross1 all
  GCC support library (armel)

libgcc-s1-armhf-cross/stable 14.2.0-19cross1 all
  GCC support library (armhf)

libgcc-s1-i386-cross/stable 14.2.0-19cross1 all
  GCC support library (i386)

libgcc-s1-loong64-cross/stable 14.2.0-19cross1 all
  GCC support library (loong64)

libgcc-s1-mips-cross/stable 14.2.0-13cross1 all
  GCC support library (mips)

libgcc-s1-mips64-cross/stable 14.2.0-13cross1 all
  GCC support library (mips64)

libgcc-s1-mips64el-cross/stable 14.2.0-13cross1 all
  GCC support library (mips64el)

libgcc-s1-mips64r6-cross/stable 14.2.0-13cross1 all
  GCC support library (mips64r6)

libgcc-s1-mips64r6el-cross/stable 14.2.0-13cross1 all
  GCC support library (mips64r6el)

libgcc-s1-mipsel-cross/stable 14.2.0-13cross1 all
  GCC support library (mipsel)

libgcc-s1-mipsr6-cross/stable 14.2.0-13cross1 all
  GCC support library (mipsr6)

libgcc-s1-mipsr6el-cross/stable 14.2.0-13cross1 all
  GCC support library (mipsr6el)

libgcc-s1-powerpc-cross/stable 14.2.0-19cross1 all
  GCC support library (powerpc)

libgcc-s1-ppc64-cross/stable 14.2.0-19cross1 all
  GCC support library (ppc64)

libgcc-s1-ppc64el-cross/stable 14.2.0-19cross1 all
  GCC support library (ppc64el)

libgcc-s1-riscv64-cross/stable 14.2.0-19cross1 all
  GCC support library (riscv64)

libgcc-s1-s390x-cross/stable 14.2.0-19cross1 all
  GCC support library (s390x)

libgcc-s1-sh4-cross/stable 14.2.0-19cross1 all
  GCC support library (sh4)

libgcc-s1-sparc64-cross/stable 14.2.0-19cross1 all
  GCC support library (sparc64)

libgcc-s1-x32-cross/stable 14.2.0-19cross1 all
  GCC support library (x32)

libgcc-s2-m68k-cross/stable 14.2.0-19cross1 all
  GCC support library (m68k)

libgcc-s4-hppa-cross/stable 14.2.0-19cross1 all
  GCC support library (hppa)

libgcr410/stable 2.4.0-11 arm64
  PC/SC driver for GemPlus GCR410 serial SmartCard interface

libgempc410/stable 1.0.8-9+b1 arm64
  PC/SC driver for the GemPC 410, 412, 413 and 415 smart card readers

libgempc430/stable 1.0.8-9+b1 arm64
  PC/SC driver for the GemPC 430, 432, 435 smart card readers

libghc-gio-dev/stable 0.13.11.0-1+b1 arm64
  binding to the GIO

libghc-gio-doc/stable 0.13.11.0-1 all
  Binding to the GIO; documentation

libghc-gio-prof/stable 0.13.11.0-1+b1 arm64
  Binding to the GIO; profiling libraries

libgpaste-2/stable 45.3-1 arm64
  Clipboard management system for GNOME - library

libgpaste-2-common/stable 45.3-1 all
  Clipboard management system for GNOME - shared files

libgpaste-2-dev/stable 45.3-1 arm64
  Clipboard management system for GNOME - development files

libgpg-error-dev/stable 1.51-4 arm64
  GnuPG development runtime library (developer tools)

libgpg-error-l10n/stable 1.51-4 all
  library of error values and messages in GnuPG (localization files)

libgpg-error-mingw-w64-dev/stable 1.51-4 all
  library of error values and messages in GnuPG (Windows development)

libgpg-error0/stable,now 1.51-4 arm64 [installed,automatic]
  GnuPG development runtime library

libhiprtc-builtins5/stable 5.7.1-6+deb13u1 arm64
  HIP Run Time Compilation libraries

libio-tee-perl/stable 0.66-2 all
  module for multiplexing output to multiple output handles

libjs-mousetrap/stable 1.6.5+dfsg1-1 all
  library for handling keyboard shortcuts in Javascript

libjs-simplemde/stable 1.11.2+dfsg2-3 all
  JavaScript library providing a simple Markdown editor

libjs-webrtc-adapter/stable 8.2.3~ds-1 all
  shim to insulate apps from WebRTC quirks - browser library

libkeybinder-3.0-0/stable 0.3.2-1.1+b3 arm64
  registers global key bindings for applications - Gtk+3

libkeybinder-3.0-dev/stable 0.3.2-1.1+b3 arm64
  registers global key bindings for applications - Gtk+3 - development headers

libkf5globalaccel-bin/stable 5.116.0-1 all
  configurable global shortcut support - transitional dummy package

libkf5globalaccel-data/stable 5.116.0-1 all
  Configurable global shortcut support.

libkf5globalaccel-dev/stable 5.116.0-1 arm64
  development files for kglobalaccel

libkf5globalaccel-doc/stable 5.116.0-1 all
  Configurable global shortcut support (documentation)

libkf5globalaccel5/stable 5.116.0-1 arm64
  Configurable global shortcut support.

libkf5globalaccelprivate5/stable 5.116.0-1 arm64
  Configurable global shortcut support - private runtime library

libkf6globalaccel-data/stable 6.13.0-1 all
  Configurable global shortcut support

libkf6globalaccel-dev/stable 6.13.0-1 arm64
  development files for kglobalaccel

libkf6globalaccel-doc/stable 6.13.0-1 all
  Configurable global shortcut support (documentation)

libkf6globalaccel6/stable 6.13.0-1 arm64
  Configurable global shortcut support

libkglobalacceld-dev/stable 6.3.6-1 arm64
  daemon for global keyboard shortcuts on the Plasma desktop - development files

libkglobalacceld0/stable 6.3.6-1 arm64
  daemon for global keyboard shortcuts on the Plasma desktop - shared library

liblnk-dev/stable 20240423-1 arm64
  Windows Shortcut File format access library -- development files

liblnk-utils/stable 20240423-1 arm64
  Windows Shortcut File format access library -- Utilities

liblnk1t64/stable 20240423-1 arm64
  Windows Shortcut File format access library

liblog-log4perl-perl/stable 1.57-1 all
  Perl port of the widely popular log4j logging package

liblxqt-globalkeys-dev/stable 2.1.0-2 arm64
  daemon used to register global keyboard shortcuts (dev files)

liblxqt-globalkeys-ui-dev/stable 2.1.0-2 arm64
  daemon used to register global keyboard shortcuts (ui dev files)

liblxqt-globalkeys-ui2/stable 2.1.0-2 arm64
  daemon used to register global keyboard shortcuts (ui files)

liblxqt-globalkeys2/stable 2.1.0-2 arm64
  daemon used to register global keyboard shortcuts (shared libs)

libmartchus-c++utilities-dev/stable 5.28.0-1 arm64
  useful C++ classes and routines used by Martchus' applications (headers)

libmartchus-c++utilities5t64/stable 5.28.0-1 arm64
  useful C++ classes and routines used by Martchus' applications

libmartchus-qtforkawesome-dev/stable 0.3.1-2 arm64
  library that conveniently enables the use of Fork Awesome in Qt (headers)

libmartchus-qtforkawesome1t64/stable 0.3.1-2 arm64
  C++ library that conveniently enables the use of Fork Awesome in Qt

libmartchus-qtutilities-dev/stable 6.15.0-1 arm64
  common Qt related functionality used by Martchus' applications (headers)

libmartchus-qtutilities6/stable 6.15.0-1 arm64
  common Qt related functionality used by Martchus' applications

libmoosex-attributeshortcuts-perl/stable 0.037-2 all
  Moose extension providing shorthands for common attribute options

libmoosex-meta-typeconstraint-mooish-perl/stable 0.001-2 all
  module to translate Moo-style constraints to Moose-style

libmoox-shorthas-perl/stable 1.202040-2 all
  Shortcuts for common Moo has attribute configurations

libn32gcc-s1-mips-cross/stable 14.2.0-13cross1 all
  GCC support library (mips) (n32)

libn32gcc-s1-mips64-cross/stable 14.2.0-13cross1 all
  GCC support library (mips64) (n32)

libn32gcc-s1-mips64el-cross/stable 14.2.0-13cross1 all
  GCC support library (mips64el) (n32)

libn32gcc-s1-mips64r6-cross/stable 14.2.0-13cross1 all
  GCC support library (mips64r6) (n32)

libn32gcc-s1-mips64r6el-cross/stable 14.2.0-13cross1 all
  GCC support library (mips64r6el) (n32)

libn32gcc-s1-mipsel-cross/stable 14.2.0-13cross1 all
  GCC support library (mipsel) (n32)

libn32gcc-s1-mipsr6-cross/stable 14.2.0-13cross1 all
  GCC support library (mipsr6) (n32)

libn32gcc-s1-mipsr6el-cross/stable 14.2.0-13cross1 all
  GCC support library (mipsr6el) (n32)

libnb-platform-devel-java/stable 12.1-3 all
  Build harness for NetBeans Platform

libnb-platform18-java/stable 12.1-3 all
  NetBeans Platform for building rich desktop applications in Java

libnet-sip-perl/stable 0.838-1 all
  framework for SIP modules

libobject-pad-classattr-struct-perl/stable 0.06-4 arm64
  declare an Object::Pad class to be struct-like

libopenh264-8/stable 2.6.0+dfsg-2 arm64
  OpenH264 Video Codec

libopenh264-dev/stable 2.6.0+dfsg-2 arm64
  OpenH264 Video Codec - development files

libpam-poldi/stable 0.4.2+git20201120.5d67235-1 arm64
  PAM module allowing authentication using a OpenPGP smartcard

libpcsc-perl/stable 1.4.16-1+b3 arm64
  Perl interface to the PC/SC smart card library

libpcsclite1/stable 2.3.3-1 arm64
  Middleware to access a smart card using PC/SC (library)

librdf-acl-perl/stable 0.104-3 all
  access control lists for the semantic web

librdf-helper-properties-perl/stable 0.24-3 all
  shortcuts to retrieve certain information

librdf-trinex-functions-perl/stable 0.005-3 all
  shortcut functions for RDF::Trine's object-oriented interface

libre-dev/stable 2.0.1-3 arm64
  generic library for real-time communications (development files)

libre1/stable 2.0.1-3 arm64
  generic library for real-time communications with async IO support

librelp-dev/stable 1.11.0-2 arm64
  Reliable Event Logging Protocol (RELP) library - development files

librelp0/stable 1.11.0-2 arm64
  Reliable Event Logging Protocol (RELP) library

libreoffice-parlatype/stable 3.1.1-2 all
  LibreOffice Extension for Parlatype

libreoffice-script-provider-bsh/stable 4:25.2.3-2+deb13u6 all
  BeanShell script support provider for LibreOffice scripting framework

libreoffice-script-provider-js/stable 4:25.2.3-2+deb13u6 all
  JavaScript script support provider for LibreOffice scripting framework

libreoffice-script-provider-python/stable 4:25.2.3-2+deb13u6 all
  Python script support provider for LibreOffice scripting framework

librust-emojis-dev/stable 0.6.1-1+b3 arm64
  ✨ Lookup emoji in *O(1)* time, access metadata and GitHub shortcodes, iterate over all emoji, and more! - Rust source code

librust-talktosc-dev/stable 0.1.3-2+b2 arm64
  Talk to smartcards for OpenPGP operations - Rust source code

libscriptalicious-perl/stable 1.17-4 all
  module to simplify writing of Perl scripts

libsharp-dev/stable 1.0.0-2+b2 arm64
  fast spherical harmonic transforms - C/C++ library

libsharp0/stable 1.0.0-2+b2 arm64
  fast spherical harmonic transforms - C/C++ development library

libsmartcols-dev/stable 2.41-5 arm64
  smart column output alignment library - headers

libsmartcols1/stable,now 2.41-5 arm64 [installed]
  smart column output alignment library

libstrongswan-extra-plugins/stable 6.0.1-6+deb13u6 arm64
  strongSwan utility and crypto library (extra plugins)

libterm-ui-perl/stable 0.50-1 all
  Term::ReadLine UI made easy

libtgowt-dev/stable 0~git20230615.a45d8b8+dfsg-2.1 arm64
  telegram related WebRTC fork

libtickit-app-plugin-escapeprefix-perl/stable 0.02-2 all
  Tickit application plugin for Escape-prefixed shortcut keys

libtickit-async-perl/stable 0.25-1+b4 arm64
  module to use Tickit with IO::Async

libtry-tiny-smartcatch-perl/stable 0.5-4 all
  lightweight Perl module for powerful exceptions handling

libvldocking-java/stable 3.0.5-3 all
  Java components for building applications with Docking capabilities

libwebrtc-audio-coding-1-3/stable 1.3-3+b1 arm64
  WebRTC Audio Coding library

libwebrtc-audio-coding-dev/stable 1.3-3+b1 arm64
  development files for the webrtc-audio-coding-1 library

libwebrtc-audio-processing-1-3/stable,now 1.3-3+b1 arm64 [installed,automatic]
  WebRTC Audio Processing library

libwebrtc-audio-processing-dev/stable 1.3-3+b1 arm64
  development files for the webrtc-audio-processing-1 library

libwiretap-dev/stable 4.4.16-0+deb13u1 arm64
  network packet capture library -- development files

libwiretap15/stable 4.4.16-0+deb13u1 arm64
  network packet capture library -- shared library

libx2go-config-perl/stable 4.1.0.6-1.1 all
  Perl X2Go::Config package

libx2go-log-perl/stable 4.1.0.6-1.1 all
  Perl X2Go::Log package

libx2go-server-db-perl/stable 4.1.0.6-1.1+b2 arm64
  Perl X2Go::Server:DB package

libx2go-server-perl/stable 4.1.0.6-1.1 all
  Perl X2Go::Server package

libx2go-utils-perl/stable 4.1.0.6-1.1 all
  Perl X2Go::Utils package

libx32gcc-s1-amd64-cross/stable 14.2.0-19cross1 all
  GCC support library (amd64) (x32)

libx32gcc-s1-i386-cross/stable 14.2.0-19cross1 all
  GCC support library (i386) (x32)

libykpiv2/stable 2.7.1-1 arm64
  Library for communication with the YubiKey PIV smartcard

libyojson-ocaml/stable 2.2.2-1+b2 arm64
  JSON library for OCaml - runtime package

libyojson-ocaml-dev/stable 2.2.2-1+b2 arm64
  JSON library for OCaml - development package

lxhotkey-core/stable 0.1.2-1 arm64
  Lightweight global keyboard shortcuts configurator

lxhotkey-data/stable 0.1.2-1 all
  LXHotkey keyboard shortcuts configurator (data files)

lxhotkey-dev/stable 0.1.2-1 arm64
  LXHotkey keyboard shortcuts configurator (development files)

lxhotkey-gtk/stable 0.1.2-1 arm64
  LXHotkey keyboard shortcuts configurator (GTK+ GUI plugin)

lxhotkey-plugin-openbox/stable 0.1.2-1 arm64
  LXHotkey keyboard shortcuts configurator (Openbox support plugin)

lxqt-globalkeys/stable 2.1.0-2 arm64
  daemon used to register global keyboard shortcuts (appl.)

mate-settings-daemon/stable 1.26.1-1.2 arm64
  daemon handling the MATE session settings

mate-settings-daemon-common/stable 1.26.1-1.2 all
  daemon handling the MATE session settings (common files)

mate-settings-daemon-dev/stable 1.26.1-1.2 arm64
  daemon handling the MATE session settings (development files)

matrix-synapse-ldap3/stable 0.2.2+git20221102+258473620416-2 all
  LDAP auth provider for the Matrix homeserver

nextcloud-spreed-signaling/stable 1.2.4-3+b9 arm64
  Standalone signaling server for Nextcloud Talk

nextcloud-spreed-signaling-client/stable 1.2.4-3+b9 arm64
  Standalone signaling server for Nextcloud Talk - benchmarking client

nextcloud-spreed-signaling-common/stable 1.2.4-3 all
  Standalone signaling server for Nextcloud Talk - common

nextcloud-spreed-signaling-proxy/stable 1.2.4-3+b9 arm64
  Standalone signaling server for Nextcloud Talk - proxy

nnn/stable 5.0-1 arm64
  Free, fast, friendly file manager

node-create-ecdh/stable 4.0.4-2 all
  browserifiable createECDH

node-es6-map/stable 0.1.5-3 all
  ECMAScript6 Map polyfill

node-es6-set/stable 0.1.6-1 all
  ECMAScript6 Set polyfill

node-function-bind/stable 1.1.2+~cs2.1.14-1 all
  Implementation of Function.prototype.bind

node-mousetrap/stable 1.6.5~ds+~1.6.8-1 all
  Simple library for handling keyboard shortcuts

node-sdp-jingle-json/stable 3.1.0-4 all
  parser/serializer for SDP to JSON

node-webrtc-adapter/stable 8.2.3~ds-1 all
  shim to insulate apps from WebRTC quirks - Node.js library

node-yargs/stable 16.2.0+~16.0.4-7 all
  command line parser for nodejs

partclone/stable 0.3.36+repack-1 arm64
  Utility to clone and restore a partition

pd-rtclib/stable 4.1-5 all
  Real Time Composition Library for Pure Data (Pd)

phosh-osk-stub/stable 0.46.0-1 arm64
  An alternative on screen keyboard for Phosh

phototonic/stable 2.1-4+b1 arm64
  image viewer and organizer

pinentry-x2go/stable 0.7.5.10-1+b3 arm64
  OpenPGP (smart)card authentication dialog window for X2Go Client

purifyeps/stable 1.1-3 all
  creates EPS files usable in TeX and pdfTeX

pyhoca-cli/stable 0.6.1.3-1 all
  Command line X2Go client written in Python

python-pyopencl-doc/stable 2025.1-1 all
  module to access OpenCL parallel computation API (documentation)

python-x2go-doc/stable 0.6.1.4-1 all
  Python module providing X2Go client API (documentation)

python3-aioice/stable 0.10.1-1 all
  implementation of ICE

python3-aiortc/stable 1.11.0-1 arm64
  implementation of WebRTC and ORTC

python3-aiortc-doc/stable 1.11.0-1 all
  implementation of WebRTC and ORTC - documentation

python3-aiortsp/stable 1.4.0-1 all
  Asyncio-based RTSP library

python3-clap/stable 0.14.0-3 all
  command line arguments parser

python3-colorama/stable 0.4.6-4 all
  Cross-platform colored terminal text in Python - Python 3.x

python3-cykhash/stable 2.0.0-3+b4 arm64
  cython wrapper for khash-sets/maps, efficient implementation of isin and unique

python3-django-templated-email/stable 3.0.0-2 all
  Django module to easily send templated emails

python3-faadelays/stable 2023.9.1-2 all
  Python package to access FAA airport status data

python3-go2rtc-client/stable 0.2.1-1 all
  Asynchronous client for communication with a go2rtc server

python3-isoduration/stable 20.11.0+git20211126.ae0bd61-2 all
  Operations with ISO 8601 durations (Python 3 package)

python3-liblnk/stable 20240423-1 arm64
  Windows Shortcut File format access library -- Python 3 bindings

python3-pkcs11/stable 0.7.0-1+b5 arm64
  high level PKCS#11 interface for Python

python3-plumbum/stable 1.9.0-1 all
  library for writing shell script-like programs in Python 3

python3-pykcs11/stable 1.5.17-1+b2 arm64
  PKCS#11 wrapper for Python

python3-pyopencl/stable 2025.1-1 arm64
  Python 3 module to access OpenCL parallel computation API

python3-pytest-filter-subpackage/stable 0.2.0-1 all
  Pytest plugin for filtering based on sub-packages

python3-roman/stable 5.0-1 all
  module for generating/analyzing Roman numerals for Python 3

python3-routes/stable 2.5.1-7 all
  Routing Recognition and Generation Tools for Python 3

python3-rtsp-to-webrtc/stable 0.6.1-2 all
  Python client library for RTSPtoWeb and RTSPtoWebRTC

python3-smartleia/stable 1.0.1-2 all
  LEIA Smartcard reader Python library

python3-sphinx-markdown-tables/stable 0.0.17-1 all
  Sphinx extension for rendering markdown tables (Python 3)

python3-urwid-readline/stable 0.15.1-1 all
  python-urwid textbox widget that supports readline shortcuts

python3-virtualsmartcard/stable 3.3+dfsg-2 all
  Smartcard emulator library in Python

python3-webrtc-models/stable 0.3.0-2 all
  Data classes for WebRTC specification integration

python3-x2go/stable 0.6.1.4-1 all
  Python module providing X2Go client API (Python 3)

qdiskinfo/stable 0.3+git20250416+ds-1 arm64
  CrystalDiskInfo alternative for Linux

qterminal/stable 2.1.0-1 arm64
  Lightweight Qt terminal emulator

quickcal/stable 2.4-1 all
  fast and easy to use calculator with support for filing

quilt-el/stable 0.68-1 all
  simple Emacs interface of quilt

r-cran-farver/stable 2.1.2-1+b1 arm64
  GNU R high performance colour space manipulation

roundcube-plugin-keyboard-shortcuts/stable 3.1-1 all
  keyboard_shortcuts plugin for Roundcube Webmail

roundcube-plugin-thunderbird-labels/stable 1.6.1-1 all
  thunderbird_labels plugin for Roundcube Webmail

ruby-paint/stable 2.2.0-1 all
  terminal paint library with 256 color and effect support

ruby-slim/stable 5.2.1-1 all
  powerful (X)HTML templating engine with an elegant syntax

scute/stable 1:1.7.0+git20240826+8331f37-1 arm64
  OpenPGP smartcard plugin for Mozilla Network Security Services

setzer/stable 65-1 all
  simple yet full-featured LaTeX editor

simple-whip-client/stable 0.0~git20240308-1+b1 arm64
  simple GStreamer-based WHIP client

simple-whip-server/stable 0.0~git20240308-1 all
  simple WHIP server using Janus as backend

smartmontools/stable 7.4-3 arm64
  control and monitor storage systems using S.M.A.R.T.

snowflake-client/stable 2.5.1-1+b16 arm64
  WebRTC pluggable transport for Tor (client)

snowflake-proxy/stable 2.5.1-1+b16 arm64
  WebRTC pluggable transport for Tor (proxy)

stterm/stable 0.9.2-1 arm64
  simple terminal emulator for X

swtchr/stable 0.1.2-6+b4 arm64
  Gnome-style window switcher for sway

tcllib/stable 2.0+dfsg-4 all
  Standard Tcl Library

texlive-science/stable 2024.20250309-2 all
  TeX Live: Mathematics, natural sciences, computer science packages

tftp-proxy/stable 1.0.0-1+b10 arm64
  TFTP server that request files not found from an HTTP backend

triehash/stable 0.3-3 all
  Generates perfect hash functions as native machine code

truststore/stable 0.12.1-2+b1 arm64
  Go application for local installation of development certificates

ukui-settings-daemon/stable 4.0.0.2-1 arm64
  daemon handling the UKUI session settings

ukui-settings-daemon-common/stable 4.0.0.2-1 all
  daemon handling the UKUI session settings (common files)

viewpdf.app/stable 1:0.2dfsg1-9 arm64
  Portable Document Format (PDF) viewer for GNUstep

vsmartcard-vpcd/stable 3.3+dfsg-2+b1 arm64
  Smart card reader driver for PCSC-lite

vsmartcard-vpicc/stable 3.3+dfsg-2 all
  Smartcard emulator in Python

vym/stable 2.9.31-1 arm64
  mindmapping tool

wifi-qr/stable 0.4-1 all
  Wi-Fi password share via QR codes

x2goclient/stable 4.1.2.3-4 arm64
  X2Go Client application (Qt5)

x2godesktopsharing/stable 3.2.0.0-2+b3 arm64
  Share X11 desktops with other users via X2Go

x2gokdriveclient/stable 0.0.0.1-2 arm64
  KDrive graphical client backend for X2Go Client

x2goserver/stable 4.1.0.6-1.1+b2 arm64
  X2Go Server

x2goserver-common/stable 4.1.0.6-1.1 all
  X2Go Server (common files)

x2goserver-desktopsharing/stable 4.1.0.6-1.1 all
  Share X11 desktops with other users via X2Go

x2goserver-extensions/stable 4.1.0.6-1.1 all
  X2Go Server (extension support)

x2goserver-fmbindings/stable 4.1.0.6-1.1 all
  X2Go Server (file manager bindings)

x2goserver-printing/stable 4.1.0.6-1.1 all
  X2Go Server (printing support)

x2goserver-xsession/stable 4.1.0.6-1.1 all
  X2Go Server (Xsession runner)

x2gothinclient-cdmanager/stable 1.5.0.1-10.2 arm64
  clientside daemon enabling automatic CD-Rom mounting

x2gothinclient-chroot/stable 1.5.0.1-10.2 all
  Install X2Go Thin Client chroot (metapackage)

x2gothinclient-common/stable 1.5.0.1-10.2 all
  X2Go thin client environment (common files)

x2gothinclient-displaymanager/stable 1.5.0.1-10.2 all
  login daemon starting x2goclient in displaymanager mode

x2gothinclient-management/stable 1.5.0.1-10.2 all
  Management tools for X2Go Thin Client chroot server

x2gothinclient-minidesktop/stable 1.5.0.1-10.2 all
  Minimal desktop for X2Go Thin Client chroot (based on MATE)

x2gothinclient-smartcardrules/stable 1.5.0.1-10.2 all
  UDEV rules for smartcard readers

x2gothinclient-usbmount/stable 1.5.0.1-10.2 all
  clientside usb mass-storage device mounting

xfce4-appfinder/stable 4.20.0-2 arm64
  Application finder for the Xfce4 desktop environment

xfce4-settings/stable 4.20.1-1 arm64
  graphical application for managing Xfce settings

xserver-x2gokdrive/stable 0.0.0.3-2 arm64
  KDrive graphical server backend for X2Go Server

yakuake/stable 25.04.0-1 arm64
  Quake-style terminal emulator based on KDE Konsole technology

yeahconsole/stable 0.3.4-6.1 arm64
  drop-down X terminal emulator wrapper

yojson-tools/stable 2.2.2-1+b2 arm64
  JSON library for OCaml - tools

yt-dlp/stable 2025.04.30-1 all
  downloader of videos from YouTube and other sites

