
WARNING: apt does not have a stable CLI interface. Use with caution in scripts.

Sorting...
Full Text Search...
brickos/stable 0.9.0.dfsg-15 arm64
  alternative OS for LEGO(r) Mindstorms RCX supporting C/C++

brickos-doc/stable 0.9.0.dfsg-15 all
  documentation for brickOS an Alternative OS for the RCX

golang-github-xenolf-lego-dev/stable 4.9.1-2 all
  Let's Encrypt ACME library

ldraw-mklist/stable 2502+dfsg-2 arm64
  LDraw mklist program

ldraw-parts-free/stable 2502+dfsg-2 all
  LDraw parts library

lego/stable 4.9.1-2 arm64
  Let's Encrypt client

leocad/stable 23.03-3 arm64
  virtual brick CAD software

libcoq-relation-algebra/stable 1.7.11-1+b7 arm64
  relation algebra for Coq

libcryptokit-ocaml/stable 1.20.1-1+b4 arm64
  cryptographic algorithm library for OCaml - runtime

libcryptokit-ocaml-dev/stable 1.20.1-1+b4 arm64
  cryptographic algorithm library for OCaml - development

libnxt/stable 0.5.2-1 arm64
  utility library for talking to the LEGO Mindstorms NXT brick

nbc/stable 1.2.1.r4+dfsg-14 arm64
  C compiler for LEGO Mindstorms NXT bricks

nqc/stable 3.1.r6-13 arm64
  Not Quite C compiler for LEGO Mindstorms RCX

nxt-firmware/stable 1.29.7-6 all
  Improved firmware for LEGO Mindstorms NXT bricks

python3-nxt/stable 3.5.1-1 all
  Python driver/interface/wrapper for the LEGO Mindstorms NXT robot

t2n/stable 0.7-2+b1 arm64
  Simple command-line tool for LEGO Mindstorms NXT

yt-dlp/stable 2025.04.30-1 all
  downloader of videos from YouTube and other sites

