
WARNING: apt does not have a stable CLI interface. Use with caution in scripts.

Sorting...
Full Text Search...
acm/stable 6.0+20200416-1.2 arm64
  Multi-player classic aerial combat simulation

ardour/stable 1:8.12.0+ds-1 arm64
  the digital audio workstation

bash/stable,now 5.2.37-2+b9 arm64 [installed]
  GNU Bourne Again SHell

btscanner/stable 2.1-9+b1 arm64
  ncurses-based scanner for Bluetooth devices

cl-ieee-floats/stable 20170830-1.1 all
  Common Lisp IEEE-754 float en- and decoding

darts/stable 0.32-20+b1 arm64
  C++ Template Library for implementation of Double-Array

dvbackup/stable 1:0.0.4-11 arm64
  backup tool using MiniDV camcorders

dvgrab/stable 3.5+git20250306.8e1f93d-1 arm64
  grab digital video data via IEEE1394 and USB links

ffado-dbus-server/stable 2.4.9-2 arm64
  FFADO D-Bus server

ffado-mixer-qt4/stable 2.4.9-2 all
  FFADO D-Bus mixer applets

ffado-tools/stable 2.4.9-2 arm64
  FFADO debugging and firmware tools

gambc/stable 4.9.3-1.4 arm64
  Gambit Scheme interpreter and compiler

golang-bitbucket-creachadair-shell-dev/stable 0.0.8-2 all
  implements basic shell command-line splitting for Go (library)

golang-github-mdlayher-ethernet-dev/stable 0.0~git20220221.529eae5-1 all
  Marshaling and unmarshaling of Ethernet frames and VLAN tags

golang-github-mdlayher-wifi-dev/stable 0.4.0-1 all
  access to IEEE 802.11 Wi-Fi device actions and statistics (library)

golang-github-x448-float16-dev/stable 0.8.4-3 all
  IEEE 754 half-precision format (library)

golang-github-youpy-go-wav-dev/stable 0.3.0+ds-1.1 all
  Go library to read/write WAVE(RIFF waveform Audio) Format

gplcver/stable 2.12a-3 arm64
  Verilog simulator

haskell-cracknum-utils/stable 3.4-1 arm64
  crack various integer, floating-point data formats

hinawa-utils/stable 0.4.0-1 all
  Utilities to control Audio and Music units on FireWire (IEEE1394)

horst/stable 5.1-3+b1 arm64
  Highly Optimized Radio Scanning Tool

hostapd/stable 2:2.10-24 arm64
  access point and authentication server for Wi-Fi and Ethernet

ieee-data/stable 20240722 all
  OUI and IAB listings

iverilog/stable 12.0-2+b2 arm64
  Icarus verilog compiler

ksh93u+m/stable 1.0.10-2 arm64
  AT&T KornShell

libavc1394-0/stable,now 0.5.4-5+b2 arm64 [installed,automatic]
  control IEEE 1394 audio/video devices

libavc1394-dev/stable 0.5.4-5+b2 arm64
  control IEEE 1394 audio/video devices (development files)

libavc1394-tools/stable 0.5.4-5+b2 arm64
  control IEEE 1394 audio/video devices (utilities)

libcneartree-dev/stable 5.1.1+dfsg1-2.1+b1 arm64
  Library and headers for solving the Nearest Neighbor Problem

libcneartree7t64/stable 5.1.1+dfsg1-2.1+b1 arm64
  Library for solving the Nearest Neighbor Problem

libdata-ieee754-perl/stable 0.02-2 all
  Perl module to pack and unpack big-endian IEEE754 floats and doubles

libdc1394-25/stable 2.2.6-5 arm64
  high level programming interface for IEEE 1394 digital cameras

libdc1394-dev/stable 2.2.6-5 arm64
  high level programming interface for IEEE 1394 digital cameras - development

libdc1394-doc/stable 2.2.6-5 all
  high level programming interface for IEEE 1394 digital cameras - documentation

libdc1394-utils/stable 2.2.6-5 arm64
  utilities for IEEE 1394 digital cameras

libdouble-conversion-dev/stable 3.3.1-1 arm64
  routines to convert IEEE floats to and from strings (development files)

libdouble-conversion3/stable,now 3.3.1-1 arm64 [installed,automatic]
  routines to convert IEEE floats to and from strings

libdsfmt-11213-1/stable 2.2.3+dfsg-6 arm64
  dSFMT-11213 pseudorandom number generator (shared library)

libdsfmt-1279-1/stable 2.2.3+dfsg-6 arm64
  dSFMT-1279 pseudorandom number generator (shared library)

libdsfmt-132049-1/stable 2.2.3+dfsg-6 arm64
  dSFMT-132049 pseudorandom number generator (shared library)

libdsfmt-19937-1/stable 2.2.3+dfsg-6 arm64
  dSFMT-19937 pseudorandom number generator (shared library)

libdsfmt-216091-1/stable 2.2.3+dfsg-6 arm64
  dSFMT-216091 pseudorandom number generator (shared library)

libdsfmt-2203-1/stable 2.2.3+dfsg-6 arm64
  dSFMT-2203 pseudorandom number generator (shared library)

libdsfmt-4253-1/stable 2.2.3+dfsg-6 arm64
  dSFMT-4253 pseudorandom number generator (shared library)

libdsfmt-44497-1/stable 2.2.3+dfsg-6 arm64
  dSFMT-44497 pseudorandom number generator (shared library)

libdsfmt-521-1/stable 2.2.3+dfsg-6 arm64
  dSFMT-521 pseudorandom number generator (shared library)

libdsfmt-86243-1/stable 2.2.3+dfsg-6 arm64
  dSFMT-86243 pseudorandom number generator (shared library)

libdsfmt-dev/stable 2.2.3+dfsg-6 arm64
  dSFMT pseudorandom number generator (development files)

libffado-dev/stable 2.4.9-2 arm64
  FFADO API - development files

libffado2/stable,now 2.4.9-2 arm64 [installed,automatic]
  FFADO API

libflorist-dev/stable 2025.1.0-2 arm64
  POSIX.5 Ada interface to operating system services: development

libflorist2021.1/stable 2025.1.0-2 arm64
  POSIX.5 Ada interface to operating system services: shared library

libfp16-dev/stable 0.0~git20200514.4dfe081-5 arm64
  Conversion to/from half-precision floating point formats

libghc-data-binary-ieee754-dev/stable 0.4.4-13+b1 arm64
  parser/serialiser for IEEE-754 floating-point values

libghc-data-binary-ieee754-doc/stable 0.4.4-13 all
  parser/serialiser for IEEE-754 floating-point values; documentation

libghc-data-binary-ieee754-prof/stable 0.4.4-13+b1 arm64
  parser/serialiser for IEEE-754 floating-point values; profiling libraries

libghc-ieee754-dev/stable 0.8.0-7+b1 arm64
  Utilities for dealing with IEEE floating point numbers

libghc-ieee754-doc/stable 0.8.0-7 all
  Utilities for dealing with IEEE floating point numbers; documentation

libghc-ieee754-prof/stable 0.8.0-7+b1 arm64
  Utilities for dealing with IEEE floating point numbers; profiling libraries

libghc-libbf-dev/stable 0.6.8-1+b1 arm64
  Binding to the libBF library

libghc-libbf-doc/stable 0.6.8-1 all
  Binding to the libBF library; documentation

libghc-libbf-prof/stable 0.6.8-1+b1 arm64
  Binding to the libBF library; profiling libraries

libhalf-dev/stable 2.2.0-1 all
  C++ library for half precision floating point arithmetics

libhinawa-dev/stable 4.0.2-4 arm64
  I/O library for IEEE 1394 asynchronous transactions (development file)

libhinawa4/stable 4.0.2-4 arm64
  I/O library for IEEE 1394 asynchronous transaction

libhinoko-dev/stable 1.0.3-2 arm64
  I/O library for IEEE 1394 isochronous communication (development files)

libhinoko1/stable 1.0.3-2 arm64
  I/O library for IEEE 1394 isochronous communication

libhitaki-dev/stable 0.2.1-4 arm64
  Library to operate ALSA HwDep device for ALSA firewire stack (development files)

libhitaki0/stable 0.2.1-4 arm64
  Library to operate ALSA HwDep device for ALSA firewire stack

libiec61883-0/stable,now 1.2.0-7 arm64 [installed,automatic]
  partial implementation of IEC 61883 (shared lib)

libiec61883-dev/stable 1.2.0-7 arm64
  partial implementation of IEC 61883 (devel)

libieee1284-3-dev/stable 0.2.11-14.1+b1 arm64
  cross-platform library for parallel port access [development files]

libieee1284-3t64/stable 0.2.11-14.1+b1 arm64
  cross-platform library for parallel port access

libintelrdfpmath-dev/stable 2.0u3-1 arm64
  Intel Decimal Floating-Point Math Library

liblldpctl-dev/stable 1.0.18-1+b2 arm64
  implementation of IEEE 802.1ab (LLDP) - development files

libmpfi-dev/stable 1.5.4+ds-4 arm64
  multiple precision floating-point interval computation library -- libdev

libmpfi-dev-common/stable 1.5.4+ds-4 all
  multiple precision floating-point interval computation library -- headers

libmpfi-doc/stable 1.5.4+ds-4 all
  multiple precision floating-point interval computation library -- doc

libmpfi0/stable 1.5.4+ds-4 arm64
  multiple precision floating-point interval computation library -- lib

libmpfr-dev/stable 4.2.2-1 arm64
  multiple precision floating-point computation developers tools

libmpfr6/stable,now 4.2.2-1 arm64 [installed,automatic]
  multiple precision floating-point computation

libnet-mac-vendor-perl/stable 1.268-1 all
  module to look up the vendor by OUI

libraw1394-11/stable,now 2.1.2-2+b2 arm64 [installed,automatic]
  library for direct access to IEEE 1394 bus (aka FireWire)

libraw1394-dev/stable 2.1.2-2+b2 arm64
  library for direct access to IEEE 1394 bus - development files

libraw1394-doc/stable 2.1.2-2 all
  Reference manual and documentation about libraw1394

libraw1394-tools/stable 2.1.2-2+b2 arm64
  library for direct access to IEEE 1394 bus (aka FireWire)

librust-crc32fast-dev/stable 1.4.2-1 arm64
  Fast, SIMD-accelerated CRC32 (IEEE) checksum computation - Rust source code

librust-eui48-dev/stable 1.1.0-2 arm64
  Generate and parse IEEE EUI-48 and EUI-64, also known as MAC-48 media access control addresses - Rust source code

librust-float-eq-dev/stable 1.0.1-1+b2 arm64
  Compare IEEE floating point primitives, structs and collections for equality - Rust source code

librust-half-dev/stable 2.4.1-2 arm64
  Half-precision floating point f16 and bf16 types for Rust implementing the IEEE 754-2008 standard binary16 and bfloat16 types - Rust source code

libsymfpu-dev/stable 0.0~git20190517.8fbe139-2 all
  Symbolic Floating Point Unit

liburjtag-dev/stable 2024.03.24-1+b1 arm64
  JTAG programmer for various flash parts and boards - devel

liburjtag-o-dev/stable 2021.03-5 arm64
  JTAG programmer for various flash parts and boards - devel

liburjtag-o0/stable 2021.03-5 arm64
  JTAG programmer for various flash parts and boards - library

liburjtag0/stable 2024.03.24-1+b1 arm64
  JTAG programmer for various flash parts and boards - library

libwpa-client-dev/stable 2:2.10-24 arm64
  development files for WPA/WPA2 client support (IEEE 802.11i)

linuxptp/stable 4.2-1+b1 arm64
  Precision Time Protocol (PTP, IEEE1588) implementation for Linux

lldpd/stable 1.0.18-1+b2 arm64
  implementation of IEEE 802.1ab (LLDP)

mdk3/stable 6.0-9 arm64
  Wireless attack tool for IEEE 802.11 networks

mdk4/stable 4.2-5 arm64
  Wireless attack tool for IEEE 802.11 networks

node-ieee754/stable 1.2.1-3 all
  Node.js module to read or write IEEE754 floating point numbers

node-wcwidth.js/stable 1.0.2-2 all
  wcwidth.js is a javascript porting of C's wcwidth()

octave-interval/stable 3.2.1-6+b3 arm64
  real-valued interval arithmetic for Octave

octave-interval-doc/stable 3.2.1-6 all
  real-valued interval arithmetic for Octave (arch-indep files)

opencl-1.2-html-doc/stable 1.0~svn33624-5.1 all
  OpenCL 1.2 documentation - html pages

opencl-1.2-man-doc/stable 1.0~svn33624-5.1 all
  OpenCL 1.2 documentation - man pages (experimental)

openocd/stable 0.12.0-3+b2 arm64
  Open on-chip JTAG/SWD debug solution for embedded target devices

pax/stable 1:20240817-1 arm64
  Portable Archive Interchange (cpio, pax, tar)

plc-utils-doc/stable 0.0.6+git20250517.7fb8ac5-1 all
  Additional documentation from the Atheros Powerline toolkit

plc-utils-extra/stable 0.0.6+git20250517.7fb8ac5-1 arm64
  Extended toolkit for HomePlug Powerline network adapters with Atheros chipsets

posixtestsuite/stable 1.5.2-8+b1 arm64
  POSIX conformance test suite report log

ptpd/stable 2.3.1-debian1-4+b2 arm64
  Precision Time Protocol daemon

python-gfloat-doc/stable 0.3-1 all
  documentation for the gfloat Python library

python3-gfloat/stable 0.3-1 all
  Python module of generic floating point encode/decode logic

python3-hinawa-utils/stable 0.4.0-1 all
  Library to control Audio and Music units on FireWire (IEEE1394)

python3-netaddr/stable 1.3.0-1 all
  manipulation of various common network address notations (Python 3)

python3-pyeclib/stable 1.6.1-2+b1 arm64
  interface for implementing erasure codes - Python 3.x

python3-tlv8/stable 0.10.0-2 all
  Type-Length-Value8 (TLV8) for Python

r-cran-themis/stable 1.0.3-1 all
  GNU R extra recipes steps for dealing with unbalanced data

ruby-uuid/stable 2.3.9-4 all
  UUID generator for Ruby

scm/stable 5f4-3 arm64
  Scheme language interpreter

texlive-bibtex-extra/stable 2024.20250309-2 all
  TeX Live: BibTeX additional styles

texlive-lang-japanese/stable 2024.20250309-1 all
  TeX Live: Japanese

texlive-publishers/stable 2024.20250309-2 all
  TeX Live: Publisher styles, theses, etc.

urjtag/stable 2021.03-5 arm64
  JTAG programmer for various flash parts and boards - binary tools

urjtag-common/stable 2021.03-5 all
  urjtag architecture-independent files

wpan-tools/stable 0.9-1+b1 arm64
  Configure and test 802.15.4 devices

wpasupplicant/stable 2:2.10-24 arm64
  client support for WPA and WPA2 (IEEE 802.11i)

