
WARNING: apt does not have a stable CLI interface. Use with caution in scripts.

Sorting...
Full Text Search...
abpoa/stable 1.5.3-1+b4 arm64
  adaptive banded Partial Order Alignment

allelecount/stable 4.3.0-3 arm64
  NGS copy number algorithms

antlr/stable 2.7.7+dfsg-14 all
  language tool for constructing recognizers, compilers etc

antlr-doc/stable 2.7.7+dfsg-14 all
  language tool for constructing recognizers, compilers etc

antlr3/stable 3.5.3-2 all
  language tool for constructing recognizers, compilers etc

antlr3-maven-plugin/stable 3.5.3-2 all
  Maven plugin for ANTLR 3

any2fasta/stable 0.4.2-2 all
  convert various sequence formats to FASTA

any2fasta-examples/stable 0.4.2-2 all
  convert various sequence formats to FASTA (example data)

autodia/stable 2.14-5 all
  generates Dia UML diagrams from source code, XML or data

backup2l/stable 1.7-1 all
  low-maintenance backup/restore tool

backupninja/stable 1.2.2-1 all
  lightweight, extensible meta-backup system

badger/stable 2.2007.2-4+b7 arm64
  Fast key-value DB in Go.

beancount/stable 3.1.0-3 all
  Double-entry accounting from text files

bio-vcf/stable 0.9.5-3 all
  domain specific language (DSL) for processing the VCF format

cbindgen/stable 0.27.0-1+b4 arm64
  Generates C bindings from Rust code

cc65/stable 2.19-2 arm64
  complete cross development package for 65(C)02 systems

cdecl/stable 2.5-15 arm64
  Turn English phrases to C or C++ declarations

cwl-utils/stable 0.37-1 all
  Utilities for using CWL documents

dataurl/stable 0.0~git20191104.d1553a7-1.1+b17 arm64
  Data URL Schemes in Golang (program)

db5.3-doc/stable 5.3.28+dfsg2-9 all
  Berkeley v5.3 Database Documentation [html]

debian-goodies/stable 0.88.2 all
  Small toolbox-style utilities for Debian systems

devscripts/stable 2.25.15+deb13u1 all
  scripts to make the life of a Debian Package maintainer easier

ding/stable 1.9-9 all
  Graphical dictionary lookup program for Unix (Tk)

dpkg-awk/stable 1.2+nmu3 all
  Gawk script to parse /var/lib/dpkg/{status,available} and Packages

duma/stable 2.5.21-11 arm64
  Detect Unintended Memory Access - A Red-Zone memory allocator

ebnflint/stable 0.0~git20231006.7918f67-2 arm64
  verifies EBNF productions are consistent and grammatically correct

ejabberd-mod-spam-filter/stable 0.2025.01.11~dfsg0-2+deb13u2 arm64
  ejabberd module to filter spam messages based on JID/content

elpa-fountain-mode/stable 3.7.1-3 all
  Emacs major mode for screenwriting in Fountain markup

elpa-lsp-mode/stable 9.0.0-2 all
  Emacs client/library for the Language Server Protocol

elpa-tp/stable 0.7-1 all
  Utilities for transient menus that POST to an API

fbset/stable 2.1-34 arm64
  framebuffer device maintenance program

fceux/stable 2.6.5+dfsg1-2+b2 arm64
  all-in-one NES/Famicom Emulator

fonts-gfs-solomos/stable 1.1-6 all
  ancient Greek oblique font

fonts-noto-unhinted/stable 20201225-2 all
  "No Tofu" font families with large Unicode coverage (unhinted)

fonts-sil-shimenkan-gsm/stable 1.000-3 all
  Miao (Pollard) fonts for Gepo / Bai Yi [ygp]

fonts-sil-shimenkan-guifan/stable 1.000-3 all
  Miao (Pollard) fonts for Large Flowery Miao, normalised orthography [hmdd]

fonts-sil-shimenkan-mas/stable 1.000-3 all
  Miao (Pollard) fonts for Small Flowery Miao / Xiaohua Miao [sfm]

fonts-sil-shimenkan-mgs/stable 1.000-3 all
  Miao (Pollard) fonts for Sinicized Miao / Waishu Miao / Hmong Shua [hmz]

fonts-sil-shimenkan-salaowu/stable 1.000-3 all
  Miao (Pollard) fonts for Wuding-Luquan Yi / Hei Yi / Nasu [ywqa]

fonts-sil-shimenkan-sapushan/stable 1.000-3 all
  Miao (Pollard) fonts for Large Flowery Miao / Dahua Miao / A-Hmao [hmd]

fonts-sil-shimenkan-taogu/stable 1.000-3 all
  Miao (Pollard) fonts for Lipo / Dong Lisu [lpo]

fonts-sil-shimenkan-zonghe/stable 1.000-3 all
  Miao (Pollard) fonts for Aluo / Gan Yi [yna]

garlic-doc/stable 1.6-2 all
  [Chemistry] a molecular visualization program - documents

geany-plugin-autoclose/stable 2.0-6+b1 arm64
  auto-closing plugin for Geany

gem-extra/stable 1:0.94-8+b5 arm64
  Graphics Environment for Multimedia - extra objects

gfal2-plugin-http/stable 2.23.2-1 arm64
  Provides HTTP and DAV support for gfal2

glgrib-egl/stable 1.0-4+b3 arm64
  Render geophysical fields encoded in GRIB edition 2 using OpenGL

glgrib-glfw/stable 1.0-4+b3 arm64
  Interactive display for geophysical fields encoded in GRIB2

go-bluetooth/stable 5.60-3+b15 arm64
  Golang bluetooth client based on bluez DBus interfaces (program)

golang-debian-mdosch-xmppsrv-dev/stable 0.3.3-1 all
  Look up XMPP SRV records (library)

golang-github-aelsabbahy-gonetstat-dev/stable 0.0~git20160428.0.edf89f7-4 all
  Netstat implementation in Go

golang-github-alecthomas-mango-kong-dev/stable 0.1.0-2 all
  Mango (man page generator) integration for Kong (library)

golang-github-alecthomas-repr-dev/stable 0.4.0-1 all
  Python's repr() for Go

golang-github-armon-consul-api-dev/stable 0.0~git20150107.0.dcfedd5-4.1 all
  [DEPRECATED] Golang API client for Consul

golang-github-bep-tmc-dev/stable 0.5.1-3 all
  provides round-trip serialization of typed Go maps

golang-github-bits-and-blooms-bitset-dev/stable 1.13.0-1 all
  implementation of bitsets

golang-github-bmatsuo-lmdb-go-dev/stable 1.8.0+git20170215.a14b5a3-4 all
  Bindings for the LMDB C library

golang-github-brentp-gsort-dev/stable 0.1.4-3 all
  library package for gsort

golang-github-calmh-randomart-dev/stable 1.1.0-2 all
  generates OpenSSH-style randomart (Go library)

golang-github-charmbracelet-keygen-dev/stable 0.1.2-2 all
  SSH key pair generator (Go library)

golang-github-clbanning-mxj-dev/stable 2.7.0-1 all
  mxj - to/from maps, XML and JSON (Go library)

golang-github-containerd-typeurl-dev/stable 2.1.1-3 all
  Go package for managing marshaled types to protobuf.Any

golang-github-containernetworking-plugins-dev/stable 1.1.1+ds1-3 all
  standard networking plugins - sources

golang-github-coreos-go-json-dev/stable 0.0~git20200220.5ae6071-2 all
  Go's encoding/json library plus Node struct support (library)

golang-github-creasty-defaults-dev/stable 1.7.0-1 all
  Initialize structs with default values (library)

golang-github-dgraph-io-badger-dev/stable 2.2007.2-4 all
  Fast key-value DB in Go - development files for embedding.

golang-github-disposaboy-jsonconfigreader-dev/stable 0.0~git20171218.5ea4d0d-2 all
  proxy for golang's io.Reader allowing you to use json as a config format

golang-github-farsightsec-go-nmsg-dev/stable 0.3.0-1 all
  Go implementation of the nmsg network message encapsulation library

golang-github-fatih-structs-dev/stable 1.0.0-1.1 all
  Utilities for Go structs

golang-github-go-ini-ini-dev/stable 1.67.0-1 all
  Go package for control of INI file

golang-github-go-resty-resty-dev/stable 2.10.0-2 all
  Simple HTTP and REST client library for Go

golang-github-go-viper-mapstructure-dev/stable 2.2.1-1 all
  decode generic map values into native Go structures and vice versa (library)

golang-github-google-gnostic-models-dev/stable 0.6.8-3 all
  Protocol buffer models for gnostic

golang-github-gorilla-handlers-dev/stable 1.5.2-1 all
  collection of useful handlers for Go's net/http package

golang-github-gowebpki-jcs-dev/stable 1.0.1-3 all
  JSON canonicalization scheme library based on RFC 8785 (Go library)

golang-github-jackc-pgio-dev/stable 1.0.0-2 all
  low-level toolkit building messages in the PostgreSQL wire protocol

golang-github-jeffail-gabs-dev/stable 2.3.0-1 all
  For parsing, creating and editing unknown or dynamic JSON in Go

golang-github-kardianos-osext-dev/stable 0.0~git20190222.2bc1f35-3 all
  Extend "os" package with Executable and ExecutableFolder

golang-github-leonelquinteros-gotext-dev/stable 1.5.0-3 all
  Go GNU gettext utilities package (library)

golang-github-liggitt-tabwriter-dev/stable 0.0~git20181228.89fcab3-2 all
  Drop in replacement for golang text/tabwriter (library)

golang-github-lucasb-eyer-go-colorful-dev/stable 1.2.0-1 all
  Library for handling color spaces in Go

golang-github-miscreant-miscreant.go-dev/stable 0.0~git20200214.26d3763-3 all
  misuse-resistant encryption library

golang-github-mitchellh-mapstructure-dev/stable 1.5.0+git20231216.8508981-1 all
  library for decoding generic map values into native Go structures

golang-github-muesli-ansi-dev/stable 0.0~git20211031.c9f0611-2 all
  raw ANSI sequence helpers for Go

golang-github-muesli-goprogressbar-dev/stable 0.2.0-2 all
  Print progress bars on the console with Go

golang-github-muka-go-bluetooth-dev/stable 5.60-3 all
  Golang bluetooth client based on bluez DBus interfaces (library)

golang-github-multiformats-go-base32-dev/stable 0.1.0-1.1 all
  base32 encoding package from go with NoPadding option (library)

golang-github-munnerz-goautoneg-dev/stable 0.0~git20191010.a7dc8b6-2 all
  golang functions for HTTP Content-Type autonegotiation (library)

golang-github-ngaut-go-zookeeper-dev/stable 0.0~git20150813.0.9c3719e-7 all
  Native ZooKeeper client for Go

golang-github-nozzle-throttler-dev/stable 1.1-4 all
  Fill the gap between WaitGroup and manually monitor goroutines with channels

golang-github-patrickmn-go-cache-dev/stable 2.1.0-1.1 all
  in-memory key:value store/cache (similar to Memcached)

golang-github-pierrec-lz4-dev/stable 4.1.18-1 all
  LZ4 compression and decompression in pure Go

golang-github-pion-stun-dev/stable 0.6.1-1 all
  Go implementation of STUN

golang-github-pmylund-go-cache-dev/stable 0.0~git20150304-2 all
  Go library for in-memory key/value store similar to memcached

golang-github-rfjakob-eme-dev/stable 1.1.2-1 all
  EME wide-block encryption for Go

golang-github-rickb777-date-dev/stable 1.20.1-1 all
  Go package for working with dates (library)

golang-github-robfig-go-cache-dev/stable 0.0.0+git20130306.9fc39e0-4 all
  in-memory key:value store/cache library for Go

golang-github-ssor-bom-dev/stable 0.0~git20170718.0.6386211-5 all
  small Go library to clean bom from byte array or reader

golang-github-stretchr-objx-dev/stable 0.5.2-1 all
  Go package for dealing with maps, slices, JSON and other data

golang-github-tdewolff-argp-dev/stable 0.0~git20240625.87b04d5-1 all
  GNU command line argument parser (Go library)

golang-github-valyala-fastjson-dev/stable 1.6.4-1 all
  fast JSON parser and validator for Go (library)

golang-github-vincent-petithory-dataurl-dev/stable 0.0~git20191104.d1553a7-1.1 all
  Data URL Schemes in Golang (library)

golang-github-yalue-merged-fs-dev/stable 1.3.0-1.1 all
  compose multiple Go filesystems

golang-gopkg-xmlpath.v2-dev/stable 0.0~git20150820.0.860cbec-5.1 all
  strict subset of the XPath specification for the Go language

golang-webpki-org-jsoncanonicalizer-dev/stable 1.0.1-3 all
  Golang library for a JCS (RFC 8785) compliant JSON canonicalizer

haskell-groom-utils/stable 0.1.2.1-2 arm64
  Pretty printing for well-behaved Show instances

hd-idle/stable 1.21+ds-1+b8 arm64
  Spin down idle [USB] hard disks

hostapd/stable 2:2.10-24 arm64
  access point and authentication server for Wi-Fi and Ethernet

htag/stable 0.0.24-2 all
  tagline/.signature adder for email, news and FidoNet messages

interimap/stable 0.5.8-1 all
  Fast bidirectional synchronization for QRESYNC-capable IMAP servers

iptables-converter/stable 0.9.11-0.1 all
  convert iptables-commands from a file to iptables-save format

iptables-converter-doc/stable 0.9.11-0.1 all
  convert iptables-commands from a file to iptables-save format - doc

irssi-scripts/stable 20231031 all
  collection of scripts for irssi

ispell/stable 3.4.06-1+b1 arm64
  International Ispell (an interactive spelling corrector)

itcl3/stable 3.4.4-3 arm64
  [incr Tcl] OOP extension for Tcl - run-time files

itcl3-dev/stable 3.4.4-3 arm64
  [incr Tcl] OOP extension for Tcl - development files

itcl3-doc/stable 3.4.4-3 all
  [incr Tcl] OOP extension for Tcl - manual pages

itk3/stable 3.4.2-5 arm64
  [incr Tk] OOP extension for Tk - run-time files

itk3-dev/stable 3.4.2-5 arm64
  [incr Tk] OOP extension for Tk - development files

itk3-doc/stable 3.4.2-5 all
  [incr Tk] OOP extension for Tk - manual pages

iwidgets4/stable 4.1.1-4 all
  [incr Widgets] Tk-based widget collection - run-time files

iwidgets4-doc/stable 4.1.1-4 all
  [incr Widgets] Tk-based widget collection - man pages

javacc/stable 7.0.13-1 all
  Parser generator for use with Java

javacc-doc/stable 7.0.13-1 all
  Documentation for the JavaCC Parser Generator

javacc4/stable 4.0-3 all
  Parser generator for use with Java

javacc4-doc/stable 4.0-3 all
  Documentation for the JavaCC Parser Generator

javacc5/stable 5.0-11 all
  Parser generator for use with Java

javacc5-doc/stable 5.0-11 all
  Documentation for the JavaCC Parser Generator

karma-tools/stable 0.1.2-11 arm64
  Rio Karma access library [tools]

kea/stable 2.6.3-1+deb13u1 all
  DHCP server [meta]

kraken2/stable 2.1.3-1+b1 arm64
  taxonomic classification system using exact k-mer matches

kyotocabinet-doc/stable 1.2.80-2 all
  Straightforward implementation of DBM - docs

libaec0/stable 1.1.3-1+b1 arm64
  Adaptive Entropy Coding library

libagrep-ocaml/stable 1.1-1+b2 arm64
  Wu-Manber algorithm for string searching with errors

libagrep-ocaml-dev/stable 1.1-1+b2 arm64
  Wu-Manber algorithm for string searching with errors

liballelecount-perl/stable 4.3.0-3 all
  Perl interface to NGS copy number algorithms

libandroid-json-java/stable 10.0.0+r36-1 all
  Android rewrite of the evil licensed json.org

libandroid-json-org-java/stable 20121204-20090211-6 all
  androids rewrite of the evil licensed json.org

libantlr-dev/stable 2.7.7+dfsg-14 arm64
  language tool for constructing recognizers, compilers etc

libantlr-java/stable 2.7.7+dfsg-14 all
  language tool for constructing recognizers, compilers etc (java library)

libantlr3-runtime-java/stable 3.5.3-2 all
  Runtime library for ANTLR 3

libantlr3c-dev/stable 3.4+dfsg-4+b2 arm64
  ANTLR v3 parser generator C runtime [development files]

libapache2-mod-authnz-pam/stable 1.2.3-1+b1 arm64
  PAM authorization checker and PAM Basic Authentication provider

libauthen-sasl-scram-perl/stable 0.04-2 all
  SCRAM-SHA-1/256/512 support for Perl library Authen::SASL

libautobox-core-perl/stable 1.33-2 all
  module providing automatic methods for core functions

libbiojava4-java-doc/stable 4.2.12+dfsg-8 all
  [Biology] Documentation for BioJava

libbiojava6-java-doc/stable 6.1.0+dfsg-5 all
  [Biology] Documentation for BioJava 6

libbsd-arc4random-perl/stable 1.50-8+b4 arm64
  CPAN's BSD::arc4random -- Perl bindings for arc4random

libcaf-mpich-3t64/stable 2.10.2+ds-4 arm64
  Co-Array Fortran libraries  (MPICH)

libcaf-openmpi-3t64/stable 2.10.2+ds-4 arm64
  Co-Array Fortran libraries  (OpenMPI)

libcatalyst-plugin-compress-perl/stable 0.5-1.1 all
  Catalyst plugin to compress the response

libcoarrays-dev/stable 2.10.2+ds-4 arm64
  Co-Array Fortran libraries

libcoarrays-mpich-dev/stable 2.10.2+ds-4 arm64
  Co-Array Fortran libraries for - development files (MPICH)

libcoarrays-openmpi-dev/stable 2.10.2+ds-4 arm64
  Co-Array Fortran libraries  - development files (OpenMPI)

libcommons-lang-java/stable 2.6-10+deb13u1 all
  Commons Lang - an extension of the java.lang package

libcommons-lang-java-doc/stable 2.6-10+deb13u1 all
  Documentation for Commons Lang - an extension of the java.lang package

libconfig-file-perl/stable 1.54-2 all
  simple configuration file parsing module

libconfig-model-itself-perl/stable 2.025-1 all
  graphical model or schema editor for Config::Model

libcpan-uploader-perl/stable 0.103018-1 all
  module to upload packages to the CPAN

libcrypt-passwdmd5-perl/stable 1.42-2 all
  interoperable MD5-based crypt() for Perl

libdata-methodproxy-perl/stable 0.05-1 all
  module to inject dynamic data into static data

libdata-priority-map-clojure/stable 1.1.0-3 all
  priority maps for Clojure

libdata-stag-perl/stable 0.14-3 all
  module to manipulate Structured Tags datastructures

libdatetime-format-xsd-perl/stable 0.4-2 all
  format DateTime according to xsd:dateTime

libdb-dev/stable 5.3.4 arm64
  Berkeley Database Libraries [development]

libdb1-compat/stable 2.1.3-25+b1 arm64
  Berkeley database routines [glibc 2.0/2.1 compatibility]

libdb5.3++-dev/stable 5.3.28+dfsg2-9 arm64
  Berkeley v5.3 Database Libraries for C++ [development]

libdb5.3++t64/stable 5.3.28+dfsg2-9 arm64
  Berkeley v5.3 Database Libraries for C++ [runtime]

libdb5.3-dbg/stable 5.3.28+dfsg2-9 arm64
  Berkeley v5.3 Database Libraries [debug]

libdb5.3-dev/stable 5.3.28+dfsg2-9 arm64
  Berkeley v5.3 Database Libraries [development]

libdb5.3t64/stable,now 5.3.28+dfsg2-9 arm64 [installed]
  Berkeley v5.3 Database Libraries [runtime]

libdist-zilla-plugin-installguide-perl/stable 1.200014-2 all
  Dist::Zilla plugin to generate installation instructions

libdist-zilla-plugin-makemaker-awesome-perl/stable 0.49-1 all
  Dist::Zilla plugin with more options than [MakeMaker]

libdist-zilla-plugin-podspellingtests-perl/stable 2.007006-1 all
  Backward-compatibility wrapper around Dist::Zilla::Plugin::Test::PodSpelling

libdist-zilla-util-test-kentnl-perl/stable 1.005014-2 all
  Module to write tests for Dist::Zilla plugins

libdsfmt-11213-1/stable 2.2.3+dfsg-6 arm64
  dSFMT-11213 pseudorandom number generator (shared library)

libdsfmt-1279-1/stable 2.2.3+dfsg-6 arm64
  dSFMT-1279 pseudorandom number generator (shared library)

libdsfmt-132049-1/stable 2.2.3+dfsg-6 arm64
  dSFMT-132049 pseudorandom number generator (shared library)

libdsfmt-19937-1/stable 2.2.3+dfsg-6 arm64
  dSFMT-19937 pseudorandom number generator (shared library)

libdsfmt-216091-1/stable 2.2.3+dfsg-6 arm64
  dSFMT-216091 pseudorandom number generator (shared library)

libdsfmt-2203-1/stable 2.2.3+dfsg-6 arm64
  dSFMT-2203 pseudorandom number generator (shared library)

libdsfmt-4253-1/stable 2.2.3+dfsg-6 arm64
  dSFMT-4253 pseudorandom number generator (shared library)

libdsfmt-44497-1/stable 2.2.3+dfsg-6 arm64
  dSFMT-44497 pseudorandom number generator (shared library)

libdsfmt-521-1/stable 2.2.3+dfsg-6 arm64
  dSFMT-521 pseudorandom number generator (shared library)

libdsfmt-86243-1/stable 2.2.3+dfsg-6 arm64
  dSFMT-86243 pseudorandom number generator (shared library)

libdsfmt-dev/stable 2.2.3+dfsg-6 arm64
  dSFMT pseudorandom number generator (development files)

libexpect-ocaml/stable 0.0.6-4+b6 arm64
  Expect-like framework for OCaml

libexpect-ocaml-dev/stable 0.0.6-4+b6 arm64
  Expect-like framework for OCaml - development files

libextutils-makemaker-dist-zilla-develop-perl/stable 0.03-3 all
  Perl module creating bare-bones Makefile.PL files for use with dzil

libfakekey-dev/stable 0.3+git20170516-3 arm64
  library for converting characters to X key-presses [development]

libfakekey-doc/stable 0.3+git20170516-3 all
  library for converting characters to X key-presses [documentation]

libfakekey0/stable 0.3+git20170516-3 arm64
  library for converting characters to X key-presses [runtime]

libformat-human-bytes-perl/stable 0.06-2 all
  Format a bytecount and make it human readable

libformfactor-dev/stable 0.3.1-1+b2 arm64
  computation of scattering form factors - development files

libformfactor0.3.0/stable 0.3.1-1+b2 arm64
  C++ library for the efficient computation of scattering form factors

libgeography-countries-perl/stable 2009041301-2.1 all
  2-letter, 3-letter, and numerical codes for countries.

libgf2x-dev/stable 1.3.0-3 arm64
  Routines for fast arithmetic in GF(2)[x] (development files)

libgf2x3/stable 1.3.0-3 arm64
  Routines for fast arithmetic in GF(2)[x]

libghc-base-unicode-symbols-dev/stable 0.2.4.2-4+b1 arm64
  Unicode alternatives for common functions and operators

libghc-base-unicode-symbols-doc/stable 0.2.4.2-4 all
  Unicode alternatives for common functions and operators; documentation

libghc-base-unicode-symbols-prof/stable 0.2.4.2-4+b1 arm64
  Unicode alternatives for common functions and operators; profiling libraries

libghc-bitwise-dev/stable 1.0.0.1-4+b1 arm64
  fast multi-dimensional unboxed bit packed Bool arrays

libghc-bitwise-doc/stable 1.0.0.1-4 all
  fast multi-dimensional unboxed bit packed Bool arrays; documentation

libghc-bitwise-prof/stable 1.0.0.1-4+b1 arm64
  fast multi-dimensional unboxed bit packed Bool arrays; profiling libraries

libghc-conduit-zstd-dev/stable 0.0.2.0-2+b1 arm64
  Conduit-based ZStd Compression

libghc-conduit-zstd-doc/stable 0.0.2.0-2 all
  Conduit-based ZStd Compression; documentation

libghc-conduit-zstd-prof/stable 0.0.2.0-2+b1 arm64
  Conduit-based ZStd Compression; profiling libraries

libghc-data-default-instances-base-dev/stable 0.1.0.3-1+b1 arm64
  default instances for types in base

libghc-data-default-instances-base-doc/stable 0.1.0.3-1 all
  default instances for types in base; documentation

libghc-data-default-instances-base-prof/stable 0.1.0.3-1+b1 arm64
  default instances for types in base; profiling libraries

libghc-groom-dev/stable 0.1.2.1-2 arm64
  Pretty printing for well-behaved Show instances

libghc-groom-doc/stable 0.1.2.1-2 all
  Pretty printing for well-behaved Show instances; documentation

libghc-groom-prof/stable 0.1.2.1-2 arm64
  Pretty printing for well-behaved Show instances; profiling libraries

libghc-kvitable-dev/stable 1.0.3.0-1+b1 arm64
  Key/Value Indexed Table container and formatting library

libghc-kvitable-doc/stable 1.0.3.0-1 all
  Key/Value Indexed Table container and formatting library; documentation

libghc-kvitable-prof/stable 1.0.3.0-1+b1 arm64
  Key/Value Indexed Table container and formatting library; profiling libraries

libghc-lambdabot-haskell-plugins-dev/stable 5.3.1.2-1+b3 arm64
  Lambdabot Haskell plugins

libghc-lambdabot-haskell-plugins-doc/stable 5.3.1.2-1 all
  Lambdabot Haskell plugins; documentation

libghc-lambdabot-haskell-plugins-prof/stable 5.3.1.2-1+b3 arm64
  Lambdabot Haskell plugins; profiling libraries

libghc-lambdabot-irc-plugins-dev/stable 5.3.1.2-1+b1 arm64
  IRC plugins for lambdabot

libghc-lambdabot-irc-plugins-doc/stable 5.3.1.2-1 all
  IRC plugins for lambdabot; documentation

libghc-lambdabot-irc-plugins-prof/stable 5.3.1.2-1+b1 arm64
  IRC plugins for lambdabot; profiling libraries

libghc-lambdabot-misc-plugins-dev/stable 5.3.1.2-1+b1 arm64
  Lambdabot miscellaneous plugins

libghc-lambdabot-misc-plugins-doc/stable 5.3.1.2-1 all
  Lambdabot miscellaneous plugins; documentation

libghc-lambdabot-misc-plugins-prof/stable 5.3.1.2-1+b1 arm64
  Lambdabot miscellaneous plugins; profiling libraries

libghc-lambdabot-reference-plugins-dev/stable 5.3.1.2-1+b1 arm64
  Lambdabot reference plugins

libghc-lambdabot-reference-plugins-doc/stable 5.3.1.2-1 all
  Lambdabot reference plugins; documentation

libghc-lambdabot-reference-plugins-prof/stable 5.3.1.2-1+b1 arm64
  Lambdabot reference plugins; profiling libraries

libghc-lambdabot-social-plugins-dev/stable 5.3.1.2-1+b1 arm64
  social plugins for Lambdabot

libghc-lambdabot-social-plugins-doc/stable 5.3.1.2-1 all
  social plugins for Lambdabot; documentation

libghc-lambdabot-social-plugins-prof/stable 5.3.1.2-1+b1 arm64
  social plugins for Lambdabot; profiling libraries

libghc-multimap-dev/stable 1.2.1-6+b1 arm64
  maps with multiple values per key

libghc-multimap-doc/stable 1.2.1-6 all
  maps with multiple values per key; documentation

libghc-multimap-prof/stable 1.2.1-6+b1 arm64
  maps with multiple values per key; profiling libraries

libghc-quickcheck-safe-dev/stable 0.1.0.6-5+b1 arm64
  Safe reimplementation of QuickCheck's core

libghc-quickcheck-safe-doc/stable 0.1.0.6-5 all
  Safe reimplementation of QuickCheck's core; documentation

libghc-quickcheck-safe-prof/stable 0.1.0.6-5+b1 arm64
  Safe reimplementation of QuickCheck's core; profiling libraries

libghc-th-desugar-dev/stable 1.15-1+b1 arm64
  functions to desugar Template Haskell

libghc-th-desugar-doc/stable 1.15-1 all
  functions to desugar Template Haskell; documentation

libghc-th-desugar-prof/stable 1.15-1+b1 arm64
  functions to desugar Template Haskell; profiling libraries

libhawtbuf-java/stable 1.11-2 all
  HawtBuf rich byte buffer library

libhdfeos-dev/stable 3.0-1 arm64
  Development files for the HDF-EOS4 library

libhdfeos0t64/stable 3.0-1 arm64
  Earth Observation System extensions to HDF4

libhe5-hdfeos0t64/stable 2:2.0-4+b2 arm64
  Earth Observation System extensions to HDF5

libhighwayhash-dev/stable 0~git20200803.9490b14-4.1+b1 arm64
  Fast strong hash functions: SipHash/HighwayHash (development)

libhighwayhash0t64/stable 0~git20200803.9490b14-4.1+b1 arm64
  Fast strong hash functions: SipHash/HighwayHash (library)

libhtml-tokeparser-simple-perl/stable 3.16-4 all
  Perl module used to tokenize HTML documents

libieee1284-3-dev/stable 0.2.11-14.1+b1 arm64
  cross-platform library for parallel port access [development files]

libjackson2-jr-java/stable 2.14.0-1 all
  JSON library for Java -- standalone data-binding module

libjavatuples-java/stable 1.2-2 all
  Java library for tuples in Java.

libjpeg-dev/stable 1:2.1.5-4 arm64
  Development files for the JPEG library [dummy package]

libjs-cssrelpreload/stable 3.1.0+dfsg+~cs3.1.3-1 all
  JavaScript to load CSS asynchronously

libkarma-dev/stable 0.1.2-11 arm64
  Rio Karma access library [development files]

libkarma0/stable 0.1.2-11 arm64
  Rio Karma access library [runtime files]

libkdtree++-dev/stable 0.7.3-1 all
  C++ template container implementation of kd-tree sorting

libkpathsea-dev/stable 2024.20240313.70630+ds-6 arm64
  TeX Live: path search library for TeX (development part)

libkpathsea6/stable 2024.20240313.70630+ds-6 arm64
  TeX Live: path search library for TeX (runtime part)

liblbfgsb-dev/stable 3.0+dfsg.4-1+b2 arm64
  Limited-memory quasi-Newton bound-constrained optimization (static library)

liblbfgsb-examples/stable 3.0+dfsg.4-1+b2 arm64
  Limited-memory quasi-Newton bound-constrained optimization (examples)

liblbfgsb0/stable 3.0+dfsg.4-1+b2 arm64
  Limited-memory quasi-Newton bound-constrained optimization

liblocale-maketext-fuzzy-perl/stable 0.11-3 all
  Maketext from already interpolated strings

libmatchbox-dev/stable 1.12+git20170224-3 arm64
  shared library for Matchbox Project applications [development]

libmatchbox-doc/stable 1.12+git20170224-3 all
  shared library for Matchbox Project applications [documentation]

libmatchbox1/stable 1.12+git20170224-3 arm64
  shared library for Matchbox Project applications [runtime]

libmath-cartesian-product-perl/stable 1.009-3 all
  generate the Cartesian product of zero or more lists

libmath-vec-perl/stable 1.01-5 all
  Object-Oriented Vector Math Methods in Perl

libmime-base32-perl/stable 1.303-3 all
  Base32 encoder/decoder

libmldbm-sync-perl/stable 0.30-6 all
  Perl module for safe concurrent access to MLDBM databases

libmodule-corelist-perl/stable 5.20250421-1 all
  module to determine modules shipped with perl

libmodule-versions-report-perl/stable 1.06-4 all
  Report versions of all modules in memory

libmojolicious-plugin-templatetoolkit-perl/stable 0.006-2 all
  Template Toolkit renderer plugin for Mojolicious

libmspack-dev/stable 0.11-1.1+b1 arm64
  library for Microsoft compression formats (development files)

libmspack-doc/stable 0.11-1.1 all
  library for Microsoft compression formats (documentation)

libmspack0t64/stable 0.11-1.1+b1 arm64
  library for Microsoft compression formats (shared library)

libmunge-maven-plugin-java/stable 1.0-3 all
  Maven plugin to pre-process Java code

libnet-idn-encode-perl/stable 2.500-5+b1 arm64
  Internationalizing Domain Names in Applications (IDNA)

libnoggit-java/stable 0.8-1 all
  Fast streaming JSON parser for Java

libopencsv-java/stable 5.2-1 all
  opencsv - Library for reading and writing CSV in Java

libopenjson-java/stable 1.0.13-1 all
  rewrite of the evil licensed json.org

libparallel-hashmap-dev/stable 1.4.1+ds-2 all
  header-only hash map implementation

libparse-bbcode-perl/stable 0.15-2 all
  Perl module to parse BBCode and render it as HTML or text

libparsexp-ocaml/stable 0.17.0-1+b2 arm64
  S-expression parsing library (runtime)

libparsexp-ocaml-dev/stable 0.17.0-1+b2 arm64
  S-expression parsing library (development)

libperl-critic-policy-plicease-prohibitarrayassignaref-perl/stable 100.00-2 all
  Perl::Critic policy about not assigning an anonymous arrayref to an array

libplfit-dev/stable 0.9.6+ds-2+b1 arm64
  fitting power-law distributions to empirical data -- development

libplfit0/stable 0.9.6+ds-2+b1 arm64
  fitting power-law distributions to empirical data -- library

libpopt-dev/stable 1.19+dfsg-2 arm64
  lib for parsing cmdline parameters - development files

libpopt0/stable,now 1.19+dfsg-2 arm64 [installed,automatic]
  lib for parsing cmdline parameters

libppx-yojson-conv-ocaml/stable 0.17.0-3+b2 arm64
  [@@deriving] plugin to generate Yojson conversion functions (runtime)

libppx-yojson-conv-ocaml-dev/stable 0.17.0-3+b2 arm64
  [@@deriving] plugin to generate Yojson conversion functions (dev files)

libqca-qt5-2/stable 2.3.10-1 arm64
  libraries for the Qt Cryptographic Architecture [Qt 5]

libqca-qt5-2-dev/stable 2.3.10-1 arm64
  development files for the Qt Cryptographic Architecture [Qt 5]

libqca-qt5-2-plugins/stable 2.3.10-1 arm64
  QCA plugins for libqca2 [Qt 5]

libqca-qt6-2/stable 2.3.10-1 arm64
  libraries for the Qt Cryptographic Architecture [Qt 6]

libqca-qt6-dev/stable 2.3.10-1 arm64
  development files for the Qt Cryptographic Architecture [Qt 6]

libqca-qt6-plugins/stable 2.3.10-1 arm64
  QCA plugins for libqca2 [Qt 6]

libqdbm++-dev/stable 1.8.78-13+b3 arm64
  QDBM Database Libraries for C++ [development] (transitional package)

libqdbm-dev/stable 1.8.78-13+b3 arm64
  QDBM Database Libraries [development]

libqdbm14t64/stable 1.8.78-13+b3 arm64
  QDBM Database Libraries without GDBM wrapper[runtime]

libqdbm3++c2/stable 1.8.78-13+b3 arm64
  QDBM Database Libraries for C++ [runtime] (transitional package)

librandombytes-dev/stable 0~20240318-3 arm64
  Library generating fresh randomness - development files

librandombytes1/stable 0~20240318-3 arm64
  Library generating fresh randomness - shared library

libregexp-optimizer-perl/stable 0.23-3 all
  modules for optimizing regular expressions

librust-asn1-derive-dev/stable 0.20.0-1 arm64
  #[derive] support for asn1 - Rust source code

librust-asn1-rs-dev/stable 0.7.1-1 all
  parser/encoder for ASN.1 BER/DER data - Rust source code

librust-assert-json-diff-dev/stable 2.0.2-7 all
  easily compare two JSON values and get great output - Rust source code

librust-atoi-dev/stable 2.0.0-1+b2 arm64
  Parse integers directly from `[u8]` slices in safe code - Rust source code

librust-byteorder-slice-dev/stable 3.0.0-1+b3 arm64
  Byteorder like crate for &[u8] - Rust source code

librust-cfg-aliases-dev/stable 0.2.1-1 arm64
  Tiny utility to help save you a lot of effort with long winded `#[cfg()]` checks - Rust source code

librust-cfg-if+core-dev/stable 1.0.0-1+b2 arm64
  Macro to ergonomically define an item depending on a large number of #[cfg] parameters - feature "core"

librust-cfg-if-0.1+core-dev/stable 0.1.10-3 arm64
  Macro to ergonomically define an item depending on a large number of #[cfg] parameters - feature "core"

librust-cfg-if-0.1-dev/stable 0.1.10-3 arm64
  Macro to ergonomically define an item depending on a large number of #[cfg] parameters - Rust source code

librust-cfg-if-dev/stable 1.0.0-1+b2 arm64
  Macro to ergonomically define an item depending on a large number of #[cfg] parameters - Rust source code

librust-default-from-serde-dev/stable 0.1.3+0+20250327-1 all
  derive default using #[serde(default)] - Rust source code

librust-derive-more-0.99-dev/stable 0.99.18-2 arm64
  Adds #[derive(x)] macros for more traits - Rust source code

librust-derive-more-dev/stable 1.0.0-2 arm64
  Adds #[derive(x)] macros for more traits - Rust source code

librust-enum-map-derive-dev/stable 0.17.0-1 arm64
  Macros 1.1 implementation of #[derive(Enum)] - Rust source code

librust-fips203-dev/stable 0.4.3-1 arm64
  ML-KEM (Module-Lattice-Based Key-Encapsulation Mechanism) - Rust source code

librust-hex-view-dev/stable 0.1.3-1+b2 arm64
  Easily format a &[u8] as hex - Rust source code

librust-libc-print-dev/stable 0.1.20-1+b2 arm64
  println! and eprintln! macros suitable for #![no_std] - Rust source code

librust-match-cfg-dev/stable 0.1.0-4+b2 arm64
  Convenience macro to ergonomically define an item depending on a large number of `#[cfg]` parameters - Rust source code

librust-no-std-compat-dev/stable 0.4.1-3 arm64
  `#![no_std]` compatibility layer that will make porting your crate to no_std *easy* - Rust source code

librust-rlp-derive-dev/stable 0.1.0-1+b3 arm64
  Derive macro for #[derive(RlpEncodable, RlpDecodable)] - Rust source code

librust-schemars-derive-dev/stable 0.8.21-1 arm64
  Macros for #[derive(JsonSchema)], for use with schemars - Rust source code

librust-serde-derive-dev/stable 1.0.217-1 arm64
  Macros 1.1 #[derive(Serialize, Deserialize)] - Rust source code

librust-test-log-dev/stable 0.2.15-3 arm64
  Replacement of the #[test] attribute that initializes logging and/or tracing infrastructure before running tests - Rust source code

librust-time-dev/stable 0.3.37-1+deb13u1 arm64
  Utilities for working with time-related functions - Rust source code

librust-utf8-iter-dev/stable 1.0.4-1+b1 arm64
  Iterator by char over potentially-invalid UTF-8 in &[u8] - Rust source code

librust-voca-rs-dev/stable 1.15.2-1+b2 arm64
  Manipulating [unicode] strings - Rust source code

librust-wasm-bindgen-macro-dev/stable 0.2.99-1 arm64
  Definition of the `#[wasm_bindgen]` attribute - Rust source code

librust-wasm-bindgen-macro-support-dev/stable 0.2.99-1 arm64
  Implementation of the `#[wasm_bindgen]` attribute - Rust source code

libsane-dev/stable 1.3.1-3+b1 arm64
  API development library for scanners [development files]

libscalar-listify-perl/stable 0.03-4 all
  module that produces an array/arrayref from a scalar value or array ref

libsql-abstract-more-perl/stable 1.43-1 all
  extension of SQL::Abstract with more constructs and more flexible API

libstatistics-test-randomwalk-perl/stable 0.02-3 all
  module to perform a Random Walk statistical test

libstring-glob-permute-perl/stable 0.01-4 all
  Expand {foo,bar,baz}[2-4] style string globs

libstrongswan/stable 6.0.1-6+deb13u6 arm64
  strongSwan utility and crypto library

libstrongswan-extra-plugins/stable 6.0.1-6+deb13u6 arm64
  strongSwan utility and crypto library (extra plugins)

libsz2/stable 1.1.3-1+b1 arm64
  Adaptive Entropy Coding library - SZIP

libtemplate-plugin-digest-md5-perl/stable 0.05-2 all
  interface to the MD5 Algorithm for the Template Toolkit

libtemplate-plugin-ipaddr-perl/stable 0.03-2 all
  plugin handling IP addresses for the Template Toolkit

libterm-progressbar-perl/stable 2.23-1 all
  Perl module to print a progress bar

libtest-diaginc-perl/stable 0.010-2 all
  List modules and versions loaded if tests fail

libtext-names-perl/stable 0.46-2 all
  module for proper name parsing, normalization, recognition and classification

libtfm-dev/stable 0.13.1-2 arm64
  Fast multiple-precision integer library [development files]

libtfm1/stable 0.13.1-2 arm64
  Fast multiple-precision integer library [runtime]

libticables-dev/stable 1.3.6~git20240415.7c4858d+dfsg-1+b1 arm64
  Texas Instruments link cables library [development files]

libticalcs-dev/stable 1.1.10~git20240415.7c4858d+dfsg-1+b1 arm64
  Texas Instruments calculator communication library [development files]

libticonv-dev/stable 1.1.6~git20240415.7c4858d-1+b1 arm64
  Texas Instruments calculators charsets library [development files]

libtie-array-iterable-perl/stable 0.03-2 all
  module allowing creation of iterators for lists and arrays

libtifiles-dev/stable 1.1.8~git20240415.7c4858d-1+b1 arm64
  Texas Instruments calculator files library [development files]

libtokyocabinet-dev/stable 1.4.48-15.1+b1 arm64
  Tokyo Cabinet Database Libraries [development]

libtokyocabinet9t64/stable 1.4.48-15.1+b1 arm64
  Tokyo Cabinet Database Libraries [runtime]

libtommath-dev/stable 1.3.0-1 arm64
  multiple-precision integer library [development files]

libtommath-doc/stable 1.3.0-1 all
  multiple-precision integer library [documentation]

libtommath1/stable 1.3.0-1 arm64
  multiple-precision integer library [runtime]

libui-utilcpp-dev/stable 1.10.4-1 arm64
  UI C++ utility library (development)

libui-utilcpp9t64/stable 1.10.4-1 arm64
  UI C++ utility library (run time)

libunicode-linebreak-perl/stable 0.0.20190101-1+b8 arm64
  UAX #14 Unicode Line Breaking Algorithm

libuser-perl/stable 1.9-1.2 all
  Provides user data in an OS independent manner

libvmime-dev/stable 0.9.2-9 arm64
  C++ mail library (development files)

libvmime1-doc/stable 0.9.2-9 all
  C++ mail library (API documentation)

libvmime1t64/stable 0.9.2-9 arm64
  C++ mail library (runtime library)

libwebinject-perl/stable 1.94-2 all
  Perl Module for testing web services

libxalan-c-dev/stable 1.12-8 arm64
  XSLT processor library for C++ [development]

libxalan-c-doc/stable 1.12-8 all
  XSLT processor library for C++ [development docs]

libxml-struct-perl/stable 0.27-1 all
  represent XML as data structure preserving element order

libxmlrpc-c++9/stable 1.59.03-10 arm64
  Lightweight RPC library based on XML and HTTP [C++ runtime libraries]

libxmlrpc-c++9-dev/stable 1.59.03-10 arm64
  Lightweight RPC library based on XML and HTTP [C++ development libraries]

libxmlrpc-core-c3-dev/stable 1.59.03-10 arm64
  Lightweight RPC library based on XML and HTTP [C development libraries]

libxmlrpc-core-c3t64/stable 1.59.03-10 arm64
  Lightweight RPC library based on XML and HTTP [C runtime libraries]

libxmlrpc-util-dev/stable 1.59.03-10 arm64
  Lightweight RPC library based on XML and HTTP [extra development libraries]

libxmlrpc-util4/stable 1.59.03-10 arm64
  Lightweight RPC library based on XML and HTTP [extra C runtime libraries]

libxqdbm-dev/stable 1.8.78-13+b3 arm64
  QDBM Database Libraries for C++ [development]

libxqdbm3t64/stable 1.8.78-13+b3 arm64
  QDBM Database Libraries for C++ [runtime]

libzdb-dev/stable 3.4.0-3 arm64
  Zild Database Library [devel]

libzdb16/stable 3.4.0-3 arm64
  Zild Database Library [runtime]

libzn-poly-0.9/stable 0.9.2-1+b2 arm64
  Library for polynomial arithmetic in Z/nZ[x]

libzn-poly-dev/stable 0.9.2-1+b2 arm64
  development files for libzn-poly

locales/stable,now 2.41-12+deb13u3 all [installed]
  GNU C Library: National Language (locale) data [support]

nagios-plugins-rabbitmq/stable 1:1.2.0-2.5 all
  Set of Nagios checks useful for monitoring a RabbitMQ server

netmate/stable 0.2.0-12+b2 arm64
  netdude clone that shows pcap dump lines in network header style

netsniff-ng/stable 0.6.9-1 arm64
  Linux network packet sniffer toolkit

node-accepts/stable 1.3.8-2 all
  higher-level content negotiation for Node.js

node-argparse/stable 2.0.1-2 all
  CLI arguments parser for node.js

node-array-equal/stable 1.0.0-4 all
  check if two arrays are equal

node-color-string/stable 1.9.1-2 all
  Parser and generator for CSS color strings

node-commoner/stable 0.15.2+~0.10.8-1 all
  JavaScript transpiler to Node-compatible CommonJS

node-d3-polygon/stable 1.0.6+~1.0.8-1 all
  Operations for two-dimensional polygons

node-exports-loader/stable 4.0.0-1 all
  exports loader module for webpack

node-extsprintf/stable 1.4.1+~1.4.1-2 all
  extended POSIX-style sprintf

node-fast-safe-stringify/stable 2.1.1+~2.3.1-2 all
  Safely and quickly serialize JavaScript objects

node-immutable/stable 4.3.4-1 all
  Immutable Data Collections

node-lazy-property/stable 1.0.0+repack-1 all
  Adds a lazily initialized property to the object

node-plur/stable 4.0.0-2 all
  Pluralize a word

node-posix-character-classes/stable 1.0.0-3 all
  POSIX character classes for creating regular expressions

node-postcss/stable 8.4.49+~cs9.2.32-1 all
  Tool for transforming styles with JS plugins

node-prompts/stable 2.4.2+~cs7.5.11-1 all
  Nodejs lightweight, beautiful and user-friendly interactive prompts

node-qw/stable 1.0.1-3 all
  Quoted word literals

node-rechoir/stable 0.8.0+~0.6.1-2 all
  Node module to require any supported file as a node module

node-simple-swizzle/stable 0.2.2-5 all
  Simply swizzle your arguments

node-strict-uri-encode/stable 2.0.0+~2.0.0-1 all
  stricter URI encode adhering to RFC 3986

node-uniq/stable 1.0.1-2 all
  Node.js module to remove duplicates from a sorted array in place

node-uniqs/stable 2.0.0-5 all
  Tiny utility to create unions and de-duplicated lists

osspd/stable 1.3.3-5 arm64
  OSS Proxy Daemon: Userland OSS emulation

osspd-alsa/stable 1.3.3-5 arm64
  OSS Proxy Daemon: ALSA backend (experimental)

osspd-pulseaudio/stable 1.3.3-5 arm64
  OSS Proxy Daemon: PulseAudio backend

pd-ableton-link/stable 0.6~ds0-7+b1 arm64
  integration of Ableton Link into Pure Data

pd-ambix/stable 0.1.2-1+b2 arm64
  AMBIsonics eXchange objects for Pure Data

pd-arraysize/stable 0.1-10+b1 arm64
  Pd object to report the size of an array

pd-binfile/stable 0.1-1 arm64
  binary file interface for Pd

pd-hid/stable 0.7-7+b1 arm64
  Pd object for getting data from USB HID devices

pd-iemnet/stable 0.3.0-6+b1 arm64
  Pd library for low-level networking (IEM implementation)

pd-iemutils/stable 0.0.20240903-1 arm64
  collection of general purpose objects for Pure Data

pd-jmmmp/stable 0.61-2 all
  collection of Pd GUI objects for musical performance

pd-log/stable 0.1-7+b1 arm64
  small Pure Data library for logging

pd-midifile/stable 0.4.2-1 arm64
  Read and write MIDI files within Pd

pd-mrpeach/stable 0.1~svn17672-9 arm64
  bag of tricks for Pure Data (Pd)

pd-mrpeach-net/stable 0.1~svn17672-9 arm64
  Pd library for low-level networking

pd-pduino/stable 0.8-4 all
  interfacing with the Arduino from within Pure Data (Pd)

pd-pool/stable 0.2.2+git20210923.1.40cb82e-3+b1 arm64
  Hierarchical data storage for Pure Data

pd-syslog/stable 0.1-7+b1 arm64
  syslog facilities for Pd

pd-xbee/stable 0.1~svn17672-9 arm64
  interfacing with your XBee from within Pure Data (Pd)

pd-xsample/stable 0.3.2+git20170905.1.4441ae5-7+b1 arm64
  extended sample objects for Pure Data

php-bcmath/stable 2:8.4+96 all
  Bcmath module for PHP [default]

php-bz2/stable 2:8.4+96 all
  bzip2 module for PHP [default]

php-curl/stable 2:8.4+96 all
  CURL module for PHP [default]

php-enchant/stable 2:8.4+96 all
  Enchant module for PHP [default]

php-gd/stable 2:8.4+96 all
  GD module for PHP [default]

php-gmp/stable 2:8.4+96 all
  GMP module for PHP [default]

php-interbase/stable 2:8.4+96 all
  Interbase module for PHP [default]

php-intl/stable 2:8.4+96 all
  Internationalisation module for PHP [default]

php-json/stable 2:8.4+96 all
  JSON module for PHP [default]

php-ldap/stable 2:8.4+96 all
  LDAP module for PHP [default]

php-mbstring/stable 2:8.4+96 all
  MBSTRING module for PHP [default]

php-mysql/stable 2:8.4+96 all
  MySQL module for PHP [default]

php-odbc/stable 2:8.4+96 all
  ODBC module for PHP [default]

php-pgsql/stable 2:8.4+96 all
  PostgreSQL module for PHP [default]

php-readline/stable 2:8.4+96 all
  readline module for PHP [default]

php-snmp/stable 2:8.4+96 all
  SNMP module for PHP [default]

php-soap/stable 2:8.4+96 all
  SOAP module for PHP [default]

php-sqlite3/stable 2:8.4+96 all
  SQLite3 module for PHP [default]

php-sybase/stable 2:8.4+96 all
  Sybase module for PHP [default]

php-tidy/stable 2:8.4+96 all
  tidy module for PHP [default]

php-xml/stable 2:8.4+96 all
  DOM, SimpleXML, WDDX, XML, and XSL module for PHP [default]

php-zip/stable 2:8.4+96 all
  Zip module for PHP [default]

phpunit-cli-parser/stable 3.0.2-2 all
  Library for parsing CLI options

plfit/stable 0.9.6+ds-2+b1 arm64
  fitting power-law distributions to empirical data -- interfaces

plfit-doc/stable 0.9.6+ds-2 all
  fitting power-law distributions to empirical data -- doc

postgresql-17-semver/stable 0.40.0-2 arm64
  Semantic version number type for PostgreSQL

powerline-go/stable 1.25-2+b2 arm64
  Powerline style prompt for your shell: Bash, ZSH and Fish

prelude-lml-rules/stable 5.2.0-1 all
  Security Information and Events Management System [ LML Rules ]

printer-driver-min12xxw/stable 0.0.9-11+b1 arm64
  printer driver for KonicaMinolta PagePro 1[234]xxW

pullimap/stable 0.5.8-1 all
  Pull mails from an IMAP mailbox and deliver them via SMTP or LMTP

pygac-bin/stable 1.7.4-2 all
  Python package to read and calibrate NOAA AVHRR GAC data -- scripts

python-aiohttp-session-doc/stable 2.12.1-3 all
  provides sessions for aiohttp.web (documentation)

python-asv-bench-memray-doc/stable 0.1.2-2 all
  Documentation for python-asv-bench-memray

python-natsort-doc/stable 8.0.2-2 all
  Natural sorting for Python (doc)

python-rdflib-doc/stable 7.1.1-3 all
  Python library containing an RDF triple store [...] (documentation)

python-taskflow-doc/stable 5.12.0-2 all
  Taskflow structured state management library - doc

python-vispy-doc/stable 0.14.3-1 all
  interactive visualization in Python [documentation]

python3-aiocache/stable 0.12.3-2 all
  multi backend asyncio cache

python3-aiohttp-session/stable 2.12.1-3 all
  provides sessions for aiohttp.web

python3-asv-bench-memray/stable 0.1.2-2 all
  Memray benchmark plugin for asv

python3-beancount/stable 3.1.0-3 arm64
  Double-entry accounting from text files - Python module

python3-borgstore/stable 0.3.0-2 all
  Simple key/value store implementation in Python

python3-dotty-dict/stable 1.3.1-2 all
  Dictionary wrapper for quick access to deeply nested keys

python3-frozenlist/stable 1.6.0-1 arm64
  list-like structure which implements collections.abc.MutableSequence

python3-geographiclib/stable 2.0-3 all
  Geodesic routines from GeographicLib

python3-http-relay/stable 2.1.3-2 all
  Python3 library for relaying HTTP requests from local host to a remote host

python3-iniparse/stable 0.5.1-1+deb13u1 all
  access and modify configuration data in INI files (Python 3)

python3-jinja2-time/stable 0.2.0-5 all
  Jinja2 extension for dates and times - Python 3.x

python3-jsonpatch/stable 1.32-5 all
  library to apply JSON patches - Python 3.x

python3-kdcproxy/stable 1.0.0-2 all
  Kerberos KDC HTTP proxy WSGI module for python3

python3-multi-key-dict/stable 2.0.3-2 all
  Multi key dictionary implementation - Python 3.x

python3-mwclient/stable 0.11.0-2 all
  MediaWiki API client in Python

python3-natsort/stable 8.0.2-2 all
  Natural sorting for Python (Python3)

python3-os-apply-config/stable 13.1.0-3 all
  Creates config files out of cloud metadata

python3-pamela/stable 1.0.0-3 all
  PAM interface using ctypes

python3-parse/stable 1.20.2-1 all
  Provide the reverse function for format(), Python 3 package

python3-parso/stable 0.8.4-1 all
  Python parser that supports error recovery - Python 3.X

python3-path-and-address/stable 2.0.1-4 all
  Functions for server CLI applications used by humans (Python 3)

python3-plfit/stable 0.9.6+ds-2+b1 arm64
  fitting power-law distributions to empirical data -- Python

python3-polyline/stable 2.0.0-2 all
  Python library to encode/decode polylines

python3-pygac/stable 1.7.4-2+b1 arm64
  Python package to read and calibrate NOAA AVHRR GAC data

python3-pyproject-metadata/stable 0.9.1-1 all
  Dataclass for PEP 621 metadata with support for [core metadata] generation

python3-rfc8785/stable 0.1.4-2 all
  Pure-Python JSON Canonicalization Scheme (Python library)

python3-roundrobin/stable 0.0.4-3 all
  collection of roundrobin utilities

python3-sphinx-favicon/stable 1.0.1-4 all
  Sphinx Extension adding support for custom favicons

python3-sphinx-removed-in/stable 0.2.3-2 all
  Sphinx extension recognizes *removed[-in] directives (Python 3)

python3-starlette/stable 0.46.1-3+deb13u2 all
  ASGI library ideal for building high performance asyncio services

python3-taskflow/stable 5.12.0-2 all
  Taskflow structured state management library - Python 3.x

python3-tomli/stable 2.2.1-2+b1 arm64
  lil' TOML parser for Python

python3-upsetplot/stable 0.9.0-3 all
  Draw Lex et al.'s UpSet plots with Pandas and Matplotlib

python3-web-cache/stable 1.1.0-2 all
  Simple Python key-value storage backed up by sqlite3 database

python3-yamlfix/stable 1.17.0-4 all
  Simple opionated yaml formatter that keeps your comments

python3-zzzeeksphinx/stable 1.5.1-1 all
  Zzzeek's Sphinx layout and utilities

qca-qt5-2-utils/stable 2.3.10-1 arm64
  command line tool for the Qt Cryptographic Architecture [Qt 5]

qca-qt6-utils/stable 2.3.10-1 arm64
  command line tool for the Qt Cryptographic Architecture [Qt 6]

r-cran-base64url/stable 1.4-2+b2 arm64
  GNU R fast and URL-safe Base64 encoder and decoder

r-cran-decor/stable 1.0.2-1+b1 arm64
  GNU R retrieve code decorations

r-cran-dorng/stable 1.8.6.1-1 all
  GNU R generic reproducible parallel backend for 'foreach' loops

r-cran-gap/stable 1.6+dfsg-1 arm64
  Genetic Analysis Package

r-cran-listenv/stable 0.9.1+dfsg-1 all
  R package: Environments Behaving (Almost) as Lists

r-cran-sfsmisc/stable 1.1-20-1 all
  GNU R utilities from 'Seminar fuer Statistik' ETH Zurich

r-recommended/stable 4.5.0-3 all
  GNU R collection of recommended packages [metapackage]

randombytes/stable 0~20240318-3 arm64
  Library generating fresh randomness - command-line tool

redfishtool/stable 1.1.5-3 all
  redfish command-line client

restricted-ssh-commands/stable 0.4-1.1 all
  Restrict SSH users to a predefined set of commands

rman/stable 3.2-10 arm64
  PolyglotMan - Reverse compile man pages

rolldice/stable 1.16-1+b5 arm64
  virtual dice roller

rssguard/stable 4.0.4+dfsg-1.1+b1 arm64
  simple, light and easy-to-use RSS/ATOM feed aggregator

ruby-asciidoctor-include-ext/stable 0.4.0+gh-1 all
  Asciidoctor's standard include::[] processor reimplemented as an extension

ruby-cliver/stable 0.3.2-3.1 all
  cross-platform version constraints for cli tools

ruby-commander/stable 4.6.0-2 all
  Ruby command-line interface library

ruby-discourse-diff/stable 0.1.0-3 all
  Discourse Diff provides inline html diffing for markdown blobs

ruby-et-orbi/stable 1.2.7-2 all
  Time zones for fugit and rufus-scheduler

ruby-forwardable-extended/stable 2.6.0-3 all
  Forwardable with hash and instance variable extensions

ruby-paint/stable 2.2.0-1 all
  terminal paint library with 256 color and effect support

ruby-parseconfig/stable 1.0.8-1 all
  Simple standard configuration file parser for Ruby

ruby-version-sorter/stable 2.3.0-1+b5 arm64
  Fast sorting of version strings

sagan-rules/stable 1:20170725-1.1 all
  Real-time System & Event Log Monitoring System [rules]

sd-mux-ctrl/stable 0.0.3-3+b2 arm64
  Tool for controlling multiple sd-mux devices

search-ccsb/stable 0.5-6 all
  BibTeX search tool

squashfs-mount/stable 1.1.0-1 arm64
  setuid utility instead of FUSE for mounting squashfs files

sra-toolkit/stable 3.2.1+dfsg-4 arm64
  utilities for the NCBI Sequence Read Archive

sxid/stable 4.20130802-7+b1 arm64
  suid, sgid file and directory checking

tcl-combat/stable 0.8.1-1.1 all
  CORBA scripting with Tcl

tcl-itcl4/stable 4.3.2-3 arm64
  [incr Tcl] OOP extension for Tcl - run-time files

tcl-itcl4-dev/stable 4.3.2-3 arm64
  [incr Tcl] OOP extension for Tcl - development files

tcl-itcl4-doc/stable 4.3.2-3 all
  [incr Tcl] OOP extension for Tcl - manual pages

tcl-sugar/stable 0.1-1.1 all
  Lisp-like macro system for Tcl

tcs/stable 1-11.1+b2 arm64
  character set translator

tellico-data/stable 4.1.1-1 all
  Collection manager for books, videos, music, etc [data]

tellico-doc/stable 4.1.1-1 all
  Collection manager for books, videos, music, etc [doc]

tillitis-tkey-device-signer/stable 1.0.2-2 all
  Tillitis TKey Signer device application

tk-itk4/stable 4.2.5~20240521-1 arm64
  [incr Tk] OOP extension version 4 for Tk - run-time files

tk-itk4-dev/stable 4.2.5~20240521-1 arm64
  [incr Tk] OOP extension version 4 for Tk - development files

tk-itk4-doc/stable 4.2.5~20240521-1 all
  [incr Tk] OOP extension version 4 for Tk - manual pages

trac-wikiprint/stable 4.0.0+svn18614+really3.0.0+svn18295-1 all
  Make Trac wiki pages printable, exporting to PDF or printable HTML

tryton-modules-marketing-automation/stable 7.0.1-1 all
  Tryton application platform - marketing automation module

tryton-modules-marketing-email/stable 7.0.0-3 all
  Tryton application platform - marketing email module

tryton-modules-web-shortener/stable 7.0.0-3 all
  Tryton application platform - web shortener module

tth-common/stable 4.16+ds-2 arm64
  auxiliary software material for TtH and TtM

ucblogo/stable 6.2.5-1 arm64
  dialect of lisp using turtle graphics famous for teaching kids

uruk/stable 20240930-1 all
  Very small firewall script, for configuring iptables

valgrind-if-available/stable 3.18.1-1-1 arm64
  dependency package to pull in Valgrind if it's available

wmbiff/stable 0.4.37-1+b2 arm64
  Dockable app that displays information about mailboxes

wordwarvi-sound/stable 1.0.4-2 all
  retro-styled side-scrolling shoot'em up arcade game [Sound Files]

xbill/stable 2.1-10+b1 arm64
  Get rid of those Wingdows Viruses!

xfonts-traditional/stable 1.8.2 all
  Traditional fixed-width fonts for X

xtables-addons-common/stable 3.27-4 arm64
  Additional targets and matches for iptables [tools, libs]

xtables-addons-dkms/stable 3.27-4 all
  Additional targets and matches for iptables [sources for DKMS]

xtables-addons-source/stable 3.27-4 all
  Additional targets and matches for iptables [sources for module-assistant]

