
WARNING: apt does not have a stable CLI interface. Use with caution in scripts.

Sorting...
Full Text Search...
addresses-goodies-for-gnustep/stable 0.5.0-2 all
  Address Manager goodies for GNUstep (dummy transitional package)

apertium-af-nl/stable 0.3.0-3 all
  Transitional dummy package for apertium-afr-nld

apertium-ca-it/stable 1.1.0-1 all
  Transitional dummy package for apertium-cat-ita

apertium-en-ca/stable 1.0.1-5 all
  Transitional dummy package for apertium-eng-cat

apertium-en-es/stable 0.8.1-2 all
  Transitional dummy package for apertium-eng-spa

apertium-es-ast/stable 1.1.1-2 all
  Transitional dummy package for apertium-spa-ast

apertium-es-ca/stable 2.2.0-3 all
  Transitional dummy package for apertium-spa-cat

apertium-es-it/stable 0.2.1-3 all
  Transitional dummy package for apertium-spa-ita

apertium-id-ms/stable 0.1.2-3 all
  Transitional dummy package for apertium-ind-zlm

apertium-is-sv/stable 0.1.1-2 all
  Transitional dummy package for apertium-isl-swe

apertium-mk-bg/stable 0.2.1-2 all
  Transitional dummy package for apertium-mkd-bul

apertium-mk-en/stable 0.1.3-2 all
  Transitional dummy package for apertium-mkd-eng

apertium-pt-ca/stable 0.10.1-2 all
  Transitional dummy package for apertium-por-cat

apt-transport-https/stable 3.0.3 all
  transitional package for https support

armv8crc-support/stable 27 arm64
  CPU feature checking - require ARMv8CRC

ausweisapp2/stable 2.3.1-1 all
  Transitional ausweisapp2 dummy package

barrage/stable 1.0.7-1 arm64
  Rather destructive action game

blt/stable 2.5.3+dfsg-8 arm64
  graphics extension library for Tcl/Tk - run-time

boinc-dev/stable 8.0.4+dfsg-1 arm64
  development files to build applications for BOINC projects (transitional)

breeze-icon-theme/stable 4:5.116.0-1 all
  Default Plasma icon theme - transitional dummy package

breeze-icon-theme-rcc/stable 4:5.116.0-1 all
  RCC resources for the breeze icon theme - transitional dummy package

bzr/stable 2.7.0+bzr6622+brz all
  transitional dummy package for brz

bzr-doc/stable 2.7.0+bzr6622+brz all
  transitional dummy package for brz-doc

c-sig/stable 3.8-26 all
  Transition package, c-sig to elpa-c-sig

culmus/stable 0.140-3 all
  transitional dummy package for fonts-culmus

culmus-fancy/stable 0.0.20240129.1 all
  transitional dummy package for fonts-culmus-fancy

darcsum/stable 1.10+20120116-6 all
  Transition package, darcsum to elpa-darcsum

desktop-autoloader/stable 0.0.4-2 all
  Accelerate Diskless Workstation systems by pre-loading a dummy Desktop Session

devscripts-el/stable 40.7 all
  Transition package, devscripts-el to elpa-devscripts

dhcpcd5/stable 1:10.1.0-11+deb13u3 all
  DHCPv4 and DHCPv6 dual-stack client (dummy transitional package)

djview/stable 3.5.28-2.2 all
  Transition package, djview3 to djview4

djview3/stable 3.5.28-2.2 all
  Transition package, djview3 to djview4

dummydroid/stable 1.2-2 all
  Register a GSF ID for mock-up Android devices

dwarves/stable 1.30-1 all
  set of advanced DWARF utilities - transitional package

elscreen/stable 1.4.6-11 all
  Transition package, elscreen to elpa-elscreen

erlang/stable 1:27.3.4.1+dfsg-1+deb13u2 all
  Concurrent, real-time, distributed functional language

erlang-nox/stable 1:27.3.4.1+dfsg-1+deb13u2 all
  Erlang/OTP applications that don't require X Window System

erlang-x11/stable 1:27.3.4.1+dfsg-1+deb13u2 all
  Erlang/OTP applications that require X Window System

evolver/stable 2.70+ds-8 all
  Surface Evolver

expand-region-el/stable 1.0.0-2 all
  Transition package, expand-region-el to elpa-expand-region

fence-agents-dummy/stable 4.16.0-3 all
  Fence Agents for Red Hat Cluster - dummy agent

fiat-utils/stable 1.4.1-1+b1 arm64
  Fortran IFS and Arpege Toolkit - utilities

fitsverify/stable 4.22+cfitsio4.6.2-2 all
  transitional dummy package

flashrom/stable 1.4.0-3 arm64
  Identify, read, write, erase, and verify BIOS/ROM/flash chips

fonts-hack-otf/stable 3.003-3 all
  Hack OpenType fonts (transitional package for fonts-hack)

fonts-hack-ttf/stable 3.003-3 all
  Hack TrueType fonts (transitional package for fonts-hack)

fonts-hack-web/stable 3.003-3 all
  Hack web fonts (transitional package for fonts-hack)

fonts-liberation2/stable 1:2.1.5-3 all
  transitional dummy package

ftp/stable 20230507-2 all
  dummy transitional package for tnftp

ganeti-os-noop/stable 0.2-5 all
  Dummy no-op OS provider for Ganeti

gap/stable 4.14.0-3 all
  computer algebra system for Groups, Algorithms and Programming

gdb-minimal/stable 16.3-1 all
  GNU Debugger (minimal version - dummy transitional package)

geany-plugin-gproject/stable 2.0-6 all
  transitional dummy package for geany-plugin-projectorganizer

gfal2-plugin-mock/stable 2.23.2-1 arm64
  Provides a mock dummy protocol for gfal2

git-all/stable,now 1:2.47.3-0+deb13u1 all [installed]
  fast, scalable, distributed revision control system (all subpackages)

givaro-dev-doc/stable 4.2.1-1 all
  Developer Documentation for Givaro (obsolete)

givaro-user-doc/stable 4.2.1-1 all
  User Documentation for Givaro (obsolete)

gmailieer/stable 1.6-5 all
  Transition package, gmailieer to lieer

gnupg-agent/stable 2.4.7-21+deb13u1 all
  GNU privacy guard - cryptographic agent (dummy transitional package)

gnupg2/stable 2.4.7-21+deb13u1 all
  GNU privacy guard - a free PGP replacement (dummy transitional package)

gnuplot-mode/stable 1:0.8.1+git20230727.1.4c6b18f-2 all
  Transition Package, gnuplot-mode to elpa-gnuplot-mode

golang-github-soundcloud-go-runit-dev/stable 0.1.0-3 all
  transitional dummy package

golang-goprotobuf-dev/stable 1.3.5-4+b14 arm64
  transitional dummy package

grub-efi/stable 2.12-9+deb13u2 arm64
  GRand Unified Bootloader, version 2 (dummy package)

gsfonts/stable 2:20200910-8 all
  transitional dummy package (gsfonts -> fonts-urw-base35)

gsfonts-x11/stable 2:20200910-8 all
  transitional dummy package (gsfonts-x11 -> fonts-urw-base35)

gstreamer1.0-plugins-rtp/stable 1.18.1.2 all
  transitional dummy package

htcondor/stable 23.9.6+dfsg-2.1+b9 arm64
  transitional dummy package

htcondor-annex-ec2/stable 23.9.6+dfsg-2.1+b9 arm64
  transitional dummy package

htcondor-dev/stable 23.9.6+dfsg-2.1+b9 arm64
  transitional dummy package

htcondor-doc/stable 23.9.6+dfsg-2.1 all
  transitional dummy package

htcondor-test/stable 23.9.6+dfsg-2.1+b9 arm64
  transitional dummy package

htcondor-upgrade-checks/stable 23.9.6+dfsg-2.1 all
  transitional dummy package

ibus-table-easy/stable 1.8.12-2 all
  ibus-table input method: Easy (dummy package)

ibus-table-quick/stable 1.8.12-2 all
  ibus-table input method: Quick (dummy package)

inform-mode/stable 1.6.2-4 all
  transitional dummy package

iraf-fitsutil/stable 2024.07.06-1 arm64
  FITS utilities for IRAF

jackd/stable 5+nmu1 all
  JACK Audio Connection Kit (default server package)

kodi-addons-dev/stable 2:21.2+dfsg-4 arm64
  Open Source Home Theatre (addon development package)

kvirc-modules/stable 4:5.2.6-2+b1 arm64
  transitional dummy package

lcmaps-plugins-basic-dummy/stable 1.7.1-2+b2 arm64
  Dummy LCMAPS plug-ins

libcgi-application-basic-plugin-bundle-perl/stable 0.9 all
  bundle of basic plugins for CGI::Application

libdbix-simple-perl/stable 1.37-3 all
  Perl module implementing an simpler interface to DBI

libdds-dev/stable 2.9.0-10+b2 arm64
  bridge double dummy solver - development

libdds0/stable 2.9.0-10+b2 arm64
  bridge double dummy solver - shared library

libecm-dev/stable 7.0.6+ds-1 all
  dummy package

libfastrtps-dev/stable 3.1.2+ds-1 all
  C++ library for the Real Time Publish Subscribe Protocol - transitional dummy package

libfiat-0/stable 1.4.1-1+b1 arm64
  Fortran IFS and Arpege Toolkit - libray

libfiat-dev/stable 1.4.1-1+b1 arm64
  Fortran IFS and Arpege Toolkit - development files

libfolks-dummy-dev/stable 0.15.9-5+b1 arm64
  Dummy backend for libfolks - development files

libfolks-dummy-doc/stable 0.15.9-5 all
  Dummy backend for libfolks - documentation

libfolks-dummy26/stable 0.15.9-5+b1 arm64
  Dummy backend for libfolks

libfontconfig1-dev/stable 2.15.0-2.3 arm64
  generic font configuration library - dummy package

libfreenect-demos/stable 1:0.5.3-3.2+b1 arm64
  library for accessing Kinect device -- dummy package

libghc-lambdabot-misc-plugins-dev/stable 5.3.1.2-1+b1 arm64
  Lambdabot miscellaneous plugins

libghc-lambdabot-misc-plugins-doc/stable 5.3.1.2-1 all
  Lambdabot miscellaneous plugins; documentation

libghc-lambdabot-misc-plugins-prof/stable 5.3.1.2-1+b1 arm64
  Lambdabot miscellaneous plugins; profiling libraries

libghc-tagged-dev/stable 0.8.8-1+b1 arm64
  newtype wrappers for phantom types

libghc-tagged-doc/stable 0.8.8-1 all
  newtype wrappers for phantom types; documentation

libghc-tagged-prof/stable 0.8.8-1+b1 arm64
  newtype wrappers for phantom types; profiling libraries

libgl1-mesa-dev/stable 25.0.7-2+deb13u1 arm64
  transitional dummy package

libgles2-mesa-dev/stable 25.0.7-2+deb13u1 arm64
  transitional dummy package

libgmp3-dev/stable 2:6.3.0+dfsg-3 arm64
  Multiprecision arithmetic library developers tools

libjavascriptcoregtk-4.0-bin/stable 2.52.3-2~deb13u1 all
  WebKitGTK JavaScript command-line interpreter (transitional dummy package)

libjpeg-dev/stable 1:2.1.5-4 arm64
  Development files for the JPEG library [dummy package]

libkf5globalaccel-bin/stable 5.116.0-1 all
  configurable global shortcut support - transitional dummy package

libkf5parts-plugins/stable 5.116.0-1 all
  dummy empty package for kparts

libkf5wallet-bin/stable 5.116.0-1 all
  transitional dummy package

libkvilib5/stable 4:5.2.6-2+b1 arm64
  transitional dummy package

libmagick++-dev/stable 8:7.1.1.43+dfsg1-1+deb13u10 all
  object-oriented C++ interface to ImageMagick -- dummy package

libmagickcore-dev/stable 8:7.1.1.43+dfsg1-1+deb13u10 all
  low-level image manipulation library -- dummy package

libmagickwand-dev/stable 8:7.1.1.43+dfsg1-1+deb13u10 all
  image manipulation library -- dummy package

libmaven-exec-plugin-java/stable 3.1.0-2 all
  Exec Maven Plugin (transitional package)

libmodule-optional-perl/stable 0.03-1.1 all
  Module::Optional - Breaking module dependency chains

libmsgpack-dev/stable 6.0.1-3 all
  transitional dummy package

libmumps-64pord-seq-5.7/stable 5.7.3-3+b1 arm64
  Direct linear systems solver (64 bit) - non-parallel shared libraries

libmumps-seq-5.7/stable 5.7.3-3+b1 arm64
  Direct linear systems solver - non-parallel shared libraries

libmumps-seq-dev/stable 5.7.3-3+b1 arm64
  Direct linear systems solver - non-parallel development files

libmumps64-seq-dev/stable 5.7.3-3+b1 arm64
  Direct linear systems solver (64 bit) - non-parallel development files

libnifti-dev/stable 3.0.1-9.1 all
  IO libraries for the NIfTI-1 data format (obsolete)

libobject-lazy-perl/stable 0.16-2 all
  create objects late from non-owned classes

libpetsc-complex-dev/stable 3.22.5+dfsg1-2 all
  Virtual package depending on latest PETSc development package

libpetsc-real-dev/stable 3.22.5+dfsg1-2 all
  Virtual package depending on latest PETSc development package

libpetsc64-complex-dev/stable 3.22.5+dfsg1-2 all
  Latest 64-bit PETSc development package with complex numbers

libpetsc64-real-dev/stable 3.22.5+dfsg1-2 all
  Virtual package depending on latest 64-bit PETSc development package

libqalculate20-data/stable 5.5.2-1 all
  Dummy transitional package for transition to new name

libqdbm++-dev/stable 1.8.78-13+b3 arm64
  QDBM Database Libraries for C++ [development] (transitional package)

libqdbm3++c2/stable 1.8.78-13+b3 arm64
  QDBM Database Libraries for C++ [runtime] (transitional package)

libqwt-headers/stable 6.1.4-2+b3 arm64
  Qt widgets library for technical applications (header files)

libscalapack-mpi-dev/stable 2.2.2-1 arm64
  Scalable Linear Algebra Package - Dev files for MPI

libscalapack64-mpi-dev/stable 2.2.2-1 arm64
  Scalable Linear Algebra Package - 64-bit Dev files for MPI

libshout3-dev/stable 2.4.6-1+b3 arm64
  MP3/Ogg Vorbis broadcast streaming library (transitional package)

libslepc-complex-dev/stable 3.22.2+dfsg1-1 arm64
  Scalable Library for Eigenvalue Problem Computations

libslepc-real-dev/stable 3.22.2+dfsg1-1 arm64
  Scalable Library for Eigenvalue Problem Computations

libslepc64-complex-dev/stable 3.22.2+dfsg1-1 arm64
  Scalable Library for Eigenvalue Problem Computations (64-bit)

libslepc64-real-dev/stable 3.22.2+dfsg1-1 arm64
  Scalable Library for Eigenvalue Problem Computations (64-bit)

libstarlink-ast-grf3d9/stable 9.2.10+dfsg-2 arm64
  Handle World Coordinate Systems in Astronomy (dummy 3d routines)

libtag1-dev/stable 2.0.2-2 arm64
  transitional dummy package

libtagc0-dev/stable 2.0.2-2 arm64
  transitional dummy package

libvirt-daemon-system-systemd/stable 11.3.0-3+deb13u2 all
  transitional dummy package

libvirt-daemon-system-sysv/stable 11.3.0-3+deb13u2 all
  transitional dummy package

libvirt-sanlock/stable 11.3.0-3+deb13u2 arm64
  transitional dummy package

libwebkit2gtk-4.0-doc/stable 2.52.3-2~deb13u1 all
  WebKitGTK documentation (transitional dummy package)

libwpewebkit-1.0-doc/stable 2.48.3-1 all
  WPE WebKit documentation - Transitional dummy package

libxcb-util0-dev/stable 0.4.1-1 arm64
  dummy transitional package for utility libraries for X C Binding

live-manual-txt/stable 2:20250226 all
  Debian Live Documentation (txt)

login/stable,now 1:4.16.0-2+really2.41-5 arm64 [installed]
  system login tools

mariadb-server-10.5/stable 1:11.8.6-0+deb13u1 arm64
  MariaDB database server binaries (transitional dummy package)

mate-core/stable 1.26.0+2 all
  MATE Desktop Environment (essential components, dummy package)

mate-desktop-environment-extra/stable 1.26.0+2 all
  MATE Desktop Environment (extra components, dummy package)

mb2md/stable 3.20-10 all
  Convert Mbox mailboxes to Maildir format

mdbtools-doc/stable 1.0.1-0.1 all
  Dummy package

minihtcondor/stable 23.9.6+dfsg-2.1+b9 arm64
  transitional dummy package

mongoose/stable 1:7.10.1+dfsg-1 all
  transitional dummy package for suitesparse-mongoose

monitoring-plugins-basic/stable 2.4.0-3+deb13u1 arm64
  Plugins for nagios compatible monitoring systems (basic)

myspell-bg/stable 4.1-7.1 all
  transitional dummy package

myspell-eo/stable 3.7-2 all
  transitional dummy package

node-debbundle-acorn/stable 8.8.1+ds+~cs25.17.7-2 all
  Transitional dummy package for upgrading to node-debbundle-acorn

normaliz/stable 3.10.4+ds-1 all
  math computing tools for affine monoids, rational polytopes and cones

obs-command-source/stable 0.5.0-1+b1 arm64
  plugin for OBS Studio providing a dummy source to execute commands

open3d-gui/stable 0.19.0-3 all
  Transitional dummy package for open3d-viewer

org-mode/stable 9.7.29+dfsg-1 all
  Transition Package, org-mode to elpa-org

patator/stable 1.0-4 all
  Multi-purpose brute-forcer

pdns-tools/stable 4.9.16-0+deb13u1 arm64
  Tools for DNS debugging by PowerDNS

perlmagick/stable 8:7.1.1.43+dfsg1-1+deb13u10 all
  Perl interface to ImageMagick -- dummy package

php8.4-xsl/stable 8.4.23-1~deb13u1 all
  XSL module for PHP (dummy)

pocld/stable 6.0-6 arm64
  dummy pocld for PoCL-R

prboom-plus/stable 3:0.29.0+dfsg-1 all
  transitional dummy package (prboom-plus -> dsda-doom)

prboom-plus-game-server/stable 3:0.29.0+dfsg-1 all
  transitional dummy package (prboom-plus-game-server -> dsda-doom)

primecount/stable 7.16+ds-1 all
  fast prime number counter C/C++ library

primesieve/stable 12.7+ds-1 all
  fast prime number generator C/C++ library

puppet/stable 8.10.0-5 all
  transitional dummy package

python-django-dynamic-fixture-doc/stable 4.0.1-1 all
  create dynamic model instances for testing purposes (Documentation)

python-django-uwsgi-doc/stable 1.1.2-3 all
  uWSGI related tools for Django (Documentation, transitional dummy package)

python-sorl-thumbnail-doc/stable 12.10.0-1 all
  thumbnail support for the Django framework (Documentation)

python3-django-dynamic-fixture/stable 4.0.1-1 all
  create dynamic model instances for testing purposes (Python3 version)

python3-django-uwsgi/stable 1.1.2-3 all
  uWSGI related tools for Django (Python3 version, transitional dummy package)

python3-exif/stable 3.0.0-1 all
  Transition package for python3-exifread

python3-libhfst/stable 3.16.2-1 all
  Transitional dummy package for python3-hfst

python3-petsc4py-64-complex/stable 3.22.4-1 all
  Python 3 bindings for 64-bit PETSc libraries (complex numbers)

python3-petsc4py-64-real/stable 3.22.4-1 all
  Python 3 bindings for 64-bit PETSc libraries (real numbers)

python3-petsc4py-complex/stable 3.22.4-1 all
  Python 3 bindings for PETSc libraries (complex numbers)

python3-petsc4py-real/stable 3.22.4-1 all
  Python 3 bindings for PETSc libraries (real numbers)

python3-pyldap/stable 3.4.4-1+deb13u1 arm64
  LDAP interface module for Python 3.x - transition package

python3-pyunitsystem/stable 2.0.0-1 all
  dummy unit system

python3-requirement-parser/stable 0.11.0-2 all
  Python module for parsing Pip requirement files (transitional package)

python3-rstr/stable 3.2.2-1 all
  Easily generate random strings of various types (Python 3)

python3-slepc4py-64-complex/stable 3.22.2-1 all
  Python 3 bindings for 64-bit SLEPc libraries (complex numbers)

python3-slepc4py-64-real/stable 3.22.2-1 all
  Python 3 bindings for SLEPc 64-bit libraries (real numbers)

python3-slepc4py-complex/stable 3.22.2-1 all
  Python 3 bindings for SLEPc libraries (complex numbers)

python3-slepc4py-real/stable 3.22.2-1 all
  Python 3 bindings for SLEPc libraries (real numbers)

python3-sorl-thumbnail/stable 12.10.0-1 all
  thumbnail support for the Django framework (Python3 version)

qml-module-ubuntu-onlineaccounts/stable 0.7+git20231028.05e79eb-6 all
  transitional dummy package for Online Accounts QML clients

qt5-style-kvantum/stable 1.1.4-3 all
  Kvantum style engine (transitional package)

qt6-style-kvantum/stable 1.1.4-3 all
  Kvantum style engine (transitional package)

r-cran-fastdummies/stable 1.7.5-1 all
  fast creation of dummy columns and rows from categorical variables

resource-agents/stable 1:4.16.0-3+deb13u2 arm64
  Cluster Resource Agents

roundcube-plugins-extra/stable 1.6-1 all
  transitional dummy package for roundcube-plugin-*

ruby-ffaker/stable 2.23.0-2 all
  ffaker generates dummy data

ruby-mdl/stable 0.13.0-4 all
  Markdown lint tool - transitional dummy package

silversearcher-ag-el/stable 0.48-2 all
  transitional dummy package, silversearcher-ag-el to elpa-ag

singular/stable 1:4.4.1+ds-2 arm64
  Computer Algebra System for Polynomial Computations

sml-mode/stable 6.12-1 all
  Transition package, sml-mode to elpa-sml-mode

snap-confine/stable 2.68.3-3+deb13u1+b6 arm64
  Transitional package for snapd

surf-alggeo/stable 1.0.6+ds-7+b1 arm64
  visualization of real algebraic geometry

telnet/stable 0.17+2.6-3+deb13u3 all
  transitional dummy package for inetutils-telnet default switch

telnetd/stable 0.17+2.6-3+deb13u3 all
  transitional dummy package for inetutils-telnetd default switch

tenace/stable 0.17-1+b2 arm64
  Bridge hand viewer and editor

texlive-lang-chinese/stable 2024.20250309-1 all
  TeX Live: Chinese

texlive-lang-european/stable 2024.20250309-1 all
  TeX Live: Other European languages

texlive-lang-japanese/stable 2024.20250309-1 all
  TeX Live: Japanese

texlive-latex-extra/stable 2024.20250309-2 all
  TeX Live: LaTeX additional packages

ttf-ancient-fonts/stable 2.60-2 all
  Unicode Fonts for Ancient Scripts (transitional package)

ttf-ancient-fonts-symbola/stable 2.60-2 all
  symbolic font providing emoji chars from Unicode 9.0 (transit. pkg)

ttf-sjfonts/stable 2.1-2 all
  Some Juicy Fonts handwriting fonts (dummy package)

ttf-staypuft/stable 0.04-10 all
  Free TrueType font (dummy package)

ttf-summersby/stable 1.007-12 all
  Free TrueType typeface font (dummy package)

ttf-tagbanwa/stable 1.013 all
  transitional dummy package

ubuntu-core-launcher/stable 2.68.3-3+deb13u1+b6 arm64
  Transitional package for snapd

ufo-filters/stable 0.17.0.76.g691aa0e+dfsg1-2 arm64
  Set of plugins for ufo-core - runtime

vala-mode-el/stable 0.1-9 all
  Transition Package, vala-mode-el to elpa-vala-mode

vim-athena/stable 2:9.1.1230-2 all
  Vi IMproved - enhanced vi editor (dummy package)

virtinst/stable 1:5.0.0-5+deb13u1 all
  transitional dummy package for virt-install

webkit2gtk-driver/stable 2.52.3-2~deb13u1 all
  WebKitGTK WebDriver support (transitional dummy package)

wesnoth-core/stable 1:1.18.5-1 all
  fantasy turn-based strategy game (transitional package)

wordgrinder/stable 0.8-1 all
  simple word processor for writing first drafts

wpewebkit-driver/stable 2.48.3-1 all
  WPE WebKit WebDriver support - transitional dummy package

x11proto-core-dev/stable 2024.1-1 all
  transitional dummy package

x11proto-dri2-dev/stable 2024.1-1 all
  transitional dummy package

x11proto-fonts-dev/stable 2024.1-1 all
  transitional dummy package

x11proto-gl-dev/stable 2024.1-1 all
  transitional dummy package

x11proto-input-dev/stable 2024.1-1 all
  transitional dummy package

x11proto-kb-dev/stable 2024.1-1 all
  transitional dummy package

x11proto-present-dev/stable 2024.1-1 all
  transitional dummy package

x11proto-randr-dev/stable 2024.1-1 all
  transitional dummy package

x11proto-record-dev/stable 2024.1-1 all
  transitional dummy package

x11proto-render-dev/stable 2:2024.1-1 all
  transitional dummy package

x11proto-scrnsaver-dev/stable 2024.1-1 all
  transitional dummy package

x11proto-video-dev/stable 2024.1-1 all
  transitional dummy package

x11proto-xext-dev/stable 2024.1-1 all
  transitional dummy package

x11proto-xf86dri-dev/stable 2024.1-1 all
  transitional dummy package

x11proto-xf86vidmode-dev/stable 2024.1-1 all
  transitional dummy package

x11proto-xinerama-dev/stable 2024.1-1 all
  transitional dummy package

xcite/stable 1.60-8 all
  Transition Package, xcite to elpa-xcite

xcscope-el/stable 1.5-2 all
  Transition Package, xcscope-el to elpa-xcscope

xdg-utils-cxx/stable 1.0.1-3.1+b2 arm64
  Core libraries for xdg-utils-cxx - transitional

xserver-xorg-video-dummy/stable 1:0.4.0-1+b2 arm64
  X.Org X server -- dummy display driver

xtensor-dev/stable 0.25.0-2 all
  multi-dimensional arrays with broadcasting (transition package)

yasnippet/stable 0.14.3-1 all
  transition Package, yasnippet to elpa-yasnippet

