
WARNING: apt does not have a stable CLI interface. Use with caution in scripts.

Sorting...
Full Text Search...
brightd/stable 0.4.1-4+b1 arm64
  daemon which regulates brightness of LCDs dynamically

claws-mail-multi-notifier/stable 4.3.1-1 arm64
  Various new mail notifiers for Claws Mail

cme/stable 1.041-1 all
  Check or edit configuration data with Config::Model

fonts-nanum/stable 20200506-1 all
  Nanum Korean fonts

fonts-nanum-eco/stable 1.000-7 all
  Nanum Eco Korean font

fonts-nanum-extra/stable 20200506-1 all
  Additional Nanum Korean fonts

g15daemon/stable 1.9.5.3-14.1+b1 arm64
  LCD multiplexer for Logitech G15 Keyboard

lcd4linux/stable 0.11.0~svn1203-3+b4 arm64
  Grabs information and displays it on an external lcd

lcdf-typetools/stable 2.110-1+b1 arm64
  tools for OpenType, multiple-master, and Type 1 fonts

lcdproc/stable 0.5.9-7+b3 arm64
  LCD display driver daemon and clients

lcdproc-extra-drivers/stable 0.5.9-7+b3 arm64
  extra drivers for the LCD display driver daemon

ldapscripts/stable 2.0.8-2 all
  Add and remove users and groups (stored in a LDAP directory)

libconfig-model-lcdproc-perl/stable 2.055-2 all
  module to edit and validate LcdProc configuration file

libg15-1/stable 1.3.0~svn324-2+b2 arm64
  Library for interfacing with the Logitech G15 keyboards

libg15-dev/stable 1.3.0~svn324-2+b2 arm64
  Library for interfacing with the Logitech G15 keyboards

libg15daemon-client-dev/stable 1.9.5.3-14.1+b1 arm64
  Development files for libg15daemon-client

libg15daemon-client1t64/stable 1.9.5.3-14.1+b1 arm64
  Client library for communicating with g15daemon

libg15render-dev/stable 1.3.0~svn316-3+b1 arm64
  Library for interfacing with the Logitech G15 keyboards

libg15render1/stable 1.3.0~svn316-3+b1 arm64
  Library for interfacing with the Logitech G15 keyboards

libg3d-plugins/stable 0.0.8-38 arm64
  plugins for the LibG3D library

libio-lcdproc-perl/stable 0.037-1.1 all
  Perl extension to connect to a LCD display through lcdproc

luma.lcd-doc/stable 2.10.0-1 all
  doc for library interfacing small LCD displays

microhope/stable 5.3.3+repack-2 all
  hardware & software framework to learn microcontrollers

nslcd/stable 0.9.13-1 arm64
  daemon for NSS and PAM lookups using LDAP

nslcd-utils/stable 0.9.13-1 all
  utilities for querying LDAP via nslcd

pkg-kde-tools/stable 0.18.12 all
  various packaging tools and scripts for KDE Applications

procmeter3/stable 3.6-3.1+b2 arm64
  graphical system status monitor

pynslcd/stable 0.9.13-1 all
  daemon for NSS and PAM lookups via LDAP - Python version

python3-colorspacious/stable 1.1.2-6 all
  library for doing colorspace conversions - Python 3.x

python3-luma.lcd/stable 2.10.0-1 arm64
  library interfacing small LCD displays

slang-gsl/stable 0.10.0~pre.6-1 arm64
  GNU Scientific Library binding for S-Lang

texlive-latex-extra/stable 2024.20250309-2 all
  TeX Live: LaTeX additional packages

texlive-pictures/stable 2024.20250309-1 all
  TeX Live: Graphics, pictures, diagrams

wmcpuload/stable 1.1.1-3 arm64
  Dockapp that displays the current CPU usage

wmlongrun/stable 0.3.1-2+b1 arm64
  program to monitor longrun status

xfce4-power-manager/stable 4.20.0-1 arm64
  power manager for Xfce desktop

xscreensaver-data-extra/stable 6.09+dfsg1-1 arm64
  Extra screen saver modules for screensaver frontends

