
WARNING: apt does not have a stable CLI interface. Use with caution in scripts.

Sorting...
Full Text Search...
ase/stable 3.24.0-1 all
  Atomic Simulation Environment

audacious/stable 4.4.2-1 arm64
  small and fast audio player which supports lots of formats

audacious-dev/stable 4.4.2-1 arm64
  audacious development files

audacious-plugins/stable 4.4.2-2+b1 arm64
  Base plugins for audacious

audacious-plugins-data/stable 4.4.2-2 all
  Data files for Audacious plugins

audacity/stable 3.7.3+dfsg-1 arm64
  fast, cross-platform audio editor

audacity-data/stable 3.7.3+dfsg-1 all
  fast, cross-platform audio editor (data)

audtty/stable 0.1.12-6 arm64
  ncurses based frontend to audacious

bamfdaemon/stable 0.5.6+repack-1.1+b2 arm64
  Window matching library - daemon

capstats/stable 0.31-1+b2 arm64
  command-line tool for collecting network interface statistics

caveexpress/stable 2.5.2-4 arm64
  2D platformer with physics-based gameplay

conky-all/stable 1.22.1-1 arm64
  highly configurable system monitor (all features enabled)

dacco-common/stable 2021.01.01-1 all
  Catalan <-> English dictionary (XML files)

dact/stable 0.8.42-6+b1 arm64
  multi-algorithm compression

debian-edu-doc-legacy-en/stable 2.12.27 all
  Legacy English documentation from the Debian Edu project

debian-edu-doc-legacy-fr/stable 2.12.27 all
  Legacy French documentation from the Debian Edu project

debian-edu-doc-legacy-ja/stable 2.12.27 all
  Legacy Japanese documentation from the Debian Edu project

debian-edu-doc-legacy-nb-no/stable 2.12.27 all
  Legacy Norwegian Bokmål documentation from the Debian Edu project

debian-edu-doc-legacy-nl/stable 2.12.27 all
  Legacy Dutch documentation from the Debian Edu project

debian-edu-doc-legacy-pl/stable 2.12.27 all
  Legacy Polish documentation from the Debian Edu project

debian-edu-doc-legacy-pt-br/stable 2.12.27 all
  Legacy Portuguese (pt_BR) documentation from the Debian Edu project

debian-edu-doc-legacy-pt-pt/stable 2.12.27 all
  Legacy Portuguese (pt_PT) documentation from the Debian Edu project

debian-edu-doc-legacy-sv/stable 2.12.27 all
  Legacy Swedish documentation from the Debian Edu project

debian-edu-doc-legacy-uk/stable 2.12.27 all
  Legacy Ukrainian documentation from the Debian Edu project

debian-edu-doc-legacy-zh-cn/stable 2.12.27 all
  Legacy Simplified Chinese documentation from the Debian Edu project

edac-utils/stable 0.18+git16-g8fdc1d4-2 arm64
  report kernel-detected PCI and ECC RAM errors

elpa-avy/stable 0.5.0-4 all
  jump to things in Emacs tree-style

fvwm-crystal/stable 3.4.1+dfsg-3 all
  Pretty Desktop Environment based on FVWM

gavodachs2-server/stable 2.11+dfsg-2 all
  server package of the Virtual Observatory data center suite

gir1.2-bamf-3/stable 0.5.6+repack-1.1+b2 arm64
  GObject introspection data for the Bamf library

gir1.2-playerctl-2.0/stable 2.4.1-3 arm64
  utility to control media players via MPRIS (gir bindings)

headache/stable 1.08-2 arm64
  Tool to manage license notes of source files

iio-sensor-proxy/stable 3.7-3 arm64
  IIO sensors to D-Bus proxy

irssi-scripts/stable 20231031 all
  collection of scripts for irssi

lebiniou/stable 3.66.0-4+b1 arm64
  user-friendly, powerful music visualization / VJing tool

libadacgi-dev/stable 1.6-36 arm64
  Ada CGI interface: development

libadacgi5/stable 1.6-36 arm64
  Ada CGI interface: shared library

libaudclient-dev/stable 3.5~rc2-2+b2 arm64
  audacious D-Bus remote control library (development files)

libaudclient2/stable 3.5~rc2-2+b2 arm64
  audacious D-Bus remote control library

libaudcore5t64/stable 4.4.2-1 arm64
  audacious core engine library

libaudgui6/stable 4.4.2-1 arm64
  audacious media player (libaudgui shared library)

libaudqt3/stable 4.4.2-1 arm64
  audacious media player (libaudqt shared library)

libaudtag3t64/stable 4.4.2-1 arm64
  audacious media player (libaudtag shared library)

libbamf-doc/stable 0.5.6+repack-1.1 all
  Window matching library - documentation

libbamf3-2t64/stable 0.5.6+repack-1.1+b2 arm64
  Window matching library - shared library

libbamf3-dev/stable 0.5.6+repack-1.1+b2 arm64
  Window matching library - development files

libcgi-untaint-perl/stable 1.26-8 all
  module to process CGI input parameters

libedac-dev/stable 0.18+git16-g8fdc1d4-2 arm64
  report kernel-detected PCI and ECC RAM errors

libedac1/stable 0.18+git16-g8fdc1d4-2 arm64
  report kernel-detected PCI and ECC RAM errors

libedac1-dbg/stable 0.18+git16-g8fdc1d4-2 arm64
  report kernel-detected PCI and ECC RAM errors

libfest-reflect-java/stable 1.4.1-4 all
  Java library for fluent reflection

libfest-reflect-java-doc/stable 1.4.1-4 all
  Documentation for libfest-reflect-java

libgtkada-doc/stable 24.0.0-5 all
  Ada binding for the GTK+ GUI (documentation)

libldacbt-abr-dev/stable 2.0.2.3+git20200429+ed310a0-5 arm64
  LDAC Bluetooth ABR library (development)

libldacbt-abr2/stable 2.0.2.3+git20200429+ed310a0-5 arm64
  LDAC Bluetooth ABR library (shared library)

libldacbt-enc-dev/stable 2.0.2.3+git20200429+ed310a0-5 arm64
  LDAC Bluetooth encoder library (development)

libldacbt-enc2/stable 2.0.2.3+git20200429+ed310a0-5 arm64
  LDAC Bluetooth encoder library (shared library)

libmorfologik-stemming-java/stable 1.9.0+dfsg-1 all
  Finite state automaton and stemming engine library

libmorfologik-stemming2-java/stable 2.1.6-2 all
  Finite state automaton and stemming engine library

libosmo-fl2k-dev/stable 0.1.1-2+b2 arm64
  use a VGA USB adapter as DAC and SDR transmitter - development

libosmo-fl2k0/stable 0.1.1-2+b2 arm64
  use a VGA USB adapter as DAC and SDR transmitter - library

libpixelmed-codec-java/stable 20200328-6 all
  JPEG selective block redaction codec for pixelmed

libplayerctl-dev/stable 2.4.1-3 arm64
  utility to control media players via MPRIS (development files)

libplayerctl-doc/stable 2.4.1-3 all
  utility to control media players via MPRIS (documentation)

libplayerctl2/stable 2.4.1-3 arm64
  utility to control media players via MPRIS (library)

libslow5-0t64/stable 0.7.0+dfsg-3+b6 arm64
  library for reading & writing SLOW5 files

libslow5-dev/stable 0.7.0+dfsg-3+b6 arm64
  header and static library for reading & writing SLOW5 files

mrpt-apps/stable 1:2.14.7+ds-1+b3 arm64
  Mobile Robot Programming Toolkit - Console and GUI applications

obfuscate/stable 0.0.10-9 arm64
  simple app to censor images

octave-stk/stable 2.8.1-3+b1 arm64
  (not so) Small Toolbox for Kriging

osmo-fl2k/stable 0.1.1-2+b2 arm64
  use a VGA USB adapter as DAC and SDR transmitter

pd-jmmmp/stable 0.61-2 all
  collection of Pd GUI objects for musical performance

pidgin-audacious/stable 2.0.0-8+b2 arm64
  pidgin integration with Audacious

playerctl/stable 2.4.1-3 arm64
  utility to control media players via MPRIS

pysassc/stable 0.23.0-0.1 all
  SASS for Python: command line utility for libsass

python-ase-doc/stable 3.24.0-1 all
  Atomic Simulation Environment (common documentation)

python3-aio-georss-gdacs/stable 0.9+dfsg1-1.1 all
  async GeoRSS client library for GDACS feeds

python3-ase/stable 3.24.0-1 all
  Atomic Simulation Environment (Python 3)

python3-construct/stable 2.10.68+dfsg1-2 all
  powerful declarative parser (and builder) for binary data

python3-dacite/stable 1.9.2-2 all
  Simple creation of data classes from dictionaries

python3-eumdac/stable 3.0.0-1.1 all
  EUMETSAT Data Access Client (Python 3 library and CLI)

python3-gavo/stable 2.11+dfsg-2 all
  Virtual Observatory data center publishing suite

python3-libsass/stable 0.23.0-0.1 arm64
  SASS for Python 3: a straightforward binding of libsass for Python

python3-slow5/stable 0.7.0+dfsg-3+b6 arm64
  Python3 modul for reading & writing SLOW5 files

python3-wimsapi/stable 0.5.11-3 all
  API to communicate with a WIMS server

qdacco/stable 1.2.4-1 arm64
  Offline Catalan <-> English dictionary desktop application

qutebrowser/stable 3.4.0-1 all
  Keyboard-driven, vim-like browser based on Python and Qt

rasdaemon/stable 0.8.3-1 arm64
  utility to receive RAS error tracings

rebar3/stable 3.24.0-1 all
  Erlang tool to create, develop, and release Erlang libraries and applications

squeezelite/stable 2.0.0-1517+git20241227.262994a-1+b1 arm64
  lightweight headless Squeezebox emulator - ALSA version

squeezelite-pa/stable 2.0.0-1517+git20241227.262994a-1+b1 arm64
  lightweight headless Squeezebox emulator - PortAudio version

squeezelite-pulseaudio/stable 2.0.0-1517+git20241227.262994a-1+b1 arm64
  lightweight headless Squeezebox emulator - PulseAudio version

texlive-extra-utils/stable 2024.20250309-2 all
  TeX Live: TeX auxiliary programs

texlive-latex-extra/stable 2024.20250309-2 all
  TeX Live: LaTeX additional packages

texlive-luatex/stable 2024.20250309-1 all
  TeX Live: LuaTeX packages

texlive-publishers/stable 2024.20250309-2 all
  TeX Live: Publisher styles, theses, etc.

travis/stable 220729-1+b1 arm64
  trajectory analyzer and visualizer

vamp-plugin-sdk/stable 2.10.0-5 arm64
  audio analysis and feature extraction plugins (SDK)

vim-redact-pass/stable 1.7.4-7 all
  stop pass(1) passwords ending up in Vim cache files

vimb/stable 3.7.0+git20240706-1 arm64
  Light-weight webkit-based browser with vim keyboard bindings

wims/stable 2:4.29a+dfsg1-3 arm64
  server for educational content: courses, exercises, and exams

wireguard/stable 1.0.20210914-3 all
  fast, modern, secure kernel VPN tunnel (metapackage)

wireguard-tools/stable 1.0.20210914-3 arm64
  fast, modern, secure kernel VPN tunnel (userland utilities)

wmauda/stable 0.9-4+b3 arm64
  remote-control dockapp for Audacious

wmcoincoin/stable 2.6.5.git+42.b85f761c7010-1 arm64
  Humourous dockapp for browsing DaCode sites' news and board

yt-dlp/stable 2025.04.30-1 all
  downloader of videos from YouTube and other sites

