
WARNING: apt does not have a stable CLI interface. Use with caution in scripts.

Sorting...
Full Text Search...
arduino-core-avr/stable 1.8.7+dfsg-1~deb13u1 all
  Arduino Core for AVR microcontroller

bme280-doc/stable 0.2.4-2 all
  Python interface for a Bosch BME280 digital sensor module. Docs

ddcui/stable 0.6.0-1 arm64
  GUI for ddcutil

ddcutil/stable 2.2.0-2 arm64
  Control monitor settings - Standalone command line application

eyes17/stable 5.3.3+repack-2 all
  hardware & software framework for developing science experiments

eyes17-manuals-en/stable 5.3.1+repack-1 all
  Eyes17 User Manuals (English version)

eyes17-manuals-es/stable 5.3.1+repack-1 all
  Eyes17 User Manuals (Spanish version)

eyes17-manuals-fr/stable 5.3.1+repack-1 all
  Eyes17 User Manuals (French version)

eyes17-manuals-ml/stable 5.3.1+repack-1 all
  Eyes17 User Manuals (Malayalam version)

golang-github-d2r2-go-bsbmp-dev/stable 0.0~git20190515.3b4b3ae-3 all
  interact with Bosch Sensortec BMP180/BMP280/BME280/BMP388 sensors (library)

golang-github-d2r2-go-i2c-dev/stable 0.0~git20191123.73a8a79-3 all
  I2C-bus interaction of peripheral sensors with single-board computers (library)

golang-github-d2r2-go-sht3x-dev/stable 0.0~git20210607.074abc2-1 all
  interact with Sensirion SHT3x humidity and temperature sensor family (library)

i2c-tools/stable 4.4-2 arm64
  heterogeneous set of I2C tools for Linux

imsprog/stable 1.5.2-1 arm64
  Linux chip programmer for CH341a devices

libddcutil-dev/stable 2.2.0-2 arm64
  Control monitor settings - development files

libddcutil5/stable 2.2.0-2 arm64
  Control monitor settings - shared library

libdevice-i2c-perl/stable 0.06-2+b3 arm64
  module to control and read hardware devices with i2c(SMBus)

libi2c-dev/stable 4.4-2 arm64
  userspace I2C programming library development files

libi2c0/stable 4.4-2 arm64
  userspace I2C programming library

libow-3.2-4t64/stable 3.2p4+dfsg1-6 arm64
  1-Wire File System full library

libow-dev/stable 3.2p4+dfsg1-6 arm64
  1-Wire File System (development files)

libow-perl/stable 3.2p4+dfsg1-6 arm64
  Dallas 1-wire support: Perl5 bindings

libow-php/stable 3.2p4+dfsg1-6 arm64
  Dallas 1-wire support: PHP bindings

libow-tcl/stable 3.2p4+dfsg1-6 arm64
  Dallas 1-wire support: Tcl bindings

libowcapi-3.2-4t64/stable 3.2p4+dfsg1-6 arm64
  1-Wire File System C library

libownet-3.2-4t64/stable 3.2p4+dfsg1-6 arm64
  owserver protocol library

libownet-dev/stable 3.2p4+dfsg1-6 arm64
  owserver protocol library (development files)

libownet-perl/stable 3.2p4+dfsg1-6 all
  Perl module for accessing 1-wire networks

libownet-php/stable 3.2p4+dfsg1-6 all
  Dallas 1-wire support: PHP OWNet library

libtss2-tcti-i2c-ftdi0/stable 4.1.3-1.2 arm64
  TPM2 Software stack library - TSS and TCTI libraries

libtss2-tcti-i2c-helper0/stable 4.1.3-1.2 arm64
  TPM2 Software stack library - TSS and TCTI libraries

luma.oled-doc/stable 3.10.0-1 all
  doc for library interfacing OLED matrix displays

mate-sensors-applet/stable 1.26.0-1+deb13u1 arm64
  Display readings from hardware sensors in your MATE panel

nut-i2c/stable 2.8.1-5 arm64
  network UPS tools - I2C driver

octave-instrument-control/stable 0.9.5-1 arm64
  instrument control for Octave

ow-shell/stable 3.2p4+dfsg1-6 arm64
  shell utilities to talk to an 1-Wire owserver

ow-tools/stable 3.2p4+dfsg1-6 all
  tools to monitor or inspect a ow-server link

owfs/stable 3.2p4+dfsg1-6 all
  Dallas 1-wire support

owfs-common/stable 3.2p4+dfsg1-6 all
  common files used by any of the OWFS programs

owfs-doc/stable 3.2p4+dfsg1-6 all
  Dallas 1-wire support: Documentation for owfs

owfs-fuse/stable 3.2p4+dfsg1-6 arm64
  1-Wire filesystem

owftpd/stable 3.2p4+dfsg1-6 arm64
  FTP daemon providing access to 1-Wire networks

owhttpd/stable 3.2p4+dfsg1-6 arm64
  HTTP daemon providing access to 1-Wire networks

owserver/stable 3.2p4+dfsg1-6 arm64
  Backend server for 1-Wire control

ponyprog/stable 3.1.4+ds-1 arm64
  Serial device programmer

python-periphery-doc/stable 2.4.1-1 all
  Peripheral I/O (Documentation)

python3-bme280/stable 0.2.4-2 all
  Python interface for a Bosch BME280 digital sensor module

python3-ftdi/stable 0.56.0-1 arm64
  user-space driver for popular FTDI devices

python3-ftdi-doc/stable 0.56.0-1 all
  user-space driver for popular FTDI devices. Documentation

python3-luma.oled/stable 3.10.0-1 arm64
  library interfacing OLED matrix displays

python3-periphery/stable 2.4.1-1 all
  Peripheral I/O (Python3 version)

python3-pyipmi/stable 0.5.7-1 all
  Pure Python IPMI library

python3-smbus/stable 4.4-2 arm64
  Python 3 bindings for Linux SMBus access through i2c-dev

python3-smbus2/stable 0.4.3-1 arm64
  another pure Python implementation of the python-smbus package

python3-smbus2-doc/stable 0.4.3-1 all
  doc for another pure Python implementation of the python-smbus

xmlrpc-api-utils/stable 1.59.03-10 arm64
  Generate C++ wrapper classes for XML-RPC servers

