
WARNING: apt does not have a stable CLI interface. Use with caution in scripts.

Sorting...
Full Text Search...
0xffff/stable 0.9-1+b2 arm64
  Open Free Fiasco Firmware Flasher

9base/stable 1:6-14+b1 arm64
  Plan 9 userland tools

aircrack-ng/stable 1:1.7+git20230807.4bf83f1a-2 arm64
  wireless WEP/WPA cracking utilities

airspy/stable 1.0.10-3+b3 arm64
  Tiny and efficient software defined radio receiver - utilities

ancient/stable 2.2.0-1+b1 arm64
  decompression routines for ancient formats

armagetronad-common/stable 0.2.9.1.1-1 all
  Common files for the Armagetron Advanced packages

as31/stable 2.3.1-12 arm64
  Intel 8031/8051 assembler

bambootracker/stable 0.6.5-1 arm64
  YM2608 (OPNA, sound chip of Yamaha) music tracker

bcc/stable 0.16.21-2 arm64
  16-bit x86 C compiler

bettercap/stable 2.33.0-1+b9 arm64
  Complete, modular, portable and easily extensible MITM framework

bin86/stable 0.16.21-2 arm64
  16-bit x86 assembler and loader

binutils-z80/stable 2.44-3+5+b1 arm64
  GNU binary utilities for the z80-unknown-coff target

bme280-doc/stable 0.2.4-2 all
  Python interface for a Bosch BME280 digital sensor module. Docs

bootterm/stable 0.5-1+b1 arm64
  simple terminal to ease connections with SBCs

brltty/stable 6.7-3.1+deb13u3 arm64
  Access software for a blind person using a braille display

brother-ql/stable 0.9.4-2 all
  Utility to interface with Brother QL label printers

bsdiff/stable 4.3-23+b1 arm64
  generate/apply a patch between two binary files

cackey/stable 0.7.11-2 arm64
  CAC and PIV Smartcard PKCS #11 cryptographic module

cc-tool/stable 0.27-1+b6 arm64
  support for Texas Instruments CC Debugger

centreon-plugins/stable 0.0~20250303+dfsg-1 all
  Collection of Nagios plugins to monitor OS, services and network devices

cgoban/stable 1.9.14-20 arm64
  complete Go board

circuslinux/stable 1.0.3-35+b1 arm64
  Clowns are trying to pop balloons to score points!

circuslinux-data/stable 1.0.3-35 all
  data files for circuslinux

coturn/stable 4.6.1-2+b2 arm64
  TURN and STUN server for VoIP

crasm/stable 1.8-3 arm64
  Cross assembler for 6800/6801/6803/6502/65C02/Z80

cronometer/stable 0.9.9+dfsg1-2 all
  CRON-o-Meter - Exercise and nutrient intake tracker

cycfx2prog/stable 0.47-1.3 arm64
  Cypress EZ-USB FX2 (LP) programmer

d52/stable 3.4.1-1.3+b1 arm64
  Disassembler for 8052, 8048/8041, and Z80/8080/8085 code

dasm/stable 2.20.15~20201109+really2.20.14.1-2+b1 arm64
  Macro assembler with support for several 8-bit microprocessors

dict-de-en/stable 1.9-9 all
  German-English translation dictionary for dictd

dict-freedict-afr-deu/stable 2022.04.21-1 all
  Afrikaans-German dictionary for the dict server/client

dict-freedict-deu-ell/stable 2024.11.01-2 all
  German-Modern Greek dictionary for the dict server/client

dict-freedict-deu-pol/stable 2024.11.01-2 all
  German-Polish dictionary for the dict server/client

dict-freedict-fin-eng/stable 2024.11.01-2 all
  Finnish-English dictionary for the dict server/client

dict-freedict-fin-nld/stable 2024.11.01-2 all
  Finnish-Dutch dictionary for the dict server/client

dict-freedict-gle-pol/stable 2022.04.21-1 all
  Irish-Polish dictionary for the dict server/client

dict-freedict-hrv-eng/stable 2022.04.21-1 all
  Croatian-English dictionary for the dict server/client

dict-freedict-ita-nor/stable 2024.11.01-2 all
  Italian-Norwegian dictionary for the dict server/client

dict-freedict-ita-pol/stable 2024.11.01-2 all
  Italian-Polish dictionary for the dict server/client

dict-freedict-kha-eng/stable 2022.04.21-1 all
  Khasi-English dictionary for the dict server/client

dict-freedict-spa-cat/stable 2024.11.01-2 all
  Spanish-Catalan dictionary for the dict server/client

dict-freedict-swe-fra/stable 2024.11.01-2 all
  Swedish-French dictionary for the dict server/client

dict-freedict-tur-fin/stable 2024.11.01-2 all
  Turkish-Finnish dictionary for the dict server/client

dict-vera/stable 1:1.24-1 all
  Dictionary of computer related acronyms -- dict format

dis51/stable 0.5-2 arm64
  Disassembler for 8051 code in Intel Hex format

dolphin-emu/stable 2503+dfsg-1+deb13u1 arm64
  Gamecube and Wii emulator

dolphin-emu-data/stable 2503+dfsg-1+deb13u1 all
  Gamecube and Wii emulator - data files

e-wrapper/stable 0.2-1 all
  invoke your editor, with optional file:lineno handling

eapoltest/stable 2:2.10-24 arm64
  EAPoL testing utility

elks-libc/stable 0.16.21-2 all
  16-bit x86 C library and include files

elpa-verbiste/stable 0.1.49-1 all
  French and Italian conjugator - emacs extension

empire/stable 1.18-1 arm64
  war game of the century

emu8051/stable 2.0.1-3+b2 arm64
  Emulator and simulator for 8051 microcontrollers

erlang-public-key/stable 1:27.3.4.1+dfsg-1+deb13u2 arm64
  Erlang/OTP public key infrastructure

esnacc/stable 1.8.1-5 arm64
  ASN.1 to C or C++ or IDL compiler

espeak-ng/stable 1.52.0+dfsg-5 arm64
  Multi-lingual software speech synthesizer

fd-find/stable 10.2.0-1+b5 arm64
  Simple, fast and user-friendly alternative to find

firmware-ath9k-htc/stable 1.4.0-110-ge888634+dfsg1-0.1 all
  firmware for AR7010 and AR9271 USB wireless adapters

firmware-carl9170/stable 1.9.9-450-gad1c721+dfsg-0.1 all
  firmware for AR9170 USB wireless adapters

fnt/stable 1.9-1 all
  Font downloader/manager

fonts-arphic-ukai/stable 0.2.20080216.2-5 all
  "AR PL UKai" Chinese Unicode TrueType font collection Kaiti style

fonts-arphic-uming/stable 0.2.20080216.2-11 all
  "AR PL UMing" Chinese Unicode TrueType font collection Mingti style

fonts-atarismall/stable 2.3-3 all
  Very small 4 x 8 font

fonts-gfs-didot-classic/stable 1.1-6 all
  greek font family (Classic Didot revival)

fonts-gfs-olga/stable 1.1-6 all
  ancient Greek oblique font revival (companion to GFS Didot)

fonts-gfs-porson/stable 1.1-7 all
  Greek font (Porson revival)

fonts-manchufont/stable 2.007.svn0068-5.1 all
  Smart OpenType font for Manchu script

fonts-sil-gentium/stable 20081126:1.03-4 all
  extended Unicode Latin font ("a typeface for the nations")

furnace/stable 0.6.8.1+git20250403+ds-1 arm64
  multi-system chiptune tracker compatible with DefleMask modules

fuse-emulator-gtk/stable 1.6.0+dfsg1-2+b2 arm64
  The Free Unix Spectrum Emulator (GTK version)

fuse-emulator-sdl/stable 1.6.0+dfsg1-2+b2 arm64
  The Free Unix Spectrum Emulator (SDL version)

fuse-emulator-utils/stable 1.4.3-2+b2 arm64
  The Free Unix Spectrum Emulator - Utilities

gkrellmwireless/stable 2.0.3-2+b2 arm64
  802.11 wireless link monitor plugin for GKrellM

glances-doc/stable 4.3.1+dfsg-1 all
  Documentation for glances Curses-based monitoring tool

gnugo/stable 3.8-13+b1 arm64
  play the game of Go

gnupg/stable,now 2.4.7-21+deb13u1 all [installed,automatic]
  GNU privacy guard - a free PGP replacement

gnupg-agent/stable 2.4.7-21+deb13u1 all
  GNU privacy guard - cryptographic agent (dummy transitional package)

gnupg-l10n/stable,now 2.4.7-21+deb13u1 all [installed,automatic]
  GNU privacy guard - localization files

gnupg1/stable 1.4.23-3 arm64
  GNU privacy guard - a PGP implementation (deprecated "classic" version)

gnupg1-l10n/stable 1.4.23-3 all
  GNU privacy guard "classic" - localization files (deprecated)

gnupg2/stable 2.4.7-21+deb13u1 all
  GNU privacy guard - a free PGP replacement (dummy transitional package)

gnusim8085/stable 1.4.1-1+b3 arm64
  Graphical Intel 8085 simulator, assembler and debugger

golang-github-d2r2-go-bsbmp-dev/stable 0.0~git20190515.3b4b3ae-3 all
  interact with Bosch Sensortec BMP180/BMP280/BME280/BMP388 sensors (library)

golang-github-d2r2-go-i2c-dev/stable 0.0~git20191123.73a8a79-3 all
  I2C-bus interaction of peripheral sensors with single-board computers (library)

golang-github-denisenkom-go-mssqldb-dev/stable 0.0~git20170717.0.8fccfc8-7 all
  Microsoft SQL server driver written in go language

golang-github-dennwc-varint-dev/stable 1.0.0-3 all
  fast varint library for Go (library)

golang-github-evilsocket-islazy-dev/stable 1.11.0-1 all
  Set of opinionated packages, objects, helpers and functions

golang-github-mdlayher-ethernet-dev/stable 0.0~git20220221.529eae5-1 all
  Marshaling and unmarshaling of Ethernet frames and VLAN tags

golang-github-mdlayher-wifi-dev/stable 0.4.0-1 all
  access to IEEE 802.11 Wi-Fi device actions and statistics (library)

golang-github-nebulouslabs-go-upnp-dev/stable 0.0~git20171003.0.1be4557-1.1 all
  Opinionated interface to Internet Gateway Devices

golang-github-openprinting-goipp-dev/stable 1.0.0-2 all
  IPP core protocol in pure Go Library (RFC 8010)

golang-github-secure-io-sio-go-dev/stable 0.3.1-2 all
  Authenticated encryption for streams in Go (library)

golang-github-xdg-go-pbkdf2-dev/stable 1.0.0-3 all
  PBKDF2 key generation (library)

golang-github-xdg-go-scram-dev/stable 1.1.2-1 all
  RFC-5802 SCRAM in Go (library)

golang-github-xtaci-kcp-dev/stable 5.6.1-2 all
  Full-Featured Reliable-UDP Library for golang

golang-github-zmap-zlint-dev/stable 3.6.2-4 all
  X.509 Certificate Linter focused on Web PKI standards (library)

gost-crypto-dkms/stable 0.3.5-1.1 all
  Linux kernel modules implementing GOST cryptography

gpg/stable,now 2.4.7-21+deb13u1+b4 arm64 [installed]
  GNU Privacy Guard -- minimalist public key operations

gpg-agent/stable,now 2.4.7-21+deb13u1+b4 arm64 [installed,automatic]
  GNU privacy guard - cryptographic agent

gpg-wks-client/stable,now 2.4.7-21+deb13u1+b4 arm64 [installed,automatic]
  GNU privacy guard - Web Key Service client

gpg-wks-server/stable 2.4.7-21+deb13u1+b4 arm64
  GNU privacy guard - Web Key Service server

gpgsm/stable,now 2.4.7-21+deb13u1+b4 arm64 [installed,automatic]
  GNU privacy guard - S/MIME version

gpgv-static/stable 2.4.7-21+deb13u1+b4 arm64
  minimal signature verification tool (static build)

gtkmm-documentation/stable 4.12.0-1 all
  Documentation of C++ wrappers for GLib/GTK

gxemul/stable 0.7.0+dfsg-2 arm64
  machine emulator for multiple architectures

haskell-lazy-csv-utils/stable 0.5.1-7+b1 arm64
  efficient lazy parsers for CSV (comma-separated values)

hatari/stable 2.5.0+dfsg-1+b1 arm64
  Emulator for the Atari ST, STE, TT, and Falcon computers

hinawa-utils/stable 0.4.0-1 all
  Utilities to control Audio and Music units on FireWire (IEEE1394)

horst/stable 5.1-3+b1 arm64
  Highly Optimized Radio Scanning Tool

hostapd/stable 2:2.10-24 arm64
  access point and authentication server for Wi-Fi and Ethernet

icebreaker/stable 2.2.0-1+b2 arm64
  Break the iceberg

imagination/stable 3.6-2+b2 arm64
  DVD slide show maker

iscsiuio/stable 2.1.11-1+deb13u2 arm64
  iSCSI offloading daemon for QLogic devices

itagalog/stable 0.3.1-10 all
  Tagalog dictionary for Ispell

iw/stable 6.9-1+b1 arm64
  tool for configuring Linux wireless devices

iwd/stable 3.8-2 arm64
  wireless daemon for Linux

kanjidic-xml/stable 2024.08.06 all
  Kanji Dictionary in XML format

kgames/stable 2.4.1-1 arm64
  Venerable selection of Xaw-based games

kism3d/stable 0.2.2.1-7 arm64
  802.11 visualizer for s3d

lcdproc/stable 0.5.9-7+b3 arm64
  LCD display driver daemon and clients

lcdproc-extra-drivers/stable 0.5.9-7+b3 arm64
  extra drivers for the LCD display driver daemon

ldraw-parts-free/stable 2502+dfsg-2 all
  LDraw parts library

levee/stable 4.0-2 arm64
  very small vi clone

libairspy-dev/stable 1.0.10-3+b3 arm64
  Tiny and efficient software defined radio receiver - development

libairspy0/stable 1.0.10-3+b3 arm64
  Tiny and efficient software defined radio receiver - library

libancient-dev/stable 2.2.0-1+b1 arm64
  decompression routines for ancient formats - development files

libancient2/stable 2.2.0-1+b1 arm64
  decompression routines for ancient formats

libauthen-scram-perl/stable 0.011-2 all
  Salted Challenge Response Authentication Mechanism (RFC 5802)

libcapstone5/stable 5.0.7-1~deb13u1 arm64
  lightweight multi-architecture disassembly framework - library

libclass-autoloadcan-perl/stable 0.03-4 all
  module managing conflict between AUTOLOAD, can and inheritance

libcld2-0/stable 0.0.0-git20150806-9+b2 arm64
  Compact Language Detector 2, library package

libcld2-dev/stable 0.0.0-git20150806-9+b2 arm64
  Compact Language Detector 2, development package

libcoin80t64/stable 4.0.3+ds-2 arm64
  high-level 3D graphics kit implementing the Open Inventor API

libcommons-csv-java/stable 1.9.0-1 all
  Library for reading and writing CSV files

libdmrconf-dev/stable 0.12.1-1 arm64
  Header files for libdmrconf

libdmrconf0/stable 0.12.1-1 arm64
  Library to program DMR radios

libdsk-utils/stable 1.5.9+dfsg-1+b2 arm64
  library for accessing discs and disc image file (utilities)

libdsk4/stable 1.5.9+dfsg-1+b2 arm64
  library for accessing discs and disc image file

libdsk4-dev/stable 1.5.9+dfsg-1+b2 arm64
  library for accessing discs and disc image file (development headers)

libesnacc180/stable 1.8.1-5 arm64
  ASN.1 to C or C++ or IDL compiler, shared libraries

libfailures-perl/stable 0.004-3 all
  minimalist exception hierarchy generator

libformfactor-dev/stable 0.3.1-1+b2 arm64
  computation of scattering form factors - development files

libformfactor0.3.0/stable 0.3.1-1+b2 arm64
  C++ library for the efficient computation of scattering form factors

libghc-crypton-x509-dev/stable 1.7.7-1+b1 arm64
  X509 reader and writer

libghc-crypton-x509-doc/stable 1.7.7-1 all
  X509 reader and writer; documentation

libghc-crypton-x509-prof/stable 1.7.7-1+b1 arm64
  X509 reader and writer; profiling libraries

libghc-crypton-x509-validation-dev/stable 1.6.12-3+b1 arm64
  X.509 certificate and CRL validation

libghc-crypton-x509-validation-doc/stable 1.6.12-3 all
  X.509 certificate and CRL validation; documentation

libghc-crypton-x509-validation-prof/stable 1.6.12-3+b1 arm64
  X.509 certificate and CRL validation; profiling libraries

libghc-csv-dev/stable 0.1.2-18+b1 arm64
  CSV loader and dumper

libghc-csv-doc/stable 0.1.2-18 all
  CSV loader and dumper; documentation

libghc-csv-prof/stable 0.1.2-18+b1 arm64
  CSV loader and dumper; profiling libraries

libghc-hopenpgp-dev/stable 2.10.1-1 arm64
  implementation of OpenPGP (RFC4880)

libghc-hopenpgp-doc/stable 2.10.1-1 all
  implementation of OpenPGP (RFC4880); documentation

libghc-hopenpgp-prof/stable 2.10.1-1 arm64
  OpenPGP (RFC4880); profiling libraries

libghc-lazy-csv-dev/stable 0.5.1-7+b1 arm64
  efficient lazy parsers for CSV (comma-separated values)

libghc-lazy-csv-doc/stable 0.5.1-7 all
  efficient lazy parsers for CSV (comma-separated values); documentation

libghc-lazy-csv-prof/stable 0.5.1-7+b1 arm64
  efficient lazy parsers for CSV (comma-separated values); profiling libraries

libghc-openpgp-asciiarmor-dev/stable 0.1.2-5+b1 arm64
  OpenPGP (RFC4880) ASCII Armor codec

libghc-openpgp-asciiarmor-doc/stable 0.1.2-5 all
  OpenPGP (RFC4880) ASCII Armor codec; documentation

libghc-openpgp-asciiarmor-prof/stable 0.1.2-5+b1 arm64
  OpenPGP (RFC4880) ASCII Armor codec; profiling libraries

libghc-sha-dev/stable 1.6.4.4-6+b1 arm64
  Haskell SHA suite of message digest functions

libghc-sha-doc/stable 1.6.4.4-6 all
  Haskell SHA suite of message digest functions; documentation

libghc-sha-prof/stable 1.6.4.4-6+b1 arm64
  Haskell SHA suite of message digest functions; profiling libraries

libghc-x509-dev/stable 1.7.7-3 arm64
  X.509 reader and writer

libghc-x509-doc/stable 1.7.7-3 all
  X.509 reader and writer; documentation

libghc-x509-prof/stable 1.7.7-3 arm64
  X.509 reader and writer; profiling libraries

libghc-x509-validation-dev/stable 1.6.12-3+b1 arm64
  X.509 certificate and CRL validation

libghc-x509-validation-doc/stable 1.6.12-3 all
  X.509 certificate and CRL validation; documentation

libghc-x509-validation-prof/stable 1.6.12-3+b1 arm64
  X.509 certificate and CRL validation; profiling libraries

libgme-dev/stable 0.6.3-7+b2 arm64
  Playback library for video game music files - development files

libgme0/stable 0.6.3-7+b2 arm64
  Playback library for video game music files - shared library

libgtkmm-2.4-1t64/stable 1:2.24.5-6 arm64
  C++ wrappers for GTK+ 2 (shared libraries)

libgtkmm-2.4-dev/stable 1:2.24.5-6 arm64
  C++ wrappers for GTK+ 2 (development files)

libgtkmm-2.4-doc/stable 1:2.24.5-6 all
  C++ wrappers for GTK+ 2 (documentation)

libgtkmm-3.0-1t64/stable 3.24.10-1 arm64
  C++ wrappers for GTK+ (shared libraries)

libgtkmm-3.0-dev/stable 3.24.10-1 arm64
  C++ wrappers for GTK+ (development files)

libgtkmm-3.0-doc/stable 3.24.10-1 all
  C++ wrappers for GTK+ (documentation)

libgtkmm-4.0-0/stable 4.18.0-1 arm64
  C++ wrappers for GTK4 (shared libraries)

libgtkmm-4.0-dev/stable 4.18.0-1 arm64
  C++ wrappers for GTK4 (development files)

libgtkmm-4.0-doc/stable 4.18.0-1 all
  C++ wrappers for GTK4 (documentation)

libjs-jshash/stable 2.2-5 all
  calculate secure hash algorithms in JavaScript

libkpim6kmanagesieve6/stable 4:24.12.3-1 arm64
  Sieve remote script management support for kdepim, library

libkpim6ksieveui6/stable 4:24.12.3-1 arm64
  Sieve mail filtering language support for kdepim, GUI library

liblldpctl-dev/stable 1.0.18-1+b2 arm64
  implementation of IEEE 802.1ab (LLDP) - development files

libmath-calc-units-perl/stable 1.07-2.1 all
  Human-readable unit-aware calculator

libmath-nocarry-perl/stable 1.117-1 all
  Perl module for no carry arithmetic

libmath-random-isaac-perl/stable 1.004-2 all
  Perl interface to the ISAAC PRNG Algorithm

libmath-random-mt-perl/stable 1.17-2+b4 arm64
  Perl implementation of the Mersenne Twister algorithm

libmath-random-tt800-perl/stable 1.01-4+b4 arm64
  Perl module implementing the TT800 algorithm

libmeep-dev/stable 1.29.0-2 arm64
  development library for using meep

libmeep-mpi-default-dev/stable 1.29.0-2 arm64
  development library for using parallel version of meep

libmeep-mpi-default33/stable 1.29.0-2 arm64
  library for using parallel version of meep

libmeep33/stable 1.29.0-2 arm64
  library for using meep

libmodplug-dev/stable 1:0.8.9.0-3+b2 arm64
  development files for mod music based on ModPlug

libmodplug1/stable 1:0.8.9.0-3+b2 arm64
  shared libraries for mod music based on ModPlug

libndpi-bin/stable 4.2-2.1+b3 arm64
  extensible deep packet inspection library - ndpiReader

libndpi-dev/stable 4.2-2.1+b3 arm64
  extensible deep packet inspection library - development files

libndpi-wireshark/stable 4.2-2.1+b3 arm64
  extensible deep packet inspection library - wireshark dissector

libndpi4.2t64/stable 4.2-2.1+b3 arm64
  extensible deep packet inspection library - shared library

libnet-sip-perl/stable 0.838-1 all
  framework for SIP modules

libnetconf2-4/stable 3.7.1-1 arm64
  library for IETF NETCONF protocol

libnetpbm-dev/stable 2:11.10.02-1 arm64
  Graphics conversion tools development libraries and header files

libnetpbm11t64/stable 2:11.10.02-1 arm64
  Graphics conversion tools shared libraries

libqrencode-dev/stable 4.1.1-2 arm64
  QR Code encoding library -- development

libqrencode4/stable 4.1.1-2 arm64
  QR Code encoding library

librnp-dev/stable 0.17.1-1+b1 arm64
  Cross-platform OpenPGP (RFC4880) tools (development files)

librnp0/stable 0.17.1-1+b1 arm64
  Cross-platform OpenPGP (RFC4880) tools (library)

librust-aes-kw-dev/stable 0.2.1-1+b2 arm64
  AES Key Wrap (KW) and Key Wrap with Padding (KWP) modes - Rust source code

librust-extended-dev/stable 0.1.0-1+b2 arm64
  Extended precision 80-bit floating-point numbers (f80) - Rust source code

librust-p256-dev/stable 0.13.2-1+b2 arm64
  Pure Rust implementation of the NIST P-256 (a.k.a - Rust source code

librust-p384-dev/stable 0.13.0-1+b2 arm64
  Pure Rust implementation of the NIST P-384 (a.k.a - Rust source code

librust-p521-dev/stable 0.13.3-3 arm64
  Pure Rust implementation of the NIST P-521 (a.k.a - Rust source code

librust-pgp-dev/stable 0.15.0-2 arm64
  OpenPGP implementation in Rust - Rust source code

librust-pkcs1-dev/stable 0.7.5-1+b3 arm64
  Pure Rust implementation of Public-Key Cryptography Standards (PKCS) #1: RSA Cryptography Specifications Version 2.2 (RFC 8017) - Rust source code

librust-pkcs5-dev/stable 0.7.1-1+b3 arm64
  Pure Rust implementation of Public-Key Cryptography Standards (PKCS) #5: Password-Based Cryptography Specification Version 2.1 (RFC 8018) - Rust source code

librust-spki-dev/stable 0.7.3-1 arm64
  X.509 Subject Public Key Info (RFC5280) - Rust source code

librust-x509-parser-dev/stable 0.17.0-4.1 all
  parser for the X.509 v3 format - Rust source code

libscram-java/stable 3.1-1 all
  Salted Challenge Response Authentication Mechanism

libsidplayfp-dev/stable 2.12.0-1 arm64
  library to play Commodore 64 music based on libsidplay2 (development files)

libsidplayfp-doc/stable 2.12.0-1 all
  library to play Commodore 64 music based on libsidplay2  (documentation)

libsidplayfp6/stable 2.12.0-1 arm64
  Library to play Commodore 64 music based on libsidplay2

libspectrum-dev/stable 1.5.0-4+b2 arm64
  ZX Spectrum emulator library - Development files

libspectrum8/stable 1.5.0-4+b2 arm64
  ZX Spectrum emulator library - Shared libraries

libstrongswan/stable 6.0.1-6+deb13u6 arm64
  strongSwan utility and crypto library

libswresample-dev/stable 7:7.1.5-0+deb13u1 arm64
  FFmpeg library for audio resampling, rematrixing etc. - development files

libswresample5/stable,now 7:7.1.5-0+deb13u1 arm64 [installed,automatic]
  FFmpeg library for audio resampling, rematrixing etc. - runtime files

libtie-handle-offset-perl/stable 0.004-2 all
  module to provide tied handle that hides the beginning of a file

libtime-moment-perl/stable 0.44-2+b4 arm64
  Perl C/XS module representing date and time of day with UTC offset

libtk-dirselect-perl/stable 1.12-4 all
  cross-platform directory selection widget

libtk-gbarr-perl/stable 2.08-3 all
  various Tk Perl widgets

libusb3380-0t64/stable 0.0.1+git20190125.c83d1e9-2.1+b1 arm64
  USB3380 abstraction layer for libusb

libusb3380-dev/stable 0.0.1+git20190125.c83d1e9-2.1+b1 arm64
  USB3380 abstraction layer for libusb: development

libvdeplug-vlan/stable 0.1.0-2+b2 arm64
  libvdeplug nested plugin: VLAN

libverbiste-0.1-0v5/stable 0.1.49-1 arm64
  French and Italian conjugator - shared library

libverbiste-dev/stable 0.1.49-1 arm64
  French and Italian conjugator - development files

libwpa-client-dev/stable 2:2.10-24 arm64
  development files for WPA/WPA2 client support (IEEE 802.11i)

libx509-ocaml/stable 1.0.5-1+b9 arm64
  X.509 PKI purely in OCaml (runtime)

libx509-ocaml-dev/stable 1.0.5-1+b9 arm64
  X.509 PKI purely in OCaml (dev)

libz80ex-dev/stable 1.1.21-2+b2 arm64
  z80ex emulation library, development files

libz80ex1/stable 1.1.21-2+b2 arm64
  z80ex emulation library, shared files

libzint-dev/stable 2.15.0-1+b1 arm64
  Zint development files

libzint2.15/stable 2.15.0-1+b1 arm64
  library for encoding data in barcode symbols

linssid/stable 3.6-10 arm64
  graphical wireless scanner

linuxptp/stable 4.2-1+b1 arm64
  Precision Time Protocol (PTP, IEEE1588) implementation for Linux

liquidctl/stable 1.15.0-2 arm64
  CLI and Python drivers for AIO liquid coolers and other devices

lldpd/stable 1.0.18-1+b2 arm64
  implementation of IEEE 802.1ab (LLDP)

luma.lcd-doc/stable 2.10.0-1 all
  doc for library interfacing small LCD displays

madwimax/stable 0.1.1-4 arm64
  user-space driver for mWiMAX equipment based on Samsung CMC-730

mcu8051ide/stable 1.4.9-2 all
  Graphical Integrated Development Environment for 8051

mdk3/stable 6.0-9 arm64
  Wireless attack tool for IEEE 802.11 networks

mdk4/stable 4.2-5 arm64
  Wireless attack tool for IEEE 802.11 networks

meep/stable 1.29.0-2 arm64
  software package for FDTD simulation

meep-mpi-default/stable 1.29.0-2 arm64
  software package for FDTD simulation, parallel version

miredo/stable 1.2.6-7.2+b1 arm64
  Teredo IPv6 tunneling through NATs

monitoring-plugins-contrib/stable 48.20250420 arm64
  Plugins for nagios compatible monitoring systems

mppenc/stable 1.16-2 arm64
  Musepack lossy audio codec encoder

multimon/stable 1.0-8+b1 arm64
  Linux Radio Transmission Decoder

multimon-ng/stable 1.3.1+dfsg-1+b1 arm64
  digital radio transmission decoder

natlog/stable 3.01.00-1 arm64
  Source-natting firewall logging utility

netpbm/stable 2:11.10.02-1 arm64
  Graphics conversion tools between image formats

network-manager-iwd/stable 3.8-2 all
  wireless daemon for Linux - NetworkManager integration

nik4/stable 1.8-2 arm64
  Mapnik to image export

nmrpflash/stable 0.9.14-16-ge95526d-4+b2 arm64
  firmware flash utility for Netgear devices

node-hmac-drbg/stable 1.0.1-5 all
  Deterministic random bit generator (hmac) in pure javascript

node-jose/stable 4.11.4-1 all
  JOSE library without dependencies

node-jose-browser-runtime/stable 4.11.4-1 all
  JOSE library without dependencies (browser runtime)

node-topojson/stable 1.6.27+~cs15.25.116-1 all
  Node.js extension of GeoJSON that encodes topology

node-unique-filename/stable 1.1.1+ds-2 all
  unique filename for use in temporary directories or caches

odr-padenc/stable 3.0.0-3 arm64
  This is an encoder for Programme Associated Data

omnidb-server/stable 3.0.3b+ds-6 all
  Web tool for database management

openvswitch-common/stable 3.5.0-1+b1 arm64
  Open vSwitch common components

openvswitch-doc/stable 3.5.0-1 all
  Open vSwitch documentation

openvswitch-ipsec/stable 3.5.0-1+b1 arm64
  Open vSwitch IPsec tunneling support

openvswitch-pki/stable 3.5.0-1 all
  Open vSwitch public key infrastructure dependency package

openvswitch-source/stable 3.5.0-1 all
  Open vSwitch source code

openvswitch-switch/stable 3.5.0-1+b1 arm64
  Open vSwitch switch implementations

openvswitch-switch-dpdk/stable 3.5.0-1+b1 arm64
  DPDK enabled Open vSwitch switch implementation

openvswitch-test/stable 3.5.0-1 all
  Open vSwitch test package

openvswitch-vtep/stable 3.5.0-1+b1 arm64
  Open vSwitch VTEP utilities

ostinato/stable 1.3.0-1+b2 arm64
  Packet/Traffic Generator and Analyzer

pachi/stable 1:1.0-15 arm64
  Platform game featuring Pachi el marciano

pachi-data/stable 1:1.0-15 all
  Platform game featuring Pachi el marciano (data files)

packeth/stable 3.0-1 arm64
  Ethernet packet generator

pasmo/stable 0.5.3-8+b1 arm64
  easy to use Z80 cross-assembler

pd-iemlib/stable 1.22.3-4 arm64
  collection of general purpose objects and filters for Pure Data

pesign/stable 116-8.1 arm64
  Signing utility for UEFI binaries

plc-utils-doc/stable 0.0.6+git20250517.7fb8ac5-1 all
  Additional documentation from the Atheros Powerline toolkit

plc-utils-extra/stable 0.0.6+git20250517.7fb8ac5-1 arm64
  Extended toolkit for HomePlug Powerline network adapters with Atheros chipsets

postgresql-17-hll/stable 2.18-2 arm64
  HyperLogLog extension for PostgreSQL

printer-driver-brlaser/stable 6.2.7-1 arm64
  printer driver for (some) Brother laser printers

printer-driver-fujixerox/stable 1.1.0+ds-4+b3 arm64
  printer driver for Fuji Xerox printers

prosody-modules/stable 0.0~hg20250402.f315edc39f3d+dfsg-2 all
  Selection of community modules for Prosody

purple-xmpp-carbons/stable 0.2.3-1.1 arm64
  XMPP XEP-0280: Message Carbons plugin for libpurple

python-chardet-doc/stable 5.2.0+dfsg-2 all
  Universal Character Encoding Detector (Documentation)

python-pg8000-doc/stable 1.31.2-1 all
  transitional package

python3-aiosasl/stable 0.5.0-1 all
  Protocol-agnostic SASL library for use with asyncio

python3-apsystems-ez1/stable 2.3.0-2 all
  interface for interacting with the local API of APsystems EZ1 Microinverters

python3-arcp/stable 0.2.1-7 all
  (Archive and Package) URI parser and generator

python3-bme280/stable 0.2.4-2 all
  Python interface for a Bosch BME280 digital sensor module

python3-broadlink/stable 0.19.0-1 all
  Python API for controlling Broadlink devices

python3-chardet/stable 5.2.0+dfsg-2 all
  Universal Character Encoding Detector (Python3)

python3-ephemeral-port-reserve/stable 1.1.4-4 all
  binds to an ephemeral port, force it into the TIME_WAIT state, and unbind it

python3-freesas/stable 2024.9.0-3 arm64
  Python libraries for small angle scattering tools

python3-gsw/stable 3.6.19-1+b3 arm64
  Python 3 implementation of the Thermodynamic Equation of Seawater

python3-luma.lcd/stable 2.10.0-1 arm64
  library interfacing small LCD displays

python3-meep/stable 1.29.0-2 arm64
  software package for FDTD simulation with Python

python3-meep-mpi-default/stable 1.29.0-2 arm64
  software package for FDTD simulation with Python

python3-mpi4py-fft/stable 2.0.6-2 arm64
  a Python package for computing Fast Fourier Transforms (FFTs) with MPI

python3-mpi4py-fft-doc/stable 2.0.6-2 all
  a Python package for computing Fast Fourier Transforms (FFTs) with MPI (docs)

python3-openvswitch/stable 3.5.0-1+b1 arm64
  Python 3 bindings for Open vSwitch

python3-oralb-ble/stable 0.18.0-3 all
  Bluetooth library for Oral-B devices

python3-pg8000/stable 1.31.2-1 all
  Pure-Python PostgreSQL Driver (Python 3)

python3-pgpdump/stable 1.5-4 all
  PGP packet parser library (Python 3)

python3-pgpy/stable 0.6.0-1.4 all
  OpenPGP (Pretty Good Privacy) RFC 4880 implementation in Python 3

python3-pgpy-doc/stable 0.6.0-1.4 all
  OpenPGP (Pretty Good Privacy) RFC 4880 implementation in Python (documentation)

python3-pyric/stable 0.1.6.4+git20170421.0562b17-1 all
  Python library for Linux wireless device control

python3-pywws/stable 24.8.0-2 all
  software for wireless weather stations

python3-radiotherm/stable 2.1.0-3 all
  Client library for Wi-Fi thermostats sold by Radio Thermostat

python3-rdflib-sqlalchemy/stable 0.5.4+git99f4689-2 all
  RDFLib store using SQLAlchemy dbapi as back-end

python3-segno/stable 1.6.6-2 all
  Python QR Code and Micro QR Code encoder

python3-tomli/stable 2.2.1-2+b1 arm64
  lil' TOML parser for Python

python3-voip-utils/stable 0.3.3-1 all
  Utilities for managing Voice over IP communication

qdmr/stable 0.12.1-1 arm64
  GUI application to program DMR radios

qtads/stable 3.4.0+dfsg-1+b3 arm64
  Qt HTML interpreter for TADS

r-cran-apcluster/stable 1.4.13-1 arm64
  Affinity Propagation Clustering

r-cran-brglm2/stable 0.9.2+dfsg-1+b1 arm64
  GNU R bias reduction in generalized linear models

r-cran-clubsandwich/stable 0.5.11-1 all
  GNU R cluster-robust (Sandwich) variance estimators with small-sample

r-cran-cmstatr/stable 0.10.0-1 all
  GNU R Statistical Methods for Composite Material Data

r-cran-dqrng/stable 0.3.2+dfsg-1+b1 arm64
  GNU R fast pseudo random number generators

r-cran-emmeans/stable 1.10.7+dfsg-1 all
  GNU R estimated marginal means, aka least-squares means

r-cran-geoknife/stable 1.6.11+dfsg-1 all
  GNU R web-processing of large gridded datasets

r-cran-ks/stable 1.14.3-1 arm64
  GNU R kernel smoothing

r-cran-lava/stable 1.8.1+dfsg-1 all
  GNU R latent variable models

r-cran-mixsqp/stable 0.3-54-1+b1 arm64
  Quadratic Programming for Estimation of Mixture Proportions

r-cran-pammtools/stable 0.5.93-1 all
  GNU R piece-wise exponential additive mixed modeling tools

r-cran-pcapp/stable 2.0-5-1 arm64
  Robust PCA by Projection Pursuit

r-cran-poissonbinomial/stable 1.2.7-1 arm64
  GNU R Efficient Computation of Ordinary and Generalized Poisson

r-cran-qgam/stable 1.3.4-1 arm64
  Smooth Additive Quantile Regression Models

r-cran-rlinsolve/stable 0.3.2-1+b1 arm64
  Iterative Solvers for (Sparse) Linear System of Equations

r-cran-rwave/stable 2.6-5-1+b1 arm64
  GNU R time-frequency analysis of 1-D signals

r-cran-spatialreg/stable 1.3-6+dfsg-1 arm64
  GNU R spatial regression analysis

r-cran-splines2/stable 0.5.4-1 arm64
  GNU R regression spline functions and classes

r-cran-themis/stable 1.0.3-1 all
  GNU R extra recipes steps for dealing with unbalanced data

r-cran-uwot/stable 0.2.3-1 arm64
  GNU R uniform manifold approximation and projection (UMAP)

raven/stable 1.1.0-1 all
  Python tool that extends the capabilities of the http.server Python module

rna-star/stable 2.7.11b+dfsg-2+b2 arm64
  ultrafast universal RNA-seq aligner

rnp/stable 0.17.1-1+b1 arm64
  Cross-platform OpenPGP (RFC4880) tools (command-line tool)

rs/stable 20200313-1+b1 arm64
  reshape a data array

ruby-certificate-authority/stable 1.1.0-1 all
  tool to manage the core functions outlined in RFC-3280 for PKI

ruby-ed25519/stable 1.4.0+ds-1 arm64
  efficient digital signature library providing the Ed25519 algorithm

ruby-uuid/stable 2.3.9-4 all
  UUID generator for Ruby

s51dude/stable 0.3.1-1.1+b3 arm64
  In-System Programmer for 8051 MCUs using usbtiny

scdaemon/stable 2.4.7-21+deb13u1+b4 arm64
  GNU privacy guard - smart card support

scottfree/stable 1.14-12+b1 arm64
  Interpreter for Adventure International games

sdcc/stable 4.5.0+dfsg-1 arm64
  Small Device C Compiler

sdcc-doc/stable 4.5.0+dfsg-1 all
  Small Device C Compiler (documentation)

sdcc-libraries/stable 4.5.0+dfsg-1 all
  Small Device C Compiler (libraries)

sdcc-ucsim/stable 4.5.0+dfsg-1 arm64
  Micro-controller simulator for SDCC

slowloris/stable 0.2.6+git20230430.890f72d-2 all
  Security testing tool for web servers

sopwith/stable 2.8.0-1 arm64
  port of the 1980's side-scrolling WWI dogfighting game

sp800-90b-entropy-assessment/stable 1.1.8-3 arm64
  Estimating the quality of a source of entropy

spin/stable 6.5.2+dfsg-2 arm64
  formal software verification tool

ssg-applications/stable 0.1.76-1 all
  SCAP Guides and benchmarks targeting userspace applications

ssg-base/stable 0.1.76-1 all
  SCAP Security guide base content and documentation

ssg-debderived/stable 0.1.76-1 all
  SCAP Guides and benchmarks targeting Debian-based OS

ssg-debian/stable 0.1.76-1 all
  SCAP Guides and benchmarks targeting Debian releases

ssg-nondebian/stable 0.1.76-1 all
  SCAP Guides and benchmarks targeting other GNU/Linux OS

stayrtr/stable 0.6.2-1+deb13u1 arm64
  RPKI to Router server

stella/stable 7.0+dfsg-2 arm64
  Atari 2600 Emulator for SDL & the X Window System

swe-basic-data/stable 4.0-20221111-2 all
  Swiss Ephemeris library (basic set of ephemeris files).

swe-extra-data/stable 4.0-20221111-2 all
  Swiss Ephemeris library (extra set of ephemeris files).

tanidvr/stable 1.4.1-2+b1 arm64
  tool for DVRs and IP cameras based on DVR-IP protocol used by Dahua

tennix/stable 1.3.4-0.1+b4 arm64
  2D tennis game

tilem/stable 2.0-5.1 arm64
  GTK+ TI Z80 calculator emulator

tilem-data/stable 2.0-5.1 all
  GTK+ TI Z80 calculator emulator (data files)

topline/stable 0.6-1 arm64
  per-core/NUMA CPU and disk utilization plain-text grapher

tpm2daemon/stable 2.4.7-21+deb13u1+b4 arm64
  GNU privacy guard - TPM2 support

trackballs/stable 1.3.4-2 arm64
  OpenGL-based game of steering a marble through a labyrinth

trans-de-en/stable 1.9-9 all
  German-English translation dictionary

u-boot-tegra/stable 2025.01-3 arm64
  A boot loader for NVIDIA Tegra systems

vcfanno/stable 0.3.5+ds-2+b9 arm64
  annotate a VCF with other VCFs/BEDs/tabixed files

vde2/stable 2.3.2+r586-11 arm64
  Virtual Distributed Ethernet

vera/stable 1.24-1 all
  Dictionary of computer related acronyms -- info format

verbiste/stable 0.1.49-1 arm64
  French and Italian conjugator

verbiste-gnome/stable 0.1.49-1 arm64
  French and Italian conjugator - GNOME interface

verbiste-gtk/stable 0.1.49-1 arm64
  French and Italian conjugator - GTK app

vim-syntastic/stable 3.10.0-3 all
  Syntax checking hacks for vim

wmwave/stable 0.4-11.2 arm64
  Monitor status of an 802.11 wireless ethernet link

wordwarvi/stable 1.0.4-2+b3 arm64
  retro-styled side-scrolling shoot'em up arcade game

wordwarvi-sound/stable 1.0.4-2 all
  retro-styled side-scrolling shoot'em up arcade game [Sound Files]

wpagui/stable 2:2.10-24 arm64
  graphical user interface for wpa_supplicant

wpan-tools/stable 0.9-1+b1 arm64
  Configure and test 802.15.4 devices

wpasupplicant/stable 2:2.10-24 arm64
  client support for WPA and WPA2 (IEEE 802.11i)

xmms2-plugin-gme/stable 0.8+dfsg-28+b1 arm64
  XMMS2 - gme plug-in

xsct/stable 2.3-1 arm64
  X11 set screen color temperature

xserver-xorg-video-radeon/stable 1:22.0.0-1+b2 arm64
  X.Org X server -- AMD/ATI Radeon display driver

yatm/stable 0.9-5+b1 arm64
  Command line audio file player with time stretching capabilities

z80asm/stable 1.8-2+b1 arm64
  assembler for the Zilog Z80 microprocessor

z80dasm/stable 1.1.6-1+b1 arm64
  disassembler for the Zilog Z80 microprocessor

zhcon/stable 1:0.2.6-20+b2 arm64
  Fast console CJK system using FrameBuffer (main program)

zint/stable 2.15.0-1+b1 arm64
  command line utility to encode data in barcode symbols

zint-qt/stable 2.15.0-1+b1 arm64
  Zint Barcode Studio, a QT frontend to zint

zlint/stable 3.6.2-4 arm64
  X.509 Certificate Linter focused on Web PKI standards (program)

