
WARNING: apt does not have a stable CLI interface. Use with caution in scripts.

Sorting...
Full Text Search...
afflib-tools/stable 3.7.21-1 arm64
  Advanced Forensics Format Library (utilities)

alfred/stable 2025.0-2 arm64
  Almighty Lightweight Fact Remote Exchange Daemon

android-libart/stable 14.0.0+r15-4+b1 arm64
  Android Runtime

arachne-pnr/stable 0.1+20190728gitc40fb22-3+b1 arm64
  Place and route tool for iCE40 family FPGAs

ardour/stable 1:8.12.0+ds-1 arm64
  the digital audio workstation

atac/stable 0~20150903+r2013-9+b1 arm64
  genome assembly-to-assembly comparison

autoconf2.69/stable 2.69-3.1 all
  automatic configure script builder (obsolete version)

autodock/stable 4.2.6-9+b2 arm64
  analysis of ligand binding to protein structure

autodock-test/stable 4.2.6-9 all
  test files for AutoDock

autofdo/stable 0.19-3+b2 arm64
  AutoFDO Profile Toolchain

babel-minify/stable 0.5.2+dfsg+~cs5.2.9-9 all
  ES6+ aware minifier based on the Babel toolchain

binaryen/stable 120-4 arm64
  compiler and toolchain infrastructure library for WebAssembly

binutils-mingw-w64/stable 2.43.1-5+12 all
  Cross-binutils for Win32 and Win64 using MinGW-w64

binutils-mingw-w64-i686/stable 2.44-3+12+b1 arm64
  Cross-binutils for Win32 (x86) using MinGW-w64

binutils-mingw-w64-ucrt64/stable 2.44-3+12+b1 arm64
  Cross-binutils for UCRT Win64 (x64) using MinGW-w64

binutils-mingw-w64-x86-64/stable 2.44-3+12+b1 arm64
  Cross-binutils for Win64 (x64) using MinGW-w64

botch-doc/stable 0.24-6 all
  Bootstrapping helper - documentation

bumps-private-libs/stable 1.0.0b2-2 arm64
  data fitting and Bayesian uncertainty modeling for inverse problems (libraries)

certinfo/stable 1.0.6+ds1-2+b18 arm64
  Print x509 certificate info

cl-consfigurator/stable 1.5.2-1 all
  Lisp declarative configuration management system

concavity/stable 0.1+dfsg.1-6 arm64
  predictor of protein ligand binding sites from structure and conservation

crm114/stable 20100106-11 arm64
  versatile classifier for e-mail and other data

damapper/stable 0.0+git20240314.b025cf9-1 arm64
  long read to reference genome mapping tool

darkradiant/stable 3.9.0-1+b2 arm64
  Level design toolchain for DOOM3 and The Dark Mod

debci/stable 3.12 all
  continuous integration system for Debian

debci-collector/stable 3.12 all
  continuous integration system for Debian (collector daemon)

debci-worker/stable 3.12 all
  continuous integration system for Debian (worker daemon)

debos/stable 1.1.5-1+deb13u1 arm64
  Debian OS builder

debug-me/stable 1.20221231-2.1 arm64
  secure remote debugging

debug-me-server/stable 1.20221231-2.1 all
  run a debug-me server for secure remote debugging

density-fitness/stable 1.1.3-1 arm64
  Calculates per-residue electron density scores

dialign-tx/stable 1.0.2-15+b1 arm64
  Segment-based multiple sequence alignment

dialign-tx-data/stable 1.0.2-15 all
  Segment-based multiple sequence alignment (data files)

dnstracer/stable 1.9-8+b1 arm64
  trace DNS queries to the source

domino-chain/stable 1.1-6 arm64
  Fun puzzle game with dominos

domino-chain-music/stable 1.1-6 all
  Fun puzzle game with dominos, music files

electrum/stable 4.5.8+ds-6 all
  Easy to use Bitcoin client

elpa-php-mode/stable 1.27.0-1 all
  PHP Mode for GNU Emacs

eq10q/stable 2.2~repack0-5+b1 arm64
  LV2 plugins bundle

erlang-p1-pkix/stable 1.0.10-2 arm64
  PKIX certificates management library for Erlang

filtergen/stable 0.12.8-3+b2 arm64
  packet filter generator for various firewall systems

fltk1.4-games/stable 1.4.3-1 arm64
  Fast Light Toolkit - example games: checkers, sudoku

fonts-sora/stable 0+git20201221+ds-3 all
  Sora typeface

fpgatools/stable 0.0+201212-1.1+b1 arm64
  tool to program field-programmable gate arrays

fwanalog/stable 0.6.9-11 all
  firewall log-file report generator (using analog)

fwlogwatch/stable 1.4-5 arm64
  Firewall log analyzer

fypp/stable 3.1-3 all
  Python powered Fortran preprocessor

gcc-arm-none-eabi/stable 15:14.2.rel1-1 arm64
  GCC cross compiler for ARM Cortex-R/M processors

gcc-arm-none-eabi-source/stable 15:14.2.rel1-1 all
  GCC cross compiler for ARM Cortex-R/M processors (source)

gcc-mingw-w64-i686-posix-runtime/stable 14.2.0-19+27+b1 arm64
  GNU Compiler Collection for MinGW-w64, i686/POSIX

gcc-mingw-w64-i686-win32-runtime/stable 14.2.0-19+27+b1 arm64
  GNU Compiler Collection for MinGW-w64, i686/Win32

gcc-mingw-w64-ucrt64-runtime/stable 14.2.0-19+27+b1 arm64
  GNU Compiler Collection for MinGW-w64, UCRT Win64

gcc-mingw-w64-x86-64-posix-runtime/stable 14.2.0-19+27+b1 arm64
  GNU Compiler Collection for MinGW-w64, x86-64/POSIX

gcc-mingw-w64-x86-64-win32-runtime/stable 14.2.0-19+27+b1 arm64
  GNU Compiler Collection for MinGW-w64, x86-64/Win32

gccrs-14/stable 14.2.0-19 arm64
  GNU Rust compiler

gccrs-14-aarch64-linux-gnu/stable 14.2.0-19 arm64
  GNU Rust compiler for the aarch64-linux-gnu architecture

gccrs-14-for-build/stable 14.2.0-19 all
  GNU Rust compiler for the build architecture

gccrs-14-for-host/stable 14.2.0-19 arm64
  GNU Rust compiler for the host architecture

gedit-latex-plugin/stable 46.2.2-1 all
  gedit plugin for composing and compiling LaTeX documents

gemdropx/stable 0.9-10 arm64
  Gem Drop X is an interesting one-player puzzle game for X11

gemma/stable 0.98.5+dfsg-3 arm64
  Genome-wide Efficient Mixed Model Association

git-sizer/stable 1.5.0-3+b12 arm64
  compute various size metrics for a Git repository

gnu-efi/stable 3.0.18-1+deb13u1 arm64
  Library for developing EFI applications

golang-any/stable 2:1.24~2 arm64
  Go programming language -- gccgo on "non-Go" platforms

golang-github-aydinnyunus-blockchain-dev/stable 0.0~git20220623.647ebea-5 all
  Client for the Blockchain.info API

golang-github-bep-logg-dev/stable 0.4.0-1 all
  fast and structured logging package for Go

golang-github-bits-and-blooms-bitset-dev/stable 1.13.0-1 all
  implementation of bitsets

golang-github-bmatsuo-lmdb-go-dev/stable 1.8.0+git20170215.a14b5a3-4 all
  Bindings for the LMDB C library

golang-github-btcsuite-btcd-chaincfg-chainhash-dev/stable 0.0+git20161209.0.7a4cc89-1.1 all
  generic hash types and functions for Go

golang-github-cheekybits-is-dev/stable 0.0~git20150225.0.68e9c06-4 all
  Mini testing helper for Go

golang-github-coreos-go-iptables-dev/stable 0.6.0-1 all
  Go bindings for iptables utility

golang-github-ffuf-pencode-dev/stable 0.4-1+b8 arm64
  Complex payload encoder (program)

golang-github-go-chi-chi-dev/stable 5.2.0-1 all
  lightweight, idiomatic and composable router for building Go HTTP services

golang-github-go-resty-resty-dev/stable 2.10.0-2 all
  Simple HTTP and REST client library for Go

golang-github-gologme-log-dev/stable 1.3.0-2 all
  A fork of the golang built in log package to add support for levels (library)

golang-github-google-s2a-go-dev/stable 0.1.8-1 all
  Secure Session Agent Client Libraries (library)

golang-github-grpc-ecosystem-go-grpc-middleware-dev/stable 2.1.0-2 all
  Go gRPC Middlewares: interceptor chaining, auth, logging, retries and more

golang-github-hashicorp-errwrap-dev/stable 1.1.0-1 all
  Errwrap is a Go (golang) library for wrapping and querying errors

golang-github-hashicorp-go-rootcerts-dev/stable 1.0.2-2 all
  functions for loading root certificates for TLS connections

golang-github-in-toto-attestation-dev/stable 1.1.1-1 all
  in-toto Attestation Framework (Go library)

golang-github-in-toto-in-toto-golang-dev/stable 0.9.0+ds-3 all
  software supply chain integrity framework in-toto for Go (library)

golang-github-jinzhu-gorm-dev/stable 1.9.6-2 all
  ORM library for Golang

golang-github-justinas-alice-dev/stable 1.2.0-2 all
  Painless middleware chaining for Go

golang-github-networkplumbing-go-nft-dev/stable 0.2.0-2 all
  Go bindings for nft utility (library)

golang-github-notaryproject-notation-core-go-dev/stable 1.1.0-6 all
  Support for Notary Project signature envelope, and formats (library)

golang-github-prometheus-sigv4-dev/stable 0.1.2-2 all
  Go http.RoundTripper for signing requests using AWS SigV4 (library)

golang-github-puerkitobio-goquery-dev/stable 1.10.2-1 all
  jQuery-style HTML manipulation in Go

golang-github-rs-zerolog-dev/stable 1.29.1-1 all
  Zero Allocation JSON Logger

golang-github-safchain-ethtool-dev/stable 0.5.10-1 all
  simple ethtool-like library for Go

golang-github-sigstore-rekor-dev/stable 1.3.9-1 all
  Software Supply Chain Transparency Log (library)

golang-github-sigstore-sigstore-dev/stable 1.9.3-2 all
  Common go library shared across sigstore services and clients (library)

golang-go/stable 2:1.24~2 arm64
  Go programming language compiler, linker, compiled stdlib

golang-golang-x-arch-dev/stable 0.13.0-1 all
  Library with machine architecture information

golang-k8s-apiserver-dev/stable 0.20.15-2 all
  Library for writing a Kubernetes-style API server. (library)

gsequencer/stable 7.7.5-1 arm64
  Advanced Gtk+ Sequencer audio processing engine

guile-library/stable 0.2.8.1-2 arm64
  Library of useful Guile modules

harp/stable 1.25-1 arm64
  Data harmonization toolset for Earth Observation formats

hplip/stable 3.22.10+dfsg0-8.1 arm64
  HP Linux Printing and Imaging System (HPLIP)

hsetroot/stable 1.0.5-1+b2 arm64
  tool for composing root-pixmaps for X11

hydrogen/stable 1.2.2+dfsg-2 arm64
  advanced drum machine/step sequencer

in-toto-golang/stable 0.9.0+ds-3+b10 arm64
  software supply chain integrity framework in-toto for Go

ipxe/stable 1.21.1+git20250501.dad20602+dfsg-1 all
  PXE boot firmware

ipxe-qemu/stable 1.21.1+git20250501.dad20602+dfsg-1 all
  PXE boot firmware - ROM images for qemu

jags/stable 4.3.2-1+b1 arm64
  Just Another Gibbs Sampler for Bayesian MCMC - binary

keychain/stable 2.8.5-5 all
  key manager for OpenSSH

kramdown/stable 2.5.1-1 all
  Fast, pure-Ruby Markdown-superset converter - kramdown command

krank/stable 0.7+dfsg2-5 all
  game of dexterity where you match stones together

libaccessors-perl/stable 1.01-4 all
  Perl module to create accessor methods in caller's package

libafflib-dev/stable 3.7.21-1 arm64
  Advanced Forensics Format Library (development files)

libafflib0t64/stable 3.7.21-1 arm64
  Advanced Forensics Format Library

libapache2-mod-evasive/stable 2.4.0-2 arm64
  evasive module to minimize HTTP DoS or brute force attacks

libarchive-any-lite-perl/stable 0.11-3 all
  simple CPAN package extractor

libarchive-ar-perl/stable 2.02-4 all
  Perl interface for manipulating ar archives

libbfio-dev/stable 20170123-6+b2 arm64
  Header files and libraries for developing applications for libbfio

libbfio1/stable 20170123-6+b2 arm64
  Library to provide basic input/output abstraction

libboost-charconv1.88-dev/stable 1.88.0-1 arm64
  high quality implementation of <charconv> in C++11

libboost-charconv1.88.0/stable 1.88.0-1 arm64
  high quality implementation of <charconv> in C++11

libcatalyst-dispatchtype-regex-perl/stable 5.90035-2 all
  Regex DispatchType for Catalyst

libcava-java/stable 0.6.0-2 all
  Libraries and tools for blockchain and decentralized software

libcf-ocaml/stable 0.10-8+b2 arm64
  OCaml library with miscellaneous utility functions

libcf-ocaml-dev/stable 0.10-8+b2 arm64
  OCaml library with miscellaneous utility functions

libcgi-compress-gzip-perl/stable 1.03-3 all
  module to allow automatically compressed CGI output

libcglm-dev/stable 0.9.6-1 arm64
  Development files for the cglm library

libclass-accessor-chained-perl/stable 0.01.1~debian-5 all
  Perl module providing chained accessors

libclass-autoloadcan-perl/stable 0.03-4 all
  module managing conflict between AUTOLOAD, can and inheritance

libclass-mixinfactory-perl/stable 0.92-5 all
  Class Factory with Selection of Mixins

libclass-tiny-chained-perl/stable 0.004-2 all
  minimalist class construction module with chained attributes

libclass-whitehole-perl/stable 0.04-9 all
  base class to treat unhandled method calls as errors

libcrypt-cbc-perl/stable 3.04-3 all
  implementation of cipher block chaining (CBC) mode

libcrypt-hcesha-perl/stable 0.75-3 all
  Perl extension for one way hash chaining encryption using SHA

libcryptokit-ocaml/stable 1.20.1-1+b4 arm64
  cryptographic algorithm library for OCaml - runtime

libcryptokit-ocaml-dev/stable 1.20.1-1+b4 arm64
  cryptographic algorithm library for OCaml - development

libdist-zilla-plugin-makemaker-fallback-perl/stable 0.033-1 all
  Dist::Zilla plugin that generates a Makefile.PL with deprecation warnings

libdist-zilla-plugin-modulebuildtiny-fallback-perl/stable 0.027-1 all
  Dist::Zilla plugin that generates a Build.PL with fallback on Module::Build

libdumbnet-dev/stable 1.18.0-2 arm64
  dumb, portable networking library -- development files

libdumbnet1/stable 1.18.0-2 arm64
  dumb, portable networking library -- shared library

libemail-date-format-perl/stable 1.008-1 all
  Module to generate RFC-2822-valid date strings

libexpected-dev/stable 1.1.0-2 all
  C++11/14/17 std::expected with functional-style extensions

libextutils-config-perl/stable 0.010-1 all
  wrapper around Perl's configuration hash

libfile-finder-perl/stable 0.53-4 all
  wrapper for File::Find à la find(1)

libformvalidator-simple-perl/stable 0.29-3 all
  module for validating forms with simple chains of constraints

libfpga-dev/stable 0.0+201212-1.1+b1 arm64
  development files for fpgatools

libfpga0t64/stable 0.0+201212-1.1+b1 arm64
  libraries of fpgatools

libfuture-asyncawait-perl/stable 0.70-1 arm64
  deferred subroutine syntax for futures

libghc-lzma-dev/stable 0.0.1.1-1+b1 arm64
  LZMA/XZ compression and decompression

libghc-lzma-doc/stable 0.0.1.1-1 all
  LZMA/XZ compression and decompression; documentation

libghc-lzma-prof/stable 0.0.1.1-1+b1 arm64
  LZMA/XZ compression and decompression; profiling libraries

libghc-snap-core-dev/stable 1.0.5.1-2+b1 arm64
  Snap: A Haskell Web Framework (Core)

libghc-snap-core-doc/stable 1.0.5.1-2 all
  Snap: A Haskell Web Framework (Core); documentation

libghc-snap-core-prof/stable 1.0.5.1-2+b1 arm64
  Snap: A Haskell Web Framework (Core); profiling libraries

libghc-swish-dev/stable 0.10.10.0-1+b1 arm64
  semantic web toolkit - libraries

libghc-swish-doc/stable 0.10.10.0-1 all
  semantic web toolkit - library documentation

libghc-swish-prof/stable 0.10.10.0-1+b1 arm64
  semantic web toolkit - profiling libraries

libharp-dev/stable 1.25-1 arm64
  Data harmonisation toolset for Earth Observation formats

libharp13/stable 1.25-1 arm64
  Data harmonisation toolset for Earth Observation formats

libiptables-chainmgr-perl/stable 1.6-2 all
  Perl extension for manipulating iptables policies

libiptables-parse-perl/stable 1.6-3 all
  Perl extension for parsing iptables firewall rulesets

libiterator-perl/stable 0.03+ds1-2 all
  Perl implementation of iterators

libjs-luxon/stable 3.6.1+~3.6.0-1 all
  Wrapper for JavaScript dates and times - Browser module

liblessen-java/stable 1.0-2 all
  lightweight CSS+LESS parser written in Java

libllvm-17-ocaml-dev/stable 1:17.0.6-22+b2 arm64
  Modular compiler and toolchain technologies, OCaml bindings

libllvm-18-ocaml-dev/stable 1:18.1.8-18+b1 arm64
  Modular compiler and toolchain technologies, OCaml bindings

libllvm-19-ocaml-dev/stable 1:19.1.7-3+b1 arm64
  Modular compiler and toolchain technologies, OCaml bindings

libllvm-ocaml-dev/stable 1:19.0-63 arm64
  Modular compiler and toolchain technologies, bindings for OCaml

libllvm17t64/stable 1:17.0.6-22+b2 arm64
  Modular compiler and toolchain technologies, runtime library

libllvm18/stable 1:18.1.8-18+b1 arm64
  Modular compiler and toolchain technologies, runtime library

libllvm19/stable,now 1:19.1.7-3+b1 arm64 [installed,automatic]
  Modular compiler and toolchain technologies, runtime library

liblwp-protocol-https-perl/stable,now 6.14-1 all [installed,automatic]
  HTTPS driver for LWP::UserAgent

liblzma-dev/stable 5.8.1-1+deb13u1 arm64
  XZ-format compression library - development files

liblzma5/stable 5.8.1-1+deb13u1 arm64 [upgradable from: 5.8.1-1]
  XZ-format compression library

libmail-dkim-perl/stable 1.20240923-1 all
  module to cryptographically identify the sender of email

libmath-convexhull-monotonechain-perl/stable 0.1-2+b4 arm64
  Perl module to calculate a convex hull using Andrew's monotone chain algorithm

libmctc-lib-dev/stable 0.3.2-1 arm64
  modular computation tool chain library (development files)

libmctc-lib0/stable 0.3.2-1 arm64
  modular computation tool chain library

libmialm-dev/stable 1.0.9-4 arm64
  Development files for the MIA landmark library

libmialm-doc/stable 1.0.9-4 all
  Documentation for the MIA landmark library

libmialm3t64/stable 1.0.9-4 arm64
  Landmark handling for the MIA tool chain

libmodule-metadata-perl/stable 1.000038-1 all
  Perl module to gather package and POD information from perl module files

libmodule-optional-perl/stable 0.03-1.1 all
  Module::Optional - Breaking module dependency chains

libmoosex-attribute-chained-perl/stable 1.0.3-2 all
  Moose attribute that returns the instance to allow for chaining

libmrmpi-dev/stable 1.0~20140404-3+b4 arm64
  Implements MapReduce operation on top of standard MPI message - development

libmrmpi1/stable 1.0~20140404-3+b4 arm64
  Implements MapReduce operation on top of standard MPI message - runtime

libnginx-mod-http-subs-filter/stable 1:0.6.4-7 arm64
  Substitution filter module for Nginx

libowlapi-java/stable 5.1.20-1 all
  Java API for creating, manipulating and serialising OWL Ontologies

libpam-pkcs11/stable 0.6.13-1 arm64
  Fully featured PAM module for using PKCS#11 smart cards

libpod-abstract-perl/stable 0.20-3 all
  abstract document tree for Perl POD documents

libproxychains-dev/stable 3.1-9+b2 arm64
  proxy chains -- shared library (development)

libproxychains3/stable 3.1-9+b2 arm64
  proxy chains -- shared library (runtime)

libproxychains4/stable 4.17-3 arm64
  runtime shared library for proxychains-ng

libqt5keychain1/stable 0.15.0-1 arm64
  Qt API to store passwords (Qt 5 version)

libqt6keychain1/stable 0.15.0-1 arm64
  Qt API to store passwords (Qt 6 version)

librust-addchain-dev/stable 0.2.0-1+b2 arm64
  Generate addition chains - Rust source code

librust-cbc-dev/stable 0.1.2-1+b3 arm64
  Cipher Block Chaining (CBC) block cipher mode of operation - Rust source code

librust-cfg-if+core-dev/stable 1.0.0-1+b2 arm64
  Macro to ergonomically define an item depending on a large number of #[cfg] parameters - feature "core"

librust-cfg-if-0.1+core-dev/stable 0.1.10-3 arm64
  Macro to ergonomically define an item depending on a large number of #[cfg] parameters - feature "core"

librust-cfg-if-0.1-dev/stable 0.1.10-3 arm64
  Macro to ergonomically define an item depending on a large number of #[cfg] parameters - Rust source code

librust-cfg-if-dev/stable 1.0.0-1+b2 arm64
  Macro to ergonomically define an item depending on a large number of #[cfg] parameters - Rust source code

librust-display-error-chain-dev/stable 0.2.1-1+b2 arm64
  Formats a standard error and its sources - Rust source code

librust-error-chain+backtrace-dev/stable 0.12.4-1+b2 arm64
  Yet another error boilerplate library - feature "backtrace"

librust-error-chain+default-dev/stable 0.12.4-1+b2 arm64
  Yet another error boilerplate library - feature "default"

librust-error-chain-dev/stable 0.12.4-1+b2 arm64
  Yet another error boilerplate library - Rust source code

librust-if-chain-dev/stable 1.0.2-1+b3 arm64
  Macro for writing nested `if let` expressions - Rust source code

librust-ipnet-dev/stable 2.11.0-1 arm64
  types and methods for working with IP network addresses - Rust source code

libshairport-dev/stable 1.2.1~git20120510.cbed0c1-4+b2 arm64
  emulates an AirPort Express (development files)

libshairport2/stable 1.2.1~git20120510.cbed0c1-4+b2 arm64
  emulates an AirPort Express (shared library)

libsnap7-1/stable 1.4.2+dfsg-1+b2 arm64
  Siemens S7 PLCs communications library

libsnap7-dev/stable 1.4.2+dfsg-1+b2 arm64
  Siemens S7 PLCs communications library -- dev files

libtask-kensho-toolchain-perl/stable 0.41-2 all
  provides modules recommended for Task::Kensho::Toolchain

libtasmaniandream8/stable 8.1-4 arm64
  Tasmanian module for drawing samples from an arbitrary probability distribution

libtl-optional-dev/stable 1.1.0-2 all
  C++11/14/17 std::optional with functional-style extensions

libtomcrypt-dev/stable 1.18.2+dfsg-7+b2 arm64
  static library, header files and documentation for libtomcrypt

libtomcrypt1/stable 1.18.2+dfsg-7+b2 arm64
  public domain open source cryptographic toolkit

libunicode-maputf8-perl/stable 1.14-1 all
  Perl module for converting between any character sets and UTF8

libunwind-dev/stable 1.8.1-0.1 arm64
  library to determine the call-chain of a program - development

libunwind8/stable 1.8.1-0.1 arm64
  library to determine the call-chain of a program - runtime

libxml-atom-simplefeed-perl/stable 0.905-3 all
  Perl module for generation of Atom syndication feeds

libxml-filter-xslt-perl/stable 0.03-10 all
  Perl module for XSLT as a SAX Filter

llvm/stable 1:19.0-63 arm64
  Modular compiler and toolchain technologies

llvm-17/stable 1:17.0.6-22+b2 arm64
  Modular compiler and toolchain technologies

llvm-17-dev/stable 1:17.0.6-22+b2 arm64
  Modular compiler and toolchain technologies, libraries and headers

llvm-17-doc/stable 1:17.0.6-22 all
  Modular compiler and toolchain technologies, documentation

llvm-17-examples/stable 1:17.0.6-22 all
  Modular compiler and toolchain technologies, examples

llvm-17-linker-tools/stable 1:17.0.6-22+b2 arm64
  Modular compiler and toolchain technologies - Plugins

llvm-17-runtime/stable 1:17.0.6-22+b2 arm64
  Modular compiler and toolchain technologies, IR interpreter

llvm-17-tools/stable 1:17.0.6-22+b2 arm64
  Modular compiler and toolchain technologies, tools

llvm-18/stable 1:18.1.8-18+b1 arm64
  Modular compiler and toolchain technologies

llvm-18-dev/stable 1:18.1.8-18+b1 arm64
  Modular compiler and toolchain technologies, libraries and headers

llvm-18-doc/stable 1:18.1.8-18 all
  Modular compiler and toolchain technologies, documentation

llvm-18-examples/stable 1:18.1.8-18 all
  Modular compiler and toolchain technologies, examples

llvm-18-linker-tools/stable 1:18.1.8-18+b1 arm64
  Modular compiler and toolchain technologies - Plugins

llvm-18-runtime/stable 1:18.1.8-18+b1 arm64
  Modular compiler and toolchain technologies, IR interpreter

llvm-18-tools/stable 1:18.1.8-18+b1 arm64
  Modular compiler and toolchain technologies, tools

llvm-19/stable 1:19.1.7-3+b1 arm64
  Modular compiler and toolchain technologies

llvm-19-dev/stable 1:19.1.7-3+b1 arm64
  Modular compiler and toolchain technologies, libraries and headers

llvm-19-doc/stable 1:19.1.7-3 all
  Modular compiler and toolchain technologies, documentation

llvm-19-examples/stable 1:19.1.7-3 all
  Modular compiler and toolchain technologies, examples

llvm-19-linker-tools/stable 1:19.1.7-3+b1 arm64
  Modular compiler and toolchain technologies - Plugins

llvm-19-runtime/stable 1:19.1.7-3+b1 arm64
  Modular compiler and toolchain technologies, IR interpreter

llvm-19-tools/stable 1:19.1.7-3+b1 arm64
  Modular compiler and toolchain technologies, tools

llvm-dev/stable 1:19.0-63 arm64
  Modular compiler and toolchain technologies, libraries and headers

llvm-runtime/stable 1:19.0-63 arm64
  Modular compiler and toolchain technologies, bytecode interpreter

loki/stable 2.4.7.4-12 arm64
  MCMC linkage analysis on general pedigrees

loki-doc/stable 2.4.7.4-12 all
  MCMC linkage analysis on general pedigrees (PS manual)

lsp-plugins/stable 1.2.21-5 arm64
  LSP (Linux Studio Plugins) audio-plugins (metapackage)

lsp-plugins-clap/stable 1.2.21-5 arm64
  LSP (Linux Studio Plugins) audio-plugins (clap plugins)

lsp-plugins-jack/stable 1.2.21-5 arm64
  LSP (Linux Studio Plugins) audio-plugins (standalone JACK clients)

lsp-plugins-ladspa/stable 1.2.21-5 arm64
  LSP (Linux Studio Plugins) audio-plugins (ladspa plugins)

lsp-plugins-lv2/stable 1.2.21-5 arm64
  LSP (Linux Studio Plugins) audio-plugins (LV2 plugins)

lsp-plugins-r3d-glx/stable 1.2.21-5 arm64
  LSP (Linux Studio Plugins) r3d-glx library

lsp-plugins-vst/stable 1.2.21-5 arm64
  LSP (Linux Studio Plugins) audio-plugins (VST plugins)

lsp-plugins-vst3/stable 1.2.21-5 arm64
  LSP (Linux Studio Plugins) audio-plugins (VST3 plugins)

lua-busted/stable 2.2.0-1 all
  Lua unit testing framework focused on ease of use

lzma/stable 24.08+dfsg-2 arm64
  Compression and decompression in the LZMA format - command line utility

lzma-alone/stable 24.08+dfsg-2 arm64
  Compression and decompression in the LZMA format - legacy utility

mercurial-keyring/stable 1.4.3-1 all
  Mercurial Keyring Extension

mescc-tools/stable 1.5.2-1+b1 arm64
  tools for binary bootstrapping

minetest-mod-basic-materials/stable 20210130-3 all
  Minetest mod providing basic materials and items

minizinc/stable 2.9.2+dfsg1-1 arm64
  constraint modelling language and tool chain

moarvm/stable 2024.09+dfsg-5 arm64
  virtual machine for Rakudo Perl 6 and NQP

moarvm-dev/stable 2024.09+dfsg-5 arm64
  development files for moarvm

monero/stable 0.18.4.0+~0+20200826-1 arm64
  cryptocoin client for Monero network - daemon and tools

monsterz/stable 0.7.1-13 arm64
  arcade puzzle game

monsterz-data/stable 0.7.1-13 all
  graphics and audio data for monsterz

mrbayes/stable 3.2.7a-7+b2 arm64
  Bayesian Inference of Phylogeny

mrbayes-doc/stable 3.2.7a-7 all
  Bayesian Inference of Phylogeny - manual

mrbayes-mpi/stable 3.2.7a-7+b2 arm64
  Bayesian Inference of Phylogeny - mpi version

mrmpi-doc/stable 1.0~20140404-3 all
  Implements MapReduce operation on top of standard MPI message - doc

msp430mcu/stable 20120406-2.3 all
  Spec files, headers and linker scripts for TI's MSP430 targets

nailing-cargo/stable 1.1.2 all
  privilege separation for Rust builds

node-ansi-colors/stable 4.1.3-2 all
  add ANSI colors to your text and symbols in the terminal

node-chainsaw/stable 0.1.0-4 all
  Node.js module to build chainable fluent interfaces

node-config-chain/stable 1.1.12-3 all
  Handle Configuration Once And For All

node-defined/stable 1.0.1+~1.0.0-1 all
  return the first argument that is `!== undefined`

node-immutable/stable 4.3.4-1 all
  Immutable Data Collections

node-logform/stable 2.4.2-2 all
  mutable object-based log format for Node.js

node-luxon/stable 3.6.1+~3.6.0-1 all
  Wrapper for JavaScript dates and times - Node.js module

node-proto-list/stable 1.2.4-4 all
  utility for managing a prototype chain

node-seq/stable 0.3.5-3 all
  Chainable asynchronous flow control

node-slide/stable 1.1.6-4 all
  Simple chain and asyncMap flow control module for Node.js

node-superagent/stable 9.0.1-3 all
  HTTP client request with chainable API - Node.js module

node-through2/stable 4.0.2-2 all
  Make a stream.Transform out of a function - Node.js module

node-trust-keyto/stable 2.0.0~alpha1-3 all
  utility for translating cryptographic keys between representations

node-urlgrey/stable 1.0.0+~1.1.3-1 all
  urlgrey is a library for url querying and manipulation

node-verror/stable 1.10.1+~1.10.5-2 all
  rich JavaScript errors

node-vue-hot-reload-api/stable 2.3.4-3 all
  hot reload API for *.vue components

node-webassemblyjs/stable 1.11.4+dfsg+~cs10.11.17-2 all
  Toolchain for WebAssembly

nordugrid-arc-plugins-needed/stable 7.0.0-3 arm64
  ARC base plugins

nvptx-tools/stable 0.20240810-3 arm64
  collection of tools for use with nvptx-none GCC toolchains

nxt-firmware/stable 1.29.7-6 all
  Improved firmware for LEGO Mindstorms NXT bricks

obitools/stable 3.0.1~b26+dfsg-4 arm64
  programs to analyze NGS data in a DNA metabarcoding context

octave-queueing/stable 1.2.8-1 all
  Queueing Networks and Markov chains analysis for Octave

odin/stable 2.0.5-7+b1 arm64
  develop, simulate and run magnetic resonance sequences

oidc-agent-cli/stable 4.2.6-1.1+b2 arm64
  Commandline tool for obtaining OpenID Connect Access tokens on the commandline

openbox/stable 3.6.1-12+b2 arm64
  standards-compliant, fast, light-weight and extensible window manager

openms/stable 2.6.0+cleaned1-4 all
  package for LC/MS data management and analysis

osmosis/stable 0.49.2-2 all
  Command line OpenStreetMap data processor

pd-lyonpotpourri/stable 3.0.2-1 arm64
  potpourri of Pd objects for synthesizing with audio

pdb-tools/stable 2.5.1-2 all
  tools for manipulating and editing PDB files

pdb2pqr/stable 3.6.1+dfsg-1 all
  Preparation of protein structures for electrostatics calculations

pdfchain/stable 1:0.4.4.2-2+b2 arm64
  graphical user interface for the PDF Tool Kit

pekwm/stable 0.1.18-1+b3 arm64
  very light window manager

percol/stable 0.2.1-3 all
  interactive selection for UNIX pipes

perlprimer/stable 1.2.4-2 all
  Graphical design of primers for PCR

perlprimer-doc/stable 1.2.4-2 all
  Tutorial to perlprimer

php-guzzlehttp-promises/stable 2.2.0-1 all
  Guzzle promises library

php-httpful/stable 1.0.0-2 all
  A Readable, Chainable, REST friendly, PHP HTTP Client

php-illuminate-conditionable/stable 10.48.29+dfsg-1 all
  illuminate Conditionable library component for PHP

php-matomo-component-cache/stable 2.0.6-2 all
  PHP caching library based on Doctrine cache

pinfish/stable 0.1.0+ds-4+b8 arm64
  Collection of tools to annotate genomes using long read transcriptomics data

pinfish-examples/stable 0.1.0+ds-4 all
  Examples and test data for pinfish

pinto/stable 0.14000-3 all
  application for curating a repository of Perl modules

prime-phylo/stable 1.0.11-13+b1 arm64
  bayesian estimation of gene trees taking the species tree into account

primer3/stable 2.6.1-5 arm64
  tool to design flanking oligo nucleotides for DNA amplification

primer3-examples/stable 2.6.1-5 all
  tool to design flanking oligo nucleotides for DNA amplification (examples)

primrose/stable 6+dfsg1-5+b1 arm64
  compelling tile-placement puzzle game

princeprocessor/stable 0.22-6+b1 arm64
  standalone password candidate generator using the PRINCE algorithm

proxychains/stable 3.1-9 all
  proxy chains - redirect connections through proxy servers

proxychains4/stable 4.17-3 arm64
  redirect connections through socks/http proxies (proxychains-ng)

python-bumps-doc/stable 1.0.0b2-2 all
  data fitting and Bayesian uncertainty modeling for inverse problems (docs)

python-cyclonedx-lib-doc/stable 9.1.0-2 all
  Python library for OWASP CycloneDX - documentation

python-parsl-doc/stable 2025.01.13+ds-1+deb13u1 all
  Parallel Scripting Library for Python - documentation

python-pook-doc/stable 2.1.3-2 all
  HTTP traffic mocking and testing made easy (common documentation)

python-proton-core-doc/stable 0.4.0-3 all
  Proton Technologies API wrapper (common documentation)

python3-beniget/stable 0.4.1-3 all
  collection of compile-time Python AST analyzers

python3-bumps/stable 1.0.0b2-2 all
  data fitting and Bayesian uncertainty modeling for inverse problems (Python 3)

python3-calmjs/stable 3.4.2-4 all
  Node.js Python framework for building toolchains and utilities

python3-calmjs.types/stable 1.0.1-6 all
  types for the calmjs framework

python3-certvalidator/stable 0.11.1-4 all
  Validates X.509 certificates and paths

python3-corner/stable 2.2.2-2 all
  corner.py - make beautiful corner plots

python3-curies/stable 0.9.0-1 all
  tool to manage Compact Uniform Resource Identifiers

python3-cyclonedx-lib/stable 9.1.0-2 all
  Python library for OWASP CycloneDX

python3-django-q/stable 1.7.4-2 all
  Django multiprocessing distributed task queue (Python 3 version)

python3-dkim/stable 1.1.8-2 all
  Python 3 module for DKIM and ARC signing and verification

python3-easyprocess/stable 1.1-2 all
  easy to use python subprocess interface - Python 3.X

python3-electrum/stable 4.5.8+ds-6 all
  Easy to use Bitcoin client - Python module

python3-eliot/stable 1.16.0-1 all
  logging library for Python that tells you why things happen

python3-emcee/stable 3.1.6-1 all
  Affine-invariant ensemble MCMC sampling for Python 3

python3-empy/stable 3.3.4-2 all
  templating system for Python (Python 3)

python3-flexmock/stable 0.12.2-1 all
  Mock/Stub/Spy library for Python 3

python3-harp/stable 1.25-1 arm64
  Python3 interface for the HARP data harmonisation toolset

python3-nameparser/stable 1.1.3-1 all
  Python 3 module for parsing names into individual components

python3-networking-sfc/stable 20.0.0-1 all
  OpenStack virtual network service - SFC extension

python3-opentimestamps/stable 0.4.2-1 all
  Python3 library for creating and verifying OpenTimestamps proofs

python3-parsl/stable 2025.01.13+ds-1+deb13u1 all
  Parallel Scripting Library for Python

python3-pdb2pqr/stable 3.6.1+dfsg-1 all
  Preparation of protein structures for electrostatics calculations

python3-pdbfixer/stable 1.9-7 all
  Fix problems in Protein Data Bank files (Python 3)

python3-pdbtools/stable 2.5.1-2 all
  tools for manipulating and editing PDB files (Python 3 package)

python3-peptidebuilder/stable 1.1.0-3 all
  generate atomic oligopeptide 3D structure from sequence

python3-pook/stable 2.1.3-2 all
  HTTP traffic mocking and testing made easy (Python 3)

python3-proton-core/stable 0.4.0-3 all
  Proton Technologies API wrapper

python3-pyhanko-certvalidator/stable 0.26.3-2 all
  Validates X.509 certificates and paths

python3-pyo/stable 1.0.6-1 arm64
  Python3 module written in C to help digital signal processing script creation

python3-refnx/stable 0.1.53-1 arm64
  Neutron and X-ray Reflectometry Analysis in Python

python3-rosdistro/stable 1.0.1-2 all
  Tool to work with rosdistro files (for Robot OS, Python 3)

python3-securesystemslib/stable 1.2.0-2 all
  crypto and schema library for TUF and in-toto

python3-socksipychain/stable 2.1.2-2 all
  Python SOCKS/HTTP/SSL chaining proxy module

python3-sphinxext-rediraffe/stable 0.2.7-2 all
  Sphinx Extension to redirect files

python3-stetl/stable 2.1-2 all
  Streaming ETL - Geospatial ETL framework for Python 3

python3-tuf/stable 5.1.0-2 all
  framework for secure content delivery and updates (Python library)

python3-virt-firmware/stable 24.11-2 all
  Tools for manipulating edk2 (ovmf/qemu-efi) firmware images

qt5keychain-dev/stable 0.15.0-1 arm64
  transitional package for qtkeychain-qt5-dev

qtkeychain-qt5-dev/stable 0.15.0-1 arm64
  development files for qtkeychain (Qt 5 version)

qtkeychain-qt6-dev/stable 0.15.0-1 arm64
  development files for qtkeychain (Qt 6 version)

r-cran-coda/stable 0.19-4.1-1 all
  Output analysis and diagnostics for MCMC simulations in R

r-cran-ctmcd/stable 1.4.4+dfsg-1+b1 arm64
  GNU R estimating the parameters of a continuous-time Markov chain from

r-cran-keyring/stable 1.3.2-1+b1 arm64
  access the system credential store from GNU R

r-cran-loo/stable 2.8.0-1 all
  GNU R leave-one-out cross-validation and WAIC for Bayesian models

r-cran-magrittr/stable 2.0.3-1+b1 arm64
  GNU R forward-pipe operator

r-cran-markovchain/stable 0.10.0-1 arm64
  Easy Handling Discrete Time Markov Chains

r-cran-mcmc/stable 0.9-8-1+b1 arm64
  GNU R package for Markov Chain Monte Carlo simulations

r-cran-mcmcpack/stable 1.7-1-1 arm64
  R routines for Markov chain Monte Carlo model estimation

r-cran-mice/stable 3.17.0-1 arm64
  GNU R multivariate imputation by chained equations

r-cran-mnp/stable 3.1-5-1 arm64
  GNU R package for fitting multinomial probit (MNP) models

r-cran-rlist/stable 0.4.6.2-1 all
  GNU R toolbox for non-tabular data manipulation

r-cran-rstan/stable 2.32.7-1 arm64
  GNU R interface to Stan

r-cran-shinystan/stable 2.6.0-1 all
  GNU R interactive diagnostics and analysis for Bayesian models

r-cran-smcfcs/stable 1.9.2+dfsg-2 all
  GNU R multiple imputation of Covariates by substantive model

r-cran-stanheaders/stable 2.32.10-1 arm64
  C++ Header Files for Stan for GNU R

r-cran-tsp/stable 1.2-4-1+b1 arm64
  GNU R traveling salesperson problem (TSP)

rambo-k/stable 1.21+dfsg-5 all
  Read Assignment Method Based On K-mers

rekor/stable 1.3.9-1+b5 arm64
  Software Supply Chain Transparency Log (program)

rex/stable 1.16.0-1 all
  deployment and configuration management tool

rna-star/stable 2.7.11b+dfsg-2+b2 arm64
  ultrafast universal RNA-seq aligner

ruby-html-pipeline/stable 2.14.3-2 all
  GitHub HTML processing filters and utilities

ruby-http/stable 4.4.1-6 all
  easy-to-use client library for making http requests from Ruby

ruby-kramdown/stable 2.5.1-1 all
  Fast, pure-Ruby Markdown-superset converter - ruby library

ruby-rb-sys/stable 0.9.87-1 all
  Helpers for compiling Rust extensions for ruby

ruby-u2f/stable 0.2.1-2.1 all
  U2F server side library

rustup/stable 1.27.1-3+b1 arm64
  Rust toolchain installer

scaphandre/stable 1.0.2-4+b1 arm64
  energy consumption monitoring agent - command-line tool

scaphandre-docs/stable 1.0.2-4 all
  energy consumption monitoring agent - documentation

sequoia-git/stable 0.4.0-4+b5 arm64
  Git commit signing policy verifier

shim-helpers-arm64-signed/stable 1+16.1+2~deb13u1 arm64
  boot loader to chain-load signed boot loaders (signed by Debian)

shim-helpers-arm64-signed-template/stable 16.1-2~deb13u1 arm64
  boot loader to chain-load signed boot loaders (signing template)

shim-signed/stable 1.51~1+deb13u1+16.1-2~deb13u1 arm64
  Secure Boot chain-loading bootloader (Microsoft-signed binary)

shim-signed-common/stable 1.51~1+deb13u1+16.1-2~deb13u1 all
  Secure Boot chain-loading bootloader (common helper scripts)

shim-unsigned/stable 16.1-2~deb13u1 arm64
  boot loader to chain-load signed boot loaders under Secure Boot

spampd/stable 2.62-2 all
  spamassassin based SMTP/LMTP proxy daemon

sslsniff/stable 0.8+git20111017-1 arm64
  SSL/TLS man-in-the-middle attack tool

statsprocessor/stable 0.11+git20160316-5 arm64
  word generator based on per-position Markov chains

stetl/stable 2.1-2 all
  Streaming ETL - Commandline utility

swish/stable 0.10.10.0-1+b1 arm64
  semantic web toolkit - tools

tenmado/stable 0.10-5+b1 arm64
  hard-core shoot 'em up game in blue-or-red world

texlive-pictures/stable 2024.20250309-1 all
  TeX Live: Graphics, pictures, diagrams

topp/stable 2.6.0+cleaned1-4+b5 arm64
  set of programs implementing The OpenMS Proteomic Pipeline

toppic/stable 1.5.3+dfsg1-1+b3 arm64
  Top-down proteoform identification and characterization (programs)

toppic-common/stable 1.5.3+dfsg1-1 all
  Top-down proteoform identification and characterization (common data)

tortoize/stable 2.0.15-1 arm64
  Application to calculate ramachandran z-scores

uclibc-source/stable 1.0.35-1 all
  Small C library implementation - source

validns/stable 0.8+git20230810.a7e6b4f-2 arm64
  high performance DNS/DNSSEC zone validator

wabt/stable 1.0.36+dfsg+~cs1.0.36-2 arm64
  WebAssembly Binary Toolkit

xchain/stable 1.0.1-12 arm64
  strategy game for 2-4 players

xmlto/stable 0.0.28-3.1 arm64
  XML-to-any converter

xz-utils/stable 5.8.1-1+deb13u1 arm64 [upgradable from: 5.8.1-1]
  XZ-format compression utilities

xzdec/stable 5.8.1-1+deb13u1 arm64
  XZ-format compression utilities - tiny decompressors

yaz-icu/stable 5.34.4-1+b1 arm64
  Z39.50/SRW/SRU toolkit (command-line client for ICU)

yelp-tools/stable 42.1-3 all
  Yelp documentation tools

zvbi/stable 0.2.44-1 arm64
  Vertical Blanking Interval (VBI) utilities

