
WARNING: apt does not have a stable CLI interface. Use with caution in scripts.

Sorting...
Full Text Search...
any2fasta/stable 0.4.2-2 all
  convert various sequence formats to FASTA

any2fasta-examples/stable 0.4.2-2 all
  convert various sequence formats to FASTA (example data)

bitmath/stable 1.3.3.1-4 all
  handle file sizes with different prefix notations

chezscheme/stable 10.0.0+dfsg-5 arm64
  Reliable, high performance Scheme compiler

cif2hkl/stable 1.4.6+ds1-1 arm64
  Convert crystallographic descriptions into HKL F^2 reflection lists

dpkg-awk/stable 1.2+nmu3 all
  Gawk script to parse /var/lib/dpkg/{status,available} and Packages

elpa-page-break-lines/stable 0.14-3 all
  Emacs mode to display ugly ^L page breaks as tidy horizontal lines

gap-factint/stable 1.6.3+ds-3 all
  advanced methods for factoring integers for GAP

gap-smallgrp-extra/stable 1.5.4-2 all
  GAP SmallGrp - The GAP Small Groups Library

gf-complete-tools/stable 1.0.2+2017.04.10.git.ea75cdf-9.1+b1 arm64
  Galois Field Arithmetic - tools

gmp-ecm/stable 7.0.6+ds-1 arm64
  Factor integers using the Elliptic Curve Method

golang-github-aead-chacha20-dev/stable 0.0~git20180709.8b13a72-5 all
  ChaCha20 and XChaCha20 stream ciphers go library

golang-github-alecthomas-colour-dev/stable 0.0~git20160524.60882d9-1.1 all
  Quake-style colour formatting for Unix terminals

idle3-tools/stable 0.9.1-7+b1 arm64
  change the idle3 timer of recent Western Digital Hard Disk Drives

iesperanto/stable 3.7-2 all
  Esperanto dictionary for ispell

imediff/stable 3.4.0-1 all
  interactive full screen 2/3-way merge tool

inhomog/stable 0.1.9.2-1+b4 arm64
  kinematical backreaction and average scale factor evolution

irssi-scripts/stable 20231031 all
  collection of scripts for irssi

libbiblio-isis-perl/stable 0.24-2 all
  module to read CDS/ISIS, WinISIS and IsisMarc databases

libcreal-ocaml-dev/stable 0.7-8+b2 arm64
  O'Caml library that implements exact real arithmetic

libdsfmt-11213-1/stable 2.2.3+dfsg-6 arm64
  dSFMT-11213 pseudorandom number generator (shared library)

libdsfmt-1279-1/stable 2.2.3+dfsg-6 arm64
  dSFMT-1279 pseudorandom number generator (shared library)

libdsfmt-132049-1/stable 2.2.3+dfsg-6 arm64
  dSFMT-132049 pseudorandom number generator (shared library)

libdsfmt-19937-1/stable 2.2.3+dfsg-6 arm64
  dSFMT-19937 pseudorandom number generator (shared library)

libdsfmt-216091-1/stable 2.2.3+dfsg-6 arm64
  dSFMT-216091 pseudorandom number generator (shared library)

libdsfmt-2203-1/stable 2.2.3+dfsg-6 arm64
  dSFMT-2203 pseudorandom number generator (shared library)

libdsfmt-4253-1/stable 2.2.3+dfsg-6 arm64
  dSFMT-4253 pseudorandom number generator (shared library)

libdsfmt-44497-1/stable 2.2.3+dfsg-6 arm64
  dSFMT-44497 pseudorandom number generator (shared library)

libdsfmt-521-1/stable 2.2.3+dfsg-6 arm64
  dSFMT-521 pseudorandom number generator (shared library)

libdsfmt-86243-1/stable 2.2.3+dfsg-6 arm64
  dSFMT-86243 pseudorandom number generator (shared library)

libdsfmt-dev/stable 2.2.3+dfsg-6 arm64
  dSFMT pseudorandom number generator (development files)

libecm1/stable 7.0.6+ds-1 arm64
  factor integers using the Elliptic Curve Method -- lib

libecm1-dev/stable 7.0.6+ds-1 arm64
  factor integers using the Elliptic Curve Method -- libdev

libecm1-dev-common/stable 7.0.6+ds-1 all
  factor integers using the Elliptic Curve Method -- header

libeddsa-java/stable 0.3.0-2.1 all
  implementation of EdDSA in Java

libfile-path-expand-perl/stable 1.02-5 all
  expand user directories in filenames

libgf-complete-dev/stable 1.0.2+2017.04.10.git.ea75cdf-9.1+b1 arm64
  Galois Field Arithmetic - development files

libgf-complete1t64/stable 1.0.2+2017.04.10.git.ea75cdf-9.1+b1 arm64
  Galois Field Arithmetic - shared library

libghc-ghc-typelits-knownnat-dev/stable 0.7.12-1+b2 arm64
  Derive KnownNat constraints from other KnownNat constraints

libghc-ghc-typelits-knownnat-doc/stable 0.7.12-1 all
  Derive KnownNat constraints from other KnownNat constraints; documentation

libghc-ghc-typelits-knownnat-prof/stable 0.7.12-1+b2 arm64
  Derive KnownNat constraints from other KnownNat constraints; profiling libraries

libghc-ghc-typelits-natnormalise-dev/stable 0.7.10-1+b2 arm64
  GHC typechecker plugin for types of kind GHC.TypeLits.Nat

libghc-ghc-typelits-natnormalise-doc/stable 0.7.10-1 all
  GHC typechecker plugin for types of kind GHC.TypeLits.Nat; documentation

libghc-ghc-typelits-natnormalise-prof/stable 0.7.10-1+b2 arm64
  GHC typechecker plugin for types of kind GHC.TypeLits.Nat; profiling libraries

libghc-mwc-random-dev/stable 0.15.1.0-1+b1 arm64
  Fast, high quality pseudo random number generation

libghc-mwc-random-doc/stable 0.15.1.0-1 all
  Fast, high quality pseudo random number generation; documentation

libghc-mwc-random-prof/stable 0.15.1.0-1+b1 arm64
  Fast, high quality pseudo random number generation; profiling libraries

libghc-type-level-numbers-dev/stable 0.1.1.2-3+b1 arm64
  library representing integers using Haskell type families

libghc-type-level-numbers-doc/stable 0.1.1.2-3 all
  library representing integers using Haskell type families; documentation

libghc-type-level-numbers-prof/stable 0.1.1.2-3+b1 arm64
  library representing integers using Haskell type families; profiling libraries

liblatex-encode-perl/stable 0.092.0-2 all
  Perl module to encode characters for LaTeX formatting

liblexical-sealrequirehints-perl/stable 0.012-1+b3 arm64
  Perl module to prevent the leakage of lexical hints

libmath-base85-perl/stable 0.5+dfsg-2 all
  Perl extension for base 85 numbers, as referenced by RFC 1924

libmath-calculus-differentiate-perl/stable 0.3-4 all
  Algebraic Differentiation Engine

libmath-calculus-expression-perl/stable 0.2.2.ds-4 all
  Algebraic Calculus Tools Expression Class

libmath-calculus-newtonraphson-perl/stable 0.1-4 all
  Algebraic Newton Raphson Implementation

libmath-random-isaac-perl/stable 1.004-2 all
  Perl interface to the ISAAC PRNG Algorithm

libmath-random-mt-auto-perl/stable 6.23-2+b3 arm64
  Auto-seeded Mersenne Twister PRNGs

libmath-random-mt-perl/stable 1.17-2+b4 arm64
  Perl implementation of the Mersenne Twister algorithm

libmath-random-tt800-perl/stable 1.01-4+b4 arm64
  Perl module implementing the TT800 algorithm

libnfft3-dev/stable 3.5.3-5 arm64
  development files for the NFFT library

libnfft3-doc/stable 3.5.3-5 all
  documentation for the NFFT library

libnfft3-double4/stable 3.5.3-5 arm64
  library for computing non-uniform Fourier transforms (double precision)

libnfft3-julia/stable 3.5.3-5 arm64
  library for computing non-uniform Fourier transforms (julia interface)

libnfft3-long4/stable 3.5.3-5 arm64
  library for computing non-uniform Fourier transforms (long-double precision)

libnfft3-single4/stable 3.5.3-5 arm64
  library for computing non-uniform Fourier transforms (single precision)

libperl-osnames-perl/stable 0.122-2 all
  Perl module to list possible $^O ($OSNAME) values with description

libprimecount-dev/stable 7.16+ds-1 arm64
  fast prime number counter C/C++ library -- libdev

libprimecount-dev-common/stable 7.16+ds-1 all
  fast prime number counter C/C++ library -- headers

libprimecount7/stable 7.16+ds-1 arm64
  fast prime number counter C/C++ library -- lib

libprimesieve-dev/stable 12.7+ds-1 arm64
  fast prime number generator C/C++ library -- libdev

libprimesieve-dev-common/stable 12.7+ds-1 all
  fast prime number generator C/C++ library -- headers

libprimesieve12/stable 12.7+ds-1 arm64
  fast prime number generator C/C++ library -- lib

librandom123-dev/stable 1.14.0+dfsg-6 all
  parallel random numbers library

libregexp-wildcards-perl/stable 1.05-3 all
  converts wildcard expressions to Perl regular expressions

librust-ghash-dev/stable 0.5.0-1+b3 arm64
  Universal hash over GF(2^128) useful for constructing a Message Authentication Code (MAC), as in the AES-GCM authenticated encryption cipher - Rust source code

librust-polyval-dev/stable 0.6.1-1+b3 arm64
  GHASH-like universal hash over GF(2^128) useful for constructing a Message Authentication Code (MAC) - Rust source code

libsiscone-dev/stable 3.0.5-3 arm64
  Seedless Infrared Safe Cone jet finder - development files

libsiscone-spherical-dev/stable 3.0.5-3 arm64
  Spherical version of SISCone - development files

libsiscone-spherical0v5/stable 3.0.5-3 arm64
  Spherical version of SISCone

libsiscone0v5/stable 3.0.5-3 arm64
  Seedless Infrared Safe Cone jet finder

libstring-crc-cksum-perl/stable 0.91-1.1 all
  Perl extension for calculating cksum-compatible checksums

libvkfft-dev/stable 1.3.4+ds2-1 all
  Vulkan/CUDA/HIP/OpenCL Fast Fourier Transform library

libwfa2-0/stable 2.3.3-4+b2 arm64
  exact gap-affine algorithm (shared library)

libwfa2-dev/stable 2.3.3-4+b2 arm64
  exact gap-affine algorithm (development)

mandelbrot-solver/stable 3.2.1-11 arm64
  Solver for Mandelbrot polynomials based on MPSolve

minexpert2/stable 9.6.0-1 arm64
  MS^n mass spectrometric data visualization and mining (runtime)

minexpert2-doc/stable 9.6.0-1 all
  MS^n mass spectrometric data visualization and mining (doc)

mlucas/stable 20.1.1-1.3 arm64
  program to perform Lucas-Lehmer test on a Mersenne number

postgresql-17-numeral/stable 1.3-7 arm64
  numeral datatypes for PostgreSQL

primecount/stable 7.16+ds-1 all
  fast prime number counter C/C++ library

primecount-bin/stable 7.16+ds-1 arm64
  fast prime number counter C/C++ library -- bin

primecount-doc/stable 7.16+ds-1 all
  fast prime number counter C/C++ library -- doc

primesieve/stable 12.7+ds-1 all
  fast prime number generator C/C++ library

primesieve-bin/stable 12.7+ds-1 arm64
  fast prime number generator C/C++ library -- bin

primesieve-doc/stable 12.7+ds-1 all
  fast prime number generator C/C++ library -- doc

pynx/stable 2025.1-2 all
  Python tools for Nano-structures Crystallography (Scripts)

python-bitmath-doc/stable 1.3.3.1-4 all
  handle file sizes with different prefix notations (Documentation)

python-pynx-doc/stable 2025.1-2 all
  Python tools for Nano-structures Crystallography (common documentation)

python3-bitmath/stable 1.3.3.1-4 all
  handle file sizes with different prefix notations (Python3 version)

python3-pynx/stable 2025.1-2 arm64
  Python tools for Nano-structures Crystallography (Python 3)

python3-reedsolo/stable 1.7.0-1+b5 arm64
  Reed Solomon encoder/decoder library in Python

quickcal/stable 2.4-1 all
  fast and easy to use calculator with support for filing

r-cran-bit64/stable 4.6.0-1-4 arm64
  A S3 Class for Vectors of 64bit Integers

r-cran-listenv/stable 0.9.1+dfsg-1 all
  R package: Environments Behaving (Almost) as Lists

r-cran-spc/stable 1:0.7.1-1 arm64
  GNU R Statistical Process Control

ruby-ed25519/stable 1.4.0+ds-1 arm64
  efficient digital signature library providing the Ed25519 algorithm

scm/stable 5f4-3 arm64
  Scheme language interpreter

siscone-doc-html/stable 3.0.5-3 all
  Developer's reference manual of SISCone (HTML)

siscone-doc-pdf/stable 3.0.5-3 all
  Developer's reference manual of SISCone (PDF)

siscone-examples/stable 3.0.5-3 all
  Seedless Infrared Safe Cone jet finder - example files

swarp/stable 2.41.5-1+b4 arm64
  Resample and co-add together FITS images

texlive-pictures/stable 2024.20250309-1 all
  TeX Live: Graphics, pictures, diagrams

txt2regex/stable 0.9-5 all
  A Regular Expression "wizard", all written with bash2 builtins

units-filter/stable 4.2.1-1+b1 arm64
  Parser for expressions concerning physical values

wcalc/stable 2.5-3+b3 arm64
  Flexible command-line scientific calculator

weightwatcher/stable 1.12+dfsg-3+b1 arm64
  Combine maps and polygon data for astronomical image processing

wxhexeditor/stable 0.24+repack-2+b5 arm64
  hexadecimal editor for massive files

