
WARNING: apt does not have a stable CLI interface. Use with caution in scripts.

Sorting...
Full Text Search...
aft/stable 2:5.098-7 all
  "free form" document preparation system

android-boringssl/stable 14.0.0+r45-2 arm64
  Google's internal fork of OpenSSL for the Android SDK - tool

android-libboringssl/stable 14.0.0+r45-2 arm64
  Google's internal fork of OpenSSL for the Android SDK

android-libboringssl-dev/stable 14.0.0+r45-2 arm64
  Google's internal fork of OpenSSL for the Android SDK - devel

ansifilter/stable 2.21-1 arm64
  parse common (terminal) ANSI codes and remove or convert them

ansifilter-gui/stable 2.21-1 arm64
  parse common (terminal) ANSI codes and remove or convert them (GUI)

artfastqgenerator/stable 0.0.20150519-5 all
  outputs artificial FASTQ files derived from a reference genome

artfastqgenerator-doc/stable 0.0.20150519-5 all
  outputs artificial FASTQ files derived from a reference genome (doc)

artfastqgenerator-examples/stable 0.0.20150519-5 all
  outputs artificial FASTQ files derived from a reference genome (examples)

boxshade/stable 3.3.1-14+b1 arm64
  Pretty-printing of multiple sequence alignments

clamav/stable 1.4.3+dfsg-1 arm64
  anti-virus utility for Unix - command-line interface

codeblocks-contrib/stable 25.03+dfsg-2 arm64
  contrib plugins for Code::Blocks IDE

docbook-dsssl/stable 1.79-10 all
  modular DocBook DSSSL stylesheets, for print and HTML

docbook-utils/stable 0.6.14-4 all
  Convert DocBook files to other formats (HTML, RTF, PS, man, PDF)

doxygen/stable 1.9.8+ds-2.1 arm64
  Generate documentation from source code

elpa-format-all/stable 0.6.0-2 all
  Auto-format C, C++, JS, Python, Ruby and 50 other languages

enscript/stable 1.6.5.90-3.1+b2 arm64
  converts text to Postscript, HTML or RTF with syntax highlighting

erlang-p1-pkix/stable 1.0.10-2 arm64
  PKIX certificates management library for Erlang

fbreader/stable 0.99.4+dfsg-6+b1 arm64
  e-book reader

fop/stable 1:2.10+dfsg-2 all
  XML formatter driven by XSL Formatting Objects (XSL-FO.) - app

fop-doc/stable 1:2.10+dfsg-2 all
  XML formatter driven by XSL Formatting Objects (doc) - doc

fstransform/stable 0.9.4-1+b1 arm64
  Tool for in-place filesystem conversion

highlight/stable 4.10-1+b2 arm64
  Universal source code to formatted text converter

highlight-common/stable 4.10-1 all
  source code to formatted text converter (architecture independent files)

kannel-docs/stable 1.4.5-20 all
  WAP and SMS gateway documentation

kbibtex/stable 0.10.0-4+b1 arm64
  BibTeX editor for KDE

kbibtex-data/stable 0.10.0-4 all
  BibTeX editor for KDE -- common data

latex2rtf/stable 2.3.18a-5+b1 arm64
  Converts documents from LaTeX to RTF format

latex2rtf-doc/stable 2.3.18a-5 all
  Converts documents from LaTeX to RTF - documentation

libdist-zilla-plugin-readmefrompod-perl/stable 0.40-1 all
  Dist::Zilla plugin to generate a README from Pod

libfop-java/stable 1:2.10+dfsg-2 all
  XML formatter driven by XSL Formatting Objects (XSL-FO.) - libs

libghc-pandoc-dev/stable 3.1.11.1-3 arm64
  Conversion between markup formats

libghc-pandoc-doc/stable 3.1.11.1-3 all
  Conversion between markup formats; documentation

libghc-pandoc-prof/stable 3.1.11.1-3 arm64
  Conversion between markup formats; profiling libraries

libhighlight-perl/stable 4.10-1+b2 arm64
  perl bindings for highlight source code to formatted text converter

libhtml-format-perl/stable,now 2.16-2 all [installed,automatic]
  module for transforming HTML into various formats

libitext-rtf-java/stable 2.1.7-16 all
  Java Library to create and manipulate RTF files on the fly

libmsoffice-word-html-writer-perl/stable 1.10-1 all
  module for writing MsWord documents in HTML format

libmysofa-dev/stable 1.3.3+dfsg-1 arm64
  library to read HRTFs stored in the AES69-2015 SOFA format - development files

libmysofa-utils/stable 1.3.3+dfsg-1 arm64
  library to read HRTFs stored in the AES69-2015 SOFA format - utilities

libmysofa1/stable,now 1.3.3+dfsg-1 arm64 [installed,automatic]
  library to read HRTFs stored in the AES69-2015 SOFA format

libopaque-bin/stable 1.0.1-2 arm64
  Language bindings for establishing a shared secret using the OPAQUE protocol

libopaque-dev/stable 1.0.1-2 arm64
  Establishing a shared secret using the OPAQUE protocol - C development files

libopaque0/stable 1.0.1-2 arm64
  Establishing a shared secret using the OPAQUE protocol - C library

liboprf-dev/stable 0.7.1-1 arm64
  OPRF and Threshold OPRF library - C development files

liboprf0t64/stable 0.7.1-1 arm64
  Oblivious Pseudo-Random Functions and Threshold OPRF library

librtf-document-perl/stable 0.64-12 all
  Perl extension for generating Rich Text Format (RTF) files

librtf-writer-perl/stable 1.11-5 all
  module for creating RTF files

librtfilter-dev/stable 1.1-4+b3 arm64
  realtime digital filtering library (development files)

librtfilter1/stable 1.1-4+b3 arm64
  realtime digital filtering library

librtfilter1-dbg/stable 1.1-4+b3 arm64
  realtime digital filtering library (debugging symbols)

libspatialaudio-dev/stable 0.3.0+git20180730+dfsg1-2.1+b1 arm64
  library for ambisonic encoding and decoding (development files)

libspatialaudio0t64/stable 0.3.0+git20180730+dfsg1-2.1+b1 arm64
  library for ambisonic encoding and decoding (runtime files)

libtest-portability-files-perl/stable 0.10-2 all
  Perl module to check that file names in a distribution are portable

libxmlgraphics-commons-java/stable 2.10-3 all
  Reusable components used by Batik and FOP

libxmlgraphics-commons-java-doc/stable 2.10-3 all
  Reusable components used by Batik and FOP (documentation)

libytnef0/stable 2.1.2-1+b2 arm64
  improved decoder for application/ms-tnef attachments

libytnef0-dev/stable 2.1.2-1+b2 arm64
  headers for application/ms-tnef attachments decoder

linuxdoc-tools/stable 0.9.86-1 arm64
  convert LinuxDoc SGML source into other formats

minetest-mod-lucky-block/stable 20181017-2 all
  Minetest module to add a Lucky Block to the game

okular-backend-odt/stable 1:25.04.2+dfsg-1 arm64
  Okular backend for ODT documents

opaque-store/stable 0.2.0-3 all
  store OPAQUE password encrypted blobs of information online

openjade/stable 1.4devel1-23.3 arm64
  Implementation of the DSSSL language

pandoc/stable 3.1.11.1+ds-2 arm64
  general markup converter

pandoc-data/stable 3.1.11.1-3 all
  Conversion between markup formats

pd-earplug/stable 0.3.0-5+b1 arm64
  binaural filter based on KEMAR impulse measurement for Pd

php-roundcube-rtf-html-php/stable 2.2-2 all
  RTF to HTML converter in PHP

plover/stable 4.0.0~rc5-0.1 all
  free stenography engine and typing tool

portfolio-filemanager/stable 1.0.2-1 all
  Minimalist file manager for Linux mobile devices

postgresql-autodoc/stable 1.41+20200921-1.1 all
  Utility to create a PostgreSQL database schema overview in HTML, DOT and XML

python3-beangrow/stable 1.0.0+git20250207-3 arm64
  Calculating portfolio returns for Beancount (Python 3)

python3-filetype/stable 1.2.0-1 all
  Infer file type and MIME type of any file/buffer

python3-opaque/stable 1.0.1-2 all
  python bindings for libopaque: Establishing an OPAQUE shared secret

python3-pyoprf/stable 0.7.1-1 all
  python bindings for liboprf: Oblivious Pseudo-Random Functions

python3-rtf-tokenize/stable 1.0.0-2+b1 arm64
  Simple RTF tokenizer for python

python3-sphinx-codeautolink/stable 0.16.2-1 all
  Automatic links from code examples to reference documentation

python3-striprtf/stable 0.0.29-1 all
  Simple library to convert rtf to text

r-cran-cvar/stable 0.5-2 all
  GNU R package to Computed Expected Shortfall and Value at Risk

r-cran-fportfolio/stable 4023.84-2 all
  GNU R package for financial engineering -- fPortfolio

recoll/stable 1.43.0-1 all
  Personal full text search package

resource-agents/stable 1:4.16.0-3+deb13u2 arm64
  Cluster Resource Agents

scite/stable 5.5.6-1 arm64
  Lightweight GTK-based programming editor

sdf/stable 2.001+1-9 all
  Simple Document Parser

sdf-doc/stable 2.001+1-9 all
  Documentation and examples for the Simple Document Parser

sshpass/stable 1.10-0.1+b1 arm64
  Non-interactive ssh password authentication

swath/stable 0.6.1-4 arm64
  Thai word segmentation program

swath-data/stable 0.6.1-4 all
  Data for swath Thai word segmentation program

tea/stable 63.3.0-1 arm64
  graphical text editor with syntax highlighting

testdisk/stable 7.2-0.1 arm64
  Partition scanner and disk recovery tool, and PhotoRec file recovery tool

texlive-bibtex-extra/stable 2024.20250309-2 all
  TeX Live: BibTeX additional styles

textedit.app/stable 5.0-5+b1 arm64
  Text editor for GNUstep

udo/stable 6.4.1-8+b1 arm64
  universal document - text processing utility

udo-doc-de/stable 6.4.1-8 all
  universal document - German documentation

udo-doc-en/stable 6.4.1-8 all
  universal document - English documentation

unrtf/stable 0.21.10-clean-1+b1 arm64
  RTF to other formats converter

wv/stable 1.2.9-8+b1 arm64
  Programs for accessing Microsoft Word documents

yt-dlp/stable 2025.04.30-1 all
  downloader of videos from YouTube and other sites

ytnef-tools/stable 2.1.2-1+b2 arm64
  ytnef decoder commandline tools

zam-plugins/stable 4.2+ds-1+b1 arm64
  Collection of LV2, CLAP, VST3, LADSPA, LINUX-VST and JACK plugins

