
WARNING: apt does not have a stable CLI interface. Use with caution in scripts.

Sorting...
Full Text Search...
7zip/stable 25.01+dfsg-1~deb13u2 arm64
  7-Zip file archiver with a high compression ratio

a2boot/stable 4.2.3~ds-1+deb13u2 arm64
  AppleTalk Network Suite (Apple II NetBoot)

a2d/stable 2.0.5-2 all
  APRS to DAPNET portal

a2d-doc/stable 2.0.5-2 all
  Documentation for a2d

a2jmidid/stable 9-3.1 arm64
  Daemon for exposing legacy ALSA MIDI in JACK MIDI systems

a2ps/stable 1:4.15.6-1+b1 arm64
  GNU a2ps - 'Anything to PostScript' converter and pretty-printer

aria2/stable 1.37.0+debian-3 arm64
  High speed download utility

astronomical-almanac/stable 5.6-8 arm64
  astronomical almanac - calculate planet and star positions

atropos/stable 1.1.32+dfsg-2+b2 arm64
  NGS read trimming tool that is specific, sensitive, and speedy

b3sum/stable 1.8.1-2 arm64
  Command line tool for calculating BLAKE3 hash

bettercap/stable 2.33.0-1+b9 arm64
  Complete, modular, portable and easily extensible MITM framework

biosig-tools/stable 3.9.0-1 arm64
  format conversion tools for biomedical data formats

blag/stable 2.3.3 all
  Blog-aware, static site generator

blag-doc/stable 2.3.3 all
  Blog-aware, static site generator (documentation)

caja-gtkhash/stable 1.5-3 arm64
  caja extension for computing checksums and more using gtkhash

cdparanoia/stable 3.10.2+debian-14+b1 arm64
  audio extraction tool for sampling CDs

cl-chipz/stable 20230418.git6f80368-1 all
  decompress DEFLATE and BZIP2 data in Common Lisp

cl-salza2/stable 2.0.9-1.1 all
  Create compressed data from Common Lisp

cookiecutter/stable 2.6.0-2 all
  create projects from project templates

cowpatty/stable 4.8-3+b3 arm64
  Brute-force WPA dictionary attack

daa2iso/stable 0.1.7e-1.1+b1 arm64
  DAA files (Direct Access Archive) to ISO converting tool

dia2code/stable 0.8.3-4.3 arm64
  dia-UML code generator

didder/stable 1.3.0-1 arm64
  Extensive, fast, and accurate command-line image dithering tool

droidlysis/stable 3.4.7-1 all
  Property extractor for Android apps

dvi2ps-fontdata-a2n/stable 1.0.1-3.2 all
  Font data to convert pTeX's dvi file to jTeX's dvi file

dwww/stable 1.16+b1 arm64
  Read all on-line documentation with a WWW browser

elpa-agda2-mode/stable 2.6.4.3-1 all
  dependently typed functional programming language — emacs mode

elpa-jinja2-mode/stable 0.2+git20200624.159558e-2 all
  Emacs major mode for editing jinja2 code

fonts-telu-extra/stable 2.0-6 all
  Free fonts for Telugu script

fp-utils/stable 3.2.2+dfsg-46 all
  Free Pascal - utilities dependency package

fp-utils-3.2.2/stable 3.2.2+dfsg-46 arm64
  Free Pascal - utilities

golang-github-aead-chacha20-dev/stable 0.0~git20180709.8b13a72-5 all
  ChaCha20 and XChaCha20 stream ciphers go library

golang-github-awnumar-memguard-dev/stable 0.22.5-2 all
  secure enclave for storage of sensitive information (library)

golang-github-bahlo-generic-list-go-dev/stable 0.2.0-2 all
  Go container/list but with generics (library)

golang-github-btcsuite-fastsha256-dev/stable 0.0~git20160815.0.637e656-1.1 all
  Go alternative fast SHA256 implementation

golang-github-d2r2-go-i2c-dev/stable 0.0~git20191123.73a8a79-3 all
  I2C-bus interaction of peripheral sensors with single-board computers (library)

golang-github-inexio-go-monitoringplugin-dev/stable 1.0.13-1 all
  Go lib for writing monitoring check plugins

golang-github-jedisct1-go-hpke-compact-dev/stable 0.9.2-1.1 all
  small and easy to use HPKE implementation in Go (library)

golang-github-jedisct1-xsecretbox-dev/stable 1.0.5-1 all
  Go implementation of crypto_secretbox_xchacha20poly1305

golang-github-makeworld-the-better-one-dither-dev/stable 2.4.0-2 all
  fast, correct image dithering library in Go

golang-github-minio-sha256-simd-dev/stable 1.0.1-1 all
  implementation of SHA256 using SIMD instructions for Intel and ARM

golang-github-nebulouslabs-merkletree-dev/stable 0.0~git20170901.0.8482d02-1.1 all
  Go package for working with Merkle trees

golang-github-stevvooe-resumable-dev/stable 0.0~git20150521.0.51ad441-2.1 all
  Subset of the Go `crypto` Package with a Resumable Hash Interface

golang-github-xtaci-kcp-dev/stable 5.6.1-2 all
  Full-Featured Reliable-UDP Library for golang

golang-golang-x-net-dev/stable 1:0.27.0-2 all
  Supplementary Go networking libraries

gtkhash/stable 1.5-3 arm64
  GTK+ utility for computing checksums and more

hashcat/stable 6.2.6+ds2-1+b1 arm64
  World's fastest and most advanced password recovery utility

hashdeep/stable 4.4+git20170824+ds-1+b1 arm64
  recursively compute hashsums or piecewise hashings

hashrat/stable 1.25+ds-1 arm64
  hashing tool supporting several hashes and recursivity

hostapd/stable 2:2.10-24 arm64
  access point and authentication server for Wi-Fi and Ethernet

icinga2/stable 2.14.6-1 arm64
  host and network monitoring system

icinga2-bin/stable 2.14.6-1 arm64
  host and network monitoring system - daemon

icinga2-common/stable 2.14.6-1 all
  host and network monitoring system - common files

icinga2-doc/stable 2.14.6-1 all
  host and network monitoring system - documentation

icinga2-ido-mysql/stable 2.14.6-1 arm64
  host and network monitoring system - MySQL support

icinga2-ido-pgsql/stable 2.14.6-1 arm64
  host and network monitoring system - PostgreSQL support

idn2/stable 2.3.8-2 arm64
  Internationalized domain names (IDNA2008/TR46) command line tool

j2cli/stable 0.3.12b-5 all
  Command line tool for templating in shell-scripts

java2html/stable 0.9.2-7+b2 arm64
  Highlight Java and C++ sources for WWW presentation

jigit/stable 1.22-4+b2 arm64
  tools for working with jigdo files

kickpass/stable 0.2.0-8 arm64
  simple password safe

kleborate/stable 2.4.1-5 arm64
  tool to screen Klebsiella genome assemblies

kleborate-examples/stable 2.4.1-5 all
  tool to screen Klebsiella genome assemblies (example data)

kodi-pvr-vuplus/stable 21.3.2+ds-1 arm64
  Vu+/Enigma2 PVR Addon for Kodi

lambda-align2/stable 2.0.1-3 arm64
  Local Aligner for Massive Biological DatA - v2

libapophenia2-dev/stable 1.0+ds-10 arm64
  Apophenia Statistical C Library -- development package

libapophenia2t64/stable 1.0+ds-10 arm64
  Apophenia Statistical C Library -- library package

libaria2-0/stable 1.37.0+debian-3 arm64
  C++ library interface to aria2

libaria2-0-dev/stable 1.37.0+debian-3 arm64
  High speed download utility (Development files)

libbcmatroska2-5/stable 5.3.101-2 arm64
  Matroska library for mediastreamer2 (base)

libbcmatroska2-dev/stable 5.3.101-2 arm64
  Development files for the bcmatroska2 library

libcdio-cdda2t64/stable 10.2+2.0.2-1+b1 arm64
  library to read and control digital audio CDs

libcdio-paranoia2t64/stable 10.2+2.0.2-1+b1 arm64
  library to read digital audio CDs with error correction

libcdparanoia-dev/stable 3.10.2+debian-14+b1 arm64
  audio extraction tool for sampling CDs (development)

libcdparanoia0/stable,now 3.10.2+debian-14+b1 arm64 [installed,automatic]
  audio extraction tool for sampling CDs (library)

libcrypto++-dev/stable 8.9.0-2 arm64
  General purpose cryptographic library - C++ development

libcrypto++-doc/stable 8.9.0-2 all
  General purpose cryptographic library - documentation

libcrypto++-utils/stable 8.9.0-2 arm64
  General purpose cryptographic library - utilities and data files

libdigestif-ocaml/stable 1.2.0-1+b3 arm64
  hashes implementation (runtime)

libdigestif-ocaml-dev/stable 1.2.0-1+b3 arm64
  hashes implementations (dev)

libdrumstick-alsa2t64/stable 2.10.0-1 arm64
  Qt6/C++ wrapper for ALSA Sequencer (shared library)

libfolia22/stable 2.21.1-1+b1 arm64
  Implementation of the FoLiA document format

libga2/stable 1:2.4.7-6+b2 arm64
  C++ Library of Genetic Algorithm Components

libgcrypt-bin/stable 1.11.0-7+deb13u1 arm64
  LGPL Crypto library - utility binaries

libgcrypt-mingw-w64-dev/stable 1.11.0-7+deb13u1 all
  LGPL Crypto library - Windows development

libgcrypt20/stable 1.11.0-7+deb13u1 arm64 [upgradable from: 1.11.0-7]
  LGPL Crypto library - runtime library

libgcrypt20-dev/stable 1.11.0-7+deb13u1 arm64
  LGPL Crypto library - development files

libgcrypt20-doc/stable 1.11.0-7+deb13u1 all
  LGPL Crypto library - documentation

libgd-barcode-perl/stable 2.00-1 all
  Perl module to create barcode images

libgdata22/stable 0.18.1-9 arm64
  Library for accessing GData webservices - shared libraries

libghc-cryptohash-sha256-dev/stable 0.11.102.1-3+b1 arm64
  fast, pure and practical SHA-256 implementation

libghc-cryptohash-sha256-doc/stable 0.11.102.1-3 all
  fast, pure and practical SHA-256 implementation; documentation

libghc-cryptohash-sha256-prof/stable 0.11.102.1-3+b1 arm64
  fast, pure and practical SHA-256 implementation; profiling libraries

libghc-crypton-dev/stable 0.34-1+b1 arm64
  cryptography primitives for Haskell

libghc-crypton-doc/stable 0.34-1 all
  cryptography primitives for Haskell; documentation

libghc-crypton-prof/stable 0.34-1+b1 arm64
  cryptography primitives for Haskell; profiling libraries

libghc-cryptonite-dev/stable 0.30-3+b1 arm64
  cryptographic primitives

libghc-cryptonite-doc/stable 0.30-3 all
  cryptographic primitives; documentation

libghc-cryptonite-prof/stable 0.30-3+b1 arm64
  cryptographic primitives; profiling libraries

libghc-pwstore-fast-dev/stable 2.4.4-13+b1 arm64
  secure password storage

libghc-pwstore-fast-doc/stable 2.4.4-13 all
  secure password storage; documentation

libghc-pwstore-fast-prof/stable 2.4.4-13+b1 arm64
  secure password storage; profiling libraries

libgtkada23/stable 24.0.0-5 arm64
  Ada binding for the GTK+ GUI (dynamic library)

libidn2-0/stable,now 2.3.8-2 arm64 [installed,automatic]
  Internationalized domain names (IDNA2008/TR46) library

libidn2-dev/stable 2.3.8-2 arm64
  Internationalized domain names (IDNA2008/TR46) development files

libidn2-doc/stable 2.3.8-2 all
  Internationalized domain names (IDNA2008/TR46) documentation

libimgscalr-java/stable 4.2-2 all
  Java Image Scaling Library

libjfreepdf-java/stable 2.0.1-5 all
  Java library generating PDF from Graphics2D

libjfreepdf-java-doc/stable 2.0.1-5 all
  Java library generatiing PDF from Graphics2D (doc)

libkasten4okteta2controllers0/stable 5:0.26.21-1 arm64
  kastencontrollers library for Okteta

libkasten4okteta2core0/stable 5:0.26.21-1 arm64
  kastencore library for Okteta

libkasten4okteta2gui0/stable 5:0.26.21-1 arm64
  kastengui library for Okteta

libkickpass-dev/stable 0.2.0-8 arm64
  library used by kickpass (development files)

libkickpass0/stable 0.2.0-8 arm64
  library used by kickpass

libmina2-java/stable 2.2.1-4 all
  Java network application framework

libmirage-crypto-ocaml/stable 2.0.0-1+b5 arm64
  simple symmetric cryptography for the modern age (runtime)

libmirage-crypto-ocaml-dev/stable 2.0.0-1+b5 arm64
  cryptography in OCaml for the modern age (dev)

libmonitoring-icinga2-client-rest-perl/stable 2.0.4-1 all
  Perl module providing REST integration with icinga2

libmysofa-utils/stable 1.3.3+dfsg-1 arm64
  library to read HRTFs stored in the AES69-2015 SOFA format - utilities

libnet-amazon-signature-v4-perl/stable 0.21-2 all
  module for the Amazon Web Services signature version 4

liborcania2.3/stable 2.3.3-1+b2 arm64
  library for angharad programs

libosra2/stable 2.1.3-3+b3 arm64
  optical structure recognition (shared library)

libparse-dia-sql-perl/stable 0.31-2 all
  module for parsing Dia diagram files and generating SQL

libpbkdf2-tiny-perl/stable 0.005-4 all
  Minimalist PBKDF2 (RFC 2898) with HMAC-SHA1 or HMAC-SHA2

libpdfrenderer-java/stable 0.9.0-2 all
  Java PDF renderer and viewer

libqca-qt5-2-plugins/stable 2.3.10-1 arm64
  QCA plugins for libqca2 [Qt 5]

libqca-qt6-plugins/stable 2.3.10-1 arm64
  QCA plugins for libqca2 [Qt 6]

libqca2-doc/stable 2.3.10-1 all
  API documentation for the Qt Cryptographic Architecture

libqscintilla2-doc/stable 2.14.1+dfsg-1 all
  API documentation for QScintilla 2

libqscintilla2-qt5-15/stable 2.14.1+dfsg-1+b4 arm64
  Qt5 port of the Scintilla source code editing widget

libqscintilla2-qt5-designer/stable 2.14.1+dfsg-1+b4 arm64
  Qt5 Designer plugin for QScintilla 2

libqscintilla2-qt5-dev/stable 2.14.1+dfsg-1+b4 arm64
  Scintilla source code editing widget for Qt5, development files

libqscintilla2-qt5-l10n/stable 2.14.1+dfsg-1 all
  Scintilla source code editing widget for Qt5, translation files

libqscintilla2-qt6-15/stable 2.14.1+dfsg-1+b4 arm64
  Qt6 port of the Scintilla source code editing widget

libqscintilla2-qt6-designer/stable 2.14.1+dfsg-1+b4 arm64
  Qt6 Designer plugin for QScintilla 2

libqscintilla2-qt6-dev/stable 2.14.1+dfsg-1+b4 arm64
  Scintilla source code editing widget for Qt6, development files

libqscintilla2-qt6-l10n/stable 2.14.1+dfsg-1 all
  Scintilla source code editing widget for Qt6, translation files

librhash-dev/stable 1.4.5-1 arm64
  header files and a static library for librhash

librhash1/stable 1.4.5-1 arm64
  shared library for hash functions computing

librte-bus-dpaa25/stable 24.11.4-0+deb13u1 arm64
  Data Plane Development Kit (librte-bus-dpaa runtime library)

librte-bus-ifpga25/stable 24.11.4-0+deb13u1 arm64
  Data Plane Development Kit (librte-bus-ifpga runtime library)

librte-crypto-dpaa2-sec25/stable 24.11.4-0+deb13u1 arm64
  Data Plane Development Kit (librte-crypto-dpaa2-sec runtime library)

librte-dma-dpaa2-25/stable 24.11.4-0+deb13u1 arm64
  Data Plane Development Kit (librte-dma-dpaa2 runtime library)

librte-dma-dpaa25/stable 24.11.4-0+deb13u1 arm64
  Data Plane Development Kit (librte-dma-dpaa runtime library)

librte-event-dpaa2-25/stable 24.11.4-0+deb13u1 arm64
  Data Plane Development Kit (librte-event-dpaa2 runtime library)

librte-event-dpaa25/stable 24.11.4-0+deb13u1 arm64
  Data Plane Development Kit (librte-event-dpaa runtime library)

librte-mempool-dpaa2-25/stable 24.11.4-0+deb13u1 arm64
  Data Plane Development Kit (librte-mempool-dpaa2 runtime library)

librte-mempool-dpaa25/stable 24.11.4-0+deb13u1 arm64
  Data Plane Development Kit (librte-mempool-dpaa runtime library)

librte-net-dpaa2-25/stable 24.11.4-0+deb13u1 arm64
  Data Plane Development Kit (librte-net-dpaa2 runtime library)

librte-net-dpaa25/stable 24.11.4-0+deb13u1 arm64
  Data Plane Development Kit (librte-net-dpaa runtime library)

librte-net-ena25/stable 24.11.4-0+deb13u1 arm64
  Data Plane Development Kit (librte-net-ena runtime library)

librte-net-mana25/stable 24.11.4-0+deb13u1 arm64
  Data Plane Development Kit (librte-net-mana runtime library)

librte-raw-dpaa2-cmdif25/stable 24.11.4-0+deb13u1 arm64
  Data Plane Development Kit (librte-raw-dpaa2-cmdif runtime library)

librte-raw-ifpga25/stable 24.11.4-0+deb13u1 arm64
  Data Plane Development Kit (librte-raw-ifpga runtime library)

librust-aead-dev/stable 0.5.2-2 arm64
  Traits for Authenticated Encryption with Associated Data (AEAD) algorithms, such as AES-GCM as ChaCha20Poly1305, which provide a high-level API - Rust source code

librust-chacha20-dev/stable 0.9.1-1+b3 arm64
  ChaCha20 stream cipher (RFC 8439) in pure Rust - Rust source code

librust-chacha20poly1305-dev/stable 0.10.1-1+b3 arm64
  ChaCha20Poly1305 Authenticated Encryption (RFC 8439) in pure Rust - Rust source code

librust-crypto-secretbox-dev/stable 0.1.1-1+b2 arm64
  Pure Rust implementation of the XSalsa20Poly1305 (a.k.a - Rust source code

librust-hmac-sha256-dev/stable 1.1.7-2 arm64
  SHA256 and HMAC-SHA256 implementation - Rust source code

librust-lzma-rs-dev/stable 0.3.0-3 arm64
  Codec for LZMA, LZMA2 and XZ written in pure Rust - Rust source code

librust-salsa20-dev/stable 0.10.2-1+b3 arm64
  Salsa20 Stream Cipher - Rust source code

librust-sha2-asm-dev/stable 0.6.2-2+b2 arm64
  Assembly implementation of SHA-2 compression functions - Rust source code

librust-sha2-dev/stable 0.10.8-1+b2 arm64
  Pure Rust implementation of SHA-2 - Rust source code

librust-tera-dev/stable 1.20.0-1 arm64
  Template engine based on Jinja2/Django templates - Rust source code

libsbc-dev/stable 2.1-1 arm64
  Sub Band CODEC library - development

libsbc1/stable 2.1-1 arm64
  Sub Band CODEC library - runtime

libstrongswan-extra-plugins/stable 6.0.1-6+deb13u6 arm64
  strongSwan utility and crypto library (extra plugins)

libva2/stable,now 2.22.0-3 arm64 [installed,automatic]
  Video Acceleration (VA) API for Linux -- runtime

libwfa2-0/stable 2.3.3-4+b2 arm64
  exact gap-affine algorithm (shared library)

libwfa2-dev/stable 2.3.3-4+b2 arm64
  exact gap-affine algorithm (development)

libwpa-client-dev/stable 2:2.10-24 arm64
  development files for WPA/WPA2 client support (IEEE 802.11i)

libxdelta2-dev/stable 1.1.3-10.7 arm64
  Xdelta development files

libxdelta2t64/stable 1.1.3-10.7 arm64
  Xdelta runtime library

libxeddsa2t64/stable 2.0.0+20231128.d725c81-1 arm64
  toolkit around Curve25519 and Ed25519 key pairs - shared library

libyuma2t64/stable 2.14-1 arm64
  NETCONF/YANG library

man2html/stable 1.6g-16+b2 arm64
  browse man pages in your web browser

monitoring-plugins-contrib/stable 48.20250420 arm64
  Plugins for nagios compatible monitoring systems

mudita24/stable 1.0.3+svn13-7+b2 arm64
  ALSA GUI control tool for Envy24 (ice1712) soundcards

nemo-gtkhash/stable 1.5-3 arm64
  nemo extension for computing checksums and more using gtkhash

node-hash.js/stable 1.1.7-4 all
  Hash functions that could be run by both browser and nodejs

node-nunjucks/stable 3.2.4+~cs4.2.7-1 all
  templating engine with inheritance, asynchronous control, and more

node-pseudorandombytes/stable 2.0.0-2 all
  crypto.pseudoRandomBytes but for use with browserify

node-sha.js/stable 2.4.11+~2.4.0-2+deb13u1 all
  Streamable SHA hashes in pure javascript

node-sumchecker/stable 3.0.1-2 all
  checksum validator for Node.js

ora2pg/stable 25.0-1 all
  Oracle/MySQL to PostgreSQL database schema converter

otpclient/stable 4.0.2-1 arm64
  Simple GTK+ software to generate OTPs (TOTP and HOTP)

pcp-import-ganglia2pcp/stable 6.3.8-1 all
  Tool for importing data from ganglia into PCP archive logs

pdns-backend-lua2/stable 4.9.16-0+deb13u1 arm64
  Lua2 backend for PowerDNS

pymca/stable 5.9.4-1 all
  Applications and toolkit for X-ray fluorescence analysis -- scripts

pyqt5.qsci-dev/stable 2.14.1+dfsg-1 all
  Development files for Python Qscintilla2 (Qt5)

pyqt6.qsci-dev/stable 2.14.1+dfsg-1 all
  Development files for Python Qscintilla2 (Qt6)

python-changelogd-doc/stable 0.1.9-1 all
  Documentation for python-changelogd

python-cookiecutter-doc/stable 2.6.0-2 all
  create projects from project templates (documentation)

python-flask-doc/stable 3.1.1-1 all
  micro web framework based on Werkzeug and Jinja2 - documentation

python-jinja2-doc/stable 3.1.6-1 all
  documentation for the Jinja2 Python library

python-natsort-doc/stable 8.0.2-2 all
  Natural sorting for Python (doc)

python-pycryptodome-doc/stable 3.20.0+dfsg-3 all
  cryptographic Python library (documentation)

python-xmlschema-doc/stable 3.4.5-1 all
  documentation and examples for xmlschema

python3-a2wsgi/stable 1.10.8-2 all
  Convert between ASGI and WSGI apps (Python3 version)

python3-aiohttp-jinja2/stable 1.6-1 all
  jinja2 template renderer for aiohttp.web

python3-aiohttp-mako/stable 1.0.0-1 all
  mako template renderer for aiohttp.web

python3-chacha20poly1305/stable 0.0.3-2 all
  chacha20-poly1305 implementation based on tlslite-ng

python3-chacha20poly1305-reuseable/stable 0.13.2-2 all
  ChaCha20Poly1305 that is reuseable for asyncio

python3-changelogd/stable 0.1.9-1 all
  Changelogs without conflicts

python3-chartkick/stable 1.0.1+ds1-2 all
  create beautiful JavaScript charts with minimal code (Python 3)

python3-cookiecutter/stable 2.6.0-2 all
  create projects from project templates (Python 3 module)

python3-crccheck/stable 1.3.0-1 all
  implementation of 170+ CRC algorithms for Python 3

python3-dials-data/stable 2.4.0-2 all
  Python data files used for regression tests in DIALS, dxtbx, xia2

python3-django-cacheops/stable 7.2-1 all
  Django app adding automatic or manual queryset caching (Python3)

python3-django-jinja/stable 2.11.0-1 all
  Jinja2 templating language integrated in Django (Python 3 version)

python3-django-render-block/stable 0.8.1-2 all
  Render the content of a specific block tag from a Django template

python3-django-sass-processor/stable 1.4.1-1 all
  compile files from markup languages such as SASS/SCSS

python3-docxtpl/stable 0.20.0+dfsg-1 all
  Python DOCX template engine

python3-flask/stable 3.1.1-1 all
  micro web framework based on Werkzeug and Jinja2 - Python 3.x

python3-gfapy/stable 1.2.3+dfsg-3 arm64
  flexible and extensible software library for handling sequence graphs

python3-hiyapyco/stable 0.7.0-2 all
  Hierarchical YAML Python Config

python3-idna/stable 3.10-1+deb13u1 all
  Python IDNA2008 (RFC 5891) handling (Python 3)

python3-jinja-vanish/stable 0.2~git20160124.8980cb2-2 all
  Jinja2 environment for non-HTML auto-escaping

python3-jinja2/stable 3.1.6-1 all
  small but fast and easy to use stand-alone template engine

python3-jinja2-time/stable 0.2.0-5 all
  Jinja2 extension for dates and times - Python 3.x

python3-minijinja/stable 2.5.0-2 arm64
  Experimental Python binding of the Rust MiniJinja template engine

python3-moehlenhoff-alpha2/stable 1.4.0-1 all
  Library for managing the Möhlenhoff Alpha 2 heating system

python3-natsort/stable 8.0.2-2 all
  Natural sorting for Python (Python3)

python3-nmea2/stable 1.19.0-3 all
  Python library for the NMEA 0183 protocol

python3-openwebifpy/stable 4.3.1-1 all
  Python interface for interacting with OpenWebIf devices

python3-pooch/stable 1.8.2-1 all
  Tools to manage Python library's data files

python3-pycryptodome/stable,now 3.20.0+dfsg-3 arm64 [installed,automatic]
  cryptographic Python library (Python 3)

python3-pylutron-caseta/stable 0.24.0-1 all
  API to control Lutron Caséta devices

python3-pymca5/stable 5.9.4-1 arm64
  Applications and toolkit for X-ray fluorescence analysis -- Python 3

python3-pyramid-jinja2/stable 2.10.1-1 all
  Jinja2 template bindings for the Pyramid web framework (Python 3)

python3-rabbitair/stable 0.0.8-3 all
  Library for local control of Rabbit Air purifiers

python3-securesystemslib/stable 1.2.0-2 all
  crypto and schema library for TUF and in-toto

python3-shippinglabel/stable 2.2.0+dfsg-2 all
  Utilities for handling packages

python3-snitun/stable 0.42.0-1 all
  End-to-End encryption with SNI proxy on top of a TCP multiplexer

python3-sphinx-jinja2-compat/stable 0.3.0-2 all
  Patches Jinja2 v3 for compatibility with earlier Sphinx (Python 3)

python3-ulid-transform/stable 1.4.0-1 arm64
  Fast ULID transformations

python3-unicodedata2/stable 15.1.0+ds-1+b5 arm64
  Python unicodedata backport/updates

python3-xmlschema/stable 3.4.5-1 all
  implementation of XML Schema for Python

python3-yamlfix/stable 1.17.0-4 all
  Simple opionated yaml formatter that keeps your comments

r-bioc-mofa/stable 1.6.1+dfsg-15 all
  Multi-Omics Factor Analysis (MOFA)

r-cran-openssl/stable 2.3.2+dfsg-1 arm64
  GNU R toolkit for encryption, signatures and certificates based on OpenSSL

readpe/stable 0.84-2 arm64
  command-line tools to manipulate Windows PE files

rhash/stable 1.4.5-1 arm64
  utility for computing hash sums and magnet links

rkhunter/stable 1.4.6-13 all
  rootkit, backdoor, sniffer and exploit scanner

rocketcea/stable 1.2.1-2+b2 arm64
  NASA Chemical Equilibrium, wrapped in Python

ruby-iso/stable 0.2.2-2 all
  Ruby implementation of ISO 639-1 alpha2 and ISO 3166-1

ruby-simple-captcha2/stable 0.5.0-2 all
  simplest and a robust captcha plugin for rails

ruby-ya2yaml/stable 0.31-1.1 all
  UTF8 safe YAML dumper

sbc-tools/stable 2.1-1 arm64
  Sub Band CODEC library - tools

schema2ldif/stable 1.3-4 all
  Tool for converting OpenLDAP-style schemas to the LDIF format

staticsite/stable 2.5-1 all
  Static site generator

sunxi-tools/stable 1.4.2+git20240825.4390ca-1 arm64
  tools for working with Allwinner (sunxi) ARM processors

swugenerator/stable 0.4-1 all
  Generates SWU update packages for swupdate (Python 3)

texlive-bibtex-extra/stable 2024.20250309-2 all
  TeX Live: BibTeX additional styles

texlive-extra-utils/stable 2024.20250309-2 all
  TeX Live: TeX auxiliary programs

texlive-fonts-extra/stable 2024.20250309-2 all
  TeX Live: Additional fonts

thunar-gtkhash/stable 1.5-3 arm64
  thunar extension for computing checksums and more using gtkhash

tinysshd/stable 20250501-1 arm64
  Tiny SSH server - daemon

toga2/stable 3.0.0.1SE1-4 arm64
  computer chess engine, calculates chess moves

unibetacode/stable 2.3-5 arm64
  convert classical Greek and Coptic between Beta Code and Unicode

vim-icinga2/stable 2.14.6-1 all
  syntax highlighting for Icinga 2 config files in VIM

wikipedia2text/stable 0.14-4 all
  displays Wikipedia articles on the command line

wpasupplicant/stable 2:2.10-24 arm64
  client support for WPA and WPA2 (IEEE 802.11i)

xfonts-kappa20/stable 1:0.396-7 all
  X11 Kappa 20dot Fonts (ISO-8859-1..4/9/10/13..16, Japanese) with bold

yaret/stable 2.1.0-6 all
  console tool to turn CDs into encoded music

ylva/stable 1.7-2+b3 arm64
  command line password manager

zbackup/stable 1.5-2+b3 arm64
  Versatile deduplicating backup tool

zita-ajbridge/stable 0.8.4-1+b2 arm64
  alsa to jack bridge

