
WARNING: apt does not have a stable CLI interface. Use with caution in scripts.

Sorting...
Full Text Search...
astap/stable 2024.05.01-1 arm64
  astrometric (plate) solver, stacking of images, photometry and FITS viewer

berrynet/stable 3.10.2-2 all
  deep learning gateway - meta package

berrynet-dashboard/stable 3.10.2-2 all
  deep learning gateway - python3 modules

blur-effect/stable 1.1.3-2+b3 arm64
  Offscreen Image Blurring utility

casacore-data-igrf/stable 12-2 all
  International Geomagnetic Reference Field data for casacore

ciderwebmail/stable 1.05+20240702-1 all
  IMAP webmail service

compass-sassy-maps-plugin/stable 0.4.0-6 all
  map helper functions for Sass maps

crash/stable 8.0.6-1 arm64
  kernel debugging utility, allowing gdb like syntax

crawl/stable 2:0.28.0-1.1 arm64
  Dungeon Crawl, a text-based roguelike game

crawl-common/stable 2:0.28.0-1.1 all
  Dungeon Crawl, a text-based roguelike game (data files)

crawl-tiles/stable 2:0.28.0-1.1 arm64
  Dungeon Crawl, a roguelike game, tiles version

crawl-tiles-data/stable 2:0.28.0-1.1 all
  Dungeon Crawl, a text-based roguelike game (tile data files)

dde-account-faces/stable 1.0.17-1 all
  provides account-faces of dde

dde-calendar/stable 5.14.13-1 arm64
  Deepin Calendar

dde-qt5integration/stable 5.7.12-1 arm64
  Qt5 theme integration for Deepin application

dde-store/stable 1.2.5-2 arm64
  DDE Store for Deepin Desktop Environment

deepin-album/stable 5.9.1+dfsg-3 arm64
  album application for Deepin Desktop Environment

deepin-boot-maker/stable 5.10.0+dfsg2-2 arm64
  Simple tool for user to create a boot usb stick quickly and easily

deepin-calculator/stable 6.5.4-1 arm64
  Calculator for DDE (Deepin Desktop Environment)

deepin-deb-installer/stable 6.5.5-1 arm64
  Deepin Package Manager

deepin-gettext-tools/stable 1.0.11-1 all
  Deepin Internationalization utilities

deepin-icon-theme/stable 2025.03.27-1 all
  Icon Theme for Deepin software and Deepin Desktop Environment

deepin-image-viewer/stable 5.8.2-4 arm64
  Image Viewer for Deepin Desktop Environment

deepin-log-viewer/stable 6.5.8+ds1-1+b1 arm64
  Log Viewer is a useful tool for viewing system logs

deepin-movie/stable 5.15.10-3 arm64
  Deepin movie player

deepin-music/stable 6.2.40-1+b1 arm64
  music player with brilliant and tweakful UI

deepin-notifications/stable 3.3.4-2+b2 arm64
  System notifications for Deepin Desktop Environment

deepin-picker/stable 6.0.3-1 arm64
  Color picker tool for deepin

deepin-screen-recorder/stable 5.8.0.46-3+b3 arm64
  Simple recorder tools for deepin

deepin-shortcut-viewer/stable 5.0.9-1 arm64
  Pop-up shortcut viewer for Deepin applications

deepin-sound-theme/stable 15.10.6-1 all
  Deepin sound theme for DDE

deepin-terminal/stable 5.9.51+dfsg-1+b1 arm64
  Deepin terminal emulator application

devscripts/stable 2.25.15+deb13u1 all
  scripts to make the life of a Debian Package maintainer easier

dialect/stable 2.5.0+~2.5.0-1 arm64
  translation app for GNOME

dlmodelbox/stable 1.1.1-1 all
  Swiss Army Knife of Deep Learning Models

dmitry/stable 1.3a-6+b1 arm64
  Deepmagic Information Gathering Tool

dtk-exhibition/stable 5.7.12-1 arm64
  Deepin DTK QtQuick/QtQml widget library (example app)

dtkwidget5-examples/stable 5.7.12-1 arm64
  dtkwidget-examples is generated by dtkwidget

elpa-color-theme-modern/stable 0.0.3-5 all
  deftheme reimplementation of classic Emacs color-themes

fastforward/stable 1:0.51-10 arm64
  handles qmail forwarding according to a cdb database

fonts-agave/stable 37-4 all
  monospaces programming font

fonts-hack/stable 3.003-3 all
  Typeface designed for source code

fonts-lindenhill/stable 1.2-7 all
  Regular and italic serif font

fonts-sil-alkalami/stable 3.000-1 all
  Font for Arabic-based writing systems in the Kano region

forensics-all/stable 3.61 all
  Debian Forensics Environment - essential components (metapackage)

gitless/stable 0.8.8-7 all
  version control system on top of Git

golang-dlib-dev/stable 5.6.0.9+dfsg-5 all
  Go bindings for Deepin Desktop Environment (development files)

golang-gir-generator/stable 2.2.0-1+b1 arm64
  Generate library binding code which support gir for golang

golang-gir-gio-2.0-dev/stable 2.2.0-1 all
  gio-2.0 go bindings (library)

golang-gir-glib-2.0-dev/stable 2.2.0-1 all
  glib-2.0 go bindings (library)

golang-gir-gobject-2.0-dev/stable 2.2.0-1 all
  gobject-2.0 go bindings (library)

golang-gir-gudev-1.0-dev/stable 2.2.0-1 all
  gudev-1.0 go bindings (library)

golang-github-bep-goat-dev/stable 0.5.0-2 all
  Render ASCII art as SVG diagrams (Go library)

golang-github-davecgh-go-spew-dev/stable 1.1.1-3 all
  Implements a deep pretty printer for Go data structures to aid in debugging

golang-github-frankban-quicktest-dev/stable 1.14.6-1 all
  quick helpers for testing Go applications

golang-github-gcla-deep-dev/stable 1.0.2-2 all
  Golang deep variable equality test that returns human-readable differences

golang-github-go-test-deep-dev/stable 1.0.8-1 all
  Golang deep variable equality test that returns human-readable differences

golang-github-google-go-cmp-dev/stable 0.6.0-1 all
  Package for comparing Go values in tests

golang-github-jinzhu-copier-dev/stable 0.3.2-2 all
  Copy value from struct to struct and more (library)

golang-github-kubernetes-gengo-dev/stable 0.0~git20250207.1244d31-1 all
  library for generating code based on Go files

golang-github-linuxdeepin-go-dbus-factory-dev/stable 1.9.6-3 all
  Go binding code for automatically generating DBus services (library)

golang-github-linuxdeepin-go-x11-client-dev/stable 1.0.2-1 all
  deepin go x11 client

golang-github-maxatome-go-testdeep-dev/stable 1.14.0-1 all
  Extremely flexible golang deep comparison

golang-github-mitchellh-copystructure-dev/stable 1.2.0-1 all
  library for deep copying values in Go

golang-github-mohae-deepcopy-dev/stable 0.0~git20170929.c48cc78-4 all
  create deep copies of things

golang-github-openpeedeep-xdg-dev/stable 1.0.0-1 all
  Cross platform package that follows the XDG Standard

golang-github-powerman-deepequal-dev/stable 0.1.0-4 all
  Go library with improved reflect.DeepEqual

golang-github-viant-assertly-dev/stable 0.5.4-1 all
  Arbitraty datastructure validation golang library

golang-gopkg-check.v1-dev/stable 0.0+git20200902.038fdea-2 all
  Rich testing extension for Go's testing package

hashdeep/stable 4.4+git20170824+ds-1+b1 arm64
  recursively compute hashsums or piecewise hashings

horst/stable 5.1-3+b1 arm64
  Highly Optimized Radio Scanning Tool

iraf-xdimsum/stable 2003.01.24-2 arm64
  Deep Infrared Mosaicing Software

kstars/stable 5:3.6.2-2+b5 arm64
  desktop planetarium, observation planning and telescope control

leela-zero/stable 0.17-1+b5 arm64
  Go engine with no human-provided knowledge, modeled after the AlphaGo Zero paper

libaliased-perl/stable 0.34-3 all
  Perl module to provide aliases of class names

libcarp-always-perl/stable 0.16-1 all
  Perl module to make warn and die noisy with stack backtraces

libclass-ooorno-perl/stable 0.011-3 all
  Give your module classic AND OO interfaces

libclone-perl/stable,now 0.47-1+b1 arm64 [installed,automatic]
  module for recursively copying Perl datatypes

libclone-pp-perl/stable 1.08-2 all
  module to recursively copy Perl datatypes

libconst-fast-perl/stable 0.014-2 all
  facility for creating read-only scalars, arrays, and hashes

libdata-compactreadonly-perl/stable 0.1.1-1 all
  module for Compact Read-Only Databases

libdata-dump-perl/stable,now 1.25-1 all [installed,automatic]
  Perl module to help dump data structures

libdata-dumper-compact-perl/stable 0.006000-1 all
  vertically compact width-limited data formatter

libdbm-deep-perl/stable 2.0019-1 all
  pure perl multi-level hash/array DBM that supports transactions

libdde-network-utils-dev/stable 5.4.13-3+b1 arm64
  DDE network utilities library (development files)

libdde-network-utils1/stable 5.4.13-3+b1 arm64
  Dbus network intermediate layer of DDE

libdevel-caller-perl/stable,now 2.07-1+b3 arm64 [installed,automatic]
  module providing enhanced caller() support

libdframeworkdbus-dev/stable 6.0.1-1 arm64
  Qt DBus interface library for Deepin software (development files)

libdframeworkdbus2/stable 6.0.1-1 arm64
  Qt DBus interface library for Deepin software (shared library)

libdigest-ssdeep-perl/stable 0.9.3-2 all
  Pure Perl ssdeep (CTPH) fuzzy hashing

libdlpack-dev/stable 1.0-1 arm64
  Open In Memory Tensor Structure

libdmr-dev/stable 5.15.10-3 arm64
  Deepin movie player - widget library (development files)

libdmr0.1/stable 5.15.10-3 arm64
  Deepin movie player - widget library

libdnnl-dev/stable 3.7.2+ds-2 arm64
  oneAPI Deep Neural Network Library (oneDNN) (dev)

libdnnl3.6/stable 3.7.2+ds-2 arm64
  oneAPI Deep Neural Network Library (oneDNN) (lib)

libdtkcommon/stable 5.7.12-1 arm64
  DTK common files

libdtkcommon-dev/stable 5.7.12-1 arm64
  DTK common dev files

libdtkcore-dev/stable 5.7.12-1 arm64
  Deepin Tool Kit Core library (development files)

libdtkcore5/stable 5.7.12-1 arm64
  Deepin Tool Kit Core library

libdtkcore5-bin/stable 5.7.12-1 arm64
  Deepin Tool Kit Core library (utilities)

libdtkdeclarative-dev/stable 5.7.12-1 arm64
  Deepin DTK QtQuick/QtQml widget library (development files)

libdtkdeclarative-doc/stable 5.7.12-1 all
  Deepin DTK QtQuick/QtQml widget library (Document)

libdtkdeclarative5/stable 5.7.12-1 arm64
  Deepin DTK QtQuick/QtQml widget library (shared libraries)

libdtkgui-dev/stable 5.7.12-1 arm64
  Deepin Tool Kit Gui library (development files)

libdtkgui5/stable 5.7.12-1 arm64
  Deepin Tool Kit Gui library

libdtkgui5-bin/stable 5.7.12-1 arm64
  Deepin Tool Kit Gui utilities

libdtkwidget-dev/stable 5.7.12-1 arm64
  Deepin Tool Kit Widget library (development files)

libdtkwidget5/stable 5.7.12-1 arm64
  Deepin Tool Kit Widget library

libdtkwidget5-bin/stable 5.7.12-1 arm64
  Deepin Tool Kit Widget library utilities

libfdeep-dev/stable 0.17.1-1 all
  use Keras models in C++

libfec-dev/stable 1.0-26-gc5d935f-1+b3 arm64
  forward error correction (FEC) algorithms - header files

libfec0/stable 1.0-26-gc5d935f-1+b3 arm64
  forward error correction (FEC) algorithms

libfilehandle-fmode-perl/stable 0.15-1+b1 arm64
  Perl module for checking filehandle status

libfuzzy-dev/stable 2.14.1+git20180629.57fcfff-3+b2 arm64
  recursive piecewise hashing tool (development headers)

libfuzzy2/stable 2.14.1+git20180629.57fcfff-3+b2 arm64
  recursive piecewise hashing tool (library)

libghc-deepseq-generics-dev/stable 0.2.0.0-9+b1 arm64
  GHC.Generics-based Control.DeepSeq.rnf implementation

libghc-deepseq-generics-doc/stable 0.2.0.0-9 all
  GHC.Generics-based Control.DeepSeq.rnf implementation; documentation

libghc-deepseq-generics-prof/stable 0.2.0.0-9+b1 arm64
  GHC.Generics-based Control.DeepSeq.rnf implementation; profiling libraries

libghc-pretty-simple-dev/stable 4.1.2.0-3+b1 arm64
  pretty printer for data types with a 'Show' instance

libghc-pretty-simple-doc/stable 4.1.2.0-3 all
  pretty printer for data types with a 'Show' instance; documentation

libghc-pretty-simple-prof/stable 4.1.2.0-3+b1 arm64
  pretty printer for data types with a 'Show' instance; profiling libraries

libgio-qt-dev/stable 0.0.14-2 arm64
  Gio wrapper for Qt (development files)

libgio-qt-doc/stable 0.0.14-2 all
  Gio wrapper for Qt (documentation files)

libgio-qt0/stable 0.0.14-2 arm64
  Gio wrapper for Qt (Qt5 library)

libgio-qt6-0/stable 0.0.14-2 arm64
  Gio wrapper for Qt (Qt6 library)

libgoogle-gson-java/stable 2.10.1-1 all
  Converts Java objects into their JSON representation

libhash-merge-perl/stable 0.302-1 all
  Perl module for merging arbitrarily deep hashes into a single hash

libideep-dev/stable 0.0~git20250115.9873ffc-2 all
  Intel's mkldnn/dnnl wrapper for pytorch

libipc-pubsub-perl/stable 0.29-4 all
  Interprocess Publish/Subscribe channels

libjamm-java/stable 0.4.0-2 all
  Java Agent for Memory Measurements

libjamm-java-doc/stable 0.4.0-2 all
  Documentation for Java Agent for Memory Measurements

libjs-angularjs/stable 1.8.3-3 all
  lets you write client-side web applications as if you had a smarter browser

libjs-backbone-deep-model/stable 0.10.4-3.1 all
  improved support for models with nested attributes

libjs-c3/stable 0.4.11+dfsg-4 all
  D3-based reusable chart library

libjs-getobject/stable 1.1.1-1 all
  set and get deep objects easily - library for browsers

libjs-jquery-typeahead/stable 2.11.0+dfsg1-3 all
  Type-ahead autocompletion plugin for JQuery

libjs-underscore/stable 1.13.4~dfsg+~1.11.4-3 all
  JavaScript's functional programming helper library

libjs-vue-router/stable 3.6.5~ds1-1 all
  official router for Vue.js

libkryo-java/stable 2.20-8 all
  object graph serialization framework for Java

libkryo2-java/stable 2.20-9.1 all
  object graph serialization framework for Java

liblog-trace-perl/stable 1.070-5 all
  Perl module to provide a unified approach to tracing

liblong-jump-perl/stable 0.000001-2 all
  mechanism for returning to a specific point from a deeply nested stack

libmoosex-clone-perl/stable 0.06-3 all
  Moose extension providing fine-grained cloning support

libndpi-bin/stable 4.2-2.1+b3 arm64
  extensible deep packet inspection library - ndpiReader

libndpi-dev/stable 4.2-2.1+b3 arm64
  extensible deep packet inspection library - development files

libndpi-wireshark/stable 4.2-2.1+b3 arm64
  extensible deep packet inspection library - wireshark dissector

libndpi4.2t64/stable 4.2-2.1+b3 arm64
  extensible deep packet inspection library - shared library

libobject-cloner-java/stable 0.2~git95dba2c-3 all
  Java Object cloning library with extensible strategies

libonnxruntime-dev/stable 1.21.0+dfsg-1 arm64
  cross-platform inference and training ML accelerator (dev files)

libonnxruntime1.21/stable 1.21.0+dfsg-1 arm64
  cross-platform inference and training ML accelerator (shared lib)

libopencv-dnn-dev/stable 4.10.0+dfsg-5 arm64
  development files for libopencv-dnn410

libopencv-dnn410/stable 4.10.0+dfsg-5 arm64
  computer vision Deep neural network module

libpgobject-util-pseudocsv-perl/stable 2-2 all
  PostgreSQL text representations parser

libre2j-java/stable 1.7+dfsg-1 all
  RE2/J: linear time regular expression matching in Java

libreturn-multilevel-perl/stable 0.08-1 all
  Perl module to enable returning from a nested call stack

librust-stacker-dev/stable 0.1.15-2 arm64
  Stack growth library useful when implementing deeply recursive algorithms that may accidentally blow the stack - Rust source code

libstruct-compare-perl/stable 1.0.1-5 all
  Perl module providing recursive diff for perl structures

libsuper-csv-java/stable 2.4.0-4 all
  Super CSV library for Java

libtarget-factory-dev/stable 2.5-11.1+b2 arm64
  Factory library to generate DPU target description file (develop)

libtarget-factory2t64/stable 2.5-11.1+b2 arm64
  Factory library to generate DPU target description file

libtest-deep-fuzzy-perl/stable 0.01-3 all
  fuzzy number comparison with Test::Deep

libtest-deep-json-perl/stable 0.05-2 all
  Test::Deep plugin for comparing JSON data

libtest-deep-perl/stable 1.205-1 all
  Perl module for extremely flexible deep comparisons

libtest-deep-type-perl/stable 0.008-2 all
  Test::Deep plugin for validating type constraints

libtest-deep-unorderedpairs-perl/stable 0.006-3 all
  Test::Deep plugin for comparing lists as if they were hashes

libtest-diaginc-perl/stable 0.010-2 all
  List modules and versions loaded if tests fail

libtest-modern-perl/stable 0.013-4 all
  precision testing for modern perl

libtest-most-perl/stable 0.38-1 all
  Perl module with the most commonly needed test functions and features

libtest-object-perl/stable 0.08-3 all
  module for thoroughly testing objects via registered handlers

libtinyexr-dev/stable 1.0.10+dfsg-1 arm64
  C++ library to load and save OpenEXR images - development headers

libtinyexr1d/stable 1.0.10+dfsg-1 arm64
  C++ library to load and save OpenEXR images

libtk-objeditor-perl/stable 2.010-1 all
  Perl/Tk widget to edit recursively a data structure

libtorch-dev/stable 2.6.0+dfsg-7 arm64
  Tensors and Dynamic neural networks in Python (Development Files)

libtorch-test/stable 2.6.0+dfsg-7 arm64
  Tensors and Dynamic neural networks in Python (Test Binaries)

libtorch2.6/stable 2.6.0+dfsg-7 arm64
  Tensors and Dynamic neural networks in Python (Shared Objects)

libucommon-dev/stable 7.0.1-0.4+b1 arm64
  lightweight C++ threading and sockets - development files

libucommon8t64/stable 7.0.1-0.4+b1 arm64
  lightweight C++ threading and sockets - shared libraries

libudisks2-qt5-0/stable 5.0.6-1+b3 arm64
  UDisks2 library with Qt5

libudisks2-qt5-dev/stable 5.0.6-1+b3 arm64
  UDisks2 library with Qt5 (development files)

libvisp-dnn-tracker-dev/stable 3.6.0-5 arm64
  development files for libvisp-dnn-tracker

libvisp-dnn-tracker3.6t64/stable 3.6.0-5 arm64
  visual servoing platform dnn-tracker library

libxir-dev/stable 2.5-2 arm64
  Xilinx Intermediate Representation (XIR) for deep learning algorithms (develop)

libxir-utils/stable 2.5-2 arm64
  Xilinx Intermediate Representation (XIR) for deep learning algorithms (utils)

libxir2/stable 2.5-2 arm64
  Xilinx Intermediate Representation (XIR) for deep learning algorithms (runtime)

libxnnpack-dev/stable 0.0~git20241108.4ea82e5-2 arm64
  High-efficiency floating-point neural network inference operators (dev)

libxnnpack0.20241108/stable 0.0~git20241108.4ea82e5-2 arm64
  High-efficiency floating-point neural network inference operators (libs)

lua-luaossl/stable 20220711-2+b1 arm64
  OpenSSL bindings for Lua

lua-moses/stable 2.1.0-3 all
  Utility library for functional programming in Lua

lua-resty-lrucache/stable 0.15-2 all
  Simple LRU cache for the ngx_lua module

makefile2graph/stable 2021.11.06-1+b2 arm64
  creates a graph of dependencies from GNU-Make

minetest-mod-nether/stable 3.6.1-1 all
  Minetest mod - Nether portals and materials

node-clone/stable 2.1.2+~2.1.2-1 all
  deep cloning of objects and arrays

node-clone-deep/stable 4.0.1+~cs7.0.2-1 all
  Recursively (deep) clone JavaScript native types

node-d3-interpolate/stable 1.4.0+~1.4.2-1 all
  Interpolate numbers, colors, strings, arrays, objects, whatever!

node-deep-eql/stable 4.1.3-1 all
  Improved deep equality testing for Node.js and the browser

node-deep-equal/stable 2.2.3+~cs43.15.94-1 all
  node's assert.deepEqual algorithm

node-deep-extend/stable 0.6.0-4 all
  Recursive object extending

node-deep-for-each/stable 3.0.0-5 all
  Recursively iterates collection values (arrays and objects)

node-deep-is/stable 0.1.4-1 all
  node's assert.deepEqual algorithm except for NaN being equal to NaN

node-deepmerge/stable 4.3.1+~1.1.1-1 all
  Node.js module to merge properties of two objects deeply

node-fast-deep-equal/stable 3.1.3-3 all
  Fast Deep Equal

node-getobject/stable 1.1.1-1 all
  set and get deep objects easily - module for Node.js

node-has-value/stable 2.0.2-4 all
  node library that returns true if a value exists

node-mixin-deep/stable 2.0.1-3 all
  Deeply mix the properties of objects into the first object

node-object-path/stable 0.11.8+~0.11.1-2 all
  Access deep object properties using a path

node-propget/stable 1.1.0-4 all
  Propget is a small helper utility for finding

node-react-fast-compare/stable 3.2.0-4 all
  Fast deep equal comparison for React

node-react-shallow-renderer/stable 16.15.0~18.2.0+dfsg+~cs88.72.123-1 all
  Shallow renderer for testing ReactJS modules

node-rimraf/stable 3.0.2-2 all
  Deep deletion (like rm -rf) module for Node.js

node-shallow-equal/stable 3.1.0-2 all
  Node.js library to shallowly compare JavaScript objects

node-sigmund/stable 1.0.1+~1.0.0-1 all
  Quick and dirty signatures for Objects module for Node.js

node-stack-utils/stable 2.0.6+~2.0.1-1 all
  Captures and cleans stack traces

node-underscore/stable 1.13.4~dfsg+~1.11.4-3 all
  JavaScript's functional programming helper library - NodeJS

node-union-value/stable 2.0.1-4 all
  set an array of unique values as the property of an object

onnxruntime-tools/stable 1.21.0+dfsg-1 all
  cross-platform inference and training ML accelerator (tools)

openssn/stable 1.4-4+b1 arm64
  modern submarine tactical simulator

openssn-data/stable 1.4-4 all
  modern submarine tactical simulator (data)

php-deepcopy/stable 1.13.1-1 all
  create deep copies (clones) of objects

php-dflydev-dot-access-data/stable 3.0.3-2 all
  dot access data - dflydev component

php-ml-json-ld/stable 1.2.1-3 all
  JSON-LD Processor for PHP

powerline-go/stable 1.25-2+b2 arm64
  Powerline style prompt for your shell: Bash, ZSH and Fish

primrose/stable 6+dfsg1-5+b1 arm64
  compelling tile-placement puzzle game

python-mergedeep-doc/stable 1.3.4-4 all
  Deep merge function for Python (Documentation)

python3-berrynet/stable 3.10.2-2 all
  deep learning gateway - python3 modules

python3-deepdiff/stable 8.1.1-4+deb13u1 all
  Deep Difference and search of any Python object/data

python3-deepdish/stable 0.3.7-4 all
  Flexible HDF5 saving/loading and other data science tools

python3-deepmerge/stable 0.0.5-3 all
  handle merging of nested data structures in Python

python3-deeptools/stable 3.5.6+dfsg-1 all
  platform for exploring biological deep-sequencing data

python3-deeptoolsintervals/stable 0.1.9-3+b12 arm64
  handlig GTF-like sequence-associated interal-annotation

python3-dotty-dict/stable 1.3.1-2 all
  Dictionary wrapper for quick access to deeply nested keys

python3-impacket/stable 0.12.0-3 all
  Python3 module to easily build and dissect network protocols

python3-keras-applications/stable 1.0.8+ds-2 all
  popular models and pre-trained weights for the Keras deep learning framework

python3-keras-preprocessing/stable 1.1.2-1 all
  data preprocessing module for the Keras deep learning framework

python3-mergedeep/stable 1.3.4-4 all
  Deep merge function for Python (Python3 version)

python3-onnxruntime/stable 1.21.0+dfsg-1 arm64
  cross-platform inference and training ML accelerator (Python bindings)

python3-optuna/stable 4.1.0-1 all
  Hyperparameter optimization framework

python3-ssdeep/stable 3.4.1-2 arm64
  Python 3.x wrapper for the ssdeep piecewise hashing tool

python3-torch/stable 2.6.0+dfsg-7 arm64
  Tensors and Dynamic neural networks in Python (Python Interface)

python3-torch-cluster/stable 1.6.3-2 arm64
  PyTorch extension library of optimized graph cluster algorithms (Python 3)

python3-xstatic-angular-ui-router/stable 0.3.1.2-5 all
  Angular UI router XStatic support

qml-module-qtquick-controls2-styles-chameleon/stable 5.7.12-1 arm64
  Deepin DTK QtQuick/QtQml widget library (Qt Quick Controls 2 QML module)

qt5dxcb-plugin/stable 5.7.12-1 arm64
  Qt platform theme integration plugin for DDE

raku-hash-merge/stable 2.0.0-6 all
  Raku module to deep merge Hashes

ruby-deep-merge/stable 1.1.1-2 all
  recursively merge Hash elements in Ruby

ruby-ice-nine/stable 0.11.2-2 all
  Ruby module to deep freeze objects

ruby-jekyll-avatar/stable 0.8.0-2 all
  Jekyll plugin for rendering GitHub avatars

sbcl-source/stable 2:2.5.2-1 all
  Source code files for SBCL

ssdeep/stable 2.14.1+git20180629.57fcfff-3+b2 arm64
  recursive piecewise hashing tool

surfraw/stable 2.3.0-2 all
  fast unix command line interface to WWW

surfraw-extra/stable 2.3.0-2 all
  extra surfraw search tools with heavy dependencies

tiny-dnn/stable 1.0.0a3+ds-5 all
  header only deep learning framework in C++

tiny-dnn-doc/stable 1.0.0a3+ds-5 all
  header only deep learning framework in C++ -- documentation

tlp/stable 1.8.0-1 all
  Optimize laptop battery life

treeland-protocols/stable 0.4.5-2 all
  Wayland protocol extensions for treeland

ucommon-doc/stable 7.0.1-0.4 all
  lightweight C++ threading and sockets - documentation

ucommon-utils/stable 7.0.1-0.4+b1 arm64
  lightweight C++ threading and sockets - utilities

usbrip/stable 2.2.2+git20221003.5093c84-3 all
  USB device artifacts tracker

varnish-re2/stable 2.0.0-7 arm64
  RE2 regular expressions for Varnish

wxastrocapture/stable 1.8.1+git20140821.796e1a1+dfsg-2+b4 arm64
  Windows linuX Astronomy Capture

xscreensaver-gl-extra/stable 6.09+dfsg1-1 arm64
  Extra GL(Mesa) screen saver modules for screensaver frontends

ylva/stable 1.7-2+b3 arm64
  command line password manager

