
WARNING: apt does not have a stable CLI interface. Use with caution in scripts.

Sorting...
Full Text Search...
airspy/stable 1.0.10-3+b3 arm64
  Tiny and efficient software defined radio receiver - utilities

avarice/stable 2.14+svn427-2 arm64
  use GDB with Atmel AVR debuggers

flashrom/stable 1.4.0-3 arm64
  Identify, read, write, erase, and verify BIOS/ROM/flash chips

hackrf/stable 2024.02.1-3 arm64
  Software defined radio peripheral - utilities

liburjtag-dev/stable 2024.03.24-1+b1 arm64
  JTAG programmer for various flash parts and boards - devel

liburjtag-o-dev/stable 2021.03-5 arm64
  JTAG programmer for various flash parts and boards - devel

liburjtag-o0/stable 2021.03-5 arm64
  JTAG programmer for various flash parts and boards - library

liburjtag0/stable 2024.03.24-1+b1 arm64
  JTAG programmer for various flash parts and boards - library

mspdebug/stable 0.25-1 arm64
  debugging tool for MSP430 microcontrollers

openocd/stable 0.12.0-3+b2 arm64
  Open on-chip JTAG/SWD debug solution for embedded target devices

openwince-jtag/stable 0.5.1-11 arm64
  allows programming jtag capable devices such as CPUs or FPGAs

python3-ftdi/stable 0.56.0-1 arm64
  user-space driver for popular FTDI devices

python3-ftdi-doc/stable 0.56.0-1 all
  user-space driver for popular FTDI devices. Documentation

python3-urjtag/stable 2021.03-5 arm64
  Python3 bindings for the urjtag library

urjtag/stable 2021.03-5 arm64
  JTAG programmer for various flash parts and boards - binary tools

urjtag-common/stable 2021.03-5 all
  urjtag architecture-independent files

xc3sprog/stable 0+svn795+dfsg-4 arm64
  JTAG flashing tool for FPGAs, CPLDs and EEPROMs

