
WARNING: apt does not have a stable CLI interface. Use with caution in scripts.

Sorting...
Full Text Search...
abacas/stable 1.3.1-9 all
  close gaps in genomic alignments from short reads

backupninja/stable 1.2.2-1 all
  lightweight, extensible meta-backup system

belvu/stable 4.44.1+dfsg-7.1+b3 arm64
  multiple sequence alignment viewer and phylogenetic tool

bomber/stable 4:25.04.0-1 arm64
  arcade spaceship game

cadical/stable 1.7.4-1+b1 arm64
  Simplified Satisfiability Solver

catkin/stable 0.8.10-17 all
  Low-level build system macros and infrastructure for Robot OS

chuffed-flatzinc/stable 0.13.1-1+b1 arm64
  lazy clause generation FlatZinc implememntation

cl-closer-mop/stable 2:20250303.git53221de-2 all
  Cross Implementation AMOP library

crunch/stable 3.6-3+b1 arm64
  tool for creating wordlist

docker-doc/stable 26.1.5+dfsg1-9 all
  Linux container runtime -- documentation

docker.io/stable 26.1.5+dfsg1-9+b13 arm64
  Linux container runtime

dpic/stable 2023.06.01-1+b1 arm64
  pic-language converter to LaTeX-compatible and other formats

easytag/stable 2.4.3-9+b1 arm64
  GTK+ editor for audio file tags

erlang-luerl/stable 1:1.2.3-1+b1 arm64
  implementation of Lua in Erlang

esbuild/stable 0.25.5-1+b1 arm64
  extremely fast JavaScript bundler and minifier (program)

explosive-c4/stable 1.3-2 arm64
  Four in a row game

fcitx-config-common/stable 0.4.10-3 all
  graphic Fcitx configuration tool - common files

fcitx-config-gtk/stable 0.4.10-3+b2 arm64
  graphic Fcitx configuration tool

fcitx-hangul/stable 0.3.1-4+b1 arm64
  Korean Hangul Wrapper for Fcitx

fcitx-m17n/stable 0.2.4-3+b2 arm64
  Free Chinese Input Toy of X - m17n module

fcitx-module-cloudpinyin/stable 0.3.7-1+b3 arm64
  Flexible Input Method Framework - cloudpinyin module

fcitx-unikey/stable 0.2.7+git20220410-1+b2 arm64
  Fcitx wrapper for Unikey engine

firefox-esr-l10n-dsb/stable 140.12.0esr-1~deb13u1 all
  Lower Sorbian language package for Firefox ESR

flexbar/stable 1:3.5.0-5+b1 arm64
  flexible barcode and adapter removal for sequencing platforms

flowblade/stable 2.20-1 all
  non-linear video editor

fonts-inter/stable 4.1+ds-1 all
  Inter font family

fonts-inter-variable/stable 4.1+ds-1 all
  Inter font family (VF)

fonts-levien-museum/stable 001.002-5 all
  metal Centaur fonts revival family

fonts-play/stable 1.002+20150307.1-0.1 all
  minimalistic sans serif typeface

fonts-sil-shimenkan-guifan/stable 1.000-3 all
  Miao (Pollard) fonts for Large Flowery Miao, normalised orthography [hmdd]

fonts-sil-shimenkan-mas/stable 1.000-3 all
  Miao (Pollard) fonts for Small Flowery Miao / Xiaohua Miao [sfm]

fonts-sil-shimenkan-sapushan/stable 1.000-3 all
  Miao (Pollard) fonts for Large Flowery Miao / Dahua Miao / A-Hmao [hmd]

fonts-solide-mirage/stable 0.2-3 all
  libre experimental didone style typeface

fonts-triod-postnaja/stable 20130809-2 all
  Latin+Cyrillic font based on Old Church Slavonic service books

gnome-session-flashback/stable 3.56.0-1 all
  traditional desktop session based on GNOME technologies

goawk/stable 1.29.0-1 arm64
  POSIX-compliant AWK interpreter written in Go, with CSV support (program)

golang-github-benhoyt-goawk-dev/stable 1.29.0-1 all
  POSIX-compliant AWK interpreter written in Go, with CSV support (library)

golang-github-danverbraganza-varcaser-dev/stable 0.0~git20190207.e3fb03e-2 all
  Go lib to transform between common variable casing conventions

golang-github-dataence-porter2-dev/stable 0.0~git20150829.56e4718-5 all
  native Go high-performance Porter2 stemmer for English

golang-github-dchest-uniuri-dev/stable 0.0~git20221007.a87ec9d-1 all
  generator of random strings to identify unique objects

golang-github-dop251-goja-dev/stable 0.0~git20170430.0.d382686-4 all
  ECMAScript 5.1(+) implementation written in Go

golang-github-evanw-esbuild-dev/stable 0.25.5-1 all
  extremely fast JavaScript bundler and minifier (library)

golang-github-fatih-camelcase-dev/stable 1.0.0-2 all
  CamelCase is a Go package to split the words of a camelcase

golang-github-klauspost-compress-dev/stable 1.18.0+ds1-1 all
  optimized compression packages

golang-github-twmb-murmur3-dev/stable 1.1.6-1 all
  fast, fully fledged murmur3 in Go

golang-gitlab-jonas.jasas-condchan-dev/stable 0.0~git20190210.36637ad-2 all
  Cancellable sync.Cond (library)

golang-vhost-dev/stable 0.0~git20140120-3 all
  Go library to implement virtual hosting for different protocols

gtk2-engines-murrine/stable,now 0.98.2-4+b1 arm64 [installed,automatic]
  cairo-based gtk+-2.0 theme engine

hadori/stable 1.1-1+b2 arm64
  Hardlinks identical files

hatari/stable 2.5.0+dfsg-1+b1 arm64
  Emulator for the Atari ST, STE, TT, and Falcon computers

hxtools/stable 20231224-2+b3 arm64
  Collection of tools and scripts

ifmetric/stable 0.3-5+b1 arm64
  Set routing metrics for a network interface

jpegjudge/stable 0.0.2-5+b1 arm64
  determine which of two given jpegs (same size) is the original

kcptun/stable 20210922+ds-1+b18 arm64
  Simple UDP Tunnel Based On KCP

kraken/stable 1.1.1-4+b1 arm64
  assigning taxonomic labels to short DNA sequences

kraken2/stable 2.1.3-1+b1 arm64
  taxonomic classification system using exact k-mer matches

lib3mf-dev/stable 1.8.1+ds-5+b2 arm64
  Lib3MF is a C++ implementation of the 3D Manufacturing Format (development)

lib3mf-doc/stable 1.8.1+ds-5 all
  Lib3MF is a C++ implementation of the 3D Manufacturing Format (documentation)

lib3mf1t64/stable 1.8.1+ds-5+b2 arm64
  Lib3MF is a C++ implementation of the 3D Manufacturing Format

libbigstringaf-ocaml/stable 0.10.0-1+b2 arm64
  bigstring intrinsics and fast blits for OCaml (runtime files)

libbigstringaf-ocaml-dev/stable 0.10.0-1+b2 arm64
  bigstring intrinsics and fast blits for OCaml (dev files)

libbitstream-dev/stable 1.5-2 all
  C headers giving access to binary streams like MPEG or DVB

libcache-memcached-perl/stable 1.30-1.1 all
  Perl module for using memcached servers

libcadical-dev/stable 1.7.4-1+b1 arm64
  Simplified Satisfiability Solver (development files)

libcommons-lang-java/stable 2.6-10+deb13u1 all
  Commons Lang - an extension of the java.lang package

libcommons-lang-java-doc/stable 2.6-10+deb13u1 all
  Documentation for Commons Lang - an extension of the java.lang package

libcourier-unicode-dev/stable 2.3.2-1 arm64
  Courier Unicode library (development files and headers)

libcourier-unicode8/stable 2.3.2-1 arm64
  Courier Unicode library (shared runtime library)

libcourriel-perl/stable 0.49-1 all
  high level email parsing and manipulation module

libcrypt-smbhash-perl/stable 0.12-4.1 all
  generate LM/NT hash of a password for samba

libdist-zilla-plugin-test-compile-perl/stable 2.058-2 all
  common tests to check syntax of your modules, using only core modules

libeddsa-java/stable 0.3.0-2.1 all
  implementation of EdDSA in Java

libetlcpp-dev/stable 20.39.4+dfsg-3 all
  Embedded Template Library: a C++ library for embedded applications

libetlcpp-doc/stable 20.39.4+dfsg-3 all
  Embedded Template Library: a C++ library for embedded applications

libexcel-valuereader-xlsx-perl/stable 1.16-1 all
  module for extracting values from Excel workbooks in XLSX format

libfastdds-dev/stable 3.1.2+ds-1+b1 arm64
  C++ library for the Real Time Publish Subscribe Protocol - development headers

libfastdds-doc/stable 3.1.2+ds-1 all
  C++ library for the Real Time Publish Subscribe Protocol - documentation

libfastdds3.1/stable 3.1.2+ds-1+b1 arm64
  C++ library for the Real Time Publish Subscribe Protocol

libfltk1.3-compat-headers/stable 1.3.11-2 all
  Fast Light Toolkit - compatibility header symlinks

libfltk1.4-compat-headers/stable 1.4.3-1 all
  Fast Light Toolkit - compatibility header symlinks

libfxdiv-dev/stable 0.0~git20200417.b408327-4 arm64
  division via fixed-point multiplication by inverse

libgetargs-long-perl/stable 1.1012-6 all
  Perl module to parse long function arguments

libghc-bitwise-dev/stable 1.0.0.1-4+b1 arm64
  fast multi-dimensional unboxed bit packed Bool arrays

libghc-bitwise-doc/stable 1.0.0.1-4 all
  fast multi-dimensional unboxed bit packed Bool arrays; documentation

libghc-bitwise-prof/stable 1.0.0.1-4+b1 arm64
  fast multi-dimensional unboxed bit packed Bool arrays; profiling libraries

libghc-double-conversion-dev/stable 2.0.5.0+ds1-1+b1 arm64
  fast conversion between double precision floating point and text

libghc-double-conversion-doc/stable 2.0.5.0+ds1-1 all
  fast conversion between double precision floating point and text; documentation

libghc-double-conversion-prof/stable 2.0.5.0+ds1-1+b1 arm64
  fast conversion between double precision floating point and text; profiling libraries

libghc-intervals-dev/stable 0.9.2-3+b1 arm64
  Haskell data type for intervals

libghc-intervals-doc/stable 0.9.2-3 all
  Haskell data type for intervals; documentation

libghc-intervals-prof/stable 0.9.2-3+b1 arm64
  Haskell data type for intervals; profiling libraries

libghc-mersenne-random-pure64-dev/stable 0.2.2.0-7+b1 arm64
  Fast pure pseudorandom number generator

libghc-mersenne-random-pure64-doc/stable 0.2.2.0-7 all
  Fast pure pseudorandom number generator; documentation

libghc-mersenne-random-pure64-prof/stable 0.2.2.0-7+b1 arm64
  Fast pure pseudorandom number generator; profiling libraries

libghc-murmur-hash-dev/stable 0.1.0.10-3+b1 arm64
  MurmurHash2 implementation for Haskell.

libghc-murmur-hash-doc/stable 0.1.0.10-3 all
  MurmurHash2 implementation for Haskell.; documentation

libghc-murmur-hash-prof/stable 0.1.0.10-3+b1 arm64
  MurmurHash2 implementation for Haskell.; profiling libraries

libghc-pwstore-fast-dev/stable 2.4.4-13+b1 arm64
  secure password storage

libghc-pwstore-fast-doc/stable 2.4.4-13 all
  secure password storage; documentation

libghc-pwstore-fast-prof/stable 2.4.4-13+b1 arm64
  secure password storage; profiling libraries

libghc-streaming-commons-dev/stable 0.2.2.6-2+b1 arm64
  common lower-level functions for various streaming data libraries

libghc-streaming-commons-doc/stable 0.2.2.6-2 all
  common lower-level functions for various streaming data libraries; documentation

libghc-streaming-commons-prof/stable 0.2.2.6-2+b1 arm64
  common lower-level functions for various streaming data libraries; profiling libraries

libglib2.0-dev/stable 2.84.4-3~deb13u3 arm64
  Development metapackage for the GLib family of libraries

libhash-case-perl/stable 1.050-2 all
  base class for hashes with key-casing requirements

libhash-ordered-perl/stable 0.014-2 all
  Perl ordered hash class implementation

libhmat-oss-dev/stable 1.10.0-1 arm64
  hierarchical matrix C/C++ library (development files)

libhmat-oss4/stable 1.10.0-1 arm64
  hierarchical matrix C/C++ library (shared library)

libhtml-html5-entities-perl/stable 0.004-3 all
  module to encode and decode character entities defined in HTML5

libhtml-prettyprinter-perl/stable 0.03-5 all
  module that generates nice HTML files from HTML syntax trees

libhttp-lite-perl/stable 2.44-3 all
  lightweight HTTP implementation for perl

libjgraphx-java/stable 2.1.0.7-5 all
  Java Swing Diagramming Library

libjgraphx-java-doc/stable 2.1.0.7-5 all
  Java Swing Diagramming Library - API documentation and manual

libjnr-ffi-java/stable 2.2.15-2 all
  Java library for loading native libraries without writing JNI code

libjnr-ffi-java-doc/stable 2.2.15-2 all
  Documentation for libjnr-ffi-java

libjs-functional-red-black-tree/stable 1.0.1+20181105-7 all
  fully persistent balanced binary search tree - browser library

libkf5completion-data/stable 5.116.0-1 all
  Widgets with advanced auto-completion features.

libkf5completion-dev/stable 5.116.0-1 arm64
  development files for kcompletion

libkf5completion-doc/stable 5.116.0-1 all
  Widgets with advanced auto-completion features (documentation)

libkf5completion5/stable 5.116.0-1 arm64
  Widgets with advanced auto-completion features.

libkf6completion-data/stable 6.13.0-1 all
  Widgets with advanced auto-completion features

libkf6completion-dev/stable 6.13.0-1 arm64
  development files for kcompletion

libkf6completion-doc/stable 6.13.0-1 all
  Widgets with advanced auto-completion features (documentation)

libkf6completion6/stable 6.13.0-1 arm64
  Widgets with advanced auto-completion features

liblingua-en-namecase-perl/stable 1.21-2 all
  Perl module to fix the case of people's names

liblingua-en-nameparse-perl/stable 1.38-1 all
  module for parsing a person's name in free text

liblip-dev/stable 2.0.0-4 arm64
  reliable interpolation of multivariate scattered data

liblip2t64/stable 2.0.0-4 arm64
  reliable interpolation of multivariate scattered data

liblog-fast-perl/stable 2.0.1-2 all
  fast and flexible logger

liblog-loglite-perl/stable 0.82-9 all
  Perl module that facilitates lightweight logging

liblog4j2-java/stable 2.19.0-2 all
  Apache Log4j - Logging Framework for Java

liblzo2-2/stable,now 2.10-3+b1 arm64 [installed,automatic]
  data compression library

libmatch-simple-xs-perl/stable 0.002-1+b1 arm64
  XS backend for match::simple

libmath-convexhull-monotonechain-perl/stable 0.1-2+b4 arm64
  Perl module to calculate a convex hull using Andrew's monotone chain algorithm

libmath-planepath-perl/stable 129-1 all
  Perl module to calculate mathematical paths through a 2-D plane

libmmmulti-dev/stable 0.1-3 all
  header only library for mmmulti

libmodpbase64-0/stable 3.10.3+git20180306-1.2 arm64
  collection of high performance c-string transformations

libmodpbase64-dev/stable 3.10.3+git20180306-1.2 arm64
  collection of high performance c-string transformations (development files)

libmpfi-dev/stable 1.5.4+ds-4 arm64
  multiple precision floating-point interval computation library -- libdev

libmpfi-dev-common/stable 1.5.4+ds-4 all
  multiple precision floating-point interval computation library -- headers

libmpfi-doc/stable 1.5.4+ds-4 all
  multiple precision floating-point interval computation library -- doc

libmpfi0/stable 1.5.4+ds-4 arm64
  multiple precision floating-point interval computation library -- lib

libmsnumpress-dev/stable 1.0.0-7+b1 arm64
  Numeric data compression for mass spectrometry (devel files)

libmsnumpress1/stable 1.0.0-7+b1 arm64
  Numeric data compression for mass spectrometry (runtime)

libneon27-dev/stable 0.34.2-1 arm64
  Header and static library files for libneon27t64

libneon27-gnutls-dev/stable 0.34.2-1 arm64
  Header and static library files for libneon27t64 (GnuTLS enabled)

libneon27t64/stable 0.34.2-1 arm64
  HTTP and WebDAV client library

libneon27t64-gnutls/stable 0.34.2-1 arm64
  HTTP and WebDAV client library (GnuTLS enabled)

libnewmat10-dev/stable 1.10.4-9 arm64
  matrix manipulations library (C++ headers files)

libnewmat10ldbl/stable 1.10.4-9 arm64
  matrix manipulations library (C++)

libntruprime1/stable 0~20241021-2 arm64
  microlibrary for Streamlined NTRU Prime - shared library

libopenhft-chronicle-network-java/stable 1.0.58-2 all
  OpenHFT High Performance Network library

libopenmm8.1/stable 8.1.2+dfsg-11 arm64
  High-performance molecular simulation library

libpdl-linearalgebra-perl/stable 0.433-1 arm64
  Linear Algebra utils for PDL

librdf-trinex-serializer-mockturtlesoup-perl/stable 0.006-4 all
  RDF/Turtle serializer pleasant for humans to look at

librepfunc1/stable 1.10.0-1+b1 arm64
  set of C++ classes and utilities for building multimedia tools

librust-primal-dev/stable 0.3.3-2+b1 arm64
  `primal` puts raw power into prime numbers - Rust source code

librust-primal-estimate-dev/stable 0.3.2-1+b2 arm64
  State-of-the-art estimation of upper and lower bounds for π(n) and p_k - Rust source code

librust-secular-dev/stable 1.0.1-2 arm64
  Lowercased diacritics-free character or string - Rust source code

librust-unicode-case-mapping-dev/stable 1.0.0-1+b1 arm64
  Fast lowercase, uppercase, and titlecase mapping for characters - Rust source code

libsdsl-dev/stable 2.1.1+dfsg-5 arm64
  succinct data structure library - development files

libsdsl3/stable 2.1.1+dfsg-5 arm64
  succinct data structure library

libseqlib-dev/stable 1.2.0+dfsg-11+b3 arm64
  C++ htslib/bwa-mem/fermi interface for interrogating sequence data (dev)

libseqlib2/stable 1.2.0+dfsg-11+b3 arm64
  C++ htslib/bwa-mem/fermi interface for interrogating sequence data

libserp-java/stable 1.15.1-2 all
  Java Virtual Machine bytecode manipulation framework

libserp-java-doc/stable 1.15.1-2 all
  Documentation for libserp-java

libsilo-dev/stable 4.11-6.1+b3 arm64
  Development files for SILO Scientific I/O library from LLNL

libsort-key-top-perl/stable 0.08-4+b6 arm64
  Perl module to select and sort top n elements of a list

libsqljet-java/stable 1.1.10-2 all
  Pure Java implementation of SQLite database management system

libsqljet-java-doc/stable 1.1.10-2 all
  API documentation for libsqljet-java

libsquish-dev/stable 1.15-3+b2 arm64
  DXT texture compression library - development files

libsquish0/stable 1.15-3+b2 arm64
  DXT texture compression library

libstring-dirify-perl/stable 1.03-3 all
  utility converting string to a safe format

libstring-mkpasswd-perl/stable 0.05-3 all
  Perl module implementing a random password generator

libtachyon-dev-common/stable 0.99~b6+dsx-14 all
  Parallel/Multiprocessor Ray Tracing Library - development - common material

libtachyon-mpi-dev/stable 0.99~b6+dsx-14 arm64
  Parallel/Multiprocessor Ray Tracing Library - development - default MPI flavour

libtachyon-mpich-0/stable 0.99~b6+dsx-14 arm64
  Parallel/Multiprocessor Ray Tracing Library - runtime - MPICH flavour

libtachyon-mpich-0-dev/stable 0.99~b6+dsx-14 arm64
  Parallel/Multiprocessor Ray Tracing Library - development - MPICH flavour

libtachyon-mt-0/stable 0.99~b6+dsx-14 arm64
  Parallel/Multiprocessor Ray Tracing Library - runtime - MT flavour

libtachyon-mt-0-dev/stable 0.99~b6+dsx-14 arm64
  Parallel/Multiprocessor Ray Tracing Library - development - MT flavour

libtachyon-openmpi-0/stable 0.99~b6+dsx-14 arm64
  Parallel/Multiprocessor Ray Tracing Library - runtime - OpenMPI flavour

libtachyon-openmpi-0-dev/stable 0.99~b6+dsx-14 arm64
  Parallel/Multiprocessor Ray Tracing Library - development - OpenMPI flavour

libtachyon-serial-0/stable 0.99~b6+dsx-14 arm64
  Parallel/Multiprocessor Ray Tracing Library - runtime - serial flavour

libtachyon-serial-0-dev/stable 0.99~b6+dsx-14 arm64
  Parallel/Multiprocessor Ray Tracing Library - development - serial flavour

libtext-affixes-perl/stable 0.09-3 all
  Perl module for extracting prefixes and suffixes from a text

libtext-capitalize-perl/stable 1.5-2 all
  routines for title-like formatting of strings

libtext-diff-perl/stable 1.45-2 all
  Perl module to find differences in files and record sets

libtext-markdown-perl/stable 1.000031-5 all
  module to convert Markdown syntax to (X)HTML

libtickit-perl/stable 0.73-1+b3 arm64
  Terminal Interface Construction KIT

libtickit-widgets-perl/stable 0.42-1 all
  collection of Tickit::Widget implementations

libtie-hash-indexed-perl/stable 0.08+ds1-1+b5 arm64
  Ordered hashes for Perl

libtsl-hopscotch-map-dev/stable 2.3.1-1 all
  C++ fast hash map and hash set using hopscotch hashing

libui-gxmlcpp-dev/stable 1.4.6-2+b1 arm64
  High-level C++ wrapper library for libxml2/libxslt (development)

libui-gxmlcpp5t64/stable 1.4.6-2+b1 arm64
  High-level C++ wrapper library for libxml2/libxslt (run time)

liburl-encode-perl/stable 0.03-3 all
  module to encode/decode to/from application/x-www-form-urlencoded encoding

libusermetrics-doc/stable 1.3.3-2 all
  API documentation for libusermetrics

libusermetrics-tools/stable 1.3.3-2 arm64
  library for exporting anonymous metrics about users (cmdline tools)

libusermetricsinput-dev/stable 1.3.3-2 arm64
  input library for exporting anonymous metrics about users (header files)

libusermetricsinput1/stable 1.3.3-2 arm64
  input library for exporting anonymous metrics about users

libusermetricsoutput-dev/stable 1.3.3-2 arm64
  output library for retrieving anonymous metrics about users (header files)

libusermetricsoutput1/stable 1.3.3-2 arm64
  output library for retrieving anonymous metrics about users

libxcb-composite0/stable 1.17.0-2+b1 arm64
  X C Binding, composite extension

libxcb-composite0-dev/stable 1.17.0-2+b1 arm64
  X C Binding, composite extension, development files

libxcb-damage0/stable 1.17.0-2+b1 arm64
  X C Binding, damage extension

libxcb-damage0-dev/stable 1.17.0-2+b1 arm64
  X C Binding, damage extension, development files

libxcb-doc/stable 1.17.0-2 all
  X C Binding, development documentation

libxcb-dpms0/stable 1.17.0-2+b1 arm64
  X C Binding, dpms extension

libxcb-dpms0-dev/stable 1.17.0-2+b1 arm64
  X C Binding, dpms extension, development files

libxcb-dri2-0/stable 1.17.0-2+b1 arm64
  X C Binding, dri2 extension

libxcb-dri2-0-dev/stable 1.17.0-2+b1 arm64
  X C Binding, dri2 extension, development files

libxcb-dri3-0/stable,now 1.17.0-2+b1 arm64 [installed,automatic]
  X C Binding, dri3 extension

libxcb-dri3-dev/stable 1.17.0-2+b1 arm64
  X C Binding, dri3 extension, development files

libxcb-glx0/stable,now 1.17.0-2+b1 arm64 [installed,automatic]
  X C Binding, glx extension

libxcb-glx0-dev/stable 1.17.0-2+b1 arm64
  X C Binding, glx extension, development files

libxcb-present-dev/stable 1.17.0-2+b1 arm64
  X C Binding, present extension, development files

libxcb-present0/stable,now 1.17.0-2+b1 arm64 [installed,automatic]
  X C Binding, present extension

libxcb-randr0/stable,now 1.17.0-2+b1 arm64 [installed,automatic]
  X C Binding, randr extension

libxcb-randr0-dev/stable 1.17.0-2+b1 arm64
  X C Binding, randr extension, development files

libxcb-record0/stable 1.17.0-2+b1 arm64
  X C Binding, record extension

libxcb-record0-dev/stable 1.17.0-2+b1 arm64
  X C Binding, record extension, development files

libxcb-render0/stable,now 1.17.0-2+b1 arm64 [installed,automatic]
  X C Binding, render extension

libxcb-render0-dev/stable 1.17.0-2+b1 arm64
  X C Binding, render extension, development files

libxcb-res0/stable 1.17.0-2+b1 arm64
  X C Binding, res extension

libxcb-res0-dev/stable 1.17.0-2+b1 arm64
  X C Binding, res extension, development files

libxcb-screensaver0/stable 1.17.0-2+b1 arm64
  X C Binding, screensaver extension

libxcb-screensaver0-dev/stable 1.17.0-2+b1 arm64
  X C Binding, screensaver extension, development files

libxcb-shape0/stable,now 1.17.0-2+b1 arm64 [installed,automatic]
  X C Binding, shape extension

libxcb-shape0-dev/stable 1.17.0-2+b1 arm64
  X C Binding, shape extension, development files

libxcb-shm0/stable,now 1.17.0-2+b1 arm64 [installed,automatic]
  X C Binding, shm extension

libxcb-shm0-dev/stable 1.17.0-2+b1 arm64
  X C Binding, shm extension, development files

libxcb-sync-dev/stable 1.17.0-2+b1 arm64
  X C Binding, sync extension, development files

libxcb-sync1/stable,now 1.17.0-2+b1 arm64 [installed,automatic]
  X C Binding, sync extension

libxcb-xf86dri0/stable 1.17.0-2+b1 arm64
  X C Binding, xf86dri extension

libxcb-xf86dri0-dev/stable 1.17.0-2+b1 arm64
  X C Binding, xf86dri extension, development files

libxcb-xfixes0/stable,now 1.17.0-2+b1 arm64 [installed,automatic]
  X C Binding, xfixes extension

libxcb-xfixes0-dev/stable 1.17.0-2+b1 arm64
  X C Binding, xfixes extension, development files

libxcb-xinerama0/stable,now 1.17.0-2+b1 arm64 [installed,automatic]
  X C Binding, xinerama extension

libxcb-xinerama0-dev/stable 1.17.0-2+b1 arm64
  X C Binding, xinerama extension, development files

libxcb-xinput-dev/stable 1.17.0-2+b1 arm64
  X C Binding, xinput extension, development files

libxcb-xinput0/stable,now 1.17.0-2+b1 arm64 [installed,automatic]
  X C Binding, xinput extension

libxcb-xkb-dev/stable 1.17.0-2+b1 arm64
  X C Binding, XKEYBOARD extension, development files

libxcb-xkb1/stable,now 1.17.0-2+b1 arm64 [installed,automatic]
  X C Binding, XKEYBOARD extension

libxcb-xtest0/stable 1.17.0-2+b1 arm64
  X C Binding, xtest extension

libxcb-xtest0-dev/stable 1.17.0-2+b1 arm64
  X C Binding, xtest extension, development files

libxcb-xv0/stable 1.17.0-2+b1 arm64
  X C Binding, xv extension

libxcb-xv0-dev/stable 1.17.0-2+b1 arm64
  X C Binding, xv extension, development files

libxcb-xvmc0/stable 1.17.0-2+b1 arm64
  X C Binding, xvmc extension

libxcb-xvmc0-dev/stable 1.17.0-2+b1 arm64
  X C Binding, xvmc extension, development files

libxcb1/stable,now 1.17.0-2+b1 arm64 [installed,automatic]
  X C Binding

libxcb1-dev/stable 1.17.0-2+b1 arm64
  X C Binding, development files

libxml-hash-lx-perl/stable 0.0603-1.1 all
  module to convert hash to xml and vice versa using LibXML

libxml-parser-perl/stable,now 2.47-2~deb13u1 arm64 [installed,automatic]
  Perl module for parsing XML files

libzopfli-dev/stable 1.0.3-3 arm64
  Header and static library files for libzopfli1

libzopfli1/stable 1.0.3-3 arm64
  zlib (gzip, deflate) compatible compressor - shared library

lighttpd-mod-mbedtls/stable 1.4.79-2 arm64
  TLS support using mbedTLS module for lighttpd

lighttpd-mod-wolfssl/stable 1.4.79-2 arm64
  TLS support using wolfSSL module for lighttpd

lv2vocoder/stable 1-6+b1 arm64
  LV2 vocoder plugin

mailagent/stable 1:3.1-106-1.2 arm64
  automatic mail-processing tool and filter

mda-lv2/stable 1.2.10-2+b1 arm64
  Paul Kellett's MDA plugins ported to LV2

mikutter/stable 5.1.0+dfsg-1 all
  plugin-extensible Twitter client

minetest-mod-homedecor/stable 20210327.1-3 all
  Minetest mod pack providing home decor elements

mini-dinstall/stable 0.7.3 all
  daemon for updating Debian packages in a repository

miscfiles/stable 1.5+dfsg-5 all
  Dictionaries and other interesting files

modernize/stable 0.9-2 all
  Modernizes Python code for eventual Python 3 migration

murrine-themes/stable 0.98.11+nmu3 all
  themes for gtk2 murrine engine

node-decamelize/stable 4.0.0-2 all
  convert a camelized string into a lowercased one with a custom separator

node-elliptic/stable 6.6.1+dfsg-1 all
  fast elliptic curve cryptography in pure javascript

node-functional-red-black-tree/stable 1.0.1+20181105-7 all
  fully persistent balanced binary search tree - Node.js library

node-jju/stable 1.4.0-2 all
  set of utilities to work with JSON / JSON5 documents

node-levn/stable 0.4.1+dfsg-2 all
  Light ECMAScript (JavaScript) Value Notation

node-lowercase-keys/stable 2.0.0-2 all
  Lowercase the keys of an object

node-posix-character-classes/stable 1.0.0-3 all
  POSIX character classes for creating regular expressions

node-rollup-plugin-typescript2/stable 0.36.0+ds+~cs6.0.6-2 all
  Seamless integration between Rollup and TypeScript

node-semver-diff/stable 3.1.1-4 all
  get the diff type of two semver versions

octave-general/stable 2.1.3-1+b4 arm64
  provide extra general functions for Octave

openapi-specification/stable 3.1.1-1 all
  community-driven open specification within the OpenAPI Initiative

opencity/stable 0.0.6.5stable-6 arm64
  3D city simulator game

otp/stable 1:1.2.2-5+b1 arm64
  Generator for One Time Pads or Passwords

pd-fftease/stable 3.0.1-7+b1 arm64
  live spectral sound processors for Pd

pd-moonlib/stable 0.7-3+b2 arm64
  library of Pd objects related to GUI control

php-doctrine-inflector/stable 2.0.10-4 all
  string manipulations library - Doctrine component

php-predis/stable 2.4.0-1 all
  A flexible and feature-complete Redis/Valkey client for PHP

phyml/stable 3:3.3.20220408-4+b1 arm64
  Phylogenetic estimation using Maximum Likelihood

pink-pony/stable 1.4.1-5 arm64
  3D racing game with ponies

pink-pony-data/stable 1.4.1-5 all
  3D racing game with ponies - game data

podman/stable 5.4.2+ds1-2+b2 arm64
  tool to manage containers and pods

podman-docker/stable 5.4.2+ds1-2+b2 arm64
  tool to manage containers and pods (Docker CLI)

podman-remote/stable 5.4.2+ds1-2+b2 arm64
  tool to manage containers and pods (remote CLI)

proftpd-mod-clamav/stable 0.14~rc2-5 arm64
  ProFTPD module mod_clamav

prometheus-varnish-exporter/stable 1.6.1-3 arm64
  Prometheus exporter for Varnish

pwgen/stable 2.08-2+b1 arm64
  Automatic Password generation

python-aiohappyeyeballs-doc/stable 2.6.1-1 all
  Happy Eyeballs connection helper for asyncio (Documentation)

python-bottleneck-doc/stable 1.4.2+ds1-2 all
  documentation for bottleneck

python-lmfit-doc/stable 1.3.3-4 all
  Least-Squares Minimization with Constraints (Documentation)

python3-aiohappyeyeballs/stable 2.6.1-1 all
  Happy Eyeballs connection helper for asyncio

python3-asyncio-dgram/stable 2.2.0-3 all
  Enhanced Datagram protocol support for Asyncio

python3-borgstore/stable 0.3.0-2 all
  Simple key/value store implementation in Python

python3-bottleneck/stable 1.4.2+ds1-2+b1 arm64
  Fast NumPy array functions written in C (Python 3)

python3-catkin/stable 0.8.10-17 all
  Python 3 modules for the ROS build system

python3-cron-descriptor/stable 1.4.5-1 all
  convert cron expressions into human readable strings (Python3 version)

python3-django-zeal/stable 2.0.4-1 all
  Detect N+1s in your Django app (Python3 version)

python3-ecmwf-api-client/stable 1.6.5-1 all
  Python client for ECMWF web services API

python3-geotiepoints/stable 1.7.5-1+b3 arm64
  Interpolation of geographic tiepoints in Python

python3-humps/stable 0.2.2-2 all
  String converter to camelCase

python3-intervaltree/stable 3.0.2-1.1 all
  mutable, self-balancing interval tree (Python 3)

python3-lesscpy/stable 0.15.1-0.2 all
  LessCss Compiler for Python 3.x

python3-lmfit/stable 1.3.3-4 all
  Least-Squares Minimization with Constraints (Python 3)

python3-lzo/stable 1.15-2+b4 arm64
  Python bindings for the LZO data compression library (Python 3)

python3-nameparser/stable 1.1.3-1 all
  Python 3 module for parsing names into individual components

python3-orderly-set/stable 5.3.2-1 all
  contains multiple implementations of Ordered Set

python3-pefile/stable 2024.8.26-2.1 all
  Portable Executable (PE) parsing module for Python

python3-rosunit/stable 1.15.8-7 all
  Unit-testing package for ROS (Python 3)

python3-shortuuid/stable 1.0.13-2 all
  generates concise, unambiguous, URL-safe UUIDs for Python 3

python3-test-stages/stable 0.2.0-1 all
  Run tests in groups, stopping on errors - Python library

python3-url-normalize/stable 1.4.3-4 all
  URL normalization for Python

python3-virtualenv/stable 20.31.2+ds-1+deb13u1 all
  Python virtual environment creator

python3-xcbgen/stable 1.17.0-1 all
  X C Binding - protocol binding generator (Python 3)

qml-module-usermetrics/stable 1.3.3-2 arm64
  QML bindings for libusermetrics

r-bioc-densvis/stable 1.16.0+dfsg-2 arm64
  density-preserving data visualization via non-linear dimensionality reduction

r-cran-cmstatr/stable 0.10.0-1 all
  GNU R Statistical Methods for Composite Material Data

r-cran-fitdistrplus/stable 1.2-2-1 all
  support fit of parametric distribution

r-cran-minpack.lm/stable 1.2-4-1+b1 arm64
  GNU R Levenberg-Marquardt nonlinear least-squares algorithm found in MINPACK

r-cran-ncmeta/stable 0.4.0-1 all
  GNU R Straightforward 'NetCDF' Metadata

r-cran-powerlaw/stable 1.0.0-1 all
  GNU R analysis of heavy tailed distributions

r-cran-rjson/stable 0.2.23-1 arm64
  GNU R package for converting between R and JSON objects

racon/stable 1.5.0-3+b2 arm64
  consensus module for raw de novo DNA assembly of long uncorrected reads

rmlint/stable 2.10.2-0.2 arm64
  Extremely fast tool to remove filesystem lint

rmlint-doc/stable 2.10.2-0.2 all
  HTML documentation for rmlint

rmlint-gui/stable 2.10.2-0.2 all
  GTK+ frontend to rmlint

robin-map-dev/stable 1.3.0-1 all
  C++ implementation of a fast hash map and hash set

ruby-mini-histogram/stable 0.1.3-2 all
  build histograms out of Ruby arrays

rust-coreutils/stable 0.0.30-2 arm64
  Universal coreutils utils, written in Rust

searchandrescue/stable 1.7.0+dfsg-1 arm64
  fly aircraft to search (for) and rescue people in distress

selinux-policy-mls/stable 2:2.20250213-10 all
  MLS (Multi Level Security) variant of the SELinux policy

snap-aligner/stable 2.0.3+dfsg-2+b1 arm64
  Scalable Nucleotide Alignment Program

splitvt/stable 1.6.6-17 arm64
  run two programs in a split screen

strcase-dev/stable 0.1-3 all
  Multiway branch (switch) for short strings in C

sumatra/stable 1.0.36+ds-2 arm64
  fast and exact comparison and clustering of sequences

surf-alggeo/stable 1.0.6+ds-7+b1 arm64
  visualization of real algebraic geometry

surf-alggeo-doc/stable 1.0.6+ds-7 all
  visualization of real algebraic geometry -- manual

surf-alggeo-nox/stable 1.0.6+ds-7+b1 arm64
  visualization of real algebraic geometry -- no X support

swayosd/stable 0.1.0-5 arm64
  OSD for common actions like volume and brightness

tachyon/stable 0.99~b6+dsx-14 all
  Parallel/Multiprocessor Standalone Ray Tracer - metapackage

tachyon-bin-nox/stable 0.99~b6+dsx-14 arm64
  Parallel/Multiprocessor Standalone Ray Tracer - with no X support

tachyon-bin-ogl/stable 0.99~b6+dsx-14 arm64
  Parallel/Multiprocessor Standalone Ray Tracer - with OpenGL display

tachyon-doc/stable 0.99~b6+dsx-14 all
  Parallel/Multiprocessor Ray Tracing System - reference manual

texlive-lang-other/stable 2024.20250309-1 all
  TeX Live: Other languages

texlive-latex-extra/stable 2024.20250309-2 all
  TeX Live: LaTeX additional packages

thunderbird-l10n-dsb/stable 1:140.12.0esr-1~deb13u1 all
  Lower Sorbian language package for Thunderbird

tox-stages/stable 0.2.0-1 all
  Run Tox tests in groups, stopping on errors

tryton-modules-sale-stock-quantity/stable 7.0.1-3 all
  Tryton application platform - sale stock quantity

tuned/stable 2.25.1-1 all
  daemon for monitoring and adaptive tuning of system devices

tuned-gtk/stable 2.25.1-1 all
  GTK+ GUI for tuned

tuned-utils/stable 2.25.1-1 all
  various tuned utilities

tuned-utils-systemtap/stable 2.25.1-1 all
  disk and net statistic monitoring systemtap scripts

unison/stable 2.53+1 all
  file-synchronization tool for Unix and Windows

unison-2.53/stable 2.53.7-2 arm64
  file-synchronization tool for Unix and Windows

unison-2.53-gtk/stable 2.53.7-2 arm64
  file-synchronization tool for Unix and Windows with GTK+ interface

unison-gtk/stable 2.53+1 all
  file-synchronization tool for Unix and Windows with GTK+ interface

usermetricsservice/stable 1.3.3-2 arm64
  service exporting anonymous metrics about users

vamp-examples/stable 2.10.0-5 arm64
  example Vamp plugins, host and RDF generator

wah-plugins/stable 0.1.0-5+b1 arm64
  auto-wah LADSPA plugin

wmcore/stable 0.0.4-2+b2 arm64
  Dockapp that shows the usage of each core in the system

xcape/stable 1.2-3+b1 arm64
  Configure modifier keys to act as other keys when pressed and released

xcb-proto/stable 1.17.0-1 all
  X C Binding - protocol descriptions

xdo/stable 0.5.7-2 arm64
  small console-based utility to perform elementary actions on windows

xfonts-terminus-oblique/stable 4.48-3.1 all
  Oblique version of the Terminus font

xrootd-server/stable 5.8.1-1 arm64
  Extended ROOT file server

xserver-xorg-input-synaptics/stable 1.9.2-1+b3 arm64
  Synaptics TouchPad driver for X.Org server

xtermcontrol/stable 3.8-6+b1 arm64
  dynamic configuration of xterm properties

yanagiba/stable 1.0.0-5 all
  filter low quality Oxford Nanopore reads basecalled with Albacore

yatm/stable 0.9-5+b1 arm64
  Command line audio file player with time stretching capabilities

ziproxy/stable 3.3.2-7+b4 arm64
  compressing HTTP proxy server

zopfli/stable 1.0.3-3 arm64
  zlib (gzip, deflate) compatible compressor

