
WARNING: apt does not have a stable CLI interface. Use with caution in scripts.

Sorting...
Full Text Search...
arpalert/stable 2.0.12-6+b3 arm64
  monitor ARP changes in ethernet networks

arpwatch/stable 2.1a15-9 arm64
  Ethernet/FDDI station activity monitor

ftp-ssl/stable 0.17.34+really0.17-2+b1 arm64
  FTP client with SSL or TLS encryption support

golang-github-ssgelm-cookiejarparser-dev/stable 1.0.0-3 all
  Go library that parses a curl cookiejar file into a Go http.CookieJar

inetutils-telnetd/stable 2:2.6-3+deb13u3 arm64
  telnet server

irstlm/stable 6.00.05-5 arm64
  IRST Language Modeling Toolkit

libargparse4j-java/stable 0.9.0-1 all
  command-line argument parser for Java based on Python's argparse module

libarpack++2-dev/stable 2.3-10+b4 arm64
  Object-oriented version of the ARPACK package (development)

libarpack++2c2a/stable 2.3-10+b4 arm64
  Object-oriented version of the ARPACK package (runtime)

libarpack2-dev/stable 3.9.1-6 arm64
  Fortran77 subroutines to solve large scale eigenvalue problems (development)

libarpack2t64/stable 3.9.1-6 arm64
  Fortran77 subroutines to solve large scale eigenvalue problems

libarpack64-2/stable 3.9.1-6 arm64
  Fortran77 subroutines to solve large scale eigenvalue problems

libarpack64-2-dev/stable 3.9.1-6 arm64
  Fortran77 subroutines to solve large scale eigenvalue problems (development)

libirstlm-dev/stable 6.00.05-5 arm64
  IRST Language Modeling Toolkit - development files

libirstlm1t64/stable 6.00.05-5 arm64
  IRST Language Modeling Toolkit - runtime library

libmarpa-r2-perl/stable 2.086000~dfsg-10 arm64
  BNF grammar parser

libparpack2-dev/stable 3.9.1-6 arm64
  Parallel subroutines to solve large scale eigenvalue problems (development)

libparpack2t64/stable 3.9.1-6 arm64
  Parallel subroutines to solve large scale eigenvalue problems

libspectra-dev/stable 1.1.0-1 all
  library for large scale eigenvalue problems (development files)

python3-pynlpl/stable 1.2.9-2 all
  PyNLPl is a library for Natural Language Processing (Python 3 version)

sunpinyin-utils/stable 3.0.0~rc2+ds1-5+b2 arm64
  Simplified Chinese Input Method from SUN (utilities)

telnetd-ssl/stable 0.17.41+really0.17-6 arm64
  telnet server with SSL encryption support

texlive-latex-extra/stable 2024.20250309-2 all
  TeX Live: LaTeX additional packages

uima-utils/stable 2.10.4-1 all
  UIMA tools

walldns/stable 1:1.05-22 arm64
  reverse DNS wall

