
WARNING: apt does not have a stable CLI interface. Use with caution in scripts.

Sorting...
Full Text Search...
agda/stable 2.6.4.3-1 all
  dependently typed functional programming language

agda-bin/stable 2.6.4.3-1+b2 arm64
  commandline interface to Agda

agda-stdlib/stable 2.1-4 all
  standard library for Agda

agda-stdlib-doc/stable 2.1-4 all
  standard library for Agda — documentation

air-quality-sensor/stable 0.1.5-1+b2 arm64
  user space driver for AppliedSensor's Indoor Air Monitor

androguard/stable 3.4.0~a1-17 all
  full Python tool to play with Android files

android-libart/stable 14.0.0+r15-4+b1 arm64
  Android Runtime

apache2-data/stable,now 2.4.68-1~deb13u1 all [installed,automatic]
  Apache HTTP Server (common files)

apt-utils/stable,now 3.0.3 arm64 [installed]
  package management related utility programs

artha/stable 1.0.5-5 arm64
  Handy off-line thesaurus based on WordNet

astrometry-data-tycho2/stable 2-5 all
  Astrometry.net Tycho-2 index files

astrometry-data-tycho2-07/stable 2-5 arm64
  Astrometry.net Tycho-2 index files (22'-30')

astrometry-data-tycho2-07-bigendian/stable 2-5 all
  Astrometry.net Tycho-2 big endian index files (22'-30')

astrometry-data-tycho2-07-littleendian/stable 2-5 all
  Astrometry.net Tycho-2 little endian index files (22'-30')

astrometry-data-tycho2-08/stable 2-5 arm64
  Astrometry.net Tycho-2 index files (30'-44')

astrometry-data-tycho2-08-bigendian/stable 2-5 all
  Astrometry.net Tycho-2 big endian index files (30'-44')

astrometry-data-tycho2-08-littleendian/stable 2-5 all
  Astrometry.net Tycho-2 little endian index files (30'-44')

astrometry-data-tycho2-09/stable 2-5 arm64
  Astrometry.net Tycho-2 index files (44'-60')

astrometry-data-tycho2-09-bigendian/stable 2-5 all
  Astrometry.net Tycho-2 big endian index files (44'-60')

astrometry-data-tycho2-09-littleendian/stable 2-5 all
  Astrometry.net Tycho-2 little endian index files (44'-60')

astrometry-data-tycho2-10-19/stable 2-5 arm64
  Astrometry.net Tycho-2 index files (60'-2000')

astrometry-data-tycho2-10-19-bigendian/stable 2-5 all
  Astrometry.net Tycho-2 big endian index files (60'-2000')

astrometry-data-tycho2-10-19-littleendian/stable 2-5 all
  Astrometry.net Tycho-2 little endian index files (60'-2000')

balboa/stable 2.0.0+ds-7+b1 arm64
  Passive DNS database with GraphQL interface, frontend

balboa-backend-common/stable 2.0.0+ds-7+b1 arm64
  Common files for balboa backends

balboa-backend-rocksdb/stable 2.0.0+ds-7+b1 arm64
  RocksDB backend for balboa

baloo6/stable 6.13.0-1 arm64
  framework for file search and metadata management

bamtools/stable 2.5.2+dfsg-6+b1 arm64
  toolkit for manipulating BAM (genome alignment) files

bbdb/stable 3.0.3 all
  The Insidious Big Brother Database (email rolodex) for Emacs

bdii/stable 6.0.3-1 all
  Berkeley Database Information Index (BDII)

bifrost/stable 1.3.1-1+b1 arm64
  parallel construction, indexing and querying of de Bruijn graphs

bowtie/stable 1.3.1-3+b2 arm64
  Ultrafast memory-efficient short read aligner

bowtie-examples/stable 1.3.1-3 all
  Examples for bowtie, the ultrafast memory-efficient short read aligner

bowtie2/stable 2.5.4-1+b2 arm64
  ultrafast memory-efficient short read aligner

bowtie2-examples/stable 2.5.4-1 all
  Examples for bowtie2

bsdextrautils/stable 2.41-5 arm64
  extra utilities from 4.4BSD-Lite

bsdutils/stable,now 1:2.41-5 arm64 [installed]
  basic utilities from 4.4BSD-Lite

btllib-tools/stable 1.7.5+dfsg-2 arm64
  Bioinformatics Technology Lab common code library tools

calceph/stable 4.0.4-2 arm64
  Planetary ephemeris data access tools

cassiopee/stable 1.0.9-4+b2 arm64
  index and search tool in genomic sequences

cdbfasta/stable 1.00+git20230710.da8f5ba+dfsg-1+b1 arm64
  Constant DataBase indexing and retrieval tools for multi-FASTA files

centrifuge/stable 1.0.4.2-1 arm64
  rapid and memory-efficient system for classification of DNA sequences

chaosreader/stable 0.96-13 all
  trace network sessions and export it to html format

check-pgactivity/stable 2.7-1 all
  PostgreSQL plugin for Nagios

cl-csv/stable 20240126.git2d64d41-2 all
  Common Lisp library providing easy CSV reading and writing

cldump/stable 0.11~dfsg-8+b1 arm64
  Clarion database files extractor

codequery/stable 1.0.0+dfsg-1 arm64
  code-understanding, code-browsing or code-search tool

codesearch/stable 1.2.0-1+b8 arm64
  regular expression search over large bodies of source code

collada-urdf-tools/stable 1.12.13-11+b2 arm64
  ROS collada_urdf tools

crac/stable 2.5.2+dfsg-6+b1 arm64
  integrated RNA-Seq read analysis

crow-translate/stable 2.11.1+git20240108+ds-2+b1 arm64
  simple and lightweight translator

cupt/stable 2.10.4+nmu2+b2 arm64
  flexible package manager -- console interface

darts/stable 0.32-20+b1 arm64
  C++ Template Library for implementation of Double-Array

dasm/stable 2.20.15~20201109+really2.20.14.1-2+b1 arm64
  Macro assembler with support for several 8-bit microprocessors

dazzdb/stable 1.0+git20250217.a3eefd4-1 arm64
  manage nucleotide sequencing read data

debuginfod/stable 0.192-4 arm64
  debuginfo-related http file-server daemon

dex/stable 0.10.1-1 all
  generate and execute Application type .desktop files

dexdump/stable 14.0.0+r15-4+b1 arm64
  Displays information about Android DEX files

dexlist/stable 14.0.0+r15-4+b1 arm64
  Lists all methods in all concrete classes in Android DEX files

dextractor/stable 1.0-6+b2 arm64
  (d)extractor and compression command library

dhelp/stable 0.6.31 all
  online help system

dialect/stable 2.5.0+~2.5.0-1 arm64
  translation app for GNOME

dictfmt/stable 1.13.1+dfsg-1+b1 arm64
  utility to format a file for use by a dictd server

diffoscope/stable 297+deb13u1 all
  in-depth visual diff tool for files, archives and directories

diffoscope-minimal/stable 297+deb13u1 all
  in-depth visual diff tool for files, archives and directories (minimal package)

doodle/stable 0.7.3-1+b1 arm64
  Desktop Search Engine (client)

dosage/stable 3.0+dfsg-2.1 all
  comic strip downloader and archiver

droidlysis/stable 3.4.7-1 all
  Property extractor for Android apps

duc/stable 1.4.5-1+b2 arm64
  high-performance disk usage analyzer

duc-nox/stable 1.4.5-1+b2 arm64
  high-performance disk usage analyzer (without X support)

e-mem/stable 1.0.1-5+b2 arm64
  Efficient computation of Maximal Exact Matches for very large genomes

ecj/stable 3.35.0+eclipse4.29-2 all
  Eclipse Compiler for Java (command line tool)

elasticsearch-curator/stable 8.0.21-1 all
  command-line tool for managing Elasticsearch time-series indices

electrum/stable 4.5.8+ds-6 all
  Easy to use Bitcoin client

elki/stable 0.7.1-10.1 all
  Data mining algorithm development framework

elki-dev/stable 0.7.1-10.1 all
  Data mining algorithm development framework - development files

elpa-ac-rtags/stable 2.38-12 all
  auto-complete back-end for RTags

elpa-agda2-mode/stable 2.6.4.3-1 all
  dependently typed functional programming language — emacs mode

elpa-company-rtags/stable 2.38-12 all
  company back-end for RTags

elpa-csv-mode/stable 1.27-1 all
  Emacs major mode for editing comma/char separated values

elpa-dumb-jump/stable 0.5.4-5 all
  jump to definition for multiple languages without configuration

elpa-flycheck-rtags/stable 2.38-12 all
  flycheck integration for RTags

elpa-folding/stable 0.0~git20240308.b27c4a1-2 all
  folding-editor minor mode for Emacs

elpa-helm-rtags/stable 2.38-12 all
  helm interface for RTags

elpa-ivy-rtags/stable 2.38-12 all
  ivy back-end for RTags

elpa-notmuch/stable 0.39-1 all
  thread-based email index, search and tagging (emacs interface)

elpa-rtags/stable 2.38-12 all
  emacs front-end for RTags

elpa-snakemake-mode/stable 2.0.0+git20231210.4ad41da-3 all
  provides syntax highlighting for snakekmake files in emacs

elpa-xcscope/stable 1.5-2 all
  Interactively examine a C program source in emacs

enigma/stable 1.30+dfsg-3 arm64
  Game where you control a marble with the mouse

enigma-data/stable 1.30+dfsg-3 all
  Data files for the game enigma

enigma-doc/stable 1.30+dfsg-3 all
  Documentation for the game enigma

erlang-p1-mqtree/stable 1.0.17-2 arm64
  index tree for MQTT topic filters

eureka/stable 2.0.2-1+b1 arm64
  map editor for the classic DOOM games

exuberant-ctags/stable 1:5.9~svn20110310-19+b1 arm64
  build tag file indexes of source code definitions

fasta3/stable 36.3.8i.14-Nov-2020-3 arm64
  tools for searching collections of biological sequences

fastahack/stable 1.0.0+dfsg-11+b2 arm64
  utility for indexing and sequence extraction from FASTA files

fccexam/stable 1.0.7-1.1 all
  Study tool for USA FCC commercial radio license exams.

fdb5/stable 5.15.12-1 arm64
  Utilities for the FDB Fields Database

fdroidcl/stable 0.7.0-1+b11 arm64
  F-Droid desktop client

feh/stable 3.10.3-1 arm64
  imlib2 based image viewer

ffindex/stable 0.9.9.9-7+b1 arm64
  simple index/database for huge amounts of small files

ffmsindex/stable 5.0-1+b1 arm64
  Command line tool to create ffms2 index files

forensics-extra/stable 2.58 all
  Forensics Environment - extra console components (metapackage)

funtools/stable 1.4.8-1.1+b2 arm64
  Minimal buy-in FITS utility package

gdal-bin/stable 3.10.3+dfsg-1 arm64
  Geospatial Data Abstraction Library - Utility programs

geany-plugin-projectorganizer/stable 2.0-6+b1 arm64
  projectorganizer plugin for Geany

genometools/stable 1.6.5+ds-2.2 arm64
  versatile genome analysis toolkit

genometools-doc/stable 1.6.5+ds-2.2 all
  documentation for GenomeTools

getdata/stable 0.2-4 all
  management of external databases

gir1.2-dex-1/stable 0.10.0-1 arm64
  GObject introspection data for libdex

gir1.2-tracker-3.0/stable 3.8.2-7 arm64
  GObject introspection data for Tracker

gir1.2-tsparql-3.0/stable 3.8.2-7 arm64
  GObject introspection data for TSparql

git-absorb/stable 0.6.17-2+b2 arm64
  Git commit --fixup, but automatic

git-annex-remote-rclone/stable 0.8-1 all
  rclone-based git annex special remote

git-cola/stable 4.12.0-1 all
  highly caffeinated git GUI

git-revise/stable 0.7.0-1 all
  handy git tool for doing efficient in-memory commit rebases & fixups

glimpse/stable 4.18.7-10 arm64
  search quickly through entire file systems

glosstex/stable 0.4.dfsg.1-6 arm64
  prepare glossaries and lists of acronyms

gnuradio-doc/stable 3.10.12.0-1 all
  GNU Software Defined Radio toolkit documentation

goawk/stable 1.29.0-1 arm64
  POSIX-compliant AWK interpreter written in Go, with CSV support (program)

goiardi/stable 0.11.10-2+b11 arm64
  Chef server written in Go

goiardi-doc/stable 0.11.10-2 all
  Documentation for Goiardi

golang-codesearch-dev/stable 1.2.0-1 all
  regexp search over large bodies of source (development files)

golang-github-benhoyt-goawk-dev/stable 1.29.0-1 all
  POSIX-compliant AWK interpreter written in Go, with CSV support (library)

golang-github-biogo-hts-dev/stable 1.4.5+dfsg1-2 all
  biogo high throughput sequencing repository

golang-github-bluebreezecf-opentsdb-goclient-dev/stable 0.0~git20160515.0.539764b-1.1 all
  Go client for OpenTSDB REST API

golang-github-ctdk-goiardi-dev/stable 0.11.10-2 all
  Golang library to interact with a chef server

golang-github-darkhz-mpvipc-dev/stable 0.0~git20231124.eb73ba4-2 all
  Go implementation of mpv's IPC interface (library)

golang-github-dave-jennifer-dev/stable 1.4.1-2 all
  code generator for Go (library)

golang-github-evilsocket-recording-dev/stable 0.0~git20190408.3ce1dcf-2 all
  Allows reading and writing bettercap's session recordings

golang-github-gedex-inflector-dev/stable 0.0~git20170307.0.16278e9-1.1 all
  Go library that pluralizes and singularizes English nouns

golang-github-hlandau-dexlogconfig-dev/stable 0.0~git20161112.0.244f29b-2 all
  logging configuration package for Go

golang-github-hodgesds-perf-utils-dev/stable 0.5.1-2 all
  Perf Utilities for Go (library)

golang-github-jwilder-encoding-dev/stable 0.0~git20170811.b4e1701-4 all
  library for working with compressed arrays of integers

golang-github-monochromegane-go-gitignore-dev/stable 0.0~git20200626.205db1a-2 all
  Fast gitignore matching for Go (library)

golang-github-muesli-crunchy-dev/stable 0.4.0-2 all
  finds common flaws in passwords

golang-github-mvdan-fdroidcl-dev/stable 0.7.0-1 all
  fdroidcl develpoment files

golang-github-shenwei356-bwt-dev/stable 0.6.0-2 all
  Burrows-Wheeler Transform and FM-index in golang (library)

golang-github-thecreeper-go-notify-dev/stable 0.2.0-5 all
  implementation of the GNOME DBus Notifications Specification

golang-github-tidwall-buntdb-dev/stable 1.1.7-1 all
  embeddable, in-memory key/value database for Go

golang-github-xrash-smetrics-dev/stable 0.0~git20201216.039620a-1 all
  String metrics library written in Go

golang-gopkg-olivere-elastic.v2-dev/stable 2.0.12-2 all
  Elasticsearch client for Golang

golang-gopkg-olivere-elastic.v5-dev/stable 5.0.83-1 all
  Elasticsearch client for Golang

goobox/stable 3.6.0-14+b1 arm64
  CD player and ripper with GNOME 3 integration

grabix/stable 0.1.7-5 arm64
  wee tool for random access into BGZF files

gri-html-doc/stable 2.12.27-1.2 all
  HTML manual for gri, a language for scientific graphics

grub-imageboot/stable 0.6+nmu3 all
  boot iso, harddisk and floppy images with grub2 and syslinux memdisk

guile-library/stable 0.2.8.1-2 arm64
  Library of useful Guile modules

gztool/stable 1.8.0-1 arm64
  gzip-compressed file indexer

halibut/stable 1.3-2+b1 arm64
  yet another free document preparation system

hisat2/stable 2.2.1-5+b3 arm64
  graph-based alignment of short nucleotide reads to many genomes

holotz-castle/stable 1.3.14-12+b2 arm64
  platform game with high doses of mystery

htdig/stable 1:3.2.0b6-21 arm64
  web search and indexing system - binaries

htdig-doc/stable 1:3.2.0b6-21 all
  web search and indexing system - documentation

html-xml-utils/stable 7.7-1.1+b2 arm64
  HTML and XML manipulation utilities

htmldoc/stable 1.9.20-1 arm64
  HTML processor that generates indexed HTML, PS, and PDF

htmldoc-common/stable 1.9.20-1 all
  Common arch-independent files for htmldoc

htslib-test/stable 1.21+ds-1 all
  Test data for HTSlib

httpdirfs/stable 1.2.7-1 arm64
  filesystem client for HTTP directory listings

idzebra-2.0/stable 2.2.8-1 arm64
  IDZebra metapackage (the works)

idzebra-2.0-common/stable 2.2.8-1 all
  IDZebra common files

idzebra-2.0-doc/stable 2.2.8-1 all
  IDZebra documentation

idzebra-2.0-examples/stable 2.2.8-1 all
  IDZebra example configurations

idzebra-2.0-utils/stable 2.2.8-1 arm64
  IDZebra utility programs

igal2/stable 3.1-1 all
  online image gallery generator

iitii/stable 0.0+git20191030.85209e0-3 arm64
  Implicit Interval Tree with Interpolation Index

imageindex/stable 1.1-7 all
  generate static HTML galleries from images

install-info/stable 7.1.1-1+b1 arm64
  Manage installed documentation in info format

irssi-scripts/stable 20231031 all
  collection of scripts for irssi

jconvolver-config-files/stable 1.1.0-2 all
  Demo config files for jconvolver

jkmeter/stable 0.9.0-1+b2 arm64
  horizontal or vertical bargraph audio level meter for Jack Audio Connection Kit

junior-games-arcade/stable 1.32 all
  Debian Jr. arcade games

kallisto/stable 0.48.0+dfsg-4+b2 arm64
  near-optimal RNA-Seq quantification

kallisto-examples/stable 0.48.0+dfsg-4 all
  near-optimal RNA-Seq quantification (example data)

kchmviewer/stable 8.0-2+b3 arm64
  CHM viewer for KDE

kphotoalbum/stable 6.0.1-4 arm64
  tool for indexing, searching and viewing images by keywords for KDE

kraken2/stable 2.1.3-1+b1 arm64
  taxonomic classification system using exact k-mer matches

krank/stable 0.7+dfsg2-5 all
  game of dexterity where you match stones together

latex-make/stable 2.4.3-1 all
  easy compiling of complex (and simple) LaTeX documents

latexmk/stable 1:4.86~ds-1 all
  Perl script for running LaTeX the correct number of times

leptonica-progs/stable 1.84.1-4 arm64
  sample programs for Leptonica image processing library

libagrep-ocaml/stable 1.1-1+b2 arm64
  Wu-Manber algorithm for string searching with errors

libagrep-ocaml-dev/stable 1.1-1+b2 arm64
  Wu-Manber algorithm for string searching with errors

libament-index-cpp-dev/stable 1.10.1-1 arm64
  Fast resource indexing for ROS 2 packages (C++ headers)

libament-index-cpp0d/stable 1.10.1-1 arm64
  Fast resource indexing for ROS 2 packages (C++ library)

libannotation-indexer-java/stable 1.17-1 all
  Indexing and validation of Java annotations

libapache-session-browseable-perl/stable 1.3.16-1+deb13u1 all
  module adding index and search methods to Apache::Session

libapache2-mod-musicindex/stable 1.4.1-4+b1 arm64
  Browse, stream, download and search through MP3/Ogg/FLAC files

libapache2-mod-perl2-doc/stable 2.0.13-2 all
  Integration of perl with the Apache2 web server - documentation

libapk-parser-java/stable 2.6.10+ds-4 all
  Decode binary XML files and get APK meta info

libarray-base-perl/stable 0.006-5 arm64
  array index offseting

libarray-intspan-perl/stable 2.004-2 all
  Handles arrays of scalars or objects using integer ranges as index

libastring-ocaml/stable 0.8.5-2+b4 arm64
  alternative String module for OCaml (runtime)

libastring-ocaml-dev/stable 0.8.5-2+b4 arm64
  alternative String module for OCaml (development)

libauthen-krb5-perl/stable 1.906-2 arm64
  XS bindings for Kerberos 5

libbifrost-dev/stable 1.3.1-1+b1 arm64
  static library and header files for libbifrost

libbifrost0/stable 1.3.1-1+b1 arm64
  library for parallel construction, indexing and querying of de Bruijn graphs

libbindex-java/stable 2.2+svn101-4 all
  OSGi BIndex reader

libbio-alignio-stockholm-perl/stable 1.7.3-2 all
  stockholm sequence input/output stream

libbio-db-gff-perl/stable 1.7.4-1 all
  Storage and retrieval of sequence annotation data

libbio-db-hts-perl/stable 3.01-5 arm64
  Perl interface to the HTS library

libbio-samtools-perl/stable 1.43-5+b1 arm64
  Perl interface to SamTools library for DNA sequencing

libbitarray-dev/stable 2.0-3 arm64
  library for bit arrays

libblas64-3/stable 3.12.1-6 arm64
  Basic Linear Algebra Reference implementations, shared library (64bit-index)

libblas64-dev/stable 3.12.1-6 arm64
  Basic Linear Algebra Subroutines 3, static library (64bit-index)

libblas64-test/stable 3.12.1-6 arm64
  Basic Linear Algebra Subroutines 3, testing programs (64bit-index)

libbudgie-appindexer0/stable 10.9.2-8 arm64
  Menu library for budgie-desktop

libcache-simple-timedexpiry-perl/stable 0.27-3.1 all
  Perl module to cache and expire key/value pairs

libcalceph2/stable 4.0.4-2 arm64
  Shared library for planetary ephemeris data access

libcassie-dev/stable 1.0.9-4+b2 arm64
  library and headers for development

libcassie-doc/stable 1.0.9-4 all
  documentation for cassiopee library

libcassie1v5/stable 1.0.9-4+b2 arm64
  library implementating search algorithms

libcatalyst-model-cdbi-crud-perl/stable 0.04-4 all
  deprecated Catalyst module

libcatmandu-filestore-perl/stable 1.16-3 all
  modules to make files persistent within the Catmandu framework

libcatmandu-perl/stable 1.2024-1 all
  metadata toolkit

libcctbx-dev/stable 2024.10+ds2+~3.22.1+ds1-5 arm64
  Computational Crystallography Toolbox - headers

libcctbx0/stable 2024.10+ds2+~3.22.1+ds1-5 arm64
  Computational Crystallography Toolbox - runtime libraries

libcdaudio-dev/stable 0.99.12p2-16 arm64
  library for controlling a CD-ROM when playing audio CDs (development)

libcdaudio1/stable 0.99.12p2-16 arm64
  library for controlling a CD-ROM when playing audio CDs

libcgi-application-plugin-ratelimit-perl/stable 1.0-4 all
  Perl module for limiting the runmode call rate per user

libclang-perl/stable 0.09-6+b7 arm64
  Perl bindings to the Clang compiler's indexing interface

libclass-trigger-perl/stable 0.15-2 all
  Mix-in to add/call inheritable triggers

libcoap3-doc/stable 4.3.4-1.1+deb13u3 all
  C-Implementation of CoAP - HTML based documentation files for API v3

libcollada-urdf-dev/stable 1.12.13-11+b2 arm64
  Development files for ROS collada_urdf library

libcollada-urdf1d/stable 1.12.13-11+b2 arm64
  ROS collada_urdf library

libcolor-scheme-perl/stable 1.08-1 all
  Perl module to generate pleasant color schemes

libcommons-lang-java/stable 2.6-10+deb13u1 all
  Commons Lang - an extension of the java.lang package

libcommons-lang-java-doc/stable 2.6-10+deb13u1 all
  Documentation for Commons Lang - an extension of the java.lang package

libconvert-color-xterm-perl/stable 0.06-1 all
  module for indexed colors used by XTerm

libcpan-common-index-perl/stable 0.010-2 all
  common library for searching CPAN modules, authors, and distributions

libcpan-sqlite-perl/stable 0.220-1 all
  module to maintain a minimal CPAN database with SQLite

libcupt4-2t64/stable 2.10.4+nmu2+b2 arm64
  flexible package manager -- runtime library

libdata-dpath-perl/stable 0.60-1 all
  DPath is like XPath but for Perl data structures

libdata-printer-perl/stable 1.002001-1 all
  colored pretty-printer of Perl data structures and objects

libdata-sorting-perl/stable 0.9-6 all
  Perl module for multi-key sort using function results

libdatrie-dev/stable 0.2.13-3+b1 arm64
  Development files for double-array trie library

libdatrie-doc/stable 0.2.13-3 all
  Documentation files for double-array trie library

libdatrie1-bin/stable 0.2.13-3+b1 arm64
  Programs for double-array trie library

libdbd-xbase-perl/stable 1:1.08-2 all
  Perl module to access xbase files (optionally through DBI)

libdbix-admin-createtable-perl/stable 2.11-2 all
  DBI extension for manipulating tables

libdbix-fulltextsearch-perl/stable 0.73-12 all
  Indexing documents with MySQL as storage

libdex-1-1/stable 0.10.0-1 arm64
  Library for deferred execution

libdex-dev/stable 0.10.0-1 arm64
  Library for deferred execution - development files

libdex-doc/stable 0.10.0-1 all
  Library for deferred execution - documentation

libdexx-java/stable 0.7-2 all
  immutable, persistent collection classes for Java

libdisorder-dev/stable 0.0.2+git20130809.8062ee1-4+b2 arm64
  library for entropy measurement of byte streams (devel)

libdisorder-tools/stable 0.0.2+git20130809.8062ee1-4+b2 arm64
  entropy measurement of byte streams

libdisorder0/stable 0.0.2+git20130809.8062ee1-4+b2 arm64
  library for entropy measurement of byte streams

libdist-zilla-plugin-metaprovides-package-perl/stable 2.004003-3 all
  Dist::Zilla plugin to extract provides from traditional packages

libdolfin64-2019.2t64/stable 2019.2.0~legacy20240219.1c52e83-18+b2 arm64
  Shared libraries for DOLFIN (64-bit indexing)

libdolfin64-dev/stable 2019.2.0~legacy20240219.1c52e83-18+b2 arm64
  Shared links and dev files for DOLFIN (64-bit indexing)

libdoodle-dev/stable 0.7.3-1+b1 arm64
  Desktop Search Engine (development)

libdoodle1/stable 0.7.3-1+b1 arm64
  Desktop Search Engine (library)

libdpkg-perl/stable 1.22.22 all
  Dpkg perl modules

libeclipse-jdt-annotation-java/stable 2.2.700+eclipse4.29-2 all
  Eclipse JDT Annotations for Enhanced Null Analysis

libeclipse-jdt-apt-core-java/stable 3.8.100+eclipse4.29-2 all
  Eclipse Java Annotation Processing Core

libeclipse-jdt-apt-pluggable-core-java/stable 1.4.100+eclipse4.29-2 all
  Eclipse Java Compiler Apt IDE

libeclipse-jdt-core-compiler-batch-java/stable 3.35.0+eclipse4.29-2 all
  Eclipse Java Compiler Batch

libeclipse-jdt-core-java/stable 3.35.0+eclipse4.29-2 all
  Eclipse Java Development Tools Core

libeclipse-sisu-maven-plugin-java/stable 0.3.5-1 all
  Manage Sisu components and applications

libenum-perl/stable 1.12-2 all
  perl module for sets of ordered constants like enums in C

libextractor-dev/stable 1:1.13-8+b1 arm64
  extracts meta-data from files of arbitrary type (development)

libextractor-java-dev/stable 1.0.0-8 arm64
  Java bindings for GNU libextractor (development)

libextractor-java0/stable 1.0.0-8 arm64
  Java bindings for GNU libextractor

libextractor-plugin-archive/stable 1:1.13-8+b1 arm64
  extracts meta-data from files of arbitrary type (archive plugin)

libextractor-plugin-exiv2/stable 1:1.13-8+b1 arm64
  extracts meta-data from files of arbitrary type (exiv2 plugin)

libextractor-plugin-flac/stable 1:1.13-8+b1 arm64
  extracts meta-data from files of arbitrary type (flac plugin)

libextractor-plugin-gif/stable 1:1.13-8+b1 arm64
  extracts meta-data from files of arbitrary type (gif plugin)

libextractor-plugin-gstreamer/stable 1:1.13-8+b1 arm64
  extracts meta-data from files of arbitrary type (GStreamer plugin)

libextractor-plugin-html/stable 1:1.13-8+b1 arm64
  extracts meta-data from files of arbitrary type (html plugin)

libextractor-plugin-jpeg/stable 1:1.13-8+b1 arm64
  extracts meta-data from files of arbitrary type (jpeg plugin)

libextractor-plugin-midi/stable 1:1.13-8+b1 arm64
  extracts meta-data from files of arbitrary type (midi plugin)

libextractor-plugin-mpeg/stable 1:1.13-8+b1 arm64
  extracts meta-data from files of arbitrary type (mpeg plugin)

libextractor-plugin-ogg/stable 1:1.13-8+b1 arm64
  extracts meta-data from files of arbitrary type (ogg plugin)

libextractor-plugin-ole2/stable 1:1.13-8+b1 arm64
  extracts meta-data from files of arbitrary type (ole2 plugin)

libextractor-plugin-pdf/stable 1:1.13-8+b1 arm64
  extracts meta-data from files of arbitrary type (pdf plugin)

libextractor-plugin-rpm/stable 1:1.13-8+b1 arm64
  extracts meta-data from files of arbitrary type (rpm plugin)

libextractor-plugin-thumbnailgtk/stable 1:1.13-8+b1 arm64
  extracts meta-data from files of arbitrary type (gdk pixbuf plugin)

libextractor-plugin-tiff/stable 1:1.13-8+b1 arm64
  extracts meta-data from files of arbitrary type (tiff plugin)

libextractor-plugins-all/stable 1:1.13-8 all
  extracts meta-data from files of arbitrary type (plugins)

libextractor-plugins-misc/stable 1:1.13-8+b1 arm64
  extracts meta-data from files of arbitrary type (miscellaneous plugins)

libextractor3/stable 1:1.13-8+b1 arm64
  extracts meta-data from files of arbitrary type (library)

libfastahack-dev/stable 1.0.0+dfsg-11+b2 arm64
  library for indexing and sequence extraction from FASTA files (devel)

libfastahack0/stable 1.0.0+dfsg-11+b2 arm64
  library for indexing and sequence extraction from FASTA files (lib)

libfdb5-0d/stable 5.15.12-1 arm64
  Library for the ECMWF Fields Database

libfdb5-dev/stable 5.15.12-1 arm64
  Development files for the ECMWF Fields database

libffindex0-dev/stable 0.9.9.9-7+b1 arm64
  library for simple index/database for huge amounts of small files (development)

libffindex0t64/stable 0.9.9.9-7+b1 arm64
  library for simple index/database for huge amounts of small files

libfishsound1/stable 1.0.1-1+b1 arm64
  simple API that wraps Xiph.Org audio codecs

libfishsound1-dev/stable 1.0.1-1+b1 arm64
  simple API that wraps Xiph.Org audio codecs (development files)

libforest-perl/stable 0.10-2 all
  collection of N-ary tree related modules

libfuntools-dev/stable 1.4.8-1.1+b2 arm64
  Minimal buy-in FITS library (development files)

libfuntools1t64/stable 1.4.8-1.1+b2 arm64
  Minimal buy-in FITS library

libg2c-utils/stable 2.1.0-2 arm64
  NCEP GRIB2 library - development files

libgee-0.8-2/stable 0.20.8-1 arm64
  GObject based collection and utility library

libgee-0.8-dev/stable 0.20.8-1 arm64
  GObject based collection and utility library (development files)

libgenometools0-dev/stable 1.6.5+ds-2.2 arm64
  development files for GenomeTools

libgenometools0t64/stable 1.6.5+ds-2.2 arm64
  versatile genome analysis library

libghc-agda-dev/stable 2.6.4.3-1+b2 arm64
  dependently typed functional programming language

libghc-agda-doc/stable 2.6.4.3-1 all
  dependently typed functional programming language; documentation

libghc-bitwise-dev/stable 1.0.0.1-4+b1 arm64
  fast multi-dimensional unboxed bit packed Bool arrays

libghc-bitwise-doc/stable 1.0.0.1-4 all
  fast multi-dimensional unboxed bit packed Bool arrays; documentation

libghc-bitwise-prof/stable 1.0.0.1-4+b1 arm64
  fast multi-dimensional unboxed bit packed Bool arrays; profiling libraries

libghc-chimera-dev/stable 0.3.4.0-1+b1 arm64
  lazy infinite compact streams with cache-friendly O(1) indexing

libghc-chimera-doc/stable 0.3.4.0-1 all
  lazy infinite compact streams with cache-friendly O(1) indexing; documentation

libghc-chimera-prof/stable 0.3.4.0-1+b1 arm64
  lazy infinite compact streams with cache-friendly O(1) indexing; profiling libraries

libghc-focuslist-dev/stable 0.1.1.0-3+b2 arm64
  lists with a focused element

libghc-focuslist-doc/stable 0.1.1.0-3 all
  lists with a focused element; documentation

libghc-focuslist-prof/stable 0.1.1.0-3+b2 arm64
  lists with a focused element; profiling libraries

libghc-ghc-exactprint-dev/stable 1.7.1.0-1+b3 arm64
  ExactPrint for GHC

libghc-ghc-exactprint-doc/stable 1.7.1.0-1 all
  ExactPrint for GHC; documentation

libghc-ghc-exactprint-prof/stable 1.7.1.0-1+b3 arm64
  ExactPrint for GHC; profiling libraries

libghc-hackage-security-dev/stable 0.6.2.4-1+b1 arm64
  Hackage security library

libghc-hackage-security-doc/stable 0.6.2.4-1 all
  Hackage security library; documentation

libghc-hackage-security-prof/stable 0.6.2.4-1+b1 arm64
  Hackage security library; profiling libraries

libghc-http-media-dev/stable 0.8.1.1-2+b1 arm64
  processing HTTP Content-Type and Accept headers

libghc-http-media-doc/stable 0.8.1.1-2 all
  processing HTTP Content-Type and Accept headers; documentation

libghc-http-media-prof/stable 0.8.1.1-2+b1 arm64
  processing HTTP Content-Type and Accept headers; profiling libraries

libghc-hxt-xpath-dev/stable 9.1.2.2-2 arm64
  XPath modules for HXT

libghc-hxt-xpath-doc/stable 9.1.2.2-2 all
  XPath modules for HXT; documentation

libghc-hxt-xpath-prof/stable 9.1.2.2-2 arm64
  XPath modules for HXT; profiling libraries

libghc-indexed-profunctors-dev/stable 0.1.1.1-2+b1 arm64
  Utilities for indexed profunctors

libghc-indexed-profunctors-doc/stable 0.1.1.1-2 all
  Utilities for indexed profunctors; documentation

libghc-indexed-profunctors-prof/stable 0.1.1.1-2+b1 arm64
  Utilities for indexed profunctors; profiling libraries

libghc-indexed-traversable-dev/stable 0.1.4-1+b1 arm64
  Indexed Traversables for Haskell

libghc-indexed-traversable-doc/stable 0.1.4-1 all
  Indexed Traversables for Haskell; documentation

libghc-indexed-traversable-instances-dev/stable 0.1.2-1+b1 arm64
  Extra instances for indexed traversables in Haskell

libghc-indexed-traversable-instances-doc/stable 0.1.2-1 all
  Extra instances for indexed traversables in Haskell; documentation

libghc-indexed-traversable-instances-prof/stable 0.1.2-1+b1 arm64
  Extra instances for indexed traversables in Haskell; profiling libraries

libghc-indexed-traversable-prof/stable 0.1.4-1+b1 arm64
  Indexed Traversables for Haskell; profiling libraries

libghc-io-storage-dev/stable 0.3-17+b1 arm64
  key-value store in the IO monad

libghc-io-storage-doc/stable 0.3-17 all
  key-value store in the IO monad; documentation

libghc-io-storage-prof/stable 0.3-17+b1 arm64
  key-value store in the IO monad; profiling libraries

libghc-ixset-typed-dev/stable 0.5.1.0-3+b1 arm64
  efficient relational queries on Haskell sets

libghc-ixset-typed-doc/stable 0.5.1.0-3 all
  efficient relational queries on Haskell sets; documentation

libghc-ixset-typed-prof/stable 0.5.1.0-3+b1 arm64
  efficient relational queries on Haskell sets; profiling libraries

libghc-keys-dev/stable 3.12.3-4+b1 arm64
  Keyed functors and containers

libghc-keys-doc/stable 3.12.3-4 all
  Keyed functors and containers; documentation

libghc-keys-prof/stable 3.12.3-4+b1 arm64
  Keyed functors and containers; profiling libraries

libghc-kvitable-dev/stable 1.0.3.0-1+b1 arm64
  Key/Value Indexed Table container and formatting library

libghc-kvitable-doc/stable 1.0.3.0-1 all
  Key/Value Indexed Table container and formatting library; documentation

libghc-kvitable-prof/stable 1.0.3.0-1+b1 arm64
  Key/Value Indexed Table container and formatting library; profiling libraries

libghc-lens-dev/stable 5.2.3-2+b2 arm64
  Lenses, Folds and Traversals

libghc-lens-doc/stable 5.2.3-2 all
  Lenses, Folds and Traversals; documentation

libghc-lens-prof/stable 5.2.3-2+b2 arm64
  Lenses, Folds and Traversals; profiling libraries

libghc-parameterized-utils-dev/stable 2.1.9.0-1 arm64
  Classes/data structures for data-kind indexed types

libghc-parameterized-utils-doc/stable 2.1.9.0-1 all
  Classes/data structures for data-kind indexed types; documentation

libghc-parameterized-utils-prof/stable 2.1.9.0-1 arm64
  Classes/data structures for data-kind indexed types; profiling libraries

libghc-snap-core-dev/stable 1.0.5.1-2+b1 arm64
  Snap: A Haskell Web Framework (Core)

libghc-snap-core-doc/stable 1.0.5.1-2 all
  Snap: A Haskell Web Framework (Core); documentation

libghc-snap-core-prof/stable 1.0.5.1-2+b1 arm64
  Snap: A Haskell Web Framework (Core); profiling libraries

libghc-src-exts-dev/stable 1.23.1-5+b1 arm64
  Haskell-Source with eXtensions library for GHC

libghc-src-exts-doc/stable 1.23.1-5 all
  API documentation of the haskell-src-exts library; documentation

libghc-src-exts-prof/stable 1.23.1-5+b1 arm64
  Haskell-Source with eXtensions library for GHC; profiling libraries

libghc-stateref-dev/stable 0.3-12+b1 arm64
  abstraction for things that work like IORef

libghc-stateref-doc/stable 0.3-12 all
  abstraction for things that work like IORef; documentation

libghc-stateref-prof/stable 0.3-12+b1 arm64
  abstraction for things that work like IORef; profiling libraries

libghc-vector-dev/stable 0.13.1.0-2+b1 arm64
  Efficient Arrays for Haskell

libghc-vector-doc/stable 0.13.1.0-2 all
  Efficient Arrays for Haskell; documentation

libghc-vector-instances-dev/stable 3.4.2-2+b1 arm64
  orphan instances for Data.Vector

libghc-vector-instances-doc/stable 3.4.2-2 all
  orphan instances for Data.Vector; documentation

libghc-vector-instances-prof/stable 3.4.2-2+b1 arm64
  orphan instances for Data.Vector; profiling libraries

libghc-vector-prof/stable 0.13.1.0-2+b1 arm64
  Efficient Arrays for Haskell; profiling libraries

libgkarrays-dev/stable 2.1.0+dfsg-4.2+b1 arm64
  library to query large collection of NGS sequences (development)

libgkarrays1t64/stable 2.1.0+dfsg-4.2+b1 arm64
  library to query large collection of NGS sequences

libgtkada-doc/stable 24.0.0-5 all
  Ada binding for the GTK+ GUI (documentation)

libh3-1/stable 4.2.1-1 arm64
  Hexagonal hierarchical geospatial indexing system - library

libh3-bin/stable 4.2.1-1 arm64
  Hexagonal hierarchical geospatial indexing system - CLI programs

libh3-dev/stable 4.2.1-1 arm64
  Hexagonal hierarchical geospatial indexing system - header files

libhpmud-dev/stable 3.22.10+dfsg0-8.1 arm64
  HP Multi-Point Transport Driver (hpmud) development libraries

libhpmud0/stable 3.22.10+dfsg0-8.1 arm64
  HP Multi-Point Transport Driver (hpmud) run-time libraries

libhtml-tagcloud-perl/stable 0.38-4 all
  module for generating HTML indexes of popular tags

libhts-dev/stable 1.21+ds-1 arm64
  development files for the HTSlib

libhts3t64/stable 1.21+ds-1 arm64
  C library for high-throughput sequencing data formats

libidzebra-2.0-0t64/stable 2.2.8-1 arm64
  IDZebra libraries

libidzebra-2.0-dev/stable 2.2.8-1 arm64
  IDZebra development

libidzebra-2.0-mod-alvis/stable 2.2.8-1 arm64
  IDZebra 'alvis' filter (XSLT filter for XML)

libidzebra-2.0-mod-dom/stable 2.2.8-1 arm64
  IDZebra 'dom' filter (XML DOM internal document model with XSLT)

libidzebra-2.0-mod-grs-marc/stable 2.2.8-1 arm64
  IDZebra 'grs.marc' filter (ISO2709 MARC reader)

libidzebra-2.0-mod-grs-regx/stable 2.2.8-1 arm64
  IDZebra 'grs.regx' and 'grs.tcl' filters

libidzebra-2.0-mod-grs-xml/stable 2.2.8-1 arm64
  IDZebra 'grs.xml' filter (XML filter)

libidzebra-2.0-mod-safari/stable 2.2.8-1 arm64
  IDZebra 'safari' filter (DBC)

libidzebra-2.0-mod-text/stable 2.2.8-1 arm64
  IDZebra 'text' filter

libidzebra-2.0-modules/stable 2.2.8-1 arm64
  IDZebra modules

libiitii-dev/stable 0.0+git20191030.85209e0-3 all
  Implicit Interval Tree with Interpolation Index (devel)

libimagequant-dev/stable 2.18.0-1+b2 arm64
  palette quantization library (development files)

libimagequant0/stable,now 2.18.0-1+b2 arm64 [installed,automatic]
  palette quantization library

libjava-string-similarity-java/stable 2.0.0-1 all
  library of different string similarity and distance measures

libjs-backbone/stable 1.4.1~dfsg+~1.4.15-3 all
  some Backbone for JavaScript applications - browser library

libjs-lunr/stable 2.3.9~dfsg-2 all
  simple full-text search - web browsers

libjs-schoolkit/stable 0.2-2 all
  Tools ordinarily available in school kits for geometry

libjs-underscore/stable 1.13.4~dfsg+~1.11.4-3 all
  JavaScript's functional programming helper library

libjudy-dev/stable 1.0.5-5.1+b1 arm64
  C library for creating and accessing dynamic arrays (dev package)

libjudydebian1/stable 1.0.5-5.1+b1 arm64
  C library for creating and accessing dynamic arrays

libkf6baloo-dev/stable 6.13.0-1 arm64
  framework for file search and metadata management - development files

libkf6baloo-doc/stable 6.13.0-1 all
  framework for file search and metadata management - developer documentation

libkf6baloo6/stable 6.13.0-1 arm64
  framework for file search and metadata management - shared library

libkf6balooengine6/stable 6.13.0-1 arm64
  framework for file search and metadata management - internal library

libkinosearch1-perl/stable 1.01-6+b1 arm64
  Perl library providing search engine features

liblapack64-3/stable 3.12.1-6 arm64
  Library of linear algebra routines 3 - shared version (64bit-index)

liblapack64-dev/stable 3.12.1-6 arm64
  Library of linear algebra routines 3 - static version (64bit-index)

liblapack64-test/stable 3.12.1-6 arm64
  Library of linear algebra routines 3 - testing programs (64bit-index)

liblapacke64/stable 3.12.1-6 arm64
  Library of linear algebra routines 3 - C lib shared version (64bit-index)

liblapacke64-dev/stable 3.12.1-6 arm64
  Library of linear algebra routines 3 - Headers (64bit-index)

liblatex-driver-perl/stable 1.2.0-2 all
  driver module that encapsulates the details of formatting a LaTeX document

libleptonica-dev/stable 1.84.1-4 arm64
  image processing library

libleptonica6/stable 1.84.1-4 arm64
  image processing library

libleveldb1d/stable 1.23-5+b2 arm64
  fast key-value storage library

liblucene++-contrib0t64/stable 3.0.9-3.2+b1 arm64
  Shared library with Lucene++ contributions

liblucene9-java/stable 9.10.0+dfsg-2 all
  text search engine library

libmason-perl/stable 2.24-2 all
  powerful, high-performance templating for the web and beyond

libmath-sparsevector-perl/stable 0.04-2 all
  Provides a sparse vector class for perl

libmdds-dev/stable 2.1.1-2 all
  Multi Dimension Data structure library -- headers

libmdds-doc/stable 2.1.1-2 all
  Multi Dimension Data structure library -- documentation

libmediascanner-2.0-4/stable 0.118-1 arm64
  Access library for the media scanner's index

libmediawiki-dumpfile-perl/stable 0.2.2-2 all
  Perl module to parse MediaWiki dump files

libmeshoptimizer-dev/stable 0.22+dfsg-1 arm64
  Mesh optimizing library for 3D object rendering - development headers

libmeshoptimizer2d/stable 0.22+dfsg-1 arm64
  Mesh optimizing library for 3D object rendering

libmmmulti-dev/stable 0.1-3 all
  header only library for mmmulti

libmodern-perl-perl/stable 1.20241001-1 all
  module for enabling all of the features of Modern Perl

libmshr64-2019.2/stable 2019.2.0~git20230811.ff54a68+dfsg1-4+b3 arm64
  Shared libraries for mshr with 64-bit indexing

libmshr64-dev/stable 2019.2.0~git20230811.ff54a68+dfsg1-4+b3 arm64
  Shared links and header files for mshr with 64-bit indexing

libmsiecf-dev/stable 20181227-3 arm64
  Microsoft Internet Explorer Cache File access library -- development files

libmsiecf-utils/stable 20181227-3 arm64
  Microsoft Internet Explorer Cache File access library -- Utilities

libmsiecf1t64/stable 20181227-3 arm64
  Microsoft Internet Explorer Cache File access library

libmtbl-dev/stable 1.6.1-1+b1 arm64
  immutable sorted string table library (development files)

libmtbl1/stable 1.6.1-1+b1 arm64
  immutable sorted string table library

libmxml-dev/stable 3.3.1-1+deb13u1 arm64
  small XML parsing library (development)

libmxml1/stable 3.3.1-1+deb13u1 arm64
  small XML parsing library (runtime)

libmythes-1.2-0/stable 2:1.2.5-1+b2 arm64
  simple thesaurus library

libmythes-dev/stable 2:1.2.5-1+b2 arm64
  simple thesaurus library (development files)

libnet-z3950-zoom-perl/stable 1.32-2+b2 arm64
  Perl extension implementing the ZOOM API for Information Retrieval via Z39.50

libnginx-mod-http-fancyindex/stable 1:0.5.2-6 arm64
  Fancy indexes module for the Nginx

libnotmuch-dev/stable 0.39-1 arm64
  thread-based email index, search and tagging (development)

libnotmuch5t64/stable 0.39-1 arm64
  thread-based email index, search and tagging (runtime)

libobject-insideout-perl/stable 4.05-2 all
  comprehensive inside-out object construction kit

libopenblas64-0/stable 0.3.29+ds-3 arm64
  Optimized BLAS (linear algebra) library (shared lib, 64bit, meta)

libopenblas64-dev/stable 0.3.29+ds-3 arm64
  Optimized BLAS (linear algebra) library (dev, 64bit, meta)

libopenjp2-tools/stable 2.5.3-2.1~deb13u2 arm64
  command-line tools using the JPEG 2000 library

libosmium2-dev/stable 2.22.0-1 arm64
  C++ framework for working with OSM data files

libosmium2-doc/stable 2.22.0-1 all
  C++ framework for working with OSM data files - documentation

libpackage-locator-perl/stable 0.10-3 all
  module to find a package among CPAN-like repositories

libparse-cpan-packages-perl/stable 2.40-2 all
  module to parse the CPAN Packages file

libperl-critic-policy-plicease-prohibitarrayassignaref-perl/stable 100.00-2 all
  Perl::Critic policy about not assigning an anonymous arrayref to an array

libperldoc-search-perl/stable 0.01-3.1 all
  Index and Search local Perl Documentation

libpetsc64-complex-dev/stable 3.22.5+dfsg1-2 all
  Latest 64-bit PETSc development package with complex numbers

libpetsc64-complex3.22/stable 3.22.5+dfsg1-2+b1 arm64
  Shared libraries for version 3.22 of 64-bit PETSc with Complex Numbers

libpetsc64-complex3.22-dbg/stable 3.22.5+dfsg1-2+b1 arm64
  Debugging libraries for 64-bit PETSc with Complex Numbers

libpetsc64-complex3.22-dev/stable 3.22.5+dfsg1-2+b1 arm64
  Development files for 64-bit PETSc with complex numbers

libpetsc64-real-dev/stable 3.22.5+dfsg1-2 all
  Virtual package depending on latest 64-bit PETSc development package

libpetsc64-real3.22/stable 3.22.5+dfsg1-2+b1 arm64
  Shared libraries for version 3.22 of 64-bit PETSc

libpetsc64-real3.22-dbg/stable 3.22.5+dfsg1-2+b1 arm64
  Debugging libraries for PETSc

libpetsc64-real3.22-dev/stable 3.22.5+dfsg1-2+b1 arm64
  Static libraries, shared links, header files for 64-bit PETSc

libpixels-java/stable 2.1.3+svn.42-3 all
  manipulation and filtering of images in Java

libpod-index-perl/stable 0.14-4 all
  index and search PODs using X<> entries

libpod-projectdocs-perl/stable 0.53-1 all
  module to generate CPAN like project documents from POD

libpystring-dev/stable 1.1.4-2 arm64
  collection of C++ functions for Python's string class methods - development

libpystring0/stable 1.1.4-2 arm64
  collection of C++ functions for Python's string class methods - runtime

libqt53dextras5/stable 5.15.15+dfsg-3 arm64
  Qt 3D extras

libqt63dextras6/stable 6.8.2+dfsg-2 arm64
  Qt 6 3D extras library

libreflections-java/stable 0.10.2+dfsg-2 all
  Java runtime metadata analysis library

libreoffice/stable 4:25.2.3-2+deb13u6 arm64
  office productivity suite (metapackage)

librust-elasticlunr-rs-dev/stable 3.0.2-1+b1 arm64
  Partial port of elasticlunr.js to Rust for generating static document search indexes - Rust source code

librust-encoding-index-japanese-dev/stable 1.20141219.5-1+b1 arm64
  Index tables for Japanese character encodings - Rust source code

librust-encoding-index-korean-dev/stable 1.20141219.5-1+b1 arm64
  Index tables for Korean character encodings - Rust source code

librust-encoding-index-simpchinese-dev/stable 1.20141219.5-1+b1 arm64
  Index tables for simplified Chinese character encodings - Rust source code

librust-encoding-index-singlebyte-dev/stable 1.20141219.5-1+b1 arm64
  Index tables for various single-byte character encodings - Rust source code

librust-encoding-index-tests-dev/stable 0.1.4-2+b1 arm64
  Helper macros to test index tables for character encodings - Rust source code

librust-encoding-index-tradchinese-dev/stable 1.20141219.5-1+b1 arm64
  Index tables for traditional Chinese character encodings - Rust source code

librust-gix-chunk-dev/stable 0.4.10-1 arm64
  Interact with the git chunk file format used in multi-pack index and commit-graph files - Rust source code

librust-gix-index-dev/stable 0.37.0-1 arm64
  Work-in-progress crate of the gitoxide project dedicated implementing the git index file - Rust source code

librust-indexmap-dev/stable 2.7.0-1 arm64
  Hash table with consistent order and fast iteration - Rust source code

librust-indexmap-nostd+serde-dev/stable 0.4.0-1+b1 arm64
  No_std compatible implementation of the indexmap crate - feature "serde"

librust-indexmap-nostd-dev/stable 0.4.0-1+b1 arm64
  No_std compatible implementation of the indexmap crate - Rust source code

librust-la-arena-dev/stable 0.3.1-1+b3 arm64
  Simple index-based arena without deletion - Rust source code

librust-ordermap+serde-1-dev/stable 0.4.2-1+b2 arm64
  Hash table with consistent order and fast iteration - feature "serde-1"

librust-ordermap+serde-dev/stable 0.4.2-1+b2 arm64
  Hash table with consistent order and fast iteration - feature "serde"

librust-ordermap-dev/stable 0.4.2-1+b2 arm64
  Hash table with consistent order and fast iteration - Rust source code

librust-seq-macro-dev/stable 0.3.5-1+b2 arm64
  Macro to repeat sequentially indexed copies of a fragment of code

librust-str-indices-dev/stable 0.4.3-1+b2 arm64
  Count and convert between indexing schemes on string slices - Rust source code

librust-unchecked-index-dev/stable 0.2.2-1+b3 arm64
  Unchecked indexing wrapper using regular index syntax - Rust source code

librust-xmltree+indexmap-dev/stable 0.10.3-3 arm64
  Parse an XML file into a simple tree-like structure - feature "indexmap" and 1 more

librw-dev/stable 0.9+ds1-1+b2 arm64
  Compute rank-width and rank-decompositions of graphs (development)

librw0/stable 0.9+ds1-1+b2 arm64
  Compute rank-width and rank-decompositions of graphs

libs2-geometry-library-java/stable 1.0.1-3 all
  Java library for spherical math

libsasl2-modules-kdexoauth2/stable 24.12.3-1 arm64
  library to integrate with Cyrus SASL

libscalar-properties-perl/stable 1.100860-3 all
  perl module to add run-time properties on scalar variables

libsearch-gin-perl/stable 0.11-3 all
  Perl module for Generalized Inverted Indexing

libsearch-xapian-perl/stable 1.2.25.5-3+b1 arm64
  Perl bindings for the Xapian search library

libslepc64-complex-dev/stable 3.22.2+dfsg1-1 arm64
  Scalable Library for Eigenvalue Problem Computations (64-bit)

libslepc64-complex3.22/stable 3.22.2+dfsg1-1 arm64
  Scalable Library for Eigenvalue Problem Computations (64-bit)

libslepc64-complex3.22-dev/stable 3.22.2+dfsg1-1 arm64
  Scalable Library for Eigenvalue Problem Computations (64-bit)

libslepc64-real-dev/stable 3.22.2+dfsg1-1 arm64
  Scalable Library for Eigenvalue Problem Computations (64-bit)

libslepc64-real3.22/stable 3.22.2+dfsg1-1 arm64
  Scalable Library for Eigenvalue Problem Computations (64-bit)

libslepc64-real3.22-dev/stable 3.22.2+dfsg1-1 arm64
  Scalable Library for Eigenvalue Problem Computations (64-bit)

libslicot-pic/stable 5.9-1+b1 arm64
  numerical algorithms from systems and control theory (static PIC library)

libsmali-java/stable 2.5.2.git2771eae-4 all
  assembler/disassembler for Android's dex format

libsox-fmt-alsa/stable 14.4.2+git20190427-5+b3 arm64
  SoX alsa format I/O library

libspatialindex-c8/stable 2.1.0-1 arm64
  General framework for developing spatial indices - C library

libspatialindex-dev/stable 2.1.0-1 arm64
  General framework for developing spatial indices - development files

libspatialindex8/stable 2.1.0-1 arm64
  General framework for developing spatial indices

libsphinx-search-perl/stable 1:0.31-2 all
  Perl module for Sphinx search engine

libstatgen-doc/stable 1.0.15-8 all
  documentation files for the libStatGen

libstring-format-perl/stable 1.18-1 all
  module for flexible printf-like string formatting

libstring-similarity-perl/stable 1.04-3+b5 arm64
  Perl module for calculating the similarity of two strings

libsuper-csv-java/stable 2.4.0-4 all
  Super CSV library for Java

libsuperlu-dist-dev/stable 8.2.1+dfsg1-5+b1 arm64
  Highly distributed solution of sparse linear equations

libsuperlu-dist8/stable 8.2.1+dfsg1-5+b1 arm64
  Highly distributed solution of sparse linear equations

libswish-api-common-perl/stable 0.04-3 all
  Perl interface to the SWISH index engine

libtabixpp-dev/stable 1.1.2-2.1+b1 arm64
  C++ wrapper to tabix indexer (development files)

libtabixpp0t64/stable 1.1.2-2.1+b1 arm64
  C++ wrapper to tabix indexer

libterm-extendedcolor-perl/stable 0.504-2 all
  module to color screen output using extended escape sequences

libtext-metaphone-perl/stable 20160805-2+b4 arm64
  modern soundex module providing phonetic encoding of words

libtext-soundex-perl/stable 3.05-2+b4 arm64
  implementation of the soundex algorithm

libtie-hash-indexed-perl/stable 0.08+ds1-1+b5 arm64
  Ordered hashes for Perl

libtie-refhash-weak-perl/stable 0.09-2.1 all
  Tie::RefHash subclass with weakened references in the keys

libtinysparql-3.0-0/stable 3.8.2-7 arm64
  metadata database, indexer and search tool - library

libtinysparql-dev/stable 3.8.2-7 arm64
  metadata database, indexer and search tool - development files

libtinysparql-doc/stable 3.8.2-7 all
  metadata database, indexer and search tool - API documentation

libtmglib64-3/stable 3.12.1-6 arm64
  test matrix generators of LAPACK - shared version (64bit-index)

libtmglib64-dev/stable 3.12.1-6 arm64
  test matrix generators of LAPACK - development files (64bit-index)

libtogl-dev/stable 2.0-3 all
  Tk OpenGL widget - development files

libtogl2/stable 2.0-3 arm64
  Tk OpenGL widget

libtracker-sparql-3.0-dev/stable 3.8.2-7 arm64
  metadata database, indexer and search tool - old dev files

libtree-r-perl/stable 0.072-3 all
  Perl extension for the R-tree data structure and algorithms

libtrilinos-amesos2-13.2/stable 13.2.0-6+b4 arm64
  next generation direct sparse solver package - runtime files

libtrilinos-amesos2-dev/stable 13.2.0-6+b4 arm64
  next generation direct sparse solver package - development files

libucto-dev/stable 0.35-2+b1 arm64
  Unicode Tokenizer - development

libucto6/stable 0.35-2+b1 arm64
  Unicode Tokenizer - runtime

libvcflib-dev/stable 1.0.12+dfsg-1 arm64
  C++ library for parsing and manipulating VCF files (development)

libvcflib-tools/stable 1.0.12+dfsg-1 arm64
  C++ library for parsing and manipulating VCF files (tools)

libvcflib2/stable 1.0.12+dfsg-1 arm64
  C++ library for parsing and manipulating VCF files

libvmime1-doc/stable 0.9.2-9 all
  C++ mail library (API documentation)

libvolk-doc/stable 3.2.0-2 all
  vector optimized library documentation

libwordnet-querydata-perl/stable 1.49-2 all
  Perl interface to WordNet database

libwww-indexparser-perl/stable 0.91-2 all
  fetch and parse the directory index from a web server

libxapian-dev/stable 1.4.29-3 arm64
  Development files for Xapian search engine library

libxapian-java/stable 1.4.29-1 all
  Xapian search engine interface for Java

libxapian-java-doc/stable 1.4.29-1 all
  Xapian search engine interface for Java (documentation)

libxapian-jni/stable 1.4.29-1 arm64
  Xapian search engine interface for Java (JNI library)

libxapian30/stable 1.4.29-3 arm64
  Search engine library

libxml-grove-perl/stable 0.46alpha-14 all
  Perl module for accessing parsed *ML instances

libxxsds-dynamic-dev/stable 1.0~alpha.1+git20210426.548c6f7-2 all
  succinct and compressed fully-dynamic data structures library

linux-doc-6.12/stable 6.12.94-1 all
  Linux kernel specific documentation for version 6.12

locate/stable 4.10.0-3 arm64
  maintain and query an index of a directory tree

lua-say/stable 1.4.1-2 all
  Lua string hashing/indexing library

maildir-utils/stable 1.12.9-1 arm64
  Set of utilities to deal with Maildirs (upstream name mu)

mairix/stable 0.24-2+b1 arm64
  indexes and searches locally-stored email

makepatch/stable 2.03-4 all
  generate/apply patch files with more functionality than plain diff

man2html/stable 1.6g-16+b2 arm64
  browse man pages in your web browser

manuskript/stable 0.16.1-2 all
  open-source tool for writers

mapnik-utils/stable 4.0.7+ds-1 arm64
  C++ toolkit for developing GIS applications (utilities)

maqview/stable 0.2.5-12 arm64
  graphical read alignment viewer for short gene sequences

mdfinder.app/stable 1.1.0-2 arm64
  GNUstep Finder and system-wide search system

mercurial/stable 7.0.1-2 arm64
  easy-to-use, scalable distributed version control system

mew-beta-bin/stable 7.0.50~6.8+0.20221129-4+b2 arm64
  external commands for Mew (development version)

mew-bin/stable 1:6.8-17+b1 arm64
  external commands for Mew

mhonarc/stable 2.6.24-1 all
  Mail to HTML converter

micro-httpd/stable 20140814-3+b1 arm64
  really small HTTP server

miller/stable 6.13.0-1 arm64
  name-indexed data processing tool

miscfiles/stable 1.5+dfsg-5 all
  Dictionaries and other interesting files

mkdocs-material-extensions/stable 1.3.1-1 all
  Markdown extension resources for MkDocs for Material

mkdocs-section-index/stable 0.3.10-1 all
  Plugin for MkDocs to allow clickable sections that lead to an index page

mod-musicindex-common/stable 1.4.1-4 all
  Common files for mod-musicindex

mopidy-local/stable 3.2.1-1 all
  Mopidy extension for playing music from your local music archive

moria/stable 5.7.13-1.1 arm64
  Rogue-like game with an infinite dungeon, also known as umoria

mtbl-bin/stable 1.6.1-1+b1 arm64
  immutable sorted string table library (utilities)

mtpaint/stable 3.50.11-1 arm64
  painting program to create pixel art and manipulate digital photos

mysqltuner/stable 2.6.0-1 all
  high-performance MySQL tuning script

namazu2/stable 2.0.21-25+b1 arm64
  full text search engine - binary and CGI script

namazu2-index-tools/stable 2.0.21-25 all
  full text search engine - index handling tools

navit/stable 0.5.6+dfsg.1-4 arm64
  Car navigation system with routing engine

ncdt/stable 2.1-7+b1 arm64
  Display directory tree

neomutt/stable 20250510+dfsg-2 arm64
  command line mail reader based on Mutt, with added features

nginx-core/stable 1.26.3-3+deb13u7 all
  nginx web/proxy server (standard version)

nginx-extras/stable 1.26.3-3+deb13u7 arm64
  nginx web/proxy server (extended version)

nginx-full/stable 1.26.3-3+deb13u7 all
  nginx web/proxy server (standard version with 3rd parties)

nginx-light/stable 1.26.3-3+deb13u7 all
  nginx web/proxy server (basic version)

nmzmail/stable 1.1-5 arm64
  indexes and searches email in maildir folders

node-array-find-index/stable 1.0.2+~1.0.0-1 all
  ES2015 Array

node-babel-plugin-array-includes/stable 2.0.3-3 all
  Babel plugin to replace the array includes syntax

node-backbone/stable 1.4.1~dfsg+~1.4.15-3 all
  some Backbone for JavaScript applications - Node module

node-clarinet/stable 0.12.4+dfsg-3 all
  evented streaming JSON parser - Node.js module

node-concat-map/stable 0.0.2+~0.0.1-1 all
  concatenative mapdashery for Node.js

node-d3-collection/stable 1.0.7+~1.0.10-1 all
  Handy data structures for elements keyed by string

node-is-arrayish/stable 0.3.2-3 all
  Determines if an object can be used as an array

node-locate-character/stable 2.0.5+repack-5 all
  Helper to find the line and column of a character in a string

node-lunr/stable 2.3.9~dfsg-2 all
  simple full-text search - Node.js

node-match-at/stable 0.1.1-2 all
  Relocatable regular expressions

node-music-library-index/stable 2.1.0-3 all
  build a searchable object model given track metadata objects - Node.js module

node-rollup-pluginutils/stable 5.0.2~ds+~2.8.2-1 all
  Base functionality for rollup plugins

node-serve-index/stable 1.9.1-6 all
  directory listings middleware for Node.js

node-underscore/stable 1.13.4~dfsg+~1.11.4-3 all
  JavaScript's functional programming helper library - NodeJS

node-winston/stable 3.8.2-1 all
  Logger for just about everything (for Nodejs)

notmuch/stable 0.39-1 arm64
  thread-based email index, search and tagging

notmuch-addrlookup/stable 10-1+b2 arm64
  Address lookup tool for Notmuch

notmuch-doc/stable 0.39-1 all
  thread-based email index, search and tagging

notmuch-git/stable 0.39-1 all
  thread-based email index, search and tagging

notmuch-mutt/stable 0.39-1 all
  thread-based email index, search and tagging (Mutt interface)

notmuch-vim/stable 0.39-1 all
  thread-based email index, search and tagging (vim interface)

nzbget/stable 21.0+dfsg-4+b2 arm64
  command-line based binary newsgrabber for nzb files

octave-financial/stable 0.5.3-5 all
  financial package for Octave

open-infrastructure-service-tools/stable 20240930-1 all
  additional tools to ease system administration and integration

opengnb/stable 1.6.0.a-2 arm64
  P2P de-centralized layer 3 VPN

orthanc-imagej/stable 1.2+dfsg-4 all
  ImageJ plugin to import images from Orthanc

osmcoastline/stable 2.4.1-1 arm64
  Extract coastline data from OpenStreetMap planet file

osmium-tool/stable 1.18.0-1 arm64
  Command line tool for working with OpenStreetMap data

paperwork-backend/stable 2.2.5-3 all
  Personal document manager

paperwork-backend-doc/stable 2.2.5-3 all
  Paperwork is a personal document manager - backend documentation

paperwork-gtk/stable 2.2.5-3 all
  Paperwork is a personal document manager - GTK3 frontend

paperwork-gtk-l10n-de/stable 2.2.5-3 all
  Gui for paperwork-backend - German localization

paperwork-gtk-l10n-en/stable 2.2.5-3 all
  Gui for paperwork-backend - English localization

paperwork-gtk-l10n-es/stable 2.2.5-3 all
  Gui for paperwork-backend - Spanish localization

paperwork-gtk-l10n-fr/stable 2.2.5-3 all
  Gui for paperwork-backend - French localization

paperwork-gtk-l10n-oc/stable 2.2.5-3 all
  Gui for paperwork-backend - Occitan localization

paperwork-gtk-l10n-uk/stable 2.2.5-3 all
  Gui for paperwork-backend - Ukrainian localization

parsero/stable 0.0+git20140929.e5b585a-7 all
  Audit tool for robots.txt of a site

pasco/stable 20040505-4+b1 arm64
  Internet Explorer cache forensic analysis tool

pd-ableton-link/stable 0.6~ds0-7+b1 arm64
  integration of Ableton Link into Pure Data

pd-xsample/stable 0.3.2+git20170905.1.4441ae5-7+b1 arm64
  extended sample objects for Pure Data

percona-toolkit/stable 3.2.1-1 all
  Command-line tools for MySQL and system tasks

perlindex/stable 1.606-6 all
  Perl manual pages index and query application

petsc64-dev/stable 3.22.5+dfsg1-2 all
  Virtual package depending on latest 64-bit PETSc development package

pgloader/stable 3.6.10-4 arm64
  extract, transform and load data into PostgreSQL

pgstat/stable 1.4.0-1 arm64
  Collects PostgreSQL statistics the same way as a vmstat tool

phipack/stable 0.0.20160614-5+b1 arm64
  PHI test and other tests of recombination

php-maxminddb/stable 1.12.0-1 all
  Reader for the MaxMind DB file format for PHP

php-maxminddb-all-dev/stable 1.12.0-1 all
  Reader for the MaxMind DB file format for PHP

php-symfony-esendex-notifier/stable 6.4.41+dfsg-0+deb13u1 all
  Symfony Esendex Notifier Bridge

php8.4-maxminddb/stable 1.12.0-1 arm64
  Reader for the MaxMind DB file format for PHP

phpmyadmin/stable 4:5.2.2-really+dfsg-1+deb13u1 all
  MySQL web administration tool

phppgadmin/stable 7.14.7+dfsg-1 all
  web-based administration tool for PostgreSQL

picard-tools/stable 3.3.0+dfsg-2 all
  Command line tools to manipulate SAM and BAM files

pinot/stable 1.22-1+b1 arm64
  meta-search engine for local files and web queries

piperka-client/stable 0.2.2-1+b3 arm64
  Mobile oriented web comics reader client

pixz/stable 1.0.7-4 arm64
  parallel, indexing XZ compressor/decompressor

plocate/stable 1.1.23-1 arm64
  much faster locate

postgresql-17-debversion/stable 1.2.0-2 arm64
  Debian version number type for PostgreSQL

postgresql-17-h3/stable 4.2.2-1 arm64
  PostgreSQL bindings for H3, a hierarchical hexagonal geospatial indexing system

postgresql-17-hypopg/stable 1.4.1-2 arm64
  PostgreSQL extension adding support for hypothetical indexes.

postgresql-17-jsquery/stable 1.2-2 arm64
  PostgreSQL JSON query language with GIN indexing support

postgresql-17-pg-qualstats/stable 2.1.1-1 arm64
  PostgreSQL extension to gather statistics about predicates.

postgresql-17-pgfaceting/stable 0.2.0-4 all
  Faceted query acceleration for PostgreSQL using roaring bitmaps

postgresql-17-pgpcre/stable 0.20190509-8 arm64
  Perl Compatible Regular Expressions (PCRE) extension for PostgreSQL

postgresql-17-plpgsql-check/stable 2.8.1-1 arm64
  plpgsql_check extension for PostgreSQL

postgresql-17-prefix/stable 1.2.10-3 arm64
  Prefix Range module for PostgreSQL

postgresql-17-q3c/stable 2.0.1-4 arm64
  PostgreSQL 17 extension used for indexing the sky

postgresql-17-repack/stable 1.5.2-1 arm64
  reorganize tables in PostgreSQL databases with minimal locks

postgresql-17-rum/stable 1.3.14-2 arm64
  PostgreSQL RUM access method

postgresql-17-squeeze/stable 1.8.0-1 arm64
  PostgreSQL extension for automatic bloat cleanup

postgresql-common-dev/stable 278 all
  extension build tool for multiple PostgreSQL versions

postgresql-filedump/stable 17.4-1 arm64
  Dump PostgreSQL files in human-readable form

printer-driver-indexbraille/stable 1.2.3-5+b1 arm64
  CUPS printing to Index Braille printers

profile-cleaner/stable 2.45-3 all
  Reduces browser profile size by cleaning their sqlite databases

pxlib-dev/stable 0.6.9-1 arm64
  library to read/write Paradox database files (development files)

pxlib1/stable 0.6.9-1 arm64
  library to read/write Paradox database files

pyfastx/stable 2.2.0-1+b1 arm64
  fast random access to sequences from FASTA/Q file - command

pynx/stable 2025.1-2 all
  Python tools for Nano-structures Crystallography (Scripts)

python-cai-doc/stable 1.0.4-1 all
  Python Codon Adaptation Index (common documentation)

python-django-postgres-extra-doc/stable 2.0.8-2 all
  Extended PostgreSQL for Django (Documentation)

python-elasticsearch-curator-doc/stable 8.0.21-1 all
  Python library for managing Elasticsearch time-series indices (documentation)

python-h5py-doc/stable 3.13.0-1 all
  documentation for h5py

python-hiera-doc/stable 0.0.1+20190629-2 all
  Documentation of the Python interface for the hiera hierarchical database

python-jellyfish-doc/stable 1.2.0-1 all
  Library for approximate and phonetic matching of strings (documentation)

python-lunr-doc/stable 0.8.0-1 all
  Python implementation of Lunr.js (Documentation)

python-maxminddb-doc/stable 2.6.3-1 all
  Python module for reading the MaxMind DB format (documentation)

python-pairix-examples/stable 0.3.8-1 all
  1D/2D indexing and querying with a pair of genomic coordinates (examples)

python-procset-doc/stable 1.0-2 all
  Pure Python implementation of the interval set data structure (doc)

python-pyfaidx-examples/stable 0.8.1.3-2 all
  example data for efficient random access to fasta subsequences for Python

python-pynx-doc/stable 2025.1-2 all
  Python tools for Nano-structures Crystallography (common documentation)

python-radon-doc/stable 6.0.1+ds1-4 all
  Python tool to compute code metrics (common documentation)

python-searchlightclient-doc/stable 2.1.1-4 all
  OpenStack Indexing and Search API Client Library - doc

python-sortedcollections-doc/stable 2.1.0-2 all
  Python documentation for Sorted Collections

python-whoosh-doc/stable 2.7.4+git6-g9134ad92-10 all
  full-text indexing, search, and spell checking library (doc)

python3-adext/stable 0.4.3-3 all
  AlarmDecoder extended

python3-aenum/stable 3.1.15-2 all
  Advanced Enumerations, NamedTuples, and NamedConstants

python3-aiohttp-fast-url-dispatcher/stable 0.3.1-3 all
  Enhanced URL dispatcher for aiohttp for improved performance

python3-airgradient/stable 0.9.2-1 all
  Asynchronous client for AirGradient devices

python3-ament-index/stable 1.10.1-1 all
  Fast resource indexing for ROS 2 packages (Python 3 module)

python3-aqipy/stable 0.4.1-2 all
  Library for live Air Quality Indices (AQI)

python3-biomaj3/stable 3.1.24-2 all
  BioMAJ workflow management library

python3-biomaj3-cli/stable 3.1.11-5 all
  BioMAJ client

python3-biomaj3-core/stable 3.0.28-4 all
  BioMAJ core library - Python 3.X

python3-biomaj3-daemon/stable 3.0.24-3 all
  BioMAJ daemon library

python3-biomaj3-download/stable 3.2.12-2 all
  BioMAJ download management library

python3-biomaj3-process/stable 3.0.19-3 all
  BioMAJ process management library

python3-biomaj3-user/stable 3.0.12-2 all
  BioMAJ user management library

python3-bx/stable 0.13.0-1+b3 arm64
  library to manage genomic data and its alignment

python3-cai/stable 1.0.4-1 all
  Python Codon Adaptation Index (Python 3)

python3-cctbx/stable 2024.10+ds2+~3.22.1+ds1-5 arm64
  Python Toolbox for crystallography

python3-celery-haystack-ng/stable 2.0.1-1 all
  utilize Celery to update Haystack search indexes

python3-collections-extended/stable 2.0.2-2 all
  Extra Python Collections - bags, setlists, RangeMap and IndexedDict

python3-cyarray/stable 1.1-9+b3 arm64
  Fast, typed, resizable, Cython array

python3-datacache/stable 1.4.1-2 all
  helpers for transparently downloading datasets

python3-dbf/stable 0.96.005-2 all
  Python module for reading and writing dbf files (Python 3)

python3-django-adminplus/stable 0.6-2 all
  Easily add custom views to the Django admin (Python3 version)

python3-django-postgres-extra/stable 2.0.8-2 all
  Extended PostgreSQL for Django (Python3 version)

python3-docxtpl/stable 0.20.0+dfsg-1 all
  Python DOCX template engine

python3-dolfin/stable 2019.2.0~legacy20240219.1c52e83-18+b2 arm64
  Base Python interface for DOLFIN (Python 3)

python3-dolfin-real/stable 2019.2.0~legacy20240219.1c52e83-18+b2 arm64
  Python interface for DOLFIN

python3-dolfin64-real/stable 2019.2.0~legacy20240219.1c52e83-18+b2 arm64
  Python interface for DOLFIN (with 64-bit PETSc integers)

python3-dotty-dict/stable 1.3.1-2 all
  Dictionary wrapper for quick access to deeply nested keys

python3-elasticsearch-curator/stable 8.0.21-1 all
  Python 3 library for managing Elasticsearch time-series indices

python3-esmre/stable 1.0.1-5+b2 arm64
  Regular expression acceleration in Python3

python3-extractor/stable 1:0.6-16 all
  extracts meta-data from files of arbitrary type (Python bindings)

python3-genometools/stable 1.6.5+ds-2.2 all
  Python3 bindings for genometools

python3-h5py/stable 3.13.0-1 all
  general-purpose Python interface to hdf5

python3-h5py-mpi/stable 3.13.0-1+b1 arm64
  general-purpose Python interface to hdf5 (Python 3 MPI)

python3-h5py-serial/stable 3.13.0-1+b1 arm64
  general-purpose Python interface to hdf5 (Python 3 serial)

python3-hisat2/stable 2.2.1-5 all
  Python scripts accompanying hisat2

python3-importmagic/stable 0.1.7-7 all
  automagically add, remove and manage Python 3 imports

python3-indexed/stable 1.3.0-2 all
  Python dictionary indexed by insertion order

python3-indexed-gzip/stable 1.8.7-3+b3 arm64
  fast random access of gzip files in Python

python3-jellyfish/stable 1.2.0-1 arm64
  Library for approximate and phonetic matching of strings (Python 3)

python3-libmsiecf/stable 20181227-3 arm64
  Microsoft Internet Explorer Cache File access library -- Python 3 bindings

python3-lunr/stable 0.8.0-1 all
  Python implementation of Lunr.js (Python3 version)

python3-maxminddb/stable 2.6.3-1+b1 arm64
  Python 3 module for reading the MaxMind DB format

python3-meteocalc/stable 1.1.0-2 all
  Python library for calculating meteorological variables

python3-mpi4py-fft/stable 2.0.6-2 arm64
  a Python package for computing Fast Fourier Transforms (FFTs) with MPI

python3-mpi4py-fft-doc/stable 2.0.6-2 all
  a Python package for computing Fast Fourier Transforms (FFTs) with MPI (docs)

python3-mshr/stable 2019.2.0~git20230811.ff54a68+dfsg1-4 all
  Python 3 interface for mshr

python3-mshr64-real/stable 2019.2.0~git20230811.ff54a68+dfsg1-4+b3 arm64
  Python 3 interface for mshr with 64-bit indexing

python3-multi-key-dict/stable 2.0.3-2 all
  Multi key dictionary implementation - Python 3.x

python3-networkmanager/stable 2.2-3 all
  Python 3 interface to the NetworkManager D-Bus interface

python3-notmuch2/stable 0.39-1 arm64
  Python 3 interface to the notmuch mail search and index library

python3-numpy-groupies/stable 0.10.2-2 all
  performs operations on/with subsets of n-dim arrays

python3-pairix/stable 0.3.8-1+b2 arm64
  1D/2D indexing and querying with a pair of genomic coordinates

python3-peakutils/stable 1.3.4+ds-3 all
  utilities for detecting peaks in 1D data

python3-petsc4py-64-complex/stable 3.22.4-1 all
  Python 3 bindings for 64-bit PETSc libraries (complex numbers)

python3-petsc4py-64-complex3.22/stable 3.22.4-1 arm64
  Python 3 bindings for 64-bit PETSc 3.22 libraries (complex numbers)

python3-petsc4py-64-real/stable 3.22.4-1 all
  Python 3 bindings for 64-bit PETSc libraries (real numbers)

python3-petsc4py-64-real3.22/stable 3.22.4-1 arm64
  Python 3 bindings for 64-bit PETSc 3.22 libraries (real numbers)

python3-procset/stable 1.0-2 all
  Pure Python implementation of the interval set data structure

python3-pybel/stable 0.15.5-1 all
  Biological Expression Language

python3-pyfaidx/stable 0.8.1.3-2 all
  efficient random access to fasta subsequences for Python 3

python3-pyfastx/stable 2.2.0-1+b1 arm64
  fast random access to sequences from FASTA/Q file - python3 module

python3-pynx/stable 2025.1-2 arm64
  Python tools for Nano-structures Crystallography (Python 3)

python3-pyopenuv/stable 2023.12.0-2 all
  Library to access UV and ozone data from OpenUV

python3-pyside6.qt3dextras/stable 6.8.2.1-4 arm64
  Python bindings for Qt 6 3DExtras module (Python 3)

python3-pysolr/stable 3.8.1-1.1 all
  lightweight Python3 wrapper for querying Apache Solr

python3-raccoon/stable 3.2.1-1 all
  Python DataFrame with fast insert and appends (Python 3)

python3-rtree/stable 1.4.0-1 all
  R-Tree spatial index for Python GIS - Python 3 module

python3-searchlightclient/stable 2.1.1-4 all
  OpenStack Indexing and Search API Client Library - Python 3.x

python3-shippinglabel/stable 2.2.0+dfsg-2 all
  Utilities for handling packages

python3-sievelib/stable 1.4.2-1 all
  Client-side Sieve and Managesieve library (Python3 version)

python3-siridb-connector/stable 2.0.8-1 all
  Python3 interface for the SiriDB time series database server

python3-slepc4py-64-complex/stable 3.22.2-1 all
  Python 3 bindings for 64-bit SLEPc libraries (complex numbers)

python3-slepc4py-64-complex3.22/stable 3.22.2-1+b1 arm64
  Python 3 bindings for 64-bit SLEPc 3.22 libraries (complex numbers)

python3-slepc4py-64-real/stable 3.22.2-1 all
  Python 3 bindings for SLEPc 64-bit libraries (real numbers)

python3-slepc4py-64-real3.22/stable 3.22.2-1+b1 arm64
  Python 3 bindings for 64-bit SLEPc 3.22 libraries (real numbers)

python3-sortedcollections/stable 2.1.0-2 all
  Python 3 Sorted Collections

python3-sqlite-fts4/stable 1.0.3-2 all
  Document scoring Python library for SQLite FTS4

python3-sqt/stable 0.8.0-9 arm64
  SeQuencing Tools for biological DNA/RNA high-throughput data

python3-stookwijzer/stable 1.6.1-1 all
  Library for querying Stookwijzer and Luchtmeetnet APIs

python3-tldextract/stable 5.1.2-1 all
  Python library for separating TLDs

python3-torch-scatter/stable 2.1.2-4 arm64
  PyTorch Extension Library of Optimized Scatter Operations

python3-whoosh/stable 2.7.4+git6-g9134ad92-10 all
  pure-Python full-text indexing, search, and spell checking library (Python 3)

python3-xapian/stable 1.4.29-1 arm64
  Xapian search engine interface for Python3

python3-zlmdb/stable 22.6.1-3 all
  Object-relational in-memory database layer based on LMDB

qml-module-mediascanner/stable 0.118-1 arm64
  QML plugin for the Media Scanner

qml6-module-org-kde-baloo/stable 6.13.0-1 arm64
  framework for file search and metadata management - QML module

qtads/stable 3.4.0+dfsg-1+b3 arm64
  Qt HTML interpreter for TADS

r-bioc-alabaster.se/stable 1.6.0+ds-2 all
  Load and Save SummarizedExperiments from File

r-bioc-dexseq/stable 1.52.0+dfsg-2 all
  GNU R inference of differential exon usage in RNA-Seq

r-bioc-eir/stable 1.46.0+ds-2 arm64
  Accelerated similarity searching of small molecules

r-bioc-htsfilter/stable 1.46.0+dfsg-2 all
  GNU R filter replicated high-throughput transcriptome sequencing data

r-bioc-multiassayexperiment/stable 1.32.0+dfsg-2 all
  Software for integrating multi-omics experiments in BioConductor

r-bioc-rsamtools/stable 2.22.0+dfsg-2 arm64
  GNU R binary alignment (BAM), variant call (BCF), or tabix file import

r-bioc-summarizedexperiment/stable 1.36.0+dfsg-2 all
  BioConductor assay container

r-cran-bit/stable 4.6.0+dfsg-1 arm64
  GNU R class for vectors of 1-bit booleans

r-cran-clustergeneration/stable 1.3.8-1 all
  GNU R random cluster generation (with specified degree of separation)

r-cran-ff/stable 4.5.2+ds-1 arm64
  Memory-Efficient Fast-Access Storage of Large Data

r-cran-fpc/stable 2.2-13-1 all
  GNU R flexible procedures for clustering

r-cran-gclus/stable 1.3.2-2 all
  GNU R clustering graphics

r-cran-genie/stable 1.0.5-2+b1 arm64
  GNU R fast, robust, and outlier resistant hierarchical clustering

r-cran-genieclust/stable 1.1.6-1 arm64
  GNU R Genie++ Hierarchical Clustering Algorithm with Noise Points Detection

r-cran-gridextra/stable 2.3-3 all
  GNU R package with extensions for the grid package

r-cran-listenv/stable 0.9.1+dfsg-1 all
  R package: Environments Behaving (Almost) as Lists

r-cran-multicool/stable 1.0.1-1+b1 arm64
  GNU R permutations of multisets in Cool-Lex order

r-cran-nloptr/stable 2.2.1-2 arm64
  GNU R package for interface to NLopt

r-cran-patchwork/stable 1.3.0-1 all
  GNU R the composer of plots

r-cran-pixmap/stable 0.4-13-1 all
  GNU R bitmap images (Pixel Maps)

r-cran-slam/stable 0.1-55-1 arm64
  GNU R sparse lighweight arrays and matrices package

r-cran-slider/stable 0.3.2-1 arm64
  GNU R sliding window functions

r-cran-spdep/stable 1.3-5+dfsg-1+b1 arm64
  GNU R spatial dependence: weighting schemes, statistics and models

r-cran-stringdist/stable 0.9.15-1 arm64
  GNU R approximate string matching and string distance functions

r-cran-tgp/stable 2.4-23-1 arm64
  GNU R Bayesian treed Gaussian process models

r-cran-vcdextra/stable 0.8-5-1 all
  GNU R package providing extensions and additions to the vcd package

r-cran-vroom/stable 1.6.5-1+b1 arm64
  GNU R package for Read and Write Rectangular Text Data Quickly

r-cran-wdi/stable 2.7.8-1 all
  GNU R package for accessing the World Development Indicators

r-cran-zoo/stable 1.8-14-1 arm64
  GNU R package for totally ordered indexed observations

radon/stable 6.0.1+ds1-4 all
  Python tool to compute code metrics (Python3)

raritan-json-rpc-doc/stable 4.3.0+ds-1 all
  Documentation for Raritan Xerus™ JSON-RPC SDK

rclone/stable 1.60.1+dfsg-4 arm64
  rsync for commercial cloud storage

rdp-readseq/stable 2.0.2-9 all
  Ribosomal Database Project (RDP) sequence reading and writing

recoll/stable 1.43.0-1 all
  Personal full text search package

recollgui/stable 1.43.0-1 arm64
  GUI program and elements for recoll

roguenarok/stable 1.0.1-3+b1 arm64
  versatile and scalable algorithm for rogue taxon identification

roundcube-plugin-message-highlight/stable 4.4-1 all
  message_highlight plugin for Roundcube Webmail

rtags/stable 2.38-12+b2 arm64
  C/C++ client/server indexer with integration for Emacs

rubber/stable 1.6.7-1 all
  automated system for building LaTeX documents

ruby-bindex/stable 0.8.1+ds-2+b3 arm64
  bindings for Ruby exceptions

ruby-cassiopee/stable 0.1.13-2 all
  Library to index strings and to search with exact or approximate match

ruby-chunky-png/stable 1.4.0-1 all
  pure Ruby library for read/write, chunk-level access to PNG files

ruby-classifier/stable 1.3.4-4 all
  Ruby module to allow Bayesian and other types of classifications

ruby-classifier-reborn/stable 2.2.0-3 all
  Successor of Ruby::Classifier

ruby-dbf/stable 4.3.2-1 all
  small fast Ruby library for reading database files

ruby-git/stable 1.13.1-1 all
  Ruby interface to the Git revision control system

ruby-jekyll-readme-index/stable 0.3.0-2 all
  plugin to render a README as site index

ruby-jekyll-seo-tag/stable 2.8.0-2 all
  Jekyll plugin to add metadata tags

ruby-notmuch/stable 0.39-1 arm64
  Ruby interface to the notmuch mail search and index library

ruby-numru-misc/stable 0.1.2-3 all
  Miscellaneous functions and classes to help Ruby programming

ruby-sdoc/stable 1.1.0-1 all
  RDoc generator to build searchable HTML documentation for Ruby code

ruby-text/stable 1.3.1-1 all
  collection of text algorithms for Ruby

ruby-xapian/stable 1.4.29-1 arm64
  Xapian search engine interface for Ruby

samtools/stable 1.21-1 arm64
  processing sequence alignments in SAM, BAM and CRAM formats

sbws/stable 1.9.0-2 all
  Simple Bandwidth Scanner for the Tor network

scottfree/stable 1.14-12+b1 arm64
  Interpreter for Adventure International games

search-ccsb/stable 0.5-6 all
  BibTeX search tool

sga/stable 0.10.15-7+b1 arm64
  de novo genome assembler that uses string graphs

sim4db/stable 0~20150903+r2013-9+b1 arm64
  batch spliced alignment of cDNA sequences to a target genome

siridb-server/stable 2.0.52-1 arm64
  SiriDB time series database server

sisu/stable 7.3.0-1 all
  documents - structuring, publishing in multiple formats and search

sisu-postgresql/stable 7.3.0-1 all
  SiSU dependencies for use with PostgreSQL database

sisu-sqlite/stable 7.3.0-1 all
  SiSU dependencies for use with SQLite database

slepc64-dev/stable 3.22.2+dfsg1-1 arm64
  Scalable Library for Eigenvalue Problem Computations (64-bit)

smalt/stable 0.7.6-13+b1 arm64
  Sequence Mapping and Alignment Tool

smalt-examples/stable 0.7.6-13 all
  Sequence Mapping and Alignment Tool (examples)

snap-aligner/stable 2.0.3+dfsg-2+b1 arm64
  Scalable Nucleotide Alignment Program

sourmash/stable 4.8.14-3+b1 arm64
  tools for comparing DNA sequences with MinHash sketches

sphinxsearch/stable 2.2.11-8+b5 arm64
  Fast standalone full-text SQL search engine

sqlitebrowser/stable 3.13.0-1+b1 arm64
  GUI editor for SQLite databases

srf-doc/stable 0.1+dfsg-7 all
  specification documents for the SRF format DNA sequence data

surfraw/stable 2.3.0-2 all
  fast unix command line interface to WWW

surfraw-extra/stable 2.3.0-2 all
  extra surfraw search tools with heavy dependencies

swish++/stable 6.1.5-6+b2 arm64
  Simple Document Indexing System for Humans: C++ version

swish-e/stable 2.4.7-6.3 arm64
  Simple Web Indexing System for Humans - Enhanced

swish-e-dev/stable 2.4.7-6.3 arm64
  Simple Web Indexing System for Humans - Enhanced

tabix/stable 1.21+ds-1 arm64
  generic indexer for TAB-delimited genome position files

tarlz/stable 0.27.1-1 arm64
  archiver with multimember lzip compression

tcl-funtools/stable 1.4.8-1.1+b2 arm64
  Minimal buy-in FITS library (Tcl interface)

tcllib/stable 2.0+dfsg-4 all
  Standard Tcl Library

tclodbc/stable 2.5.1-3 arm64
  ODBC extension for Tcl

tclxapian/stable 1.4.29-1 arm64
  Xapian search engine interface for Tcl

tenmado/stable 0.10-5+b1 arm64
  hard-core shoot 'em up game in blue-or-red world

texlive-base/stable 2024.20250309-1 all
  TeX Live: Essential programs and files

texlive-bibtex-extra/stable 2024.20250309-2 all
  TeX Live: BibTeX additional styles

texlive-extra-utils/stable 2024.20250309-2 all
  TeX Live: TeX auxiliary programs

texlive-humanities/stable 2024.20250309-2 all
  TeX Live: Humanities packages

texlive-lang-cyrillic/stable 2024.20250309-1 all
  TeX Live: Cyrillic

texlive-lang-greek/stable 2024.20250309-1 all
  TeX Live: Greek

texlive-lang-japanese/stable 2024.20250309-1 all
  TeX Live: Japanese

texlive-latex-extra/stable 2024.20250309-2 all
  TeX Live: LaTeX additional packages

texlive-latex-recommended/stable 2024.20250309-1 all
  TeX Live: LaTeX recommended packages

texlive-luatex/stable 2024.20250309-1 all
  TeX Live: LuaTeX packages

texlive-science/stable 2024.20250309-2 all
  TeX Live: Mathematics, natural sciences, computer science packages

texlive-xetex/stable 2024.20250309-1 all
  TeX Live: XeTeX and packages

tinysparql/stable 3.8.2-7 arm64
  metadata database, indexer and search tool

tldextract/stable 5.1.2-1 all
  Python tool for separating TLDs

togl-demos/stable 2.0-3 all
  Tk OpenGL widget - demo files

topgit/stable 0.8-3 all
  a Git patch queue manager

toppic/stable 1.5.3+dfsg1-1+b3 arm64
  Top-down proteoform identification and characterization (programs)

toppic-common/stable 1.5.3+dfsg1-1 all
  Top-down proteoform identification and characterization (common data)

tracker/stable 3.8.2-7 all
  metadata database and indexer (transitional package)

tracker-extract/stable 3.8.2-4+b1 arm64
  metadata database, indexer and search tool - metadata extractors

tracker-miner-fs/stable 3.8.2-4 all
  metadata database, indexer and search tool - transitional package

tracker-test-utils/stable 3.8.2-4+b1 arm64
  test utilities for tracker

tryton-modules-account-consolidation/stable 7.0.1-1 all
  Tryton application platform - doc/index.rst

tryton-modules-attendance/stable 7.0.1-3 all
  Tryton application platform - doc/index.rst

tryton-modules-carrier-subdivision/stable 7.0.1-3 all
  Tryton application platform - doc/index.rst

tryton-modules-edocument-unece/stable 7.0.0-3 all
  Tryton application platform - edocument unece module

tryton-modules-purchase-blanket-agreement/stable 7.0.4-1 all
  Tryton application platform - doc/index.rst

tryton-modules-sale-blanket-agreement/stable 7.0.3-1 all
  Tryton application platform - doc/index.rst

txt2man/stable 1.7.1-5 all
  convert flat ASCII text to manpage format

ucto/stable 0.35-2+b1 arm64
  Unicode Tokenizer

uctodata/stable 0.11-2 all
  Data files for Ucto

universal-ctags/stable 5.9.20210829.0-2 arm64
  build tag file indexes of source code definitions

varnish-selector/stable 2.6.0-5.1 arm64
  match strings with backends, regexen and other strings

vbrfix/stable 0.24+dfsg-3 arm64
  corrects MP3 files that have incorrect VBR information

vspline-dev/stable 1.1.7-1 all
  header-only C++ template library for b-spline processing

warmux-servers/stable 1:11.04.1+repack2-5 arm64
  stand alone server and game index server for WarMUX

webext-indie-wiki-buddy-chromium/stable 3.10.1-1 all
  browser extension that redirects you to independent wikis (Chromium)

webext-indie-wiki-buddy-firefox/stable 3.10.1-1 all
  browser extension that redirects you to independent wikis (Firefox)

wmf/stable 1.0.5-8.1+b2 arm64
  Web Mail Folder

wordnet-sense-index/stable 1:3.0-39 all
  electronic lexical database of English language (index)

wxmaxima/stable 24.02.1-1+b3 arm64
  GUI for the computer algebra system Maxima

xapers/stable 0.9.0-4 all
  Personal journal article management and indexing system

xapian-doc/stable 1.4.29-3 all
  Core Xapian documentation

xapian-examples/stable 1.4.29-3 arm64
  Xapian simple example programs

xapian-omega/stable 1.4.29-1 arm64
  CGI search interface and indexers using Xapian

xapian-tools/stable 1.4.29-3 arm64
  Basic tools for Xapian search engine library

xfce4-weather-plugin/stable 0.11.3-1 arm64
  weather information plugin for the Xfce4 panel

xindy/stable 2.5.1.20160104-12 arm64
  index generator for structured documents like LaTeX or SGML

xindy-rules/stable 2.5.1.20160104-12 all
  rule files for xindy

xine-ui/stable 0.99.14+hg20240403-1+b1 arm64
  xine video player, graphical user interface

yt-dlp/stable 2025.04.30-1 all
  downloader of videos from YouTube and other sites

zathura/stable 0.5.11-1 arm64
  document viewer with a minimalistic interface

zathura-cb/stable 0.1.11-1 arm64
  comic book archive support for zathura

zathura-djvu/stable 0.2.10-1 arm64
  DjVu support for zathura

zathura-pdf-poppler/stable 0.3.3-1 arm64
  PDF support for zathura

zathura-ps/stable 0.2.8-1 arm64
  PostScript support for zathura

