
WARNING: apt does not have a stable CLI interface. Use with caution in scripts.

Sorting...
Full Text Search...
cronometer/stable 0.9.9+dfsg1-2 all
  CRON-o-Meter - Exercise and nutrient intake tracker

golang-github-denisenkom-go-mssqldb-dev/stable 0.0~git20170717.0.8fccfc8-7 all
  Microsoft SQL server driver written in go language

hatari/stable 2.5.0+dfsg-1+b1 arm64
  Emulator for the Atari ST, STE, TT, and Falcon computers

itagalog/stable 0.3.1-10 all
  Tagalog dictionary for Ispell

libnet-sip-perl/stable 0.838-1 all
  framework for SIP modules

libswresample-dev/stable 7:7.1.5-0+deb13u1 arm64
  FFmpeg library for audio resampling, rematrixing etc. - development files

libswresample5/stable,now 7:7.1.5-0+deb13u1 arm64 [installed,automatic]
  FFmpeg library for audio resampling, rematrixing etc. - runtime files

omnidb-server/stable 3.0.3b+ds-6 all
  Web tool for database management

python-pg8000-doc/stable 1.31.2-1 all
  transitional package

python3-oralb-ble/stable 0.18.0-3 all
  Bluetooth library for Oral-B devices

python3-pg8000/stable 1.31.2-1 all
  Pure-Python PostgreSQL Driver (Python 3)

python3-rdflib-sqlalchemy/stable 0.5.4+git99f4689-2 all
  RDFLib store using SQLAlchemy dbapi as back-end

vcfanno/stable 0.3.5+ds-2+b9 arm64
  annotate a VCF with other VCFs/BEDs/tabixed files

