
WARNING: apt does not have a stable CLI interface. Use with caution in scripts.

Sorting...
Full Text Search...
ats2-lang/stable 0.4.2-3 arm64
  ATS version 2 programming language compiler

cl-pipes/stable 1.2.1-5.2 all
  Common Lisp library for pipes or streams

cl-reversi/stable 1.0.16-1 all
  Reversi game for Common Lisp

elpa-ats2-mode/stable 0.4.2-3 all
  ATS version 2 programming language emacs mode

elpa-org-d20/stable 0.6-2 all
  Emacs minor mode for d20 tabletop roleplaying games

gdsiiconvert/stable 0.2+ds.1-1+b2 arm64
  Convert GDSII geometries and report geometry statistics

gmsh/stable 4.13.1+ds1-6 arm64
  Three-dimensional finite element mesh generator

gmsh-doc/stable 4.13.1+ds1-6 all
  Three-dimensional finite element mesh generator documentation

gmsl/stable 1.1.9-1 all
  extra functions to extend functionality of GNU Makefiles

golang-github-tjfoc-gmsm-dev/stable 1.3.0+ds-4 all
  GM SM2/3/4 library based for Golang

hyphy-common/stable 2.5.69+dfsg-1 all
  Hypothesis testing using Phylogenies (common files)

hyphy-mpi/stable 2.5.69+dfsg-1 arm64
  Hypothesis testing using Phylogenies (MPI version)

hyphy-pt/stable 2.5.69+dfsg-1 arm64
  Hypothesis testing using Phylogenies (pthreads version)

kephra/stable 0.4.3.34+dfsg-4 all
  gui text editor along Perl alike Paradigms

libglobalarrays-dev/stable 5.9.2-1 arm64
  Distributed Shared-Memory Programming Environment (development)

libgmsh-dev/stable 4.13.1+ds1-6 arm64
  Three-dimensional finite element mesh generator development files

libgmsh-private-headers-dev/stable 4.13.1+ds1-6 arm64
  Three-dimensional finite element mesh generator development files

libgmsh4.13/stable 4.13.1+ds1-6 arm64
  Three-dimensional finite element mesh generator shared library

libgnuradio-digital3.10.12/stable 3.10.12.0-1 arm64
  gnuradio digital communications functions

libjreen-qt5-1/stable 1.2.0+ds-4 arm64
  powerful Jabber/XMPP library implemented in Qt5/C++

libjreen-qt5-dev/stable 1.2.0+ds-4 arm64
  powerful Jabber/XMPP library (Qt5 build) - development files

libpgobject-util-dbmethod-perl/stable 1.01.000-1 all
  object mappings for the PGObject Framework

meshio-tools/stable 7.0.0-really-5.3.5-6 all
  command-line tools for meshio

octave-geometry/stable 4.1.0-1+b2 arm64
  extension of MatGeom functionality in Octave

octave-msh/stable 1.0.12-1 all
  create and manage meshes for FE or FV solvers in Octave

ogmtools/stable 1:1.5-6 arm64
  Tools for manipulating Ogg multimedia streams

python-pygmsh-doc/stable 7.1.17-8 all
  combine the power of Gmsh with the versatility of Python (docs)

python3-gmsh/stable 4.13.1+ds1-6 all
  Three-dimensional finite element mesh generator Python 3 wrapper

python3-meshio/stable 7.0.0-really-5.3.5-6 all
  library for reading and writing mesh data (Python 3)

python3-meshzoo/stable 0.9.4-1 all
  simple geometric meshes (Python 3)

python3-pygmsh/stable 7.1.17-8 all
  combine the power of Gmsh with the versatility of Python

python3-usb-devices/stable 0.4.5-2 all
  Tools for mapping, describing, and resetting USB devices

python3-vedo/stable 2025.5.3-1 all
  Python module for 3D scientific visualization with VTK

