
WARNING: apt does not have a stable CLI interface. Use with caution in scripts.

Sorting...
Full Text Search...
3d-ascii-viewer/stable 1.4.0+git20240503+ds-2 arm64
  Viewer of 3D models in ASCII

9base/stable 1:6-14+b1 arm64
  Plan 9 userland tools

a2boot/stable 4.2.3~ds-1+deb13u2 arm64
  AppleTalk Network Suite (Apple II NetBoot)

aa3d/stable 1.0-8.3 arm64
  ASCII art stereogram generator

aasvg/stable 0.3.2-1 all
  Convert ASCII art diagrams into SVG

aewan/stable 1.0.01-6 arm64
  ASCII-art Editor Without A Name

afio/stable 2.5.2-3+b2 arm64
  archive file manipulation program

aft/stable 2:5.098-7 all
  "free form" document preparation system

alfa/stable 2.2-1+b3 arm64
  Automated Line Fitting Algorithm

ampliconnoise/stable 1.29-15+b1 arm64
  removal of noise from 454 sequenced PCR amplicons

angband/stable 1:4.2.5+dfsg1-3 arm64
  Single-player, text-based, dungeon simulation game

angband-data/stable 1:4.2.5+dfsg1-3 all
  Game data for angband

ansilove/stable 4.2.0-2+b1 arm64
  ANSI and ASCII art to PNG converter

apsfilter/stable 7.2.6-5 all
  Magic print filter with automatic file type recognition

ascii/stable 3.18-5+b1 arm64
  interactive ASCII name and synonym chart

ascii-patrol/stable 1.7+dfsg-1+b1 arm64
  ASCII game inspired by Moon Patrol

ascii2binary/stable 2.14-1.1+b1 arm64
  Convert between ASCII, hexadecimal and binary representations

asciiart/stable 0.3.0-3 all
  command line tool to turn images into ASCII art

asciidoc/stable 10.2.1-1 all
  Highly configurable text format for writing documentation

asciidoc-base/stable 10.2.1-1 all
  Minimal version of asciidoc not suitable for pdf

asciidoc-common/stable 10.2.1-1 all
  Basic data and configuration files for asciidoc

asciidoc-dblatex/stable 10.2.1-1 all
  Asciidoc package including dblatex dependencies

asciidoc-fop/stable 10.2.1-1 all
  Asciidoc package including fop dependencies

asciidoc-tests/stable 10.2.1-1 all
  Test framework for asciidoc

asciidoctor/stable 2.0.23-1 all
  AsciiDoc to HTML rendering for Ruby

asciidoctor-doc/stable 2.0.23-1 all
  AsciiDoc to HTML rendering for Ruby (documentation)

asciijump/stable 1.0.2~beta-11+b1 arm64
  Small and funny ASCII-art game about ski jumping

asciinema/stable 2.4.0-1 all
  Record and share your terminal sessions, the right way

astap/stable 2024.05.01-1 arm64
  astrometric (plate) solver, stacking of images, photometry and FITS viewer

atalkd/stable 4.2.3~ds-1+deb13u2 arm64
  AppleTalk Network Suite

atop/stable 2.11.1-3 arm64
  Monitor for system resources and process activity

autoproject/stable 0.20-15 all
  create a skeleton source package for a new program

avarice/stable 2.14+svn427-2 arm64
  use GDB with Atmel AVR debuggers

aview/stable 1.3.0rc1-11 arm64
  high quality ASCII art image viewer and video player

baitfisher/stable 1.2.7+git20211020.de26d5c+dfsg-2 arm64
  software package for designing hybrid enrichment probes

bb/stable 1.3rc1-13+b2 arm64
  ASCII-art demo based on AAlib

bbmap/stable 39.20+dfsg-2 all
  BBTools genomic aligner and other tools for short sequences

bdii/stable 6.0.3-1 all
  Berkeley Database Information Index (BDII)

berusky2/stable 0.12-5 arm64
  logic game Bugs Escape 3D

berusky2-data/stable 0.12-2 all
  logic game Bugs Escape 3D -- data files

biboumi/stable 9.0+20241124-1 arm64
  XMPP gateway to connect to IRC servers

bindechexascii/stable 0.0+20140524.git7dcd86-4+b2 arm64
  simple ASCII,binary,decimal and hex converter

blobandconquer/stable 1.11-dfsg+20-5 arm64
  3D platform shooting game

blobandconquer-data/stable 1.11-dfsg+20-5 all
  3D platform shooting game -- data files

blockout2/stable 2.5+dfsg1-2 arm64
  Tetris like game (3D-tetris)

bluedevil/stable 4:6.3.4-2 arm64
  KDE Bluetooth stack

bmon/stable 1:4.0-10+b1 arm64
  portable bandwidth monitor and rate estimator

boxes/stable 2.3.1-1 arm64
  textmode box- and comment drawing filter

boxshade/stable 3.3.1-14+b1 arm64
  Pretty-printing of multiple sequence alignments

braillegraph/stable 0.3-2 all
  simple histogram tool producing text dot-matrix graphs

bro-aux/stable 0.42-1+b2 arm64
  small auxiliary tools for Bro

btag/stable 1.4.1-0.2 arm64
  interactive command-line based multimedia tag editor

budgie-quickchar/stable 1.9.0-1 all
  GUI to find and choose locale characters

bytes-circle/stable 3.1-1+b1 arm64
  Show byte statistics as an ASCII circle graph

c++-annotations/stable 13.02.01-1 all
  Extensive tutorial and documentation about C++

c-evo-dh-data/stable 2.5-1 all
  Empire Building Game (data files), C-evo: Distant Horizon

c-evo-dh-gtk2/stable 2.5-1 arm64
  Empire Building Game (GTK2), C-evo: Distant Horizon

c-evo-dh-stdai/stable 2.5-1 arm64
  Empire Building Game (AI module), C-evo: Distant Horizon

caca-utils/stable 0.99.beta20-5+deb13u1 arm64
  text mode graphics utilities

cadubi/stable 1.3.4-7 all
  Creative ASCII Drawing Utility By Ian

catdvi/stable 0.14-16 arm64
  DVI to plain text translator

cavezofphear/stable 0.5.1-1.1+b1 arm64
  ASCII Boulder Dash clone

centreon-plugins/stable 0.0~20250303+dfsg-1 all
  Collection of Nagios plugins to monitor OS, services and network devices

chewing-tools/stable 0.9.1-1 arm64
  intelligent phonetic input method library (tools)

chiark-scripts/stable 8.0.1 all
  chiark system administration scripts

chordii/stable 6.070+ds-3 all
  transitional package

cl-hyperobject/stable 2.13-1 all
  Common Lisp library for hyperobjects

clatd/stable 2.1.0-2+deb13u1 all
  464XLAT (CLAT) and SIIT-DC (ER) network architecture support

claws-mail-themes/stable 20221017+dfsg.1-1 all
  Pixmap icon themes for the Claws Mail mailer

clementine/stable 1.4.1+git27-g658f34ec4+dfsg-3 arm64
  modern music player and library organizer

codegroup/stable 20080907+ds1-1 arm64
  convert any file into five-letter code groups

conv-tools/stable 20160905-5+b1 arm64
  convert 8 bit character encoding in file names and text content to UTF-8

cowsay/stable 3.03+dfsg2-8 all
  configurable talking cow

cowsay-off/stable 3.03+dfsg2-8 all
  configurable talking cow (offensive cows)

cp2k/stable 2025.1-1.1 arm64
  Ab Initio Molecular Dynamics

crashmail/stable 1.7-4+b2 arm64
  JAM and *.MSG capable Fidonet tosser

cstocs/stable 1:3.44-1.1 all
  Recoding utility and Czech sorter

cuetools/stable 1.4.1-0.2+b1 arm64
  tools for manipulating CUE/TOC files

curseofwar/stable 1.3.0-2 arm64
  fast-paced action strategy game for Linux based on ncurses

curseofwar-common/stable 1.3.0-2 all
  common files for fast-paced action strategy curseofwar

curseofwar-sdl/stable 1.3.0-2 arm64
  fast-paced action strategy game for Linux based on SDL

daligner/stable 1.0+git20240119.335105d-3+b1 arm64
  local alignment discovery between long nucleotide sequencing reads

dbar/stable 0.0.20100524-7+b1 arm64
  general purpose ASCII graphic percentage meter/progressbar

dbview/stable 1.0.4-6 arm64
  view dBase III files

dcm2niix/stable 1.0.20241211-1 arm64
  next generation DICOM to NIfTI converter

ddir/stable 2025.0129-3 all
  display hierarchical directory tree

debiandoc-sgml-doc/stable 1.1.26 all
  Documentation for DebianDoc-SGML

debiandoc-sgml-doc-pt-br/stable 1.1.13+nmu1 all
  Documentation for DebianDoc-SGML in Brazilian Portuguese

deblur/stable 1.1.1-4 all
  deconvolution for Illumina amplicon sequencing

detox/stable 2.0.0-4 arm64
  replace problematic characters in filenames

dextractor/stable 1.0-6+b2 arm64
  (d)extractor and compression command library

dircproxy/stable 1.0.5-7 arm64
  IRC proxy for people who use IRC from different workstations

ditaa/stable 0.10+ds1-1.4 all
  convert ASCII diagrams into proper bitmap graphics

docbook-xsl-doc-text/stable 1.79.1-2 all
  stylesheets for processing DocBook XML files (ASCII documentation)

docdiff/stable 0.6.1-1 all
  Compares two files word by word / char by char

docx2txt/stable 1.4-5 all
  Convert Microsoft OOXML files to plain text

dolphin-emu/stable 2503+dfsg-1+deb13u1 arm64
  Gamecube and Wii emulator

dolphin-emu-data/stable 2503+dfsg-1+deb13u1 all
  Gamecube and Wii emulator - data files

dos2unix/stable 7.5.2-1+b1 arm64
  convert text file line endings between CRLF and LF

dothost/stable 0.2.1-2 arm64
  simple DNS lookup network utility, produces output in Graphviz format

durdraw/stable 0.29.0-2 all
  versatile ASCII and ANSI Art text editor for drawing in terminal

dvi2dvi/stable 2.0alpha-12 arm64
  Tweak DVI files

dvi2ps/stable 5.1j-2 arm64
  TeX DVI-driver for NTT JTeX, MulTeX and ASCII pTeX

dvi2ps-fontdata-a2n/stable 1.0.1-3.2 all
  Font data to convert pTeX's dvi file to jTeX's dvi file

dvi2ps-fontdata-n2a/stable 1.0.1-3.2 all
  Font data to convert jTeX dvi file to pTeX dvi file

dvi2ps-fontdata-ptexfake/stable 1.0.1-3.2 all
  Fake pTeX TFM files

dzen2/stable 0.9.5+git20130923.488ab66-1 arm64
  General-purpose messaging and notification program for X11

e00compr/stable 1.0.1-8 arm64
  Program to read/write Arcinfo compressed E00 files

ebook-speaker/stable 6.2.0-6+b2 arm64
  eBook reader that reads aloud in a synthetic voice

elpa-flx/stable 0.6.1-7 all
  sorting algorithm for fuzzy matching in Emacs

elpa-flx-ido/stable 0.6.1-7 all
  allows Emacs Ido to use the flx sorting algorithm

elpa-org/stable 9.7.29+dfsg-1 all
  Keep notes, maintain ToDo lists, and do project planning in emacs

enscript/stable 1.6.5.90-3.1+b2 arm64
  converts text to Postscript, HTML or RTF with syntax highlighting

eoconv/stable 1.5-5 arm64
  convert text files between various Esperanto encodings

eperl/stable 2.2.15-1+deb13u1 arm64
  Embedded Perl 5 Language

epic4/stable 1:2.10.10-1.2+b2 arm64
  epic irc client, version 4

epic4-script-lice/stable 1:4.2.5i-2.2 all
  Very functional script for epic

erlang-asciideck/stable 0.0+git20170714.48cbfe8b-4+b1 arm64
  Erlang library for asciidoc

etktab/stable 3.2-15 all
  ASCII guitar tab editor

fence-agents-rsa/stable 4.16.0-3 all
  Fence Agents for Red Hat Cluster - IBM RSA agent

figlet/stable 2.2.5-3+b2 arm64
  Make large character ASCII banners out of ordinary text

file-kanji/stable 1.1-22 arm64
  kanji code checker

fim/stable 0.7.1-3 arm64
  scriptable frame buffer, X.org and ascii art image viewer

flashrom/stable 1.4.0-3 arm64
  Identify, read, write, erase, and verify BIOS/ROM/flash chips

flmsg/stable 4.0.23-1+b2 arm64
  amateur radio forms management editor

fonts-aenigma/stable 0.0.20080511+dfsg-5 all
  465 free TrueType fonts by Brian Kent

fonts-b612/stable 1.008-4 all
  legible font designed to be used on aircraft cockpit screens

fonts-dustin/stable 20030517-14 all
  various TrueType fonts from dustismo.com

fonts-engadget/stable 1.001-1-6 all
  Modern font from John Stracke

fonts-essays1743/stable 2.100-5 all
  Essays 1743 TrueType font

fonts-firacode/stable 6.2-2 all
  Monospaced font with programming ligatures

fonts-joscelyn/stable 1.012+ds-4 all
  authentic secretary hand font

fonts-mona/stable 1:2.90-1.1 all
  Japanese TrueType font for 2ch ASCII art

fonts-monapo/stable 20170722-3 all
  Japanese TrueType font, Monapo

fonts-ocr-b/stable 0.3.1~dfsg-1 all
  machine-readable typeface as used in passports

fonts-spleen/stable 2.1.0-1 all
  monospaced font for consoles and terminals

fqterm/stable 0.9.10.1-5 arm64
  BBS client written in Qt

freedm/stable 0.13.0-2 all
  multiplayer deathmatch game for Doom-compatible engines

freedoom/stable 0.13.0-2 all
  two single player campaigns for Doom-compatible engines

funtools/stable 1.4.8-1.1+b2 arm64
  Minimal buy-in FITS utility package

gbutils/stable 6.3-1+b1 arm64
  utilities for command line econometrics

gdsiiconvert/stable 0.2+ds.1-1+b2 arm64
  Convert GDSII geometries and report geometry statistics

gdspy-common/stable 1.4.2-2 all
  Images used by gdspy

gdspy-doc/stable 1.4.2-2 all
  Documentation for gdspy (Python library for GDSII handling)

gem-plugin-dc1394/stable 1:0.94-8+b5 arm64
  Graphics Environment for Multimedia - DC1394 support

getdp/stable 3.5.0+dfsg1-4 arm64
  general environment for the treatment of discrete problems

getdp-sparskit/stable 3.5.0+dfsg1-4 arm64
  general environment for the treatment of discrete problems

ghex/stable 46.2-2 arm64
  GNOME Hex editor for files

gm-assistant/stable 1.2.4-1.1+b1 arm64
  Game Master assistant for role-playing games

gm-assistant-doc/stable 1.2.4-1.1 all
  Game Master assistant for role-playing games - user guide

gmsh/stable 4.13.1+ds1-6 arm64
  Three-dimensional finite element mesh generator

gmsh-doc/stable 4.13.1+ds1-6 all
  Three-dimensional finite element mesh generator documentation

gmt-gshhg/stable 2.3.7-7 all
  Global Self-consistent Hierarchical High-resolution Geography (GSHHG)

gmt-gshhg-full/stable 2.3.7-7 all
  Full resolution coastlines for the Generic Mapping Tools

gmt-gshhg-high/stable 2.3.7-7 all
  High resolution coastlines for the Generic Mapping Tools

gmt-gshhg-low/stable 2.3.7-7 all
  Low resolution coastlines for the Generic Mapping Tools

gnokii/stable 0.6.31+dfsg-6 all
  Datasuite for mobile phone management (metapackage)

gnokii-cli/stable 0.6.31+dfsg-6+b1 arm64
  Datasuite for mobile phone management (console interface)

gnokii-common/stable 0.6.31+dfsg-6 all
  Datasuite for mobile phone management (base files)

gnokii-smsd/stable 0.6.31+dfsg-6+b1 arm64
  SMS Daemon for mobile phones

gnokii-smsd-mysql/stable 0.6.31+dfsg-6+b1 arm64
  SMSD plugin for MySQL storage backend

gnokii-smsd-pgsql/stable 0.6.31+dfsg-6+b1 arm64
  SMSD plugin for PostgreSQL storage backend

gnuit/stable 4.9.5-5+b1 arm64
  GNU Interactive Tools, a file browser/viewer and process viewer/killer

golang-github-agnivade-levenshtein-dev/stable 1.2.0-1 all
  Go implementation to calculate Levenshtein Distance. (library)

golang-github-bep-goat-dev/stable 0.5.0-2 all
  Render ASCII art as SVG diagrams (Go library)

golang-github-c-robinson-iplib-dev/stable 1.0.3-3 all
  library for working with IP addresses and networks in Go

golang-github-common-nighthawk-go-figure-dev/stable 0.0~git20210622.734e95f-2 all
  library to print ASCII art from text in Go (library)

golang-github-dlasky-gotk3-layershell-dev/stable 0.0~git20230801.b0c42cd-2 all
  gotk3 addon module that provides gtk_layer_shell compatibiility (library)

golang-github-elliotwutingfeng-asciiset-dev/stable 0.0~git20240214.24af97c-2 all
  ASCII character bitset (library)

golang-github-gosimple-unidecode-dev/stable 1.0.1-2.1 all
  Replaces non-ASCII characters with their ASCII approximations. (library)

golang-github-guptarohit-asciigraph-dev/stable 0.4.1-4 all
  Make lightweight ASCII line graph in CLI apps with no other dependencies

golang-github-integrii-flaggy-dev/stable 1.4.0-1 all
  Idiomatic Go input parsing with subcommands, positional values, and flags

golang-github-jaypipes-pcidb-dev/stable 1.0.1-1 all
  Small golang library for querying PCI database (pciids) information (library)

golang-github-jedib0t-go-pretty-dev/stable 6.5.9-1 all
  Pretty print tables, lists, progress-bars and text

golang-github-mdlayher-ethernet-dev/stable 0.0~git20220221.529eae5-1 all
  Marshaling and unmarshaling of Ethernet frames and VLAN tags

golang-github-mdp-qrterminal-dev/stable 3.0.0-2 all
  Display QR Codes in terminal (library)

golang-github-miekg-mmark-dev/stable 1.3.6+dfsg-3 all
  Markdown processor in Go geared for the IETF (Go library)

golang-github-mimuret-golang-iij-dpf-dev/stable 0.9.1-2 all
  IIJ DNS Platform Service API for Go (library)

golang-github-naoina-go-stringutil-dev/stable 0.1.0-5 all
  Faster string utilities implementation for Go

golang-github-olekukonko-tablewriter-dev/stable 0.0.5-2 all
  generate ASCII tables in Golang

golang-github-rainycape-unidecode-dev/stable 0.0~git20150906.0.c9cf8cd-6 all
  replace non-ASCII characters with their ASCII approximations

golang-github-scylladb-termtables-dev/stable 0.0~git20191203.c4c0b6d-3 all
  Fast and simple ASCII table generation.

golang-github-stoewer-go-strcase-dev/stable 1.2.0-4 all
  go library for converting between naming formats

golang-github-surma-gocpio-dev/stable 1.1.0+git20160926.fcb6877-1.1 all
  Go package for cpio archives

golang-github-tonistiigi-fsutil-dev/stable 0.0~git20240424.91a3fc4-1 all
  Incremental file directory sync tools (library)

golang-github-tonistiigi-units-dev/stable 0.0~git20180711.6950e57-2 all
  Simple byte size formatting library

golang-github-tonistiigi-vt100-dev/stable 0.0~git20240514.90bafcd-2 all
  Raw-mode vt100 screen reader (library)

golang-github-xlab-treeprint-dev/stable 1.2.0-2 all
  simple ASCII tree composing tool

golang-gopkg-mail.v2-dev/stable 2.3.1-2 all
  simple and efficient package to send emails

golang-honnef-go-tools-dev/stable 2024.1-1 all
  libraries for advanced Go linter

gramophone2/stable 0.8.13a-3.5 arm64
  GRAMophone II is an algorithmic music generator

greaseweazle/stable 1.22+dfsg-1 arm64
  Host tools for Greaseweazle

groff/stable 1.23.0-9 arm64
  GNU troff text-formatting system

groff-base/stable 1.23.0-9 arm64
  GNU troff text-formatting system (base system components)

hasciicam/stable 1.1.2-1.2 arm64
  (h)ascii for the masses: live video as text

hexedit/stable 1.6-2 arm64
  viewer and editor in hexadecimal or ASCII for files or devices

hexyl/stable 0.8.0-2+b13 arm64
  Command-line hex viewer with colored output

hnb/stable 1.9.18+ds1-3+b2 arm64
  hierarchical notebook

hp2xx/stable 3.4.4-12+b2 arm64
  HPGL converter into some vector- and raster formats

hyperfine/stable 1.19.0-1+b3 arm64
  Command-line benchmarking tool

hyperrogue/stable 12.1q-1+b1 arm64
  non-euclidean graphical rogue-like game

hyx/stable 2021.06.09-1+b1 arm64
  minimalistic but powerful vim-like hex editor

iec16022/stable 0.3.1-1 arm64
  Generates 2d ISO/IEC 16022 barcodes (data matrix/semacode)

ii/stable 2.0-1+b1 arm64
  minimalist FIFO and filesystem-based IRC client

ii-esu/stable 1.0a.dfsg2-2+b2 arm64
  shooter game

iio-sensor-proxy/stable 3.7-3 arm64
  IIO sensors to D-Bus proxy

iiod/stable 0.26-2 arm64
  Daemon to share IIO devices on the network

iipimage-doc/stable 1.1-3 all
  Web-based streamed viewing and zooming of ultra high-resolution images - doc

iipimage-server/stable 1.1-3+b5 arm64
  Web-based streamed viewing and zooming of ultra high-resolution images

iirish/stable 2.0-27.1 arm64
  Irish (Gaeilge) dictionary for ispell

iisemulator/stable 0.95-3.5 all
  Emulation for the IIS web server

iitalian/stable 1:2.3-3.2 arm64
  Italian dictionary for ispell

iitii/stable 0.0+git20191030.85209e0-3 arm64
  Implicit Interval Tree with Interpolation Index

im-config/stable 0.57-2 all
  Input method configuration framework

indi-bresserexos2/stable 1.0+20221223130124-1+b2 arm64
  INDI driver for Exos II GoTo Telescope Mount

indi-dsi/stable 0.4+20221223123028-2+b1 arm64
  INDI driver for Meade DSI Pro I/II/III

indi-maxdomeii/stable 1.3+20221223105522-1+b1 arm64
  INDI driver for MaxDome II dome control system

ioquake3/stable 1.36+u20250316.526edd3+dfsg-1 arm64
  Game engine for 3D first person shooter games

ioquake3-server/stable 1.36+u20250316.526edd3+dfsg-1 arm64
  Engine for 3D first person shooter games - server and common files

ircii/stable 20240918-1 arm64
  Internet Relay Chat client

irssi-scripts/stable 20231031 all
  collection of scripts for irssi

iscsiuio/stable 2.1.11-1+deb13u2 arm64
  iSCSI offloading daemon for QLogic devices

jasmin-sable/stable 2.5.0-3 all
  Java class (.class) file assembler

jcadencii/stable 3.3.9+svn20110818.r1732-6.2 all
  Piano roll editor for singing synthesis

jmol/stable 16.2.33+dfsg-1 all
  Molecular Viewer

jool-dkms/stable 4.1.13-1.1 all
  kernel-based SIIT and NAT64 (IP/ICMP translation)

jp2a/stable 1.3.2-1 arm64
  converts jpg and png images to ascii

jython-stilts/stable 3.5.2-1 all
  Starlink Tables Infrastructure Library Tool Set (Jython package)

jzip/stable 210r20001005d-5 arm64
  Text mode interpreter for Z-Code adventures

kew/stable 3.2.0+ds-1 arm64
  play music from the commandline

kinit/stable 5.116.0-1 arm64
  process launcher to speed up launching KDE applications

kinit-dev/stable 5.116.0-1 arm64
  process launcher to speed up launching KDE applications

kitty-doc/stable 0.41.1-2+deb13u1 all
  fast, featureful, GPU based terminal emulator (documentation)

klayout/stable 0.30.0-1+b1 arm64
  High Performance Layout Viewer and Editor

kleborate/stable 2.4.1-5 arm64
  tool to screen Klebsiella genome assemblies

kleborate-examples/stable 2.4.1-5 all
  tool to screen Klebsiella genome assemblies (example data)

kodi-eventclients-wiiremote/stable 2:21.2+dfsg-4 arm64
  Open Source Home Theatre (Event Client WII Remote support package)

kodi-pvr-nextpvr/stable 21.3.2+ds-1 arm64
  NextPVR PVR addon for Kodi

kodi-visualization-spectrum/stable 21.0.2+ds-1 arm64
  Spectrum visualizer addon for Kodi

krb5-strength/stable 3.3-1+b1 arm64
  Password strength checking for Kerberos KDCs

labplot/stable 2.12.0-1 arm64
  interactive graphing and analysis of scientific data

lambdahack/stable 0.11.0.1-1+b2 arm64
  tactical squad ASCII roguelike dungeon crawler game engine

ldap2dns/stable 0.3.1-6+b2 arm64
  LDAP based DNS management system

ldap2zone/stable 0.2-12+b3 arm64
  Extract DNS zones from LDAP trees

le-dico-de-rene-cougnenc/stable 1.4-1 arm64
  features "Dico" (French dictionary), by Rene Cougnenc

libaa-bin/stable 1.4p5-51.1+b1 arm64
  sample programs using aalib

libaa1/stable,now 1.4p5-51.1+b1 arm64 [installed,automatic]
  ASCII art library

libaa1-dev/stable 1.4p5-51.1+b1 arm64
  ASCII art library, development kit

libad9361-0/stable 0.3-2+b2 arm64
  Library of functions specific to the Analog Devices AD9361

libad9361-dev/stable 0.3-2+b2 arm64
  Development files specific to the Analog Devices AD9361

libansilove-dev/stable 1.4.1-2+b1 arm64
  Convert ANSI, ASCII, and other formats to PNG - development files

libansilove1/stable 1.4.1-2+b1 arm64
  Library for converting ANSI, ASCII, and other formats to PNG

libapache-asp-perl/stable 2.63-2 all
  perl Apache::ASP - Active Server Pages for Apache with mod_perl

libapache2-mod-encoding/stable 20040616-9 arm64
  Apache2 module for non-ascii filename interoperability

libasedrive-serial/stable 3.7-12 arm64
  PC/SC driver for the Athena ASEDrive IIIe serial smart card reader

libasedrive-usb/stable 3.7-12 arm64
  PC/SC driver for the Athena ASEDrive IIIe USB smart card reader

libastro-fits-cfitsio-perl/stable 1.18-1+b3 arm64
  Perl extension for using the cfitsio library

libauthen-ntlm-perl/stable 1.09-2 all
  authentication module for NTLM

libauthen-tacacsplus-perl/stable 0.28-2+b3 arm64
  Perl module for authentication using TACACS+ server

libbase64-ocaml/stable 3.5.1-2+b4 arm64
  Base64 encoding and decoding OCaml library (runtime files)

libbase64-ocaml-dev/stable 3.5.1-2+b4 arm64
  Base64 encoding and decoding OCaml library (dev files)

libbiblio-isis-perl/stable 0.24-2 all
  module to read CDS/ISIS, WinISIS and IsisMarc databases

libbiblio-lcc-perl/stable 0.09-2 all
  module to parse and normalize LC-style call numbers

libbullet-dev/stable 3.24+dfsg-2.1+b2 arm64
  professional 3D Game Multiphysics Library -- development files

libcaca-dev/stable 0.99.beta20-5+deb13u1 arm64
  development files for libcaca

libcaca0/stable 0.99.beta20-5+deb13u1 arm64 [upgradable from: 0.99.beta20-5]
  colour ASCII art library

libcbf-dev/stable 0.9.7+dfsg1-5+b1 arm64
  development files for CBFlib

libchewing3/stable 0.9.1-1 arm64
  intelligent phonetic input method library

libchewing3-data/stable 0.9.1-1 all
  intelligent phonetic input method library - data files

libchewing3-dev/stable 0.9.1-1 arm64
  intelligent phonetic input method library (developer version)

libcoda-dev/stable 2.25.5-1 arm64
  Development files for the CODA framework for Earth sciences

libcoda-java/stable 2.25.5-1 all
  Java interface for Common Data Access Framework

libcoda-jni/stable 2.25.5-1 arm64
  Java Native interface for Common Data Access Framework

libcoda16/stable 2.25.5-1 arm64
  Library for the Common Data Access framework for Earth science

libconvert-ascii-armour-perl/stable 1.4-3 all
  module to convert binary into ASCII-armoured messages

libconvert-ascii85-perl/stable 0.01-3 all
  module for encoding and decoding of ascii85/base85 strings

libconvert-base32-perl/stable 0.06-3 all
  module for encoding and decoding of base32 strings

libcoq-mathcomp-solvable/stable 2.3.0-1+b7 arm64
  Mathematical Components library for Coq (finite groups II)

libcos4-3/stable 4.3.3+ds1-1 arm64
  omniORB CORBA services stubs

libcos4-dev/stable 4.3.3+ds1-1 arm64
  omniORB CORBA services stubs development files

libcwiid-dev/stable 0.6.91-11 arm64
  library to interface with the wiimote -- development files

libcwiid1t64/stable 0.6.91-11 arm64
  library to interface with the wiimote -- runtime files

libdata-showtable-perl/stable 4.6-4 all
  Perl module to print arrays of data in a formatted listing

libdate-iso8601-perl/stable 0.005-4 all
  Perl handling of the three ISO 8601 numerical calendars

libdeal.ii-doc/stable 9.6.2-4 all
  Differential Equations Analysis Library - html doc. and examples

libdieharder-dev/stable 3.31.1.4-1.1+b1 arm64
  Random-number generator test library -- development package

libdieharder3t64/stable 3.31.1.4-1.1+b1 arm64
  Random-number generator test library

libdjconsole-data/stable 0.1.3-3.2 all
  Hercules DJ Console access library - data files

libdjconsole-dev/stable 0.1.3-3.2+b1 arm64
  Hercules DJ Console access library - development headers

libdjconsole0/stable 0.1.3-3.2+b1 arm64
  Hercules DJ Console access library

libdmrconf-dev/stable 0.12.1-1 arm64
  Header files for libdmrconf

libdmrconf0/stable 0.12.1-1 arm64
  Library to program DMR radios

libencode-eucjpascii-perl/stable 0.03-1+b4 arm64
  Perl module supporting eucJP-ascii character encoding

libencode-imaputf7-perl/stable 1.07-1 all
  modification of UTF-7 encoding for IMAP

libencode-zapcp1252-perl/stable 0.40-2 all
  zap Windows Western gremlin characters

libencoding-fixlatin-perl/stable 1.04-4 all
  takes mixed encoding input and produces UTF-8 output

libexodusii-dev/stable 6.02.dfsg.1-11 arm64
  exodusII datamodel for finite element analysis

libexodusii5/stable 6.02.dfsg.1-11 arm64
  exodusII datamodel for finite element analysis

libfast-float-dev/stable 8.0.0-0.1 arm64
  Implementation of the C++ from_chars functions for float and double types

libfile-loadlines-perl/stable 1.047-1 all
  Load lines from files and network

libfreetype6/stable,now 2.13.3+dfsg-1+deb13u1 arm64 [installed,automatic]
  FreeType 2 font engine, shared library files

libfuntools-dev/stable 1.4.8-1.1+b2 arm64
  Minimal buy-in FITS library (development files)

libfuntools1t64/stable 1.4.8-1.1+b2 arm64
  Minimal buy-in FITS library

libg3d-plugins/stable 0.0.8-38 arm64
  plugins for the LibG3D library

libgdsii-dev/stable 0.2+ds.1-1+b2 arm64
  Library for GDSII handling (development files)

libgdsii0/stable 0.2+ds.1-1+b2 arm64
  Library for GDSII handling

libgetdata-tools/stable 0.11.0-15+b1 arm64
  library to read/write dirfile data - extra tools

libghc-base-unicode-symbols-dev/stable 0.2.4.2-4+b1 arm64
  Unicode alternatives for common functions and operators

libghc-base-unicode-symbols-doc/stable 0.2.4.2-4 all
  Unicode alternatives for common functions and operators; documentation

libghc-base-unicode-symbols-prof/stable 0.2.4.2-4+b1 arm64
  Unicode alternatives for common functions and operators; profiling libraries

libghc-hxt-unicode-dev/stable 9.0.2.4-12+b1 arm64
  Unicode en-/decoding functions

libghc-hxt-unicode-doc/stable 9.0.2.4-12 all
  Unicode en-/decoding functions; documentation

libghc-hxt-unicode-prof/stable 9.0.2.4-12+b1 arm64
  Unicode en-/decoding functions; profiling libraries

libghc-kvitable-dev/stable 1.0.3.0-1+b1 arm64
  Key/Value Indexed Table container and formatting library

libghc-kvitable-doc/stable 1.0.3.0-1 all
  Key/Value Indexed Table container and formatting library; documentation

libghc-kvitable-prof/stable 1.0.3.0-1+b1 arm64
  Key/Value Indexed Table container and formatting library; profiling libraries

libghc-lambdahack-dev/stable 0.11.0.1-1+b2 arm64
  tactical squad ASCII roguelike dungeon crawler game engine

libghc-lambdahack-doc/stable 0.11.0.1-1 all
  tactical squad ASCII roguelike dungeon crawler game engine; documentation

libghc-lambdahack-prof/stable 0.11.0.1-1+b2 arm64
  tactical squad ASCII roguelike dungeon crawler game engine; profiling libraries

libghc-openpgp-asciiarmor-dev/stable 0.1.2-5+b1 arm64
  OpenPGP (RFC4880) ASCII Armor codec

libghc-openpgp-asciiarmor-doc/stable 0.1.2-5 all
  OpenPGP (RFC4880) ASCII Armor codec; documentation

libghc-openpgp-asciiarmor-prof/stable 0.1.2-5+b1 arm64
  OpenPGP (RFC4880) ASCII Armor codec; profiling libraries

libghc-pandoc-dev/stable 3.1.11.1-3 arm64
  Conversion between markup formats

libghc-pandoc-doc/stable 3.1.11.1-3 all
  Conversion between markup formats; documentation

libghc-pandoc-prof/stable 3.1.11.1-3 arm64
  Conversion between markup formats; profiling libraries

libghc-quickcheck-unicode-dev/stable 1.0.1.0-7+b1 arm64
  Generator and shrink functions for testing Unicode-related software.

libghc-quickcheck-unicode-doc/stable 1.0.1.0-7 all
  Generator and shrink functions for testing Unicode-related software.; documentation

libghc-quickcheck-unicode-prof/stable 1.0.1.0-7+b1 arm64
  Generator and shrink functions for testing Unicode-related software.; profiling libraries

libghc-tabular-dev/stable 0.2.2.8-3+b1 arm64
  two-dimensional data tables with rendering functions

libghc-tabular-doc/stable 0.2.2.8-3 all
  two-dimensional data tables with rendering functions; documentation

libghc-tabular-prof/stable 0.2.2.8-3+b1 arm64
  two-dimensional data tables with rendering functions; profiling libraries

libghc-unix-time-dev/stable 0.4.15-1+b1 arm64
  Unix time parser/formatter and utilities

libghc-unix-time-doc/stable 0.4.15-1 all
  Unix time parser/formatter and utilities; documentation

libghc-unix-time-prof/stable 0.4.15-1+b1 arm64
  Unix time parser/formatter and utilities; profiling libraries

libgiftiio-dev/stable 1.0.9-6+b2 arm64
  IO library for the GIFTI cortical surface data format - headers

libgiftiio0/stable 1.0.9-6+b2 arm64
  IO library for the GIFTI cortical surface data format

libgme-dev/stable 0.6.3-7+b2 arm64
  Playback library for video game music files - development files

libgme0/stable 0.6.3-7+b2 arm64
  Playback library for video game music files - shared library

libgmsh-dev/stable 4.13.1+ds1-6 arm64
  Three-dimensional finite element mesh generator development files

libgmsh-private-headers-dev/stable 4.13.1+ds1-6 arm64
  Three-dimensional finite element mesh generator development files

libgmsh4.13/stable 4.13.1+ds1-6 arm64
  Three-dimensional finite element mesh generator shared library

libgnokii-dev/stable 0.6.31+dfsg-6+b1 arm64
  Gnokii mobile phone interface library (development files)

libgnokii7t64/stable 0.6.31+dfsg-6+b1 arm64
  Gnokii mobile phone interface library

libgnuradio-filter3.10.12/stable 3.10.12.0-1 arm64
  gnuradio filter functions

libgnuradio-iio3.10.12/stable 3.10.12.0-1 arm64
  IIO blocks for GnuRadio

libgraph-easy-perl/stable 0.76-3 all
  Perl module to convert or render graphs (as ASCII, HTML, SVG or via Graphviz)

libgringotts-dev/stable 1:1.2.1-16+b3 arm64
  development files for the gringotts data encapsulation library

libgringotts2/stable 1:1.2.1-16+b3 arm64
  gringotts data encapsulation and encryption library

libgtkhex-4-1/stable 46.2-2 arm64
  GNOME Hex editor for files (shared library)

libgtkhex-4-dev/stable 46.2-2 arm64
  GNOME Hex editor for files (development headers)

libiec16022-1/stable 0.3.1-1 arm64
  Library to generate 2d ISO/IEC 16022 barcodes (data matrix/semacode)

libiec16022-dev/stable 0.3.1-1 arm64
  Development files for the ISO/IEC 16022 barcodes library

libiec61883-0/stable,now 1.2.0-7 arm64 [installed,automatic]
  partial implementation of IEC 61883 (shared lib)

libiec61883-dev/stable 1.2.0-7 arm64
  partial implementation of IEC 61883 (devel)

libiio-dev/stable 0.26-2 arm64
  libiio development files

libiio-utils/stable 0.26-2 arm64
  Miscellaneous libiio utilities

libiio0/stable 0.26-2 arm64
  Library for interfacing with IIO devices

libiio0-doc/stable 0.26-2 all
  libiio documentation

libiir-dev/stable 1.9.5+dfsg-1 arm64
  DSP IIR realtime filter library - development files

libiir-doc/stable 1.9.5+dfsg-1 all
  DSP IIR realtime filter library - documentation

libiir1/stable 1.9.5+dfsg-1 arm64
  DSP IIR realtime filter library

libiitii-dev/stable 0.0+git20191030.85209e0-3 all
  Implicit Interval Tree with Interpolation Index (devel)

libjfreepdf-java-doc/stable 2.0.1-5 all
  Java library generatiing PDF from Graphics2D (doc)

libjs-asciimathml/stable 2.0.2-5 all
  Library to render high quality mathematical formulas in a browser

libkmime-data/stable 24.12.3-1 all
  Arch independent data for library for handling MIME data

libkmime-dev/stable 24.12.3-1 arm64
  library for handling MIME data - development files

libkpim6mime6/stable 24.12.3-1 arm64
  library for handling MIME data

liblmdb++-dev/stable 0.9.14.1+git20160228.0b43ca8-1 arm64
  C++ wrapper for LMDB

liblutok-dev/stable 0.4+dfsg-4.1+b2 arm64
  lightweight C++ API library for Lua -- development files

liblutok-doc/stable 0.4+dfsg-4.1 all
  lightweight C++ API library for Lua -- documentation

liblutok3/stable 0.4+dfsg-4.1+b2 arm64
  lightweight C++ API library for Lua -- shared object

libmad-ocaml/stable 0.5.3-1+b3 arm64
  OCaml bindings for the MAD library (Runtime library)

libmad-ocaml-dev/stable 0.5.3-1+b3 arm64
  OCaml bindings for the MAD library (Development package)

libmad0/stable 0.15.1b-11+b1 arm64
  MPEG audio decoder library

libmad0-dev/stable 0.15.1b-11+b1 arm64
  MPEG audio decoder development library

libmaliit-glib-dev/stable 2.3.0-5+b1 arm64
  Maliit Input Method Framework - GLib Development Headers

libmaliit-glib2/stable 2.3.0-5+b1 arm64
  Maliit Input Method Framework - GLib Bindings

libmaliit-plugins2/stable 2.3.0-5+b1 arm64
  Maliit Input Method Framework - Plugin Library

libmd4c-dev/stable 0.5.2-2+b1 arm64
  Markdown for C - development files

libmd4c-html0/stable 0.5.2-2+b1 arm64
  Markdown for C HTML-renderer

libmd4c-html0-dev/stable 0.5.2-2+b1 arm64
  Markdown for C HTML-renderer - development files

libmd4c0/stable,now 0.5.2-2+b1 arm64 [installed,automatic]
  Markdown for C

libmeep-dev/stable 1.29.0-2 arm64
  development library for using meep

libmeep-mpi-default-dev/stable 1.29.0-2 arm64
  development library for using parallel version of meep

libmeep-mpi-default33/stable 1.29.0-2 arm64
  library for using parallel version of meep

libmeep33/stable 1.29.0-2 arm64
  library for using meep

libmeshb-dev/stable 7.80-4 arm64
  A library to handle the *.meshb file format

libmime-base32-perl/stable 1.303-3 all
  Base32 encoder/decoder

libmime-ecoencode-perl/stable 0.95-3 all
  MIME encoding (economical)

libmmap-allocator-dev/stable 0.4.0+git20200122.adbfbe1-2.1 arm64
  STL allocator that mmaps files

libmodi-utils/stable 0~20240507-2+b1 arm64
  Mac OS disk image format access library -- Utilities

libmono-corlib4.5-cil/stable 6.12.0.199+dfsg-6 all
  Mono core library (for CLI 4.5)

libmoosex-multiinitarg-perl/stable 0.02-3 all
  Perl library providing attributes with aliases for constructors

libmps-dev/stable 3.2.1-11 arm64
  Multiprecision polynomial solver (development)

libmps-fortran-dev/stable 3.2.1-11 arm64
  Multiprecision polynomial solver (FORTRAN module development)

libmps-fortran0t64/stable 3.2.1-11 arm64
  Multiprecision polynomial solver (FORTRAN module)

libmps3t64/stable 3.2.1-11 arm64
  Multiprecision polynomial solver (shared library)

libnemesis3/stable 6.02.dfsg.1-11 arm64
  Parallel extension to the EXODUSII datamodel

libnet-idn-encode-perl/stable 2.500-5+b1 arm64
  Internationalizing Domain Names in Applications (IDNA)

libnfft3-dev/stable 3.5.3-5 arm64
  development files for the NFFT library

libnfft3-doc/stable 3.5.3-5 all
  documentation for the NFFT library

libnfft3-double4/stable 3.5.3-5 arm64
  library for computing non-uniform Fourier transforms (double precision)

libnfft3-julia/stable 3.5.3-5 arm64
  library for computing non-uniform Fourier transforms (julia interface)

libnfft3-long4/stable 3.5.3-5 arm64
  library for computing non-uniform Fourier transforms (long-double precision)

libnfft3-single4/stable 3.5.3-5 arm64
  library for computing non-uniform Fourier transforms (single precision)

libnginx-mod-http-memc/stable 0.20-2 arm64
  Extended memcached commands module for Nginx

libniftiio-dev/stable 3.0.1-9.1+b1 arm64
  development low-level IO libraries for the NIfTI-1 data format (niftiio)

libniftiio2t64/stable 3.0.1-9.1+b1 arm64
  low-level IO libraries for the NIfTI-1 data format (niftiio)

libomniorb4-3t64/stable 4.3.3+ds1-1 arm64
  omniORB core libraries

libomniorb4-dev/stable 4.3.3+ds1-1 arm64
  omniORB core libraries development files

libomnithread4/stable 4.3.3+ds1-1 arm64
  C++ threading library

libomnithread4-dev/stable 4.3.3+ds1-1 arm64
  C++ threading library development files

libopen-trace-format-dev/stable 1.12.5+dfsg-8+b5 arm64
  Open Trace Format support library - development files

libopen-trace-format1/stable 1.12.5+dfsg-8+b5 arm64
  Open Trace Format support library - shared library

libopen-trace-format2-10t64/stable 3.0.3-3.1+b1 arm64
  Open Trace Format support library - shared library

libopen-trace-format2-dev/stable 3.0.3-3.1+b1 arm64
  Open Trace Format support library - development files

libopenimageio-dev/stable 2.5.18.0+dfsg-1+b1 arm64
  Library for reading and writing images - development

libopenimageio-doc/stable 2.5.18.0+dfsg-1 all
  Library for reading and writing images - documentation

libopenimageio2.5/stable 2.5.18.0+dfsg-1+b1 arm64
  Library for reading and writing images - runtime

libotf-trace-dev/stable 1.12.5+dfsg-8+b5 arm64
  Open Trace format support library - compatibility symlink

libotf2-trace-dev/stable 3.0.3-3.1+b1 arm64
  Open Trace Format support library - compatibility symlinks

libotfaux0/stable 1.12.5+dfsg-8+b5 arm64
  Open Trace Format support library - shared library

libpam-doc/stable 1.7.0-5 all
  Documentation of PAM

libpcre2-8-0/stable,now 10.46-1~deb13u1 arm64 [installed]
  New Perl Compatible Regular Expression Library- 8 bit runtime files

libpdl-io-envi-perl/stable 2.098-1 all
  Read ENVI data into PDL

libpgpool-dev/stable 4.6.1-2 arm64
  pgpool control protocol library - headers

libpgpool2/stable 4.6.1-2 arm64
  pgpool control protocol library

libphdi-utils/stable 0~20240508-2+b1 arm64
  Parallels Hard Disk image (PHDI) format access library -- Utilities

libproc-guard-perl/stable 0.07-3 all
  process runner with RAII pattern

libqfits0/stable 6.2.0-9+b1 arm64
  Library offering easy access to FITS files

libroman-perl/stable 1.24-3 all
  Perl module for converting between Roman and Arabic numerals

librtfilter-dev/stable 1.1-4+b3 arm64
  realtime digital filtering library (development files)

librtfilter1/stable 1.1-4+b3 arm64
  realtime digital filtering library

librtfilter1-dbg/stable 1.1-4+b3 arm64
  realtime digital filtering library (debugging symbols)

librtmidi7/stable 6.0.0-2+b1 arm64
  C++ library for realtime MIDI input/ouput

librust-ascii-canvas-dev/stable 3.0.0-1 arm64
  Simple canvas for drawing lines and styled text and emitting to the terminal - Rust source code

librust-ascii-dev/stable 1.1.0-2 arm64
  ASCII-only equivalents to `char`, `str` and `String` - Rust source code

librust-ascii-table-dev/stable 4.0.2-1 arm64
  Print ASCII tables to the terminal - Rust source code

librust-binascii-dev/stable 0.1.4-3+b2 arm64
  Useful no-std binascii operations including base64, base32 and base16 (hex) - Rust source code

librust-biquad-dev/stable 0.4.2-1+b3 arm64
  Digital second order IIR filtrers, also known as biquads - Rust source code

librust-btoi-dev/stable 0.4.3-1+b3 arm64
  Parse integers directly from ASCII byte slices - Rust source code

librust-deunicode-dev/stable 1.3.1-1+b2 arm64
  Convert Unicode strings to pure ASCII by intelligently transliterating them - Rust source code

librust-encode-unicode+ascii-dev/stable 0.3.6-1+b2 arm64
  UTF-8 and UTF-16 char types, methods, for char, u8 and u16 - feature "ascii"

librust-esl01-renderdag-dev/stable 0.3.0-1+b1 arm64
  Render a graph into ASCII or Unicode text - Rust source code

librust-etherparse-dev/stable 0.13.0-2 arm64
  Parsing & writing a bunch of packet based protocols (EthernetII, IPv4, IPv6, UDP, TCP ...) - Rust source code

librust-rasciigraph-dev/stable 0.2.0-2 arm64
  Utility function to plot ascii graphs - Rust source code

librust-sapling-renderdag-dev/stable 0.1.0-1+b1 arm64
  Render a DAG into ASCII or Unicode text - Rust source code

librust-text-trees-dev/stable 0.1.2-4 arm64
  simple textual output for tree-like structures - Rust source code

librust-tinystr-dev/stable 0.3.2-2+b2 arm64
  Small ASCII-only bounded length string representation - Rust source code

librust-uncased+serde-dev/stable 0.9.6-2+b2 arm64
  Case-preserving, ASCII case-insensitive, no_std string types - feature "serde" and 1 more

librust-uncased+with-serde-alloc-dev/stable 0.9.6-2+b2 arm64
  Case-preserving, ASCII case-insensitive, no_std string types - feature "with-serde-alloc"

librust-uncased-dev/stable 0.9.6-2+b2 arm64
  Case-preserving, ASCII case-insensitive, no_std string types - Rust source code

libscim-dev/stable 1.4.18+git20211204-0.2+b4 arm64
  development library for SCIM platform

libsimpleini-dev/stable 4.22+dfsg-2 arm64
  C++ library for INI-style configuration files (development files)

libsimpleini1t64/stable 4.22+dfsg-2 arm64
  C++ library for INI-style configuration files

libslow5-0t64/stable 0.7.0+dfsg-3+b6 arm64
  library for reading & writing SLOW5 files

libslow5-dev/stable 0.7.0+dfsg-3+b6 arm64
  header and static library for reading & writing SLOW5 files

libsqlitecpp-dev/stable 3.3.2-1 arm64
  smart and easy to use C++ SQLite3 wrapper

libstring-dirify-perl/stable 1.03-3 all
  utility converting string to a safe format

libstring-hexconvert-perl/stable 0.02-3 all
  Converts ASCII strings to hexadecimal and reverse

libtest-longstring-perl/stable 0.17-3 all
  module to test for string equality

libtest-manifest-perl/stable 2.026-1 all
  Perl module for interacting with a test manifest file

libtest-mock-guard-perl/stable 0.10-3 all
  Simple mock test library using RAII.

libtext-asciitable-perl/stable 0.22-3 all
  Perl module to create a table using ASCII characters

libtext-iconv-perl/stable,now 1.7-8+b4 arm64 [installed,automatic]
  module to convert between character sets in Perl

libtext-markup-perl/stable 0.33-1 all
  Parse text markup into HTML

libtext-simpletable-autowidth-perl/stable 0.09-2 all
  simple eyecandy ASCII tables with auto-width selection

libtext-simpletable-perl/stable 2.07-1 all
  Perl module for creating simple eyecandy ASCII Tables

libtext-typography-perl/stable 0.01-5 all
  markup ASCII text with correct typography for HTML

libtext-unidecode-perl/stable 1.30-3 all
  US-ASCII transliterations of Unicode text

libtime-progress-perl/stable 2.15-1 all
  perl module for elapsed and estimated finish time reporting

libts0t64/stable 1.22-1.1+b1 arm64
  touch screen library

libudev0/stable 200-1+b2 arm64
  compatibility wrapper for libudev version 0

libui-dialog-perl/stable 1.21-0.1 all
  UI::Dialog a wrapper for various dialog applications

libunicode-escape-perl/stable 0.0.2-5 all
  escape and unescape Unicode characters

libunivalue-dev/stable 1.1.1+20191112-3+b1 arm64
  C++ universal value object and JSON library - development headers

libunivalue0/stable 1.1.1+20191112-3+b1 arm64
  C++ universal value object and JSON library

libverilog-perl/stable 3.482-2 arm64
  framework providing Verilog support

libvhdi-utils/stable 20240509-2+b1 arm64
  Virtual Hard Disk image format access library -- Utilities

libvidstab-dev/stable 1.1.0-2+b2 arm64
  video stabilization library (development files)

libvidstab1.1/stable 1.1.0-2+b2 arm64
  video stabilization library (shared library)

libvistaio-dev/stable 1.2.19-3+b2 arm64
  Development files for the libvistaio library

libvistaio14/stable 1.2.19-3+b2 arm64
  Library for loading and storing various types of binary data

libvkfft-dev/stable 1.3.4+ds2-1 all
  Vulkan/CUDA/HIP/OpenCL Fast Fourier Transform library

libvnlog-dev/stable 1.40-1 arm64
  Toolkit to read/write/manipulate whitespace-separated ASCII logs

libvnlog-perl/stable 1.40-1 all
  Toolkit to read/write/manipulate whitespace-separated ASCII logs

libvnlog0/stable 1.40-1 arm64
  Toolkit to read/write/manipulate whitespace-separated ASCII logs

libwvstreams4.6t64-base/stable 4.6.1-18 arm64
  C++ network libraries for rapid application development

libxmp-dev/stable 4.6.2-2 arm64
  module file rendering library -- development files

libxmp4/stable 4.6.2-2 arm64
  module file rendering library

libxwiimote-dev/stable 2-4.3 arm64
  xwiimote library - development

libxwiimote2t64/stable 2-4.3 arm64
  xwiimote library - runtime

libzint-dev/stable 2.15.0-1+b1 arm64
  Zint development files

libzint2.15/stable 2.15.0-1+b1 arm64
  library for encoding data in barcode symbols

linuxlogo/stable 6.01-0.1 arm64
  Color ANSI System Logo

logtool/stable 1.2.8-14 arm64
  Syslog-style logfile parser with lots of output options

lomiri-keyboard/stable 1.0.3-1 arm64
  Lomiri on-screen keyboard

lomiri-keyboard-arabic/stable 1.0.3-1 arm64
  Lomiri on-screen keyboard data files - Arabic

lomiri-keyboard-azerbaijani/stable 1.0.3-1 arm64
  Lomiri on-screen keyboard data files - Azerbaijani

lomiri-keyboard-belarusian/stable 1.0.3-1 arm64
  Lomiri on-screen keyboard data files - Belarusian

lomiri-keyboard-bengali/stable 1.0.3-1 arm64
  Lomiri on-screen keyboard data files - Bengali National Layout

lomiri-keyboard-bengali-avro/stable 1.0.3-1 arm64
  Lomiri on-screen keyboard data files - Bengali Avro Phonetic

lomiri-keyboard-bengali-probhat/stable 1.0.3-1 arm64
  Lomiri on-screen keyboard data files - Bengali Probhat Layout

lomiri-keyboard-bosnian/stable 1.0.3-1 arm64
  Lomiri on-screen keyboard data files - Bosnian

lomiri-keyboard-bulgarian/stable 1.0.3-1 arm64
  Lomiri on-screen keyboard data files - Bulgarian

lomiri-keyboard-catalan/stable 1.0.3-1 arm64
  Lomiri on-screen keyboard data files - Catalan

lomiri-keyboard-chinese-chewing/stable 1.0.3-1 arm64
  Lomiri on-screen keyboard data files - Chinese Chewing

lomiri-keyboard-chinese-pinyin/stable 1.0.3-1 arm64
  Lomiri on-screen keyboard data files - Chinese Pinyin

lomiri-keyboard-croatian/stable 1.0.3-1 arm64
  Lomiri on-screen keyboard data files - Croatian

lomiri-keyboard-czech/stable 1.0.3-1 arm64
  Lomiri on-screen keyboard data files - Czech

lomiri-keyboard-danish/stable 1.0.3-1 arm64
  Lomiri on-screen keyboard data files - Danish

lomiri-keyboard-data/stable 1.0.3-1 all
  Lomiri on-screen keyboard data files

lomiri-keyboard-dev/stable 1.0.3-1 all
  Lomiri on-screen keyboard - development files

lomiri-keyboard-dutch/stable 1.0.3-1 arm64
  Lomiri on-screen keyboard data files - Dutch

lomiri-keyboard-emoji/stable 1.0.3-1 arm64
  Lomiri on-screen keyboard data files - Emoji

lomiri-keyboard-english/stable 1.0.3-1 arm64
  Lomiri on-screen keyboard data files - English

lomiri-keyboard-english-dvorak/stable 1.0.3-1 arm64
  Lomiri on-screen keyboard data files - English Dvorak

lomiri-keyboard-esperanto/stable 1.0.3-1 arm64
  Lomiri on-screen keyboard data files - Esperanto

lomiri-keyboard-finnish/stable 1.0.3-1 arm64
  Lomiri on-screen keyboard data files - Finnish

lomiri-keyboard-french/stable 1.0.3-1 arm64
  Lomiri on-screen keyboard data files - French

lomiri-keyboard-german/stable 1.0.3-1 arm64
  Lomiri on-screen keyboard data files - German

lomiri-keyboard-greek/stable 1.0.3-1 arm64
  Lomiri on-screen keyboard data files - Greek

lomiri-keyboard-hebrew/stable 1.0.3-1 arm64
  Lomiri on-screen keyboard data files - Hebrew

lomiri-keyboard-hungarian/stable 1.0.3-1 arm64
  Lomiri on-screen keyboard data files - Hungarian

lomiri-keyboard-icelandic/stable 1.0.3-1 arm64
  Lomiri on-screen keyboard data files - Icelandic

lomiri-keyboard-italian/stable 1.0.3-1 arm64
  Lomiri on-screen keyboard data files - Italian

lomiri-keyboard-japanese/stable 1.0.3-1 arm64
  Lomiri on-screen keyboard data files - Japanese

lomiri-keyboard-korean/stable 1.0.3-1 arm64
  Lomiri on-screen keyboard data files - Korean

lomiri-keyboard-latvian/stable 1.0.3-1 arm64
  Lomiri on-screen keyboard data files - Latvian

lomiri-keyboard-lithuanian/stable 1.0.3-1 arm64
  Lomiri on-screen keyboard data files - Lithuanian

lomiri-keyboard-macedonian/stable 1.0.3-1 arm64
  Lomiri on-screen keyboard data files - Macedonian

lomiri-keyboard-norwegian-bokmal/stable 1.0.3-1 arm64
  Lomiri on-screen keyboard data files - Norwegian Bokmål

lomiri-keyboard-persian/stable 1.0.3-1 arm64
  Lomiri on-screen keyboard data files - Persian

lomiri-keyboard-polish/stable 1.0.3-1 arm64
  Lomiri on-screen keyboard data files - Polish

lomiri-keyboard-portuguese/stable 1.0.3-1 arm64
  Lomiri on-screen keyboard data files - Portuguese

lomiri-keyboard-romanian/stable 1.0.3-1 arm64
  Lomiri on-screen keyboard data files - Romanian

lomiri-keyboard-russian/stable 1.0.3-1 arm64
  Lomiri on-screen keyboard data files - Russian

lomiri-keyboard-scottish-gaelic/stable 1.0.3-1 arm64
  Lomiri on-screen keyboard data files - Scottish Gaelic

lomiri-keyboard-serbian/stable 1.0.3-1 arm64
  Lomiri on-screen keyboard data files - Serbian

lomiri-keyboard-slovenian/stable 1.0.3-1 arm64
  Lomiri on-screen keyboard data files - Slovenian

lomiri-keyboard-spanish/stable 1.0.3-1 arm64
  Lomiri on-screen keyboard data files - Spanish

lomiri-keyboard-swedish/stable 1.0.3-1 arm64
  Lomiri on-screen keyboard data files - Swedish

lomiri-keyboard-swiss-french/stable 1.0.3-1 arm64
  Lomiri on-screen keyboard data files - Swiss French

lomiri-keyboard-thai/stable 1.0.3-1 arm64
  Lomiri on-screen keyboard data files - Thai

lomiri-keyboard-turkish/stable 1.0.3-1 arm64
  Lomiri on-screen keyboard data files - Turkish

lomiri-keyboard-ukrainian/stable 1.0.3-1 arm64
  Lomiri on-screen keyboard data files - Ukrainian

looktxt/stable 1.4.1-3+b1 arm64
  Convert free format text file into scientific data formats

lordsawar/stable 0.3.2+frogknows-1.1 arm64
  Clone of the popular SSG game Warlords II

lordsawar-data/stable 0.3.2+frogknows-1.1 all
  Clone of the popular SSG game Warlords II - data files

lswm/stable 0.6.91-11 arm64
  wiimote discover utility

luma.emulator-doc/stable 1.4.0-3 all
  doc for library provides a series of pseudo-display devices for luma.core

macipgw/stable 4.2.3~ds-1+deb13u2 arm64
  AppleTalk Network Suite (MacIP Gateway)

madplay/stable 0.15.2b-10.1+b1 arm64
  MPEG audio player in fixed point

magicmaze/stable 1.5.0.0+dfsg-1 all
  rescue the maiden while avoiding the monsters

maliit-framework/stable 2.3.0-5+b1 arm64
  Maliit Input Method Framework

maliit-framework-dev/stable 2.3.0-5+b1 arm64
  Maliit Input Method Framework - Development Files

maliit-framework-doc/stable 2.3.0-5 all
  docs for Maliit framework

maliit-inputcontext-gtk2/stable 0.99.1+git20151116.72d7576-3+b2 arm64
  Maliit Inputcontext for GTK+-2 applications

maliit-inputcontext-gtk3/stable 0.99.1+git20151116.72d7576-3+b2 arm64
  Maliit Inputcontext for GTK+-3 applications

maliit-keyboard/stable 2.3.1-6+b2 arm64
  virtual on-screen keyboard based on the Maliit Framework

mandelbrot-solver/stable 3.2.1-11 arm64
  Solver for Mandelbrot polynomials based on MPSolve

manpages/stable,now 6.9.1-1 all [installed,automatic]
  Manual pages about using a GNU/Linux system

manpages-cs/stable 4.27.0-1 all
  Czech man pages

manpages-da/stable 4.27.0-1 all
  Danish man pages

manpages-de/stable 4.27.0-1 all
  German man pages

manpages-es/stable 4.27.0-1 all
  Spanish man pages

manpages-fr/stable 4.27.0-1 all
  French man pages

manpages-hu/stable 1:4.27.0-1 all
  Hungarian man pages

manpages-it/stable 4.27.0-1 all
  Italian man pages

manpages-ko/stable 4.27.0-1 all
  Korean man pages

manpages-nl/stable 4.27.0-1 all
  Dutch man pages

manpages-pl/stable 1:4.27.0-1 all
  Polish man pages

manpages-pt-br/stable 4.27.0-1 all
  Brazilian Portuguese man pages

manpages-ro/stable 4.27.0-1 all
  Romanian man pages

manpages-ru/stable 4.27.0-1 all
  Russian man pages

manpages-sr/stable 4.27.0-1 all
  Serbian man pages

manpages-sv/stable 4.27.0-1 all
  Swedish man pages

manpages-tr/stable 2.0.6-2 all
  Turkish version of the manual pages

manpages-uk/stable 4.27.0-1 all
  Ukrainian man pages

matanza/stable 0.13+ds2-2 arm64
  Space ascii war game

medcon/stable 0.25.1-gtk3+dfsg-1 arm64
  Medical Image (DICOM, ECAT, ...) conversion tool

mednafen/stable 1.32.1+dfsg-2+b1 arm64
  multi-platform emulator, including NES, GB/A, Lynx, PC Engine

meep/stable 1.29.0-2 arm64
  software package for FDTD simulation

meep-mpi-default/stable 1.29.0-2 arm64
  software package for FDTD simulation, parallel version

meow/stable 2.1.4-1+b3 arm64
  Print ASCII cats to your terminal

meshlab/stable 2022.02+dfsg1-1 arm64
  System for processing and editing triangular meshes

midicsv/stable 1.1+dfsg.1-1+b3 arm64
  translate MIDI file to CSV

miio-tools/stable 0.5.12-3 all
  Tools for interfacing with Xiaomi appliances

mocassin/stable 2.02.73.2-1+b1 arm64
  MOnte CArlo SimulationS of Ionised Nebulae

morse2ascii/stable 0.2.1+dfsg-1 arm64
  tool for decoding the morse codes from a PCM WAV file

morsegen/stable 0.2.1-5 arm64
  convert text file to ASCII morse code

most/stable 5.2.0-1.1 arm64
  Pager program similar to more and less

mp3guessenc/stable 0.27.6~beta+dfsg-1+b1 arm64
  Utility for analysis of audio mpeg files

mp3val/stable 0.1.8-5+b2 arm64
  program for MPEG audio stream validation

mpsolve/stable 3.2.1-11 arm64
  Multiprecision polynomial solver (command line version)

mricron/stable 1.2.20211006+dfsg-6 arm64
  magnetic resonance image conversion, viewing and analysis

mseed2sac/stable 2.3+ds1-1+b1 arm64
  Convert MiniSEED time series data to SAC

msitools/stable 0.106+repack-1 arm64
  Windows Installer file manipulation tool

nanosv/stable 1.2.4+git20190409.c1ae30c-7 all
  structural variant caller for nanopore data

nast/stable 0.2.0-12+b1 arm64
  packet sniffer and lan analyzer

ncl-ncarg/stable 6.6.2.dfsg.1-10+b2 arm64
  NCAR Command Language and NCAR graphics

ncurses-hexedit/stable 0.9.7+orig-7.3+b2 arm64
  Edit files/disks in hex, ASCII and EBCDIC

neat/stable 2.3.2-2+b3 arm64
  Nebular Empirical Analysis Tool

neowofetch/stable 1.99.0-1.1 all
  Shows Linux System Information with Distribution Logo

net-tools/stable 2.10-1.3 arm64
  NET-3 networking toolkit

netcdf-bin/stable 1:4.9.3-1 arm64
  Programs for reading and writing NetCDF files

nfoview/stable 2.1-1 all
  simple viewer for NFO files

node-base64-js/stable 1.5.1+dfsg+~1.3.0-2 all
  Base64 encoding/decoding in pure JS

node-jsesc/stable 3.0.2+~3.0.1-1 all
  Escape JavaScript strings, with short output (Node.js module)

node-mathjax-full/stable 3.2.2+~cs4.2.1-4 all
  JavaScript library to display math in browsers

node-mj-context-menu/stable 0.9.1+ds-2 all
  reimplementation of MathJax context menu in TypeScript

node-posix-character-classes/stable 1.0.0-3 all
  POSIX character classes for creating regular expressions

node-progress/stable 2.0.3-2 all
  Flexible ascii progress bar

node-punycode/stable 2.3.1+~2.1.4-1 all
  Nodejs robust Punycode converter fully RFC compliant

node-require-main-filename/stable 2.0.0-2 all
  shim for require.main.filename() that works in as many environments as possible

nordugrid-arc-infosys-ldap/stable 7.0.0-3 all
  ARC LDAP-based information services

nulib2/stable 3.1.0-5+b1 arm64
  NuFX and Binary II archive utility

numpy-stl/stable 2.9.0-2 all
  stl file and 3d object handling (tools)

obs-command-source/stable 0.5.0-1+b1 arm64
  plugin for OBS Studio providing a dummy source to execute commands

ocamlviz/stable 1.01-8+b4 arm64
  real-time profiling tools for Objective Caml (clients)

octave-jnifti/stable 0.6-3 all
  fast NIfTI-1/2 reader and NIfTI-to-JNIfTI converter

omniidl/stable 4.3.3+ds1-1 arm64
  omniORB IDL to C++ and Python3 compiler

omniorb/stable 4.3.3+ds1-1 arm64
  IOR and naming service utilities for omniORB

omniorb-doc/stable 4.3.3+ds1-1 arm64
  omniORB documentation and examples

omniorb-idl/stable 4.3.3+ds1-1 all
  omniORB CORBA services idl files

omniorb-nameserver/stable 4.3.3+ds1-1 arm64
  omniORB naming service

openarena-081-maps/stable 0.8.5split-15 all
  OpenArena game data - maps from 0.8.1

openarena-081-misc/stable 0.8.5split-15 all
  OpenArena game data - miscellaneous files from 0.8.1

openarena-081-players/stable 0.8.5split-15 all
  OpenArena game data - player graphics from 0.8.1

openarena-081-players-mature/stable 0.8.5split-15 all
  OpenArena game data - "mature" player graphics from 0.8.1

openarena-081-textures/stable 0.8.5split-15 all
  OpenArena game data - textures from 0.8.1

openarena-085-data/stable 0.8.5split-16 all
  OpenArena game data - 0.8.5 update

openarena-088-data/stable 0.8.8-14 all
  OpenArena game data

openarena-data/stable 0.8.5split-16 all
  OpenArena game data

openarena-oacmp1/stable 3-9 all
  OpenArena Community Map Pack 1

openimageio-tools/stable 2.5.18.0+dfsg-1+b1 arm64
  Library for reading and writing images - command line tools

otf-trace/stable 1.12.5+dfsg-8+b5 arm64
  Open Trace Format support library - development files

otf2-tools/stable 3.0.3-3.1+b1 arm64
  Open Trace Format support library - tools

ovmf/stable 2025.02-8+deb13u1 all
  UEFI firmware for 64-bit x86 virtual machines

ovmf-ia32/stable 2025.02-8+deb13u1 all
  UEFI firmware for 32-bit x86 virtual machines

packeth/stable 3.0-1 arm64
  Ethernet packet generator

packetsender/stable 8.8.9-2 arm64
  Utility for sending and receiving TCP, UDP, SSL, HTTP packets

pacman4console/stable 1.3-1.1 arm64
  ncurses-based pacman game

pandoc/stable 3.1.11.1+ds-2 arm64
  general markup converter

pandoc-data/stable 3.1.11.1-3 all
  Conversion between markup formats

papd/stable 4.2.3~ds-1+deb13u2 arm64
  AppleTalk Network Suite (PAP Print Server)

parsewiki/stable 0.4.3-3 all
  Documentation System Based on ASCII Text

pcapfix/stable 1.1.7-2+b1 arm64
  repairs broken pcap and pcapng files

pcb-rnd/stable 3.1.6-1 arm64
  Standard installation of pcb-rnd

pd-cxc/stable 0.5.2-8+b1 arm64
  Pd library for working with patterns and numbers

pd-unauthorized/stable 0.1-9 arm64
  library of Pd objects for streaming and GUI control

pd-wiimote/stable 0.3.2-9+b1 arm64
  Pd object for accessing the wiimote controller

pgpool2/stable 4.6.1-2 arm64
  connection pool server and replication proxy for PostgreSQL

php-mail-mime/stable 1.10.12-2 all
  PHP PEAR module for creating MIME messages

php-symfony-termii-notifier/stable 6.4.41+dfsg-0+deb13u1 all
  Symfony Termii Notifier Bridge

php-text-figlet/stable 1.0.2-5 all
  Engine for use FIGlet fonts to rendering text

php-voku-portable-ascii/stable 2.0.3-1 all
  Portable ASCII library - performance optimized (ascii) string functions for

phpwebcounter/stable 1.0-6 all
  simple and light web hit counter

plantuml/stable 1:1.2020.2+ds-6 all
  text-to-UML converter

plasma-mobile-tweaks/stable 6.3.6-3 all
  Components to improve the Plasma mobile UX on touch devices

pmw/stable 1:5.22-1+b1 arm64
  Philip's Music Writer

png-definitive-guide/stable 20060430-4 all
  PNG: The Definitive Guide

po4a/stable 0.73-2 all
  tools to ease the translation of documentation

postgresql-17-numeral/stable 1.3-7 arm64
  numeral datatypes for PostgreSQL

postgresql-17-pgpool2/stable 4.6.1-2 arm64
  connection pool server and replication proxy for PostgreSQL - modules

postgresql-17-pldebugger/stable 1:1.8-2 arm64
  PostgreSQL pl/pgsql Debugger API

printer-driver-cjet/stable 0.8.9-11+b1 arm64
  printer driver for Canon LBP laser printers

printer-driver-dymo/stable 1.4.0-12+b2 arm64
  printer driver for DYMO label printers

printer-driver-fujixerox/stable 1.1.0+ds-4+b3 arm64
  printer driver for Fuji Xerox printers

proalign/stable 0.603-6 arm64
  Probabilistic multiple alignment program

psf-unifont/stable 1:15.1.01-1 all
  PSF (console) version of GNU Unifont with APL support

psl-make-dafsa/stable 0.21.2-1.1 all
  Create a binary DAFSA from a Public Suffix List

pst-utils/stable 0.6.76-1.2 arm64
  tools for reading Microsoft Outlook PST files

pyspectral-bin/stable 0.13.5+ds-1 all
  Reading and manipulaing satellite sensor spectral responses -- scripts

python-chardet-doc/stable 5.2.0+dfsg-2 all
  Universal Character Encoding Detector (Documentation)

python-hpilo-doc/stable 4.4.3-5 all
  HP iLO XML interface access from Python - Documentation

python-jellyfish-doc/stable 1.2.0-1 all
  Library for approximate and phonetic matching of strings (documentation)

python-pycoast-doc/stable 1.7.1+dfsg-1 all
  Draw coastlines, borders and rivers on images (for Python 3) (documentation)

python-pymodbus-doc/stable 3.8.6-2 all
  full Modbus protocol implementation, documentation

python-pyopencl-doc/stable 2025.1-1 all
  module to access OpenCL parallel computation API (documentation)

python-pytools-doc/stable 2025.1.2-1 all
  big bag of things supplementing Python library (documentation)

python-rosettasciio-doc/stable 0.7.1-2 all
  documentation for the rosettasciio Python library

python3-aafigure/stable 0.6-3 all
  aafigure - ASCII art to image converter

python3-aalib/stable 0.4-4 all
  Python 3 interface to AAlib, an ASCII art library

python3-ad9361/stable 0.3-2+b2 arm64
  Module specific to the Analog Devices AD9361 (Python)

python3-admesh/stable 0.98.9-2+b13 arm64
  Python bindings for the ADMesh (Python 3)

python3-art/stable 6.4-1 all
  ASCII art

python3-asciitree/stable 0.3.3-4 all
  Draw tree structures using (ASCII or Unicode) characters

python3-borgstore/stable 0.3.0-2 all
  Simple key/value store implementation in Python

python3-chardet/stable 5.2.0+dfsg-2 all
  Universal Character Encoding Detector (Python3)

python3-coda/stable 2.25.5-1 arm64
  Python3 interface for CODA science formats library

python3-cwiid/stable 0.6.91-11 arm64
  library to interface with the wiimote

python3-cymem/stable 2.0.11-1 arm64
  cython memory pool for RAII-style memory management

python3-dbf/stable 0.96.005-2 all
  Python module for reading and writing dbf files (Python 3)

python3-devialet/stable 1.5.7-1 all
  Interface for controlling Devialet wireless speakers

python3-dnspython/stable 2.7.0-1 all
  DNS toolkit for Python 3

python3-emperor/stable 1.0.4+ds-1 all
  visualizing high-throughput microbial community data

python3-emperor-doc/stable 1.0.4+ds-1 all
  visualizing high-throughput microbial community data (coc)

python3-file-read-backwards/stable 3.2.0-1 all
  Memory efficient way of reading files line-by-line from the end of file

python3-gdspy/stable 1.4.2-2+b12 arm64
  Python library for GDSII handling (Python 3)

python3-gmsh/stable 4.13.1+ds1-6 all
  Three-dimensional finite element mesh generator Python 3 wrapper

python3-hpilo/stable 4.4.3-5 all
  HP iLO XML interface access from Python (Python 3)

python3-html2text/stable 2025.4.15-1 all
  Python module for converting HTML to Markdown text (Python3 version)

python3-jellyfish/stable 1.2.0-1 arm64
  Library for approximate and phonetic matching of strings (Python 3)

python3-libiio/stable 0.26-2 all
  Python bindings for libiio

python3-logging-tree/stable 1.9-1.2 all
  introspect and display the logging tree in Python3

python3-luma.emulator/stable 1.4.0-3 arm64
  library provides a series of pseudo-display devices for luma.core

python3-mdx-math/stable 0.9-1 all
  math extension for Python-Markdown

python3-meep/stable 1.29.0-2 arm64
  software package for FDTD simulation with Python

python3-meep-mpi-default/stable 1.29.0-2 arm64
  software package for FDTD simulation with Python

python3-miio/stable 0.5.12-3 all
  Python module for interfacing with Xiaomi appliances

python3-mpsolve/stable 3.2.1-11 all
  Multiprecision polynomial solver (Python interface)

python3-openimageio/stable 2.5.18.0+dfsg-1+b1 arm64
  Library for reading and writing images - Python bindings

python3-openstep-plist/stable 0.5.0-1 arm64
  Parser for the "old style" OpenStep property list format

python3-orjson/stable 3.10.7-2+b1 arm64
  JSON parsing Python library

python3-otf2/stable 3.0.3-3.1+b1 arm64
  Open Trace Format support library - Python3 bindings

python3-pdfminer/stable 20221105+dfsg-1.1~deb13u1 all
  PDF parser and analyser (Python3)

python3-pgpdump/stable 1.5-4 all
  PGP packet parser library (Python 3)

python3-prettytable/stable 3.15.1-1 all
  library to represent tabular data in visually appealing ASCII tables (Python3)

python3-pycoast/stable 1.7.1+dfsg-1 all
  Draw coastlines, borders and rivers on images (for Python 3)

python3-pyfiglet/stable 1.0.3+dfsg-1 all
  Python 3 port of the FIGlet specification

python3-pymodbus/stable 3.8.6-2 all
  full Modbus protocol implementation for Python 3

python3-pynx584/stable 0.8.2-2 all
  Interface library and server for NX584 alarm panels

python3-pyopencl/stable 2025.1-1 arm64
  Python 3 module to access OpenCL parallel computation API

python3-pyspectral/stable 0.13.5+ds-1 all
  Reading and manipulaing satellite sensor spectral responses

python3-pyspectral-doc/stable 0.13.5+ds-1 all
  Reading and manipulaing satellite sensor spectral responses -- documentation

python3-pytools/stable 2025.1.2-1 all
  big bag of things supplementing Python 3 standard library

python3-qrcode/stable 8.2-1 all
  QR Code image generator library - Python 3.x

python3-rosettasciio/stable 0.7.1-2 arm64
  Reading and writing scientific file formats

python3-slow5/stable 0.7.0+dfsg-3+b6 arm64
  Python3 modul for reading & writing SLOW5 files

python3-smartypants/stable 2.0.0-4 all
  smart-quotes plugin for pyblosxom (Python 3 version)

python3-sphinxcontrib.ditaa/stable 1.0.2-3 all
  Ditaa Sphinx extension

python3-termcolor/stable 2.4.0-2 all
  ANSII Color formatting for output in terminal

python3-texttable/stable 1.7.0-1 all
  Module for creating simple ASCII tables — python3

python3-translitcodec/stable 0.7.0-2 all
  Unicode to 8-bit charset transliteration codec

python3-unidecode/stable 1.4.0-1 all
  ASCII transliterations of Unicode text (Python 3 module)

python3-utidylib/stable 0.10-3 all
  Python wrapper for TidyLib

python3-vedo/stable 2025.5.3-1 all
  Python module for 3D scientific visualization with VTK

python3-vnlog/stable 1.40-1 all
  Toolkit to read/write/manipulate whitespace-separated ASCII logs

python3-webencodings/stable 0.5.1-5 all
  Python implementation of the WHATWG Encoding standard

python3-whiteboard/stable 1.0+git20250120-1 all
  Make your own electronic whiteboard

q2templates/stable 2024.5.0+ds-3 all
  Design template package for QIIME 2 Plugins

qdmr/stable 0.12.1-1 arm64
  GUI application to program DMR radios

qemu-efi-aarch64/stable 2025.02-8+deb13u1 all
  UEFI firmware for 64-bit ARM virtual machines

qemu-efi-arm/stable 2025.02-8+deb13u1 all
  UEFI firmware for 32-bit ARM virtual machines

qemu-efi-loongarch64/stable 2025.02-8+deb13u1 all
  UEFI firmware for LoongArch64 virtual machines

qemu-efi-riscv64/stable 2025.02-8+deb13u1 all
  UEFI firmware for RISCV64 virtual machines

qgis/stable 3.40.6+dfsg-1 arm64
  Geographic Information System (GIS)

qrterminal/stable 3.0.0-2+b15 arm64
  Display QR Codes in terminal (program)

quickplot/stable 1.0.1~rc-3 arm64
  fast interactive 2D plotter and data viewer

r-bioc-affxparser/stable 1.78.0-3 arm64
  Affymetrix File Parsing SDK

r-bioc-grohmm/stable 1.40.3-3 arm64
  GRO-seq Analysis Pipeline

r-cran-amelia/stable 1.8.3-1 arm64
  GNU R package supporting multiple imputation of missing data

r-cran-cli/stable 3.6.4-1 arm64
  GNU R helpers for developing command line interfaces

r-cran-dosefinding/stable 1.3-1-1 arm64
  Planning and Analyzing Dose Finding experiments

r-cran-epicalc/stable 2.15.1.0-5 all
  GNU R Epidemiological calculator

r-cran-fadist/stable 2.4-2 all
  GNU R package for distributions sometimes useful in hydrology

r-cran-gprofiler2/stable 0.2.3+dfsg-1 all
  Interface to the 'g:Profiler' Toolset

r-cran-lmertest/stable 3.1-3-2 all
  GNU R tests in Linear Mixed Effects Models

r-cran-logcondens/stable 2.1.8-1 all
  GNU R estimate a log-concave probability density from Iid observations

r-cran-projpred/stable 2.8.0+dfsg-1+b1 arm64
  GNU R projection predictive feature selection

r-cran-r.rsp/stable 0.46.0+ds-1 all
  Dynamic Generation of Scientific Reports

r-cran-rgooglemaps/stable 1.5.1-1 all
  GNU R overlays on static maps

railcontrol/stable 24+dfsg1-1 arm64
  A software for model railway control

retext/stable 8.1.0-2 all
  Simple text editor for Markdown and reStructuredText

retroarch-assets/stable 1.20.0+dfsg-1 all
  RetroArch assets for Ozone, GLUI, RGUI and XMB

rfdump/stable 1.6-9.1+b2 arm64
  tool to decode RFID tag data

ruby-ascii85/stable 1.1.0-1 all
  Ruby library to encode/decode the Ascii85 format

ruby-asciidoctor/stable 2.0.23-1 all
  AsciiDoc to HTML rendering for Ruby (core libraries)

ruby-asciidoctor-include-ext/stable 0.4.0+gh-1 all
  Asciidoctor's standard include::[] processor reimplemented as an extension

ruby-asciidoctor-kroki/stable 0.10.0-1 all
  Asciidoctor extension to convert diagrams to images using Kroki

ruby-asciidoctor-pdf/stable 2.3.4-3 all
  Converts AsciiDoc documents to PDF using Prawn

ruby-asciidoctor-plantuml/stable 0.0.16-1 all
  extension for Asciidoctor to enable support for PlantUML diagrams

ruby-dbf/stable 4.3.2-1 all
  small fast Ruby library for reading database files

ruby-github-markup/stable 1.7.0+dfsg-6.1 all
  GitHub Markup rendering

ruby-jekyll-asciidoc/stable 3.0.1-1 all
  Jekyll plugin to convert AsciiDoc source files to HTML pages

ruby-rubypants/stable 0.7.1-1 all
  Ruby port of SmartyPants smart-quotes library

ruby-sixarm-ruby-unaccent/stable 1.2.2-1 all
  replaces a string's accented characters with unaccented characters

ruby-stringex/stable 2.8.5-4 all
  Some useful extensions to Ruby's String class

ruby-terminal-table/stable 3.0.2-1 all
  simple, feature rich ASCII table generation library

ruby-unidecode/stable 1.0.0-2 all
  Transliteratively convert UTF-8 text to US-ASCII

samtools/stable 1.21-1 arm64
  processing sequence alignments in SAM, BAM and CRAM formats

scantool/stable 2.1-2.1+b2 arm64
  OBD-II vehicle diagnostic scanner

screenfetch/stable 3.9.1+20210523-2 all
  Bash Screenshot Information Tool

scsitools/stable 0.12-6 arm64
  Collection of tools for SCSI hardware management

search-ccsb/stable 0.5-6 all
  BibTeX search tool

semi/stable 1.14.7~0.20230104-1 all
  library to provide MIME feature for emacsen

shed/stable 1.16-1+b1 arm64
  simple hex editor with a pico-style interface

signing-party/stable 2.12-1 arm64
  Various OpenPGP related tools

sjaakii/stable 1.4.1-3 arm64
  Sjaak II - computer player for many Chess variants, including Shogi and XiangQi

slashem/stable 0.0.7E7F3-12 arm64
  variant of Nethack

slashem-common/stable 0.0.7E7F3-12 arm64
  files common to all slashem-packages

slice/stable 2.32.0~ds1-1 all
  Extract out pre-defined slices of an ASCII file

sma/stable 1.4-3.1 arm64
  Sendmail log analyser

smistrip/stable 0.4.8+dfsg2-17 all
  extract MIB from text files like RFC

spass/stable 3.9-1.1 arm64
  automated theorem prover for first-order logic with equality

spinner/stable 1.2.4-6+b1 arm64
  Sends small packets over a idle link

spview/stable 2.0.2-1 all
  Spectrum Viewer

starlink-table-java/stable 4.3.2-1 all
  Starlink Tables Infrastructure Library

starlink-table-java-doc/stable 4.3.2-1 all
  Starlink Tables Infrastructure Library (documentation)

starlink-ttools-java/stable 3.5.2-1 all
  Starlink Tables Infrastructure Library Tool Set (Java library)

starlink-ttools-java-doc/stable 3.5.2-1 all
  Starlink Tables Infrastructure Library Tool Set (Javadoc)

stegsnow/stable 20130616-8+b1 arm64
  steganography using ASCII files

stella/stable 7.0+dfsg-2 arm64
  Atari 2600 Emulator for SDL & the X Window System

stilts/stable 3.5.2-1 all
  Starlink Tables Infrastructure Library Tool Set

stilts-doc/stable 3.5.2-1 all
  Starlink Tables Infrastructure Library Tool Set (documentation)

supercat/stable 0.5.7-1+b1 arm64
  program that colorizes text for terminals and HTML

swarp/stable 2.41.5-1+b4 arm64
  Resample and co-add together FITS images

swh-lv2/stable 1.0.16+git20160519~repack0-4+b1 arm64
  Steve Harris's SWH plugins ported to LV2

t1-teams/stable 4.18+num2 all
  Teams -- a PostScript font covering ASCII and basic Cyrillic

t1utils/stable 1.41-4+b1 arm64
  Collection of simple Type 1 font manipulation programs

t2html/stable 2020.08.19+git2d9159d-1 all
  text to HTML converter implemented in Perl

tanidvr/stable 1.4.1-2+b1 arm64
  tool for DVRs and IP cameras based on DVR-IP protocol used by Dahua

tcl-combat/stable 0.8.1-1.1 all
  CORBA scripting with Tcl

tcl-funtools/stable 1.4.8-1.1+b2 arm64
  Minimal buy-in FITS library (Tcl interface)

tcl-trf/stable 2.1.4-dfsg3-8 arm64
  Tcl data transformations - runtime library

tcl-trf-dev/stable 2.1.4-dfsg3-8 arm64
  Tcl data transformations - development files

tcl-trf-doc/stable 2.1.4-dfsg3-8 all
  Tcl data transformations - documentation

tcpick/stable 0.2.1-11+b3 arm64
  TCP stream sniffer and connection tracker

tcs/stable 1-11.1+b2 arm64
  character set translator

tdom/stable 0.9.5.1-3 arm64
  fast XML/DOM/XPath/XSLT/HTML/JSON extension for Tcl written in C

tdom-dev/stable 0.9.5.1-3 arm64
  header files and development libraries for tDOM

termtosvg/stable 1.1.0+dfsg-5 all
  record terminal sessions as standalone SVG animations

teseq/stable 1.1.1-5+b1 arm64
  utility for rendering terminal typescripts human-readable

testdisk/stable 7.2-0.1 arm64
  Partition scanner and disk recovery tool, and PhotoRec file recovery tool

texlive-extra-utils/stable 2024.20250309-2 all
  TeX Live: TeX auxiliary programs

texlive-fonts-extra/stable 2024.20250309-2 all
  TeX Live: Additional fonts

texlive-games/stable 2024.20250309-2 all
  TeX Live: Games typesetting

texlive-lang-english/stable 2024.20250309-1 all
  TeX Live: US and UK English

texlive-latex-extra/stable 2024.20250309-2 all
  TeX Live: LaTeX additional packages

texlive-metapost/stable 2024.20250309-1 all
  TeX Live: MetaPost and Metafont packages

texlive-plain-generic/stable 2024.20250309-2 all
  TeX Live: Plain (La)TeX packages

texlive-publishers/stable 2024.20250309-2 all
  TeX Live: Publisher styles, theses, etc.

textdraw/stable 0.2+ds-1 arm64
  Tool to draw/modify/move geometric figures & text for ASCII art

timelord/stable 4.2.3~ds-1+deb13u2 arm64
  AppleTalk Network Suite (Timelord Time Server)

tintii/stable 2.10.0-3+b5 arm64
  photo filter for easy color effects

tinyirc/stable 1:1.1.dfsg.1-5+b1 arm64
  tiny IRC client

toga2/stable 3.0.0.1SE1-4 arm64
  computer chess engine, calculates chess moves

tran/stable 5-3 all
  transcribe between character scripts (alphabets)

trend/stable 1.4-3+b1 arm64
  general-purpose, efficient trend graph

triehash/stable 0.3-3 all
  Generates perfect hash functions as native machine code

triggerhappy/stable 0.5.0-1.1+b4 arm64
  global hotkey daemon for Linux

tryton-modules-account-es-sii/stable 7.0.4-1 all
  Tryton application platform - acounts spanish sii module

tryton-modules-edocument-uncefact/stable 7.0.1-3 all
  Tryton application platform - edocument un/cefact module

tty-record/stable 0.1.0+git20240821.2a020f5+ds-1+b8 arm64
  Simple tool to record a terminal session

ttyload/stable 0.5+20131024+gitf949537-5+b1 arm64
  console based color-coded graphs of CPU load average

txt2man/stable 1.7.1-5 all
  convert flat ASCII text to manpage format

uc-echo/stable 1.12-19+b2 arm64
  error correction algorithm designed for short-reads from NGS

udo/stable 6.4.1-8+b1 arm64
  universal document - text processing utility

udo-doc-de/stable 6.4.1-8 all
  universal document - German documentation

udo-doc-en/stable 6.4.1-8 all
  universal document - English documentation

uhubctl/stable 2.6.0-1 arm64
  USB hub per-port power control

uim-viqr/stable 1:1.9.6-1 all
  Universal Input Method - Vietnamese Quoted-Readable support metapackage

uni2ascii/stable 4.20-1 arm64
  UTF-8 to 7-bit ASCII and vice versa converter

unibetacode/stable 2.3-5 arm64
  convert classical Greek and Coptic between Beta Code and Unicode

unicode-idna/stable 16.0.0-1 all
  unicode IDNA compatible processing data

utf8gen/stable 1.1-5 arm64
  convert ASCII hexadecimal Unicode code points to UTF-8

utfcheck/stable 1.2-3+b1 arm64
  check validity of UTF-8 and ASCII files

vbindiff/stable 3.0-beta5-2+b1 arm64
  visual binary diff, visually compare binary files

vilistextum/stable 2.6.9-1.4 arm64
  a HTML to text converter

vim-syntastic/stable 3.10.0-3 all
  Syntax checking hacks for vim

vim-voom/stable 5.3-8 all
  Vim two-pane outliner

vnlog/stable 1.40-1 all
  Toolkit to read/write/manipulate whitespace-separated ASCII logs

wavtool-pl/stable 0.20150501-3+b1 arm64
  tool to concatenate wav files

wego/stable 2.3-2+b6 arm64
  weather client for the terminal

weii/stable 0.1.2-5 all
  read Wii balance board as a weight scale

widelands/stable 2:1.2.1-3 arm64
  fantasy real-time strategy game

widelands-data/stable 2:1.2.1-3 all
  fantasy real-time strategy game (data files)

wiipdf/stable 1.4-6+b1 arm64
  present a PDF file using your wiimote

wit/stable 3.01a-5 arm64
  manipulate Wii and GameCube ISO images and WBFS containers

wminput/stable 0.6.91-11 arm64
  Userspace driver for the wiimote

wmwork/stable 0.2.8-1+b1 arm64
  Keep track of time worked on projects

wxmaxima/stable 24.02.1-1+b3 arm64
  GUI for the computer algebra system Maxima

wzip/stable 1.1.7 arm64
  Lossy compression and denoising

x11-utils/stable,now 7.7+7 arm64 [installed,automatic]
  X11 utilities

xa65/stable 2.4.1-0.1+b1 arm64
  cross-assembler and utility suite for 65xx/65816 processors

xdemorse/stable 3.6.7-3 arm64
  GUI to decode Morse signals to text

xfonts-a12k12/stable 1-13 all
  12-dot Kanji & ASCII fonts for X

xfonts-marumoji/stable 0.2-12 all
  Roundish fonts (marumoji fonts) for X

xfonts-mona/stable 2.90-9 all
  Proportional X fonts for 2ch ASCII art

xfonts-terminus-dos/stable 4.48-3.1 all
  Fixed-width fonts for DOS encodings

xfonts-traditional/stable 1.8.2 all
  Traditional fixed-width fonts for X

ximtool/stable 2.2+dfsg-1 arm64
  Interactive image display program for the X Window System

xmedcon/stable 0.25.1-gtk3+dfsg-1 arm64
  Medical Image (DICOM, ECAT, ...) conversion tool (GUI)

xmms2-plugin-gme/stable 0.8+dfsg-28+b1 arm64
  XMMS2 - gme plug-in

xmpsolve/stable 3.2.1-11 arm64
  Multiprecision polynomial solver (graphical version)

xournalpp/stable 1.2.6-1 arm64
  Xournal++ - Open source hand note-taking program

xserver-xorg-input-xwiimote/stable 0.5-1+b6 arm64
  X.Org Wii remote input driver

xserver-xorg-video-amdgpu/stable 23.0.0-1+b2 arm64
  X.Org X server -- AMDGPU display driver

xserver-xorg-video-radeon/stable 1:22.0.0-1+b2 arm64
  X.Org X server -- AMD/ATI Radeon display driver

xwiimote/stable 2-4.3 arm64
  Nintendo Wii Remote Linux Device Driver Tools

yt-dlp/stable 2025.04.30-1 all
  downloader of videos from YouTube and other sites

zint/stable 2.15.0-1+b1 arm64
  command line utility to encode data in barcode symbols

zint-qt/stable 2.15.0-1+b1 arm64
  Zint Barcode Studio, a QT frontend to zint

