
WARNING: apt does not have a stable CLI interface. Use with caution in scripts.

Sorting...
Full Text Search...
4g8/stable 1.0-6+b1 arm64
  Packet Capture and Interception for Switched Networks

alttab/stable 1.7.1-4 arm64
  task switcher for minimalistic WMs or standalone X session

atuin/stable 18.6.1-1 arm64
  magical shell history

autorandr/stable 1.15-1 all
  Automatically select a display configuration for connected devices

autotiling/stable 1.9.3-1 all
  automatically switch the window split orientation in sway and i3

ava/stable 5.3.1+dfsg+~cs46.3.10-3 all
  Futuristic test runner 🚀

ayatana-indicator-keyboard/stable 24.7.2-5 arm64
  Ayatana Indicator for managing keyboard layout and desktop language

ayatana-indicator-session/stable 24.5.1-2 arm64
  Ayatana Indicator showing session management, status and user switching

bashtop/stable 0.9.25-1 all
  Resource monitor that shows usage and stats

batctl/stable 2025.0-2 arm64
  B.A.T.M.A.N. advanced control and management tool

bbswitch-dkms/stable 0.8-17 arm64
  Interface for toggling the power on NVIDIA Optimus video cards (dkms)

bbswitch-source/stable 0.8-17 arm64
  Interface for toggling the power on NVIDIA Optimus video cards

bilibop-lockfs/stable 0.6.5 all
  lock filesystems and write changes into RAM

bittwist/stable 4.7+ds-2 arm64
  libpcap based Ethernet packet generator

blight/stable 0.7.1-2+b3 arm64
  Hassle-free CLI backlight utility/library for Linux

boinctui/stable 2.7.1-1+b2 arm64
  Fullscreen text mode manager for Boinc client

bpytop/stable 1.0.68-2 all
  Resource monitor that shows usage and stats

btop/stable 1.3.2-0.1 arm64
  Modern and colorful command line resource monitor that shows usage and stats

budgie-keyboard-autoswitch-applet/stable 1.9.0-1 all
  Applet adding the ability to set a different keyboard layout per application

budgie-window-shuffler/stable 1.9.0-1 arm64
  Keyboard and GUI friendly window-tiling capability

buku/stable 4.9+ds-1 all
  Powerful command-line bookmark manager

cairo-dock-switcher-plug-in/stable 3.5.1-1 arm64
  Switcher plug-in for Cairo-dock

callaudiod/stable 0.1.10-1+b2 arm64
  Call audio routing daemon

caribou/stable 0.4.21-10 arm64
  Configurable on screen keyboard with scanning mode

caribou-antler/stable 0.4.21-10 all
  Configurable on screen keyboard with scanning mode

ciderwebmail/stable 1.05+20240702-1 all
  IMAP webmail service

cmock/stable 2.5.3+git40-g379a9a8-2 all
  mock and stub generator and runtime for unit testing C

collectd-core/stable 5.12.0-26 arm64
  statistics collection and monitoring daemon (core system)

color-picker/stable 1.0.3-3+b1 arm64
  Powerful screen color picker based on Qt

colplot/stable 5.2.0-1.3 all
  Utility to plot performance data from collectl

complexity/stable 1.13-1+b2 arm64
  tool for analyzing the complexity of C program functions

complexity-doc/stable 1.13-1 all
  tool for analyzing the complexity of C program (documentation)

console-setup/stable 1.242~deb13u1 all
  console font and keymap setup program

console-setup-mini/stable 1.242~deb13u1 all
  console font and keymap setup program - reduced version for Linux

cwdaemon/stable 0.10.2-3+b4 arm64
  morse daemon for the parallel or serial port

dbus-user-session/stable,now 1.16.2-2 arm64 [installed,automatic]
  simple interprocess messaging system (systemd --user integration)

debian-lomiri-default-settings/stable 0.3-11 all
  Debian's default settings for the Lomiri Operating Environment

dekko/stable 0.4.1+dfsg-8 arm64
  Convergent email client

desktop-autoloader/stable 0.0.4-2 all
  Accelerate Diskless Workstation systems by pre-loading a dummy Desktop Session

dh-nss/stable 1.7 all
  debhelper addon to inject NSS services into /etc/nsswitch.conf

dish/stable 1.19.1-1.1 all
  diligence/distributed shell for parallel sysadmin

dmarcts-report-parser/stable 1.0+git20230715.9dd92cf-3 all
  Perl based tool to parse DMARC reports

dot-forward/stable 1:0.71-8 arm64
  reads sendmail's .forward files under qmail

driftnet/stable 1.5.0-0.2+b1 arm64
  picks out and displays images from network traffic

drs4eb/stable 5.0.6+git20211217+ds-4+b1 arm64
  DRS4 Evaluation Board software

dvblast/stable 3.4-1+b2 arm64
  Simple and powerful dvb-streaming application

e2wm/stable 1.4-4 all
  simple window manager for emacs

electrum/stable 4.5.8+ds-6 all
  Easy to use Bitcoin client

elpa-ace-window/stable 0.10.0-3 all
  selecting a window to switch to

elpa-activities/stable 0.7.2-1 all
  Save/restore sets of windows, tabs/frames, and their buffers in Emacs

elpa-auto-dictionary/stable 1.1+14.gb364e08-5 all
  automatic dictionary switcher for Emacs spell checking

elpa-bar-cursor/stable 2.0-2 all
  switch Emacs block cursor to a bar

elpa-browse-kill-ring/stable 2.0.0-5 all
  interactively insert items from kill-ring

elpa-cfrs/stable 1.6.0-4 all
  Child-frame based read-string for Emacs

elpa-consult/stable 2.3-1 all
  Useful commands based on completing-read for Emacs

elpa-embark/stable 1.1-2 all
  Emacs Mini-Buffer Actions Rooted in Keymaps

elpa-magit-popup/stable 2.13.3-2 all
  Use popup like Magit

elpa-org-tree-slide/stable 2.8.16+git20201215.d6e8e91-3 all
  presentation tool for org-mode

elpa-perspective/stable 2.2-5 all
  tagged workspaces in Emacs

elpa-popon/stable 0.13-3 all
  Pop floating text on an Emacs window

elpa-projectile/stable 2.8.0-2 all
  project interaction library for Emacs

elpa-super-save/stable 0.4.0-2 all
  auto-save buffers, based on your activity

elpa-tabbar/stable 2.2-6 all
  Emacs minor mode that displays a tab bar at the top

enlex-data/stable 1.0m-2 all
  English pronunciation dictionary

erlang-luerl/stable 1:1.2.3-1+b1 arm64
  implementation of Lua in Erlang

erlang-yapp/stable 2.2.0+dfsg-2 arm64
  Erlang application for deploying Yaws webserver applications

ettercap-common/stable 1:0.8.3.1-14 arm64
  Multipurpose sniffer/interceptor/logger for switched LAN

ettercap-graphical/stable 1:0.8.3.1-14 arm64
  Ettercap GUI-enabled executable

ettercap-text-only/stable 1:0.8.3.1-14 arm64
  Ettercap console-mode executable

fake/stable 1.1.11-3.1+b1 arm64
  IP address takeover tool

fastnetmon/stable 1.2.9-0+deb13u1 arm64
  fast DDoS analyzer with sflow/netflow/mirror support (community edition)

fbterm/stable 1.7-5+b1 arm64
  fast framebuffer based terminal emulator for Linux

fcitx-imlist/stable 0.5.1-9+b2 arm64
  Command-line utility to switch list of Fcitx IM

fcitx-table-cangjie/stable 1:4.2.9.9-2 all
  Flexible Input Method Framework - Cangjie table (DO NOT USE)

fence-agents-apc/stable 4.16.0-3 all
  Fence Agents for Red Hat Cluster - APC over telnet/ssh agent

fence-agents-apc-snmp/stable 4.16.0-3 all
  Fence Agents for Red Hat Cluster - APC over SNMP agent

fence-agents-brocade/stable 4.16.0-3 all
  Fence Agents for Red Hat Cluster - HP Brocade agent

fence-agents-cdu/stable 4.16.0-3 all
  Fence Agents for Red Hat Cluster - Sentry Switch CDU agent

fence-agents-cyberpower-ssh/stable 4.16.0-3 all
  Fence Agents for Red Hat Cluster - CyberPower agent

fence-agents-eaton-snmp/stable 4.16.0-3 all
  Fence Agents for Red Hat Cluster - Eaton SNMP agent

fence-agents-eps/stable 4.16.0-3 all
  Fence Agents for Red Hat Cluster - ePowerSwitch agent

fence-agents-ifmib/stable 4.16.0-3 all
  Fence Agents for Red Hat Cluster - IF-MIB SNMP agent

fence-agents-ipdu/stable 4.16.0-3 all
  Fence Agents for Red Hat Cluster - IBM iPDU agent

fence-agents-lindy-pdu/stable 4.16.0-3 all
  Fence Agents for Red Hat Cluster - Lindy PDU agent

fence-agents-rcd-serial/stable 4.16.0-3 all
  Fence Agents for Red Hat Cluster - RCD serial agent

fence-agents-sanbox2/stable 4.16.0-3 all
  Fence Agents for Red Hat Cluster - QLogic SANBox2 FC switch agent

fence-agents-wti/stable 4.16.0-3 all
  Fence Agents for Red Hat Cluster - WTI Network Power Switch agent

fence-agents-xenapi/stable 4.16.0-3 all
  Fence Agents for Red Hat Cluster - Citrix XenServer agent

fgallery/stable 1.9.1+ds-2 all
  static HTML+JavaScript photo album generator

fil-plugins/stable 0.3.0-7+b1 arm64
  parametric equalizer LADSPA plugin

filius/stable 2.8.0+ds-2 all
  educational network simulator

fitsh/stable 0.9.4-1+b1 arm64
  Software package for astronomical image processing

fluidr3mono-gm-soundfont/stable 2.315-7 all
  Fluid (R3) Mono GM SoundFont from MuseScore 2.1 (lossy)

fookb/stable 4.1-3+b2 arm64
  Xkb state indicator

foremost/stable 1.5.7-11+b1 arm64
  forensic program to recover lost files

frr/stable 10.3-3+deb13u1 arm64
  FRRouting Internet routing protocol suite

ftp-proxy/stable 1.9.2.4-11+b1 arm64
  application level proxy for the FTP protocol

gdm3/stable 48.0-2 arm64
  GNOME Display Manager

geany-plugin-addons/stable 2.0-6+b1 arm64
  miscellaneous plugins for Geany

geany-plugin-codenav/stable 2.0-6+b1 arm64
  code navigation plugin for Geany

geany-plugin-debugger/stable 2.0-6+b1 arm64
  debugger plugin for Geany

geany-plugin-scope/stable 2.0-6+b1 arm64
  graphical GDB front-end for Geany

gemmi/stable 0.6.5+ds-3 arm64
  library for structural biology - executable

gemmi-dev/stable 0.6.5+ds-3 arm64
  library for structural biology

genparse/stable 0.9.3-2+b1 arm64
  command line parser generator

gff2aplot/stable 2.0-15+b2 arm64
  pair-wise alignment-plots for genomic sequences in PostScript

gir1.2-caribou-1.0/stable 0.4.21-10 arm64
  GObject introspection for the Caribou library

gir1.2-gdm-1.0/stable 48.0-2 arm64
  GObject introspection data for the GNOME Display Manager

gir1.2-urfkill-0.5/stable 0.5.0-7.3 arm64
  GObject introspection data for the urfkill library

gitg/stable 44-2 arm64
  git repository viewer

gkrellm-xkb/stable 1.05-7 arm64
  Keyboard layout indicator plugin for GKrellM

glab/stable 1.53.0-1+b3 arm64
  commandline interface for gitlab instances

gnome-applets/stable 3.56.0-1 arm64
  Various applets for the GNOME panel - binary files

gnome-classic/stable 48.2-1 all
  Classic version of the GNOME desktop

gnome-classic-xsession/stable 48.2-1 all
  Classic version of the GNOME desktop using Xorg

gnome-flashback/stable 3.56.0-1 arm64
  helper application for the GNOME Flashback session

gnome-screensaver/stable 3.6.1-14 arm64
  Screensaver and screen lock formerly used in GNOME

gnome-shell/stable 48.7-0+deb13u2 arm64
  graphical shell for the GNOME desktop

gnome-shell-extension-dashtodock/stable 100-2 all
  dash-to-dock extension for GNOME shell

gnome-shell-extension-light-style/stable 48.2-1 all
  GNOME Shell extension to switch the Shell to light style

gnome-shell-extension-user-theme/stable 48.2-1 all
  GNOME Shell extension to load alternative GNOME Shell themes

gnome-shell-extension-workspace-indicator/stable 48.2-1 all
  Workspace indicator for GNOME Shell

gnome-shell-extensions-extra/stable 20250312-1 all
  Conglomeration package of GNOME Shell extensions

golang-debian-vasudev-gospake2-dev/stable 0.2.1-2 all
  Go SPAKE2 Implementation (library)

golang-github-gorilla-sessions-dev/stable 1.2.1-1 all
  save cookie and filesystem sessions and allow custom session backends

golang-github-opentracing-opentracing-go-dev/stable 1.2.0-2 all
  Go platform API for OpenTracing

golang-github-ovn-org-libovsdb-dev/stable 0.7.0-1 all
  OVSDB Client Library

golang-github-socketplane-libovsdb-dev/stable 0.1+git20160503.9.d4b9e7a53548-2.1 all
  OVSDB client library written in Go

golang-github-stevvooe-resumable-dev/stable 0.0~git20150521.0.51ad441-2.1 all
  Subset of the Go `crypto` Package with a Resumable Hash Interface

golang-github-viant-assertly-dev/stable 0.5.4-1 all
  Arbitraty datastructure validation golang library

golang-github-xtaci-kcp-dev/stable 5.6.1-2 all
  Full-Featured Reliable-UDP Library for golang

gosu/stable 1.17-3+b4 arm64
  Simple Go-based setuid+setgid+setgroups+exec

gradle-completion/stable 1.3.1-1.1 all
  Bash and Zsh completion support for Gradle

gtk-chtheme/stable 0.3.1-6.2+b1 arm64
  GTK+ 2.0 theme changer and previewer utility

gtk-theme-switch/stable 2.1.0-6 arm64
  GTK+ theme switching utility

gupnp-tools/stable 0.12.2-1+b1 arm64
  tools for testing UPnP devices and control points

gxkb/stable 0.9.6+ds-1 arm64
  X11 keyboard indicator and switcher

gxneur/stable 0.20.0-2.2+b2 arm64
  GTK+ frontend for xneur keyboard layout switcher

hp-search-mac/stable 0.1.5.2 all
  Search for a MAC address on HP switches

hpanel/stable 0.3.2-8+b2 arm64
  minimalist panel for X

hunt/stable 1.5-10 arm64
  advanced packet sniffer and connection intrusion

ibus-pinyin/stable 1.5.1-1+b1 arm64
  Pinyin engine for IBus

ifenslave/stable 2.14 all
  configure network interfaces for parallel routing (bonding)

ikvswitch/stable 1.0.4+deb13u1 all
  virtual switch infrastructure designed for complex network deployment testing

im-config/stable 0.57-2 all
  Input method configuration framework

indi-astrolink4/stable 0.1+20221223182627-1+b1 arm64
  INDI driver for Astrolink 4.0 devices

infiniband-diags/stable 56.1-1 arm64
  InfiniBand diagnostic programs

init-system-helpers/stable,now 1.69~deb13u1 all [installed]
  helper tools for all init systems

irsim/stable 9.7.104-1.1 arm64
  Switch-level simulator

irssi-scripts/stable 20231031 all
  collection of scripts for irssi

iw/stable 6.9-1+b1 arm64
  tool for configuring Linux wireless devices

java-common/stable 0.76 all
  Base package for Java runtimes

jdupes/stable 1.28.0-1+deb13u1 arm64
  identify and delete or link duplicate files

jed-extra/stable 2.5.7-9 all
  collection of useful Jed modes and utilities

jest/stable 29.6.2~ds1+~cs73.45.28-5 all
  Delightful JavaScript Testing

juff-dev/stable 0.10-89-g3690b60-8.1+b1 arm64
  Lightweight yet powerful Qt text editor - development files

juffed/stable 0.10-89-g3690b60-8.1+b1 arm64
  Lightweight yet powerful Qt text editor

juffed-plugins/stable 0.10-89-g3690b60-8.1+b1 arm64
  Lightweight yet powerful Qt text editor - plugins

junior-system/stable 1.32 all
  Debian Jr. System tools

kbdd/stable 0.6-4+b2 arm64
  Per-window keyboard layout switching daemon for X

kchmviewer/stable 8.0-2+b3 arm64
  CHM viewer for KDE

kephra/stable 0.4.3.34+dfsg-4 all
  gui text editor along Perl alike Paradigms

knot-resolver/stable 5.7.5-1 arm64
  caching, DNSSEC-validating DNS resolver

komposter/stable 0+git20201216+ds1-1 arm64
  lightweight music composing system

konq-plugins/stable 4:25.04.0-1 arm64
  plugins for Konqueror, the KDE file/web/document browser

kubectx/stable 0.9.5-2+b10 arm64
  Fast way to switch between clusters and namespaces in kubectl

kuttypy-gui/stable 2.3-2 all
  Graphic user interface to interact with KuttyPy

kwin-addons/stable 4:6.3.5-1 arm64
  additional desktop and window switchers for KWin

kwin-common/stable 4:6.3.6-1 arm64
  KDE window manager, common files

kwin-data/stable 4:6.3.6-1 all
  KDE window manager data files

kwin-dev/stable 4:6.3.6-1 arm64
  KDE window manager - devel files

kwin-wayland/stable 4:6.3.6-1 arm64
  KDE window manager, Wayland version

kwin-x11/stable 4:6.3.6-1 arm64
  KDE window manager, X11 version

kylin-display-switch/stable 4.0.0.2-1 arm64
  transitional package

ladvd/stable 1.1.2-4+b1 arm64
  LLDP/CDP sender

lcmaps-plugins-basic-posixenf/stable 1.7.1-2+b2 arm64
  LCMAPS plug-in to switch user identity

legit/stable 1.2.0.post0-5 all
  Git extension to assist in manipulating branches

lemonbar/stable 1.5-1 arm64
  lightweight bar based on XCB

libappconfig-std-perl/stable 1.10-2 all
  Perl module for standard app configuration

libboost-coroutine-dev/stable 1.83.0.2+b2 arm64
  provides a sort of cooperative multitasking on a single thread (default version)

libboost-coroutine1.83-dev/stable 1.83.0-4.2 arm64
  provides a sort of cooperative multitasking on a single thread

libboost-coroutine1.83.0/stable 1.83.0-4.2 arm64
  provides a sort of cooperative multitasking on a single thread

libboost-coroutine1.88-dev/stable 1.88.0-1 arm64
  provides a sort of cooperative multitasking on a single thread

libboost-coroutine1.88.0/stable 1.88.0-1 arm64
  provides a sort of cooperative multitasking on a single thread

libboost-fiber-dev/stable 1.83.0.2+b2 arm64
  cooperatively-scheduled micro-/userland-threads (default version)

libboost-fiber1.83-dev/stable 1.83.0-4.2 arm64
  cooperatively-scheduled micro-/userland-threads

libboost-fiber1.83.0/stable 1.83.0-4.2 arm64
  cooperatively-scheduled micro-/userland-threads

libboost-fiber1.88-dev/stable 1.88.0-1 arm64
  cooperatively-scheduled micro-/userland-threads

libboost-fiber1.88.0/stable 1.88.0-1 arm64
  cooperatively-scheduled micro-/userland-threads

libcallaudio-0-1/stable 0.1.10-1+b2 arm64
  Library for audio routing during voice calls

libcallaudio-dev/stable 0.1.10-1+b2 arm64
  Development files for libcallaudio

libcallaudio-doc/stable 0.1.10-1 all
  Documentation for libcallaudio's API

libcallaudio-tools/stable 0.1.10-1+b2 arm64
  Helper tools for libcallaudio

libcaribou-common/stable 0.4.21-10 all
  Configurable on screen keyboard with scanning mode - common files

libcaribou-dev/stable 0.4.21-10 arm64
  Configurable on screen keyboard - library (development)

libcaribou-gtk-module/stable 0.4.21-10 arm64
  Configurable on screen keyboard with scanning mode (GTK+ 2.0 module)

libcaribou-gtk3-module/stable 0.4.21-10 arm64
  Configurable on screen keyboard with scanning mode (GTK+ 3.0 module)

libcaribou0/stable 0.4.21-10 arm64
  Configurable on screen keyboard with scanning mode - library

libcatalyst-controller-actionrole-perl/stable 0.17-2 all
  module for applying roles to action instances

libcgi-application-plugin-anytemplate-perl/stable 0.18-3 all
  module supporting any templating system in CGI::Application

libcgi-application-plugin-ratelimit-perl/stable 1.0-4 all
  Perl module for limiting the runmode call rate per user

libchardet-dev/stable 1.0.6-1 arm64
  universal charset detection library - development files

libchardet1t64/stable 1.0.6-1 arm64
  universal charset detection library - shared library

libcoro-perl/stable 6.570-4 arm64
  Perl framework implementing coroutines

libdaemon-control-perl/stable 0.001010-1 all
  module for creating init scripts in Perl

libdancer2-plugin-passphrase-perl/stable 3.4.1-1 all
  passphrases and passwords as objects for Dancer2

libdatetime-timezone-systemv-perl/stable 0.010-2 all
  System V and POSIX timezone strings

libdbd-freetds/stable 0.9.0-13 arm64
  Freetds database server driver for libdbi

libdbd-mysql/stable 0.9.0-13 arm64
  MySQL database server driver for libdbi

libdbd-pgsql/stable 0.9.0-13 arm64
  PostgreSQL database server driver for libdbi

libdbd-sqlite3/stable 0.9.0-13 arm64
  SQLite3 database driver for libdbi

libexpect-perl/stable 1.38-1 all
  Perl Expect interface

libexporter-renaming-perl/stable 1.19-3 all
  facility to rename symbols when imported

libgdm-dev/stable 48.0-2 arm64
  GNOME Display Manager (development files)

libgdm1/stable 48.0-2 arm64
  GNOME Display Manager (shared library)

libgetopt-simple-perl/stable 1.52-7 all
  provide a simple wrapper around Getopt::Long

libghc-base-compat-batteries-dev/stable 0.13.1-1+b1 arm64
  base-compat with extra batteries

libghc-base-compat-batteries-doc/stable 0.13.1-1 all
  base-compat with extra batteries; documentation

libghc-base-compat-batteries-prof/stable 0.13.1-1+b1 arm64
  base-compat with extra batteries; profiling libraries

libghc-ifelse-dev/stable 0.85-19+b1 arm64
  anaphoric and miscellaneous useful control-flow

libghc-ifelse-doc/stable 0.85-19 all
  anaphoric and miscellaneous useful control-flow; documentation

libghc-ifelse-prof/stable 0.85-19+b1 arm64
  anaphoric and miscellaneous useful control-flow; profiling libraries

libghc-ixset-typed-dev/stable 0.5.1.0-3+b1 arm64
  efficient relational queries on Haskell sets

libghc-ixset-typed-doc/stable 0.5.1.0-3 all
  efficient relational queries on Haskell sets; documentation

libghc-ixset-typed-prof/stable 0.5.1.0-3+b1 arm64
  efficient relational queries on Haskell sets; profiling libraries

libghc-versions-dev/stable 6.0.7-2+b1 arm64
  Types and parsers for software version numbers.

libghc-versions-doc/stable 6.0.7-2 all
  Types and parsers for software version numbers.; documentation

libghc-versions-prof/stable 6.0.7-2+b1 arm64
  Types and parsers for software version numbers.; profiling libraries

libglib2.0-dev/stable 2.84.4-3~deb13u3 arm64
  Development metapackage for the GLib family of libraries

libgssglue1/stable 0.9-1.1 arm64
  mechanism-switch gssapi library

libhtml-formatexternal-perl/stable 26-6 all
  HTML to text formatting using external programs

libibnetdisc-dev/stable 56.1-1 arm64
  InfiniBand diagnostics library headers

libibnetdisc5t64/stable 56.1-1 arm64
  InfiniBand diagnostics library

libjsap-java/stable 2.1-5 all
  Java Simple Argument Parser

libjsap-java-doc/stable 2.1-5 all
  Java Simple Argument Parser (documentation)

libjuff0.10t64/stable 0.10-89-g3690b60-8.1+b1 arm64
  Lightweight yet powerful Qt text editor - library

libknet-dev/stable 1.31-1 arm64
  kronosnet core switching implementation (developer files)

libknet1t64/stable 1.31-1 arm64
  kronosnet core switching implementation

libkwin6/stable 4:6.3.6-1 arm64
  KDE window manager library

liblightdm-qt5-3-dev/stable 1.32.0-6+b2 arm64
  LightDM Qt 5 client library (development files)

liblog-contextual-perl/stable 0.009001-1 all
  module for simple contextual logging

liblogback-java/stable 1:1.2.11-6 all
  flexible logging library for Java

liblomiri-private0/stable 0.5.0-2 arm64
  Lomiri Operating Environment's Shell (private libs)

libnet-dns-fingerprint-perl/stable 20190131-1.1 all
  library to determine DNS server vendor, product and version

libnet-https-any-perl/stable 0.12-3 all
  wrapper around Net::SSLeay

libnet-smtps-perl/stable 0.10-2 all
  SSL/STARTTLS support for Net::SMTP

libnet-telnet-cisco-perl/stable 1.12-2 all
  Additional functionality to automate Cisco management

libnss-cache/stable 0.22-1 arm64
  NSS module for using nsscache-generated files

libnss-docker/stable 0.02-1.1+b2 arm64
  nss module for finding Docker containers

libnss-extrausers/stable 0.6-6+b1 arm64
  nss module to have an additional passwd, shadow and group file

libnss-ldapd/stable 0.9.13-1 arm64
  NSS module for using LDAP as a naming service

libnss-mdns/stable 0.15.1-4+b1 arm64
  NSS module for Multicast DNS name resolution

libnss-myhostname/stable 257.13-1~deb13u1 arm64
  nss module providing fallback resolution for the current hostname

libnss-mymachines/stable 257.13-1~deb13u1 arm64
  nss module to resolve hostnames for local container instances

libnss-mysql/stable 1.6.1-2 arm64
  NSS module for using MySQL/MariaDB as a naming service

libnss-nis/stable 3.1-5+b1 arm64
  NSS module for using NIS as a naming service

libnss-nisplus/stable 1.3-5+b2 arm64
  NSS module for using NIS+ as a naming service

libnss-resolve/stable 257.13-1~deb13u1 arm64
  nss module to resolve names via systemd-resolved

libnss-systemd/stable 257.13-1~deb13u1 arm64
  nss module providing dynamic user and group name resolution

libnss-tls/stable 1.1-3+b3 arm64
  NSS module for encrypted DNS name resolution

libnss-wrapper/stable 1.1.16-1 arm64
  NSS wrapper library

libntruprime1/stable 0~20241021-2 arm64
  microlibrary for Streamlined NTRU Prime - shared library

libnum-ocaml/stable 1.5-1+b3 arm64
  library for arbitrary-precision and rational arithmetic (runtime)

libnum-ocaml-dev/stable 1.5-1+b3 arm64
  library for arbitrary-precision and rational arithmetic (development)

libogmrip-dev/stable 1.0.1-5 arm64
  Application for ripping and encoding DVD - development files

libogmrip1/stable 1.0.1-5 arm64
  Application for ripping and encoding DVD - libraries files

libolap4j-java/stable 1.3.0+dfsg-1 all
  unified Java API to access an OLAP server

libolap4j-java-doc/stable 1.3.0+dfsg-1 all
  unified Java API to access an OLAP server - documentation

libosmomtp0/stable 1.9.0+dfsg1-6 arm64
  Message Transfer Part for Signaling System 7

libpam0g/stable,now 1.7.0-5 arm64 [installed]
  Pluggable Authentication Modules library

libpapilo-clusol0d/stable 2.4.1+ds-1 arm64
  Parallel Presolve for Integer and Linear Optimization (LUSOL library)

libpapilo-core0d/stable 2.4.1+ds-1 arm64
  Parallel Presolve for Integer and Linear Optimization (core library)

libpapilo-dev/stable 2.4.1+ds-1 arm64
  Parallel Presolve for Integer and Linear Optimization (development files)

libpgm-5.3-0t64/stable 5.3.128~dfsg-2.1+b1 arm64
  OpenPGM shared library

libpgm-dev/stable 5.3.128~dfsg-2.1+b1 arm64
  OpenPGM development files

libpoe-filter-ssl-perl/stable 0.41-3+b4 arm64
  module to make SSL in POE easy and flexible

libpri-dev/stable 1.6.0-2+b1 arm64
  Primary Rate ISDN specification development files

libpri1.4/stable 1.6.0-2+b1 arm64
  Primary Rate ISDN specification library

libqt5ct-common-dev/stable 1.8-2+b1 arm64
  development files for Qt5 Configuration Utility

libqt5ct-common1.8/stable 1.8-2+b1 arm64
  common library for Qt5 Configuration Utility

libraritan-rpc-perl/stable 4.3.0+ds-1 all
  Perl module for the Raritan Xerus™ JSON-RPC interface

libreaderwriterqueue-dev/stable 1.0.6-1 all
  single-producer, single-consumer lock-free queue for C++

libreoffice-l10n-af/stable 4:25.2.3-2+deb13u6 all
  office productivity suite -- Afrikaans language package

libreoffice-l10n-am/stable 4:25.2.3-2+deb13u6 all
  office productivity suite -- Amharic language package

libreoffice-l10n-ar/stable 4:25.2.3-2+deb13u6 all
  office productivity suite -- Arabic language package

libreoffice-l10n-as/stable 4:25.2.3-2+deb13u6 all
  office productivity suite -- Assamese language package

libreoffice-l10n-ast/stable 4:25.2.3-2+deb13u6 all
  office productivity suite -- Asturian language package

libreoffice-l10n-be/stable 4:25.2.3-2+deb13u6 all
  office productivity suite -- Belarusian language package

libreoffice-l10n-bg/stable 4:25.2.3-2+deb13u6 all
  office productivity suite -- Bulgarian language package

libreoffice-l10n-bn/stable 4:25.2.3-2+deb13u6 all
  office productivity suite -- Bengali language package

libreoffice-l10n-br/stable 4:25.2.3-2+deb13u6 all
  office productivity suite -- Breton language package

libreoffice-l10n-bs/stable 4:25.2.3-2+deb13u6 all
  office productivity suite -- Bosnian language package

libreoffice-l10n-ca/stable 4:25.2.3-2+deb13u6 all
  office productivity suite -- Catalan language package

libreoffice-l10n-cs/stable 4:25.2.3-2+deb13u6 all
  office productivity suite -- Czech language package

libreoffice-l10n-cy/stable 4:25.2.3-2+deb13u6 all
  office productivity suite -- Welsh language package

libreoffice-l10n-da/stable 4:25.2.3-2+deb13u6 all
  office productivity suite -- Danish language package

libreoffice-l10n-de/stable 4:25.2.3-2+deb13u6 all
  office productivity suite -- German language package

libreoffice-l10n-dz/stable 4:25.2.3-2+deb13u6 all
  office productivity suite -- Dzongkha language package

libreoffice-l10n-el/stable 4:25.2.3-2+deb13u6 all
  office productivity suite -- Greek language package

libreoffice-l10n-en-gb/stable 4:25.2.3-2+deb13u6 all
  office productivity suite -- English_british language package

libreoffice-l10n-en-za/stable 4:25.2.3-2+deb13u6 all
  office productivity suite -- English_southafrican language package

libreoffice-l10n-eo/stable 4:25.2.3-2+deb13u6 all
  office productivity suite -- Esperanto language package

libreoffice-l10n-es/stable 4:25.2.3-2+deb13u6 all
  office productivity suite -- Spanish language package

libreoffice-l10n-et/stable 4:25.2.3-2+deb13u6 all
  office productivity suite -- Estonian language package

libreoffice-l10n-eu/stable 4:25.2.3-2+deb13u6 all
  office productivity suite -- Basque language package

libreoffice-l10n-fa/stable 4:25.2.3-2+deb13u6 all
  office productivity suite -- Farsi language package

libreoffice-l10n-fi/stable 4:25.2.3-2+deb13u6 all
  office productivity suite -- Finnish language package

libreoffice-l10n-fr/stable 4:25.2.3-2+deb13u6 all
  office productivity suite -- French language package

libreoffice-l10n-ga/stable 4:25.2.3-2+deb13u6 all
  office productivity suite -- Gaelic language package

libreoffice-l10n-gd/stable 4:25.2.3-2+deb13u6 all
  office productivity suite -- Scottish_gaelic language package

libreoffice-l10n-gl/stable 4:25.2.3-2+deb13u6 all
  office productivity suite -- Galician language package

libreoffice-l10n-gu/stable 4:25.2.3-2+deb13u6 all
  office productivity suite -- Gujarati language package

libreoffice-l10n-gug/stable 4:25.2.3-2+deb13u6 all
  office productivity suite -- Guarani language package

libreoffice-l10n-he/stable 4:25.2.3-2+deb13u6 all
  office productivity suite -- Hebrew language package

libreoffice-l10n-hi/stable 4:25.2.3-2+deb13u6 all
  office productivity suite -- Hindi language package

libreoffice-l10n-hr/stable 4:25.2.3-2+deb13u6 all
  office productivity suite -- Croatian language package

libreoffice-l10n-hu/stable 4:25.2.3-2+deb13u6 all
  office productivity suite -- Hungarian language package

libreoffice-l10n-hy/stable 4:25.2.3-2+deb13u6 all
  office productivity suite -- Armenian language package

libreoffice-l10n-id/stable 4:25.2.3-2+deb13u6 all
  office productivity suite -- Indonesian language package

libreoffice-l10n-is/stable 4:25.2.3-2+deb13u6 all
  office productivity suite -- Icelandic language package

libreoffice-l10n-it/stable 4:25.2.3-2+deb13u6 all
  office productivity suite -- Italian language package

libreoffice-l10n-ja/stable 4:25.2.3-2+deb13u6 all
  office productivity suite -- Japanese language package

libreoffice-l10n-ka/stable 4:25.2.3-2+deb13u6 all
  office productivity suite -- Georgian language package

libreoffice-l10n-kk/stable 4:25.2.3-2+deb13u6 all
  office productivity suite -- Kazakh language package

libreoffice-l10n-km/stable 4:25.2.3-2+deb13u6 all
  office productivity suite -- Khmer language package

libreoffice-l10n-kmr/stable 4:25.2.3-2+deb13u6 all
  office productivity suite -- Kurmanji language package

libreoffice-l10n-kn/stable 4:25.2.3-2+deb13u6 all
  office productivity suite -- Kannada language package

libreoffice-l10n-ko/stable 4:25.2.3-2+deb13u6 all
  office productivity suite -- Korean language package

libreoffice-l10n-lt/stable 4:25.2.3-2+deb13u6 all
  office productivity suite -- Lithuanian language package

libreoffice-l10n-lv/stable 4:25.2.3-2+deb13u6 all
  office productivity suite -- Latvian language package

libreoffice-l10n-mk/stable 4:25.2.3-2+deb13u6 all
  office productivity suite -- Macedonian language package

libreoffice-l10n-ml/stable 4:25.2.3-2+deb13u6 all
  office productivity suite -- Malayalam language package

libreoffice-l10n-mn/stable 4:25.2.3-2+deb13u6 all
  office productivity suite -- Mongolian language package

libreoffice-l10n-mr/stable 4:25.2.3-2+deb13u6 all
  office productivity suite -- Marathi language package

libreoffice-l10n-nb/stable 4:25.2.3-2+deb13u6 all
  office productivity suite -- Norwegian_bokmal language package

libreoffice-l10n-ne/stable 4:25.2.3-2+deb13u6 all
  office productivity suite -- Nepalese language package

libreoffice-l10n-nl/stable 4:25.2.3-2+deb13u6 all
  office productivity suite -- Dutch language package

libreoffice-l10n-nn/stable 4:25.2.3-2+deb13u6 all
  office productivity suite -- Norwegian_nynorsk language package

libreoffice-l10n-nr/stable 4:25.2.3-2+deb13u6 all
  office productivity suite -- Ndebele language package

libreoffice-l10n-nso/stable 4:25.2.3-2+deb13u6 all
  office productivity suite -- Northern_sotho language package

libreoffice-l10n-oc/stable 4:25.2.3-2+deb13u6 all
  office productivity suite -- Occitan language package

libreoffice-l10n-om/stable 4:25.2.3-2+deb13u6 all
  office productivity suite -- Oromo language package

libreoffice-l10n-or/stable 4:25.2.3-2+deb13u6 all
  office productivity suite -- Odia language package

libreoffice-l10n-pa-in/stable 4:25.2.3-2+deb13u6 all
  office productivity suite -- Punjabi language package

libreoffice-l10n-pl/stable 4:25.2.3-2+deb13u6 all
  office productivity suite -- Polish language package

libreoffice-l10n-pt/stable 4:25.2.3-2+deb13u6 all
  office productivity suite -- Portuguese language package

libreoffice-l10n-pt-br/stable 4:25.2.3-2+deb13u6 all
  office productivity suite -- Portuguese_brazilian language package

libreoffice-l10n-ro/stable 4:25.2.3-2+deb13u6 all
  office productivity suite -- Romanian language package

libreoffice-l10n-ru/stable 4:25.2.3-2+deb13u6 all
  office productivity suite -- Russian language package

libreoffice-l10n-rw/stable 4:25.2.3-2+deb13u6 all
  office productivity suite -- Kinarwanda language package

libreoffice-l10n-si/stable 4:25.2.3-2+deb13u6 all
  office productivity suite -- Sinhala language package

libreoffice-l10n-sk/stable 4:25.2.3-2+deb13u6 all
  office productivity suite -- Slovak language package

libreoffice-l10n-sl/stable 4:25.2.3-2+deb13u6 all
  office productivity suite -- Slovenian language package

libreoffice-l10n-sr/stable 4:25.2.3-2+deb13u6 all
  office productivity suite -- Serbian language package

libreoffice-l10n-ss/stable 4:25.2.3-2+deb13u6 all
  office productivity suite -- Swazi language package

libreoffice-l10n-st/stable 4:25.2.3-2+deb13u6 all
  office productivity suite -- Southern_sotho language package

libreoffice-l10n-sv/stable 4:25.2.3-2+deb13u6 all
  office productivity suite -- Swedish language package

libreoffice-l10n-szl/stable 4:25.2.3-2+deb13u6 all
  office productivity suite -- Upper_silesian language package

libreoffice-l10n-ta/stable 4:25.2.3-2+deb13u6 all
  office productivity suite -- Tamil language package

libreoffice-l10n-te/stable 4:25.2.3-2+deb13u6 all
  office productivity suite -- Telugu language package

libreoffice-l10n-tg/stable 4:25.2.3-2+deb13u6 all
  office productivity suite -- Tajik language package

libreoffice-l10n-th/stable 4:25.2.3-2+deb13u6 all
  office productivity suite -- Thai language package

libreoffice-l10n-tl/stable 4:25.2.3-2+deb13u6 all
  office productivity suite -- Tagalog language package

libreoffice-l10n-tn/stable 4:25.2.3-2+deb13u6 all
  office productivity suite -- Tswana language package

libreoffice-l10n-tr/stable 4:25.2.3-2+deb13u6 all
  office productivity suite -- Turkish language package

libreoffice-l10n-ts/stable 4:25.2.3-2+deb13u6 all
  office productivity suite -- Tsonga language package

libreoffice-l10n-ug/stable 4:25.2.3-2+deb13u6 all
  office productivity suite -- Uighur language package

libreoffice-l10n-uk/stable 4:25.2.3-2+deb13u6 all
  office productivity suite -- Ukrainian language package

libreoffice-l10n-uz/stable 4:25.2.3-2+deb13u6 all
  office productivity suite -- Uzbek language package

libreoffice-l10n-ve/stable 4:25.2.3-2+deb13u6 all
  office productivity suite -- Venda language package

libreoffice-l10n-vi/stable 4:25.2.3-2+deb13u6 all
  office productivity suite -- Vietnamese language package

libreoffice-l10n-xh/stable 4:25.2.3-2+deb13u6 all
  office productivity suite -- Xhosa language package

libreoffice-l10n-zh-cn/stable 4:25.2.3-2+deb13u6 all
  office productivity suite -- Chinese_simplified language package

libreoffice-l10n-zh-tw/stable 4:25.2.3-2+deb13u6 all
  office productivity suite -- Chinese_traditional language package

libreoffice-l10n-zu/stable 4:25.2.3-2+deb13u6 all
  office productivity suite -- Zulu language package

librust-swtchr-dev/stable 0.1.2-6+b4 arm64
  Gnome-style window switcher for the Sway window manager - Rust source code

libsimde-dev/stable 0.8.2-3 all
  Implementations of SIMD instructions for all systems

libsocket-getaddrinfo-perl/stable 0.22-6 all
  module implementing getaddrinfo and getnameinfo

libswitch-perl/stable 2.17-3 all
  switch statement for Perl

libsyntax-keyword-match-perl/stable 0.15-1+b1 arm64
  match/case syntax plugin for perl

libtaint-runtime-perl/stable 0.3-4+b5 arm64
  module to enable taint checking at runtime

libtainting-perl/stable 0.031-1 all
  Perl pragma to enable taint mode lexically (deprecated)

libtfbs-perl/stable 0.7.1+ds-4+b2 arm64
  scanning DNA sequence with a position weight matrix

libtools-cli-clojure/stable 1.0.206-2 all
  command line argument parser for Clojure

libtrilinos-piro-13.2/stable 13.2.0-6+b4 arm64
  embedded nonlinear analysis package - runtime files

libtrilinos-piro-dev/stable 13.2.0-6+b4 arm64
  embedded nonlinear analysis package - development files

libuid-wrapper/stable 1.3.1-3 arm64
  UID wrapper library

liburfkill-glib-dev/stable 0.5.0-7.3 arm64
  wireless killswitch management library (development files)

liburfkill-glib0/stable 0.5.0-7.3 arm64
  wireless killswitch management library

liburfkill-glib0-dbg/stable 0.5.0-7.3 arm64
  wireless killswitch management library (debug symbols)

libvde-dev/stable 2.3.2+r586-11 arm64
  Virtual Distributed Ethernet - support libraries development files

libvde0/stable 2.3.2+r586-11 arm64
  Virtual Distributed Ethernet - support libraries

libvdeplug-dev/stable 4.0.1-5.1+b1 arm64
  Virtual Distributed Ethernet - Plug development files

libvdeplug-vlan/stable 0.1.0-2+b2 arm64
  libvdeplug nested plugin: VLAN

libvdeplug2t64/stable 4.0.1-5.1+b1 arm64
  Virtual Distributed Ethernet - Plug library

libvi-quickfix-perl/stable 1.135-3 all
  Perl support for vim's QuickFix mode

libyang-dev/stable 3.12.2-1 arm64
  parser toolkit for IETF YANG data modeling language (development)

libyang3/stable 3.12.2-1 arm64
  parser toolkit for IETF YANG data modeling language (library)

libyang3-tools/stable 3.12.2-1 arm64
  parser toolkit for IETF YANG data modeling language (tools)

lightsoff/stable 1:48.1-2 arm64
  Light puzzle game

lomiri/stable 0.5.0-2 arm64
  Shell of the Lomiri Operating Environment

lomiri-addressbook-app/stable 0.9.1-1 arm64
  Address Book App for Lomiri Operating Environment

lomiri-calculator-app/stable 4.1.0-1 arm64
  Calculator App for Lomiri Operating Environment

lomiri-calendar-app/stable 1.1.4-2 arm64
  Calendar App for Lomiri Operating Environment

lomiri-camera-app/stable 4.0.8+dfsg-5 arm64
  Camera and Barcode Scanner App for Lomiri Operating Environment

lomiri-clock-app/stable 4.1.1-2 arm64
  Clock App for Lomiri Operating Environment

lomiri-cloudsync-app/stable 0.8.1+dfsg-2 arm64
  App for synchronizing files to Nextcloud/ownCloud on Lomiri

lomiri-common/stable 0.5.0-2 all
  Shell of the Lomiri Operating Environment (common files)

lomiri-dekko-app/stable 0.4.1+dfsg-8 all
  Wrapper package around dekko, but with Lomiri namespacing

lomiri-desktop-session/stable 0.3-11 all
  Integrate Lomiri Desktop Session into Display Managers

lomiri-dialer-app/stable 2.0.0-4 arm64
  Dialer App for Lomiri Operating Environment

lomiri-doc/stable 0.5.0-2 all
  Lomiri Operating Environment's Shell (documentation files)

lomiri-docviewer-app/stable 3.1.1+dfsg-4 arm64
  Document Viewer App for Lomiri Operating Environment

lomiri-filemanager-app/stable 1.1.4+dfsg-2 arm64
  Filemanager App for Lomiri Operating Environment

lomiri-gallery-app/stable 3.1.1-1 arm64
  Gallery App for Lomiri Operating Environment

lomiri-gallery-app-common/stable 3.1.1-1 all
  Gallery App for Lomiri Operating Environment (arch-indep files)

lomiri-greeter/stable 0.5.0-2 all
  LightDM Greeter for the Lomiri Operating Environment

lomiri-mediaplayer-app/stable 1.1.1+dfsg-3 arm64
  Media Player App for Lomiri Operating Environment

lomiri-mediaplayer-app-common/stable 1.1.1+dfsg-3 all
  Media Player App for Lomiri Operating Environment (common files)

lomiri-messaging-app/stable 2.0.1-1 arm64
  Messaging App for Lomiri Operating Environment

lomiri-music-app/stable 3.3.0-1 arm64
  Music player for Lomiri Operating Environment

lomiri-printing-app/stable 0.4.2-1 arm64
  Printing app which consumes a PDF from content hub

lomiri-teleports-app/stable 1.20-5 arm64
  Telegram Chat Client App for Lomiri Operating Environment

lomiri-terminal-app/stable 2.0.5-2 arm64
  Terminal App for Lomiri Operating Environment

lomiri-tests/stable 0.5.0-2 arm64
  Scripts and mocks for running Lomiri Shell tests

lomiri-tfamanager-app/stable 1.7.3+dfsg-4 all
  2-Factor-Authentication Manager App for Lomiri Operating Environment

lomiri-wallpapers/stable 20.04.0-4 all
  Wallpapers for the Lomiri Operating Environment

lomiri-wallpapers-16.04/stable 20.04.0-4 all
  Lomiri Wallpapers (as shipped with Ubuntu Touch 16.04)

lomiri-wallpapers-20.04/stable 20.04.0-4 all
  Lomiri Wallpapers (as shipped with Ubuntu Touch 20.04)

lomiri-weather-app/stable 6.1.4-2 arm64
  Weather App for Lomiri Operating Environment

lxappearance/stable 0.6.4-1 arm64
  LXDE GTK+ theme switcher

lxappearance-obconf/stable 0.2.4-1 arm64
  LXDE GTK+ theme switcher (plugin)

mariadb-client-compat/stable 1:11.8.6-0+deb13u1 all
  MySQL compatibility links to mariadb-client binaries/scripts

mariadb-server-compat/stable 1:11.8.6-0+deb13u1 all
  MySQL compatibility links to mariadb-server binaries/scripts

matchbox-desktop/stable 2.2+git20200512-3 arm64
  desktop application launcher for resource-limited systems

mate-applets/stable 1.26.1-3.1 arm64
  Various applets for the MATE panel

mate-applets-common/stable 1.26.1-3.1 all
  Various applets for the MATE panel (common files)

mate-screensaver/stable 1.26.2-1+b2 arm64
  MATE screen saver and locker

mda-lv2/stable 1.2.10-2+b1 arm64
  Paul Kellett's MDA plugins ported to LV2

mdfinder.app/stable 1.1.0-2 arm64
  GNUstep Finder and system-wide search system

mediawiki-extension-codemirror/stable 6.0.0~git20250325.399da27-2 all
  Syntax highlighting in MediaWiki's wikitext editor

microcom/stable 2023.09.0-1+b2 arm64
  minimalistic terminal program

minetest-mod-mesecons/stable 1:1.2.1-2 all
  Digital circuitry blocks for minetest

monitoring-plugins-contrib/stable 48.20250420 arm64
  Plugins for nagios compatible monitoring systems

mtx/stable 1.3.12-18 arm64
  controls autoloaders and tape libraries

munin-plugins-core/stable 2.0.76-5 all
  network-wide graphing framework (plugins for node)

musescore/stable 2.3.2+dfsg4-16 arm64
  cross-platform multi-lingual music composition and notation, v2

musescore3/stable 3.2.3+dfsg2-19 arm64
  cross-platform multi-lingual music composition and notation, v3

mutt-wizard/stable 3.3.1-4 all
  configuration tool from command line to neomutt

muttprofile/stable 1.0.1-7 all
  utility to choose profiles in Mutt

nast/stable 0.2.0-12+b1 arm64
  packet sniffer and lan analyzer

neovim-gruvbox/stable 2.0.0-2 all
  Gruvbox Colorscheme for neovim

netdiscover/stable 0.11-3 arm64
  active/passive network address scanner using ARP requests

netstress/stable 1.2.0-11+b1 arm64
  utility to stress and benchmark networks

network-manager-strongswan/stable 1.6.2-1 arm64
  network management framework (strongSwan plugin)

networking-bgpvpn-doc/stable 22.0.0-1 all
  OpenStack virtual network service - BGP-MPLS VPN Extension - doc

neutron-openvswitch-agent/stable 2:26.0.3-0+deb13u2 all
  OpenStack virtual network service - Open vSwitch agent

neutron-server/stable 2:26.0.3-0+deb13u2 all
  OpenStack virtual network service - metapackage for the server

neutron-taas-openvswitch-agent/stable 15.0.0-1 all
  OpenStack virtual network service - Tap-as-a-Service agent

newrole/stable 3.8.1-2 arm64
  SELinux core policy utilities (newrole application for RBAC/MLS)

node-bootstrap-switch/stable 3.3.4+dfsg+really3.3.3-3 all
  Turn checkboxes and radio buttons into toggle switches

node-d3-timer/stable 1.0.10+~1.0.10-2 all
  efficient queue to manage thousands of concurrent animations

node-npmrc/stable 1.1.1-3 all
  Switch between different .npmrc files

node-rai/stable 0.1.12-7 all
  Request-Answer-Interface for generating text based command servers (SMTP,POP)

nslcd-utils/stable 0.9.13-1 all
  utilities for querying LDAP via nslcd

nss-tlsd/stable 1.1-3+b3 arm64
  encrypted DNS name resolution daemon

nss-updatedb/stable 10-7+b2 arm64
  Cache name service directories in DB format

obs-advanced-scene-switcher/stable 1.29.2-1 arm64
  plugin for OBS Studio to improve the scene switching

obs-advanced-scene-switcher-data/stable 1.29.2-1 all
  data package for obs-advanced-scene-switcher

obs-ashmanix-countdown/stable 2.0.10-2 arm64
  plugin for OBS Studio to create a countdown timer

obs-cli/stable 0.4.0-1+b17 arm64
  command-line remote control for OBS Studio

obs-command-source/stable 0.5.0-1+b1 arm64
  plugin for OBS Studio providing a dummy source to execute commands

obs-move-transition/stable 3.1.2-1 arm64
  plugin for OBS Studio to improve switching scenes

obs-scene-tree-view/stable 0.1.7-1+b2 arm64
  plugin for OBS Studio that adds a scene tree folder dock

ogmrip/stable 1.0.1-5 arm64
  Application for ripping and encoding DVD

ogmrip-doc/stable 1.0.1-5 all
  Application for ripping and encoding DVD - Documentation files

olpc-powerd/stable 23-5+b2 arm64
  OLPC XO power management support daemon

omins/stable 0.2.0-8+b1 arm64
  collection of LADSPA plugins aimed at modular synthesizers

onesixtyone/stable 0.3.4-1+b1 arm64
  fast and simple SNMP scanner

opam/stable 2.3.0-1+deb13u1 arm64
  package manager for OCaml

opam-doc/stable 2.3.0-1+deb13u1 all
  package manager for OCaml (documentation)

opam-installer/stable 2.3.0-1+deb13u1 arm64
  Utility handling (un)installation of Opam .install files

openstack-proxy-node/stable 0.39 all
  Metapackage to install an Openstack proxy node

openswitcher/stable 0.10.0-1 all
  Control application for Blackmagic Design ATEM video switchers

openswitcher-proxy/stable 0.10.0-1 all
  Multi-protocol proxy for Blackmagic Design hardware

openvswitch-common/stable 3.5.0-1+b1 arm64
  Open vSwitch common components

openvswitch-doc/stable 3.5.0-1 all
  Open vSwitch documentation

openvswitch-ipsec/stable 3.5.0-1+b1 arm64
  Open vSwitch IPsec tunneling support

openvswitch-pki/stable 3.5.0-1 all
  Open vSwitch public key infrastructure dependency package

openvswitch-source/stable 3.5.0-1 all
  Open vSwitch source code

openvswitch-switch/stable 3.5.0-1+b1 arm64
  Open vSwitch switch implementations

openvswitch-switch-dpdk/stable 3.5.0-1+b1 arm64
  DPDK enabled Open vSwitch switch implementation

openvswitch-test/stable 3.5.0-1 all
  Open vSwitch test package

openvswitch-testcontroller/stable 3.5.0-1+b1 arm64
  Simple controller for testing OpenFlow setups

openvswitch-vtep/stable 3.5.0-1+b1 arm64
  Open vSwitch VTEP utilities

osmo-bsc/stable 1.13.0-2 arm64
  GSM Base Station Controller

osmo-mgw/stable 1.14.0+dfsg1-2 arm64
  Osmocom's Media Gateway for 2G and 3G circuit-switched mobile networks

osmo-msc/stable 1.13.0+dfsg1-2 arm64
  Osmocom's Mobile Switching Center for 2G and 3G mobile networks

osmo-pcu/stable 1.5.1-1 arm64
  Osmocom GPRS/EDGE Packet Control Unit (PCU)

ovn-controller-vtep/stable 25.03.0-1 arm64
  OVN vtep controller

papilo/stable 2.4.1+ds-1 arm64
  Parallel Presolve for Integer and Linear Optimization

pasystray/stable 0.8.2-1+b2 arm64
  PulseAudio controller for the system tray

pathological/stable 1.1.3-18 all
  puzzle game involving paths and marbles

pcp-pmda-infiniband/stable 6.3.8-1 arm64
  Infiniband performance metrics domain agent (PMDA)

pd-jmmmp/stable 0.61-2 all
  collection of Pd GUI objects for musical performance

pd-lyonpotpourri/stable 3.0.2-1 arm64
  potpourri of Pd objects for synthesizing with audio

pd-motex/stable 1.1.4-9+b1 arm64
  random collection of Pd objects by Iain Mott

perl-debug/stable 5.40.1-6 arm64
  debug-enabled Perl interpreter

pidgin-plugin-pack/stable 2.8.0-1+b2 arm64
  Collection of Pidgin plugins

pipemeter/stable 1.1.5-1.1+b1 arm64
  cli utility that shows the speed of data moving from input to output

plasma-widgets-addons/stable 4:6.3.5-1 arm64
  additional widgets for Plasma 6

plotnetcfg/stable 0.4.1-5+b1 arm64
  local networking configuration diagram plotter

pmccabe/stable 2.8-3+b1 arm64
  McCabe-style function complexity and line counting for C and C++

postgresql-17-pg-stat-kcache/stable 2.3.0-1 arm64
  PostgreSQL extension to gather per-query kernel statistics.

postgresql-17-repmgr/stable 5.5.0+debpgdg-1 arm64
  replication manager for PostgreSQL 17

postgresql-17-set-user/stable 4.1.0-1 arm64
  PostgreSQL privilege escalation with enhanced logging and control

procyon-decompiler/stable 0.6.0-3 all
  Procyon Java Decompiler

psi-plugins/stable 1.5-2+b2 arm64
  official plugins for Psi

psi-plus-plugins/stable 1.4.1456-2.1 arm64
  plugins for Psi+

puppet-module-vswitch/stable 21.0.0-1 all
  provides puppet things for vSwitches

pyenv/stable 2.5.4-1 all
  Simple Python version management

python-django-crispy-forms-doc/stable 2.4-1 all
  app for Django providing elegant form rendering (Documentation)

python-django-crispy-forms-foundation-doc/stable 1.0.2+ds-1 all
  Django-crispy-forms layout objects for Foundation for sites (Documentation)

python-django-treebeard-doc/stable 4.7.1-1 all
  Efficient implementations of tree data structures for Django (documentation)

python-drizzle-doc/stable 2.0.1-1 all
  Dithered image combination for Python (API documentation)

python-drizzle-testdata/stable 2.0.1-1 all
  Dithered image combination for Python (Test data)

python-flufl.i18n-doc/stable 5.1.0-1 all
  high level API for Python internationalization (common documentation)

python-gtkspellcheck-doc/stable 5.0.3-1 all
  Python GTK+ Spellcheck common documentation

python-network-runner-doc/stable 0.3.6-3 all
  abstraction of Ansible for interaction with networking devices (docs)

python-ovn-octavia-provider-doc/stable 8.0.0-1 all
  OpenStack Octavia integration with OVN - doc

python-ovsdbapp-doc/stable 2.11.0-2 all
  library for creating OVSDB applications - doc

python-sphinx-code-tabs-doc/stable 0.5.5-2 all
  Sphinx extension for selectable code block tabs — documentation

python3-aioswitcher/stable 4.0.2-1.1 all
  Switcher Python Integration

python3-aiounifi/stable 79-3 all
  communicating with UniFi Network Controller API

python3-aresponses/stable 3.0.0-2 all
  Asyncio testing server for mocking external services

python3-blebox-uniapi/stable 2.5.0-3 all
  Library for accessing BleBox smart home devices

python3-broadlink/stable 0.19.0-1 all
  Python API for controlling Broadlink devices

python3-cloudflare/stable 2.20.0-1 all
  Python module to interface with Cloudflare's v4 API

python3-crownstone-cloud/stable 1.4.11-2 all
  get data from the cloud, and switch Crownstones

python3-datalad-next/stable 1.5.0-1 all
  DataLad extension for new features and improved user experience

python3-devolo-home-control-api/stable 0.19.0-1 all
  Library for interacting with devolo Home Control devices

python3-dio-chacon-wifi-api/stable 1.2.2-1 all
  Library implementing Wi-Fi protocol for DIO Chacon devices

python3-django-crispy-forms/stable 2.4-1 all
  app for Django providing elegant form rendering (Python3 version)

python3-django-crispy-forms-foundation/stable 1.0.2+ds-1 all
  Django-crispy-forms layout objects for Foundation for sites (Python3 version)

python3-django-treebeard/stable 4.7.1-1 all
  Efficient implementations of tree data structures for Django (Python3 version)

python3-drizzle/stable 2.0.1-1+b1 arm64
  Dithered image combination for Python

python3-editorconfig/stable 0.17.0-1 all
  library for working with EditorConfig — Python 3

python3-elmax-api/stable 0.0.5-2 all
  Asynchronous library for interacting with Elmax Cloud services

python3-enocean/stable 0.60.1-2 all
  Library for interacting with EnOcean wireless modules

python3-flufl.i18n/stable 5.1.0-1 all
  high level API for Python internationalization (Python 3)

python3-gemmi/stable 0.6.5+ds-3 arm64
  library for structural biology - Python module

python3-gtkspellcheck/stable 5.0.3-1 all
  Python 3 spellchecking library for GTK+ based on Enchant

python3-hatasmota/stable 0.10.0-1 all
  Library for interacting with Tasmota devices via MQTT

python3-homewizard-energy/stable 9.2.0-1 all
  Library to communicate with HomeWizard Energy devices

python3-iaqualink/stable 0.5.3-1 all
  Library for interacting with Jandy iAqualink systems

python3-idasen/stable 0.12.0-2 all
  ikea IDÅSEN desk API and CLI

python3-idasen-ha/stable 2.6.2-2 all
  Home Assistant helper lib for the IKEA Idasen Desk integration

python3-jdcal/stable 1.0-1.4 all
  Julian dates from proleptic Gregorian and Julian calendars

python3-lupupy/stable 0.3.2-2 all
  Library to communicate with Lupus Electronics alarm systems

python3-network-runner/stable 0.3.6-3 all
  abstraction of Ansible for interaction with networking devices (Python 3.x)

python3-networking-bgpvpn/stable 22.0.0-1 all
  OpenStack virtual network service - BGP-MPLS VPN Extension - Python 3.x

python3-networking-generic-switch/stable 7.5.0-2 all
  OpenStack virtual network service - networking-generic-switch

python3-notebook-shim/stable 0.2.3-4 all
  shim layer for notebook traits and config

python3-nuheat/stable 1.0.1-2 all
  Library for controlling NuHeat Signature radiant floor thermostats

python3-openflow/stable 2021.1-1 all
  low level library to parse OpenFlow messages

python3-openvswitch/stable 3.5.0-1+b1 arm64
  Python 3 bindings for Open vSwitch

python3-ovn-octavia-provider/stable 8.0.0-1 all
  OpenStack Octavia integration with OVN - Python 3.x

python3-ovsdbapp/stable 2.11.0-2 all
  library for creating OVSDB applications - Python 3.x

python3-pyatem/stable 0.10.0-1+b4 arm64
  Blackmagic Design ATEM video switchers (Python 3)

python3-pybravia/stable 0.3.4-2 all
  Async library for controlling Sony Bravia TVs over the network

python3-pycec/stable 0.6.0-1 all
  Library for HDMI-CEC communication

python3-pyduotecno/stable 2024.10.1-1 all
  Library for accessing and controlling Duotecno nodes

python3-pyecoforest/stable 0.4.0-2 all
  Library for interacting with Ecoforest local devices

python3-pyfritzhome/stable 0.6.17-1 all
  Python library for managing AVM Fritz!Box Smart Home devices

python3-pylutron-caseta/stable 0.24.0-1 all
  API to control Lutron Caséta devices

python3-pynobo/stable 1.8.1-1.1 all
  Nobø Ecohub integration interface for controlling heating systems

python3-pypck/stable 0.8.8-1 all
  Library for interacting with LCN systems over the PCK protocol

python3-pyrfxtrx/stable 0.32.0-1 all
  Library for communication with RFXtrx devices

python3-pysmappee/stable 0.2.29-2 all
  Library offering access to Smappee energy monitoring devices

python3-pyswitchbee/stable 1.8.3-2 all
  Control SwitchBee smart home devices via a local network

python3-pyswitchbot/stable 0.65.0-1 all
  Library to control SwitchBot IoT devices over Bluetooth and Wi-Fi

python3-pyvesync/stable 2.1.18-1 all
  Library to manage VeSync compatible smart home devices

python3-pyxiaomigateway/stable 0.14.3-2 all
  Library to communicate with Xiaomi Gateway

python3-raritan-json-rpc/stable 4.3.0+ds-1 all
  Python 3 library for the Raritan Xerus™ JSON-RPC interface

python3-returns/stable 0.25.0-1 all
  Make your functions return something meaningful, typed, and safe

python3-scrapli/stable 2023.7.30-3 all
  sync/async screen scraping client specifically for network devices

python3-sphinx-code-tabs/stable 0.5.5-2 all
  Sphinx extension for selectable code block tabs

python3-sphinx-inline-tabs/stable 2023.4.21-1 all
  Add inline tabbed content to your Sphinx documentation

python3-switchbot-api/stable 2.5.0-1 all
  Asynchronous Python library for interacting with Switchbot API

python3-tplink-omada-client/stable 1.4.4-1 all
  Client for TP-Link Omada SDN Controller API

python3-ttls/stable 1.9.0-1 all
  Asynchronous requests to Twinkly LED devices

python3-usbrelay/stable 1.0-2.2+b3 arm64
  Python bindings for USB HID relay driver

python3-yolink-api/stable 0.5.2-1 all
  Library to authenticate with YoLink devices

python3-zigpy/stable 0.80.1-2 all
  Python Zigbee stack

python3-zigpy-zigate/stable 0.13.2-3 all
  Zigbee communication library for ZiGate-based devices

qbootctl/stable 0.2.2-1 arm64
  utility to control Qualcomm A/B boot slots

qt5ct/stable 1.8-2+b1 arm64
  Qt5 Configuration Utility

qtads/stable 3.4.0+dfsg-1+b3 arm64
  Qt HTML interpreter for TADS

qtchooser/stable 66-2+b1 arm64
  Wrapper to select between Qt development binary versions

r-bioc-biocneighbors/stable 2.0.1+ds-2 arm64
  Nearest Neighbor Detection for Bioconductor Packages

r-bioc-biocsingular/stable 1.22.0+ds-2 arm64
  Singular Value Decomposition for Bioconductor Packages

r-bioc-hsmmsinglecell/stable 1.26.0-2 all
  Single-cell RNA-Seq for differentiating human skeletal muscle myoblasts

r-bioc-isoformswitchanalyzer/stable 2.6.0+ds-2 arm64
  Identify, Annotate and Visualize Alternative Splicing and

r-cran-aweek/stable 1.0.3-1 all
  GNU R convert dates to arbitrary week definitions

r-cran-parallelmap/stable 1.5.1-1 all
  GNU R unified interface to parallelization back-ends

r-cran-r.devices/stable 2.17.2+ds-1 all
  unified handling of graphics devices in R

r-cran-tidytext/stable 0.4.2-1 all
  GNU R text mining using 'dplyr', 'ggplot2', and other tidy tools

railcontrol/stable 24+dfsg1-1 arm64
  A software for model railway control

ranger/stable 1.9.4-2 all
  Console File Manager with VI Key Bindings

raritan-json-rpc-doc/stable 4.3.0+ds-1 all
  Documentation for Raritan Xerus™ JSON-RPC SDK

rav1e/stable 0.7.1-9+b2 arm64
  Fastest and safest AV1 encoder - command line encoder

rbenv/stable 1.1.2-2 all
  simple per-user Ruby version manager

recoll/stable 1.43.0-1 all
  Personal full text search package

reform2-lpc-dkms/stable 1.71-2+deb13u1 all
  dkms driver sources for Reform 2 LPC11U24

repmgr/stable 5.5.0+debpgdg-1 all
  replication manager for PostgreSQL (metapackage)

repmgr-common/stable 5.5.0+debpgdg-1 all
  replication manager for PostgreSQL common files

rofi/stable 1.7.5-0.1+b2 arm64
  window switcher, run dialog and dmenu replacement

rofi-dev/stable 1.7.5-0.1+b2 arm64
  development files for rofi

ruby-build/stable 20241225.2-1.1 all
  tool to compile and install different versions of Ruby

ruby-fog-local/stable 0.8.0-2 all
  Module for the 'fog' gem to support local filesystem storage

ruby-fog-xml/stable 0.1.1-5.1 all
  XML parsing for fog providers

ruby-jekyll-watch/stable 2.2.1-1 all
  Rebuild your Jekyll site when a file changes

ruby-multi-json/stable 1.15.0-1 all
  Ruby library to provide easy switching between different JSON backends

rulex-data/stable 3.8.6-1 all
  Russian pronunciation dictionary

rustup/stable 1.27.1-3+b1 arm64
  Rust toolchain installer

sbuild-debian-developer-setup/stable 0.89.3+deb13u4 all
  Deprecated: Convenience script to set up an sbuild environment for Debian Developers

schism/stable 2:20250313-2 arm64
  ImpulseTracker clone aiming at providing the same look&feel

schroot/stable 1.6.13-7 arm64
  Execute commands in a chroot environment

schroot-common/stable 1.6.13-7 all
  common files for schroot

sd-mux-ctrl/stable 0.0.3-3+b2 arm64
  Tool for controlling multiple sd-mux devices

sic/stable 1.1-5+b2 arm64
  simple irc client (sic)

sispmctl/stable 4.12-1+b1 arm64
  Control Gembird SIS-PM programmable power outlet strips

speakup-tools/stable 1:0.0~git20121016.1-7 all
  Tools to customize speakup module

steam-devices/stable 1:1.0.0.83~ds-3 all
  Device support for Steam-related hardware

strcase-dev/stable 0.1-3 all
  Multiway branch (switch) for short strings in C

streamdeck-ui/stable 2.0.15-1 all
  Linux compatible UI for the Elgato Stream Deck

swaykbdd/stable 1.1-1+b1 arm64
  Per-window keyboard layout switching daemon for Sway

switchconf/stable 0.0.17-1.2 all
  switch between system configuration sets

switcheroo-control/stable 2.6-3+b1 arm64
  D-Bus service to check the availability of dual-GPU

switchsh/stable 0~20070801-5 arm64
  bind-mount bash as /bin/sh

swtchr/stable 0.1.2-6+b4 arm64
  Gnome-style window switcher for sway

systemd/stable,now 257.13-1~deb13u1 arm64 [installed,automatic]
  system and service manager

systemd-resolved/stable 257.13-1~deb13u1 arm64
  systemd DNS resolver

telnet/stable 0.17+2.6-3+deb13u3 all
  transitional dummy package for inetutils-telnet default switch

telnetd/stable 0.17+2.6-3+deb13u3 all
  transitional dummy package for inetutils-telnetd default switch

terminator/stable 2.1.4-4 all
  multiple GNOME terminals in one window

terminology/stable 1.14.0-1 arm64
  Enlightenment efl based terminal emulator

terminology-data/stable 1.14.0-1 all
  Enlightenment efl based terminal emulator data

termit/stable 3.1-3+b2 arm64
  Simple terminal emulator based on vte library, embedded Lua

terraform-switcher/stable 0.13.1308+ds-1+b12 arm64
  switch between different versions of terraform (CLI tool)

texlive-latex-extra/stable 2024.20250309-2 all
  TeX Live: LaTeX additional packages

texlive-pictures/stable 2024.20250309-1 all
  TeX Live: Graphics, pictures, diagrams

thunar-vcs-plugin/stable 0.2.0-2+b2 arm64
  VCS plugin for Thunar file manager

tlp-rdw/stable 1.8.0-1 all
  Radio device wizard

tlslookup/stable 1.1-3+b3 arm64
  utility like nslookup(1), but uses libnss_tls.so instead of DNS

totem/stable 43.2-3 arm64
  Simple media player for the GNOME desktop based on GStreamer

trac-wysiwyg/stable 0.12.0.7+svn18546-2 all
  WYSIWYG style editor for the Trac issue tracking system

traceshark/stable 0.9.14~beta-1+b2 arm64
  Graphical viewer for the Ftrace and Perf events

triehash/stable 0.3-3 all
  Generates perfect hash functions as native machine code

triggerhappy/stable 0.5.0-1.1+b4 arm64
  global hotkey daemon for Linux

tzdata-legacy/stable 2026b-0+deb13u1 all
  time zone data for TAI minus ten seconds

ueberzug/stable 18.3.1-2+b1 arm64
  command line utility which draws images on terminals

uhubctl/stable 2.6.0-1 arm64
  USB hub per-port power control

ukui-window-switch/stable 3.0.1-1+b2 arm64
  Front of the window switch

uml-utilities/stable 20070815.4-2.1 arm64
  User-mode Linux (utility programs)

unagi/stable 0.3.4-1+b5 arm64
  Modular X compositing manager

unagi-dbg/stable 0.3.4-1+b5 arm64
  Modular X compositing manager - debugging symbols

unagi-dev/stable 0.3.4-1+b5 arm64
  Modular X compositing manager - development files

urfkill/stable 0.5.0-7.3 arm64
  wireless killswitch management daemon for laptops

usb-modeswitch/stable 2.6.1-4+b2 arm64
  mode switching tool for controlling "flip flop" USB devices

usb-modeswitch-data/stable 20191128-7 all
  mode switching data for usb-modeswitch

usbrelay/stable 1.0-2.2+b3 arm64
  USB HID relay driver

usbrelayd/stable 1.0-2.2 all
  MQTT client for USB HID relay driver

usbsdmux/stable 24.11.1-1 all
  control software for USB-SD-Mux devices

vde-switch/stable 2.3.2+r586-11 arm64
  Virtual Distributed Ethernet. Virtual Switch command.

vde-wirefilter/stable 2.3.2+r586-11 arm64
  Virtual Distributed Ethernet. wirefilter command.

vde2/stable 2.3.2+r586-11 arm64
  Virtual Distributed Ethernet

vde2-cryptcab/stable 2.3.2+r586-11 arm64
  Virtual Distributed Ethernet - CryptCab

vdeplug/stable 4.0.1-5.1+b1 arm64
  Virtual Distributed Ethernet: A modular virtual plug to the VDE

vdetelweb/stable 1.2.3-1+b2 arm64
  Telnet and Web interface for VDE 2.x

vim-gruvbox/stable 3.6.1-1 all
  Gruvbox Colorscheme for Vim

vim-redact-pass/stable 1.7.4-7 all
  stop pass(1) passwords ending up in Vim cache files

vim-scripts/stable 20210124.4 all
  plugins for vim, adding bells and whistles

vip-manager/stable 1.0.2-9+b9 arm64
  Patroni virtual IP manager

vip-manager2/stable 3.0.0-2+b7 arm64
  Patroni virtual IP manager

w-scan-cpp/stable 20231015+dfsg-3+b2 arm64
  DVB channel scanner (successor of w_scan)

wbar/stable 2.3.4-13+b2 arm64
  light and fast launch bar

webext-allow-html-temp/stable 10.0.8-1~deb13u1 all
  View selective HTML-Mail

webext-foxyproxy/stable 7.5.1+dfsg-10 all
  Advanced proxy management for Firefox

webext-proxy-switcher/stable 0.3.9-1.1 all
  Modify Proxy Settings for your Browser

winbind/stable 2:4.22.10+dfsg-0+deb13u1 arm64
  service to resolve user and group information from Windows NT servers

windows-el/stable 2.55-1 all
  window manager for GNU Emacs

wmctrl/stable 1.07+git20240228.1105759-1 arm64
  control an EWMH/NetWM compatible X Window Manager

wmnd-snmp/stable 0.4.18-2+b2 arm64
  Dockapp monitoring network interfaces with SNMP support

workrave/stable 1.10.53-2 arm64
  Repetitive Strain Injury prevention tool

workrave-ayatana/stable 1.10.53-2 arm64
  Repetitive Strain Injury prevention tool (Ayatana Indicator)

workrave-cinnamon/stable 1.10.53-2 all
  Repetitive Strain Injury prevention tool (Cinnamon integration)

workrave-data/stable 1.10.53-2 all
  Repetitive Strain Injury prevention tool (data files)

workrave-gnome/stable 1.10.53-2 all
  Repetitive Strain Injury prevention tool (GNOME integration)

workrave-gnome-flashback/stable 1.10.53-2 arm64
  Repetitive Strain Injury prevention tool (GNOME panel applet)

workrave-mate/stable 1.10.53-2 arm64
  Repetitive Strain Injury prevention tool (MATE panel applet)

workrave-xfce4/stable 1.10.53-2 arm64
  Repetitive Strain Injury prevention tool (Xfce4 panel plugin)

xaos/stable 4.3.2-1+b3 arm64
  real-time interactive fractal zoomer

xfce4-power-manager/stable 4.20.0-1 arm64
  power manager for Xfce desktop

xfce4-whiskermenu-plugin/stable 2.9.2-1 arm64
  Alternate menu plugin for the Xfce desktop environment

xfce4-xkb-plugin/stable 1:0.8.5-1 arm64
  xkb layout switch plugin for the Xfce4 panel

xneur/stable 0.20.0-3.3+b1 arm64
  in-place conversion of text typed in with a wrong keyboard layout

xxkb/stable 1.11.1-3 arm64
  Keyboard state indicator and switcher for xkb

yaggo/stable 1.5.11-2 all
  generate command line parser using getopt_long

yakuake/stable 25.04.0-1 arm64
  Quake-style terminal emulator based on KDE Konsole technology

yaws-yapp/stable 2.2.0+dfsg-2 all
  Provides an easy way to deploy applications for Yaws webserver

ykush-control/stable 1.3.0+ds-1+b1 arm64
  control application for Yepkit YKUSH Switchable USB Hub board

yuzu/stable 0-1734+ds-4 arm64
  Nintendo Switch Emulator

