
WARNING: apt does not have a stable CLI interface. Use with caution in scripts.

Sorting...
Full Text Search...
0xffff/stable 0.9-1+b2 arm64
  Open Free Fiasco Firmware Flasher

curtain/stable 0.3-2 arm64
  handy curtain for the desktop

cycle/stable 0.3.3-2 all
  calendar program for women

debian-lomiri-default-settings/stable 0.3-11 all
  Debian's default settings for the Lomiri Operating Environment

dekko/stable 0.4.1+dfsg-8 arm64
  Convergent email client

deviceinfo-tools/stable 0.2.3-1 arm64
  Tools to detect and configure devices in Lomiri

digimend-dkms/stable 13-4 arm64
  Collection of graphics tablet drivers by DIGImend project

education-desktop-lomiri/stable 2.13.3 arm64
  Debian Edu Lomiri for Tablets

elixir-ex-doc/stable 0.35.1+dfsg-4 arm64
  Tool to generate documentation for Erlang and Elixir projects

elpa-org-d20/stable 0.6-2 all
  Emacs minor mode for d20 tabletop roleplaying games

foliate/stable 4.~really3.3.0-1 all
  simple and modern ebook viewer

fonts-bajaderka/stable 1.0-5 all
  Warsaw's sign painters styled font

fonts-cantarell/stable 0.303.1-4 all
  sans serif font family designed for on-screen readability

gir1.2-phosh-0-dev/stable 0.46.0-3+deb13u1 arm64
  Pure Wayland shell for mobile devices - GObject introspection data

glowing-bear/stable 0.9.0+ds-6 all
  Web frontend for the WeeChat IRC client

gm-assistant/stable 1.2.4-1.1+b1 arm64
  Game Master assistant for role-playing games

gm-assistant-doc/stable 1.2.4-1.1 all
  Game Master assistant for role-playing games - user guide

gromit/stable 20041213-9+b4 arm64
  GTK based tool to make annotations on screen

gromit-mpx/stable 1.7.0-1 arm64
  GTK+ based tool to make annotations on screen with multiple pointers

kde-config-tablet/stable 6.3.4-2 arm64
  implements a KDE configuration GUI for the Wacom drivers

kdeconnect/stable 25.04.2-1+deb13u1 arm64
  connect smartphones to your desktop devices

kdeconnect-libs/stable 25.04.2-1+deb13u1 arm64
  KDE Connect internal libs

keyman/stable 18.0.235-1 all
  Type in your language with Keyman for Linux

krita/stable 1:5.2.9+dfsg-1+deb13u1 arm64
  pixel-based image manipulation program

libam7xxx-dev/stable 0.1.7-5 arm64
  library for accessing am7xxx devices - development files

libam7xxx0.1/stable 0.1.7-5 arm64
  library for accessing am7xxx based devices

libam7xxx0.1-bin/stable 0.1.7-5 arm64
  library for accessing am7xxx devices - utilities

libam7xxx0.1-doc/stable 0.1.7-5 all
  library for accessing am7xxx devices - documentation

libdeviceinfo-dev/stable 0.2.3-1 arm64
  Development headers to detect and configure devices in Lomiri

libdeviceinfo0/stable 0.2.3-1 arm64
  Library for Lomiri to detect and configure devices

libjs-jquery-mobile/stable 1.4.5+dfsg-2 all
  Touch-Optimized Web Framework for Smartphones & Tablets

liblomiri-api-dev/stable 0.2.2-1 arm64
  API for Lomiri shell integration (development headers)

liblomiri-api-doc/stable 0.2.2-1 all
  API for Lomiri shell integration (documentation)

liblomiri-api0/stable 0.2.2-1 arm64
  API for Lomiri shell integration (shared library)

liblomiri-private0/stable 0.5.0-2 arm64
  Lomiri Operating Environment's Shell (private libs)

liblomirisystemsettings-dev/stable 1.3.1-6 arm64
  System Settings application for Lomiri - plug-in development files

liblomirisystemsettings1/stable 1.3.1-6 arm64
  System Settings application for Lomiri - plug-in library

liblomirisystemsettingsprivate-dev/stable 1.3.1-6 arm64
  System Settings application for Lomiri - private development files

liblomirisystemsettingsprivate0.0/stable 1.3.1-6 arm64
  System Settings application for Lomiri - private library

libmypaint-1.5-1/stable,now 1.6.0-4 arm64 [installed,automatic]
  brush library for mypaint

libmypaint-common/stable,now 1.6.0-4 all [installed,automatic]
  brush library for mypaint - common files

libmypaint-dev/stable 1.6.0-4 arm64
  brush library for mypaint - development files

libmypaint-doc/stable 1.6.0-4 all
  brush library for mypaint - documentation

libphosh-0.45-0/stable 0.46.0-3+deb13u1 arm64
  Pure Wayland shell for mobile devices - binding shared library

libphosh-0.45-dev/stable 0.46.0-3+deb13u1 arm64
  Pure Wayland shell for mobile devices - binding development files

libwacom-bin/stable 2.14.0-1 arm64
  Wacom model feature query library -- binaries

libwacom-common/stable,now 2.14.0-1 all [installed,automatic]
  Wacom model feature query library (common files)

libwacom-dev/stable 2.14.0-1 arm64
  Wacom model feature query library (development files)

libwacom9/stable,now 2.14.0-1 arm64 [installed,automatic]
  Wacom model feature query library

lomiri/stable 0.5.0-2 arm64
  Shell of the Lomiri Operating Environment

lomiri-addressbook-app/stable 0.9.1-1 arm64
  Address Book App for Lomiri Operating Environment

lomiri-calculator-app/stable 4.1.0-1 arm64
  Calculator App for Lomiri Operating Environment

lomiri-calendar-app/stable 1.1.4-2 arm64
  Calendar App for Lomiri Operating Environment

lomiri-camera-app/stable 4.0.8+dfsg-5 arm64
  Camera and Barcode Scanner App for Lomiri Operating Environment

lomiri-clock-app/stable 4.1.1-2 arm64
  Clock App for Lomiri Operating Environment

lomiri-cloudsync-app/stable 0.8.1+dfsg-2 arm64
  App for synchronizing files to Nextcloud/ownCloud on Lomiri

lomiri-common/stable 0.5.0-2 all
  Shell of the Lomiri Operating Environment (common files)

lomiri-dekko-app/stable 0.4.1+dfsg-8 all
  Wrapper package around dekko, but with Lomiri namespacing

lomiri-desktop-session/stable 0.3-11 all
  Integrate Lomiri Desktop Session into Display Managers

lomiri-dialer-app/stable 2.0.0-4 arm64
  Dialer App for Lomiri Operating Environment

lomiri-doc/stable 0.5.0-2 all
  Lomiri Operating Environment's Shell (documentation files)

lomiri-docviewer-app/stable 3.1.1+dfsg-4 arm64
  Document Viewer App for Lomiri Operating Environment

lomiri-filemanager-app/stable 1.1.4+dfsg-2 arm64
  Filemanager App for Lomiri Operating Environment

lomiri-gallery-app/stable 3.1.1-1 arm64
  Gallery App for Lomiri Operating Environment

lomiri-gallery-app-common/stable 3.1.1-1 all
  Gallery App for Lomiri Operating Environment (arch-indep files)

lomiri-greeter/stable 0.5.0-2 all
  LightDM Greeter for the Lomiri Operating Environment

lomiri-mediaplayer-app/stable 1.1.1+dfsg-3 arm64
  Media Player App for Lomiri Operating Environment

lomiri-mediaplayer-app-common/stable 1.1.1+dfsg-3 all
  Media Player App for Lomiri Operating Environment (common files)

lomiri-messaging-app/stable 2.0.1-1 arm64
  Messaging App for Lomiri Operating Environment

lomiri-music-app/stable 3.3.0-1 arm64
  Music player for Lomiri Operating Environment

lomiri-printing-app/stable 0.4.2-1 arm64
  Printing app which consumes a PDF from content hub

lomiri-system-settings/stable 1.3.1-6 arm64
  System Settings application for Lomiri

lomiri-system-settings-cellular/stable 1.2-1 arm64
  Cellular settings plugin for Lomiri's system settings

lomiri-system-settings-online-accounts/stable 0.13-1+b1 arm64
  Online Accounts setup for Lomiri

lomiri-system-settings-phone/stable 1.2-1 arm64
  Phone settings plugin for Lomiri's system settings

lomiri-teleports-app/stable 1.20-5 arm64
  Telegram Chat Client App for Lomiri Operating Environment

lomiri-terminal-app/stable 2.0.5-2 arm64
  Terminal App for Lomiri Operating Environment

lomiri-tests/stable 0.5.0-2 arm64
  Scripts and mocks for running Lomiri Shell tests

lomiri-tfamanager-app/stable 1.7.3+dfsg-4 all
  2-Factor-Authentication Manager App for Lomiri Operating Environment

lomiri-wallpapers/stable 20.04.0-4 all
  Wallpapers for the Lomiri Operating Environment

lomiri-wallpapers-16.04/stable 20.04.0-4 all
  Lomiri Wallpapers (as shipped with Ubuntu Touch 16.04)

lomiri-wallpapers-20.04/stable 20.04.0-4 all
  Lomiri Wallpapers (as shipped with Ubuntu Touch 20.04)

lomiri-weather-app/stable 6.1.4-2 arm64
  Weather App for Lomiri Operating Environment

mednafen/stable 1.32.1+dfsg-2+b1 arm64
  multi-platform emulator, including NES, GB/A, Lynx, PC Engine

mobian-archive-keyring/stable 20250408.0 all
  OpenPGP keys for the Mobian package archive

mopidy/stable 3.4.2-3 all
  extensible music server

mopidy-alsamixer/stable 2.0.1-1 all
  Mopidy extension for volume control via ALSA

mopidy-beets/stable 4.0.1-1 all
  Mopidy extension for playing music from Beets' web plugin

mopidy-dleyna/stable 2.0.2-1 all
  Mopidy extension for playing music from Digital Media Servers

mopidy-doc/stable 3.4.2-3 all
  extensible music server - documentation

mopidy-internetarchive/stable 3.0.1-2 all
  Mopidy extension for playing music from the Internet Archive

mopidy-local/stable 3.2.1-1 all
  Mopidy extension for playing music from your local music archive

mopidy-mpd/stable 3.3.0-1 all
  Mopidy extension for controlling Mopidy from MPD clients

mopidy-mpris/stable 3.0.3-1 all
  Mopidy extension for controlling playback through MPRIS

mopidy-podcast/stable 3.0.1-1 all
  Mopidy extension for searching and browsing podcasts

mopidy-podcast-itunes/stable 3.0.1-1 all
  Mopidy extension for searching and browsing iTunes podcasts

mopidy-scrobbler/stable 2.0.1-1 all
  Mopidy extension for scrobbling music to Last.fm

mopidy-somafm/stable 2.0.2-1 all
  Mopidy extension for playing music from SomaFM

mopidy-soundcloud/stable 3.0.2-1 all
  Mopidy extension for playing music from SoundCloud

mopidy-tunein/stable 1.1.0-1 all
  Mopidy extension for playing music from TuneIn

mypaint/stable 2.0.1-12 arm64
  paint program for use with graphics tablets

mypaint-brushes/stable 2.0.2+ds1-2 all
  brushes for paint apps

mypaint-data/stable 2.0.1-12 all
  runtime data files for MyPaint

mypaint-data-extras/stable 2.0.1-12 all
  high resolution backgrounds for mypaint

nuntius/stable 0.2.0-5+b4 arm64
  share notifications from Android phone or tablet via Bluetooth or LAN

onboard/stable 1.4.1-10 arm64
  Simple On-screen Keyboard

phosh/stable 0.46.0-3+deb13u1 arm64
  Pure Wayland shell for mobile devices

phosh-common/stable 0.46.0-3+deb13u1 all
  Pure Wayland shell for mobile devices - Common files

phosh-dev/stable 0.46.0-3+deb13u1 arm64
  Pure Wayland shell for mobile devices - development files

phosh-doc/stable 0.46.0-3+deb13u1 all
  Pure Wayland shell for mobile devices - development documentation

phosh-mobile-tweaks/stable 0.46.0-3+deb13u1 all
  Pure Wayland shell for mobile devices - GSettings tweaks

phosh-plugins/stable 0.46.0-3+deb13u1 arm64
  Pure Wayland shell for mobile devices - Plugins

phosh-tablet/stable 46.1 arm64
  GNOME/Phosh mobile Environment -- tablet components

php-matomo-device-detector/stable 6.4.5-1 all
  Universal Device Detection library written in PHP

phrog/stable 0.46.0-2 arm64
  Greetd-compatible greeter for mobile phones

powersupply-gtk/stable 0.9.0-2 all
  Graphical power status tool for Linux mobile devices

python3-user-agents/stable 2.2.0-4 all
  Pure Python implementation for detecting which user agent is used

qml6-module-org-kde-kdeconnect/stable 25.04.2-1+deb13u1 arm64
  QML module wrapping KDE Connect functionality

qtmir-android/stable 0.8.0~git20250407.ea2f477-1+deb13u1 arm64
  QPA plugin for a Mir server (mobile, transitional package)

retroarch-assets/stable 1.20.0+dfsg-1 all
  RetroArch assets for Ozone, GLUI, RGUI and XMB

rgbpaint/stable 0.8.7-7 arm64
  simple pixel-based painting program

ruby-device-detector/stable 1.0.1-2 all
  Precise and fast user agent parser and device detector

spotlighter/stable 0.3-1.2+b1 arm64
  gtk interface to make annotations on the screen

squeekboard/stable 1.43.1-1 arm64
  On-screen keyboard for Wayland

suru-icon-theme/stable 2025.05.0-1 all
  Suru icon theme for Lomiri Operating Environment

texlive-games/stable 2024.20250309-2 all
  TeX Live: Games typesetting

welle.io/stable 2.4+ds-4+b1 arm64
  DAB/DAB+ Software Radio

xournalpp/stable 1.2.6-1 arm64
  Xournal++ - Open source hand note-taking program

xserver-xorg-input-aiptek/stable 1:1.4.1-5 arm64
  X.Org X server -- Aiptek input driver

xserver-xorg-input-wacom/stable 1.2.3-1 arm64
  X.Org X server -- Wacom input driver

