
WARNING: apt does not have a stable CLI interface. Use with caution in scripts.

Sorting...
Full Text Search...
collectd-core/stable 5.12.0-26 arm64
  statistics collection and monitoring daemon (core system)

idlestat/stable 0.8-8+b1 arm64
  measure CPU time in idle and operating states

irqbalance/stable 1.9.4-1+deb13u1 arm64
  Daemon to balance interrupts for SMP systems

irqtop/stable 2.6-7.1 all
  Observe IRQ and SoftIRQ in a top-like fashion

netconsole/stable 0.3.1-3 all
  Dynamically configure Linux netconsole

python3-aioairq/stable 0.4.2-3 all
  asynchronous library to retrieve data from air-Q devices

python3-dirq/stable 1.8-3 all
  Disk I/O operation scheduler in Python

python3-miio/stable 0.5.12-3 all
  Python module for interfacing with Xiaomi appliances

rtirq-init/stable 20150216-3 all
  startup script for realtime-preempt enabled kernels

tuna/stable 0.19-1 arm64
  Low-level system performance tuning for realtime systems

