
WARNING: apt does not have a stable CLI interface. Use with caution in scripts.

Sorting...
Full Text Search...
aspell-hsb/stable 0.02.0-2 all
  Upper Sorbian dictionary for GNU Aspell

belvu/stable 4.44.1+dfsg-7.1+b3 arm64
  multiple sequence alignment viewer and phylogenetic tool

biometric-auth/stable 0.9.72-1 arm64
  Biometric Authentication Service

chuffed-flatzinc/stable 0.13.1-1+b1 arm64
  lazy clause generation FlatZinc implememntation

codegroup/stable 20080907+ds1-1 arm64
  convert any file into five-letter code groups

crunch/stable 3.6-3+b1 arm64
  tool for creating wordlist

detox/stable 2.0.0-4 arm64
  replace problematic characters in filenames

dphys-swapfile/stable 20100506-7.2 all
  Autogenerate and use a swap file

easytag/stable 2.4.3-9+b1 arm64
  GTK+ editor for audio file tags

firefox-esr-l10n-hsb/stable 140.12.0esr-1~deb13u1 all
  Upper Sorbian language package for Firefox ESR

fonts-sil-sophia-nubian/stable 1.000-8 all
  smart Unicode font family for Nubian languages using Coptic

fonts-solide-mirage/stable 0.2-3 all
  libre experimental didone style typeface

fonts-unifont/stable 1:15.1.01-1 all
  OpenType version of GNU Unifont

golang-github-danverbraganza-varcaser-dev/stable 0.0~git20190207.e3fb03e-2 all
  Go lib to transform between common variable casing conventions

golang-github-dchest-uniuri-dev/stable 0.0~git20221007.a87ec9d-1 all
  generator of random strings to identify unique objects

golang-github-fatih-camelcase-dev/stable 1.0.0-2 all
  CamelCase is a Go package to split the words of a camelcase

golang-github-jamiealquiza-envy-dev/stable 1.1.0-2 all
  expose environment variables for Go flags (library)

golang-github-naoina-go-stringutil-dev/stable 0.1.0-5 all
  Faster string utilities implementation for Go

gramophone2/stable 0.8.13a-3.5 arm64
  GRAMophone II is an algorithmic music generator

hashrat/stable 1.25+ds-1 arm64
  hashing tool supporting several hashes and recursivity

irssi-scripts/stable 20231031 all
  collection of scripts for irssi

libbtf2/stable 1:7.10.1+dfsg-1 arm64
  permutation to block triangular form library for sparse matrices

libcommons-lang-java/stable 2.6-10+deb13u1 all
  Commons Lang - an extension of the java.lang package

libcommons-lang-java-doc/stable 2.6-10+deb13u1 all
  Documentation for Commons Lang - an extension of the java.lang package

libconfig-zomg-perl/stable 1.000000-2 all
  yet another Catalyst::Plugin::ConfigLoader-style layer over Config::Any

libcourier-unicode-dev/stable 2.3.2-1 arm64
  Courier Unicode library (development files and headers)

libcourier-unicode8/stable 2.3.2-1 arm64
  Courier Unicode library (shared runtime library)

libghc-intervals-dev/stable 0.9.2-3+b1 arm64
  Haskell data type for intervals

libghc-intervals-doc/stable 0.9.2-3 all
  Haskell data type for intervals; documentation

libghc-intervals-prof/stable 0.9.2-3+b1 arm64
  Haskell data type for intervals; profiling libraries

libhash-case-perl/stable 1.050-2 all
  base class for hashes with key-casing requirements

libhmat-oss-dev/stable 1.10.0-1 arm64
  hierarchical matrix C/C++ library (development files)

libhmat-oss4/stable 1.10.0-1 arm64
  hierarchical matrix C/C++ library (shared library)

libhtml-prettyprinter-perl/stable 0.03-5 all
  module that generates nice HTML files from HTML syntax trees

liblingua-en-namecase-perl/stable 1.21-2 all
  Perl module to fix the case of people's names

liblingua-en-nameparse-perl/stable 1.38-1 all
  module for parsing a person's name in free text

liblip-dev/stable 2.0.0-4 arm64
  reliable interpolation of multivariate scattered data

liblip2t64/stable 2.0.0-4 arm64
  reliable interpolation of multivariate scattered data

liblog-trace-perl/stable 1.070-5 all
  Perl module to provide a unified approach to tracing

libmath-convexhull-monotonechain-perl/stable 0.1-2+b4 arm64
  Perl module to calculate a convex hull using Andrew's monotone chain algorithm

libmodpbase64-0/stable 3.10.3+git20180306-1.2 arm64
  collection of high performance c-string transformations

libmodpbase64-dev/stable 3.10.3+git20180306-1.2 arm64
  collection of high performance c-string transformations (development files)

libmpfi-dev/stable 1.5.4+ds-4 arm64
  multiple precision floating-point interval computation library -- libdev

libmpfi-dev-common/stable 1.5.4+ds-4 all
  multiple precision floating-point interval computation library -- headers

libmpfi-doc/stable 1.5.4+ds-4 all
  multiple precision floating-point interval computation library -- doc

libmpfi0/stable 1.5.4+ds-4 arm64
  multiple precision floating-point interval computation library -- lib

libnewmat10-dev/stable 1.10.4-9 arm64
  matrix manipulations library (C++ headers files)

libnewmat10ldbl/stable 1.10.4-9 arm64
  matrix manipulations library (C++)

libopenfec-dev/stable 1.4.2.11+dfsg-1 arm64
  Application-Level Forward Erasure Correction codes (development files)

libopenfec1/stable,now 1.4.2.11+dfsg-1 arm64 [installed,automatic]
  Application-Level Forward Erasure Correction codes (shared library)

libopenmm8.1/stable 8.1.2+dfsg-11 arm64
  High-performance molecular simulation library

libpath-finddev-perl/stable 0.5.3-2 all
  Perl module to find a development source tree somewhere in an upper hierarchy

libranlip-dev/stable 1.0-7 arm64
  generates random variates with multivariate Lipschitz density

libranlip1c2/stable 1.0-7 arm64
  generates random variates with multivariate Lipschitz density

librelative-perl/stable 0.04-4 all
  Load modules with relative names

libreoffice-l10n-szl/stable 4:25.2.3-2+deb13u6 all
  office productivity suite -- Upper_silesian language package

librepfunc1/stable 1.10.0-1+b1 arm64
  set of C++ classes and utilities for building multimedia tools

librust-primal-dev/stable 0.3.3-2+b1 arm64
  `primal` puts raw power into prime numbers - Rust source code

librust-primal-estimate-dev/stable 0.3.2-1+b2 arm64
  State-of-the-art estimation of upper and lower bounds for π(n) and p_k - Rust source code

librust-unicode-case-mapping-dev/stable 1.0.0-1+b1 arm64
  Fast lowercase, uppercase, and titlecase mapping for characters - Rust source code

libscope-upper-perl/stable 0.34-1+b3 arm64
  module to manipulate upper scopes

libsilo-dev/stable 4.11-6.1+b3 arm64
  Development files for SILO Scientific I/O library from LLNL

libstatistics-distributions-perl/stable 1.02-1.1 all
  module for calculating some values of common statistical distributions

libstring-mkpasswd-perl/stable 0.05-3 all
  Perl module implementing a random password generator

libtext-capitalize-perl/stable 1.5-2 all
  routines for title-like formatting of strings

libtsl-hopscotch-map-dev/stable 2.3.1-1 all
  C++ fast hash map and hash set using hopscotch hashing

liburl-encode-perl/stable 0.03-3 all
  module to encode/decode to/from application/x-www-form-urlencoded encoding

nnn/stable 5.0-1 arm64
  Free, fast, friendly file manager

node-posix-character-classes/stable 1.0.0-3 all
  POSIX character classes for creating regular expressions

pdfcrack/stable 0.20-1+b1 arm64
  PDF files password cracker

php-doctrine-inflector/stable 2.0.10-4 all
  string manipulations library - Doctrine component

pwgen/stable 2.08-2+b1 arm64
  Automatic Password generation

python-lmfit-doc/stable 1.3.3-4 all
  Least-Squares Minimization with Constraints (Documentation)

python-os-resource-classes-doc/stable 1.1.0-4 all
  Resource Classes for OpenStack - doc

python3-hupper/stable 1.12-1 all
  Integrated process monitor for developing servers. (Python 3)

python3-intervaltree/stable 3.0.2-1.1 all
  mutable, self-balancing interval tree (Python 3)

python3-lmfit/stable 1.3.3-4 all
  Least-Squares Minimization with Constraints (Python 3)

python3-mercantile/stable 1.2.1-4 all
  Web mercator XYZ tile utilities

python3-nameparser/stable 1.1.3-1 all
  Python 3 module for parsing names into individual components

python3-os-resource-classes/stable 1.1.0-4 all
  Resource Classes for OpenStack - Python 3.x

python3-pefile/stable 2024.8.26-2.1 all
  Portable Executable (PE) parsing module for Python

python3-shortuuid/stable 1.0.13-2 all
  generates concise, unambiguous, URL-safe UUIDs for Python 3

python3-url-normalize/stable 1.4.3-4 all
  URL normalization for Python

r-cran-fitdistrplus/stable 1.2-2-1 all
  support fit of parametric distribution

r-cran-minpack.lm/stable 1.2-4-1+b1 arm64
  GNU R Levenberg-Marquardt nonlinear least-squares algorithm found in MINPACK

r-cran-psychotools/stable 0.7-4-1 arm64
  GNU R psychometric modeling infrastructure

ruby-case-transform/stable 0.2-1.1 all
  Transform values to different cases

splitvt/stable 1.6.6-17 arm64
  run two programs in a split screen

supertransball2/stable 1.5-12 arm64
  Thrust type of game

supertransball2-data/stable 1.5-12 all
  data files for supertransball2

texlive-bibtex-extra/stable 2024.20250309-2 all
  TeX Live: BibTeX additional styles

texlive-lang-european/stable 2024.20250309-1 all
  TeX Live: Other European languages

texlive-lang-other/stable 2024.20250309-1 all
  TeX Live: Other languages

texlive-latex-extra/stable 2024.20250309-2 all
  TeX Live: LaTeX additional packages

thunderbird-l10n-hsb/stable 1:140.12.0esr-1~deb13u1 all
  Upper Sorbian language package for Thunderbird

uwsgi-core/stable 2.0.28-9 arm64
  fast, self-healing application container server (core)

varnish-re2/stable 2.0.0-7 arm64
  RE2 regular expressions for Varnish

wmcore/stable 0.0.4-2+b2 arm64
  Dockapp that shows the usage of each core in the system

xfce4-notes/stable 1.11.1-1 arm64
  Notes application for the Xfce4 desktop

xfce4-notes-plugin/stable 1.11.1-1 arm64
  Notes plugin for the Xfce4 desktop

xserver-xorg-input-synaptics/stable 1.9.2-1+b3 arm64
  Synaptics TouchPad driver for X.Org server

