
WARNING: apt does not have a stable CLI interface. Use with caution in scripts.

Sorting...
Full Text Search...
ace-netsvcs/stable 8.0.2+dfsg-2 arm64
  ACE network service implementations

brasero/stable 3.12.3-4 arm64
  CD/DVD burning application for GNOME

csvkit/stable 2.0.1-3 all
  command-line tools for working with CSV

csvkit-doc/stable 2.0.1-3 all
  documentation for csvkit

golang-github-hashicorp-terraform-svchost-dev/stable 0.0.1-1 all
  handling of friendly hostnames for terraform

golang-github-kardianos-minwinsvc-dev/stable 1.0.0-2 all
  Stub for portability to Windows (library)

golang-gopkg-hlandau-svcutils.v1-dev/stable 1.0.10-7 all
  utilities for writing services in Go

jsvc/stable 1.0.15-11+b1 arm64
  Wrapper to launch Java applications as daemons

kylin-burner/stable 3.0.11-2 arm64
  CD/DVD burning application for UKUI

libboost-charconv1.88-dev/stable 1.88.0-1 arm64
  high quality implementation of <charconv> in C++11

libboost-charconv1.88.0/stable 1.88.0-1 arm64
  high quality implementation of <charconv> in C++11

libcommons-daemon-java/stable 1.0.15-11 all
  Library to launch Java applications as daemons

libjnr-x86asm-java/stable 1.0.2-6 all
  Pure java x86 and x86_64 assembler

libnetsvcs-8.0.2/stable 8.0.2+dfsg-2 arm64
  ACE network service implementations - libraries

libnetsvcs-dev/stable 8.0.2+dfsg-2 arm64
  ACE network service implementations - development files

librust-msvc-demangler-dev/stable 0.10.1-1+b1 arm64
  Rust library that demangles / undecorates C++ symbols mangled by MSVC - Rust source code

libsafec-dev/stable 3.9.1-1 arm64
  "safe" C libc extensions (Annex K) - dev

libsafec3t64/stable 3.9.1-1 arm64
  "safe" C libc extensions (Annex K)

mencoder/stable 2:1.5+svn38674-2 arm64
  MPlayer's Movie Encoder

mingw-w64-x86-64-dev/stable 12.0.0-5 all
  Development files for MinGW-w64 targeting Win64

mplayer/stable 2:1.5+svn38674-2 arm64
  movie player for Unix-like systems

mplayer-gui/stable 2:1.5+svn38674-2 arm64
  movie player for Unix-like systems (GUI variant)

pacpl/stable 6.1.3-1 all
  multi-purpose audio converter/ripper/tagger script

photofilmstrip/stable 4.1.0-1 all
  Slideshow creator with Ken Burns effect

python3-csvkit/stable 2.0.1-3 all
  public modules for csvkit (Python 3)

python3-lockfile/stable 1:0.12.2-4 all
  file locking library for Python — Python 3 library

rpcsvc-proto/stable,now 1.4.3-1+b1 arm64 [installed,automatic]
  RPC protocol compiler and definitions

sipvicious/stable 0.3.3-2 all
  tools to audit SIP based VoIP systems

vdr-plugin-examples/stable 2.6.9-3 arm64
  Plugins for vdr to show some possible features

xine-ui/stable 0.99.14+hg20240403-1+b1 arm64
  xine video player, graphical user interface

