
WARNING: apt does not have a stable CLI interface. Use with caution in scripts.

Sorting...
Full Text Search...
libeclipse-sisu-maven-plugin-java/stable 0.3.5-1 all
  Manage Sisu components and applications

libplexus-classworlds-java/stable 2.7.0-1 all
  Class loading utilities for the Plexus framework

libplexus-classworlds2-java/stable 2.7.0-1 all
  Class loading utilities for the Plexus framework (transitional package)

libplexus-interactivity-api-java/stable 1.3-1 all
  interactivity API for the Plexus framework

libplexus-interpolation-java/stable 1.27-1 all
  Plexus Interpolation API

libplexus-utils2-java/stable 3.4.2-1 all
  utilities for the Plexus framework

libplexus-utils2-java-doc/stable 3.4.2-1 all
  utilities for the Plexus framework - documentation

libplexus-velocity-java/stable 1.2-4 all
  Plexus component interface to velocity

libsisu-inject-java/stable 0.3.5-1 all
  Dependency Injection container for Java

libsisu-plexus-java/stable 0.3.5-1 all
  Plexus adapter for the Sisu dependency injection container

node-react-refresh/stable 0.13.0~18.2.0+dfsg+~cs88.72.123-1 all
  React.js library to integrate Fast Refresh into bundlers

