
WARNING: apt does not have a stable CLI interface. Use with caution in scripts.

Sorting...
Full Text Search...
a56/stable 1.3+dfsg-12 arm64
  Motorola DSP56001 assembler

abcmidi/stable 20250216+ds-1 arm64
  converter from ABC to MIDI format and back

adduser/stable,now 3.152 all [installed,automatic]
  add and remove users and groups

adequate/stable 0.17.5+b5 arm64
  Debian package quality testing tool

aewan/stable 1.0.01-6 arm64
  ASCII-art Editor Without A Name

afflib-tools/stable 3.7.21-1 arm64
  Advanced Forensics Format Library (utilities)

afio/stable 2.5.2-3+b2 arm64
  archive file manipulation program

allelecount/stable 4.3.0-3 arm64
  NGS copy number algorithms

ament-cmake-copyright/stable 0.19.1-1 all
  CMake build system for ROS 2 ament packages (copyright checks)

android-file-transfer/stable 4.3-1+b2 arm64
  reliable MTP client with minimalistic UI

ansilove/stable 4.2.0-2+b1 arm64
  ANSI and ASCII art to PNG converter

apachetop/stable 0.23.2-3 arm64
  Realtime Apache monitoring tool

apfs-dkms/stable 0.3.13-1 all
  APFS module for Linux, with experimental write support

apksigcopier/stable 1.1.1-1 all
  copy/extract/patch android apk signatures & compare apks

apparix/stable 11-062-3 arm64
  console-based bookmark tool for fast file system navigation

apt-cacher/stable 1.7.31 all
  Caching proxy server for Debian/Ubuntu/Devuan software repositories

apt-cacher-ng/stable 3.7.5-1+b1 arm64
  caching proxy server for software repositories

ardour/stable 1:8.12.0+ds-1 arm64
  the digital audio workstation

atomicparsley/stable 20240608.083822.1ed9031-1 arm64
  read, parse and set metadata of MPEG-4 and 3gp files

atril/stable 1.26.2-4+deb13u1 arm64
  MATE document viewer

autocutsel/stable 0.10.1-1+b2 arm64
  Keep the X clipboard and the cutbuffer in sync

autotools-dev/stable 20240727.1 all
  Update infrastructure for config.{guess,sub} files

bbmail/stable 0.9.3-5+b1 arm64
  Mail notifier for Blackbox/Fluxbox

bittwist/stable 4.7+ds-2 arm64
  libpcap based Ethernet packet generator

bluraybackup/stable 2.0-1 arm64
  Backup BDMV from the command line

bmaptool/stable 3.9.0-3 all
  tool to flash image files to block devices using the block map

bootcd/stable 6.8.2 all
  bootcd tools can copy a running or mounted Debian system.

bpython/stable 0.25-2 all
  fancy interface to the Python 3 interpreter

brasero/stable 3.12.3-4 arm64
  CD/DVD burning application for GNOME

brasero-cdrkit/stable 3.12.3-4 arm64
  cdrkit extensions for the Brasero burning application

brasero-common/stable 3.12.3-4 all
  Common files for the Brasero CD burning application and library

btrfs-progs/stable,now 6.14-1 arm64 [installed]
  Checksumming Copy on Write Filesystem utilities

budgie-dropby-applet/stable 1.9.0-1 all
  Applet to popup when a USB device is connected

bumblebee/stable 3.2.1-32 arm64
  NVIDIA Optimus support for Linux

burner-cdrkit/stable 3.0.11-2 arm64
  cdrkit extensions for the Burner burning application

burner-common/stable 3.0.11-2 all
  Common files for the Burner CD burning application and library

busco/stable 5.5.0-3 arm64
  benchmarking sets of universal single-copy orthologs

buthead/stable 1.1-7+b1 arm64
  copy all but the first few lines

cadaver/stable 0.26+dfsg-2 arm64
  command-line WebDAV client

canadian-ham-exam/stable 1.0.1-3 all
  practice test for the Canadian Amateur Radio exam

cargo-binutils/stable 0.3.6-2+b1 arm64
  Proxy for LLVM tools like llvm-nm, llvm-objdump and llvm-size

cdrdao/stable 1:1.2.5-2 arm64
  records CDs in Disk-At-Once (DAO) mode

cfi-en/stable 3.0-10.2 all
  Copyright does not exist, book about hacker culture

cfi-sv/stable 3.0-10.2 all
  Copyright finns inte, book about hacker culture

chake/stable 0.92-1 all
  serverless configuration management tool for chef

chiark-scripts/stable 8.0.1 all
  chiark system administration scripts

chiark-utils-bin/stable 8.0.1 arm64
  chiark system administration utilities

chr/stable 0.1.80-1 arm64
  terminal-based text editor

chr-tiny/stable 0.1.80-1 arm64
  terminal-based text editor - without syntax highlighting

ciderwebmail/stable 1.05+20240702-1 all
  IMAP webmail service

cl-nodelet/stable 1.11.1-1 all
  Robot OS nodelet library - service files - LISP

clementine/stable 1.4.1+git27-g658f34ec4+dfsg-3 arm64
  modern music player and library organizer

clipman/stable 1.2.0+git20200218.39fd4fe-2+b18 arm64
  simple clipboard manager for Wayland

cmake-extras/stable 1.8-1 all
  Extra CMake utility modules

cnvkit/stable 0.9.12-1 all
  Copy number variant detection from targeted DNA sequencing

codeblocks-contrib/stable 25.03+dfsg-2 arm64
  contrib plugins for Code::Blocks IDE

consolation/stable 0.0.10-1+b1 arm64
  linux console pointer support for copy-paste

copyq/stable 10.0.0-1 arm64
  Advanced clipboard manager with editing and scripting features

copyq-doc/stable 10.0.0-1 all
  Documentation and examples for CopyQ - HTML format

copyq-plugins/stable 10.0.0-1 arm64
  Plugins for CopyQ

copyright-update/stable 2016.1018-6 all
  update copyright information in files

courier-faxmail/stable 1.4.1-3+deb13u2 arm64
  Courier mail server - Fax<->mail gateway

courier-filter-perl/stable 0.200+ds-6 all
  purely Perl-based mail filter framework for the Courier MTA

cowbuilder/stable 0.90+b1 arm64
  pbuilder running on cowdancer

cowdancer/stable 0.90+b1 arm64
  Copy-on-write directory tree utility

cpio/stable,now 2.15+dfsg-2 arm64 [installed]
  GNU cpio -- a program to manage archives of files

cproto/stable 4.7x-1 arm64
  utilities to generate C function prototypes from C source code

crimson/stable 0.5.3-1+b1 arm64
  hex-based tactical game

cupt/stable 2.10.4+nmu2+b2 arm64
  flexible package manager -- console interface

datapacker/stable 1.0.3+nmu1 arm64
  Tool to pack files into minimum number of CDs/DVDs/etc

ddpt/stable 0.97-2+b1 arm64
  Copies disks, partitions and files.

debian-edu-artwork-ceratopsian/stable 2.13.0-1 all
  Debian Edu Ceratopsian "trixie" theme and artwork

debian-policy/stable 4.7.2.0 all
  Debian Policy Manual and related documents

debmake/stable 4.5.1-2 all
  helper script to make the Debian source package

decopy/stable 0.2.4.9-0.1 all
  Automatic debian/copyright Generator

dh-linktree/stable 0.9 all
  Create symlink trees within a Debian package

dh-nodejs/stable 0.15.23 all
  debhelper addon to build Node.js modules

diffutils/stable,now 1:3.10-4 arm64 [installed]
  File comparison utilities

digikam-data/stable 4:8.6.0-1 all
  digiKam architecture-independant data

dirdiff/stable 2.1-9+b2 arm64
  Display and merge changes between two directory trees

dirvish/stable 1.2.1-2.1 all
  Filesystem based backup system using rsync

djview4/stable 4.12-3+b3 arm64
  Viewer for the DjVu image format

dkopp/stable 8.2-1 arm64
  Full and incremental backup to DVD

dmktools/stable 20.0+dfsg-1.2 arm64
  tools for manipulating floppy disk images in the dmk format

dpkg-repack/stable 1.54 all
  Debian package archiving tool

duck/stable 0.14.4 all
  checks URLs in debian/control and debian/upstream files

e-wrapper/stable 0.2-1 all
  invoke your editor, with optional file:lineno handling

elpa-ace-popup-menu/stable 0.2.1-5 all
  replace GUI popup menu with something more efficient

elpa-async/stable 1.9.9-2 all
  simple library for asynchronous processing in Emacs

elpa-dash/stable 2.20.0+dfsg-1 all
  modern list manipulation library for Emacs

elpa-dired-rsync/stable 0.7-3 all
  support for rsync from Emacs dired buffers

elpa-dpkg-dev-el/stable 37.19 all
  Emacs helpers specific to Debian development

elpa-git-timemachine/stable 4.13-2 all
  walk through git revisions of a file

elpa-pdf-tools/stable 1.1.0-3 all
  Display and interact with pdf in Emacs

elpa-pg/stable 0.54-1 all
  pg.el -- Emacs Lisp socket-level interface to the PostgreSQL RDBMS

elpa-ztree/stable 1.0.6-2 all
  text mode directory tree

elph/stable 1.0.1-5+b1 arm64
  DNA/protein sequence motif finder

engauge-digitizer/stable 12.1+ds.1-1+b2 arm64
  interactively extracts numbers from bitmap graphs or maps

etsf-io/stable 1.0.4-6 arm64
  Binary tools to check, merge and read ETSF files

evince/stable 48.1-3+deb13u1 arm64
  Document (PostScript, PDF) viewer

evince-common/stable 48.1-3+deb13u1 all
  Document (PostScript, PDF) viewer - common files

fbterm/stable 1.7-5+b1 arm64
  fast framebuffer based terminal emulator for Linux

fdutils/stable 5.6-4+b2 arm64
  Linux floppy utilities

feedgnuplot/stable 1.62-1 all
  Pipe-oriented frontend to Gnuplot

fenrir/stable 2025.0.2.26-1 all
  Userland console (TTY) screen reader written in python

firebird3.0-common-doc/stable 3.0.12.ds7-13+deb13u1 all
  copyright, licensing and changelogs of firebird3.0

firebird3.0-utils/stable 3.0.12.ds7-13+deb13u1 arm64
  Firebird command line utilities

firebird4.0-common-doc/stable 4.0.5.3140.ds6-17+deb13u1 all
  copyright, licensing and changelogs of firebird4.0

firebird4.0-utils/stable 4.0.5.3140.ds6-17+deb13u1 arm64
  Firebird command line utilities

fl-cow/stable 0.6-10 arm64
  copy-on-write utility

fling/stable 1.1-3+b1 arm64
  Transfer data from stdin over network to destination quickly

fluidr3mono-gm-soundfont/stable 2.315-7 all
  Fluid (R3) Mono GM SoundFont from MuseScore 2.1 (lossy)

fondu/stable 0.0.20060102-7+b1 arm64
  convert between Mac and UNIX font formats

fonts-joscelyn/stable 1.012+ds-4 all
  authentic secretary hand font

forensics-all/stable 3.61 all
  Debian Forensics Environment - essential components (metapackage)

fosfat/stable 1.0.1-2+b1 arm64
  FUSE library to access Smaky formatted disk (ro)

fosfat-dev/stable 1.0.1-2+b1 arm64
  FUSE library to access Smaky formatted disk, development files

fotoxx/stable 24.70-1 arm64
  Edit photos and manage a large collection

fotoxx-common/stable 24.70-1 all
  Edit photos and manage a large collection - common files

freefilesync/stable 13.7-1+b1 arm64
  Cross-platform file sync utility with GUI (GPL release)

frescobaldi/stable 3.3.0+ds1-3 arm64
  LilyPond sheet music text editor

ftpcopy/stable 0.6.7-7+b1 arm64
  FTP clients collection

ftpmirror/stable 1.96+dfsg-16.1+b2 arm64
  Mirroring directory hierarchy using FTP protocol

gcc-12-cross-base/stable 12.4.0-5cross1 all
  GCC, the GNU Compiler Collection (library base package)

gcc-12-cross-base-ports/stable 12.4.0-5cross1 all
  GCC, the GNU Compiler Collection (library base package)

gcc-13-cross-base/stable 13.3.0-16cross1 all
  GCC, the GNU Compiler Collection (library base package)

gcc-13-cross-base-mipsen/stable 13.3.0-12cross1 all
  GCC, the GNU Compiler Collection (library base package)

gcc-13-cross-base-ports/stable 13.3.0-16cross1 all
  GCC, the GNU Compiler Collection (library base package)

gcc-14-cross-base/stable 14.2.0-19cross1 all
  GCC, the GNU Compiler Collection (library base package)

gcc-14-cross-base-mipsen/stable 14.2.0-13cross1 all
  GCC, the GNU Compiler Collection (library base package)

gcc-14-cross-base-ports/stable 14.2.0-19cross1 all
  GCC, the GNU Compiler Collection (library base package)

gcdmaster/stable 1:1.2.5-2 arm64
  GNOME GUI for cdrdao

gcp/stable 0.2.1-1 all
  advanced command line file copy system

gddrescue/stable 1.29-1 arm64
  GNU data recovery tool

geany-plugin-addons/stable 2.0-6+b1 arm64
  miscellaneous plugins for Geany

genext2fs/stable 1.5.0-3+b2 arm64
  ext2 filesystem generator for embedded systems

gfal2-plugin-file/stable 2.23.2-1 arm64
  Provides file support for gfal2

gfal2-plugin-http/stable 2.23.2-1 arm64
  Provides HTTP and DAV support for gfal2

gi-docgen/stable 2025.3-1 all
  source code documentation tool using GObject-Introspection

gimp-texturize/stable 3.0+ds-1 arm64
  generates large textures from a small sample

gir1.2-evince-3.0/stable 48.1-3+deb13u1 arm64
  GObject introspection data for the evince libraries

gir1.2-papers-4.0/stable 48.3-1 arm64
  GObject introspection data for the papers libraries

git-crecord/stable 20230226.0-2 all
  interactively select chunks to commit with Git

git-restore-mtime/stable 2022.12-1 all
  set timestamps to the date of a file's last commit

glasscoder/stable 2.0.1-2.1 arm64
  minimalist audio encoder for generating live streams

glassgui/stable 2.0.1-2.1 arm64
  minimalist audio encoder GUI for generating live streams

globus-gass-copy-progs/stable 10.13-2+b1 arm64
  Grid Community Toolkit - Globus Gass Copy Programs

gnome-keysign/stable 1.3.0-5.1 all
  easy signing of OpenPGP keys over the local network

gnome-pass-search-provider/stable 1.4.0-1 all
  GNOME Shell search provider for the pass password manager

gnome-shell-extension-desktop-icons-ng/stable 48.1.0-1 all
  desktop icon support for GNOME Shell

gnuit/stable 4.9.5-5+b1 arm64
  GNU Interactive Tools, a file browser/viewer and process viewer/killer

golang-github-alessio-shellescape-dev/stable 1.4.2-1 all
  Escape arbitrary strings for use as command line arguments

golang-github-apache-arrow-go-dev/stable 18.2.0-1 all
  toolbox for data interchange and in-memory analytics (Go library)

golang-github-atotto-clipboard-dev/stable 0.1.4-1 all
  Clipboard for Go

golang-github-awnumar-memguard-dev/stable 0.22.5-2 all
  secure enclave for storage of sensitive information (library)

golang-github-aymanbagabas-go-osc52-dev/stable 1.2.1-1 all
  Golang terminal ANSI OSC52 wrapper

golang-github-aymanbagabas-go-osc52-v2-dev/stable 2.0.1-1 all
  Golang terminal ANSI OSC52 wrapper

golang-github-bep-helpers-dev/stable 0.4.0-2 all
  Go utils package with a less burdened name by @bep

golang-github-bep-overlayfs-dev/stable 0.9.2-2 all
  composite Afero filesystem (Go library)

golang-github-bmatsuo-lmdb-go-dev/stable 1.8.0+git20170215.a14b5a3-4 all
  Bindings for the LMDB C library

golang-github-flynn-json5-dev/stable 0.0~git20160717.7620272-2 all
  Go JSON5 decoder package based on encoding/json

golang-github-gtank-cryptopasta-dev/stable 0.0~git20170601.1f550f6-1.1 all
  copy & paste-friendly golang crypto

golang-github-hexops-gotextdiff-dev/stable 1.0.3-2 all
  Unified text diffing in Go (copy of gopls internal diffing)

golang-github-jinzhu-copier-dev/stable 0.3.2-2 all
  Copy value from struct to struct and more (library)

golang-github-josharian-intern-dev/stable 1.0.0-3 all
  Intern string golang library

golang-github-karpeleslab-reflink-dev/stable 1.0.1-1.1 all
  Reflink file copy in Go (library)

golang-github-kubernetes-gengo-dev/stable 0.0~git20250207.1244d31-1 all
  library for generating code based on Go files

golang-github-mitchellh-copystructure-dev/stable 1.2.0-1 all
  library for deep copying values in Go

golang-github-mohae-deepcopy-dev/stable 0.0~git20170929.c48cc78-4 all
  create deep copies of things

golang-github-otiai10-copy-dev/stable 1.2.0-3 all
  Golang copy directory recursively (library)

golang-github-packer-community-winrmcp-dev/stable 0.0~git20180921.c76d91c-2 all
  copy files to remote hosts using WinRM (Go library)

golang-github-pion-turn.v2-dev/stable 2.1.0-1 all
  Pion TURN, an API for building TURN clients and servers (library)

golang-github-saracen-fastzip-dev/stable 0.1.11-2 all
  opinionated Zip archiver with a focus on speed (Go library)

golang-github-suapapa-go-eddystone-dev/stable 1.3.1-1 all
  golang library for supporting Eddystone

golang-github-tmc-scp-dev/stable 0.0+20170825-2 all
  basic implementation of scp for go

golang-github-u-root-uio-dev/stable 0.0~git20220204.dac05f7-2.1 all
  commonly used utilities for u-root

golang-github-valyala-quicktemplate-dev/stable 1.8.0+ds1-2 all
  fast, powerful, yet easy to use template engine for Go (library)

golang-github-wk8-go-ordered-map-dev/stable 2.1.8-2 all
  Optimal implementation of ordered maps for Golang (Go library)

golang-github-zyedidia-clipboard-dev/stable 1.0.3-1 all
  clipboard for golang

golang-github-zyedidia-clipper-dev/stable 0.1.1-2 all
  Cross-platform clipboard access in Go (library)

golang-gopkg-pg.v5-dev/stable 5.3.3-3.1 all
  PostgreSQL client and ORM for Golang

golly/stable 3.3-1.1+b5 arm64
  Game of Life simulator using hashlife algorithm

gpick/stable 0.2.6-1.1+b1 arm64
  advanced GTK+ color picker

grace/stable 1:5.1.25-18 arm64
  XY graphing and plotting tool

grim/stable 1.4.0+ds-2+b2 arm64
  command-line utility to make screenshots of Wayland desktops

grimshot/stable 1.10.1-1 all
  Easy to use screenshot tool for sway

gsocket/stable 1.4.43-4+b1 arm64
  Allows two machines on different networks to communicate with each other

gwenview/stable 4:25.04.3-1 arm64
  image viewer by KDE

gwenview-doc/stable 4:25.04.3-1 all
  documentation for Gwenview

gwyddion/stable 2.67-1 arm64
  Scanning Probe Microscopy visualization and analysis tool

gwyddion-common/stable 2.67-1 all
  architecture-independent files for Gwyddion SPM analysis tool

hdav/stable 1.3.4-4+b2 arm64
  command-line WebDAV client

hexedit/stable 1.6-2 arm64
  viewer and editor in hexadecimal or ASCII for files or devices

horizon-eda/stable 2.6.0-2.2+b1 arm64
  EDA layout and schematic application

html-xml-utils/stable 7.7-1.1+b2 arm64
  HTML and XML manipulation utilities

httrack/stable 3.49.6-1 arm64
  Copy websites to your computer (Offline browser)

hugo-mx-gateway/stable 0.2.2+ds1-3+b19 arm64
  Contact/demo forms handler for static websites (program)

hyperv-daemons/stable 6.12.94-1 arm64
  Support daemons for Linux running on Hyper-V

hyx/stable 2021.06.09-1+b1 arm64
  minimalistic but powerful vim-like hex editor

icedax/stable 9:1.1.11-4 arm64
  Creates WAV files from audio CDs

iceoryx/stable 2.0.6+dfsg-1 arm64
  zero-copy inter-process communication

iceoryx-doc/stable 2.0.6+dfsg-1 all
  zero-copy inter-process communication library documentation

imagej/stable 1.54g-1 all
  Image processing program with a focus on microscopy images

imapcopy/stable 1.04-2.2 arm64
  IMAP backup, copy and migration tool

intel-hdcp/stable 20.3.0-1.1 arm64
  Intel unified HDCP implementation -- userspace daemon

iraf-fitsutil/stable 2024.07.06-1 arm64
  FITS utilities for IRAF

irssi-scripts/stable 20231031 all
  collection of scripts for irssi

joe/stable 4.6-2 arm64
  user friendly full screen text editor

joe-jupp/stable 3.1.41-1 all
  reimplement the joe Debian package using jupp

jupp/stable 3.1.41-1+b1 arm64
  user friendly full screen text editor

jxplorer/stable 3.3.2+dfsg-7 all
  Java LDAP Browser

k2pdfopt/stable 2.55+ds-3.1+b1 arm64
  PDF Reflow tool

k3b/stable 25.04.0-1 arm64
  Sophisticated CD/DVD burning application

kanif/stable 1.2.2-4 all
  cluster management and administration swiss army knife

kcharselect/stable 4:25.04.0-1 arm64
  special character utility

kdenlive/stable 24.12.3-2+deb13u1 arm64
  non-linear video editor

kdenlive-data/stable 24.12.3-2+deb13u1 all
  non-linear video editor (data files)

kephra/stable 0.4.3.34+dfsg-4 all
  gui text editor along Perl alike Paradigms

kickpass/stable 0.2.0-8 arm64
  simple password safe

klatexformula/stable 4.1.0-1.1+b2 arm64
  GUI to easily get an image from a LaTeX formula or equation

kodi-pvr-nextpvr/stable 21.3.2+ds-1 arm64
  NextPVR PVR addon for Kodi

krename/stable 5.0.2+git20250107.83b86fa-1+b1 arm64
  powerful batch renamer for KDE

kylin-burner/stable 3.0.11-2 arm64
  CD/DVD burning application for UKUI

larch/stable 1.1.2-2.1 all
  tool to copy messages from one IMAP server to another

lftp/stable 4.9.2-3 arm64
  Sophisticated command-line FTP/HTTP/BitTorrent client programs

libaacs-bin/stable 0.11.1-4+b1 arm64
  free-and-libre implementation of AACS (tools)

libaacs-dev/stable 0.11.1-4+b1 arm64
  free-and-libre implementation of AACS (development files)

libaacs0/stable 0.11.1-4+b1 arm64
  free-and-libre implementation of AACS

liballelecount-perl/stable 4.3.0-3 all
  Perl interface to NGS copy number algorithms

libandroid-zipflinger-java/stable 7.2.2-2 all
  Library dedicated to ZIP files manipulation

libangstrom-ocaml/stable 0.16.1-1+b2 arm64
  speed and memory-efficient parser combinators for OCaml (runtime)

libangstrom-ocaml-dev/stable 0.16.1-1+b2 arm64
  speed and memory-efficient parser combinators for OCaml (dev)

libarmci-mpi-dev/stable 0.4-6 arm64
  ARMCI-MPI (Development version)

libb-cow-perl/stable 0.007-1+b3 arm64
  additional B helpers to check COW status

libbdplus-dev/stable 0.2.0-4+b1 arm64
  implementation of BD+ for reading Blu-ray Discs (development files)

libbdplus0/stable 0.2.0-4+b1 arm64
  implementation of BD+ for reading Blu-ray Discs

libblocksruntime0/stable 0.4.1-1.1+b1 arm64
  Blocks Runtime library

libbrasero-media3-1/stable 3.12.3-4 arm64
  CD/DVD burning library for GNOME - runtime

libbrasero-media3-dev/stable 3.12.3-4 arm64
  CD/DVD burning library for GNOME - development

libbtrfs-dev/stable 6.14-1 arm64
  Checksumming Copy on Write Filesystem utilities (development headers)

libbtrfs0t64/stable 6.14-1 arm64
  Checksumming Copy on Write Filesystem utilities (runtime library)

libbtrfsutil-dev/stable 6.14-1 arm64
  Checksumming Copy on Write Filesystem utilities (util development headers)

libbtrfsutil1t64/stable 6.14-1 arm64
  Checksumming Copy on Write Filesystem utilities (runtime util library)

libburner-media3-1/stable 3.0.11-2 arm64
  CD/DVD burning library for UKUI - runtime

libburner-media3-dev/stable 3.0.11-2 arm64
  CD/DVD burning library for GNOME - development

libcache-memcached-fast-perl/stable 0.28-3 arm64
  Perl client for memcached, in C language

libcfitsio-bin/stable 4.6.2-2 arm64
  CFITSIO based utilities

libclass-std-storable-perl/stable 0.0.1-3 all
  Support for creating serializable "inside-out" classes

libclipboard-perl/stable 0.32-1 all
  module to use X selections (clipboard) from Perl

libclone-perl/stable,now 0.47-1+b1 arm64 [installed,automatic]
  module for recursively copying Perl datatypes

libclone-pp-perl/stable 1.08-2 all
  module to recursively copy Perl datatypes

libcolt-free-java/stable 1.2.0+dfsg-8 all
  scalable scientific and technical computing in Java

libcolt-free-java-doc/stable 1.2.0+dfsg-8 all
  scalable scientific and technical computing in Java (doc)

libconfig-model-dpkg-perl/stable 3.014 all
  editor for Dpkg source files with validation

libcopy-rename-maven-plugin-java/stable 2.0.0-2 all
  m2e compatible maven plugin for renaming/copying

libcothreads-ocaml-dev/stable 0.10-7+b2 arm64
  concurrent programming library for OCaml

libcsexp-ocaml/stable 1.5.2-4+b4 arm64
  parsing and printing of S-expressions in Canonical form (runtime)

libcsexp-ocaml-dev/stable 1.5.2-4+b4 arm64
  parsing and printing of S-expressions in Canonical form (dev)

libdata-clone-perl/stable 0.006-1+b3 arm64
  Perl module for polymorphic data cloning

libdata-dump-perl/stable,now 1.25-1 all [installed,automatic]
  Perl module to help dump data structures

libdebian-copyright-perl/stable 0.2-6 all
  perl module to parse, merge and write Debian copyright files

libdist-zilla-plugin-prepender-perl/stable 2.004-3 all
  Dist::Zilla plugin to prepend lines at the top of your perl files

libdsk-utils/stable 1.5.9+dfsg-1+b2 arm64
  library for accessing discs and disc image file (utilities)

libdsk4/stable 1.5.9+dfsg-1+b2 arm64
  library for accessing discs and disc image file

libdsk4-dev/stable 1.5.9+dfsg-1+b2 arm64
  library for accessing discs and disc image file (development headers)

libeconf-dev/stable 0.7.7+dfsg1-1 arm64
  parse and manage key=value configuration files - development files

libeconf-utils/stable 0.7.7+dfsg1-1 arm64
  parse and manage key=value configuration files - command line utils

libeconf0/stable 0.7.7+dfsg1-1 arm64
  parse and manage key=value configuration files

libehcache-java/stable 2.6.11-5 all
  distributed cache library

libfcgi-procmanager-perl/stable 0.28-3 all
  Perl module to help manage FastCGI applications

libfile-copy-link-perl/stable 0.200-1 all
  Perl extension for replacing a link by a copy of the linked file

libfile-copy-recursive-perl/stable 0.45-4 all
  Perl extension for recursively copying files and directories

libfile-copy-recursive-reduced-perl/stable 0.008-1 all
  module for recursive copying of files and directories

libfile-ncopy-perl/stable 0.36-3 all
  module for file copying like cp

libfile-sharedir-par-perl/stable 0.06-3 all
  module for handling shared data in PAR archives

libfilter-perl/stable 1.64-2 arm64
  Perl source filters

libfosfat1/stable 1.0.1-2+b1 arm64
  API for the Smaky file system

libfosgra1/stable 1.0.1-2+b1 arm64
  library to decode Smaky .IMAGE files

libgavl-dev/stable 2.0.0~svn6298-1+b3 arm64
  low level audio and video library - development files

libgavl-doc/stable 2.0.0~svn6298-1 all
  low level audio and video library - documentation files

libgavl2/stable 2.0.0~svn6298-1+b3 arm64
  low level audio and video library - runtime files

libgeonames-common/stable 0.3.1-2 all
  geonames - data files

libgeonames-dev/stable 0.3.1-2 arm64
  geonames - library development files

libgeonames0/stable 0.3.1-2 arm64
  Parse and query the geonames database dump

libgfal-transfer2t64/stable 2.23.2-1 arm64
  File Transfer logic of gfal2

libghc-bytestring-to-vector-dev/stable 0.3.0.1-6+b1 arm64
  convert ByteString<->Vector.Storable without copying

libghc-bytestring-to-vector-doc/stable 0.3.0.1-6 all
  convert ByteString<->Vector.Storable without copying; documentation

libghc-bytestring-to-vector-prof/stable 0.3.0.1-6+b1 arm64
  convert ByteString<->Vector.Storable without copying; profiling libraries

libghc-fast-logger-dev/stable 3.2.4-1+b1 arm64
  a fast logging system

libghc-fast-logger-doc/stable 3.2.4-1 all
  a fast logging system; documentation

libghc-fast-logger-prof/stable 3.2.4-1+b1 arm64
  a fast logging system; profiling libraries

libghc-memory-dev/stable 0.18.0-4+b1 arm64
  memory and related abstraction stuff

libghc-memory-doc/stable 0.18.0-4 all
  memory and related abstraction stuff; documentation

libghc-memory-prof/stable 0.18.0-4+b1 arm64
  memory and related abstraction stuff; profiling libraries

libghc-monad-control-dev/stable 1.0.3.1-3+b1 arm64
  Monad transformers to lift control operations

libghc-monad-control-doc/stable 1.0.3.1-3 all
  Monad transformers to lift control operations; documentation

libghc-monad-control-prof/stable 1.0.3.1-3+b1 arm64
  Monad transformers to lift control operations; profiling libraries

libghc-safecopy-dev/stable 0.10.4.2-3+b1 arm64
  Haskell serialization library with version control - GHC libraries

libghc-safecopy-doc/stable 0.10.4.2-3 all
  Haskell serialization library with version control - documentation; documentation

libghc-safecopy-prof/stable 0.10.4.2-3+b1 arm64
  Haskell serialization library with version control - GHC profiling libraries; profiling libraries

libghc-sendfile-dev/stable 0.7.11.6-1+b1 arm64
  Haskell portable sendfile library

libghc-sendfile-doc/stable 0.7.11.6-1 all
  Haskell portable sendfile library; documentation

libghc-sendfile-prof/stable 0.7.11.6-1+b1 arm64
  Haskell portable sendfile library; profiling libraries

libghc-spool-dev/stable 0.1-5+b1 arm64
  copyless conversion between ByteString and Vector.Storable

libghc-spool-doc/stable 0.1-5 all
  copyless conversion between ByteString and Vector.Storable; documentation

libghc-spool-prof/stable 0.1-5+b1 arm64
  copyless conversion between ByteString and Vector.Storable; profiling libraries

libghc-text-short-dev/stable 0.1.6-1+b1 arm64
  memory-efficient representation of Unicode text strings

libghc-text-short-doc/stable 0.1.6-1 all
  memory-efficient representation of Unicode text strings; documentation

libghc-text-short-prof/stable 0.1.6-1+b1 arm64
  memory-efficient representation of Unicode text strings; profiling libraries

libglobalarrays-dev/stable 5.9.2-1 arm64
  Distributed Shared-Memory Programming Environment (development)

libglobus-gass-copy-dev/stable 10.13-2+b1 arm64
  Grid Community Toolkit - Globus Gass Copy Development Files

libglobus-gass-copy-doc/stable 10.13-2 all
  Grid Community Toolkit - Globus Gass Copy Documentation Files

libglobus-gass-copy2t64/stable 10.13-2+b1 arm64
  Grid Community Toolkit - Globus Gass Copy

libgloo-dev/stable 0.0~git20231202.5354032-3+b2 arm64
  Collective communications library (development files)

libgloo0/stable 0.0~git20231202.5354032-3+b2 arm64
  Collective communications library (shared object)

libgwyddion2-0t64/stable 2.67-1 arm64
  libraries for Gwyddion SPM analysis tool

libgwyddion20-dev/stable 2.67-1 arm64
  header files for Gwyddion SPM analysis tool

libgwyddion20-doc/stable 2.67-1 all
  HTML library API documentation for Gwyddion SPM analysis tool

libhash-safekeys-perl/stable 0.04-1+b3 arm64
  Perl module to get hash contents without resetting each iterator

libhdcpsdk-dev/stable 20.3.0-1.1 arm64
  Intel unified HDCP implementation -- development files

libhdcpsdk0/stable 20.3.0-1.1 arm64
  Intel unified HDCP implementation -- shared library

libhtml-copy-perl/stable 1.31-2 all
  module to copy a HTML file without breaking links

libiceoryx-binding-c-dev/stable 2.0.6+dfsg-1 arm64
  C bindings for the zero-copy inter-process communication library (headers)

libiceoryx-binding-c2/stable 2.0.6+dfsg-1 arm64
  C bindings for the zero-copy inter-process communication library

libiceoryx-hoofs-dev/stable 2.0.6+dfsg-1 arm64
  zero-copy inter-process communication HOOFS library headers

libiceoryx-hoofs2/stable 2.0.6+dfsg-1 arm64
  zero-copy inter-process communication HOOFS library

libiceoryx-introspection-dev/stable 2.0.6+dfsg-1 arm64
  zero-copy inter-process communication introspection library headers

libiceoryx-introspection2/stable 2.0.6+dfsg-1 arm64
  zero-copy inter-process communication introspection library

libiceoryx-platform2/stable 2.0.6+dfsg-1 arm64
  zero-copy inter-process communication platform library

libiceoryx-posh-config2/stable 2.0.6+dfsg-1 arm64
  zero-copy inter-process communication POSH config library

libiceoryx-posh-dev/stable 2.0.6+dfsg-1 arm64
  zero-copy inter-process communication POSH library headers

libiceoryx-posh-gateway2/stable 2.0.6+dfsg-1 arm64
  zero-copy inter-process communication POSH gateway library

libiceoryx-posh-roudi2/stable 2.0.6+dfsg-1 arm64
  zero-copy inter-process communication POSH RouDi library

libiceoryx-posh2/stable 2.0.6+dfsg-1 arm64
  zero-copy inter-process communication POSH transport library

libij-java/stable 1.54g-1 all
  Java library for ImageJ

libij-java-doc/stable 1.54g-1 all
  documentation of libij-java

libimage-scale-perl/stable 0.14+dfsg-3+b3 arm64
  fast, high-quality fixed-point image resizing module

libjengelman-shadow-java/stable 4.0.3-3 all
  Gradle plugin for creating fat/uber JARs with support for package relocation.

libjimfs-java/stable 1.1-6 all
  In-memory file system implementing the java.nio.file APIs

libjimfs-java-doc/stable 1.1-6 all
  Documentation for libjimfs-java

libjs-functional-red-black-tree/stable 1.0.1+20181105-7 all
  fully persistent balanced binary search tree - browser library

libjs-typedarray-to-buffer/stable 4.0.0-2 all
  Nodejs utility converting TypedArray to buffer without copy

libklatexformula4/stable 4.1.0-1.1+b2 arm64
  Runtime libraries for klatexformula

libklatexformula4-dev/stable 4.1.0-1.1+b2 arm64
  Runtime libraries for klatexformula, development files

libklatexformula4-doc/stable 4.1.0-1.1 all
  Runtime libraries for klatexformula, API documentation

libkryo-java/stable 2.20-8 all
  object graph serialization framework for Java

libkryo2-java/stable 2.20-9.1 all
  object graph serialization framework for Java

liblaf-widget-java/stable 7.3+dfsg3-6 all
  Java widget toolbox for other look-and-feel libraries

liblaf-widget-java-doc/stable 7.3+dfsg3-6 all
  Java widget toolbox for look-and-feel libraries - documentation

liblocal-lib-perl/stable 2.000029-1 all
  module to use a local path for Perl modules

libmath-vecstat-perl/stable 0.08-3 all
  module providing some basic numeric stats on vectors

libmaven-dependency-plugin-java/stable 3.8.1-1 all
  Maven Dependency Plugin

libmaven-resources-plugin-java/stable 3.3.1-1 all
  Maven resources plugin

libmemcached-tools/stable 1.1.4-1.1+b2 arm64
  Commandline tools for talking to memcached via libmemcached

libmodern-perl-perl/stable 1.20241001-1 all
  module for enabling all of the features of Modern Perl

libmodule-install-copyright-perl/stable 0.009-4 all
  package a COPYRIGHT file with a distribution

libmodule-install-extratests-perl/stable 0.008-4 all
  contextual tests that the harness can ignore

libmodule-install-perl/stable 1.21-2 all
  framework for installing Perl modules

libmoox-role-cloneset-perl/stable 0.1.1-2 all
  Perl Moo role for creating updated copies of immutable objects

libmozilla-ca-perl/stable 20250202-1 all
  Mozilla's CA cert bundle in PEM format

libmozilla-publicsuffix-perl/stable 1.0.7-1 all
  Perl interface to the Mozilla Public Suffix List

libnbd-bin/stable 1.22.2-1+b1 arm64
  Utilities using the Network Block Device client library

libneon27t64/stable 0.34.2-1 arm64
  HTTP and WebDAV client library

libneon27t64-gnutls/stable 0.34.2-1 arm64
  HTTP and WebDAV client library (GnuTLS enabled)

libnest2d-dev/stable 5.0.0-3 arm64
  2D irregular bin packaging and nesting C++ header-only library

libnet-scp-perl/stable 0.08-4 all
  Perl extension for secure copy protocol

libnodelet-dev/stable 1.11.1-1+b1 arm64
  Robot OS nodelet library - service header files

libnodelet-topic-tools-dev/stable 1.11.1-1+b1 arm64
  Robot OS nodelet_topic_tools library - development files

libnodeletlib-dev/stable 1.11.1-1+b1 arm64
  Robot OS nodelet library - development

libnodeletlib-tools/stable 1.11.1-1+b1 arm64
  Robot OS nodelet library - tools

libnodeletlib1d/stable 1.11.1-1+b1 arm64
  Robot OS nodelet library

libnoggit-java/stable 0.8-1 all
  Fast streaming JSON parser for Java

libparallel-hashmap-dev/stable 1.4.1+ds-2 all
  header-only hash map implementation

libparted-dev/stable 3.6-5 arm64
  disk partition manipulator - development files

libparted-fs-resize0t64/stable 3.6-5 arm64
  disk partition manipulator - shared FS resizing library

libparted-i18n/stable 3.6-5 all
  disk partition manipulator - i18n support

libparted2t64/stable 3.6-5 arm64
  disk partition manipulator - shared library

libpdl-graphics-gnuplot-perl/stable 2.032-2 all
  gnuplot-based plotting backend for PDL

libperinci-sub-normalize-perl/stable 0.207-1 all
  Perl module to normalize Rinci function metadata

libplib-doc/stable 1:1.8.5-7 all
  Portability Libraries: documentation and examples

libpod-weaver-section-legal-complicated-perl/stable 1.23-1 all
  Pod::Weaver plugin for per module authors, copyright holders, and license

libppx-globalize-ocaml/stable 0.17.0-1+b7 arm64
  copy local values to the global heap (runtime files)

libppx-globalize-ocaml-dev/stable 0.17.0-1+b7 arm64
  copy local values to the global heap (dev files)

libprimus-vk1/stable 1.6.4-4 arm64
  vulkan layer library for the primus-vk layer

libprotozero-dev/stable 1.8.1-1 arm64
  Minimalistic protocol buffer decoder and encoder in C++

libprotozero-doc/stable 1.8.1-1 all
  Minimalistic protocol buffer decoder and encoder in C++ - docs

libpuma-dev/stable 1:2.3+git20241211-1 arm64
  C/C++/AspectC++ Scanner and Parsers (development headers)

libqcow-dev/stable 20240308-1+b1 arm64
  QEMU Copy-On-Write image format access library -- development files

libqcow-utils/stable 20240308-1+b1 arm64
  QEMU Copy-On-Write image format access library -- Utilities

libqcow1t64/stable 20240308-1+b1 arm64
  QEMU Copy-On-Write image format access library

librust-bmap-parser-dev/stable 0.2.0-1 arm64
  Rust that allows you to copy files or flash block devices safely - Rust source code

librust-copyless-dev/stable 0.1.5-1+b2 arm64
  Ways to eliminate memcpy calls when using the standard library - Rust source code

librust-copypasta-dev/stable 0.10.1-3 arm64
  Cross-platform library for getting and setting the contents of the OS-level clipboard - Rust source code

librust-copypasta-ext-dev/stable 0.4.4-2 arm64
  Clipboard library providing useful extensions for copypasta - Rust source code

librust-cp-r-dev/stable 0.5.1-2+b2 arm64
  Copy files and directories recursively, preserving mtime and permissions - Rust source code

librust-debian-control-dev/stable 0.1.39-1 arm64
  Parser for Debian copyright files - Rust source code

librust-debian-copyright-dev/stable 0.1.27-1 arm64
  Parser for Debian copyright files - Rust source code

librust-dircpy-dev/stable 0.3.16-2 arm64
  Copy directories recursively with flexible options - Rust source code

librust-fs-extra-dev/stable 1.3.0-3+b2 arm64
  Expanding std::fs and std::io - Rust source code

librust-httparse-dev/stable 1.8.0-1+b2 arm64
  Tiny, safe, speedy, zero-copy HTTP/1.x parser - Rust source code

librust-lev-distance-dev/stable 0.1.1-1+b2 arm64
  Copy of Levenshtein distance implementation of Rust Compiler - Rust source code

librust-matchit-dev/stable 0.7.3-2+b2 arm64
  High performance, zero-copy URL router - Rust source code

librust-nom+std-dev/stable 7.1.3-1+b2 arm64
  Byte-oriented, zero-copy, parser combinators - feature "std" and 1 more

librust-nom-dev/stable 7.1.3-1+b2 arm64
  Byte-oriented, zero-copy, parser combinators - Rust source code

librust-reflink-copy-dev/stable 0.1.23-1 arm64
  Copy-on-write mechanism on supported file systems - Rust source code

librust-rgb-dev/stable 0.8.50-1+b1 arm64
  `struct RGB/RGBA/etc.` for sharing pixels between crates + convenience methods for color manipulation - Rust source code

librust-rkyv-dev/stable 0.8.9-2 arm64
  Zero-copy deserialization framework for Rust - Rust source code

librust-safemem-dev/stable 0.3.3-1+b2 arm64
  Safe wrappers for memory-accessing functions, like `std::ptr::copy()` - Rust source code

librust-tendril-dev/stable 0.4.3-1+b2 arm64
  Compact buffer/string type for zero-copy parsing - Rust source code

librust-utf-8-dev/stable 0.7.6-2+b3 arm64
  Incremental, zero-copy UTF-8 decoding with error handling - Rust source code

librust-winnow-dev/stable 0.6.26-1 arm64
  Byte-oriented, zero-copy, parser combinators library - Rust source code

librust-zerocopy-derive-dev/stable 0.7.34-1 arm64
  Custom derive for traits from the zerocopy crate - Rust source code

librust-zerocopy-dev/stable 0.7.34-1 arm64
  Utilities for zero-copy parsing and serialization - Rust source code

libslang2/stable,now 2.3.3-5+b2 arm64 [installed,automatic]
  S-Lang programming library - runtime version

libsmb2-6/stable 6.2+dfsg-2+deb13u1 arm64
  Libsmb2 is a SMB2/3 client library (library)

libsmb2-dev/stable 6.2+dfsg-2+deb13u1 arm64
  Libsmb2 is a SMB2/3 client library (development)

libsoftware-copyright-perl/stable 0.015-1 all
  Perl module to manage copyright statements

libspdlog-dev/stable 1:1.15.2+ds-2 arm64
  Very fast, header only or compiled, C++ logging library

libspdlog1.15/stable 1:1.15.2+ds-2 arm64
  Very fast C++ logging library

libstoken1t64/stable 0.92-1.1+b2 arm64
  Software Token for cryptographic authentication - shared library

libstring-copyright-perl/stable 0.003014-1 all
  representation of text-based copyright statements

libsvmloc-dev/stable 1.0+dfsg-7 arm64
  PSORTb adapted library for svm machine-learning library (dev)

libsvmloc0/stable 1.0+dfsg-7 arm64
  PSORTb adapted library for svm machine-learning library

libsvn-java/stable 1.14.5-3 arm64
  Java bindings for Apache Subversion

libsvn-notify-mirror-perl/stable 0.04000-3 all
  module to keep a mirrored working copy of a repository path

libsvn-perl/stable,now 1.14.5-3 arm64 [installed,automatic]
  Perl bindings for Apache Subversion

libsyntax-highlight-perl-improved-perl/stable 1.01-8 all
  Highlighting of Perl Syntactical Structures

libsyntax-highlight-perl-perl/stable 1.00-3 all
  Highlighting of Perl Syntactical Structures

libsys-mmap-perl/stable 0.20-2+b4 arm64
  module for using POSIX mmap

libsysadm-install-perl/stable 0.48-2 all
  module for typical installation tasks of system administrators

libtemplating-maven-plugin-java/stable 1.0.0-2 all
  Copying files to an output directory

libtensorpipe-dev/stable 0.0~git20220513.bb1473a-5+b3 arm64
  tensor-aware point-to-point communication primitive for machine learning

libtensorpipe0/stable 0.0~git20220513.bb1473a-5+b3 arm64
  tensor-aware point-to-point communication primitive for machine learning

libterm-readline-zoid-perl/stable 0.07-4 all
  Pure Perl implementation of Readline libraries

libtermbox-dev/stable 1.1.2+dfsg-7 arm64
  Library for writing text-based user interfaces (dev)

libtermbox1/stable 1.1.2+dfsg-7 arm64
  Library for writing text-based user interfaces (lib)

libtest-portability-files-perl/stable 0.10-2 all
  Perl module to check that file names in a distribution are portable

libtest-roo-perl/stable 1.004-2 all
  module for composable, reusable tests with roles and Moo

libtickit-perl/stable 0.73-1+b3 arm64
  Terminal Interface Construction KIT

libtie-cycle-perl/stable 1.231-1 all
  module for cycling through a list of values via a scalar

libtime-olsontz-download-perl/stable 0.009-3 all
  Olson timezone database source module

libtorrent-dev/stable 0.13.8-2.1+b2 arm64
  C++ BitTorrent library by Rakshasa (development files)

libtorrent21t64/stable 0.13.8-2.1+b2 arm64
  C++ BitTorrent library by Rakshasa

libunac1/stable 1.8.0-10+b3 arm64
  unac programming library - runtime version

libunicap-doc/stable 0.9.12+repack20150328.0.git2c600ae-5 all
  unified interface to video capture devices - documentation

libunicap2/stable 0.9.12+repack20150328.0.git2c600ae-5+b1 arm64
  unified interface to video capture devices - shared libraries

libunicap2-dev/stable 0.9.12+repack20150328.0.git2c600ae-5+b1 arm64
  unified interface to video capture devices - development files

liburcu-dev/stable 0.15.2-2 arm64
  userspace RCU (read-copy-update) library - development files

liburcu8t64/stable 0.15.2-2 arm64
  userspace RCU (read-copy-update) library

libxdelta2-dev/stable 1.1.3-10.7 arm64
  Xdelta development files

libxdelta2t64/stable 1.1.3-10.7 arm64
  Xdelta runtime library

libxmlb-dev/stable 0.3.22-1 arm64
  Development files for libxmlb

libxmlb-tests/stable 0.3.22-1 arm64
  Installed tests for libxmlb2

libxmlb-utils/stable 0.3.22-1 arm64
  Binary XML library - Command-line utility

libxmlb2/stable,now 0.3.22-1 arm64 [installed,automatic]
  Binary XML library

libxpresent-dev/stable 1.0.1-1+b2 arm64
  X11 Present extension library (development headers)

libxpresent1/stable 1.0.1-1+b2 arm64
  X11 Present extension library

libxy-bin/stable 1.6-3.1+b4 arm64
  xylib - utilities

libxy-dev/stable 1.6-3.1+b4 arm64
  xylib development files

libxy3t64/stable 1.6-3.1+b4 arm64
  Library for reading x-y data from several file formats

licenserecon/stable 6.0 arm64
  Reconcile licenses from debian/copyright against licensecheck

licenseutils/stable 0.0.9-8+b1 arm64
  Put copyright and license notices at the head of source code files

lighttpd-mod-webdav/stable 1.4.79-2 arm64
  WebDAV module for lighttpd

litmus/stable 0.13-5+b2 arm64
  WebDAV server test suite

lmdb-go-tools/stable 1.8.0+git20170215.a14b5a3-4+b16 arm64
  utilities for command-line lmdb usage

lmdb-utils/stable 0.9.31-1+b2 arm64
  Lightning Memory-Mapped Database Utilities

logsave/stable,now 1.47.2-3+b11 arm64 [installed,automatic]
  save the output of a command in a log file

luarocks/stable 3.8.0+dfsg1-1 all
  deployment and management system for Lua modules

luminance-hdr/stable 2.6.1.1+dfsg-4+b1 arm64
  graphical user interface providing a workflow for HDR imaging

lv2-dev/stable 1.18.10-2+b2 arm64
  LV2 audio plugin specification

mame/stable 0.276+dfsg.1-1+deb13u1 arm64
  Multiple Arcade Machine Emulator (MAME)

mame-data/stable 0.276+dfsg.1-1+deb13u1 all
  Multiple Arcade Machine Emulator (MAME) -- data files

mantis-xray/stable 3.2.2-1 all
  Multivariate ANalysis Tool for x-ray Spectromicroscopy

matomo/stable 5.3.1+dfsg-1 all
  Leading Free/Libre open analytics platform

mbed-test-wrapper/stable 1.0.0-5 all
  utility to wrap the mbed test loader for use by yotta targets

mbw/stable 1.2.2-1.2 arm64
  memory bandwidth benchmark program

megatools/stable 1.11.5-1 arm64
  Command-line client for the Mega cloud storage service

mencoder/stable 2:1.5+svn38674-2 arm64
  MPlayer's Movie Encoder

midish/stable 1.0.4-1.2+b2 arm64
  shell-like MIDI sequencer/filter

minia/stable 3.2.6-4+b4 arm64
  short-read biological sequence assembler

miscfiles/stable 1.5+dfsg-5 all
  Dictionaries and other interesting files

mklibs-copy/stable 0.1.45+b1 arm64
  Shared library reduction script

mksh/stable 59c-41+b2 arm64
  MirBSD Korn Shell

mmv/stable 2.5.1-1+b1 arm64
  Move/Copy/Link multiple files and directories

mousepad/stable 0.6.3-1 arm64
  simple Xfce oriented text editor

mp3fs/stable 1.1.1-1+b4 arm64
  FUSE filesystem for transcoding FLAC to MP3 on the fly

mplayer/stable 2:1.5+svn38674-2 arm64
  movie player for Unix-like systems

mrename/stable 1.2-17 all
  tool for easy and automatic renaming of many files

multipath-tools-boot/stable 0.11.1-2 all
  Support booting from multipath devices

musescore/stable 2.3.2+dfsg4-16 arm64
  cross-platform multi-lingual music composition and notation, v2

musescore-general-soundfont/stable 0.2.1-1 all
  General SoundFont from MuseScore (HQ version, lossy)

musescore-general-soundfont-lossless/stable 0.2.1-1 all
  General SoundFont from MuseScore (uncompressed)

musescore-general-soundfont-small/stable 0.2.1-1 all
  General SoundFont from MuseScore (lossy)

musescore3/stable 3.2.3+dfsg2-19 arm64
  cross-platform multi-lingual music composition and notation, v3

ncompress/stable 5.0-3 arm64
  original Lempel-Ziv compress/uncompress programs

netatalk/stable 4.2.3~ds-1+deb13u2 arm64
  Apple Filing Protocol service

netatalk-tests/stable 4.2.3~ds-1+deb13u2 arm64
  Apple Filing Protocol service (test tools)

netsniff-ng/stable 0.6.9-1 arm64
  Linux network packet sniffer toolkit

neutron-taas-openvswitch-agent/stable 15.0.0-1 all
  OpenStack virtual network service - Tap-as-a-Service agent

node-blacklist/stable 1.1.4+ds1-5 all
  Returns a shallow copy of an object without blacklisted properties

node-buffers/stable 0.1.1-5 all
  Buffer collections as contiguous partially mutable Buffer

node-clipboard/stable 2.0.11+ds+~cs9.6.11-1 all
  Node.js module to copy to clipboard without flash

node-copy-concurrently/stable 1.0.5-9 all
  Copy files, directories and symlinks concurrently

node-copy-descriptor/stable 0.1.1-3 all
  Copy a descriptor from one object to another

node-copy-paste/stable 1.5.3-1 all
  access to the system clipboard

node-copy-webpack-plugin/stable 11.0.0-4 all
  Copy files and directories in webpack

node-cpr/stable 3.0.1-4 all
  recursively copy files - Node.js module

node-fs-extra/stable 10.1.0+~9.0.13-1 all
  fs-extra contains methods not included in the Node.js fs module

node-functional-red-black-tree/stable 1.0.1+20181105-7 all
  fully persistent balanced binary search tree - Node.js library

node-grunt-contrib-copy/stable 1.0.0-5 all
  Copy files and folders

node-gulp-flatten/stable 0.4.0-5 all
  remove or replace relative path for files

node-hoek/stable 10.0.1+~cs12.0.0-1 all
  General purpose node utilities for hapi ecosystem

node-hoist-non-react-statics/stable 4.13.1+really-3.3.2~4.13.1+~cs12.12.4-2 all
  ReactJS module to copy statics from a child to a parent

node-immutable/stable 4.3.4-1 all
  Immutable Data Collections

node-move-concurrently/stable 1.0.1-5 all
  Move files and directories concurrently

node-ncp/stable 2.0.0-3 all
  Asynchronous recursive file copy utility - Node.js module

node-object-copy/stable 1.0.0-2 all
  copy properties of one object to another

node-object.omit/stable 3.0.0-2 all
  Return a copy of an object excluding the given key

node-package-preamble/stable 0.1.0-5 all
  Generate a tiny preamble from a package.json

node-sorted-object/stable 2.0.1+~2.0.0-1 all
  Returns a copy of an object with its keys sorted

node-to-arraybuffer/stable 1.0.1-3 all
  Get an ArrayBuffer from a Buffer as fast as possible

node-typedarray-to-buffer/stable 4.0.0-2 all
  JavaScript utility converting TypedArray to buffer without copy

node-uniq/stable 1.0.1-2 all
  Node.js module to remove duplicates from a sorted array in place

notedeln/stable 1.5.4-2 arm64
  Electronic Lab Notebook called NotedELN

ntfs2btrfs/stable 20240115-2 arm64
  converts NTFS filesystem to BTRFS

obs-source-copy/stable 0.2.5-2 arm64
  plugin for OBS Studio to copy or save scenes, sources and filters

ocamlify/stable 0.0.2-11+b3 arm64
  include files in OCaml code

ocrmypdf/stable 16.7.0+dfsg1-3 all
  add an OCR text layer to PDF files

omnidb-common/stable 3.0.3b+ds-6 all
  Web tool for database management (shared files)

omnidb-server/stable 3.0.3b+ds-6 all
  Web tool for database management

openssh-client/stable,now 1:10.0p1-7+deb13u4 arm64 [installed,automatic]
  secure shell (SSH) client, for secure access to remote machines

pan-config/stable 0.4 all
  PAN Blend config package

pan-spectroscopy/stable 0.4 all
  X-Rays and Neutron spectroscopy

pan-xas/stable 0.4 all
  EXAFS and XANES

paperkey/stable 1.6-1+b1 arm64
  extract just the secret information out of OpenPGP secret keys

papers/stable 48.3-1 arm64
  PDF document viewer for GNOME

papers-common/stable 48.3-1 all
  PDF document viewer for GNOME - common files

parted/stable 3.6-5 arm64
  disk partition manipulator

parted-doc/stable 3.6-5 all
  disk partition manipulator - documentation

partitionmanager/stable 24.12.3-1 arm64
  file, disk and partition management for KDE

pass-extension-copyq/stable 0~20240825-2 all
  pass extension to support copyq

pcapfix/stable 1.1.7-2+b1 arm64
  repairs broken pcap and pcapng files

pgcopydb/stable 0.17-1 arm64
  Copy an entire PostgreSQL database from source to target

pgloader/stable 3.6.10-4 arm64
  extract, transform and load data into PostgreSQL

php-deepcopy/stable 1.13.1-1 all
  create deep copies (clones) of objects

phpmyadmin/stable 4:5.2.2-really+dfsg-1+deb13u1 all
  MySQL web administration tool

phppgadmin/stable 7.14.7+dfsg-1 all
  web-based administration tool for PostgreSQL

plink/stable 1.07+dfsg-4+b2 arm64
  whole-genome association analysis toolset

plink1.9/stable 1.90~b7.7-241022-2 arm64
  whole-genome association analysis toolset

plink2/stable 2.00~a6.9-250129+dfsg-1+b1 arm64
  whole-genome association analysis toolset

postgresql-17-mimeo/stable 1.5.1-19 all
  specialized, per-table replication between PostgreSQL instances

prosody-modules/stable 0.0~hg20250402.f315edc39f3d+dfsg-2 all
  Selection of community modules for Prosody

putty-tools/stable 0.83-3 arm64
  command-line tools for SSH, SCP, and SFTP

pyqso/stable 1.1.0-10 all
  logging tool for amateur radio operators

python-kajiki-doc/stable 0.9.2-2 all
  Really fast well-formed xml templates - doc

python-navarp-doc/stable 1.6.0-4 all
  Navigation tool for ARPES data (documentation)

python-psycopg-doc/stable 3.2.6-1 all
  PostgreSQL database adapter for Python 3 (documentation package)

python-sphinx-copybutton-doc/stable 0.5.2-2 all
  sphinx extension to add a "copy" button to code blocks (documentation)

python-ubelt-doc/stable 1.3.7-1 all
  Python Utility Belt Library

python-xraylarch-doc/stable 0.9.81+ds1-2 all
  X-ray Larch data analysis (documentation)

python3-agilent-format/stable 0.4.6-2 all
  File reader for Agilent Resolutions Pro FT-IR images

python3-ament-copyright/stable 0.19.1-1 all
  Python 3 module for copyright checks in ROS 2 ament packages

python3-arpys/stable 1:1.0.0~git20230217101414.07b63b3-2 arm64
  ARPES (Angle Resolved PhotoEmission Spectroscopy) data analysis

python3-bincopy/stable 20.1.0+dfsg1-1 all
  Mangling of binary file formats (Python 3 module)

python3-btrfsutil/stable 6.14-1 arm64
  Checksumming Copy on Write Filesystem utilities (python3 bindings)

python3-crypt-r/stable 3.13.1-1+b1 arm64
  Restored crypt module removed in Python 3.13

python3-extranormal3/stable 0.0.3-3 all
  Quick normalization of a bunch of Quick-EXAFS spectra

python3-frozendict/stable 2.4.6-1 all
  immutable dictionary

python3-gfal2-util/stable 1.9.0-2 all
  GFAL2 clients for Python 3

python3-google-i18n-address/stable 2.4.0-2.1 all
  Internationalization address metadata (python3 bindings)

python3-imap-tools/stable 1.10.0+dfsg-1 all
  Work with email by IMAP

python3-immutabledict/stable 2.2.5-1 all
  immutable wrapper around dictionaries (fork of frozendict)

python3-junos-eznc/stable 2.7.3-1 all
  Junos 'EZ' automation for non-programmers (Python 3)

python3-kajiki/stable 0.9.2-2 all
  Really fast well-formed xml templates - Python 3.x

python3-libqcow/stable 20240308-1+b1 arm64
  QEMU Copy-On-Write image format access library -- Python 3 bindings

python3-mitogen/stable 0.3.25~a2-1 all
  Library for writing distributed self-replicating programs

python3-mrcz/stable 0.5.7-4 all
  MRCZ meta-compressed image file-format library

python3-navarp/stable 1.6.0-4 all
  Navigation tool for ARPES data (Python 3)

python3-neutron-taas/stable 15.0.0-1 all
  OpenStack virtual network service - Tap-as-a-Service extension

python3-nodelet/stable 1.11.1-1 all
  Robot OS nodelet library - service files - Python 3

python3-nodelet-topic-tools/stable 1.11.1-1 all
  Robot OS nodelet_topic_tools library - Python 3 service files

python3-olefile/stable,now 0.47-1 all [installed,automatic]
  Python module to read/write MS OLE2 files

python3-os-collect-config/stable 13.1.0-5 all
  collect and cache metadata, run hooks on changes

python3-papermill/stable 2.6.0-3.1 all
  Parameterize, execute, and analyze notebooks

python3-parallax/stable 1.0.8-1 all
  Execute commands and copy files over SSH

python3-pil/stable,now 11.1.0-5+deb13u4 arm64 [installed,automatic]
  Python Imaging Library (Python3)

python3-powerline-gitstatus/stable 1.3.3-1 all
  Powerline Git segment for Python (3.x)

python3-psycopg/stable 3.2.6-1 all
  PostgreSQL database adapter for Python 3

python3-psycopg-c/stable 3.2.6-1 arm64
  PostgreSQL database adapter for Python 3 - binary module

python3-psycopg-pool/stable 3.2.6-1 all
  PostgreSQL database adapter for Python 3: connection pool

python3-pyct/stable 0.5.0-2 all
  Python packaging Common Tasks

python3-pyimagetool/stable 1.0-2 all
  Image Tool for multidimensional analysis (Python 3)

python3-pyperclip/stable 1.8.2-2 all
  Cross-platform clipboard module for Python3

python3-pyrsistent/stable 0.20.0-2+b1 arm64
  persistent/functional/immutable data structures for Python

python3-pysyncobj/stable 0.3.14-2 all
  RAFT-based python class replication between multiple servers

python3-renishawwire/stable 0.1.16-4 all
  Renishaw Raman spectroscopy parser in python

python3-rosettasciio/stable 0.7.1-2 arm64
  Reading and writing scientific file formats

python3-safetensors/stable 0.5.2-1+b1 arm64
  Simple, safe way to store and distribute tensors

python3-sendfile/stable 2.0.1-4+b9 arm64
  Python interface to sendfile(2)

python3-skytools/stable 3.9.2-1+b1 arm64
  Skytools Python modules

python3-specreduce/stable 1.5.1-1 all
  Astropy package to reduce and calibrate astronomical spectra

python3-specreduce-data/stable 0+git2021.11.18-3 all
  Test and reference data for the specreduce package

python3-spectral/stable 0.22.4-1 all
  process hyperspectral imagery

python3-sphinx-copybutton/stable 0.5.2-2 all
  sphinx extension to add a "copy" button to code blocks

python3-subversion/stable 1.14.5-3 arm64
  Python3 bindings for Apache Subversion

python3-svn/stable 1.9.22-1+b5 arm64
  A(nother) Python 3 interface to Subversion

python3-termbox/stable 1.1.2+dfsg-7 arm64
  Library for writing text-based user interfaces (Python)

python3-tifffile/stable 20250330-1 all
  Read and write image data from and to TIFF files

python3-ubelt/stable 1.3.7-1 all
  Python Utility Belt Library

python3-xypattern/stable 1.1.2-5+b1 arm64
  Python library to handle x-y patterns

python3-zombie-imp/stable 0.0.3-1 all
  copy of the `imp` module that was removed in Python 3.12

python3-zombie-telnetlib/stable 1.001 all
  copy of telnetlib that was removed from Python standard library

qmidiroute/stable 0.4.0-2+b2 arm64
  MIDI event router and filter

qrq/stable 0.3.5-2+b1 arm64
  high speed morse trainer, similar to DL4MM's Rufz

qt6-documentation-tools/stable 6.8.2-5 arm64
  Qt 6 documentation tools

qtattributionsscanner-qt5/stable 5.15.15-6 arm64
  Qt 5 qtattributionsscanner tool

qtpass/stable 1.4.0-3 arm64
  GUI for password manager pass

r-bioc-dnacopy/stable 1.80.0-2 arm64
  R package: DNA copy number data analysis

r-bioc-purecn/stable 2.12.0+dfsg-2 all
  copy number calling and SNV classification using targeted short read sequencing

r-bioc-titancna/stable 1.44.0-2 arm64
  Subclonal copy number and LOH prediction from whole genome sequencing

r-cran-bit/stable 4.6.0+dfsg-1 arm64
  GNU R class for vectors of 1-bit booleans

r-cran-cairo/stable 1.6-2-1+b1 arm64
  GNU R graphics device using cairo graphics library

r-cran-dygraphs/stable 1.1.1.6+dfsg-4 all
  GNU R interface to 'Dygraphs' interactive time series charting library

r-cran-ff/stable 4.5.2+ds-1 arm64
  Memory-Efficient Fast-Access Storage of Large Data

r-cran-nanoarrow/stable 0.6.0-1 arm64
  GNU R interface to the 'nanoarrow' 'C' Library

r-cran-pscbs/stable 0.67.0-3 all
  R package: Analysis of Parent-Specific DNA Copy Numbers

r-cran-r2html/stable 2.3.4+dfsg-1 all
  HTML Exportation for R Objects

r-cran-reprex/stable 2.1.1-1 all
  Prepare Reproducible Example Code via the Clipboard

r-cran-rsqlite/stable 2.3.9-1 arm64
  Database Interface R driver for SQLite

r-cran-sitmo/stable 2.0.2-1+b2 arm64
  GNU R parallel pseudo random number generator 'sitmo' header files

r-cran-tzdb/stable 0.5.0-1 arm64
  GNU R package for Time Zone Database

r-other-ascat/stable 3.2.0-1 all
  Allele-Specific Copy Number Analysis of Tumours

rasmol-doc/stable 2.7.6.0-4 all
  documentation for rasmol

rbdoom3bfg/stable 1.4.0+dfsg-5 arm64
  Doom3 BFG edition game engine

rdiff/stable 2.3.4-1.1+b1 arm64
  Binary diff tool for signature-based differences

rdiff-backup/stable 2.2.6-3+b1 arm64
  remote incremental backup

relion/stable 3.1.3-4+b1 arm64
  toolkit for 3D reconstructions in cryo-electron microscopy

relion-gui/stable 3.1.3-4+b1 arm64
  toolkit for 3D reconstructions in cryo-electron microscopy (gui apps)

remrun/stable 0.2.4-2 all
  copy a file to a remote host and execute it there

renameutils/stable 0.12.0-12 arm64
  Programs to make file renaming easier

repopush/stable 0.1.0-4 all
  safely rsync a package repository to another location

reuse/stable 5.0.2-1 all
  tool for REUSE copyright and license recommendations

rocketcea/stable 1.2.1-2+b2 arm64
  NASA Chemical Equilibrium, wrapped in Python

rsync/stable 3.4.1+ds1-5+deb13u4 arm64
  fast, versatile, remote (and local) file-copying tool

ruby-hamster/stable 3.0.0-4 all
  Efficient, immutable, thread-safe collection classes for Ruby

ruby-http-parser/stable 1.2.3-1+b1 arm64
  Ruby FFI bindings to http-parser

ruby-immutable-ruby/stable 0.1.0-2 all
  efficient, immutable, thread-safe collection classes for Ruby

ruby-pathutil/stable 0.16.2-1 all
  Faster pure Ruby implementation of Pathname with extra bits

ruby-posix-spawn/stable 0.3.15-3+b2 arm64
  Ruby Implementation of posix_spawn(2) for faster process spawning

ruby-svn/stable 1.14.5-3 arm64
  Ruby bindings for Apache Subversion

ruby-with-env/stable 1.1.0-2 all
  extremely small helper module for executing code with ENV variables

runit-services/stable 0.9.1+deb13u1 all
  UNIX init scheme with service supervision (services)

safecat/stable 1.13+git20170317.185e8bf-1 arm64
  Safely copy stdin to a file

safecopy/stable 1.7-7+b1 arm64
  data recovery tool for problematic or damaged media

sambamba/stable 1.0.1+dfsg-2+b1 arm64
  tools for working with SAM/BAM data

scanbd/stable 1.5.1-7+b2 arm64
  Scanner button daemon

scolasync/stable 5.6-1 all
  graphic tool to copy data to or from a set of USB storage media

screengrab/stable 2.9.0-1 arm64
  Crossplatform tool for getting screenshots

secpanel/stable 1:0.6.1-3 all
  graphical user interface for SSH and SCP

shutter/stable 0.99.6-2 all
  feature-rich screenshot program

sideretro/stable 1.1.6-2 arm64
  pipeline for detecting Somatic Insertion of DE novo RETROcopies

sitecopy/stable 1:0.16.6-16 arm64
  program for managing a WWW site via FTP, SFTP, DAV or HTTP

slack/stable 1:0.15.2-11 all
  configuration management program for lazy admins

smb4k/stable 4.0.0-1+deb13u1 arm64
  Samba (SMB) share advanced browser

sonic-pi-server-doc/stable 3.2.2~repack-12 all
  Documentation for Sonic Pi

spice-vdagent/stable 0.22.1-4.1 arm64
  Spice agent for Linux

sra-toolkit/stable 3.2.1+dfsg-4 arm64
  utilities for the NCBI Sequence Read Archive

sshuttle/stable 1.3.1-1 all
  Transparent proxy server for VPN over SSH

starman/stable 0.4018-0+deb13u1 all
  high-performance preforking PSGI/Plack web server

subversion-tools/stable 1.14.5-3 arm64
  Assorted tools related to Apache Subversion

suck/stable 4.3.5-5 arm64
  small newsfeed from an NNTP server with standard NNTP commands

svn-all-fast-export/stable 1.0.18+git20221225-1+b2 arm64
  fast-import based converter to convert repos from Subversion to git

swappy/stable 1.5.1-2 arm64
  Wayland native snapshot and editor tool

tao-config-dev/stable 0.0+git20200604.84a7383-2 all
  header library that reads config files and produces a JSON value

tao-config-examples/stable 0.0+git20200604.84a7383-2 all
  header library that reads config files and produces a JSON value (examples)

terminology/stable 1.14.0-1 arm64
  Enlightenment efl based terminal emulator

terminology-data/stable 1.14.0-1 all
  Enlightenment efl based terminal emulator data

termshark/stable 2.4.0-2+b8 arm64
  Terminal UI for tshark, inspired by Wireshark

texlive-extra-utils/stable 2024.20250309-2 all
  TeX Live: TeX auxiliary programs

texlive-lang-german/stable 2024.20250309-1 all
  TeX Live: German

texlive-latex-extra/stable 2024.20250309-2 all
  TeX Live: LaTeX additional packages

texlive-latex-recommended/stable 2024.20250309-1 all
  TeX Live: LaTeX recommended packages

textdraw/stable 0.2+ds-1 arm64
  Tool to draw/modify/move geometric figures & text for ASCII art

thunar-vcs-plugin/stable 0.2.0-2+b2 arm64
  VCS plugin for Thunar file manager

u-boot-efi-dtb/stable 3 all
  copy DTBs to the EFI System Partition from the linux-image-* packages

ubuntu-dev-tools/stable 0.206 all
  useful tools for Ubuntu developers

ukopp/stable 4.9-3+b2 arm64
  Full and incremental backup to disk or disk-like device

ultracopier/stable 2.2.6.0-1.1+b2 arm64
  advanced graphical file copy system

unbound-anchor/stable 1.22.0-2+deb13u3 arm64
  utility to securely fetch the root DNS trust anchor

unifont/stable 1:15.1.01-1 all
  font with a glyph for each visible Unicode Plane 0 character

upass/stable 0.3.0-1.1 all
  console UI for pass

user-mode-linux-doc/stable 20060501+repack0-1 all
  User-mode Linux (Documentation)

userv-git-daemon/stable 0.6.1-2 all
  per-user git daemon service

uucp/stable 1.07-30 arm64
  Unix to Unix Copy Program

vamps/stable 0.99.2-5+b3 arm64
  Tool to recompress and modify the structure of a DVD

vobcopy/stable 1.2.1-4+b2 arm64
  Tool to copy DVD VOBs to hard disk

webext-browserpass/stable 3.7.2-1+b22 arm64
  web extension for the password manager pass

webhttrack/stable 3.49.6-1 arm64
  Copy websites to your computer, httrack with a Web interface

weresync/stable 1.1.5-2 all
  incrementally clones running drives

weresync-doc/stable 1.1.5-2 all
  incrementally clones running drives (documentation package)

wf-recorder/stable 0.5.0-2 arm64
  Utility program for screen recording of wlroots-based compositors

winrmcp/stable 0.0~git20180921.c76d91c-2+b19 arm64
  tool for copying files to remote Windows machines using WinRM

wipe/stable 0.24-10 arm64
  secure file deletion

wl-clipboard/stable 2.2.1-2 arm64
  command line interface to the wayland clipboard

wl-mirror/stable 0.17.0-1 arm64
  output-mirroring tool for wlroots-based Wayland desktops

wmaker-utils/stable 0.96.0-4 arm64
  Window Maker - Utilities

wofi-pass/stable 24.1.0-2 all
  pass support for wofi using wtype

wuzz/stable 0.4.0-2+b25 arm64
  Interactive console tool for HTTP inspection

xandikos/stable 0.2.12-1 all
  Git-backed CalDAV/CardDAV server

xapian-tools/stable 1.4.29-3 arm64
  Basic tools for Xapian search engine library

xarchiver/stable 1:0.5.4.25-2 arm64
  GTK+ frontend for most used compression formats

xdelta/stable 1.1.3-10.7 arm64
  A diff utility which works with binary files

xdrawchem/stable 1:1.11.1-2 arm64
  Chemical structures and reactions editor

xmlcopyeditor/stable 1.3.1.0-1.1 arm64
  fast, free, validating XML editor

xmount/stable 1.2.0+ds-1+b1 arm64
  tool for crossmounting between disk image formats

xorriso-dd-target/stable 1.5.6-1.2 all
  Device evaluator and disk image copier for GNU/Linux

xournalpp/stable 1.2.6-1 arm64
  Xournal++ - Open source hand note-taking program

zst/stable 0.4-1+b1 arm64
  CLI tool for zstd (and other) compression

