
WARNING: apt does not have a stable CLI interface. Use with caution in scripts.

Sorting...
Full Text Search...
bbmail/stable 0.9.3-5+b1 arm64
  Mail notifier for Blackbox/Fluxbox

bbpager/stable 0.4.7-10+b1 arm64
  Pager for the blackbox and fluxbox window managers

bbtime/stable 0.1.5-16+b1 arm64
  Time tool for the blackbox/fluxbox window managers

disktype/stable 9-13 arm64
  detection of content format of a disk or disk image

fbautostart/stable 2.718281828-2 arm64
  XDG compliant autostarting app for Fluxbox

fbpager/stable 0.1.5~git20090221.1.8e0927e6-3+b2 arm64
  pager application for the Fluxbox window manager

fluxbox/stable 1.3.7-1+b2 arm64
  Highly configurable and low resource X11 Window manager

freenect/stable 1:0.5.3-3.2+b1 arm64
  library for accessing Kinect device -- metapackage

golang-github-darkhz-tview-dev/stable 0.0~git20240308.6078a88-1 all
  Rich interactive widgets for terminal-based UIs in Go

golang-github-rivo-tview-dev/stable 0.0~git20230530.8bd761d-1 all
  Rich interactive widgets for terminal-based UIs in Go

hexbox/stable 1.5.0-5.1 all
  Hex Edit Control for .NET developers - apps

kdocker/stable 5.4-2 arm64
  lets you dock any application into the system tray

kodi/stable 2:21.2+dfsg-4 arm64
  Open Source Home Theatre (executable binaries)

kodi-addons-dev-common/stable 2:21.2+dfsg-4 all
  Open Source Home Theatre (architecture-independent addon development package)

kodi-audiodecoder-fluidsynth/stable 20.2.1+ds1-5 arm64
  Fluidsynth audio decoder for Kodi

kodi-audiodecoder-sidplay/stable 21.0.2+ds-1 arm64
  SidPlay audio decoder for Kodi

kodi-audioencoder-flac/stable 21.0.2+ds-1+b1 arm64
  FLAC audio encoder add-on for Kodi

kodi-audioencoder-lame/stable 21.0.2+ds-1 arm64
  LAME (mp3) audio encoder add-on for Kodi

kodi-audioencoder-vorbis/stable 21.0.2+ds-1 arm64
  Vorbis audio encoder add-on for Kodi

kodi-audioencoder-wav/stable 21.0.2-1 arm64
  WAV audio encoder add-on for Kodi

kodi-bin/stable 2:21.2+dfsg-4 arm64
  Open Source Home Theatre (architecture-dependent files)

kodi-data/stable 2:21.2+dfsg-4 all
  Open Source Home Theatre (arch-independent data package)

kodi-eventclients-common/stable 2:21.2+dfsg-4 all
  Open Source Home Theatre (Event Client Common package)

kodi-eventclients-dev/stable 2:21.2+dfsg-4 arm64
  Open Source Home Theatre (Event Client virtual dev package)

kodi-eventclients-dev-common/stable 2:21.2+dfsg-4 all
  Open Source Home Theatre (Event Client common dev package)

kodi-eventclients-kodi-send/stable 2:21.2+dfsg-4 arm64
  Open Source Home Theatre (Event Client Kodi-SEND package)

kodi-eventclients-ps3/stable 2:21.2+dfsg-4 arm64
  Open Source Home Theatre (Event Client PS3 package)

kodi-eventclients-python/stable 2:21.2+dfsg-4 arm64
  Open Source Home Theatre (Event Client Python package)

kodi-eventclients-wiiremote/stable 2:21.2+dfsg-4 arm64
  Open Source Home Theatre (Event Client WII Remote support package)

kodi-eventclients-zeroconf/stable 2:21.2+dfsg-4 arm64
  Open Source Home Theatre (Event Client ZeroConf script package)

kodi-imagedecoder-heif/stable 21.0.2+ds-1+b1 arm64
  HEIF image decoder for Kodi

kodi-imagedecoder-raw/stable 21.0.2+ds-1 arm64
  RAW image decoder for Kodi

kodi-peripheral-xarcade/stable 21.0.2-2 arm64
  X-Arcade Tankstick driver for Kodi

kodi-pvr-dvblink/stable 21.1.3+ds-1+b1 arm64
  DVBLink PVR Client for Kodi

kodi-pvr-dvbviewer/stable 21.1.3+ds-1 arm64
  DVBViewer Kodi PVR Addon

kodi-pvr-octonet/stable 21.0.1+ds-3 arm64
  Digital Devices Octopus NET PVR for Kodi

kodi-pvr-sledovanitv-cz/stable 21.3.0+ds-4 arm64
  sledovanitv.cz PVR for Kodi

kodi-pvr-stalker/stable 21.1.3+ds-1 arm64
  Stalker Middleware PVR client addon for Kodi

kodi-pvr-teleboy/stable 21.0.0+ds1-3 arm64
  Teleboy PVR for Kodi

kodi-pvr-vbox/stable 21.1.5-1+b1 arm64
  VBox Home TV Gateway addon for Kodi

kodi-pvr-waipu/stable 21.10.1+ds-1 arm64
  waipu PVR for Kodi

kodi-pvr-zattoo/stable 21.0.4+ds-3 arm64
  Zattoo PVR for Kodi

kodi-repository-kodi/stable 2:21.2+dfsg-4 all
  Open Source Home Theatre (official addons repository feed)

kodi-screensaver-asteroids/stable 21.0.2+ds-1 arm64
  Asteroids screensaver for Kodi

kodi-screensaver-biogenesis/stable 21.0.2-1 arm64
  BioGenesis screensaver for Kodi

kodi-screensaver-greynetic/stable 21.0.2+ds-1 arm64
  Greynetic screensaver for Kodi

kodi-screensaver-pingpong/stable 21.0.2+ds-1 arm64
  Pingpong screensaver for Kodi

kodi-screensaver-pyro/stable 21.0.2-1 arm64
  Pyro screensaver for Kodi

kodi-screensaver-shadertoy/stable 21.0.2+ds-1 arm64
  Shadertoy screensaver for Kodi

kodi-tools-texturepacker/stable 2:21.2+dfsg-4 arm64
  Open Source Home Theatre (TexturePacker skin development tool)

kodi-visualization-fishbmc/stable 21.0.2+ds-1 arm64
  Fishbmc audio visualization addon for Kodi

kodi-visualization-pictureit/stable 21.0.2+ds-1 arm64
  pictureit visualizer for Kodi

kodi-visualization-shadertoy/stable 21.0.2+ds-1 arm64
  Shadertoy audio visualization for Kodi

kodi-visualization-shadertoy-data/stable 21.0.2+ds-1 all
  Shadertoy audio visualization for Kodi (common data)

kodi-visualization-spectrum/stable 21.0.2+ds-1 arm64
  Spectrum visualizer addon for Kodi

kodi-visualization-waveform/stable 21.0.2+ds-1 arm64
  Waveform audio visualization addon for Kodi

libbullet-dev/stable 3.24+dfsg-2.1+b2 arm64
  professional 3D Game Multiphysics Library -- development files

libfreenect-bin/stable 1:0.5.3-3.2+b1 arm64
  library for accessing Kinect device -- utilities and samples

libfreenect-demos/stable 1:0.5.3-3.2+b1 arm64
  library for accessing Kinect device -- dummy package

libfreenect-dev/stable 1:0.5.3-3.2+b1 arm64
  library for accessing Kinect device -- development files

libfreenect-doc/stable 1:0.5.3-3.2 all
  library for accessing Kinect device -- documentation

libfreenect0.5t64/stable 1:0.5.3-3.2+b1 arm64
  library for accessing Kinect device

libhexbox1.5-cil/stable 1.5.0-5.1 all
  simple but powerful editor for binary files - libs

libjs-milligram/stable 1.4.1-2 all
  lightweight CSS framework

libjs-spectre/stable 0.5.9-2 all
  lightweight, responsive and modern CSS framework

libjs-spectre-docs/stable 0.5.9-2 all
  lightweight, responsive and modern CSS framework - documentation

miniupnpd/stable 2.3.9-2+deb13u1 all
  Lightweight UPnP IGD & PCP/NAT-PMP daemon

miniupnpd-iptables/stable 2.3.9-2+deb13u1 arm64
  Lightweight UPnP IGD & PCP/NAT-PMP daemon - legacy iptables backend

miniupnpd-nftables/stable 2.3.9-2+deb13u1 arm64
  Lightweight UPnP IGD & PCP/NAT-PMP daemon - nftables backend

monodoc-hexbox-manual/stable 1.5.0-5.1 all
  Hex Edit Control for .NET developers - docs

mrpt-apps/stable 1:2.14.7+ds-1+b3 arm64
  Mobile Robot Programming Toolkit - Console and GUI applications

openshot-qt/stable 3.1.1+dfsg1-3 all
  create and edit videos and movies

pekwm/stable 0.1.18-1+b3 arm64
  very light window manager

python3-ms-cv/stable 0.1.1-4 all
  correlation vector implementation

python3-xbox-webapi/stable 2.1.0-1.2 all
  Library to authenticate with Windows Live/Xbox Live

sass-stylesheets-bulma/stable 0.9.4~ds-1 all
  Sass and CSS framework using flexbox

sass-stylesheets-neat/stable 4.0.0-2 all
  lightweight and flexible Sass grid

steam-devices/stable 1:1.0.0.83~ds-3 all
  Device support for Steam-related hardware

texlive-latex-extra/stable 2024.20250309-2 all
  TeX Live: LaTeX additional packages

viewnior/stable 1.8-5+b2 arm64
  simple, fast and elegant image viewer

wbar/stable 2.3.4-13+b2 arm64
  light and fast launch bar

xboxdrv/stable 0.8.8-4+b1 arm64
  Xbox360 gamepad driver for the userspace

yt-dlp/stable 2025.04.30-1 all
  downloader of videos from YouTube and other sites

