
WARNING: apt does not have a stable CLI interface. Use with caution in scripts.

Sorting...
Full Text Search...
alfred/stable 2025.0-2 arm64
  Almighty Lightweight Fact Remote Exchange Daemon

anyremote/stable 6.7.3-5+b2 arm64
  Remote control daemon for applications using Bluetooth, IrDA or Wi-Fi

anyremote-data/stable 6.7.3-5 all
  architecture independent files for anyremote

anyremote-doc/stable 6.7.3-5 all
  Documentation for anyremote

aperture-0-examples/stable 0.1.0+git20221220-1+b2 arm64
  Example programs for libaperture

apriltag/stable 3.4.2-1+b2 arm64
  AprilTags Visual Fiducial System

apulse/stable 0.1.13-2+b3 arm64
  PulseAudio emulation for ALSA

ausweisapp/stable 2.3.1-1 arm64
  Official authentication app for German ID cards and residence permits

bbdb3/stable 3.2.2d-3 all
  Reboot of the BBDB Insidious Big Brother Database for Emacs

bellesip-data/stable 5.3.105+dfsg-4 all
  SIP stack from the Linphone team

bluedevil/stable 4:6.3.4-2 arm64
  KDE Bluetooth stack

bs2b-ladspa/stable 0.9.1-4 arm64
  Bauer stereophonic-to-binaural DSP LADSPA plugin

callaudiod/stable 0.1.10-1+b2 arm64
  Call audio routing daemon

carburetor/stable 5.1.1-1 all
  Anonymous browsing made easy

chatty/stable 0.8.7-2 arm64
  Messaging application for mobile and desktop

chewing-tools/stable 0.9.1-1 arm64
  intelligent phonetic input method library (tools)

clementine/stable 1.4.1+git27-g658f34ec4+dfsg-3 arm64
  modern music player and library organizer

codegroup/stable 20080907+ds1-1 arm64
  convert any file into five-letter code groups

courier-faxmail/stable 1.4.1-3+deb13u2 arm64
  Courier mail server - Fax<->mail gateway

crust-firmware/stable 0.6-1 all
  SCP firmware for Allwinner sunxi boards

dasher/stable 5.0.0~beta~repack2-4+b2 arm64
  graphical predictive text input system

davical/stable 1.1.12-2.1 all
  PHP CalDAV and CardDAV Server

davical-doc/stable 1.1.12-2.1 all
  PHP CalDAV and CardDAV Server - technical documentation

debian-lomiri-default-settings/stable 0.3-11 all
  Debian's default settings for the Lomiri Operating Environment

dekko/stable 0.4.1+dfsg-8 arm64
  Convergent email client

denemo/stable 2.6.39-0.3 arm64
  free graphical music notation editor (GTK front end to LilyPond)

deviceinfo-tools/stable 0.2.3-1 arm64
  Tools to detect and configure devices in Lomiri

dfu-util/stable,now 0.11-3 arm64 [installed]
  Device firmware update (DFU) USB programmer

dnsmap/stable 0.36-4 arm64
  DNS domain name brute forcing tool

dsmidiwifi/stable 2+b3 arm64
  DSMI over WLAN server

dtmf2num/stable 0.1.1-3+b1 arm64
  tool for decoding the DTMF and MF tones from PCM wave files

eg25-manager/stable 0.5.2-1 arm64
  Manager daemon for the Quectel EG25 modem

elixir-ex-doc/stable 0.35.1+dfsg-4 arm64
  Tool to generate documentation for Erlang and Elixir projects

enlex-data/stable 1.0m-2 all
  English pronunciation dictionary

erofs-utils/stable 1.8.6-1 arm64
  Utilities for EROFS File System

erofsfuse/stable 1.8.6-1 arm64
  FUSE Mount Utility for EROFS File System

espeak/stable 1.48.15+dfsg-3+b2 arm64
  Multi-lingual software speech synthesizer

espeak-ng/stable 1.52.0+dfsg-5 arm64
  Multi-lingual software speech synthesizer

fccexam/stable 1.0.7-1.1 all
  Study tool for USA FCC commercial radio license exams.

fcitx-chewing/stable 0.2.3-2+b2 arm64
  Fcitx wrapper for Chewing library

fcitx-table-malayalam-phonetic/stable 0.2.4-3 all
  Flexible Input Method Framework - Malayalam phonetic table

fcitx5-chewing/stable 5.1.7-1 arm64
  Chewing input method support for fcitx5

fcitx5-table-malayalam-phonetic/stable 5.1.4-1 all
  Flexible Input Method Framework v5 - Malayalam phonetic table

feedbackd-device-themes/stable 0.8.3-2 all
  Device specific themes for Feedbackd

festvox-czech-dita/stable 1.0.0-5 all
  Czech adult female speaker "dita" for Festival

festvox-czech-krb/stable 1.0.0-5 all
  Czech child male speaker "krb" for Festival

festvox-czech-machac/stable 1.0.0-5 all
  Czech adult male speaker "machac" for Festival

festvox-czech-ph/stable 0.1-6 all
  Czech male speaker for Festival

festvox-hi-nsk/stable 0.1-11 all
  Hindi male speaker for festival

festvox-italp16k/stable 2.0+debian0-6 all
  Italian female speaker for Festival

festvox-itapc16k/stable 2.0+debian0-6 all
  Italian male speaker for Festival

festvox-kallpc16k/stable 2.4-1 all
  American English male speaker for festival, 16khz sample rate

festvox-kallpc8k/stable 1.4.0-5.1 all
  American English male speaker for festival, 8khz sample rate

festvox-kdlpc16k/stable 1.4.0-6.1 all
  American English male speaker for festival, 16khz sample rate

festvox-kdlpc8k/stable 1.4.0-6.1 all
  American English male speaker for festival, 8khz sample rate

festvox-mr-nsk/stable 0.1-11 all
  Marathi male speaker for festival

festvox-te-nsk/stable 0.3.3-6 all
  Telugu (te) male speaker for festival

foliate/stable 4.~really3.3.0-1 all
  simple and modern ebook viewer

fonts-cantarell/stable 0.303.1-4 all
  sans serif font family designed for on-screen readability

fonts-dotgothic16/stable 1.101-1 all
  TrueType font based on the old 16x16 Gothic bitmap

fonts-junicode/stable 2.211+ds-1 all
  Unicode font for medievalists (Latin, IPA and Runic)

fonts-linex/stable 2.2-9 all
  Fonts suitable for education and institutional use

fonts-sil-charis/stable 6.200-1 all
  Font family for wide range of languages that use the Latin and Cyrillic scripts

fonts-sil-charis-compact/stable 6.200-1 all
  smart Unicode fonts for Latin and Cyrillic scripts (tight spacing version)

fonts-sil-doulos/stable 6.200-1 all
  Font family for wide range of languages that use the Latin and Cyrillic scripts

fonts-sil-doulos-compact/stable 5.000-3 all
  smart Unicode font for Latin and Cyrillic scripts (tight spacing version)

fonts-sil-gentiumplus/stable 6.200-1 all
  Font family for wide range of languages that use Latin, Cyrillic, Greek scripts

fonts-sil-gentiumplus-compact/stable 5.000-4 all
  extended smart font family for Latin, Greek and Cyrillic

freephone/stable 1.0m-2+b1 arm64
  English Text-To-Phoneme converter

g2p-sk/stable 0.4.2-4.1 all
  Phonetic transcription for Slovak language

gammu/stable 1.42.0-10 arm64
  mobile phone management utility

gammu-doc/stable 1.42.0-10 all
  Gammu Manual

gammu-smsd/stable 1.42.0-10 arm64
  SMS message daemon

gir1.2-adw-1/stable 1.7.6-1~deb13u1 arm64
  GObject introspection files for libadwaita

gir1.2-aperture-0/stable 0.1.0+git20221220-1+b2 arm64
  GObject introspection files for libaperture

gir1.2-handy-1/stable 1.8.3-2 arm64
  GObject introspection files for libhandy

gir1.2-modemmanager-1.0/stable 1.24.0-1+deb13u1 arm64
  GObject introspection data for modemmanager

gir1.2-phosh-0-dev/stable 0.46.0-3+deb13u1 arm64
  Pure Wayland shell for mobile devices - GObject introspection data

glowing-bear/stable 0.9.0+ds-6 all
  Web frontend for the WeeChat IRC client

gmtp/stable 1.3.11-3.1+b4 arm64
  simple file transfer program for MTP based devices

gnokii/stable 0.6.31+dfsg-6 all
  Datasuite for mobile phone management (metapackage)

gnokii-cli/stable 0.6.31+dfsg-6+b1 arm64
  Datasuite for mobile phone management (console interface)

gnokii-common/stable 0.6.31+dfsg-6 all
  Datasuite for mobile phone management (base files)

gnokii-smsd/stable 0.6.31+dfsg-6+b1 arm64
  SMS Daemon for mobile phones

gnokii-smsd-mysql/stable 0.6.31+dfsg-6+b1 arm64
  SMSD plugin for MySQL storage backend

gnokii-smsd-pgsql/stable 0.6.31+dfsg-6+b1 arm64
  SMSD plugin for PostgreSQL storage backend

gnome-calls/stable 48.2-1 arm64
  Make and receive PSTN phone calls

gnome-calls-doc/stable 48.2-1 all
  Make and receive PSTN phone calls - development documentation

gnome-shell-extension-gsconnect/stable 62-1+deb13u1 all
  KDE Connect implementation for GNOME Shell

gnome-shell-extension-gsconnect-browsers/stable 62-1+deb13u1 all
  Browser support of KDE Connect implementation for GNOME Shell

golang-github-cli-oauth-dev/stable 1.0.1-1 all
  perform OAuth Device flow and Web application flow (Go library)

golang-github-gowebpki-jcs-dev/stable 1.0.1-3 all
  JSON canonicalization scheme library based on RFC 8785 (Go library)

golang-github-pion-sctp-dev/stable 1.8.6-1 all
  Go implementation of SCTP

golang-github-schollz-mnemonicode-dev/stable 1.0.1-2 all
  Encode binary data into a sequence of words (library)

golang-pault-go-gecos-dev/stable 1.0-1.1 all
  read GECOS entries from /etc/passwd programmatically

golang-webpki-org-jsoncanonicalizer-dev/stable 1.0.1-3 all
  Golang library for a JCS (RFC 8785) compliant JSON canonicalizer

gpodder/stable 3.11.3-2 all
  podcast client and feed aggregator

gramofile/stable 1.6-14 arm64
  transfer sound from gramophone records to CD

gramophone2/stable 0.8.13a-3.5 arm64
  GRAMophone II is an algorithmic music generator

graphviz/stable,now 2.42.4-3 arm64 [installed,automatic]
  rich set of graph drawing tools

gsm-utils/stable 1.10+20120414.gita5e5ae9a-3+b1 arm64
  GSM mobile phone access applications

gsutil/stable 3.1-5 all
  configure and manage Grandstream BudgeTone 100 VOIP and GX2000 phones

handbrake/stable 1.9.2+ds1-1+b1 arm64
  versatile DVD ripper and video transcoder (GTK+ GUI)

handbrake-cli/stable 1.9.2+ds1-1+b1 arm64
  versatile DVD ripper and video transcoder (command line)

handy-1-examples/stable 1.8.3-2 arm64
  Example programs for libhandy

html2wml/stable 0.4.11+dfsg-2 all
  converts HTML pages to WML (WAP) or i-mode pages

iaxmodem/stable 1.2.0~dfsg-4 arm64
  software modem with IAX2 connectivity

ibus-avro/stable 1.2+git20230914-1 all
  IBus engine for Avro Phonetic

ibus-zhuyin/stable 0.1.0-6+b1 arm64
  IBus Traditional ZhuYin Input Method

idjc/stable 0.9.9-1 arm64
  graphical shoutcast/icecast client

ifcico/stable 2.14tx8.10-32 arm64
  Fidonet Technology transport package

ifuse/stable 1.1.4-2+b1 arm64
  FUSE module for iPhone and iPod Touch devices

imagination/stable 3.6-2+b2 arm64
  DVD slide show maker

imaprowl/stable 1.2.1-1.3 all
  IMAP new mail notification utility for iPhone using Prowl Public API

ipheth-utils/stable 1.0-5.2+b1 arm64
  USB tethering driver support utilities for the iPhone

jnoisemeter/stable 0.4.1-1+b2 arm64
  audio test signals meter

k2pdfopt/stable 2.55+ds-3.1+b1 arm64
  PDF Reflow tool

kalkun/stable 0.8.3.2-1 all
  Open Source Web based SMS Manager

kalkun-plugin-phonebook-ldap/stable 0.8.3.2-1 all
  Kalkun phonebook LDAP plugin

kalkun-plugin-phonebook-lookup/stable 0.8.3.2-1 all
  Kalkun phonebook lookup plugin

kalkun-plugin-sms-to-wordpress/stable 0.8.3.2-1 all
  Kalkun SMS to WordPress plugin

kamailio-phonenum-modules/stable 6.0.1-1+deb13u1 arm64
  phonenum modules for the Kamailio SIP server

kannel/stable 1.4.5-20 arm64
  WAP and SMS gateway

kannel-dev/stable 1.4.5-20 arm64
  WAP and SMS gateway headers and development files

kannel-docs/stable 1.4.5-20 all
  WAP and SMS gateway documentation

kannel-extras/stable 1.4.5-20 arm64
  WAP and SMS gateway extras

kdeconnect/stable 25.04.2-1+deb13u1 arm64
  connect smartphones to your desktop devices

kdeconnect-libs/stable 25.04.2-1+deb13u1 arm64
  KDE Connect internal libs

keyman/stable 18.0.235-1 all
  Type in your language with Keyman for Linux

koko/stable 25.04.0-1 arm64
  Image gallery for Plasma mobile

konwert/stable 1.8-15 arm64
  Charset conversion for files or terminal I/O

kooha/stable 2.3.0-5 arm64
  Elegantly record your screen

letterize/stable 1.5-1+b1 arm64
  phone digits to letter-mnemonics

libacme-poe-knee-perl/stable 1.12-4 all
  Time sliced pony race using the POE event loop

libadwaita-1-0/stable 1.7.6-1~deb13u1 arm64
  Library with GTK widgets for mobile phones

libadwaita-1-dev/stable 1.7.6-1~deb13u1 arm64
  Development files for libadwaita

libadwaita-1-doc/stable 1.7.6-1~deb13u1 all
  Documentation for libadwaita

libadwaita-1-examples/stable 1.7.6-1~deb13u1 arm64
  Example programs for libadwaita

libam7xxx-dev/stable 0.1.7-5 arm64
  library for accessing am7xxx devices - development files

libam7xxx0.1/stable 0.1.7-5 arm64
  library for accessing am7xxx based devices

libam7xxx0.1-bin/stable 0.1.7-5 arm64
  library for accessing am7xxx devices - utilities

libam7xxx0.1-doc/stable 0.1.7-5 all
  library for accessing am7xxx devices - documentation

libaperture-0-0/stable 0.1.0+git20221220-1+b2 arm64
  Camera library for GTK3

libaperture-0-dev/stable 0.1.0+git20221220-1+b2 arm64
  Development files for libaperture

libapriltag-dev/stable 3.4.2-1+b2 arm64
  AprilTags Visual Fiducial System

libapriltag3t64/stable 3.4.2-1+b2 arm64
  AprilTags Visual Fiducial System

libbcg729-0/stable 1.1.1-3 arm64
  ITU G.729 Annex A compatible audio codec

libbctoolbox-dev/stable 5.3.105-1 arm64
  Helper code for software by Belledonne Communications (development headers)

libbctoolbox2/stable 5.3.105-1 arm64
  Helper library for software by Belledonne Communications (shared library)

libbellesip-dev/stable 5.3.105+dfsg-4 arm64
  SIP stack from the Linphone team (development files)

libbellesip3/stable 5.3.105+dfsg-4 arm64
  SIP stack from the Linphone team

libbfb0-dev/stable 0.24-10+b3 arm64
  bfb protocol library - development files

libbfb0t64/stable 0.24-10+b3 arm64
  bfb protocol library

libbs2b-bin/stable 3.1.0+dfsg-8+b1 arm64
  Bauer stereophonic-to-binaural DSP library (binary tools)

libbs2b-dev/stable 3.1.0+dfsg-8+b1 arm64
  Bauer stereophonic-to-binaural DSP library development files

libbs2b0/stable 3.1.0+dfsg-8+b1 arm64
  Bauer stereophonic-to-binaural DSP library

libbullet-dev/stable 3.24+dfsg-2.1+b2 arm64
  professional 3D Game Multiphysics Library -- development files

libbzrtp1/stable 5.3.105-1 arm64
  Library for the ZRTP key exchange protocol

libcallaudio-0-1/stable 0.1.10-1+b2 arm64
  Library for audio routing during voice calls

libcallaudio-dev/stable 0.1.10-1+b2 arm64
  Development files for libcallaudio

libcallaudio-doc/stable 0.1.10-1 all
  Documentation for libcallaudio's API

libcallaudio-tools/stable 0.1.10-1+b2 arm64
  Helper tools for libcallaudio

libchewing3/stable 0.9.1-1 arm64
  intelligent phonetic input method library

libchewing3-data/stable 0.9.1-1 all
  intelligent phonetic input method library - data files

libchewing3-dev/stable 0.9.1-1 arm64
  intelligent phonetic input method library (developer version)

libcommons-codec-java/stable 1.18.0-1 all
  encoder and decoders such as Base64 and hexadecimal codec

libcpprest-dev/stable 2.10.19-3 arm64
  Development files for C++ REST SDK / Casablanca

libcpprest-doc/stable 2.10.19-3 all
  Reference manual for C++ REST SDK / Casablanca

libcpprest2.10/stable 2.10.19-3 arm64
  Shared library for C++ REST SDK / Casablanca

libdata-stag-perl/stable 0.14-3 all
  module to manipulate Structured Tags datastructures

libdevice-gsm-perl/stable 1.61-3 all
  module to access GSM phones / modems

libdeviceinfo-dev/stable 0.2.3-1 arm64
  Development headers to detect and configure devices in Lomiri

libdeviceinfo0/stable 0.2.3-1 arm64
  Library for Lomiri to detect and configure devices

libe-book-0.1-1/stable 0.1.3-2+b4 arm64
  library for reading and converting various  e-book formats

libe-book-dev/stable 0.1.3-2+b4 arm64
  library for reading and converting various  e-book formats

libemail-valid-loose-perl/stable 0.05-5 all
  Email::Valid which allows dot immediately before at mark

libgammu-dev/stable 1.42.0-10 arm64
  mobile phone management library (development files)

libgammu-i18n/stable 1.42.0-10 all
  mobile phone management library (i18n files)

libgammu8t64/stable 1.42.0-10 arm64
  mobile phone management library

libgeocoding8/stable 8.13.51+ds-4.2 arm64
  geocoding phone numbers

libgnokii-dev/stable 0.6.31+dfsg-6+b1 arm64
  Gnokii mobile phone interface library (development files)

libgnokii7t64/stable 0.6.31+dfsg-6+b1 arm64
  Gnokii mobile phone interface library

libgsmme-dev/stable 1.10+20120414.gita5e5ae9a-3+b1 arm64
  Header files and static libraries for gsmlib

libgsmme1t64/stable 1.10+20120414.gita5e5ae9a-3+b1 arm64
  GSM mobile phone access library

libgsmsd8t64/stable 1.42.0-10 arm64
  SMS daemon helper library

libhandy-1-0/stable 1.8.3-2 arm64
  Library with GTK widgets for mobile phones

libhandy-1-dev/stable 1.8.3-2 arm64
  Development files for libhandy

libimobiledevice-1.0-6/stable 1.3.0+git20250228-2 arm64
  Library for communicating with iPhone and other Apple devices

libimobiledevice-dev/stable 1.3.0+git20250228-2 arm64
  Development files for libimobiledevice

libimobiledevice-doc/stable 1.3.0+git20250228-2 all
  Library for communicating with iPhone and other Apple devices (documentation)

libimobiledevice-utils/stable 1.3.0+git20250228-2 arm64
  Utitilies for communicating with iPhone and other Apple devices

libio-callback-perl/stable 2.00-1 all
  emulate file interface for a code reference

libjs-jquery-meiomask/stable 12-4 all
  jQuery mask plugin

libjs-jquery-mobile/stable 1.4.5+dfsg-2 all
  Touch-Optimized Web Framework for Smartphones & Tablets

libjs-remark-slide/stable 0.15.0+ds-2 all
  simple, in-browser, markdown-driven slideshow tool (browser)

libkreport3-4/stable 3.2.0-5 arm64
  report creation and generation framework -- shared library

libldacbt-abr-dev/stable 2.0.2.3+git20200429+ed310a0-5 arm64
  LDAC Bluetooth ABR library (development)

libldacbt-abr2/stable 2.0.2.3+git20200429+ed310a0-5 arm64
  LDAC Bluetooth ABR library (shared library)

libldacbt-enc-dev/stable 2.0.2.3+git20200429+ed310a0-5 arm64
  LDAC Bluetooth encoder library (development)

libldacbt-enc2/stable 2.0.2.3+git20200429+ed310a0-5 arm64
  LDAC Bluetooth encoder library (shared library)

liblinphone++12/stable 5.3.105-5 arm64
  Linphone's shared library part (supporting the SIP protocol)

liblinphone-dev/stable 5.3.105-5 arm64
  Linphone web phone's library - development files

liblinphone12/stable 5.3.105-5 arm64
  Linphone's shared library part (supporting the SIP protocol)

liblomiri-api-dev/stable 0.2.2-1 arm64
  API for Lomiri shell integration (development headers)

liblomiri-api-doc/stable 0.2.2-1 all
  API for Lomiri shell integration (documentation)

liblomiri-api0/stable 0.2.2-1 arm64
  API for Lomiri shell integration (shared library)

liblomiri-private0/stable 0.5.0-2 arm64
  Lomiri Operating Environment's Shell (private libs)

liblomirisystemsettings-dev/stable 1.3.1-6 arm64
  System Settings application for Lomiri - plug-in development files

liblomirisystemsettings1/stable 1.3.1-6 arm64
  System Settings application for Lomiri - plug-in library

liblomirisystemsettingsprivate-dev/stable 1.3.1-6 arm64
  System Settings application for Lomiri - private development files

liblomirisystemsettingsprivate0.0/stable 1.3.1-6 arm64
  System Settings application for Lomiri - private library

libmediastreamer-data/stable 1:5.3.105+dfsg-5 all
  Voice and video streaming engine for telephony (data files)

libmediastreamer-dev/stable 1:5.3.105+dfsg-5 arm64
  Development files for the mediastreamer2 library

libmediastreamer-doc/stable 1:5.3.105+dfsg-5 all
  Voice and video streaming engine for telephony (documentation)

libmediastreamer-tools/stable 1:5.3.105+dfsg-5 arm64
  Voice and video streaming engine for telephony (programs)

libmediastreamer2-14/stable 1:5.3.105+dfsg-5 arm64
  Voice and video streaming engine for telephony (base)

libmm-glib-dev/stable 1.24.0-1+deb13u1 arm64
  D-Bus service for managing modems - library development files

libmm-glib-doc/stable 1.24.0-1+deb13u1 all
  D-Bus service for managing modems - library documentation

libmm-glib0/stable 1.24.0-1+deb13u1 arm64
  D-Bus service for managing modems - shared libraries

libmulticobex1-dev/stable 0.24-10+b3 arm64
  multi-protocol cable OBEX library - development files

libmulticobex1t64/stable 0.24-10+b3 arm64
  multi-protocol cable OBEX library

libnet-sip-perl/stable 0.838-1 all
  framework for SIP modules

libnet-whois-ip-perl/stable 1.19-3 all
  Lookup whois entries of IP addresses with Perl

libnumber-phone-perl/stable 4.0006-1 all
  base class for parsing and dealing with phone numbers

libopenobex2/stable 1.7.2-2.2+b1 arm64
  OBEX protocol library

libopenobex2-dev/stable 1.7.2-2.2+b1 arm64
  OBEX protocol library - development files

libortp-dev/stable 1:5.3.105-1 arm64
  Development files for the ortp RTP library

libortp-doc/stable 1:5.3.105-1 all
  oRTP API documentation

libortp16/stable 1:5.3.105-1 arm64
  Real-time Transport Protocol (RTP) stack

libosip2-15t64/stable 5.3.1-1.1+b1 arm64
  Session Initiation Protocol (SIP) library

libosip2-dev/stable 5.3.1-1.1+b1 arm64
  development files for the SIP library

libosmo-sabp-dev/stable 1.7.0+dfsg1-2 arm64
  Osmocom code for the Iuh interface (SABP), development

libosmo-sabp1t64/stable 1.7.0+dfsg1-2 arm64
  Osmocom code for the Iuh interface (SABP), library

libosmomtp0/stable 1.9.0+dfsg1-6 arm64
  Message Transfer Part for Signaling System 7

libpam-barada/stable 0.5.3-1 arm64
  PAM module to provide two-factor authentication based on HOTP

libphonenumber-data/stable 8.13.51+ds-4.2 all
  parsing/formatting/validating phone numbers - data files

libphonenumber-dev/stable 8.13.51+ds-4.2 arm64
  parsing/formatting/validating phone numbers - development files

libphonenumber8/stable 8.13.51+ds-4.2 arm64
  parsing/formatting/validating phone numbers

libphonenumber8-java/stable 8.13.51+ds-4.2 all
  parsing/formatting/validating phone numbers - java

libphosh-0.45-0/stable 0.46.0-3+deb13u1 arm64
  Pure Wayland shell for mobile devices - binding shared library

libphosh-0.45-dev/stable 0.46.0-3+deb13u1 arm64
  Pure Wayland shell for mobile devices - binding development files

libplist++-2.0-4/stable 2.6.0-2+b1 arm64
  C++ Library for handling Apple binary and XML property lists

libplist++-dev/stable 2.6.0-2+b1 arm64
  C++ library for handling Apple binary and XML property lists - dev files

libplist-2.0-4/stable 2.6.0-2+b1 arm64
  Library for handling Apple binary and XML property lists

libplist-dev/stable 2.6.0-2+b1 arm64
  Library for handling Apple binary and XML property lists - development files

libplist-doc/stable 2.6.0-2 all
  Library for handling Apple binary and XML property lists - docs

libplist-utils/stable 2.6.0-2+b1 arm64
  Apple property list converter

libqrencode-dev/stable 4.1.1-2 arm64
  QR Code encoding library -- development

libqrencode4/stable 4.1.1-2 arm64
  QR Code encoding library

libqt5quick5/stable,now 5.15.15+dfsg-3 arm64 [installed,automatic]
  Qt 5 Quick library

libqt5quick5-gles/stable 5.15.15+dfsg-2 arm64
  Qt 5 Quick library — OpenGL ES variant

libqt6quick6/stable 6.8.2+dfsg-7 arm64
  Qt 6 Quick library

librust-spytrap-adb-dev/stable 0.3.5-1 arm64
  Test a phone for stalkerware using adb and usb debugging - Rust source code

libspatialaudio-dev/stable 0.3.0+git20180730+dfsg1-2.1+b1 arm64
  library for ambisonic encoding and decoding (development files)

libspatialaudio0t64/stable 0.3.0+git20180730+dfsg1-2.1+b1 arm64
  library for ambisonic encoding and decoding (runtime files)

libsqlcipher-dev/stable 4.6.1-2 arm64
  SQLCipher development files

libsqlcipher1/stable 4.6.1-2 arm64
  SQLCipher shared library

libtext-metaphone-perl/stable 20160805-2+b4 arm64
  modern soundex module providing phonetic encoding of words

libunicode-japanese-perl/stable 0.50-1 arm64
  module for converting Japanese encodings

libunity-scopes-json-def-phone/stable 7.1.4+19.04.20190319-6.1 all
  binding to get scopes into the launcher - phone def file

libusbmuxd-2.0-7/stable 2.1.0-1+b1 arm64
  Client library to handle usbmux connections with iOS devices (library)

libusbmuxd-dev/stable 2.1.0-1+b1 arm64
  Client library to handle usbmux connections with iOS devices (devel)

libusbmuxd-tools/stable 2.1.0-1+b1 arm64
  Client library to handle usbmux connections with iOS devices (tools)

libvidstab-dev/stable 1.1.0-2+b2 arm64
  video stabilization library (development files)

libvidstab1.1/stable 1.1.0-2+b2 arm64
  video stabilization library (shared library)

linphone-cli/stable 5.3.105-5 arm64
  SIP softphone - console-only client

linphone-common/stable 5.3.105-5 all
  Shared components of the linphone SIP softphone

livi/stable 0.3.1-1 arm64
  Minimalistic video player targeting mobile devices

lojban-common/stable 1.5+dfsg.1-4 all
  commonly-used wordlists for the Lojban language

lomiri/stable 0.5.0-2 arm64
  Shell of the Lomiri Operating Environment

lomiri-addressbook-app/stable 0.9.1-1 arm64
  Address Book App for Lomiri Operating Environment

lomiri-calculator-app/stable 4.1.0-1 arm64
  Calculator App for Lomiri Operating Environment

lomiri-calendar-app/stable 1.1.4-2 arm64
  Calendar App for Lomiri Operating Environment

lomiri-camera-app/stable 4.0.8+dfsg-5 arm64
  Camera and Barcode Scanner App for Lomiri Operating Environment

lomiri-clock-app/stable 4.1.1-2 arm64
  Clock App for Lomiri Operating Environment

lomiri-cloudsync-app/stable 0.8.1+dfsg-2 arm64
  App for synchronizing files to Nextcloud/ownCloud on Lomiri

lomiri-common/stable 0.5.0-2 all
  Shell of the Lomiri Operating Environment (common files)

lomiri-dekko-app/stable 0.4.1+dfsg-8 all
  Wrapper package around dekko, but with Lomiri namespacing

lomiri-desktop-session/stable 0.3-11 all
  Integrate Lomiri Desktop Session into Display Managers

lomiri-dialer-app/stable 2.0.0-4 arm64
  Dialer App for Lomiri Operating Environment

lomiri-doc/stable 0.5.0-2 all
  Lomiri Operating Environment's Shell (documentation files)

lomiri-docviewer-app/stable 3.1.1+dfsg-4 arm64
  Document Viewer App for Lomiri Operating Environment

lomiri-filemanager-app/stable 1.1.4+dfsg-2 arm64
  Filemanager App for Lomiri Operating Environment

lomiri-gallery-app/stable 3.1.1-1 arm64
  Gallery App for Lomiri Operating Environment

lomiri-gallery-app-common/stable 3.1.1-1 all
  Gallery App for Lomiri Operating Environment (arch-indep files)

lomiri-greeter/stable 0.5.0-2 all
  LightDM Greeter for the Lomiri Operating Environment

lomiri-indicator-datetime/stable 25.4.0-2 arm64
  Lomiri Indicator providing clock and calendar

lomiri-keyboard-bengali-avro/stable 1.0.3-1 arm64
  Lomiri on-screen keyboard data files - Bengali Avro Phonetic

lomiri-mediaplayer-app/stable 1.1.1+dfsg-3 arm64
  Media Player App for Lomiri Operating Environment

lomiri-mediaplayer-app-common/stable 1.1.1+dfsg-3 all
  Media Player App for Lomiri Operating Environment (common files)

lomiri-messaging-app/stable 2.0.1-1 arm64
  Messaging App for Lomiri Operating Environment

lomiri-music-app/stable 3.3.0-1 arm64
  Music player for Lomiri Operating Environment

lomiri-printing-app/stable 0.4.2-1 arm64
  Printing app which consumes a PDF from content hub

lomiri-system-settings/stable 1.3.1-6 arm64
  System Settings application for Lomiri

lomiri-system-settings-cellular/stable 1.2-1 arm64
  Cellular settings plugin for Lomiri's system settings

lomiri-system-settings-online-accounts/stable 0.13-1+b1 arm64
  Online Accounts setup for Lomiri

lomiri-system-settings-phone/stable 1.2-1 arm64
  Phone settings plugin for Lomiri's system settings

lomiri-teleports-app/stable 1.20-5 arm64
  Telegram Chat Client App for Lomiri Operating Environment

lomiri-terminal-app/stable 2.0.5-2 arm64
  Terminal App for Lomiri Operating Environment

lomiri-tests/stable 0.5.0-2 arm64
  Scripts and mocks for running Lomiri Shell tests

lomiri-tfamanager-app/stable 1.7.3+dfsg-4 all
  2-Factor-Authentication Manager App for Lomiri Operating Environment

lomiri-wallpapers/stable 20.04.0-4 all
  Wallpapers for the Lomiri Operating Environment

lomiri-wallpapers-16.04/stable 20.04.0-4 all
  Lomiri Wallpapers (as shipped with Ubuntu Touch 16.04)

lomiri-wallpapers-20.04/stable 20.04.0-4 all
  Lomiri Wallpapers (as shipped with Ubuntu Touch 20.04)

lomiri-weather-app/stable 6.1.4-2 arm64
  Weather App for Lomiri Operating Environment

magic-wormhole/stable 0.18.0-1 all
  Securely and simply transfer data between computers

maliit-keyboard/stable 2.3.1-6+b2 arm64
  virtual on-screen keyboard based on the Maliit Framework

matchbox/stable 1:7 all
  base X environment for resource-limited systems

mediastreamer2-plugin-msqogl/stable 1:5.3.105+dfsg-5 arm64
  Voice and video streaming engine for telephony (OpenGL)

merkuro/stable 24.12.3-1 arm64
  Application suite for emails, calendars, contacts and tasks

metacam/stable 1.2-14+b1 arm64
  extract EXIF information from digital camera files

mgetty/stable 1.2.1-2 arm64
  Smart Modem getty replacement

minidlna/stable 1.3.3+dfsg-1.1+b1 arm64
  lightweight DLNA/UPnP-AV server targeted at embedded systems

minimodem/stable 0.24-1+b3 arm64
  general-purpose software audio FSK modem

miscfiles/stable 1.5+dfsg-5 all
  Dictionaries and other interesting files

mkdocs-material/stable 9.6.4-1 all
  Material Design theme for MkDocs

mobian-archive-keyring/stable 20250408.0 all
  OpenPGP keys for the Mobian package archive

mobile-atlas-creator/stable 2.1.4+dfsg.1-2 all
  program to create offline atlases for GPS/cell phone applications

modem-cmd/stable 1.0.2-4 all
  send arbitrary AT commands to your modem

modemmanager/stable 1.24.0-1+deb13u1 arm64
  D-Bus service for managing modems

modemmanager-dev/stable 1.24.0-1+deb13u1 arm64
  D-Bus service for managing modems - development files

modemmanager-doc/stable 1.24.0-1+deb13u1 all
  D-Bus service for managing modems - documentation files

mokomaze/stable 0.7.1-1+b4 arm64
  Ball in labyrinth game for the OpenMoko FreeRunner

mopidy/stable 3.4.2-3 all
  extensible music server

mopidy-alsamixer/stable 2.0.1-1 all
  Mopidy extension for volume control via ALSA

mopidy-beets/stable 4.0.1-1 all
  Mopidy extension for playing music from Beets' web plugin

mopidy-dleyna/stable 2.0.2-1 all
  Mopidy extension for playing music from Digital Media Servers

mopidy-doc/stable 3.4.2-3 all
  extensible music server - documentation

mopidy-internetarchive/stable 3.0.1-2 all
  Mopidy extension for playing music from the Internet Archive

mopidy-local/stable 3.2.1-1 all
  Mopidy extension for playing music from your local music archive

mopidy-mpd/stable 3.3.0-1 all
  Mopidy extension for controlling Mopidy from MPD clients

mopidy-mpris/stable 3.0.3-1 all
  Mopidy extension for controlling playback through MPRIS

mopidy-podcast/stable 3.0.1-1 all
  Mopidy extension for searching and browsing podcasts

mopidy-podcast-itunes/stable 3.0.1-1 all
  Mopidy extension for searching and browsing iTunes podcasts

mopidy-scrobbler/stable 2.0.1-1 all
  Mopidy extension for scrobbling music to Last.fm

mopidy-somafm/stable 2.0.2-1 all
  Mopidy extension for playing music from SomaFM

mopidy-soundcloud/stable 3.0.2-1 all
  Mopidy extension for playing music from SoundCloud

mopidy-tunein/stable 1.1.0-1 all
  Mopidy extension for playing music from TuneIn

node-autolinker/stable 1.8.3+dfsg-5 all
  Utility for automatically linking URLs, emails, etc. in text

node-html5shiv/stable 3.7.3+dfsg-5 all
  enable use of HTML5 sectioning elements in legacy browser

node-remark-slide/stable 0.15.0+ds-2 all
  simple, in-browser, markdown-driven slideshow tool (node module)

nodm/stable 0.13-6.2 arm64
  automatic display manager

novnc/stable 1:1.6.0-2 all
  HTML5 VNC client - daemon and programs

nsnake/stable 3.0.1-2.2 arm64
  classic snake game on the terminal

ntfy/stable 2.11.0-2+b4 arm64
  Send push notifications to your phone or desktop

numberstation/stable 1.4.0-2 all
  TOTP Authenticator application

nuntius/stable 0.2.0-5+b4 arm64
  share notifications from Android phone or tablet via Bluetooth or LAN

obexpushd/stable 0.11.2-5 arm64
  program for receiving files via Bluetooth

openobex-apps/stable 1.7.2-2.2+b1 arm64
  Applications for OpenOBEX

osmo-bsc-bs11-utils/stable 1.13.0-2 arm64
  Command line utilities for Siemens BS-11 BTS

osmo-msc/stable 1.13.0+dfsg1-2 arm64
  Osmocom's Mobile Switching Center for 2G and 3G mobile networks

osmo-trx/stable 1.7.1-1 arm64
  SDR transceiver that implements Layer 1 of a GSM BTS

osmocom-analog/stable 0.0~git20250208.4ebf64f-1 arm64
  Base station implementation of classic mobile networks

performous/stable 1.3.0+ds-2+b2 arm64
  karaoke game that allows user supplied songs

phoc/stable 0.46.0-1 arm64
  Wayland compositor for mobile phones

phoc-examples/stable 0.46.0-1 arm64
  Examples clients for phoc

phosh/stable 0.46.0-3+deb13u1 arm64
  Pure Wayland shell for mobile devices

phosh-common/stable 0.46.0-3+deb13u1 all
  Pure Wayland shell for mobile devices - Common files

phosh-dev/stable 0.46.0-3+deb13u1 arm64
  Pure Wayland shell for mobile devices - development files

phosh-doc/stable 0.46.0-3+deb13u1 all
  Pure Wayland shell for mobile devices - development documentation

phosh-mobile-tweaks/stable 0.46.0-3+deb13u1 all
  Pure Wayland shell for mobile devices - GSettings tweaks

phosh-osk-stub/stable 0.46.0-1 arm64
  An alternative on screen keyboard for Phosh

phosh-phone/stable 46.1 arm64
  GNOME/Phosh mobile Environment -- phone components

phosh-plugins/stable 0.46.0-3+deb13u1 arm64
  Pure Wayland shell for mobile devices - Plugins

phosh-tour/stable 0.46.0-1 arm64
  Short introduction to phosh on smartphones

phosh-wallpapers/stable 0.42.0-1 all
  Wallpapers for Phosh

php-giggsey-libphonenumber/stable 9.0.4-1 all
  PHP Port of Google's libphonenumber

php-giggsey-locale/stable 2.8.0-1 all
  Locale functions required by libphonenumber-for-php

phrog/stable 0.46.0-2 arm64
  Greetd-compatible greeter for mobile phones

pidcat/stable 2.1.0-6 all
  Colored adb logcat that shows entries for specific apps

pinephone-tweaks/stable 8 all
  Default configuration settings for the PinePhone

plasma-browser-integration/stable 6.3.4-2 arm64
  Chromium, Google Chrome, Firefox integration for Plasma (backend)

plasma-mobile/stable 6.3.6-3 arm64
  User interface for phones, based on Plasma technologies

plasma-mobile-phone/stable 9 arm64
  Plasma mobile Environment -- phone components

plasma-phonebook/stable 24.02.0-1 arm64
  Phone book for Plasma Mobile

pnc/stable 0.9.4-3+b3 arm64
  libphonenumber command-line wrapper, and GNU AWK extension

polyphone/stable 2.2.0.20210109+dfsg1-3+b5 arm64
  cross-platform SoundFont editor

postgresql-17-prefix/stable 1.2.10-3 arm64
  Prefix Range module for PostgreSQL

powersupply-gtk/stable 0.9.0-2 all
  Graphical power status tool for Linux mobile devices

praat/stable 6.4.27+dfsg-2 arm64
  program for speech analysis and synthesis

primrose/stable 6+dfsg1-5+b1 arm64
  compelling tile-placement puzzle game

python-django-phonenumber-field-doc/stable 8.1.0-1 all
  Model and form field for normalised phone numbers (Documentation)

python-jellyfish-doc/stable 1.2.0-1 all
  Library for approximate and phonetic matching of strings (documentation)

python3-apriltag/stable 3.4.2-1+b2 arm64
  AprilTags Visual Fiducial System

python3-django-phonenumber-field/stable 8.1.0-1 all
  Model and form field for normalised phone numbers (Python 3 version)

python3-gammu/stable 3.2.4-3+b2 arm64
  Python module to communicate with mobile phones (Python 3)

python3-idasen/stable 0.12.0-2 all
  ikea IDÅSEN desk API and CLI

python3-idasen-ha/stable 2.6.2-2 all
  Home Assistant helper lib for the IKEA Idasen Desk integration

python3-imobiledevice/stable 1.3.0+git20250228-2 arm64
  Python 3 bindings for communicating with iPhone and other Apple device

python3-jellyfish/stable 1.2.0-1 arm64
  Library for approximate and phonetic matching of strings (Python 3)

python3-onetimepass/stable 1.0.1-2 all
  Module for generating and validating HOTP and TOTP tokens

python3-phone-modem/stable 0.1.2-3 all
  Asynchronous modem implementation for integrating caller ID and call rejection

python3-phonenumbers/stable 8.12.57-4 all
  parsing/formatting/validating phone numbers - Python 3

python3-plist/stable 2.6.0-2+b1 arm64
  Library for handling Apple binary and XML property lists - Python3 bindings

python3-pyicloud/stable 1.0.0-3 all
  wrapper to access iPhone and Calendar data in the iCloud

python3-pyotp/stable 2.9.0-2 all
  Python One Time Password Library

python3-pysignalclirestapi/stable 0.3.24-2 all
  Library for interacting with the Signal Messenger REST API

python3-radicale/stable 3.5.3-1 all
  simple calendar and addressbook server - python3 module

python3-user-agents/stable 2.2.0-4 all
  Pure Python implementation for detecting which user agent is used

python3-voip-utils/stable 0.3.3-1 all
  Utilities for managing Voice over IP communication

python3-yalexs/stable 8.11.0-1 all
  Library for Yale Access (formerly August) Smart Lock and Doorbell integration

qcom-phone-utils/stable 0.4.2 arm64
  Utilities for Qualcomm-based phones running Linux

qml-module-lomiri-telephony-phonenumber/stable 0.6.1-1 arm64
  Telephony service components for Lomiri - PhoneNumber QML plugin

qml6-module-org-kde-kdeconnect/stable 25.04.2-1+deb13u1 arm64
  QML module wrapping KDE Connect functionality

qmlkonsole/stable 25.04.0-1 arm64
  Terminal app for Plasma Mobile

qreator/stable 16.06.1-7.1 all
  graphical utility for creating QR codes

qtmir-android/stable 0.8.0~git20250407.ea2f477-1+deb13u1 arm64
  QPA plugin for a Mir server (mobile, transitional package)

quisk/stable 4.2.32-2+b1 arm64
  Software Defined Radio (SDR)

radicale/stable 3.5.3-1 all
  simple calendar and addressbook server - daemon

retroarch-assets/stable 1.20.0+dfsg-1 all
  RetroArch assets for Ozone, GLUI, RGUI and XMB

rt5-extension-smsnotify/stable 1.04-4 all
  Send SMS notifications from Request Tracker (for RT5)

ruby-countries/stable 4.2.2-3 all
  Gives you a country object full of all sorts of useful information

ruby-password/stable 0.5.3-5+b8 arm64
  Ruby library for handling passwords

ruby-text/stable 1.3.1-1 all
  collection of text algorithms for Ruby

ruby-u2f/stable 0.2.1-2.1 all
  U2F server side library

scim-tables-zh/stable 0.5.14-2.1 all
  Chinese input method data tables for SCIM platform

sound-theme-phosh/stable 0.42.0-1 all
  Phosh sound theme

spytrap-adb/stable 0.3.5-1 arm64
  Test a phone for stalkerware using adb and usb debugging

sqlcipher/stable 4.6.1-2 arm64
  Command line interface for SQLCipher

squeekboard/stable 1.43.1-1 arm64
  On-screen keyboard for Wayland

suru-icon-theme/stable 2025.05.0-1 all
  Suru icon theme for Lomiri Operating Environment

swish-e/stable 2.4.7-6.3 arm64
  Simple Web Indexing System for Humans - Enhanced

sxmo-utils/stable 1.12.0-7+b3 arm64
  scripts and C programs to support Sxmo

syncplay/stable 1.7.4+repack1-1 all
  Synchronize playback of various video players via internet (Client)

syncthingtray/stable 1.7.5-1 arm64
  desktop integration for Syncthing

syncthingtray-kde-plasma/stable 1.7.5-1 arm64
  KDE Plasma Desktop and Dolphin integration for Syncthing

tcllib/stable 2.0+dfsg-4 all
  Standard Tcl Library

tdiary-core/stable 5.3.0-2 all
  Communication-friendly weblog system

telepathy-ofono/stable 0.3.1-4 arm64
  telepathy oFono connection manager

tetraproc/stable 0.9.2-1+b2 arm64
  Tetrahedral Microphone Processor for Ambisonic Recording

texlive-fonts-extra/stable 2024.20250309-2 all
  TeX Live: Additional fonts

texlive-lang-french/stable 2024.20250309-1 all
  TeX Live: French

texlive-latex-extra/stable 2024.20250309-2 all
  TeX Live: LaTeX additional packages

texlive-music/stable 2024.20250309-2 all
  TeX Live: Music packages

texlive-pictures/stable 2024.20250309-1 all
  TeX Live: Graphics, pictures, diagrams

tipa/stable 2:1.3-21 all
  system for processing phonetic symbols in LaTeX

tipa-doc/stable 2:1.3-21 all
  documentation for the TIPA LaTeX font

totem-plugins/stable 43.2-3 arm64
  Plugins for the Totem media player

triforce-lv2/stable 0.2.1-2+b2 arm64
  LV2 beamformer plugin for Apple mic arrays

tryton-modules-authentication-sms/stable 7.0.0-3 all
  Tryton application platform - authentication sms module

twinkle/stable 1:1.10.3+dfsg-1 arm64
  Voice over Internet Protocol (VoIP) SIP Phone (GUI)

twinkle-common/stable 1:1.10.3+dfsg-1 all
  Voice over Internet Protocol (VoIP) SIP Phone (common files)

twinkle-console/stable 1:1.10.3+dfsg-1 arm64
  Voice over Internet Protocol (VoIP) SIP Phone (console)

u-boot-sunxi/stable 2025.01-3 arm64
  A boot loader for sunxi systems

ucimf-chewing/stable 0.3-4+b2 arm64
  ucimf wrapper for Chewing input method

uim-ipa-x-sampa/stable 1:1.9.6-1 all
  Universal Input Method - X-SAMPA IPA input support metapackage

uim-mozc/stable 2.29.5160.102+dfsg-1.4 arm64
  Mozc engine for uim - Client of the Mozc input method

usbmuxd/stable 1.1.1-6+deb13u1 arm64
  USB multiplexor daemon for iPhone and iPod Touch devices

uxplay/stable 1.71.1-1 arm64
  open-source AirPlay mirroring server

wapua/stable 0.06.4-1 all
  Web browser for WAP WML pages

wasistlos/stable 1.7.0-2 arm64
  Unofficial WhatsApp desktop application

webext-plasma-browser-integration/stable 6.3.4-2 all
  Chromium, Firefox integration for Plasma (web extension component)

wormhole-rs/stable 0.7.6-1 arm64
  Send files from one computer to another, securely

wvdial/stable 1.61-8+b1 arm64
  intelligent Point-to-Point Protocol dialer

wys/stable 0.1.12-1+b2 arm64
  daemon to start/stop PulseAudio loopbacks for phone call audio

xfonts-intl-phonetic/stable 1.4.2-2 all
  international fonts for X - International Phonetic Alphabet

xfonts-tipa/stable 2:1.3-21 all
  X11 PostScript Type 1 font for the Phonetic Alphabet

xringd/stable 1.20-29 arm64
  extended ring daemon - monitor phone rings and take action

xymon/stable 4.3.30-4 arm64
  monitoring system for systems, networks and applications

yt-dlp/stable 2025.04.30-1 all
  downloader of videos from YouTube and other sites

