
WARNING: apt does not have a stable CLI interface. Use with caution in scripts.

Sorting...
Full Text Search...
ament-cmake-clang-format/stable 0.19.1-1 all
  CMake build system for ROS 2 ament packages (clang_format)

ament-cmake-clang-tidy/stable 0.19.1-1 all
  CMake build system for ROS 2 ament packages (clang_tidy)

bear/stable 3.1.6-1 arm64
  generate compilation database for Clang tooling

c2go/stable 0.26.11-1+b7 arm64
  tool for transpiling C to Go

ccls/stable 0.20241108-1 arm64
  C/C++/ObjC language server

clang/stable 1:19.0-63 arm64
  C, C++ and Objective-C compiler (LLVM based), clang binary

clang-17/stable 1:17.0.6-22+b2 arm64
  C, C++ and Objective-C compiler

clang-17-doc/stable 1:17.0.6-22 all
  C, C++ and Objective-C compiler - Documentation

clang-17-examples/stable 1:17.0.6-22 all
  Clang examples

clang-18/stable 1:18.1.8-18+b1 arm64
  C, C++ and Objective-C compiler

clang-18-doc/stable 1:18.1.8-18 all
  C, C++ and Objective-C compiler - Documentation

clang-18-examples/stable 1:18.1.8-18 all
  Clang examples

clang-19/stable 1:19.1.7-3+b1 arm64
  C, C++ and Objective-C compiler

clang-19-doc/stable 1:19.1.7-3 all
  C, C++ and Objective-C compiler - Documentation

clang-19-examples/stable 1:19.1.7-3 all
  Clang examples

clang-format/stable 1:19.0-63 arm64
  Tool to format C/C++/Obj-C code

clang-format-17/stable 1:17.0.6-22+b2 arm64
  Tool to format C/C++/Obj-C code

clang-format-18/stable 1:18.1.8-18+b1 arm64
  Tool to format C/C++/Obj-C code

clang-format-19/stable 1:19.1.7-3+b1 arm64
  Tool to format C/C++/Obj-C code

clang-tidy/stable 1:19.0-63 arm64
  clang-based C++ linter tool

clang-tidy-17/stable 1:17.0.6-22+b2 arm64
  clang-based C++ linter tool

clang-tidy-18/stable 1:18.1.8-18+b1 arm64
  clang-based C++ linter tool

clang-tidy-19/stable 1:19.1.7-3+b1 arm64
  clang-based C++ linter tool

clang-tools/stable 1:19.0-63 arm64
  clang-based tools

clang-tools-17/stable 1:17.0.6-22+b2 arm64
  clang-based tools for C/C++ developments

clang-tools-18/stable 1:18.1.8-18+b1 arm64
  clang-based tools for C/C++ developments

clang-tools-19/stable 1:19.1.7-3+b1 arm64
  clang-based tools for C/C++ developments

clangd/stable 1:19.0-63 arm64
  Language server that provides IDE-like features to editors

clangd-17/stable 1:17.0.6-22+b2 arm64
  Language server that provides IDE-like features to editors

clangd-18/stable 1:18.1.8-18+b1 arm64
  Language server that provides IDE-like features to editors

clangd-19/stable 1:19.1.7-3+b1 arm64
  Language server that provides IDE-like features to editors

clazy/stable 1.14-1 arm64
  Clang plugin for additional warnings

debugbreak/stable 1.0-1 arm64
  Put breakpoints in C/C++ code

elpa-format-all/stable 0.6.0-2 all
  Auto-format C, C++, JS, Python, Ruby and 50 other languages

elpa-irony/stable 1.6.1-1 all
  Emacs C/C++ minor mode powered by libclang

emscripten/stable 3.1.69+dfsg-3 all
  LLVM-to-JavaScript Compiler

emscripten-doc/stable 3.1.69+dfsg-3 all
  LLVM-to-JavaScript Compiler (documentation)

glslc/stable 2025.2-1 arm64
  Command line compiler for GLSL/HLSL to SPIR-V

golang-github-bmatsuo-lmdb-go-dev/stable 1.8.0+git20170215.a14b5a3-4 all
  Bindings for the LMDB C library

golang-github-cloudflare-cbpfc-dev/stable 0.0~git20231012.992ed75-2 all
  cBPF to C or eBPF compiler (library)

htslib-test/stable 1.21+ds-1 all
  Test data for HTSlib

irony-server/stable 1.6.1-1 arm64
  Emacs C/C++ minor mode powered by libclang (server)

iwyu/stable 8.23-1 arm64
  Analyze #includes in C and C++ source files

libbacktrace-dev/stable 0.1-4 arm64
  Backtrace library (for C/C++ apps)

libbacktrace0/stable 0.1-4 arm64
  Backtrace library (for C/C++ apps)

libbio-db-hts-perl/stable 3.01-5 arm64
  Perl interface to the HTS library

libclang-17-dev/stable 1:17.0.6-22+b2 arm64
  Clang library - Development package

libclang-18-dev/stable 1:18.1.8-18+b1 arm64
  Clang library - Development package

libclang-19-dev/stable 1:19.1.7-3+b1 arm64
  Clang library - Development package

libclang-common-17-dev/stable 1:17.0.6-22+b2 arm64
  Clang library - Common development package

libclang-common-18-dev/stable 1:18.1.8-18+b1 arm64
  Clang library - Common development package

libclang-common-19-dev/stable 1:19.1.7-3+b1 arm64
  Clang library - Common development package

libclang-cpp-dev/stable 1:19.0-63 arm64
  C++ interface to the clang library

libclang-cpp17-dev/stable 1:17.0.6-22+b2 arm64
  C++ interface to the Clang library

libclang-cpp17t64/stable 1:17.0.6-22+b2 arm64
  C++ interface to the Clang library

libclang-cpp18/stable 1:18.1.8-18+b1 arm64
  C++ interface to the Clang library

libclang-cpp18-dev/stable 1:18.1.8-18+b1 arm64
  C++ interface to the Clang library

libclang-cpp19/stable 1:19.1.7-3+b1 arm64
  C++ interface to the Clang library

libclang-cpp19-dev/stable 1:19.1.7-3+b1 arm64
  C++ interface to the Clang library

libclang-dev/stable 1:19.0-63 arm64
  clang library - Development package

libclang-perl/stable 0.09-6+b7 arm64
  Perl bindings to the Clang compiler's indexing interface

libclang-rt-17-dev/stable 1:17.0.6-22+b2 arm64
  Compiler-rt - development package

libclang-rt-17-dev-wasm32/stable 1:17.0.6-22 all
  Compiler-rt - wasm32 builtins

libclang-rt-17-dev-wasm64/stable 1:17.0.6-22 all
  Compiler-rt - wasm64 builtins

libclang-rt-18-dev/stable 1:18.1.8-18+b1 arm64
  Compiler-rt - development package

libclang-rt-18-dev-wasm32/stable 1:18.1.8-18 all
  Compiler-rt - wasm32 builtins

libclang-rt-18-dev-wasm64/stable 1:18.1.8-18 all
  Compiler-rt - wasm64 builtins

libclang-rt-19-dev/stable 1:19.1.7-3+b1 arm64
  Compiler-rt - development package

libclang-rt-19-dev-wasm32/stable 1:19.1.7-3 all
  Compiler-rt - wasm32 builtins

libclang-rt-19-dev-wasm64/stable 1:19.1.7-3 all
  Compiler-rt - wasm64 builtins

libclang-rt-dev/stable 1:19.0-63 arm64
  Compiler-rt - Development package

libclang-rt-dev-wasm32/stable 1:19.0-63 arm64
  Compiler-rt - wasm32 builtins

libclang-rt-dev-wasm64/stable 1:19.0-63 arm64
  Compiler-rt - wasm64 builtins

libclang1/stable 1:19.0-63 arm64
  C, C++ and Objective-C compiler (LLVM based)

libclang1-17t64/stable 1:17.0.6-22+b2 arm64
  C interface to the Clang library

libclang1-18/stable 1:18.1.8-18+b1 arm64
  C interface to the Clang library

libclang1-19/stable 1:19.1.7-3+b1 arm64
  C interface to the Clang library

libcode-tidyall-plugin-clangformat-perl/stable 0.0.2-2 all
  module to run clang-format using Code::TidyAll

libear/stable 3.1.6-1 arm64
  generate compilation database for Clang tooling (wrapper library)

libghc-trifecta-dev/stable 2.1.4-1+b2 arm64
  modern parser combinator library with convenient diagnostics

libghc-trifecta-doc/stable 2.1.4-1 all
  modern parser combinator library with convenient diagnostics; documentation

libghc-trifecta-prof/stable 2.1.4-1+b2 arm64
  modern parser combinator library with convenient diagnostics; profiling libraries

libhts-dev/stable 1.21+ds-1 arm64
  development files for the HTSlib

libhts3t64/stable 1.21+ds-1 arm64
  C library for high-throughput sequencing data formats

liblldb-17-dev/stable 1:17.0.6-22+b2 arm64
  Next generation, high-performance debugger, header files

liblldb-17t64/stable 1:17.0.6-22+b2 arm64
  Next generation, high-performance debugger, library

liblldb-18/stable 1:18.1.8-18+b1 arm64
  Next generation, high-performance debugger, library

liblldb-18-dev/stable 1:18.1.8-18+b1 arm64
  Next generation, high-performance debugger, header files

liblldb-19/stable 1:19.1.7-3+b1 arm64
  Next generation, high-performance debugger, library

liblldb-19-dev/stable 1:19.1.7-3+b1 arm64
  Next generation, high-performance debugger, header files

liblldb-dev/stable 1:19.0-63 arm64
  Next generation, high-performance debugger, header files

libopencl-clang-17-dev/stable 17.0.1-1 arm64
  thin wrapper for clang -- development files

libopencl-clang-18-dev/stable 18.1.1-1 arm64
  thin wrapper for clang -- development files

libopencl-clang-19-dev/stable 19.1.0-2 arm64
  thin wrapper for clang -- development files

libopencl-clang17t64/stable 17.0.1-1 arm64
  thin wrapper for clang

libopencl-clang18.1/stable 18.1.1-1 arm64
  thin wrapper for clang

libopencl-clang19.1/stable 19.1.0-2 arm64
  thin wrapper for clang

libparallel-hashmap-dev/stable 1.4.1+ds-2 all
  header-only hash map implementation

librust-clang-sys-dev/stable 1.8.1-3 arm64
  Rust bindings for libclang - Rust source code

libshaderc-dev/stable 2025.2-1 arm64
  Library API for accessing glslc functionality - static libraries and headers

libshaderc1/stable 2025.2-1 arm64
  Library API for accessing glslc functionality - shared libraries

libsimde-dev/stable 0.8.2-3 all
  Implementations of SIMD instructions for all systems

lldb/stable 1:19.0-63 arm64
  Next generation, high-performance debugger

lldb-17/stable 1:17.0.6-22+b2 arm64
  Next generation, high-performance debugger

lldb-18/stable 1:18.1.8-18+b1 arm64
  Next generation, high-performance debugger

lldb-19/stable 1:19.1.7-3+b1 arm64
  Next generation, high-performance debugger

objfw/stable 1.3-1 arm64
  Portable, lightweight framework for the Objective-C language

python3-ament-clang-format/stable 0.19.1-1 all
  Python 3 module for clang_format support in ROS 2 ament packages

python3-ament-clang-tidy/stable 0.19.1-1 all
  Python 3 module for clang_tidy support in ROS 2 ament packages

python3-clang/stable 1:19.0-63 arm64
  Clang Python Bindings

python3-clang-17/stable 1:17.0.6-22+b2 arm64
  Clang Python Bindings

python3-clang-18/stable 1:18.1.8-18+b1 arm64
  Clang Python Bindings

python3-clang-19/stable 1:19.1.7-3+b1 arm64
  Clang Python Bindings

python3-lldb/stable 1:19.0-63 arm64
  Next generation, high-performance debugger, python lib

python3-lldb-17/stable 1:17.0.6-22+b2 arm64
  Next generation, high-performance debugger, python3 lib

python3-lldb-18/stable 1:18.1.8-18+b1 arm64
  Next generation, high-performance debugger, python3 lib

python3-lldb-19/stable 1:19.1.7-3+b1 arm64
  Next generation, high-performance debugger, python3 lib

rtags/stable 2.38-12+b2 arm64
  C/C++ client/server indexer with integration for Emacs

ruby-whitequark-parser/stable 3.3.4.2-2 all
  Ruby parser written in pure Ruby

sc3-plugins-language/stable 3.13.0~repack-1 all
  sclang class files of UGen plugins for SuperCollider

texlive-science/stable 2024.20250309-2 all
  TeX Live: Mathematics, natural sciences, computer science packages

vim-youcompleteme/stable 0+20240827+gitb6e8c64+ds-3 all
  fast, as-you-type, fuzzy-search code completion engine for Vim

wasi-libc/stable 0.0~git20241209.574b88d-2 all
  WASI libc implementation for WebAssembly

zmk/stable 0.5.1-2 all
  collection of reusable Makefiles

zmk-doc/stable 0.5.1-2 all
  collection of reusable Makefiles (manual pages)

