
WARNING: apt does not have a stable CLI interface. Use with caution in scripts.

Sorting...
Full Text Search...
coreutils/stable,now 9.7-3 arm64 [installed]
  GNU core utilities

libsemanage2/stable,now 3.8.1-1 arm64 [installed,automatic]
  SELinux policy management library

node-lumino/stable 2024.3.25-1 all
  large set of libraries to develop Node.js applications

policycoreutils/stable 3.8.1-2 arm64
  SELinux core policy utilities

policycoreutils-dbus/stable 3.8.1-1 all
  SELinux core policy utilities (D-Bus daemon)

policycoreutils-dev/stable 3.8.1-2 arm64
  SELinux core policy utilities (development utilities)

policycoreutils-gui/stable 3.8.1-1 all
  SELinux core policy utilities (graphical utilities)

policycoreutils-python-utils/stable 3.8.1-2 all
  SELinux core policy utilities (Python utilities)

progress/stable 0.17-1+b1 arm64
  Coreutils Progress Viewer (formerly known as 'cv')

python3-sepolgen/stable 3.8.1-2 all
  Python3 module used in SELinux policy generation

rust-coreutils/stable 0.0.30-2 arm64
  Universal coreutils utils, written in Rust

sha1cdsum/stable 0.3.2-1+b7 arm64
  Calculate SHA1 checksums with collision detection

