
WARNING: apt does not have a stable CLI interface. Use with caution in scripts.

Sorting...
Full Text Search...
0install/stable 2.18-2.1 arm64
  cross-distribution packaging system

0install-core/stable 2.18-2.1 arm64
  cross-distribution packaging system (non-GUI parts)

64tass/stable 1.59.3120-2 arm64
  cross (turbo) assembler targeting the MOS 65xx series of micro processors

allegro5-doc/stable 2:5.2.10.1+dfsg-1 all
  documentation for the Allegro 5 library

almanah/stable 0.12.4-1 arm64
  Application to ease management of a personal diary

arch-test/stable 0.22-1 all
  detect architectures supported by your machine/kernel

asciiart/stable 0.3.0-3 all
  command line tool to turn images into ASCII art

basix-doc/stable 0.9.0-2 all
  Finite Element Basis Function Definition Runtime Library (docs)

billard-gl/stable 1.75-17+b2 arm64
  3D billiards game

billard-gl-data/stable 1.75-17 all
  3D billiards game - data files

binutils-multiarch/stable 2.44-3 arm64
  Binary utilities that support multi-arch targets

binutils-multiarch-dbg/stable 2.44-3 arm64
  Binary utilities that support multi-arch targets (debug symbols)

binutils-multiarch-dev/stable 2.44-3 arm64
  GNU binary utilities that support multi-arch targets (BFD development files)

birthday/stable 1.6.2-6 arm64
  Display information about pending events on login

bison/stable 2:3.8.2+dfsg-1+b2 arm64
  YACC-compatible parser generator

blackbox/stable 0.70.1-39+b3 arm64
  Window manager for X

blender-doc/stable 4.3-1 all
  Blender Manual by the Blender Foundation

bro-aux/stable 0.42-1+b2 arm64
  small auxiliary tools for Bro

bvi/stable 1.4.2-3 arm64
  binary file editor

canmatrix-utils/stable 1.2~github-1 all
  Handle CAN (Controller Area Network) descriptions - cmdline utilities

cgdb/stable 0.8.0-3+b1 arm64
  curses-based interface to the GNU Debugger (GDB)

chalow/stable 1.0-6 all
  weblog tool that converts ChangeLog to HTML

chiark-backup/stable 8.0.1 all
  backup system for small systems and networks

chiark-really/stable 8.0.1 arm64
  really - a tool for gaining privilege (simple, realistic sudo)

chiark-rwbuffer/stable 8.0.1 arm64
  readbuffer/writebuffer: prevents tape drive seesawing, etc.

chiark-scripts/stable 8.0.1 all
  chiark system administration scripts

chiark-tcl-applet/stable 1.0-2 all
  Tray widget for battery monitor and other X11 programs

chiark-utils-bin/stable 8.0.1 arm64
  chiark system administration utilities

clamassassin/stable 1.2.4-2 all
  email virus filter wrapper for ClamAV

clitest/stable 0.5.0-1 all
  portable testing tool for Unix command lines

complexity/stable 1.13-1+b2 arm64
  tool for analyzing the complexity of C program functions

complexity-doc/stable 1.13-1 all
  tool for analyzing the complexity of C program (documentation)

cp2k/stable 2025.1-1.1 arm64
  Ab Initio Molecular Dynamics

crashmail/stable 1.7-4+b2 arm64
  JAM and *.MSG capable Fidonet tosser

debaux/stable 0.1.12-1.2 all
  Debian Auxiliary Programs

debmake/stable 4.5.1-2 all
  helper script to make the Debian source package

docker-buildx/stable 0.13.1+ds1-3 arm64
  Docker CLI plugin for extended build capabilities with BuildKit (program)

doxygen2man/stable 2.0.8-2+b1 arm64
  generate man pages from Doxygen XML files

dropwatch/stable 1.5.4-4 arm64
  tool for detecting and diagnosing dropped network packets

dynare/stable 6.3-1 arm64
  platform for handling a wide class of economic models

dynare-doc/stable 6.3-1 all
  documentation for Dynare

elpa-avy/stable 0.5.0-4 all
  jump to things in Emacs tree-style

elpa-ivy-avy/stable 0.15.1-3 all
  enhance Ivy's selection's with Avy's "balanced decision tree"

elpa-loop/stable 1.3-3 all
  friendly imperative loop structures for Emacs Lisp

exifprobe/stable 2.0.1+git20201230.eee65ff-2 arm64
  read metadata from digital pictures

exmh/stable 1:2.9.0-8 all
  extensible X user interface for MH mail

far2l/stable 2.6.5~beta+ds-3 arm64
  Linux port of FAR v2

far2l-data/stable 2.6.5~beta+ds-3 all
  Linux port of FAR v2, data files

far2l-wx/stable 2.6.5~beta+ds-3 arm64
  Linux port of FAR v2 - WX GTK UI

ffproxy/stable 1.6-13 arm64
  Light and customizable http(s) proxy server with ipv6 support

filecheck/stable 0.0.24+dfsg-2 all
  Attempt to reimplement LLVM's FileCheck using Python

fiona/stable 1.10.1-2+b3 arm64
  Command line tool for reading/writing vector geospatial data

fisicalab.app/stable 0.4.0-3 arm64
  Physics educational application

flmsg/stable 4.0.23-1+b2 arm64
  amateur radio forms management editor

fonts-adf-accanthis/stable 0.20190904-3 all
  Accanthis font of the Arkandis Digital Foundry

fonts-century-catalogue/stable 001.001-8 all
  century-style font revival

fonts-femkeklaver/stable 1.0-4 all
  simple handwriting font

fonts-isabella/stable 1.202-4 all
  Isabella free TrueType font

fonts-sil-ezra/stable 2.51-9 all
  smart Unicode font for Hebrew

foobillardplus/stable 3.43~svn170+dfsg-7+b2 arm64
  3D OpenGL Billiard Game

foobillardplus-data/stable 3.43~svn170+dfsg-7 all
  3D OpenGL Billiard Game -- data files

forensics-colorize/stable 1.1-7+b1 arm64
  show differences between files using color graphics

fp-units-castle-game-engine/stable 7.0~alpha.3+dfsg2-4 arm64
  Castle Game Engine - 3D game engine for FreePascal / Lazarus

gdb-multiarch/stable 16.3-1 arm64
  GNU Debugger (with support for multiple architectures)

giara/stable 1.1.0-0.1 all
  Reddit client optimized for mobile devices

git-debpush/stable 12.16 all
  client script for git pushing to Debian-style archives

gmediarender/stable 0.3-1 arm64
  Small headless UPnP media renderer

gmtsar/stable 6.5+ds-3 all
  InSAR processing system based on Generic Mapping Tools - metapackage

gmtsar-core/stable 6.5+ds-3 arm64
  InSAR processing system based on Generic Mapping Tools - core

gmtsar-data/stable 6.5+ds-3 all
  InSAR processing system based on Generic Mapping Tools - data

gmtsar-scripts/stable 6.5+ds-3 all
  InSAR processing system based on Generic Mapping Tools - scripts

gnumeric/stable 1.12.57-1.1+b1 arm64
  spreadsheet application for GNOME - main program

gnustep-make-doc/stable 2.9.3-6 all
  Documentation for GNUstep Make

gnustep-multiarch/stable 2.9.3-6 arm64
  GNUstep Multi-Arch support

goattracker/stable 2.77+ds-1 arm64
  C64 music editor

goby-java/stable 3.3.1+dfsg2-11 all
  next-generation sequencing data and results analysis tool

goiardi/stable 0.11.10-2+b11 arm64
  Chef server written in Go

goiardi-doc/stable 0.11.10-2 all
  Documentation for Goiardi

golang-github-apparentlymart-go-shquot-dev/stable 0.0.1-3 all
  helper functions for quoting and escaping strings

golang-github-arceliar-ironwood-dev/stable 0.0~git20241213.743fe2f-1 all
  Routing library with public keys as addresses (library)

golang-github-arceliar-phony-dev/stable 0.0~git20220903.530938a-1 all
  Ponylang-inspired actor model library for Go (library)

golang-github-charmbracelet-lipgloss-dev/stable 0.12.1-2 all
  style definitions for nice terminal layouts 👄 (Go library)

golang-github-ctdk-chefcrypto-dev/stable 0.2.0-1.1 all
  Go cryptographic routines to interact with chef servers

golang-github-ctdk-goiardi-dev/stable 0.11.10-2 all
  Golang library to interact with a chef server

golang-github-hashicorp-go-retryablehttp-dev/stable 0.7.1-1 all
  retryable HTTP client in Go

golang-github-inconshreveable-mousetrap-dev/stable 1.0.0-1 all
  Go library to detect starting from Windows Explorer

golang-github-influxdata-influxql-dev/stable 1.1.0-1 all
  parser for the InfluxDB query language

golang-github-k0swe-wsjtx-go-dev/stable 4.0.1-2 all
  Golang binding for the WSJT-X amateur radio software's UDP interface (library)

golang-github-machinebox-graphql-dev/stable 0.2.2-1.1 all
  simple low-level GraphQL HTTP client for Go

golang-github-mmcloughlin-avo-dev/stable 0.5.0-1 all
  Generate x86 Assembly with Go (library)

golang-github-seccomp-libseccomp-golang-dev/stable 0.10.0-4 all
  golang bindings for libseccomp

golang-go.uber-zap-dev/stable 1.26.0-1 all
  Blazing fast, structured, leveled logging in Go

golang-starlark-dev/stable 0.0~git20240725.42030a7-1 all
  Interpreter for the Starlark configuration language

gpsd-clients/stable 3.25-5+deb13u1 arm64
  Global Positioning System - clients

guerillabackup/stable 0.5.0-1.1 all
  resilient, distributed backup and archiving solution

hello/stable 2.10-5 arm64
  example package based on GNU hello

hunt/stable 1.5-10 arm64
  advanced packet sniffer and connection intrusion

iraf-wcstools/stable 3.9.7-1.1 all
  Handle the WCS of a FITS image (IRAF package)

ironic-inspector/stable 12.4.0-2 all
  discovering hardware properties for OpenStack Ironic - Daemon

irssi-scripts/stable 20231031 all
  collection of scripts for irssi

jsonlint/stable 1.11.0-2 all
  validating parser of JSON data structures

jsonnet/stable 0.20.0+ds-3.1 arm64
  data templating language

junior-internet/stable 1.32 all
  Debian Jr. Internet tools

jupyterlab/stable 4.0.11+ds1+~cs11.25.27-7 all
  Node.js modules for JupyterLab

justbuild/stable 1.5.1-1 arm64
  Generic build system

kio-extras/stable 4:25.04.3-1 arm64
  Extra functionality for kioslaves

kio-extras-data/stable 4:25.04.3-1 all
  Extra functionality for kioslaves data files

krank/stable 0.7+dfsg2-5 all
  game of dexterity where you match stones together

kuttypy-gui/stable 2.3-2 all
  Graphic user interface to interact with KuttyPy

latex2html/stable 2025+debian1-3 all
  LaTeX to HTML translator

latexmk/stable 1:4.86~ds-1 all
  Perl script for running LaTeX the correct number of times

lebiniou/stable 3.66.0-4+b1 arm64
  user-friendly, powerful music visualization / VJing tool

libadios2-mpi-auxiliary-2.10/stable 2.10.2+dfsg1-2 arm64
  ADIOS2 Adaptable IO system for simulations - auxiliary libraries (MPI)

libadios2-mpi-auxiliary-dev/stable 2.10.2+dfsg1-2 arm64
  Adaptable IO system for simulations - auxiliary development files (MPI)

libadios2-serial-auxiliary-2.10/stable 2.10.2+dfsg1-2 arm64
  ADIOS2 Adaptable IO system for simulations - auxiliary libraries (serial)

libadios2-serial-auxiliary-dev/stable 2.10.2+dfsg1-2 arm64
  Adaptable IO system for simulations - auxiliary development files (serial)

liballegro-acodec5-dev/stable 2:5.2.10.1+dfsg-1+b1 arm64
  header files for the Allegro 5 audio codec addon

liballegro-acodec5.2t64/stable 2:5.2.10.1+dfsg-1+b1 arm64
  audio codec addon for the Allegro 5 library

liballegro-audio5-dev/stable 2:5.2.10.1+dfsg-1+b1 arm64
  header files for the Allegro 5 audio addon

liballegro-audio5.2t64/stable 2:5.2.10.1+dfsg-1+b1 arm64
  audio addon for the Allegro 5 library

liballegro-dialog5-dev/stable 2:5.2.10.1+dfsg-1+b1 arm64
  header files for the Allegro 5 dialog addon

liballegro-dialog5.2t64/stable 2:5.2.10.1+dfsg-1+b1 arm64
  dialog addon for the Allegro 5 library

liballegro-image5-dev/stable 2:5.2.10.1+dfsg-1+b1 arm64
  header files for the Allegro 5 image addon

liballegro-image5.2t64/stable 2:5.2.10.1+dfsg-1+b1 arm64
  image addon for the Allegro 5 library

liballegro-physfs5-dev/stable 2:5.2.10.1+dfsg-1+b1 arm64
  header files for the Allegro 5 physfs addon

liballegro-physfs5.2t64/stable 2:5.2.10.1+dfsg-1+b1 arm64
  physfs addon for the Allegro 5 library

liballegro-ttf5-dev/stable 2:5.2.10.1+dfsg-1+b1 arm64
  header files for the Allegro 5 ttf addon

liballegro-ttf5.2t64/stable 2:5.2.10.1+dfsg-1+b1 arm64
  ttf addon for the Allegro 5 library

liballegro-video5-dev/stable 2:5.2.10.1+dfsg-1+b1 arm64
  header files for the Allegro 5 video addon

liballegro-video5.2t64/stable 2:5.2.10.1+dfsg-1+b1 arm64
  video addon for the Allegro 5 library

liballegro5-dev/stable 2:5.2.10.1+dfsg-1+b1 arm64
  development files for the Allegro 5 library

liballegro5.2t64/stable 2:5.2.10.1+dfsg-1+b1 arm64
  portable library for cross-platform game and multimedia development

libapache-mime4j-java/stable 0.8.12-1 all
  MIME and RFC822 parser for Java

libappstream-compose0/stable 1.0.5-1 arm64
  Building blocks to compose AppStream metadata

libarpack2-dev/stable 3.9.1-6 arm64
  Fortran77 subroutines to solve large scale eigenvalue problems (development)

libarpack2t64/stable 3.9.1-6 arm64
  Fortran77 subroutines to solve large scale eigenvalue problems

libarpack64-2/stable 3.9.1-6 arm64
  Fortran77 subroutines to solve large scale eigenvalue problems

libarpack64-2-dev/stable 3.9.1-6 arm64
  Fortran77 subroutines to solve large scale eigenvalue problems (development)

libatkmm-1.6-1v5/stable 2.28.4-1+b2 arm64
  C++ wrappers for ATK accessibility toolkit (shared libraries)

libatkmm-1.6-dev/stable 2.28.4-1+b2 arm64
  C++ wrappers for ATK accessibility toolkit (development files)

libatkmm-1.6-doc/stable 2.28.4-1 all
  C++ wrappers for ATK accessibility toolkit (documentation)

libbasix-dev/stable 0.9.0-2+b2 arm64
  Finite Element Basis Function Definition Runtime Library (development headers)

libbasix0.9/stable 0.9.0-2+b2 arm64
  Finite Element Basis Function Definition Runtime Library (Python 3)

libboost-atomic-dev/stable 1.83.0.2+b2 arm64
  atomic data types, operations, and memory ordering constraints (default version)

libboost-atomic1.83-dev/stable 1.83.0-4.2 arm64
  atomic data types, operations, and memory ordering constraints

libboost-atomic1.83.0/stable 1.83.0-4.2 arm64
  atomic data types, operations, and memory ordering constraints

libboost-atomic1.88-dev/stable 1.88.0-1 arm64
  atomic data types, operations, and memory ordering constraints

libboost-atomic1.88.0/stable 1.88.0-1 arm64
  atomic data types, operations, and memory ordering constraints

libboost-regex-dev/stable 1.83.0.2+b2 arm64
  regular expression library for C++ (default version)

libboost-regex1.83-dev/stable 1.83.0-4.2 arm64
  regular expression library for C++

libboost-regex1.83.0/stable 1.83.0-4.2 arm64
  regular expression library for C++

libboost-regex1.88-dev/stable 1.88.0-1 arm64
  regular expression library for C++

libboost-regex1.88.0/stable 1.88.0-1 arm64
  regular expression library for C++

libboost-tools-dev/stable 1.83.0.2+b2 arm64
  Boost C++ Libraries development tools (default version)

libboost1.83-tools-dev/stable 1.83.0-4.2 arm64
  Boost C++ Libraries development tools

libboost1.88-tools-dev/stable 1.88.0-1 arm64
  Boost C++ Libraries development tools

libbt-dev/stable 0.70.1-39+b3 arm64
  Blackbox - development library

libbt0/stable 0.70.1-39+b3 arm64
  Blackbox - shared library

libburn-doc/stable 1.5.6-1.1 all
  background documentation for libburn library

libcatalyst-plugin-cache-perl/stable 0.12-3 all
  flexible caching support for Catalyst

libchado-perl/stable 1.31-6 all
  database schema and tools for genomic data

libclass-spiffy-perl/stable 0.15-3.1 all
  Spiffy Perl interface framework

libcps-perl/stable 0.19-2 all
  module to manage flow of control in Continuation Passing Style

libcupsfilters2-common/stable 2.0.0-3+deb13u1 all
  OpenPrinting libcupsfilters - Auxiliary files

libdatapager-perl/stable 0.01-2.4 all
  Data::Pager - flexible data pager

libdbix-abstract-perl/stable 1.040-3 all
  DBI SQL abstraction

libderby-java/stable 10.14.2.0-3 all
  Apache Derby Database Engine and Embedded JDBC Driver

libexception-class-trycatch-perl/stable 1.13-2 all
  syntactic try/catch sugar for use with Exception::Class

libextutils-xsbuilder-perl/stable 0.28-5 all
  Automatic XS glue code generation

libfile-fnmatch-perl/stable 0.02-3+b4 arm64
  Perl module that provides simple filename and pathname matching

libfst-dev/stable 1.8.4-3 arm64
  weighted finite-state transducers library (development)

libfst-tools/stable 1.8.4-3 arm64
  weighted finite-state transducers library (tools)

libfst26/stable 1.8.4-3 arm64
  weighted finite-state transducers library (runtime)

libgetopt-long-descriptive-perl/stable 0.116-2 all
  module that handles command-line arguments with usage text

libghc-ofx-dev/stable 0.4.4.0-4+b1 arm64
  parser for Open Financial Exchange (OFX) financial data

libghc-ofx-doc/stable 0.4.4.0-4 all
  parser for Open Financial Exchange (OFX) financial data; documentation

libghc-ofx-prof/stable 0.4.4.0-4+b1 arm64
  parser for Open Financial Exchange (OFX) financial data; profiling libraries

libghc-openpgp-asciiarmor-dev/stable 0.1.2-5+b1 arm64
  OpenPGP (RFC4880) ASCII Armor codec

libghc-openpgp-asciiarmor-doc/stable 0.1.2-5 all
  OpenPGP (RFC4880) ASCII Armor codec; documentation

libghc-openpgp-asciiarmor-prof/stable 0.1.2-5+b1 arm64
  OpenPGP (RFC4880) ASCII Armor codec; profiling libraries

libghc-semirings-dev/stable 0.6-4+b1 arm64
  two monoids as one, in holy haskimony

libghc-semirings-doc/stable 0.6-4 all
  two monoids as one, in holy haskimony; documentation

libghc-semirings-prof/stable 0.6-4+b1 arm64
  two monoids as one, in holy haskimony; profiling libraries

libghc-text-short-dev/stable 0.1.6-1+b1 arm64
  memory-efficient representation of Unicode text strings

libghc-text-short-doc/stable 0.1.6-1 all
  memory-efficient representation of Unicode text strings; documentation

libghc-text-short-prof/stable 0.1.6-1+b1 arm64
  memory-efficient representation of Unicode text strings; profiling libraries

libgoby-io-java/stable 3.3.1+dfsg2-11 all
  IO API for goby

libhtml-query-perl/stable 0.09-2 all
  HTML::Tree add-on to allow jQuery-like queries on HTML::Element trees

libjifty-dbi-perl/stable 0.78-3 all
  object-relational persistence framework for Jifty

libjline-java/stable 1.0-3 all
  Java library for handling console input

libjline-java-doc/stable 1.0-3 all
  Java library for handling console input - documentation

libjline2-java/stable 2.14.6-6 all
  console input handling in Java

libjline3-java/stable 3.3.1-4 all
  Console input handling library

libjs-jquery-colorpicker/stable 1.2.20-4 all
  full-featured colorpicker for jQuery UI

libjs-knowl/stable 0~20190101-2 all
  JavaScript library for transclusion of supplementary information

libjs-s5/stable 1.1.dfsg.2-11 all
  simple HTML-based presentation system - template content

libjs-simplemde/stable 1.11.2+dfsg2-3 all
  JavaScript library providing a simple Markdown editor

libjson-java/stable 3.1.0+dfsg-2 all
  library for transforming Java objects and XML to JSON and back again

libjsonnet-dev/stable 0.20.0+ds-3.1 arm64
  data templating language (devel)

libjsonnet0/stable 0.20.0+ds-3.1 arm64
  data templating language (lib)

libjsr166y-java/stable 1.7.0-3 all
  Parallel computation framework for Java

libjsr166y-java-doc/stable 1.7.0-3 all
  Documentation for libjsr166y-java

libkf5i18n-data/stable 5.116.0-1 all
  Advanced internationalization framework.

libkf5i18n-dev/stable 5.116.0-1 arm64
  Advanced internationalization framework.

libkf5i18n-doc/stable 5.116.0-1 all
  Advanced internationalization framework (documentation)

libkf5i18n5/stable 5.116.0-1 arm64
  Advanced internationalization framework.

libkf5i18nlocaledata5/stable 5.116.0-1 arm64
  Advanced internationalization framework (locale data)

libkf6i18n-data/stable 6.13.0-1 all
  Advanced internationalization framework (architecture-independent data)

libkf6i18n-dev/stable 6.13.0-1 arm64
  Advanced internationalization framework (development files)

libkf6i18n-doc/stable 6.13.0-1 all
  Advanced internationalization framework (documentation)

libkf6i18n6/stable 6.13.0-1 arm64
  Advanced internationalization framework

libkf6i18nlocaledata6/stable 6.13.0-1 arm64
  Advanced internationalization framework (locale data)

libkf6i18nqml6/stable 6.13.0-1 arm64
  Advanced internationalization framework (QML bindings)

libldm-priv-common-qt6-0/stable 0.2.1-3 arm64
  Lomiri Upload/Download Manager - shared private library (Qt6)

libldm-priv-common0t64/stable 0.2.1-3 arm64
  Lomiri Upload/Download Manager - shared private library (Qt5)

liblist-keywords-perl/stable 0.11-2+b3 arm64
  selection of list utility keywords

libmagic-mgc/stable 1:5.46-5 arm64
  File type determination library using "magic" numbers (compiled magic file)

libminiupnpc-dev/stable 2.2.8-2+b2 arm64
  UPnP IGD client lightweight library development files

libminiupnpc18/stable 2.2.8-2+b2 arm64
  UPnP IGD client lightweight library

libmixin-extrafields-param-perl/stable 0.022-1 all
  module to make classes provide a familiar "param" method

libmojo-jwt-perl/stable 1.01-1 all
  JSON Web Token the Mojo way

libmojolicious-perl/stable 9.39+dfsg-1 all
  simple, yet powerful, Web Application Framework

libmultiverse-core-java/stable 0.7.0-6 all
  Java library implementing Software Transactional Memory (STM)

libnet-smtp-tls-butmaintained-perl/stable 0.24-2 all
  Perl module for providing SMTP client supporting TLS and AUTH

libnet-smtp-tls-perl/stable 0.12-5 all
  Perl SMTP client library supporting TLS and AUTH

libocsipersist-lib-ocaml/stable 2.0.0-1+b10 arm64
  persistent key/value storage for Ocsigen (support library) (runtime)

libocsipersist-lib-ocaml-dev/stable 2.0.0-1+b10 arm64
  persistent key/value storage for Ocsigen (support library) (dev)

libparpack2-dev/stable 3.9.1-6 arm64
  Parallel subroutines to solve large scale eigenvalue problems (development)

libparpack2t64/stable 3.9.1-6 arm64
  Parallel subroutines to solve large scale eigenvalue problems

libparse-method-signatures-perl/stable 1.003019-2 all
  Perl module to parse Perl6-like method signatures

libpegex-perl/stable 0.75-2 all
  Acmeist PEG Parser Framework

libpolylib64-8t64/stable 5.22.5-4.2+dfsg+b1 arm64
  Polyhedral library - long int version

libpolylib64-dev/stable 5.22.5-4.2+dfsg+b1 arm64
  Development files for the long int version of PolyLib

libprotocol-irc-perl/stable 0.13-2 all
  IRC protocol handling

libpystring-dev/stable 1.1.4-2 arm64
  collection of C++ functions for Python's string class methods - development

libpystring0/stable 1.1.4-2 arm64
  collection of C++ functions for Python's string class methods - runtime

libqcheck-lin-ocaml-dev/stable 0.7-3+b2 arm64
  QCheck module testing sequential consistency

librte-bus-auxiliary25/stable 24.11.4-0+deb13u1 arm64
  Data Plane Development Kit (librte-bus-auxiliary runtime library)

librtf-writer-perl/stable 1.11-5 all
  module for creating RTF files

librust-prometheus-client-derive-encode-dev/stable 0.4.1-1+b3 arm64
  Auxiliary crate to derive Encode trait from prometheus-client - Rust source code

librygel-core-2.8-0/stable 0.44.2-1 arm64
  GNOME UPnP/DLNA services - core library

librygel-db-2.8-0/stable 0.44.2-1 arm64
  GNOME UPnP/DLNA services - db library

librygel-renderer-2.8-0/stable 0.44.2-1 arm64
  GNOME UPnP/DLNA services - renderer library

librygel-renderer-gst-2.8-0/stable 0.44.2-1 arm64
  GNOME UPnP/DLNA services - renderer library

librygel-ruih-2.8-0/stable 0.44.2-1 arm64
  GNOME UPnP/DLNA services - ruih library

librygel-server-2.8-0/stable 0.44.2-1 arm64
  GNOME UPnP/DLNA services - server library

libsdo-api-java/stable 1.1.1-2 all
  Service Data Objects 2.1 Java API spec

libsdo-api-java-doc/stable 1.1.1-2 all
  Documentation for libsdo-api-java

libsundials-sunlinsol5/stable 7.1.1+dfsg1-10 arm64
  differential equation solver (SUNDIALS library)

libsundials-sunmatrix5/stable 7.1.1+dfsg1-10 arm64
  differential equation solver (SUNDIALS library)

libsyntax-keyword-try-perl/stable 0.30-1+b1 arm64
  try/catch/finally syntax for perl

libtablelayout-java/stable 20090826-5 all
  Java layout manager for creating user interfaces fast and easy

libtcl-chiark-1/stable 1.3.7 arm64
  Tcl interfaces for adns, cdb, crypto, etc.

libtcl8.6/stable,now 8.6.16+dfsg-1 arm64 [installed,automatic]
  Tcl (the Tool Command Language) v8.6 - run-time library files

libtcl9.0/stable 9.0.1+dfsg-2 arm64
  Tcl (the Tool Command Language) v9.0 - run-time library files

libtemplate-tiny-perl/stable 1.14-2 all
  lightweight implementation of Template Toolkit

libtext-header-perl/stable 1.03+pristine-2 all
  RFC 822/2068 header and unheader functions

libtie-ixhash-perl/stable,now 1.23-4 all [installed,automatic]
  Perl module to order associative arrays

libunix-syslog-perl/stable 1.1-4+b4 arm64
  Perl interface to the UNIX syslog(3) calls

libur-perl/stable 0.470+ds-3 all
  object/relation mapper library

libwcstools-dev/stable 3.9.7-1.1+b1 arm64
  Handle the WCS of a FITS image (development files)

libwcstools1t64/stable 3.9.7-1.1+b1 arm64
  Handle the WCS of a FITS image (shared library)

libxml-feedpp-mediarss-perl/stable 0.02-2.1 all
  Perl module providing Media RSS support for XML::FeedPP

libxml-sax-perl/stable 1.02+dfsg-4 all
  Perl module for using and building Perl SAX2 XML processors

libxom-java/stable 1.3.9-1 all
  New XML object model for Java

libxom-java-doc/stable 1.3.9-1 all
  Documentation for the libxom-java package

libxrt-dev/stable 202210.2.13.466+dfsg-8.2 arm64
  Xilinx Runtime (XRT) - development files

libxrt-utils/stable 202210.2.13.466+dfsg-8.2 arm64
  Xilinx Runtime (XRT) - runtime -- utilities

libxrt1/stable 202210.2.13.466+dfsg-8.2 arm64
  Xilinx Runtime (XRT) - runtime libraries

lifeograph/stable 3.0.1-1 arm64
  Private digital diary

lua-cliargs/stable 3.0.2-1 all
  command-line argument parsing module for Lua

lzma/stable 24.08+dfsg-2 arm64
  Compression and decompression in the LZMA format - command line utility

mailfilter/stable 0.8.9-1+b3 arm64
  Program that filters your incoming e-mail to help remove spam

mariadb-client-compat/stable 1:11.8.6-0+deb13u1 all
  MySQL compatibility links to mariadb-client binaries/scripts

mariadb-server-compat/stable 1:11.8.6-0+deb13u1 all
  MySQL compatibility links to mariadb-server binaries/scripts

mediawiki2latex/stable 8.28-1 arm64
  Loads pages from MediaWiki and converts to LaTeX and PDF

mgmt/stable 0.0.26.git.2024.10.25.85e1d6c0e8-4 arm64
  next generation config management

miniupnpc/stable 2.2.8-2+b2 arm64
  UPnP IGD client lightweight library client

mp4h/stable 1.3.1-17.2 arm64
  Macro processor for HTML documents

msort/stable 8.53-2.3+b3 arm64
  utility for sorting records in complex ways

msort-gui/stable 8.53-2.3 all
  tcl/tk gui for msort utility

neuron/stable 8.2.6-1 arm64
  Simulation environment for computational models of neurons

ngspice-dev/stable 44.2+ds-1 arm64
  Spice circuit simulator - development files for ngspice and tclspice

nn/stable 6.7.3-16 arm64
  Heavy-duty USENET news reader (curses-based client)

node-d3-array/stable 3.2.0+~cs5.0.6-2 all
  Array manipulation, ordering, searching, summarizing, etc

node-d3-time/stable 1.1.0+~1.1.1-1 all
  calculator for humanity’s peculiar conventions of time

node-https-proxy-agent/stable 7.0.4~0~2024040606-6+deb13u1 all
  HTTP(s) proxy http.Agent implementation for HTTPS

node-set-getter/stable 0.1.1-1 all
  Create nested getter properties and any intermediary dot notation

node-set-value/stable 4.1.0+~4.0.1-2 all
  create nested values and any intermediaries using dot notation

node-shelljs/stable 0.8.5+~cs0.8.10-2 all
  Portable Unix shell commands for Node.js

node-thenify/stable 3.3.1-3 all
  Promisify a callback-based function

node-thenify-all/stable 1.6.0-3 all
  Promisifies all the selected functions in an object

nvtop/stable 3.2.0-1 arm64
  Neat Videocard TOP

nx-x11proto-core-dev/stable 2:3.5.99.27-2 arm64
  nx-X11 core wire protocol and auxiliary headers

openttd-data/stable 14.1-1 all
  common data files for the OpenTTD game

oras/stable 1.2.0-1+b8 arm64
  OCI registry cli tool managing content like artifacts, images, packages

pajeng/stable 1.3.7-1 arm64
  space-time view and associated tools for Paje trace files

pd-jmmmp/stable 0.61-2 all
  collection of Pd GUI objects for musical performance

phpunit/stable 11.5.19-1+deb13u1 all
  Unit testing suite for PHP

pico-sdk-source/stable 2.1.1-1 all
  headers and libraries to write programs for RP2040-based devices

pique/stable 1.1-1 all
  software pipeline for performing genome wide association studies

pique-doc/stable 1.1-1 all
  software pipeline for performing genome wide association studies (docs)

pizzly/stable 0.37.3+ds-9+b2 arm64
  Identifies gene fusions in RNA sequencing data

pkcs11-dump/stable 0.3.4-1.1+b6 arm64
  Dump PKCS#11 token content

pkexec/stable 126-2 arm64
  run commands as another user with polkit authorization

pmw/stable 1:5.22-1+b1 arm64
  Philip's Music Writer

podman-toolbox/stable 0.0.99.4-2 arm64
  unprivileged development environment using containers

polylib-utils/stable 5.22.5-4.2+dfsg+b1 arm64
  Various tools using libpolylib

postgresql-17-numeral/stable 1.3-7 arm64
  numeral datatypes for PostgreSQL

postgresql-17-pgpcre/stable 0.20190509-8 arm64
  Perl Compatible Regular Expressions (PCRE) extension for PostgreSQL

prank/stable 0.0.170427+dfsg-3+b1 arm64
  Probabilistic Alignment Kit for DNA, codon and amino-acid sequences

proj-data/stable 9.6.0-1 all
  Cartographic projection filter and library (datum package)

prometheus/stable 2.53.3+ds1-2 arm64
  monitoring system and time series database

prometheus-varnish-exporter/stable 1.6.1-3 arm64
  Prometheus exporter for Varnish

pscan-chip-data/stable 1.1-3 all
  auxiliary data for PScan-ChIP

pyp/stable 3.0.9-1 all
  sed/awk-like tool with Python language

python-aioitertools-doc/stable 0.12.0-1 all
  Python itertools, builtins and more for AsyncIO (documentation)

python-billiard-doc/stable 4.2.1-2 all
  Multiprocessing Pool Extensions for Python (Documentation)

python-django-haystack-doc/stable 3.3.0-2 all
  modular search for Django (Documentation)

python-fiat-doc/stable 2019.2.0~git20210419.7d418fa-6 all
  tabulation of finite element function spaces (docs)

python-fisx-common/stable 1.3.2-1 all
  Quantitative X-Ray Fluorescence Analysis Support Library - (Common)

python-flask-restful-doc/stable 0.3.10-5 all
  REST API framework for Flask applications (Documentation)

python-matplotlib-data/stable 3.10.1+dfsg1-4 all
  Python based plotting system (data package)

python-matplotlib-doc/stable 3.10.1+dfsg1-4 all
  Python based plotting system (documentation package)

python-msgspec-doc/stable 0.19.0-2 all
  Fast serialization/validation Python library (Documentation)

python-psycopg-doc/stable 3.2.6-1 all
  PostgreSQL database adapter for Python 3 (documentation package)

python-quart-doc/stable 0.20.0-1 all
  Python ASGI web microframework with the same API as Flask (Documentation)

python3-aioitertools/stable 0.12.0-1 all
  Python itertools, builtins and more for AsyncIO (Python 3)

python3-babelfont/stable 3.0.6~ds-3 all
  Load, examine and save fonts in a variety of formats

python3-basix/stable 0.9.0-2+b2 arm64
  Finite Element Basis Function Definition Runtime Library (Python 3)

python3-bdsf/stable 1.13.0-1 arm64
  Python Blob Detection and Source Finder

python3-billiard/stable 4.2.1-2 all
  Multiprocessing Pool Extensions for Python (Python3 version)

python3-canmatrix/stable 1.2~github-1 all
  Handle CAN (Controller Area Network) database formats

python3-django-haystack/stable 3.3.0-2 all
  modular search for Django (Python version)

python3-docopt-ng/stable 0.9.0-2 all
  command-line argument parser (Python 3)

python3-fiat/stable 2019.2.0~git20210419.7d418fa-6 all
  tabulation of finite element function spaces (Python 3)

python3-filecheck/stable 0.0.24+dfsg-2 all
  Attempt to reimplement LLVM's FileCheck using Python

python3-fiona/stable 1.10.1-2+b3 arm64
  Python 3 API for reading/writing vector geospatial data

python3-fisx/stable 1.3.2-1 arm64
  Quantitative X-Ray Fluorescence Analysis Support Library - (Python 3)

python3-flask-restful/stable 0.3.10-5 all
  REST API framework for Flask applications (Python3 Module)

python3-ironic-inspector/stable 12.4.0-2 all
  discovering hardware properties for OpenStack Ironic

python3-ironic-inspector-client/stable 5.3.0-4 all
  client for Ironic Inspector - Python 3.x

python3-javaobj/stable 0.4.4-1 all
  read and write Java objects serialized by ObjectOutputStream

python3-jsonnet/stable 0.20.0+ds-3.1 arm64
  data templating language (Python)

python3-lazy-object-proxy/stable 1.10.0-4+b1 arm64
  Python 3 fast and thorough lazy object proxy

python3-mako/stable 1.3.9-1 all
  fast and lightweight templating for the Python 3 platform

python3-matplotlib/stable 3.10.1+dfsg1-4 arm64
  Python based plotting system in a style similar to Matlab

python3-matplotlib-venn/stable 1.1.1-1 all
  Python 3 plotting area-proportional two- and three-way Venn diagrams

python3-miniupnpc/stable 2.2.8-2+b2 arm64
  UPnP IGD client lightweight library Python 3 bindings

python3-msgspec/stable 0.19.0-2 arm64
  Fast serialization/validation Python library (Python 3)

python3-netcdf4/stable 1.7.2-1+b5 arm64
  Python 3 interface to the netCDF4 (network Common Data Form) library

python3-nitime/stable 0.11-3 all
  timeseries analysis for neuroscience data (nitime)

python3-packageurl/stable 0.16.0-2 all
  Python library to parse and build "purl" aka. Package URLs

python3-project-generator/stable 0.12.0-2 all
  project generators for various embedded tools (IDE)

python3-psycopg/stable 3.2.6-1 all
  PostgreSQL database adapter for Python 3

python3-psycopg-c/stable 3.2.6-1 arm64
  PostgreSQL database adapter for Python 3 - binary module

python3-psycopg-pool/stable 3.2.6-1 all
  PostgreSQL database adapter for Python 3: connection pool

python3-pudb/stable 2024.1.3-1 all
  full-screen, console-based Python3 debugger

python3-pygeoif/stable 1.4.0-1 all
  basic implementation of the __geo_interface__ (Python 3)

python3-quart/stable 0.20.0-1 all
  Python ASGI web microframework with the same API as Flask

python3-sgp4/stable 2.22-1 arm64
  Track earth satellite TLE orbits using up-to-date 2010 version of sgp4

python3-skorch/stable 1.1.0-1 all
  scikit-learn compatible neural network library that wraps PyTorch

python3-skyfield/stable 1.53+ds-1 all
  Elegant astronomy for Python

python3-sncosmo/stable 2.12.1-1 arm64
  Python library for high-level supervova cosmology analysis

python3-socketio/stable 5.12.1-1 all
  python3 implementation of the Socket.IO realtime client and server

python3-vagrant/stable 1.1.0-2 all
  Python 3 bindings for interacting with Vagrant virtual machines

qabcs/stable 1.0.2-6+b2 arm64
  educational software to learn the alphabet and get familiar with a keyboard

qabcs-data/stable 1.0.2-6 all
  data files for qabcs

qconf/stable 2.5-1+b2 arm64
  nice configure script for qmake-based projects

qmidiarp/stable 0.7.1+ds-1 arm64
  MIDI arpeggiator for ALSA

qml-module-org-kde-i18n-localedata/stable 5.116.0-1 arm64
  Advanced internationalization framework (locale data QML module)

qml6-module-org-kde-i18n-localedata/stable 6.13.0-1 arm64
  Advanced internationalization framework (locale data QML module)

r-base-dev/stable 4.5.0-3 all
  GNU R installation of auxiliary GNU R packages

r-bioc-biobase/stable 2.66.0-2 arm64
  base functions for Bioconductor

r-bioc-biomformat/stable 1.34.0+dfsg-2 all
  GNU R interface package for the BIOM file format

r-bioc-multiassayexperiment/stable 1.32.0+dfsg-2 all
  Software for integrating multi-omics experiments in BioConductor

r-cran-emdbook/stable 1.3.13+ds-1 all
  Support Functions and Data for "Ecological Models and Data"

r-cran-gb2/stable 2.1.1-1 all
  GNU R generalized beta distribution of the second kind

r-cran-rdflib/stable 0.2.9+dfsg-1 all
  GNU R tools to manipulate and query semantic data

r-cran-rsvd/stable 1.0.5-1 all
  Randomized Singular Value Decomposition

r-cran-seuratobject/stable 5.0.2-1 arm64
  GNU R data structures for single cell data

rednotebook/stable 2.39+ds-2 all
  Modern desktop diary and personal journaling tool

reform-firedecor/stable 2023-10-23-8 arm64
  MNT Reform specific window decoration for Wayfire

reposurgeon/stable 4.38-2+b5 arm64
  Tool for editing version-control repository history

resolvconf/stable 1.94 all
  name server information handler

ruby-actionmailer/stable 2:7.2.2.2+dfsg-2~deb13u1 all
  email composition, delivery framework (part of Rails)

ruby-gh/stable 0.21.0-1 all
  multi-layer client for the GitHub API v3

ruby-maven-libs/stable 3.3.9+ds-5 all
  Ruby library that provides access to a Maven installation

ruby-samuel/stable 0.3.3-1.1 all
  automatic logger for HTTP requests in Ruby

rygel/stable 0.44.2-1 arm64
  GNOME UPnP/DLNA services

rygel-2.8-dev/stable 0.44.2-1 arm64
  GNOME UPnP/DLNA services - plugin development files

rygel-gst-launch/stable 0.44.2-1 arm64
  GNOME UPnP/DLNA services - gst-launch plugin

rygel-playbin/stable 0.44.2-1 arm64
  GNOME UPnP/DLNA services - GStreamer Media Renderer plugin

rygel-preferences/stable 0.44.2-1 arm64
  GNOME UPnP/DLNA services - preferences tool

rygel-ruih/stable 0.44.2-1 arm64
  GNOME UPnP/DLNA services - Ruih plugin

rygel-tracker/stable 0.44.2-1 arm64
  GNOME UPnP/DLNA services - TinySPAQRL plugin

s5/stable 1.1.dfsg.2-11 all
  simple HTML-based presentation system

sc/stable 7.16-1.1.2-1 arm64
  Text-based spreadsheet with VI-like keybindings

sc-im/stable 0.8.4+ds-1+b1 arm64
  Text-based spreadsheet calculator with VI-like keybindings

shellia/stable 5.9 all
  shell interactive library

sigma-align/stable 1.1.3-9+b1 arm64
  Simple greedy multiple alignment of non-coding DNA sequences

simple-revision-control/stable 1.41-1 all
  single-file and single-user revision control system

sqlitebrowser/stable 3.13.0-1+b1 arm64
  GUI editor for SQLite databases

syncthingtray/stable 1.7.5-1 arm64
  desktop integration for Syncthing

syncthingtray-kde-plasma/stable 1.7.5-1 arm64
  KDE Plasma Desktop and Dolphin integration for Syncthing

tcl-tclex/stable 1.2a1-20+b1 arm64
  Lexical analyzer generator for Tcl

td2planet/stable 0.3.0-5 all
  Ruby-based server-side blog aggregator

tdiary/stable 5.3.0-2 all
  Metapackages of tDiary

tdiary-contrib/stable 5.3.0-2 all
  Plugins of tDiary to add functionalities

tdiary-core/stable 5.3.0-2 all
  Communication-friendly weblog system

tdiary-mode/stable 5.3.0-2 all
  tDiary editing mode for Emacsen

tdiary-style-gfm/stable 1.2.0-3 all
  GFM Style for tDiary

tdiary-style-rd/stable 0.0.3-5 all
  RD Style for tDiary

tdiary-theme/stable 5.3.0-1 all
  Themes of tDiary to change the design

termshark/stable 2.4.0-2+b8 arm64
  Terminal UI for tshark, inspired by Wireshark

texlive-extra-utils/stable 2024.20250309-2 all
  TeX Live: TeX auxiliary programs

texlive-humanities/stable 2024.20250309-2 all
  TeX Live: Humanities packages

texlive-latex-base/stable 2024.20250309-1 all
  TeX Live: LaTeX fundamental packages

texlive-publishers/stable 2024.20250309-2 all
  TeX Live: Publisher styles, theses, etc.

tiarra/stable 20100212+r39209-9 all
  IRC proxy, stationing, logger and bot program (pirc)

tiarra-conf-el/stable 20100212+r39209-9 all
  edit mode for tiarra.conf

treesheets/stable 1:1.0.2-1.1+b4 arm64
  Data organizer that covers spreadsheets, mind mappers, and small databases

tryton-modules-stock-package-shipping-dpd/stable 7.0.2-1 all
  Tryton application platform - stock package shipping dpd module

tth-common/stable 4.16+ds-2 arm64
  auxiliary software material for TtH and TtM

ulcc/stable 1.0.2-3+b3 arm64
  teaching children by pictures

vifm/stable 0.14-3 arm64
  Flexible vi-like file manager using ncurses

vim-vimwiki/stable 2024.01.24-2 all
  Vim plugin for personal wiki

vspline-dev/stable 1.1.7-1 all
  header-only C++ template library for b-spline processing

wcstools/stable 3.9.7-1.1+b1 arm64
  Handle the WCS of a FITS image

webext-proxy-switcher/stable 0.3.9-1.1 all
  Modify Proxy Settings for your Browser

woof-doom/stable 15.2.0+dfsg-1 arm64
  continuation of the Boom/MBF bloodline of Doom source ports

x11proto-dev/stable 2024.1-1 all
  X11 extension protocols and auxiliary headers

yarsync/stable 0.3.1-1 all
  file sync and backup too

yt-dlp/stable 2025.04.30-1 all
  downloader of videos from YouTube and other sites

zam-plugins/stable 4.2+ds-1+b1 arm64
  Collection of LV2, CLAP, VST3, LADSPA, LINUX-VST and JACK plugins

zmk/stable 0.5.1-2 all
  collection of reusable Makefiles

zmk-doc/stable 0.5.1-2 all
  collection of reusable Makefiles (manual pages)

