
WARNING: apt does not have a stable CLI interface. Use with caution in scripts.

Sorting...
Full Text Search...
arduino/stable 2:1.8.19+dfsg1-3 arm64
  AVR development board IDE from Arduino CC

arduino-core-avr/stable 1.8.7+dfsg-1~deb13u1 all
  Arduino Core for AVR microcontroller

avarice/stable 2.14+svn427-2 arm64
  use GDB with Atmel AVR debuggers

avr-evtd/stable 1.7.7-5+b1 arm64
  AVR watchdog daemon for Linkstation/Kuroboxes

avr-libc/stable 1:2.2.1-1 all
  Standard C library for Atmel AVR development

avra/stable 1.4.2+dfsg-1+b2 arm64
  assembler for Atmel AVR microcontrollers

avrdude/stable,now 7.1+dfsg-3+b3 arm64 [installed]
  software for programming Atmel AVR microcontrollers

avrdude-doc/stable 7.1+dfsg-3 all
  documentation for avrdude

avro-bin/stable 1.12.0-3 arm64
  Apache Avro C utilities (avro-c)

avrp/stable 1.0beta3-8 arm64
  Programmer for Atmel AVR microcontrollers

binutils-avr/stable,now 2.43.50.20250108-1 arm64 [installed,automatic]
  Binary utilities supporting Atmel's AVR targets

flashrom/stable 1.4.0-3 arm64
  Identify, read, write, erase, and verify BIOS/ROM/flash chips

gcc-avr/stable,now 1:14.2.0-2 arm64 [installed]
  GNU C compiler (cross compiler for avr)

gdb-avr/stable 15.1-1+b3 arm64
  GNU Debugger for avr

gdb-bpf/stable 16.3-1+2+b1 arm64
  Cross-debugger for the bpf target

golang-github-adam-lavrik-go-imath-dev/stable 0.0~git20210910.265a42a-2 all
  elementary functions for integer arguments (library)

golang-github-linkedin-goavro-dev/stable 2.10.1-1 all
  library that encodes and decodes Avro data

ibus-avro/stable 1.2+git20230914-1 all
  IBus engine for Avro Phonetic

libavro-compiler-java/stable 1.8.2-1 all
  Apache Avro compiler for Java

libavro-dev/stable 1.12.0-3 arm64
  Apache Avro C static library and headers (avro-c)

libavro-java/stable 1.8.2-1 all
  Apache Avro data serialization system

libavro-maven-plugin-java/stable 1.8.2-1 all
  Apache Avro Maven plugin

libavro24/stable 1.12.0-3 arm64
  Apache Avro C shared library (avro-c)

libgringotts-dev/stable 1:1.2.1-16+b3 arm64
  development files for the gringotts data encapsulation library

libgringotts2/stable 1:1.2.1-16+b3 arm64
  gringotts data encapsulation and encryption library

libjsmn-dev/stable 1.1.0-2 all
  header-only JSON library

libsimavr-dev/stable 1.6+dfsg-3+b3 arm64
  AVR simulator development library

libsimavr-examples/stable 1.6+dfsg-3 all
  AVR simulator development examples

libsimavr2/stable 1.6+dfsg-3+b3 arm64
  AVR simulator shared library

libsimavrparts1/stable 1.6+dfsg-3+b3 arm64
  AVR simulator additional peripherals shared library

libvavr0-java/stable 0.10.3-2 all
  object-functional language extension for Java

lomiri-keyboard-bengali-avro/stable 1.0.3-1 arm64
  Lomiri on-screen keyboard data files - Bengali Avro Phonetic

pacpl/stable 6.1.3-1 all
  multi-purpose audio converter/ripper/tagger script

picolibc-aarch64-linux-gnu/stable 1.8.10-2 all
  Smaller embedded C library for 64-bit ARM development

picolibc-arm-none-eabi/stable 1.8.10-2 all
  Smaller embedded C library for ARM development

picolibc-riscv64-unknown-elf/stable 1.8.10-2 all
  Smaller embedded C library for RISC-V development

picolibc-xtensa-lx106-elf/stable 1.8.10-2 all
  Smaller embedded C library for ESP8266 development

ponyprog/stable 3.1.4+ds-1 arm64
  Serial device programmer

python3-avro/stable 1.12.0+dfsg-1 all
  Apache Avro serialization system (Python 3 library)

python3-schema-salad/stable 8.9.20250408123006-1 arm64
  Schema Annotations for Linked Avro Data (SALAD)

qemu-system-misc/stable 1:10.0.11+ds-0+deb13u1 arm64
  QEMU full system emulation binaries (miscellaneous)

r-bioc-savr/stable 1.37.0-6 all
  GNU R parse and analyze Illumina SAV files

simavr/stable 1.6+dfsg-3+b3 arm64
  lean and mean AVR simulator

simulavr/stable 1.0.0+git20160221.e53413b-3+b1 arm64
  Atmel AVR simulator

texlive-latex-extra/stable 2024.20250309-2 all
  TeX Live: LaTeX additional packages

tran/stable 5-3 all
  transcribe between character scripts (alphabets)

uisp/stable 20050207-4.5+b2 arm64
  Micro In-System Programmer for Atmel's AVR MCUs

xc3sprog/stable 0+svn795+dfsg-4 arm64
  JTAG flashing tool for FPGAs, CPLDs and EEPROMs

