
WARNING: apt does not have a stable CLI interface. Use with caution in scripts.

Sorting...
Full Text Search...
aewan/stable 1.0.01-6 arm64
  ASCII-art Editor Without A Name

arpwatch/stable 2.1a15-9 arm64
  Ethernet/FDDI station activity monitor

dfu-programmer/stable,now 0.6.1-1+b3 arm64 [installed]
  device firmware update (DFU) based USB programmer for Atmel chips

edu-sync/stable 0.3.0-1+b1 arm64
  Moodle synchronization utility

flip/stable 1.20-5+b1 arm64
  convert text file line endings between Unix and DOS formats

fonts-aenigma/stable 0.0.20080511+dfsg-5 all
  465 free TrueType fonts by Brian Kent

gifsicle/stable 1.96-1 arm64
  Tool for manipulating GIF images

glogic/stable 2.6-7 all
  graphical logic circuit simulator

golang-github-bits-and-blooms-bitset-dev/stable 1.13.0-1 all
  implementation of bitsets

golang-github-cloudflare-tableflip-dev/stable 1.2.1~git20200514.4baec98-4 all
  Graceful process restarts in Go (library)

golang-github-disintegration-imaging-dev/stable 1.6.2-3 all
  Simple Go image processing package

gwama/stable 2.2.2+dfsg-6 arm64
  Genome-Wide Association Meta Analysis

gwenview/stable 4:25.04.3-1 arm64
  image viewer by KDE

gwenview-doc/stable 4:25.04.3-1 all
  documentation for Gwenview

iagno/stable 1:3.38.1-4 arm64
  popular Othello game for GNOME

imagemagick/stable 8:7.1.1.43+dfsg1-1+deb13u10 arm64
  image manipulation programs -- binaries

imagemagick-7.q16/stable 8:7.1.1.43+dfsg1-1+deb13u10 arm64
  image manipulation programs -- quantum depth Q16

imagemagick-7.q16hdri/stable 8:7.1.1.43+dfsg1-1+deb13u10 arm64
  image manipulation programs -- quantum depth Q16HDRI

ivtools-bin/stable 2.0.11d.a1-3+b4 arm64
  Drawing Editors evolved from idraw

konq-plugins/stable 4:25.04.0-1 arm64
  plugins for Konqueror, the KDE file/web/document browser

kreversi/stable 4:25.04.2-1 arm64
  reversi board game

libafterimage-dev/stable 2.2.12-18 arm64
  imaging library designed for AfterStep - development files

libafterimage0t64/stable 2.2.12-18 arm64
  imaging library designed for AfterStep - runtime files

libtaint-util-perl/stable 0.08-4+b4 arm64
  Perl module to manipulate the Perl internal taint flag

mirage/stable 0.11.2-1.1 arm64
  fast and simple GTK+ image viewer

patchutils/stable 0.4.2-1+b1 arm64
  Utilities to work with patches

phlipple/stable 0.8.5-5.1+b2 arm64
  reduce 3D shapes to a single square

phlipple-data/stable 0.8.5-5.1 all
  reduce 3D shapes to a single square - game data

phototonic/stable 2.1-4+b1 arm64
  image viewer and organizer

pidgin-plugin-pack/stable 2.8.0-1+b2 arm64
  Collection of Pidgin plugins

python-django-waffle-doc/stable 4.2.0-1 all
  feature flipper for Django (Documentation)

python-sushy-cli-doc/stable 0.4.0-4 all
  Redfish CLI tool based on sushy Redfish client library - doc

python3-django-waffle/stable 4.2.0-1 all
  feature flipper for Django (Python3 version)

python3-pil/stable,now 11.1.0-5+deb13u4 arm64 [installed,automatic]
  Python Imaging Library (Python3)

python3-pythonmagick/stable 0.9.19-11.1 arm64
  Object-oriented Python 3 interface to ImageMagick

python3-sushy-cli/stable 0.4.0-4 all
  Redfish CLI tool based on sushy Redfish client library - Python 3.x

qflipper/stable 1.3.3-2 arm64
  Flipper Zero firmware updater

qiv/stable 3.0.1-2+deb13u1 arm64
  Quick image viewer for X

r-cran-magick/stable 2.8.5+dfsg-1+b1 arm64
  advanced graphics and image-processing in GNU R

rav1e/stable 0.7.1-9+b2 arm64
  Fastest and safest AV1 encoder - command line encoder

ruby-flipper/stable 0.26.2-2 all
  Feature flipper for ANYTHING

sgt-puzzles/stable 20230410.71cf891-2+b2 arm64
  Simon Tatham's Portable Puzzle Collection - 1-player puzzle games

shotwell/stable 0.32.10-1 arm64
  digital photo organizer

shotwell-common/stable 0.32.10-1 all
  digital photo organizer - common files

squishyball/stable 0.1~svn19085-7+b2 arm64
  audio sample comparison testing tool

stiff/stable 2.4.0-7+b2 arm64
  convert scientific FITS images to the TIFF format

texlive-latex-extra/stable 2024.20250309-2 all
  TeX Live: LaTeX additional packages

ufo-filters/stable 0.17.0.76.g691aa0e+dfsg1-2 arm64
  Set of plugins for ufo-core - runtime

usb-modeswitch/stable 2.6.1-4+b2 arm64
  mode switching tool for controlling "flip flop" USB devices

viewnior/stable 1.8-5+b2 arm64
  simple, fast and elegant image viewer

ximtool/stable 2.2+dfsg-1 arm64
  Interactive image display program for the X Window System

xscreensaver-gl/stable 6.09+dfsg1-1 arm64
  GL(Mesa) screen saver modules for screensaver frontends

xscreensaver-gl-extra/stable 6.09+dfsg1-1 arm64
  Extra GL(Mesa) screen saver modules for screensaver frontends

yt-dlp/stable 2025.04.30-1 all
  downloader of videos from YouTube and other sites

