
WARNING: apt does not have a stable CLI interface. Use with caution in scripts.

Sorting...
Full Text Search...
ardour/stable 1:8.12.0+ds-1 arm64
  the digital audio workstation

cif-tools/stable 1.0.12-4 arm64
  Suite of tools to manipulate, validate and query mmCIF files

density-fitness/stable 1.1.3-1 arm64
  Calculates per-residue electron density scores

dssp/stable 4.4.10-1+b1 arm64
  protein secondary structure assignment based on 3D structure

f2fs-tools/stable 1.16.0-1.1+b1 arm64
  Tools for Flash-Friendly File System

fonts-mmcedar/stable 20101113a-5.1 all
  MMCedar - combined Motoya L Cedar and M+fonts

fuse-emulator-gtk/stable 1.6.0+dfsg1-2+b2 arm64
  The Free Unix Spectrum Emulator (GTK version)

fuse-emulator-sdl/stable 1.6.0+dfsg1-2+b2 arm64
  The Free Unix Spectrum Emulator (SDL version)

gemmi/stable 0.6.5+ds-3 arm64
  library for structural biology - executable

gemmi-dev/stable 0.6.5+ds-3 arm64
  library for structural biology

golang-github-mmcdole-gofeed-dev/stable 1.1.3-1 all
  Parse RSS and Atom feeds in Go (library)

golang-github-mmcdole-goxpp-dev/stable 0.0~git20200921.2f3784f-2 all
  Go XML Pull Parser

golang-github-mmcloughlin-avo-dev/stable 0.5.0-1 all
  Generate x86 Assembly with Go (library)

golang-lukechampine-blake3-dev/stable 1.3.0-1 all
  Pure-Go implementation of BLAKE3 cryptographic hash

libcbf-dev/stable 0.9.7+dfsg1-5+b1 arm64
  development files for CBFlib

libcdio-utils/stable 2.2.0-4.1~deb13u1 arm64
  sample applications based on the CDIO libraries

libcifpp-data/stable 7.0.9-1 all
  Data files for libcifpp

libcifpp-dev/stable 7.0.9-1 arm64
  Documentation for libcifpp

libcifpp-doc/stable 7.0.9-1 all
  Development files for libcifpp

libcifpp7/stable 7.0.9-1 arm64
  Library files for libcifpp

libf2fs-dev/stable 1.16.0-1.1+b1 arm64
  Core library for Flash-Friendly File System - Development files

libf2fs-format-dev/stable 1.16.0-1.1+b1 arm64
  Format library for Flash-Friendly File System - Development files

libmmdb2-0/stable 2.0.22-1+b2 arm64
  macromolecular coordinate library - runtime

libmmdb2-dev/stable 2.0.22-1+b2 arm64
  macromolecular coordinate library - development files

librcsb-core-wrapper-doc/stable 1.005-13 all
  documentation for librcsb-core-wrapper0t64

librcsb-core-wrapper0-dev/stable 1.005-13+b1 arm64
  development files for librcsb-core-wrapper0t64

librcsb-core-wrapper0t64/stable 1.005-13+b1 arm64
  C++ library providing OO API to information in mmCIF format

libswupdate-dev/stable 2024.12.1+dfsg-3+deb13u2 arm64
  Development files for swupdate framework

libswupdate0.1/stable 2024.12.1+dfsg-3+deb13u2 arm64
  Library for controlling the swupdate framework

lua-swupdate/stable 2024.12.1+dfsg-3+deb13u2 arm64
  swupdate bindings for the Lua language

mmc-utils/stable 0+git20240329.f757f413-1+b1 arm64
  Userspace tools for MMC/SD devices

muse/stable 4.2.1-1+b4 arm64
  Qt-based audio/MIDI sequencer

python-pdbx-doc/stable 2.0.1-2 all
  utilities for PDBx/mmCIF storage model (common documentation)

python3-corepywrap/stable 1.005-13+b1 arm64
  library that exports C++ mmCIF accessors to Python3

python3-crccheck/stable 1.3.0-1 all
  implementation of 170+ CRC algorithms for Python 3

python3-gemmi/stable 0.6.5+ds-3 arm64
  library for structural biology - Python module

python3-pdbx/stable 2.0.1-2 all
  utilities for PDBx/mmCIF storage model (Python 3)

r-cran-alakazam/stable 1.3.0-1+b1 arm64
  Immunoglobulin Clonal Lineage and Diversity Analysis

r-cran-shazam/stable 1.2.0-1 all
  Immunoglobulin Somatic Hypermutation Analysis

rasmol/stable 2.7.6.0-4 arm64
  visualization of biological macromolecules

selinux-policy-default/stable 2:2.20250213-10 all
  Strict and Targeted variants of the SELinux policy

swupdate/stable 2024.12.1+dfsg-3+deb13u2 arm64
  Software update framework for embedded systems

swupdate-doc/stable 2024.12.1+dfsg-3+deb13u2 all
  Documentation for swupdate framework

swupdate-www/stable 2024.12.1+dfsg-3+deb13u2 all
  Web Application for swupdate

u-boot-sunxi/stable 2025.01-3 arm64
  A boot loader for sunxi systems

udfclient/stable 0.8.11-2+b1 arm64
  userland implementation of the UDF filesystem

uuu/stable 1.5.201-1+b1 arm64
  Freescale/NXP I.MX Chip image deploy tools

