
WARNING: apt does not have a stable CLI interface. Use with caution in scripts.

Sorting...
Full Text Search...
crispy-doom/stable 7.0-1 arm64
  Limit-raising medium-resolution Doom engine based on Chocolate Doom

libploticus0/stable 2.42-8 arm64
  script driven business graphics library

libploticus0-dev/stable 2.42-8 arm64
  Development files for the ploticus library

mate-indicator-applet/stable 1.26.0-1+b2 arm64
  MATE panel indicator applet

mate-indicator-applet-common/stable 1.26.0-1 all
  MATE panel indicator applet (common files)

pilercr/stable 1.06+dfsg-5+b1 arm64
  software for finding CRISPR repeats

ploticus/stable 2.42-8 arm64
  script driven business graphics package

python-django-crispy-forms-doc/stable 2.4-1 all
  app for Django providing elegant form rendering (Documentation)

python-django-crispy-forms-foundation-doc/stable 1.0.2+ds-1 all
  Django-crispy-forms layout objects for Foundation for sites (Documentation)

python3-crispy-bootstrap3/stable 2024.1-1 all
  Bootstrap3 template pack for django-crispy-forms (Python3 version)

python3-crispy-bootstrap4/stable 2024.10-1 all
  Bootstrap 4 template pack for django-crispy-forms (Python3 version)

python3-crispy-bootstrap5/stable 2024.2-1 all
  Bootstrap5 template pack for django-crispy-forms (Python3 version)

python3-django-crispy-forms/stable 2.4-1 all
  app for Django providing elegant form rendering (Python3 version)

python3-django-crispy-forms-foundation/stable 1.0.2+ds-1 all
  Django-crispy-forms layout objects for Foundation for sites (Python3 version)

r-cran-admisc/stable 0.37-1 arm64
  Adrian Dusa's Miscellaneous GNU R functions

