
WARNING: apt does not have a stable CLI interface. Use with caution in scripts.

Sorting...
Full Text Search...
condor-kbdd/stable 23.9.6+dfsg-2.1+b9 arm64
  distributed workload management system - single node configuration

console-data/stable 2:1.12-9 all
  keymaps, fonts, charset maps, fallback tables for 'kbd'.

dico-module-greek-kbd/stable 2.12-3 arm64
  RFC 2229 compliant modular dictionary server (Greek transliteration module)

fcitx5-config-qt/stable 5.1.8-1 arm64
  configuration tool for Fcitx5 (Qt version)

gir1.2-gkbd-3.0/stable 3.28.1-2 arm64
  GObject introspection data for the GnomeKbd library

gir1.2-matekbd-1.0/stable 1.26.1-1+b2 arm64
  GObject introspection data for libmatekbd and libmatekbdui

gkbd-capplet/stable 3.28.1-2 arm64
  GNOME control center tools for libgnomekbd

kbd/stable 2.7.1-2 arm64
  Linux console font and keytable utilities

kbdd/stable 0.6-4+b2 arm64
  Per-window keyboard layout switching daemon for X

libgnomekbd-common/stable 3.28.1-2 all
  GNOME library to manage keyboard configuration - common files

libgnomekbd-dev/stable 3.28.1-2 arm64
  GNOME library to manage keyboard configuration - development files

libgnomekbd8/stable 3.28.1-2 arm64
  GNOME library to manage keyboard configuration - shared library

libmatekbd-common/stable 1.26.1-1 all
  MATE library to manage keyboard configuration (common files)

libmatekbd-dev/stable 1.26.1-1+b2 arm64
  MATE library to manage keyboard configuration (development files)

libmatekbd4/stable 1.26.1-1+b2 arm64
  MATE library to manage keyboard configuration

matekbd-keyboard-display/stable 23.11.1-1+b3 arm64
  Display keyboard layouts in MATE

olpc-kbdshim/stable 27-3+b1 arm64
  OLPC XO keyboard support daemon

python3-smartypants/stable 2.0.0-4 all
  smart-quotes plugin for pyblosxom (Python 3 version)

swaykbdd/stable 1.1-1+b1 arm64
  Per-window keyboard layout switching daemon for Sway

wvkbd/stable 0.15-1 arm64
  on-screen keyboard for wlroots that sucks less

xserver-xorg-input-kbd/stable 1:1.9.0-1+b4 arm64
  X.Org X server -- keyboard input driver

xvkbd/stable 4.1-3+b1 arm64
  software virtual keyboard for X11

ylva/stable 1.7-2+b3 arm64
  command line password manager

