
WARNING: apt does not have a stable CLI interface. Use with caution in scripts.

Sorting...
Full Text Search...
csh/stable 20240808-2 arm64
  Shell with C-like syntax

cwm/stable 7.1-1+b1 arm64
  lightweight and efficient window manager for X11

drogon/stable 1.9.0+ds-1+b1 arm64
  C++14/17-based HTTP application framework

forensics-extra/stable 2.58 all
  Forensics Environment - extra console components (metapackage)

fwanalog/stable 0.6.9-11 all
  firewall log-file report generator (using analog)

golang-github-riywo-loginshell-dev/stable 0.0~git20190610.2ed199a-3 all
  Golang library to get the login shell of the current user

golang-github-tklauser-go-sysconf-dev/stable 0.3.11-1 all
  sysconf for Go, without using cgo (library)

golang-github-tklauser-numcpus-dev/stable 0.3.0-2 all
  Go module to get the number of CPUs (library)

gxemul/stable 0.7.0+dfsg-2 arm64
  machine emulator for multiple architectures

hashcat/stable 6.2.6+ds2-1+b1 arm64
  World's fastest and most advanced password recovery utility

hibiscus/stable 2.10.24+dfsg-1 all
  Java online banking client using the HBCI standard

hibiscus-doc/stable 2.10.24+dfsg-1 all
  Java online banking client using the HBCI standard - documentation package

ht/stable 2.1.0+repack1-5+b1 arm64
  Viewer/editor/analyser (mostly) for executables

libcrypt-eksblowfish-perl/stable 0.009-3+b4 arm64
  Perl module implementing the Eksblowfish block cipher

libdrogon-dev/stable 1.9.0+ds-1+b1 arm64
  C++14/17-based HTTP application framework development files

libdrogon1t64/stable 1.9.0+ds-1+b1 arm64
  C++14/17-based HTTP application framework library files

libite-dev/stable 2.6.1-1 arm64
  static library, header files, and docs for libite

libite5t64/stable 2.6.1-1 arm64
  That missing frog DNA you've been looking for

libjbcrypt-java/stable 0.4-3 all
  Java implementation of OpenBSD's Blowfish hashing

librust-pledge-dev/stable 0.3.1-1+b2 arm64
  Rust binding to OpenBSD's pledge(2) interface - Rust source code

librust-sys-info-dev/stable 0.9.1-7 arm64
  Get system information in Rust - Rust source code

librust-unveil-dev/stable 0.2.0-1+b2 arm64
  Rust binding for OpenBSD's unveil(2) - Rust source code

librust-utmp-classic-raw-dev/stable 0.1.3-1.1 arm64
  Provides raw types for parsing login records in classic utmp (UNIXv1 & OpenBSD) file - Rust source code

libsndio-dev/stable 1.10.0-0.1 arm64
  Small audio and MIDI framework from OpenBSD, development files

libsndio7.0/stable 1.10.0-0.1 arm64
  Small audio and MIDI framework from OpenBSD, runtime libraries

libtls28t64/stable 3.8.1-2.1+b2 arm64
  libtls shared library

netcat-openbsd/stable 1.229-1 arm64
  TCP/IP swiss army knife

netcat-traditional/stable 1.10-50 arm64
  TCP/IP swiss army knife

node-bcrypt-pbkdf/stable 1.0.2-3 all
  Port of the OpenBSD bcrypt_pbkdf function to pure JS

node-copy-paste/stable 1.5.3-1 all
  access to the system clipboard

nq/stable 1.0-0.2+b1 arm64
  Lightweight queue system

openbgpd/stable 8.8-1 arm64
  OpenBSD BGP daemon

openbsd-inetd/stable 0.20221205-3+b3 arm64
  OpenBSD Internet Superserver

opendoas/stable 6.8.2-1+b1 arm64
  minimal replacement for sudo, with persist support

opengnb/stable 1.6.0.a-2 arm64
  P2P de-centralized layer 3 VPN

openntpd/stable 1:6.2p3-4.2+b3 arm64
  OpenBSD NTP daemon

opensmtpd/stable 7.6.0p1-1 arm64
  secure, reliable, lean, and easy-to configure SMTP server

pimd/stable 2.3.2-4+b2 arm64
  multicast routing daemon (PIMv2)

rpki-client/stable 9.5-1 arm64
  OpenBSD RPKI validator

ruby-bcrypt/stable 3.1.20-1+b2 arm64
  Ruby binding for the bcrypt() password hashing algorithm

ruby-bcrypt-pbkdf/stable 1.1.1-1+b3 arm64
  Ruby library for OpenBSD's bcrypt_pdkfd

signify-openbsd/stable 32-1.1+b1 arm64
  Lightweight cryptographic signing and verifying tool

signify-openbsd-keys/stable 2025.1 all
  Public keys for use with signify-openbsd

sndio-tools/stable 1.10.0-0.1 arm64
  Small audio and MIDI framework from OpenBSD, basic tools

sndiod/stable 1.10.0-0.1 arm64
  Small audio and MIDI framework from OpenBSD, sound server

testdisk/stable 7.2-0.1 arm64
  Partition scanner and disk recovery tool, and PhotoRec file recovery tool

ucarp/stable 1.5.2+git20192404.1a9aaf7-1+b2 arm64
  user-space replacement to VRRP automatic IP fail-over

ufw/stable 0.36.2-9 all
  program for managing a Netfilter firewall

whohas/stable 0.29.1+git20220714.5feb1a4-1 all
  query multiple distributions' package archives

xfce4-taskmanager/stable 1.5.8-1 arm64
  process manager for the Xfce4 Desktop Environment

