
WARNING: apt does not have a stable CLI interface. Use with caution in scripts.

Sorting...
Full Text Search...
a2d/stable 2.0.5-2 all
  APRS to DAPNET portal

a2d-doc/stable 2.0.5-2 all
  Documentation for a2d

adb/stable 1:34.0.5-12 arm64
  Android Debug Bridge

adbd/stable 34.0.5-12 arm64
  Android Debug Bridge daemon

android-libnativebridge/stable 1:14.0.0+r15-4+b1 arm64
  Android native bridge library

armnn-latest-all/stable 23.08-5 arm64
  Arm NN Core and all backends

armnn-latest-cpu/stable 23.08-5 arm64
  Arm NN Core and CPU backend

armnn-latest-cpu-gpu/stable 23.08-5 arm64
  Arm NN Core, CPU and GPU backends

armnn-latest-cpu-gpu-ref/stable 23.08-5 arm64
  Arm NN Core, CPU, GPU, and Reference backends

armnn-latest-gpu/stable 23.08-5 arm64
  Arm NN Core and GPU backend

armnn-latest-ref/stable 23.08-5 arm64
  Arm NN Core and Reference backend

autodock-getdata/stable 4.2.6-9 all
  instructions for getData to collect compounds

boinc-screensaver/stable 8.0.4+dfsg-1 arm64
  screen saver auto-controlling volunteer computing

br2684ctl/stable 1:2.5.1-7 arm64
  Utility for configuring RFC 2684 ATM/Ethernet bridging

breathe-doc/stable 4.35.0-3 all
  Sphinx autodox support for languages with doxygen support (documentation)

bridge-utils/stable 1.7.1-4 arm64
  Utilities for configuring the Linux Ethernet bridge

cfortran/stable 20210827-1.1 all
  Header file permitting Fortran routines to be called in C/C++

chromium-driver/stable 150.0.7871.100-1~deb13u1 arm64
  web browser - WebDriver support

cockpit-bridge/stable 337-1+deb13u1 all
  Cockpit bridge server-side component

collectd-core/stable 5.12.0-26 arm64
  statistics collection and monitoring daemon (core system)

contactsd/stable 1.4.15-1 arm64
  Telepathy - QtContacts bridge for contacts

containernetworking-plugins/stable 1.1.1+ds1-3+b17 arm64
  standard networking plugins - binaries

cros-garcon/stable,now 0.32 all [installed]
  Chromium OS Garcon Bridge

cros-notificationd/stable 0.3 all
  Chromium OS Notification Bridge

cxxbridge-cmd/stable 1.0.141-1+b1 arm64
  C++ code generator for cxx

deal/stable 3.1.9-13+b2 arm64
  bridge hand generator

dealer/stable 20211121+ds-3 arm64
  bridge hand generator

dict-gcide/stable 0.48.5+nmu4 all
  Comprehensive English Dictionary

disulfinder/stable 1.2.11-12+b1 arm64
  cysteines disulfide bonding state and connectivity predictor

dsmidiwifi/stable 2+b3 arm64
  DSMI over WLAN server

ebtables/stable 2.0.11-6+b2 arm64
  Ethernet bridge frame table administration

fastjet-doc/stable 3.4.0+dfsg-1 all
  Documentation of FastJet

fastjet-examples/stable 3.4.0+dfsg-1 all
  Example source files of FastJet

ffado-tools/stable 2.4.9-2 arm64
  FFADO debugging and firmware tools

firewall-applet/stable 2.3.1-1+deb13u1 all
  panel applet providing status information of firewalld

firewall-config/stable 2.3.1-1+deb13u1 all
  graphical configuration tool to change the firewall settings

firewalld/stable 2.3.1-1+deb13u1 all
  dynamically managed firewall with support for network zones

firewalld-tests/stable 2.3.1-1+deb13u1 all
  installed tests for firewalld

fonts-gfs-porson/stable 1.1-7 all
  Greek font (Porson revival)

fonts-joscelyn/stable 1.012+ds-4 all
  authentic secretary hand font

fonts-yanone-kaffeesatz/stable 2.0+git20211102+ds-2 all
  Font in six weights, reminiscent of 1920s coffee house typography

git-remote-hg/stable 1.0.4~ds-3 all
  bidirectional bridge between Git and Mercurial

golang-github-containernetworking-plugins-dev/stable 1.1.1+ds1-3 all
  standard networking plugins - sources

golang-github-henrybear327-proton-api-bridge-dev/stable 1.0.0-3 all
  third-party, open-source Proton API bridge (library)

golang-robustirc-bridge-dev/stable 1.8-2 all
  Go packages to connect to RobustIRC

golang-snowflake-dev/stable 2.5.1-1 all
  WebRTC pluggable transport for Tor (library)

gsalliere/stable 0.10-3.1 all
  Bridge duplicate scorer (GUI frontend)

hvcc/stable 0.13.3-2 all
  heavy dataflow audio programming language transpiler

ifupdown-ng/stable 0.12.1-7 arm64
  network interface configuration tool

ifupdown-ng-compat/stable 0.12.1-7 all
  network interface configuration tool -- ifupdown compat

ignition/stable 2.14.0+ds1-1+b19 arm64
  First boot installer and configuration tool

irssi-scripts/stable 20231031 all
  collection of scripts for irssi

jmeters/stable 0.4.5-1+b2 arm64
  multichannel audio level meter

jsamp/stable 1.3.9-1 all
  Java Simple Application Messaging Protocol tool for VO

kdepim-runtime/stable 4:24.12.3-1 arm64
  runtime components for Akonadi KDE

kross/stable 5.116.0-1 arm64
  Multi-language application scripting.

kross-dev/stable 5.116.0-1 arm64
  development files for kross

lcdf-typetools/stable 2.110-1+b1 arm64
  tools for OpenType, multiple-master, and Type 1 fonts

libapache-qpid-proton-j-java/stable 0.34.0-2 all
  Apache Qpid Proton-J

libapache-qpid-proton-j-java-doc/stable 0.34.0-2 all
  Apache Qpid Proton-J - documentation

libapache-session-memcached-perl/stable 0.03-3 all
  Perl module for storing persistent data using memcached

libarmnn-cpuacc-backend33/stable 23.08-5 arm64
  Arm NN dynamically loadable Neon backend

libarmnn-cpuref-backend33/stable 23.08-5 arm64
  Arm NN dynamically loadable Reference backend

libarmnn-dev/stable 23.08-5 arm64
  Inference engine for CPUs, GPUs and NPUs - header files

libarmnn-gpuacc-backend33/stable 23.08-5 arm64
  Arm NN dynamically loadable CL backend

libarmnn33t64/stable 23.08-5 arm64
  Inference engine for CPUs, GPUs and NPUs - shared library

libarmnnaclcommon33t64/stable 23.08-5 arm64
  Arm NN shared library for Arm Compute Library backends

libarmnntfliteparser-dev/stable 23.08-5 arm64
  Arm NN TensorFlow Lite parser library - header files

libarmnntfliteparser24t64/stable 23.08-5 arm64
  Arm NN TensorFlow Lite parser library

libatk-adaptor/stable 2.56.2-1+deb13u1 arm64
  AT-SPI 2 toolkit bridge

libatk-bridge2.0-0t64/stable,now 2.56.2-1+deb13u1 arm64 [installed,automatic]
  AT-SPI 2 toolkit bridge - shared library

libatk-bridge2.0-dev/stable 2.56.2-1+deb13u1 arm64
  Development files for the AT-SPI 2 toolkit bridge

libatk-wrapper-java/stable 0.40.0-3 all
  ATK implementation for Java using JNI

libatk-wrapper-java-jni/stable 0.40.0-3+b3 arm64
  ATK implementation for Java using JNI (JNI bindings)

libcallstats-java/stable 5.2.0-3 all
  library to integrate with callstats.io

libconsole-bridge-dev/stable 1.0.1+dfsg2-3+b2 arm64
  console bridge - development files

libconsole-bridge1.0/stable 1.0.1+dfsg2-3+b2 arm64
  console bridge - library

libcontactsd1/stable 1.4.15-1 arm64
  Telepathy - QtContacts bridge for contacts (plugin shared library)

libcontactsd1-dev/stable 1.4.15-1 arm64
  Telepathy - QtContacts bridge for contacts (development files)

libcppdb-dev/stable 0.3.1+dfsg-9.1+b1 arm64
  SQL Connectivity Library (development files)

libcppdb-mysql0t64/stable 0.3.1+dfsg-9.1+b1 arm64
  SQL Connectivity Library (MySQL backend)

libcppdb-odbc0t64/stable 0.3.1+dfsg-9.1+b1 arm64
  SQL Connectivity Library (odbc backend)

libcppdb-postgresql0t64/stable 0.3.1+dfsg-9.1+b1 arm64
  SQL Connectivity Library (PostgreSQL backend)

libcppdb-sqlite3-0t64/stable 0.3.1+dfsg-9.1+b1 arm64
  SQL Connectivity Library (sqlite3 backend)

libcppdb0t64/stable 0.3.1+dfsg-9.1+b1 arm64
  SQL Connectivity Library (core library)

libcv-bridge-dev/stable 1.16.2+ds-3+b7 arm64
  cv_bridge Robot OS package - development

libcv-bridge2d/stable 1.16.2+ds-3+b7 arm64
  cv_bridge Robot OS package

libdata-serializer-sereal-perl/stable 1.05-3 all
  bridge between Data::Serializer and Sereal

libdbix-class-introspectablem2m-perl/stable 0.001002-2 all
  Introspection of many-to-many DBIx::Class relationships

libdds-dev/stable 2.9.0-10+b2 arm64
  bridge double dummy solver - development

libdds0/stable 2.9.0-10+b2 arm64
  bridge double dummy solver - shared library

libdist-zilla-plugin-podweaver-perl/stable 4.010-1 all
  Dist::Zilla plugin to use Pod::Weaver to generate Pod documentation

libdlpack-dev/stable 1.0-1 arm64
  Open In Memory Tensor Structure

libequinox-http-servletbridge-java/stable 1.2.200+eclipse4.29-2 all
  Eclipse Equinox Servletbridge HTTP Service

libequinox-servletbridge-java/stable 1.6.300+eclipse4.29-2 all
  Eclipse Equinox Servletbridge

libfastjet-dev/stable 3.4.0+dfsg-1+b3 arm64
  Development files of FastJet

libfastjet-fortran-dev/stable 3.4.0+dfsg-1+b3 arm64
  Fortran bindings of FastJet - development files

libfastjet-fortran0/stable 3.4.0+dfsg-1+b3 arm64
  Fortran bindings of FastJet

libfastjet0v5/stable 3.4.0+dfsg-1+b3 arm64
  Fast C++ code for the kt and other jet algorithms

libfastjetplugins-dev/stable 3.4.0+dfsg-1+b3 arm64
  FastJet plugins - development files

libfastjetplugins0/stable 3.4.0+dfsg-1+b3 arm64
  FastJet plugins

libfastjettools-dev/stable 3.4.0+dfsg-1+b3 arm64
  Tools for FastJet - development files

libfastjettools0/stable 3.4.0+dfsg-1+b3 arm64
  Tools for FastJet

libfcgi-bin/stable,now 2.4.5-0.1 arm64 [installed,automatic]
  FastCGI bridge from CGI

libghc-commonmark-pandoc-dev/stable 0.2.2.2-1+b1 arm64
  Bridge between commonmark and pandoc AST

libghc-commonmark-pandoc-doc/stable 0.2.2.2-1 all
  Bridge between commonmark and pandoc AST; documentation

libghc-commonmark-pandoc-prof/stable 0.2.2.2-1+b1 arm64
  Bridge between commonmark and pandoc AST; profiling libraries

libghc-crypton-conduit-dev/stable 0.2.3-2+b1 arm64
  crypton conduit

libghc-crypton-conduit-doc/stable 0.2.3-2 all
  crypton conduit; documentation

libghc-crypton-conduit-prof/stable 0.2.3-2+b1 arm64
  crypton conduit; profiling libraries

libghc-cryptonite-conduit-dev/stable 0.2.2-8+b1 arm64
  cryptonite conduit

libghc-cryptonite-conduit-doc/stable 0.2.2-8 all
  cryptonite conduit; documentation

libghc-cryptonite-conduit-prof/stable 0.2.2-8+b1 arm64
  cryptonite conduit; profiling libraries

libghc-elm-bridge-dev/stable 0.8.4-1 arm64
  Bridge between Haskell and Elm

libghc-elm-bridge-doc/stable 0.8.4-1 all
  Bridge between Haskell and Elm; documentation

libghc-elm-bridge-prof/stable 0.8.4-1 arm64
  Bridge between Haskell and Elm; profiling libraries

libghc-hslua-core-dev/stable 2.3.2-1+b2 arm64
  Lua bindings for Haskell

libghc-hslua-core-doc/stable 2.3.2-1 all
  Lua bindings for Haskell; documentation

libghc-hslua-core-prof/stable 2.3.2-1+b2 arm64
  Lua bindings for Haskell; profiling libraries

libghc-lua-dev/stable 2.3.3+ds1-1+b1 arm64
  Lua bindings for Haskell

libghc-lua-doc/stable 2.3.3+ds1-1 all
  Lua bindings for Haskell; documentation

libghc-lua-prof/stable 2.3.3+ds1-1+b1 arm64
  Lua bindings for Haskell; profiling libraries

libghc-wai-websockets-dev/stable 3.0.1.2-7+b1 arm64
  bridge between WAI and the haskell websockets library

libghc-wai-websockets-doc/stable 3.0.1.2-7 all
  bridge between WAI and the haskell websockets library; documentation

libghc-wai-websockets-prof/stable 3.0.1.2-7+b1 arm64
  bridge between WAI and the haskell websockets library; profiling libraries

libgltf-0.1-1/stable 0.1.0-3+b2 arm64
  Library for rendering glTF models

libgltf-dev/stable 0.1.0-3+b2 arm64
  Library for rendering glTF models -- development

libgoocanvas2-cairotypes-perl/stable 0.001-2+b4 arm64
  bridge between GooCanvas2 and Cairo types

libimage-geometry-dev/stable 1.16.2+ds-3+b7 arm64
  image_geometry Robot OS package - development

libimage-geometry1d/stable 1.16.2+ds-3+b7 arm64
  image_geometry Robot OS package - runtime

libixml11t64/stable 1:1.14.20-1+deb13u1 arm64
  Portable SDK for UPnP Devices (ixml shared library)

libjboss-bridger-java/stable 1.6-1 all
  Java Bridge Method Maker

libjpam-java/stable 0.0~svn33+dfsg-2 all
  bridge between Java and PAM authentication facilities

libjpam-java-doc/stable 0.0~svn33+dfsg-2 all
  bridge between Java and PAM authentication facilities (javadoc)

libjruby-utils-clojure/stable 5.2.0-1 all
  Create and interact with a pool of JRuby instances in Clojure

libjsamp-java/stable 1.3.9-1 all
  Java Simple Application Messaging Protocol library

libjsamp-java-doc/stable 1.3.9-1 all
  Java Simple Application Messaging Protocol library docs

libkf5krosscore5/stable 5.116.0-1 arm64
  Multi-language application scripting.

libkf5krossui5/stable 5.116.0-1 arm64
  Multi-language application scripting.

liblocale-maketext-gettext-perl/stable 1.32-3 all
  Perl module bridging gettext and Maketext localization frameworks

liblrcalc-dev/stable 1.2-2.2 arm64
  library for calculating Littlewood-Richardson coefficients - development files

liblrcalc1t64/stable 1.2-2.2 arm64
  library for calculating Littlewood-Richardson coefficients

libmrpt-ros1bridge-dev/stable 1:2.14.7+ds-1+b3 arm64
  Mobile Robot Programming Toolkit - ros1bridge development package

libmrpt-ros1bridge2.14/stable 1:2.14.7+ds-1+b3 arm64
  Mobile Robot Programming Toolkit - ros1bridge library

libnabrit-dev/stable 0.5.1-3 arm64
  LV2 bridging helper library (development files)

libnabrit3/stable 0.5.1-3 arm64
  LV2 bridging helper library

libnacore-dev/stable 0.5.1-4 arm64
  NASPRO core library (development files)

libnacore-doc/stable 0.5.1-4 all
  NASPRO core library (documentation)

libnacore5/stable 0.5.1-4 arm64
  NASPRO core library

libo2/stable 1.1~ds-5 arm64
  next generation communication protocol for music systems

libo2-dev/stable 1.1~ds-5 arm64
  next generation communication protocol for music systems - development files

libpcl-conversions-dev/stable 1.7.5-2+b2 arm64
  Robot OS library to convert from/to PCL data types

libpcl-ros-dev/stable 1.7.5-2+b2 arm64
  Bridge between Robot OS library (ROS) and PCL - development headers

libpcl-ros-features0t64/stable 1.7.5-2+b2 arm64
  Bridge between Robot OS library (ROS) and PCL - features library

libpcl-ros-filter1t64/stable 1.7.5-2+b2 arm64
  Bridge between Robot OS library (ROS) and PCL - filter library

libpcl-ros-filters0t64/stable 1.7.5-2+b2 arm64
  Bridge between Robot OS library (ROS) and PCL - filters library

libpcl-ros-io0t64/stable 1.7.5-2+b2 arm64
  Bridge between Robot OS library (ROS) and PCL - io library

libpcl-ros-segmentation0t64/stable 1.7.5-2+b2 arm64
  Bridge between Robot OS library (ROS) and PCL - segmentation library

libpcl-ros-surface0t64/stable 1.7.5-2+b2 arm64
  Bridge between Robot OS library (ROS) and PCL - surface library

libpcl-ros-tf1t64/stable 1.7.5-2+b2 arm64
  Bridge between Robot OS library (ROS) and PCL - tf library

libqpid-proton-cpp12/stable 0.37.0-6 arm64
  C++ libraries for Qpid Proton

libqpid-proton-cpp12-dev/stable 0.37.0-6 arm64
  C++ Development libraries for writing messaging apps with Qpid Proton

libqpid-proton-cpp12-dev-doc/stable 0.37.0-6 all
  C++ developer documentation for Qpid Proton

libqpid-proton11/stable 0.37.0-6 arm64
  C libraries for Qpid Proton

libqpid-proton11-dev/stable 0.37.0-6 arm64
  C Development libraries for writing messaging apps with Qpid Proton

libqpid-proton11-dev-doc/stable 0.37.0-6 all
  Developer documentation for Qpid Proton

libqpid-proton11-dev-examples/stable 0.37.0-6 all
  Example applications for writign messaging apps with Qpid Proton

librdf-generator-void-perl/stable 0.16-5 all
  generate VoID descriptions based on data in an RDF model

librosconsole-bridge-dev/stable 0.5.4-5 arm64
  Robot OS library for connecting console logging types - development files

librosconsole-bridge0d/stable 0.5.4-5 arm64
  Robot OS library for connecting console logging types

librtpi-dev/stable 1.0.0-3+b1 arm64
  realtime capable pthread locking primitives (dev)

librtpi1/stable 1.0.0-3+b1 arm64
  realtime capable pthread locking primitives (lib)

librust-cxxbridge-flags-dev/stable 1.0.141-1 arm64
  Compiler configuration of the `cxx` crate (implementation detail) - Rust source code

librust-cxxbridge-macro-dev/stable 1.0.141-1 arm64
  Implementation detail of the `cxx` crate - Rust source code

librust-fmt2io-dev/stable 1.0.0-1 arm64
  Bridge between std::io::Write and std::fmt::Write - Rust source code

librust-forensic-adb-dev/stable 0.8.0-1 arm64
  Client library for the Android Debug Bridge (adb) - Rust source code

librust-pyo3-log-dev/stable 0.11.0-1 arm64
  Logging bridge from pyo3 native extension to python - Rust source code

libstrongswan-extra-plugins/stable 6.0.1-6+deb13u6 arm64
  strongSwan utility and crypto library (extra plugins)

libswiss-perl/stable 1.80-1 all
  Perl API to the UniProt database

libupnp-dev/stable 1:1.14.20-1+deb13u1 arm64
  Portable SDK for UPnP Devices, version 1.14 (development files)

libupnp-doc/stable 1:1.14.20-1+deb13u1 all
  Documentation for the Portable SDK for UPnP Devices

libupnp17t64/stable 1:1.14.20-1+deb13u1 arm64
  Portable SDK for UPnP Devices (shared library)

libxml-libxml-lazybuilder-perl/stable 0.08-4 all
  easy and lazy way to create XML documents for XML::LibXML

lmicdiusb/stable 3:0.1.3-1+b1 arm64
  Remote GDB socket over USB for Stellaris Launchpad ICDI

lrcalc/stable 1.2-2.2 arm64
  programs for calculating Littlewood-Richardson coefficients

lua-lgi/stable 0.9.2-4 arm64
  Lua bridge to GObject based libraries

m1n1/stable 1.4.21-3 arm64
  Bootloader for Apple Silicon

meterbridge/stable 0.9.2-14+b1 arm64
  Collection of Audio meters for the JACK audio server

mpdris2/stable 0.9.1-3 all
  media player interface (MPRIS2) bridge for MPD

naspro-bridges/stable 0.5.1-5 arm64
  collection of bridges to LV2

netscript-2.4/stable 5.5.5+nmu3 all
  Linux 2.4/2.6/3.x router/firewall/VM host network config system.

neutron-linuxbridge-agent/stable 2:26.0.3-0+deb13u2 all
  OpenStack virtual network service - Linux bridge agent

neverball/stable 1.6.0+git20180603-3+b2 arm64
  3D floor-tilting game

neverball-data/stable 1.6.0+git20180603-3 all
  data files for Neverball

node-corepack/stable 0.24.0-5 all
  Access npm, Yarn and pnpm without having to install them

obfs4proxy/stable 0.0.14-2+b5 arm64
  pluggable transport proxy for Tor, implementing obfs4

osmo-mgw/stable 1.14.0+dfsg1-2 arm64
  Osmocom's Media Gateway for 2G and 3G circuit-switched mobile networks

parprouted/stable 0.70-4 arm64
  transparent IP (Layer 3) proxy ARP bridging tool

pcl-ros-tools/stable 1.7.5-2+b2 arm64
  Bridge between Robot OS library (ROS) and PCL - tools

pescetti/stable 0.5-5 all
  Bridge Pseudo-duplimate generator

php-symfony-all-my-sms-notifier/stable 6.4.41+dfsg-0+deb13u1 all
  Symfony AllMySms Notifier Bridge

php-symfony-amazon-mailer/stable 6.4.41+dfsg-0+deb13u1 all
  Symfony Amazon Mailer Bridge

php-symfony-amazon-sns-notifier/stable 6.4.41+dfsg-0+deb13u1 all
  Symfony Amazon SNS Notifier Bridge

php-symfony-amazon-sqs-messenger/stable 6.4.41+dfsg-0+deb13u1 all
  Symfony Amazon SQS extension Messenger Bridge

php-symfony-amqp-messenger/stable 6.4.41+dfsg-0+deb13u1 all
  Symfony AMQP extension Messenger Bridge

php-symfony-bandwidth-notifier/stable 6.4.41+dfsg-0+deb13u1 all
  Symfony Bandwidth Notifier Bridge

php-symfony-beanstalkd-messenger/stable 6.4.41+dfsg-0+deb13u1 all
  Symfony Beanstalkd Messenger Bridge

php-symfony-brevo-mailer/stable 6.4.41+dfsg-0+deb13u1 all
  Symfony Brevo Mailer Bridge

php-symfony-brevo-notifier/stable 6.4.41+dfsg-0+deb13u1 all
  Symfony Brevo Notifier Bridge

php-symfony-click-send-notifier/stable 6.4.41+dfsg-0+deb13u1 all
  Symfony ClickSend Notifier Bridge

php-symfony-clickatell-notifier/stable 6.4.41+dfsg-0+deb13u1 all
  Symfony Clickatell Notifier Bridge

php-symfony-contact-everyone-notifier/stable 6.4.41+dfsg-0+deb13u1 all
  Symfony Contact Everyone Notifier Bridge

php-symfony-crowdin-translation-provider/stable 6.4.41+dfsg-0+deb13u1 all
  Symfony Crowdin Translation Provider Bridge

php-symfony-debug-bundle/stable 6.4.41+dfsg-0+deb13u1 all
  debugging tools for the Symfony framework

php-symfony-discord-notifier/stable 6.4.41+dfsg-0+deb13u1 all
  Symfony Discord Notifier Bridge

php-symfony-doctrine-bridge/stable 6.4.41+dfsg-0+deb13u1 all
  integration for Doctrine with Symfony Components

php-symfony-doctrine-messenger/stable 6.4.41+dfsg-0+deb13u1 all
  Symfony Doctrine Messenger Bridge

php-symfony-engagespot-notifier/stable 6.4.41+dfsg-0+deb13u1 all
  Symfony Engagespot Notifier Bridge

php-symfony-esendex-notifier/stable 6.4.41+dfsg-0+deb13u1 all
  Symfony Esendex Notifier Bridge

php-symfony-expo-notifier/stable 6.4.41+dfsg-0+deb13u1 all
  Symfony Expo Notifier Bridge

php-symfony-fake-chat-notifier/stable 6.4.41+dfsg-0+deb13u1 all
  Fake Chat (as email or log during development) Notifier Bridge

php-symfony-fake-sms-notifier/stable 6.4.41+dfsg-0+deb13u1 all
  Fake SMS (as email or log during development) Notifier Bridge

php-symfony-firebase-notifier/stable 6.4.41+dfsg-0+deb13u1 all
  Symfony Firebase Notifier Bridge

php-symfony-forty-six-elks-notifier/stable 6.4.41+dfsg-0+deb13u1 all
  Symfony 46elks Notifier Bridge

php-symfony-free-mobile-notifier/stable 6.4.41+dfsg-0+deb13u1 all
  Symfony Free Mobile Notifier Bridge

php-symfony-gateway-api-notifier/stable 6.4.41+dfsg-0+deb13u1 all
  Symfony GatewayApi Notifier Bridge

php-symfony-gitter-notifier/stable 6.4.41+dfsg-0+deb13u1 all
  Symfony Gitter Notifier Bridge

php-symfony-go-ip-notifier/stable 6.4.41+dfsg-0+deb13u1 all
  Symfony GoIP Notifier Bridge

php-symfony-google-chat-notifier/stable 6.4.41+dfsg-0+deb13u1 all
  Symfony Google Chat Notifier Bridge

php-symfony-google-mailer/stable 6.4.41+dfsg-0+deb13u1 all
  Symfony Google Mailer Bridge

php-symfony-infobip-mailer/stable 6.4.41+dfsg-0+deb13u1 all
  Symfony Infobip Mailer Bridge

php-symfony-infobip-notifier/stable 6.4.41+dfsg-0+deb13u1 all
  Symfony Infobip Notifier Bridge

php-symfony-iqsms-notifier/stable 6.4.41+dfsg-0+deb13u1 all
  Symfony Iqsms Notifier Bridge

php-symfony-isendpro-notifier/stable 6.4.41+dfsg-0+deb13u1 all
  Symfony iSendPro Notifier Bridge

php-symfony-kaz-info-teh-notifier/stable 6.4.41+dfsg-0+deb13u1 all
  Symfony KazInfoTeh Notifier Bridge

php-symfony-light-sms-notifier/stable 6.4.41+dfsg-0+deb13u1 all
  Symfony LightSms Notifier Bridge

php-symfony-linked-in-notifier/stable 6.4.41+dfsg-0+deb13u1 all
  Symfony LinkedIn Notifier Bridge

php-symfony-loco-translation-provider/stable 6.4.41+dfsg-0+deb13u1 all
  Symfony Loco Translation Provider Bridge

php-symfony-lokalise-translation-provider/stable 6.4.41+dfsg-0+deb13u1 all
  Symfony Lokalise Translation Provider Bridge

php-symfony-mail-pace-mailer/stable 6.4.41+dfsg-0+deb13u1 all
  Symfony MailPace Mailer Bridge

php-symfony-mailchimp-mailer/stable 6.4.41+dfsg-0+deb13u1 all
  Symfony Mailchimp Mailer Bridge

php-symfony-mailer-send-mailer/stable 6.4.41+dfsg-0+deb13u1 all
  Symfony MailerSend Mailer Bridge

php-symfony-mailgun-mailer/stable 6.4.41+dfsg-0+deb13u1 all
  Symfony Mailgun Mailer Bridge

php-symfony-mailjet-mailer/stable 6.4.41+dfsg-0+deb13u1 all
  Symfony Mailjet Mailer Bridge

php-symfony-mailjet-notifier/stable 6.4.41+dfsg-0+deb13u1 all
  Symfony Mailjet Notifier Bridge

php-symfony-mastodon-notifier/stable 6.4.41+dfsg-0+deb13u1 all
  Symfony Mastodon Notifier Bridge

php-symfony-mattermost-notifier/stable 6.4.41+dfsg-0+deb13u1 all
  Symfony Mattermost Notifier Bridge

php-symfony-mercure-notifier/stable 6.4.41+dfsg-0+deb13u1 all
  Symfony Mercure Notifier Bridge

php-symfony-message-bird-notifier/stable 6.4.41+dfsg-0+deb13u1 all
  Symfony MessageBird Notifier Bridge

php-symfony-message-media-notifier/stable 6.4.41+dfsg-0+deb13u1 all
  Symfony MessageMedia Notifier Bridge

php-symfony-microsoft-teams-notifier/stable 6.4.41+dfsg-0+deb13u1 all
  Symfony Microsoft Teams Notifier Bridge

php-symfony-mobyt-notifier/stable 6.4.41+dfsg-0+deb13u1 all
  Symfony Mobyt Notifier Bridge

php-symfony-monolog-bridge/stable 6.4.41+dfsg-0+deb13u1 all
  integration for Monolog with Symfony Components

php-symfony-ntfy-notifier/stable 6.4.41+dfsg-0+deb13u1 all
  Symfony Ntfy Notifier Bridge

php-symfony-octopush-notifier/stable 6.4.41+dfsg-0+deb13u1 all
  Symfony Octopush Notifier Bridge

php-symfony-oh-my-smtp-mailer/stable 6.4.41+dfsg-0+deb13u1 all
  Symfony OhMySMTP Mailer Bridge

php-symfony-one-signal-notifier/stable 6.4.41+dfsg-0+deb13u1 all
  Symfony OneSignal Notifier Bridge

php-symfony-orange-sms-notifier/stable 6.4.41+dfsg-0+deb13u1 all
  Symfony Orange Sms Notifier Bridge

php-symfony-ovh-cloud-notifier/stable 6.4.41+dfsg-0+deb13u1 all
  Symfony OvhCloud Notifier Bridge

php-symfony-pager-duty-notifier/stable 6.4.41+dfsg-0+deb13u1 all
  Symfony PagerDuty Notifier Bridge

php-symfony-phpunit-bridge/stable 6.4.41+dfsg-0+deb13u1 all
  integration for PHPUnit with Symfony Components

php-symfony-phrase-translation-provider/stable 6.4.41+dfsg-0+deb13u1 all
  Symfony Phrase Translation Provider Bridge

php-symfony-plivo-notifier/stable 6.4.41+dfsg-0+deb13u1 all
  Symfony Plivo Notifier Bridge

php-symfony-postmark-mailer/stable 6.4.41+dfsg-0+deb13u1 all
  Symfony Postmark Mailer Bridge

php-symfony-proxy-manager-bridge/stable 6.4.41+dfsg-0+deb13u1 all
  integration for ProxyManager with Symfony Components

php-symfony-psr-http-message-bridge/stable 6.4.41+dfsg-0+deb13u1 all
  integration for PSR HTTP message with Symfony Components

php-symfony-pushover-notifier/stable 6.4.41+dfsg-0+deb13u1 all
  Symfony Pushover Notifier Bridge

php-symfony-redis-messenger/stable 6.4.41+dfsg-0+deb13u1 all
  Symfony Redis extension Messenger Bridge

php-symfony-redlink-notifier/stable 6.4.41+dfsg-0+deb13u1 all
  Symfony Redlink Notifier Bridge

php-symfony-ring-central-notifier/stable 6.4.41+dfsg-0+deb13u1 all
  Symfony RingCentral Notifier Bridge

php-symfony-rocket-chat-notifier/stable 6.4.41+dfsg-0+deb13u1 all
  Symfony RocketChat Notifier Bridge

php-symfony-scaleway-mailer/stable 6.4.41+dfsg-0+deb13u1 all
  Symfony Scaleway Mailer Bridge

php-symfony-sendberry-notifier/stable 6.4.41+dfsg-0+deb13u1 all
  Symfony Sendberry Notifier Bridge

php-symfony-sendgrid-mailer/stable 6.4.41+dfsg-0+deb13u1 all
  Symfony Sendgrid Mailer Bridge

php-symfony-sendinblue-mailer/stable 6.4.41+dfsg-0+deb13u1 all
  Symfony Sendinblue Mailer Bridge

php-symfony-sendinblue-notifier/stable 6.4.41+dfsg-0+deb13u1 all
  Symfony Sendinblue Notifier Bridge

php-symfony-simple-textin-notifier/stable 6.4.41+dfsg-0+deb13u1 all
  Symfony SimpleTextin Notifier Bridge

php-symfony-sinch-notifier/stable 6.4.41+dfsg-0+deb13u1 all
  Symfony Sinch Notifier Bridge

php-symfony-slack-notifier/stable 6.4.41+dfsg-0+deb13u1 all
  Symfony Slack Notifier Bridge

php-symfony-sms-biuras-notifier/stable 6.4.41+dfsg-0+deb13u1 all
  Symfony SmsBiuras Notifier Bridge

php-symfony-sms-factor-notifier/stable 6.4.41+dfsg-0+deb13u1 all
  Symfony SMSFactor Notifier Bridge

php-symfony-sms77-notifier/stable 6.4.41+dfsg-0+deb13u1 all
  Symfony sms77 Notifier Bridge

php-symfony-smsapi-notifier/stable 6.4.41+dfsg-0+deb13u1 all
  Symfony Smsapi Notifier Bridge

php-symfony-smsc-notifier/stable 6.4.41+dfsg-0+deb13u1 all
  Symfony SMSC Notifier Bridge

php-symfony-smsmode-notifier/stable 6.4.41+dfsg-0+deb13u1 all
  Symfony Smsmode Notifier Bridge

php-symfony-spot-hit-notifier/stable 6.4.41+dfsg-0+deb13u1 all
  Symfony Spot-Hit Notifier Bridge

php-symfony-telegram-notifier/stable 6.4.41+dfsg-0+deb13u1 all
  Symfony Telegram Notifier Bridge

php-symfony-telnyx-notifier/stable 6.4.41+dfsg-0+deb13u1 all
  Symfony Telnyx Notifier Bridge

php-symfony-termii-notifier/stable 6.4.41+dfsg-0+deb13u1 all
  Symfony Termii Notifier Bridge

php-symfony-turbo-sms-notifier/stable 6.4.41+dfsg-0+deb13u1 all
  Symfony TurboSms Notifier Bridge

php-symfony-twig-bridge/stable 6.4.41+dfsg-0+deb13u1 all
  integration for Twig with Symfony Components

php-symfony-twilio-notifier/stable 6.4.41+dfsg-0+deb13u1 all
  Symfony Twilio Notifier Bridge

php-symfony-twitter-notifier/stable 6.4.41+dfsg-0+deb13u1 all
  Symfony Twitter Notifier Bridge

php-symfony-vonage-notifier/stable 6.4.41+dfsg-0+deb13u1 all
  Symfony Vonage Notifier Bridge

php-symfony-yunpian-notifier/stable 6.4.41+dfsg-0+deb13u1 all
  Symfony Yunpian Notifier Bridge

php-symfony-zendesk-notifier/stable 6.4.41+dfsg-0+deb13u1 all
  Symfony Zendesk Notifier Bridge

php-symfony-zulip-notifier/stable 6.4.41+dfsg-0+deb13u1 all
  Symfony Zulip Notifier Bridge

plasma-browser-integration/stable 6.3.4-2 arm64
  Chromium, Google Chrome, Firefox integration for Plasma (backend)

plotnetcfg/stable 0.4.1-5+b1 arm64
  local networking configuration diagram plotter

pybind11-json-dev/stable 0.2.13-4 all
  Bridge between nlohmann::json and pybind11 (headers)

python-gabbi-doc/stable 3.0.0-3 all
  declarative HTTP testing library - doc

python-proton-vpn-api-core-doc/stable 0.39.0-1 all
  Proton AG VPN Core API (common documentation)

python-qpid-proton-doc/stable 0.37.0-6 all
  Documentation for the Python language bindings for Qpid Proton

python-wxmplot-doc/stable 0.9.58-1 all
  wxPython plotting widgets using matplotlib (common documentation)

python3-aiohue/stable 4.7.2-3 all
  module to talk to Philips Hue

python3-aionotion/stable 2025.02.0-1 all
  Library for interacting with Notion home monitoring sensors

python3-aiostreammagic/stable 2.11.0-2 all
  Async package for interfacing with Cambridge Audio streamers

python3-anyio/stable 4.8.0-3 all
  Asynchronous compatibility layer (Python 3)

python3-breathe/stable 4.35.0-3 all
  Sphinx autodox support for languages with doxygen support (Python 3)

python3-cmake-build-extension/stable 0.6.1-2 all
  Setuptools extension to build and package CMake projects

python3-cv-bridge/stable 1.16.2+ds-3+b7 arm64
  cv_bridge ROS package - Python 3 bindings

python3-firewall/stable 2.3.1-1+deb13u1 all
  Python3 bindings for firewalld

python3-ftdi/stable 0.56.0-1 arm64
  user-space driver for popular FTDI devices

python3-ftdi-doc/stable 0.56.0-1 all
  user-space driver for popular FTDI devices. Documentation

python3-fyta-cli/stable 0.7.2-2 all
  Library to access the FYTA API

python3-gabbi/stable 3.0.0-3 all
  declarative HTTP testing library - Python 3.x

python3-hvcc/stable 0.13.3-2 all
  heavy dataflow audio programming language transpiler (Python 3 interface)

python3-image-geometry/stable 1.16.2+ds-3 all
  image_geometry Robot OS package - Python 3 bindings

python3-ipfix/stable 0.9.7-4 all
  IPFIX implementation for Python 3

python3-jpy/stable 1.1.0-1+b1 arm64
  Bi-directional Python-Java bridge (Python3)

python3-karabo-bridge/stable 0.6.2-2 all
  Python 3 tools to request data from the Karabo controlsystem

python3-mautrix/stable 0.20.7-1 all
  Matrix client framework for Python using asyncio

python3-orange-widget-base/stable 4.25.1-1 all
  Base Widget for Orange Canvas

python3-pcl-ros/stable 1.7.5-2 all
  Bridge between Robot OS library (ROS) and PCL - Python module

python3-proton-vpn-api-core/stable 0.39.0-1 all
  Proton AG VPN Core API

python3-pycec/stable 0.6.0-1 all
  Library for HDMI-CEC communication

python3-pycomfoconnect/stable 0.5.1-1.1 all
  Library to interface with Zehnder ComfoConnect LAN C bridge

python3-pycoolmasternet-async/stable 0.2.2-1 all
  Library to control CoolMasterNet HVAC bridges via asyncio

python3-pylutron-caseta/stable 0.24.0-1 all
  API to control Lutron Caséta devices

python3-pynuki/stable 1.6.3-2 all
  Library for interacting with Nuki locks and openers

python3-pyprosegur/stable 0.0.14-1 all
  Library to interact with Prosegur alarm systems

python3-pytedee-async/stable 0.2.20-2 all
  Tedee lock client package for asynchronous operations

python3-qpid-proton/stable 0.37.0-6 arm64
  language bindings for Qpid Proton messaging framework - Python 3.x

python3-qtsass/stable 0.4.0-1 all
  Python package to bridge the gap between SASS and Qt-CSS

python3-schema-salad/stable 8.9.20250408123006-1 arm64
  Schema Annotations for Linked Avro Data (SALAD)

python3-scikit-build-core/stable 0.11.1-3 all
  Python package build systems and CMake integration (Python 3)

python3-sklearn-pandas/stable 2.2.0-5 all
  Pandas integration with sklearn (Python 3)

python3-systembridgemodels/stable 4.2.4-2 all
  Library to model system information for local applications

python3-ufo2ft/stable 3.3.1-2 all
  Bridge from UFOs to fonttools objects

python3-uno/stable 4:25.2.3-2+deb13u6 arm64
  Python-UNO bridge

python3-webview/stable 5.0.5+dfsg-2 all
  Build GUI for your Python program with JavaScript, HTML, and CSS

python3-wtf-peewee/stable 3.0.6+dfsg-1 all
  WTForms integration for peewee models (Python 3)

python3-wxmplot/stable 0.9.58-1 all
  wxPython plotting widgets using matplotlib (Python 3)

python3-x-wr-timezone/stable 1.0.1-1 all
  Python module to handle non-standard X-WR-TIMEZONE icalendar property (Python 3)

python3-youless-api/stable 2.2.0-1 all
  Python bridge to fetch data from YouLess sensors

python3-zigpy-deconz/stable 0.25.0-1 all
  Communication library for deCONZ-based Zigbee devices

r-bioc-geoquery/stable 2.74.0+dfsg-2 all
  Get data from NCBI Gene Expression Omnibus (GEO)

r-cran-bridgesampling/stable 1.1-2-1 all
  GNU R bridge sampling for marginal likelihoods and Bayes factors

r-cran-jrc/stable 0.6.0-1 all
  Exchange Commands Between R and 'JavaScript'

r-cran-rcpparmadillo/stable 14.4.2-1-1 arm64
  GNU R package for Armadillo C++ linear algebra library

resource-agents/stable 1:4.16.0-3+deb13u2 arm64
  Cluster Resource Agents

rng-tools-debian/stable 2.6 arm64
  daemon to use a Hardware RNG (classic version)

rng-tools5/stable 5-4.1+b2 arm64
  Daemon to use a Hardware TRNG

robustirc-bridge/stable 1.8-2+b8 arm64
  bridge between IRC and RobustIRC

rss-bridge/stable 2022-01-20+dfsg1-1 all
  web service generating ATOM feeds for websites that don't have them

ruby-commander/stable 4.6.0-2 all
  Ruby command-line interface library

ruby-minitest/stable 5.25.4-3 all
  Ruby test tools supporting TDD, BDD, mocking, and benchmarking

salliere/stable 0.10-3.1 all
  Bridge duplicate scorer

secnet/stable 0.6.7+b2 arm64
  VPN software for distributed networks

sgt-puzzles/stable 20230410.71cf891-2+b2 arm64
  Simon Tatham's Portable Puzzle Collection - 1-player puzzle games

snowflake-client/stable 2.5.1-1+b16 arm64
  WebRTC pluggable transport for Tor (client)

snowflake-proxy/stable 2.5.1-1+b16 arm64
  WebRTC pluggable transport for Tor (proxy)

srain/stable 1.7.0-1+b1 arm64
  graphical IRC client based on GTK+

sword-comm-mhcc/stable 2.0-2 all
  Matthew Henry Concise Commentary for SWORD

tableau-parm/stable 0.2.0-6+b3 arm64
  tableau write-blocking bridge query/command utility

tcpreplay/stable 4.5.1-1 arm64
  Tool to replay saved tcpdump files at arbitrary speeds

tenace/stable 0.17-1+b2 arm64
  Bridge hand viewer and editor

texlive-games/stable 2024.20250309-2 all
  TeX Live: Games typesetting

texlive-luatex/stable 2024.20250309-1 all
  TeX Live: LuaTeX packages

tor-geoipdb/stable 0.4.9.11-0+deb13u1 all
  GeoIP database for Tor

uim-xim/stable 1:1.9.6-1 arm64
  Universal Input Method - XIM compatibility interface

velvet/stable 1.2.10+dfsg1-9 arm64
  Nucleic acid sequence assembler for very short reads

velvet-example/stable 1.2.10+dfsg1-9 all
  Example data for the Velvet sequence assembler

velvet-long/stable 1.2.10+dfsg1-9 arm64
  Nucleic acid sequence assembler for very short reads, long version

velvet-tests/stable 1.2.10+dfsg1-9 all
  Test data for the Velvet sequence assembler

xiccd/stable 0.4.1-1 arm64
  X color management daemon

xwaylandvideobridge/stable 0.4.0-2+b1 arm64
  XWayland Video Bridge for X11 clients

yubihsm-connector/stable 3.0.5-2 arm64
  USB to HTTP bridge for the YubiHSM 2

zeroc-icebridge/stable 3.7.10-3.1 arm64
  Bridge service

zita-ajbridge/stable 0.8.4-1+b2 arm64
  alsa to jack bridge

zita-njbridge/stable 0.4.8-1+b1 arm64
  Jack clients to transmit multichannel audio over a local IP network

