
WARNING: apt does not have a stable CLI interface. Use with caution in scripts.

Sorting...
Full Text Search...
activemq/stable 5.17.6+dfsg-2 all
  Java message broker - server

aircrack-ng/stable 1:1.7+git20230807.4bf83f1a-2 arm64
  wireless WEP/WPA cracking utilities

anacrolix-dms/stable 1.5.0-2+b16 arm64
  Go UPnP DLNA Digital Media Server with basic video transcoding

antpm/stable 1.24-1 arm64
  ANT+ information retrieval client for Garmin GPS products

ap51-flash/stable 2025.0-1 arm64
  firmware flasher for ethernet connected routers and access points

arduino-core-avr/stable 1.8.7+dfsg-1~deb13u1 all
  Arduino Core for AVR microcontroller

asahi-audio/stable 3.3-1 arm64
  PipeWire DSP profiles for Apple Silicon machines

babeld/stable 1.13.1+ds-1 arm64
  loop-free distance-vector routing protocol

bettercap/stable 2.33.0-1+b9 arm64
  Complete, modular, portable and easily extensible MITM framework

bilibop/stable 0.6.5 all
  run Debian GNU/Linux from external media - metapackage

bilibop-common/stable 0.6.5 all
  shell functions for bilibop scripts

bilibop-lockfs/stable 0.6.5 all
  lock filesystems and write changes into RAM

bilibop-rules/stable 0.6.5 all
  device management rules for OS running from external media

bilibop-udev/stable 0.6.5 all
  minimal udev rule for Debian GNU/Linux running from external media

binutils-xtensa-lx106/stable 2.44-3+6+b2 arm64
  GNU binary utilities, for Xtensa lx106 core

bittwist/stable 4.7+ds-2 arm64
  libpcap based Ethernet packet generator

bottlerocket/stable 0.05b3-22 arm64
  Utility to control X10 Firecracker devices for home automation

bro-aux/stable 0.42-1+b2 arm64
  small auxiliary tools for Bro

calf-plugins/stable 0.90.3-4+b2 arm64
  Calf Studio Gear - audio effects and sound generators

calibre/stable 8.5.0+ds-1+deb13u3 all
  powerful and easy to use e-book manager

cava/stable 0.10.4+dfsg-1 arm64
  Console-based Audio Visualizer for Alsa

cbm/stable 0.4-1 arm64
  display in real time the network traffic speed

ceni/stable 2.33-4 all
  Curses interface to /etc/network/interfaces

collectd-core/stable 5.12.0-26 arm64
  statistics collection and monitoring daemon (core system)

conky-all/stable 1.22.1-1 arm64
  highly configurable system monitor (all features enabled)

conky-std/stable 1.22.1-1 arm64
  highly configurable system monitor (default version)

connman-gtk/stable 1.1.1+git20180626.b72c6ab-4 arm64
  fully-featured GUI for ConnMan with systray support

connman-tests/stable 1.44-3 all
  Intel Connection Manager daemon -- test scripts

connman-ui/stable 0~20150623-1+b3 arm64
  full-featured GTK-based tray icon UI for ConnMan

cros-pipe-config/stable 0.1.0 all
  PipeWire helper for ChromiumOS integration

cyclonedds-dev/stable 0.10.5-1+b2 arm64
  Eclipse Cyclone DDS library - development headers

cyclonedds-doc/stable 0.10.5-1 all
  Eclipse Cyclone DDS library - API documentation

cyclonedds-tools/stable 0.10.5-1+b2 arm64
  Eclipse Cyclone DDS tools

dhcpcd-base/stable 1:10.1.0-11+deb13u3 arm64 [upgradable from: 1:10.1.0-11+deb13u2]
  DHCPv4 and DHCPv6 dual-stack client (binaries and exit hooks)

digitemp/stable 3.7.2-2+b1 arm64
  read temperature sensors in a 1-Wire net

dv4l/stable 1.0-5.2 arm64
  Redirect V4L API to access a camcorder from a V4L program

dvbackup/stable 1:0.0.4-11 arm64
  backup tool using MiniDV camcorders

dvgrab/stable 3.5+git20250306.8e1f93d-1 arm64
  grab digital video data via IEEE1394 and USB links

easyeffects/stable 7.2.3-1 arm64
  Audio effects for PipeWire applications

ecdsautils/stable 0.4.2-2 arm64
  ECDSA elliptic curve cryptography command line tools

ed25519/stable 0~20241004-2 arm64
  microlibrary X25519/Ed25519 - Ed25519 command line tools

elpa-dap-mode/stable 0.8-2 all
  DAP UI controls implemented using treemacs

etherpuppet/stable 0.3-5+b1 arm64
  create a virtual interface from a remote Ethernet interface

fccexam/stable 1.0.7-1.1 all
  Study tool for USA FCC commercial radio license exams.

ffado-dbus-server/stable 2.4.9-2 arm64
  FFADO D-Bus server

ffado-mixer-qt4/stable 2.4.9-2 all
  FFADO D-Bus mixer applets

ffado-tools/stable 2.4.9-2 arm64
  FFADO debugging and firmware tools

firmware-ath9k-htc/stable 1.4.0-110-ge888634+dfsg1-0.1 all
  firmware for AR7010 and AR9271 USB wireless adapters

firmware-carl9170/stable 1.9.9-450-gad1c721+dfsg-0.1 all
  firmware for AR9170 USB wireless adapters

forensics-extra-gui/stable 2.58 all
  Forensics Environment - extra GUI components (metapackage)

gcc-xtensa-lx106/stable 13.3.0-16+14+b4 arm64
  GNU Compiler Collection for Xtensa lx106 core

gem-plugin-dc1394/stable 1:0.94-8+b5 arm64
  Graphics Environment for Multimedia - DC1394 support

gem-plugin-dv4l/stable 1:0.94-8+b5 arm64
  Graphics Environment for Multimedia - DV support

gir1.2-urfkill-0.5/stable 0.5.0-7.3 arm64
  GObject introspection data for the urfkill library

gir1.2-wp-0.5/stable 0.5.8-2 arm64
  GObject introspection files for WirePlumber

gkrellmwireless/stable 2.0.3-2+b2 arm64
  802.11 wireless link monitor plugin for GKrellM

gnome-applets/stable 3.56.0-1 arm64
  Various applets for the GNOME panel - binary files

gnome-remote-desktop/stable 48.1-4 arm64
  Remote desktop daemon for GNOME using PipeWire

gnuradio/stable 3.10.12.0-1 arm64
  GNU Radio Software Radio Toolkit

golang-github-anacrolix-dms-dev/stable 1.5.0-2 all
  Go source for UPnP DLNA Digital Media Server

golang-github-azure-azure-pipeline-go-dev/stable 0.2.3-1 all
  HTTP request/response middleware pipeline

golang-github-canonical-go-dqlite-dev/stable 2.0.0-1 all
  Go bindings for libdqlite

golang-github-cowsql-go-cowsql-dev/stable 1.22.0-2 all
  Go bindings for libcowsql

golang-github-google-gopacket-dev/stable 1.1.19-6.2 all
  packet capturing and decoding library for Go

golang-github-google-wire-dev/stable 0.6.0-1 all
  Compile-time Dependency Injection for Go (library)

golang-github-hanwen-go-fuse-dev/stable 2.4.2-3 all
  Native Go bindings for the FUSE kernel module

golang-github-hiddeco-sshsig-dev/stable 0.1.0-2 all
  SSH Signature: sign and verify using SSH keys (Go library)

golang-github-ibm-sarama-dev/stable 1.45.1-1 all
  Client library for Apache Kafka

golang-github-jackc-pgio-dev/stable 1.0.0-2 all
  low-level toolkit building messages in the PostgreSQL wire protocol

golang-github-jackc-pgmock-dev/stable 0.0~git20210724.4ad1a82-2 all
  provides the ability to mock a PostgreSQL server

golang-github-jackc-pgproto3-v2-dev/stable 2.3.2-1 all
  encoder and decoder of the PostgreSQL wire protocol version 3

golang-github-mdlayher-raw-dev/stable 0.1.0-2 all
  Read and write data at the raw network interface device level

golang-github-mesos-mesos-go-dev/stable 0.0.6+dfsg-2 all
  Go language bindings for Apache Mesos

golang-github-smartystreets-go-aws-auth-dev/stable 1.0.0-1 all
  Go library to signs requests to Amazon Web Services

golang-github-tmc-grpc-websocket-proxy-dev/stable 0.0~git20200427.3cfed13-3 all
  proxy to upgrade grpc-gateway streaming endpoints to use websockets

golang-golang.zx2c4-wireguard-dev/stable 0.0.20231211-1 all
  Userspace implementation of WireGuard in Go (library)

golang-mongodb-mongo-driver-dev/stable 1.17.1+ds1-2 all
  MongoDB official driver for Go

google-wire/stable 0.6.0-1+b7 arm64
  Compile-time Dependency Injection for Go (program)

gr-limesdr/stable 3.0.1.10.69-3+b15 arm64
  LimeSDR blocks for GnuRadio

grub-ipxe/stable 1.21.1+git20250501.dad20602+dfsg-1 arm64
  Network booting using iPXE

gstreamer1.0-pipewire/stable 1.4.2-1 arm64
  GStreamer 1.0 plugin for the PipeWire multimedia server

helvum/stable 0.5.1+20240829-2 arm64
  GTK patchbay for pipewire

hinawa-utils/stable 0.4.0-1 all
  Utilities to control Audio and Music units on FireWire (IEEE1394)

horst/stable 5.1-3+b1 arm64
  Highly Optimized Radio Scanning Tool

hostapd/stable 2:2.10-24 arm64
  access point and authentication server for Wi-Fi and Ethernet

httpry/stable 0.1.8-3+b2 arm64
  HTTP logging and information retrieval tool

httpry-daemon/stable 0.1.8-3 all
  HTTP logging and information retrieval tool - daemon

httpry-tools/stable 0.1.8-3 all
  HTTP logging and information retrieval tool - log parsing scripts

ifupdown-ng/stable 0.12.1-7 arm64
  network interface configuration tool

ifupdown-ng-compat/stable 0.12.1-7 all
  network interface configuration tool -- ifupdown compat

imsprog/stable 1.5.2-1 arm64
  Linux chip programmer for CH341a devices

ipxe/stable 1.21.1+git20250501.dad20602+dfsg-1 all
  PXE boot firmware

ipxe-qemu/stable 1.21.1+git20250501.dad20602+dfsg-1 all
  PXE boot firmware - ROM images for qemu

iw/stable 6.9-1+b1 arm64
  tool for configuring Linux wireless devices

iwd/stable 3.8-2 arm64
  wireless daemon for Linux

jacktrip/stable 2.5.1+ds-1 arm64
  high-quality system for audio network performances (cmdline)

jacktrip-gui/stable 2.5.1+ds-1 arm64
  high-quality system for audio network performances (GUI)

kannel/stable 1.4.5-20 arm64
  WAP and SMS gateway

kannel-dev/stable 1.4.5-20 arm64
  WAP and SMS gateway headers and development files

kannel-docs/stable 1.4.5-20 all
  WAP and SMS gateway documentation

kannel-extras/stable 1.4.5-20 arm64
  WAP and SMS gateway extras

kdenlive/stable 24.12.3-2+deb13u1 arm64
  non-linear video editor

kdenlive-data/stable 24.12.3-2+deb13u1 all
  non-linear video editor (data files)

knetwalk/stable 4:25.04.0-1 arm64
  wire puzzle game

lib1305-1/stable 0~20250415-1 arm64
  Poly1305 one-time authenticator microlibrary - shared library

lib25519-1/stable 0~20241004-2 arm64
  microlibrary X25519/Ed25519 - shared library

lib25519-dev/stable 0~20241004-2 arm64
  microlibrary X25519/Ed25519 - development files

libactivemq-java/stable 5.17.6+dfsg-2 all
  Java message broker core libraries

libauthen-u2f-perl/stable 0.003-2 all
  pure Perl FIDO U2F server library

libavc1394-0/stable,now 0.5.4-5+b2 arm64 [installed,automatic]
  control IEEE 1394 audio/video devices

libavc1394-dev/stable 0.5.4-5+b2 arm64
  control IEEE 1394 audio/video devices (development files)

libavc1394-tools/stable 0.5.4-5+b2 arm64
  control IEEE 1394 audio/video devices (utilities)

libbread-board-perl/stable 0.37-2 all
  solderless way to wire up your application components

libcycloneddsidl0t64/stable 0.10.5-1+b2 arm64
  Eclipse Cyclone DDS IDL library

libdc1394-25/stable 2.2.6-5 arm64
  high level programming interface for IEEE 1394 digital cameras

libdc1394-dev/stable 2.2.6-5 arm64
  high level programming interface for IEEE 1394 digital cameras - development

libdc1394-utils/stable 2.2.6-5 arm64
  utilities for IEEE 1394 digital cameras

libddsc0t64/stable 0.10.5-1+b2 arm64
  Eclipse Cyclone DDS library

libdnswire-dev/stable 0.4.0-9 arm64
  DNS encapsulations and transporting (development)

libdnswire1t64/stable 0.4.0-9 arm64
  DNS encapsulations and transporting (library)

libfastdds-dev/stable 3.1.2+ds-1+b1 arm64
  C++ library for the Real Time Publish Subscribe Protocol - development headers

libfastdds-doc/stable 3.1.2+ds-1 all
  C++ library for the Real Time Publish Subscribe Protocol - documentation

libfastdds3.1/stable 3.1.2+ds-1+b1 arm64
  C++ library for the Real Time Publish Subscribe Protocol

libffado-dev/stable 2.4.9-2 arm64
  FFADO API - development files

libffado2/stable,now 2.4.9-2 arm64 [installed,automatic]
  FFADO API

libghc-netwire-dev/stable 5.0.3-6+b1 arm64
  flexible wire arrows for FRP

libghc-netwire-doc/stable 5.0.3-6 all
  flexible wire arrows for FRP; documentation

libghc-netwire-prof/stable 5.0.3-6+b1 arm64
  flexible wire arrows for FRP; profiling libraries

libghc-recursion-schemes-dev/stable 5.2.3-1+b1 arm64
  generalized bananas, lenses and barbed wire

libghc-recursion-schemes-doc/stable 5.2.3-1 all
  generalized bananas, lenses and barbed wire; documentation

libghc-recursion-schemes-prof/stable 5.2.3-1+b1 arm64
  generalized bananas, lenses and barbed wire; profiling libraries

libgnuradio-limesdr3.0.2/stable 3.0.1.10.69-3+b15 arm64
  LimeSDR blocks for GnuRadio (runtime library)

libhitaki-dev/stable 0.2.1-4 arm64
  Library to operate ALSA HwDep device for ALSA firewire stack (development files)

libhitaki0/stable 0.2.1-4 arm64
  Library to operate ALSA HwDep device for ALSA firewire stack

libiec61883-0/stable,now 1.2.0-7 arm64 [installed,automatic]
  partial implementation of IEC 61883 (shared lib)

libiec61883-dev/stable 1.2.0-7 arm64
  partial implementation of IEC 61883 (devel)

libiw-dev/stable 30~pre9-18+b1 arm64
  Wireless tools - development files

libiw30t64/stable 30~pre9-18+b1 arm64
  Wireless tools - library

libkpipewire-data/stable 6.3.6-1 all
  KDE's Pipewire libraries - data files

libkpipewire-dev/stable 6.3.6-1 arm64
  KDE's Pipewire libraries - development files

libkpipewire6/stable 6.3.6-1 arm64
  KDE's Pipewire libraries - libkpipewire6 library

libkpipewiredmabuf6/stable 6.3.6-1 arm64
  KDE's Pipewire libraries - libkpipewiredmabuf6

libkpipewirerecord6/stable 6.3.6-1 arm64
  KDE's Pipewire libraries - libkpipewirerecord6

liblms7compact-dev/stable 0.0.1+git20190125.bfd5418-1+b2 arm64
  Compact LMS7002 library suitable for MCU: development

liblms7compact0/stable 0.0.1+git20190125.bfd5418-1+b2 arm64
  Compact LMS7002 library suitable for MCU

libmceliece-dev/stable 0~20241009-2 arm64
  Classic McEliece microlibrary - development files

libmceliece1/stable 0~20241009-2 arm64
  Classic McEliece microlibrary - shared library

libndpi-wireshark/stable 4.2-2.1+b3 arm64
  extensible deep packet inspection library - wireshark dissector

libnet-frame-perl/stable 1.21-2 all
  framework for crafting raw frames

libnet-idn-nameprep-perl/stable 1.102+dfsg-3 all
  stringprep profile for Internationalized Domain Names (RFC 3491)

libntruprime1/stable 0~20241021-2 arm64
  microlibrary for Streamlined NTRU Prime - shared library

libopenhft-chronicle-wire-java/stable 1.1.13-2 all
  Wire format abstraction library

libopenobex2/stable 1.7.2-2.2+b1 arm64
  OBEX protocol library

libopenobex2-dev/stable 1.7.2-2.2+b1 arm64
  OBEX protocol library - development files

libow-3.2-4t64/stable 3.2p4+dfsg1-6 arm64
  1-Wire File System full library

libow-dev/stable 3.2p4+dfsg1-6 arm64
  1-Wire File System (development files)

libow-perl/stable 3.2p4+dfsg1-6 arm64
  Dallas 1-wire support: Perl5 bindings

libow-php/stable 3.2p4+dfsg1-6 arm64
  Dallas 1-wire support: PHP bindings

libow-tcl/stable 3.2p4+dfsg1-6 arm64
  Dallas 1-wire support: Tcl bindings

libowcapi-3.2-4t64/stable 3.2p4+dfsg1-6 arm64
  1-Wire File System C library

libownet-3.2-4t64/stable 3.2p4+dfsg1-6 arm64
  owserver protocol library

libownet-dev/stable 3.2p4+dfsg1-6 arm64
  owserver protocol library (development files)

libownet-perl/stable 3.2p4+dfsg1-6 all
  Perl module for accessing 1-wire networks

libownet-php/stable 3.2p4+dfsg1-6 all
  Dallas 1-wire support: PHP OWNet library

libpipewire-0.3-0t64/stable,now 1.4.2-1 arm64 [installed,automatic]
  libraries for the PipeWire multimedia server

libpipewire-0.3-common/stable 1.4.2-1 all
  libraries for the PipeWire multimedia server - common files

libpipewire-0.3-dev/stable 1.4.2-1 arm64
  libraries for the PipeWire multimedia server - development

libpipewire-0.3-modules/stable,now 1.4.2-1 arm64 [installed,automatic]
  libraries for the PipeWire multimedia server - modules

libpipewire-0.3-modules-x11/stable 1.4.2-1 arm64
  libraries for the PipeWire multimedia server - X11 modules

libpipewire-0.3-modules-xrdp/stable 0.2-2+b1 arm64
  libraries for the PipeWire multimedia server - xrdp modules

libraw1394-11/stable,now 2.1.2-2+b2 arm64 [installed,automatic]
  library for direct access to IEEE 1394 bus (aka FireWire)

libraw1394-tools/stable 2.1.2-2+b2 arm64
  library for direct access to IEEE 1394 bus (aka FireWire)

librust-aperture-dev/stable 0.9.3-1 arm64
  GTK Widget for cameras using gstreamer and pipewire - Rust source code

librust-parsec-interface-dev/stable 0.29.1-2 arm64
  Library implementing the Parsec wire protocol - Rust source code

librust-pipewire-dev/stable 0.8.0-7 arm64
  Rust bindings for PipeWire - Rust source code

librust-pipewire-sys-dev/stable 0.8.0-6 arm64
  Rust FFI bindings for PipeWire - Rust source code

libspa-0.2-bluetooth/stable 1.4.2-1 arm64
  libraries for the PipeWire multimedia server - bluetooth plugins

libspa-0.2-dev/stable 1.4.2-1 arm64
  libraries for the PipeWire multimedia server Simple Plugin API - development

libspa-0.2-jack/stable 1.4.2-1 arm64
  libraries for the PipeWire multimedia server - JACK client

libspa-0.2-libcamera/stable 1.4.2-1 arm64
  libraries for the PipeWire multimedia server - libcamera plugin

libspa-0.2-modules/stable,now 1.4.2-1 arm64 [installed,automatic]
  libraries for the PipeWire multimedia server Simple Plugin API - modules

libtm1638-dev/stable 1.0-2 arm64
  interface to TM1638 based displays for Raspberry Pi (development files)

libubertooth-dev/stable 2018.12.R1-5.3 arm64
  Shared library for Bluetooth experimentation - development files

libubertooth1/stable 2018.12.R1-5.3 arm64
  Shared library for Bluetooth experimentation

liburfkill-glib-dev/stable 0.5.0-7.3 arm64
  wireless killswitch management library (development files)

liburfkill-glib0/stable 0.5.0-7.3 arm64
  wireless killswitch management library

liburfkill-glib0-dbg/stable 0.5.0-7.3 arm64
  wireless killswitch management library (debug symbols)

libusb3380-0t64/stable 0.0.1+git20190125.c83d1e9-2.1+b1 arm64
  USB3380 abstraction layer for libusb

libusb3380-dev/stable 0.0.1+git20190125.c83d1e9-2.1+b1 arm64
  USB3380 abstraction layer for libusb: development

libvirt-wireshark/stable 11.3.0-3+deb13u2 arm64
  virtualization library - Wireshark dissector

libwiredtiger-java/stable 3.2.1-1 all
  Java language support for WiredTiger

libwireplumber-0.5-0/stable,now 0.5.8-2 arm64 [installed,automatic]
  Shared libraries for WirePlumber

libwireplumber-0.5-dev/stable 0.5.8-2 arm64
  Development files for WirePlumber

libwireshark-data/stable 4.4.16-0+deb13u1 all
  network packet dissection library -- data files

libwireshark-dev/stable 4.4.16-0+deb13u1 arm64
  network packet dissection library -- development files

libwireshark18/stable 4.4.16-0+deb13u1 arm64
  network packet dissection library -- shared library

libwiretap-dev/stable 4.4.16-0+deb13u1 arm64
  network packet capture library -- development files

libwiretap15/stable 4.4.16-0+deb13u1 arm64
  network packet capture library -- shared library

libwpa-client-dev/stable 2:2.10-24 arm64
  development files for WPA/WPA2 client support (IEEE 802.11i)

libwsutil-dev/stable 4.4.16-0+deb13u1 arm64
  network packet dissection utilities library -- development files

libwsutil16/stable 4.4.16-0+deb13u1 arm64
  network packet dissection utilities library -- shared library

libxtrx-dev/stable 0.0.1+git20191219.98458ce-3+b2 arm64
  High-level XTRX API library: development

libxtrx0/stable 0.0.1+git20191219.98458ce-3+b2 arm64
  High-level XTRX API library

libxtrxdsp-dev/stable 0.0.1+git20190830.eec2864-3+b2 arm64
  Library of DSP functions, developed for XTRX SDR: development

libxtrxdsp0/stable 0.0.1+git20190830.eec2864-3+b2 arm64
  Library of DSP functions, developed for XTRX SDR

libxtrxll-dev/stable 0.0.1+git20201202.1b6eddf-1.2+b2 arm64
  Low-level XTRX hardware abstraction library: development

libxtrxll0t64/stable 0.0.1+git20201202.1b6eddf-1.2+b2 arm64
  Low-level XTRX hardware abstraction library

linssid/stable 3.6-10 arm64
  graphical wireless scanner

linux-firewire-utils/stable 0.5.1-2 arm64
  Linux FireWire utilities

logisim/stable 2.7.1~dfsg-4 all
  graphical tool for designing and simulating logic circuits

macchanger/stable 1.7.0-6 arm64
  utility for manipulating the MAC address of network interfaces

mdk3/stable 6.0-9 arm64
  Wireless attack tool for IEEE 802.11 networks

mdk4/stable 4.2-5 arm64
  Wireless attack tool for IEEE 802.11 networks

minetest-mod-basic-materials/stable 20210130-3 all
  Minetest mod providing basic materials and items

mkchromecast/stable 0.3.9~git20200902+db2964a-2.1 all
  Cast your Linux audio or video to your Google Cast devices

multimedia-firewire/stable 0.12 all
  Packages for your firewire audiocard / interface

netdiscover/stable 0.11-3 arm64
  active/passive network address scanner using ARP requests

netmate/stable 0.2.0-12+b2 arm64
  netdude clone that shows pcap dump lines in network header style

network-manager-iwd/stable 3.8-2 all
  wireless daemon for Linux - NetworkManager integration

network-manager-strongswan/stable 1.6.2-1 arm64
  network management framework (strongSwan plugin)

nextpnr-ecp5/stable 0.7-1+b3 arm64
  FPGA place and route tool for Lattice ECP5

nextpnr-ecp5-chipdb/stable 0.7-1+b3 arm64
  FPGA place and route tool for Lattice ECP5 -- chipdb files

nextpnr-ecp5-qt/stable 0.7-1+b3 arm64
  FPGA place and route tool for Lattice ECP5 - with GUI

nextpnr-generic/stable 0.7-1+b3 arm64
  FPGA place and route tool for Generic FPGAs

nextpnr-gowin/stable 0.7-1+b3 arm64
  FPGA place and route tool for Gowin GW1N

nextpnr-gowin-chipdb/stable 0.7-1+b3 arm64
  FPGA place and route tool for Gowin GW1N -- chipdb files

nextpnr-gowin-qt/stable 0.7-1+b3 arm64
  FPGA place and route tool for Gowin GW1N - with GUI

nextpnr-ice40/stable 0.7-1+b3 arm64
  FPGA place and route tool for Lattice iCE40

nextpnr-ice40-chipdb/stable 0.7-1+b3 arm64
  FPGA place and route tool for Lattice iCE40 -- chipdb files

nextpnr-ice40-qt/stable 0.7-1+b3 arm64
  FPGA place and route tool for Lattice iCE40 - with GUI

node-crc/stable 4.3.2-1 all
  module for calculating Cyclic Redundancy Check (CRC)

node-rewire/stable 6.0.0-3 all
  Easy monkey-patching for node.js unit tests

node-sinclair-typebox/stable 0.24.44-3 all
  JSON Schema Type Builder with Static Type Resolution for TypeScript

ns2/stable 2.35+dfsg-9 arm64
  discrete event simulator targeted at networking research

ns2-doc/stable 2.35+dfsg-9 all
  discrete event simulator targeted at networking research (documentation)

ns2-examples/stable 2.35+dfsg-9 all
  discrete event simulator targeted at networking research (examples)

nsntrace/stable 4-1+b2 arm64
  perform network trace of a single process by using network namespaces

nx-x11proto-composite-dev/stable 2:3.5.99.27-2 arm64
  nx-X11 Composite extension wire protocol

nx-x11proto-core-dev/stable 2:3.5.99.27-2 arm64
  nx-X11 core wire protocol and auxiliary headers

nx-x11proto-damage-dev/stable 2:3.5.99.27-2 arm64
  nx-X11 Damage extension wire protocol

nx-x11proto-randr-dev/stable 2:3.5.99.27-2 arm64
  nx-X11 RandR extension wire protocol

nx-x11proto-render-dev/stable 2:3.5.99.27-2 arm64
  nx-X11 Render extension wire protocol

nx-x11proto-scrnsaver-dev/stable 2:3.5.99.27-2 arm64
  nx-X11 Screen Saver extension wire protocol

nx-x11proto-xext-dev/stable 2:3.5.99.27-2 arm64
  nx-X11 miscellaneous extension wire protocol

nx-x11proto-xfixes-dev/stable 2:3.5.99.27-2 arm64
  nx-X11 'xfixes' extension wire protocol

nx-x11proto-xinerama-dev/stable 2:3.5.99.27-2 arm64
  nx-X11 Xinerama extension wire protocol

obs-pipewire-audio-capture/stable 1.2.0-1 arm64
  Audio device and application capture for OBS Studio using PipeWire

obs-plugins/stable 30.2.3+dfsg-3 arm64
  recorder and streamer for live video content (plugins)

opennds/stable 10.3.1+dfsg-1 all
  manage access to public internet access

opennds-daemon/stable 10.3.1+dfsg-1 arm64
  manage access to public internet access (service daemon)

opennds-daemon-common/stable 10.3.1+dfsg-1 all
  manage access to public internet access (service helper scripts)

openobex-apps/stable 1.7.2-2.2+b1 arm64
  Applications for OpenOBEX

openvpn/stable 2.6.14-1+deb13u3 arm64
  virtual private network daemon

openvpn3-client/stable 24.1+dfsg-1 arm64
  virtual private network client (version 3)

ostinato/stable 1.3.0-1+b2 arm64
  Packet/Traffic Generator and Analyzer

ow-shell/stable 3.2p4+dfsg1-6 arm64
  shell utilities to talk to an 1-Wire owserver

ow-tools/stable 3.2p4+dfsg1-6 all
  tools to monitor or inspect a ow-server link

owfs/stable 3.2p4+dfsg1-6 all
  Dallas 1-wire support

owfs-common/stable 3.2p4+dfsg1-6 all
  common files used by any of the OWFS programs

owfs-doc/stable 3.2p4+dfsg1-6 all
  Dallas 1-wire support: Documentation for owfs

owfs-fuse/stable 3.2p4+dfsg1-6 arm64
  1-Wire filesystem

owftpd/stable 3.2p4+dfsg1-6 arm64
  FTP daemon providing access to 1-Wire networks

owhttpd/stable 3.2p4+dfsg1-6 arm64
  HTTP daemon providing access to 1-Wire networks

owserver/stable 3.2p4+dfsg1-6 arm64
  Backend server for 1-Wire control

packeth/stable 3.0-1 arm64
  Ethernet packet generator

parprouted/stable 0.70-4 arm64
  transparent IP (Layer 3) proxy ARP bridging tool

pcapfix/stable 1.1.7-2+b1 arm64
  repairs broken pcap and pcapng files

pcb-rnd/stable 3.1.6-1 arm64
  Standard installation of pcb-rnd

pcmciautils/stable 018-18 arm64
  PCMCIA utilities for Linux 2.6

pipewire/stable,now 1.4.2-1 arm64 [installed]
  audio and video processing engine multimedia server

pipewire-alsa/stable 1.4.2-1 arm64
  PipeWire ALSA plugin, for ALSA applications to output via PipeWire

pipewire-audio/stable 1.4.2-1 all
  recommended set of PipeWire packages for a standard audio desktop use

pipewire-audio-client-libraries/stable 1.4.2-1 all
  transitional package for pipewire-alsa and pipewire-jack

pipewire-bin/stable,now 1.4.2-1 arm64 [installed,automatic]
  PipeWire multimedia server - programs

pipewire-doc/stable 1.4.2-1 all
  libraries for the PipeWire multimedia server - documentation

pipewire-jack/stable 1.4.2-1 arm64
  PipeWire JACK plugin, for JACK applications to output via PipeWire

pipewire-libcamera/stable 1.4.2-1 all
  transitional package for libspa-0.2-libcamera

pipewire-module-xrdp/stable 0.2-2 all
  audio over xrdp for PipeWire based systems

pipewire-pulse/stable,now 1.4.2-1 arm64 [installed]
  PipeWire PulseAudio daemon

pipewire-tests/stable 1.4.2-1 arm64
  PipeWire multimedia server - tests and examples

pipewire-v4l2/stable 1.4.2-1 arm64
  PipeWire V4L2 plugin

plantuml/stable 1:1.2020.2+ds-6 all
  text-to-UML converter

ponyprog/stable 3.1.4+ds-1 arm64
  Serial device programmer

printer-driver-foo2zjs/stable 20200505dfsg0-3+b1 arm64
  printer driver for ZjStream-based printers

printer-driver-foo2zjs-common/stable 20200505dfsg0-3 all
  printer driver for ZjStream-based printers - common files

procmeter3/stable 3.6-3.1+b2 arm64
  graphical system status monitor

python3-devialet/stable 1.5.7-1 all
  Interface for controlling Devialet wireless speakers

python3-dnslib/stable 0.9.25-1 all
  Module to encode/decode DNS wire-format packets (Python 3)

python3-enocean/stable 0.60.1-2 all
  Library for interacting with EnOcean wireless modules

python3-habluetooth/stable 3.48.2-1 arm64
  High availability Bluetooth

python3-hinawa-utils/stable 0.4.0-1 all
  Library to control Audio and Music units on FireWire (IEEE1394)

python3-kazoo/stable 2.9.0-2 all
  higher level API to Apache Zookeeper (Python 3)

python3-lib25519/stable 0~20241004.1-4 all
  microlibrary X25519/Ed25519 - Python wrapper

python3-libpulse/stable 0.7-1 all
  async Python 3 bindings for Pulseaudio and Pipewire pulse library

python3-mceliece/stable 0~20241009.1-4 all
  Classic McEliece microlibrary - Python wrapper

python3-mido/stable 1.3.3-0.1 all
  Python 3 module for working with MIDI messages and ports

python3-omemo/stable 1.2.0-1 all
  Python 3 implementation of the OMEMO protocol

python3-onewire/stable 0.2-2+b10 arm64
  Wrapper for OWFS C-API (Python 3)

python3-pyric/stable 0.1.6.4+git20170421.0562b17-1 all
  Python library for Linux wireless device control

python3-pysword/stable 0.2.8-2 all
  native Python reader module for the SWORD Project (Python 3)

python3-pywws/stable 24.8.0-2 all
  software for wireless weather stations

python3-renishawwire/stable 0.1.16-4 all
  Renishaw Raman spectroscopy parser in python

python3-songpal/stable 0.16.2-2 all
  Control Sony devices using the Songpal protocol

qml6-module-org-kde-pipewire/stable 6.3.6-1 arm64
  KDE's Pipewire libraries - QML module

qmmp/stable 2.2.4-1 arm64
  feature-rich audio player with support of many formats

qpwgraph/stable 0.8.2-1 arm64
  User interface for controlling the PipeWire Graph

rasmol/stable 2.7.6.0-4 arm64
  visualization of biological macromolecules

reaver/stable 1.6.6-2+b2 arm64
  brute force attack tool against Wi-Fi Protected Setup PIN number

rfkill/stable 2.41-5 arm64
  tool for enabling and disabling wireless devices

rsyslog/stable 8.2504.0-1 arm64
  reliable system and kernel logging daemon

ruby-cucumber-wire/stable 0.0.1-3 all
  Wire protocol for Cucumber (a ruby acceptance testing framework)

ruby-googleapis-common-protos-types/stable 1.14.0-1 all
  Common protobuf types used in Google APIs

ruby-ssh-data/stable 1.3.0-2 all
  Library for parsing SSH certificates

ruby-stomp/stable 1.4.10-3 all
  Ruby client for the stomp messaging protocol

sd-mux-ctrl/stable 0.0.3-3+b2 arm64
  Tool for controlling multiple sd-mux devices

smartlist/stable 3.15-27 arm64
  Versatile and Intelligent List Processor

soapysdr-module-xtrx/stable 0.0.1+git20191219.98458ce-3+b2 arm64
  XTRX device support for SoapySDR (default version)

soapysdr0.8-module-xtrx/stable 0.0.1+git20191219.98458ce-3+b2 arm64
  XTRX device support for SoapySDR

solaar/stable 1.1.14-4 all
  Logitech Unifying Receiver peripherals manager for Linux

sword-text-kjv/stable 22.29-1 all
  King James Version with Strongs Numbers for SWORD

systraq/stable 20201231-5 all
  monitor your system and warn when system files change

tcpflow/stable 1.6.1-3+b2 arm64
  TCP flow recorder

tcpflow-nox/stable 1.6.1-3+b2 arm64
  TCP flow recorder - version without X11 dependencies

termshark/stable 2.4.0-2+b8 arm64
  Terminal UI for tshark, inspired by Wireshark

tiger/stable 1:3.2.4~rc1-3.4 arm64
  security auditing and intrusion detection tools for Linux

tripwire/stable 2.4.3.7-6+b17 arm64
  file and directory integrity checker

tshark/stable 4.4.16-0+deb13u1 arm64
  network traffic analyzer - console version

uapevent/stable 1.4-3 arm64
  event monitoring tool for Marvell uAP wireless driver

uaputl/stable 1.12-3 arm64
  admin utility for Marvell uAP wireless driver

ubertooth/stable 2018.12.R1-5.3 arm64
  2.4 GHz wireless development platform for Bluetooth experimentation

ulogd2-pcap/stable 2.0.8-3 arm64
  pcap extension to ulogd

urfkill/stable 0.5.0-7.3 arm64
  wireless killswitch management daemon for laptops

uucp/stable 1.07-30 arm64
  Unix to Unix Copy Program

vde-wirefilter/stable 2.3.2+r586-11 arm64
  Virtual Distributed Ethernet. wirefilter command.

vlc-plugin-pipewire/stable 3-3+b2 arm64
  PipeWire audio plugins for VLC

w1retap/stable 1.5.5-2 arm64
  Data logger for 1-Wire weather sensors

w1retap-doc/stable 1.5.5-2 all
  Data logger for 1-Wire weather sensors (docs)

w1retap-mysql/stable 1.5.5-2 arm64
  Data logger for 1-Wire weather sensors (MySQL plugin)

w1retap-odbc/stable 1.5.5-2 arm64
  Data logger for 1-Wire weather sensors (ODBC plugin)

w1retap-pgsql/stable 1.5.5-2 arm64
  Data logger for 1-Wire weather sensors (PostgreSQL plugin)

w1retap-sqlite/stable 1.5.5-2 arm64
  Data logger for 1-Wire weather sensors (SQLite plugin)

wapua/stable 0.06.4-1 all
  Web browser for WAP WML pages

wavemon/stable 0.9.1-1+b1 arm64
  Wireless Device Monitoring Application

weplab/stable 0.1.5-7+b1 arm64
  tool designed to break WEP keys

wifite/stable 2.7.0-3 all
  Python script to automate wireless auditing using aircrack-ng tools

wiredpanda/stable 4.2.1-1+b1 arm64
  logic circuits simulator

wireguard/stable 1.0.20210914-3 all
  fast, modern, secure kernel VPN tunnel (metapackage)

wireguard-go/stable 0.0.20231211-1+b9 arm64
  Userspace implementation of WireGuard in Go (program)

wireguard-tools/stable 1.0.20210914-3 arm64
  fast, modern, secure kernel VPN tunnel (userland utilities)

wireless-regdb/stable 2026.05.30-1~deb13u1 all
  wireless regulatory database for Linux

wireless-tools/stable 30~pre9-18+b1 arm64
  Tools for manipulating Linux Wireless Extensions

wireplumber/stable,now 0.5.8-2 arm64 [installed]
  modular session / policy manager for PipeWire

wireplumber-doc/stable 0.5.8-2 all
  modular session / policy manager for PipeWire - documentation

wireshark/stable 4.4.16-0+deb13u1 arm64
  network traffic analyzer - graphical interface

wireshark-common/stable 4.4.16-0+deb13u1 arm64
  network traffic analyzer - common files

wireshark-dev/stable 4.4.16-0+deb13u1 arm64
  network traffic analyzer - development tools

wireshark-doc/stable 4.4.16-0+deb13u1 all
  network traffic analyzer - documentation

wireviz/stable 0.4.1-4 all
  Tool for generating wire connection diagrams from YAML

wireviz-doc/stable 0.4.1-4 all
  WireViz documentation & example projects

wmwave/stable 0.4-11.2 arm64
  Monitor status of an 802.11 wireless ethernet link

wpan-tools/stable 0.9-1+b1 arm64
  Configure and test 802.15.4 devices

wpasupplicant/stable 2:2.10-24 arm64
  client support for WPA and WPA2 (IEEE 802.11i)

x11proto-dev/stable 2024.1-1 all
  X11 extension protocols and auxiliary headers

x25519/stable 0~20241004-2 arm64
  microlibrary X25519/Ed25519 - X25519 command line tools

xboxdrv/stable 0.8.8-4+b1 arm64
  Xbox360 gamepad driver for the userspace

xfce4-goodies/stable 4.20.0 arm64
  enhancements for the Xfce4 Desktop Environment

xiphos/stable 4.3.2+dfsg1-1 arm64
  environment for Bible reading, study, and research

xiphos-data/stable 4.3.2+dfsg1-1 all
  data files for Xiphos Bible study software

xnec2c/stable 1:4.4.16-1 arm64
  calculate and display radio antenna properties

xosview/stable 1.24-1+b1 arm64
  X based system monitor

xtrx-dkms/stable 0.0.1+git20190320.5ae3a3e-3.7 all
  XTRX PCI driver for Linux

xtrx-fft/stable 0.0.1+git20191219.98458ce-3+b2 arm64
  Simple spectrum browser for XTRX

yt-dlp/stable 2025.04.30-1 all
  downloader of videos from YouTube and other sites

