
WARNING: apt does not have a stable CLI interface. Use with caution in scripts.

Sorting...
Full Text Search...
activity-aware-firefox/stable 0.4.2-1 all
  wrapper to make Firefox aware of Plasma Desktop activities

amule-gnome-support/stable 1:2.3.3-3.2 all
  ed2k links handling support for GNOME web browsers

arno-iptables-firewall/stable 2.1.2a-3 all
  single- and multi-homed firewall script with DSL/ADSL support

barrage/stable 1.0.7-1 arm64
  Rather destructive action game

bilibop/stable 0.6.5 all
  run Debian GNU/Linux from external media - metapackage

bilibop-common/stable 0.6.5 all
  shell functions for bilibop scripts

bilibop-lockfs/stable 0.6.5 all
  lock filesystems and write changes into RAM

bilibop-rules/stable 0.6.5 all
  device management rules for OS running from external media

bilibop-udev/stable 0.6.5 all
  minimal udev rule for Debian GNU/Linux running from external media

birdtray/stable 1.9.0+ds-2+b3 arm64
  system tray notifications for Thunderbird

bittwist/stable 4.7+ds-2 arm64
  libpcap based Ethernet packet generator

bleachbit/stable 4.6.2-2 all
  delete unnecessary files from the system

blobandconquer/stable 1.11-dfsg+20-5 arm64
  3D platform shooting game

blockdomains/stable 0.1-1 arm64
  Firewall agent blocking selected HTTP and SSL connections

bottlerocket/stable 0.05b3-22 arm64
  Utility to control X10 Firecracker devices for home automation

buku/stable 4.9+ds-1 all
  Powerful command-line bookmark manager

bumprace/stable 1.5.8-2 arm64
  1 or 2 players race through a multi-level maze

bumprace-data/stable 1.5.8-2 all
  data files for bumprace

caca-utils/stable 0.99.beta20-5+deb13u1 arm64
  text mode graphics utilities

cbindgen/stable 0.27.0-1+b4 arm64
  Generates C bindings from Rust code

centreon-plugins/stable 0.0~20250303+dfsg-1 all
  Collection of Nagios plugins to monitor OS, services and network devices

conntrackd/stable 1:1.4.8-2+b1 arm64
  Connection tracking daemon

containernetworking-plugins/stable 1.1.1+ds1-3+b17 arm64
  standard networking plugins - binaries

crm114/stable 20100106-11 arm64
  versatile classifier for e-mail and other data

crossfire-client/stable 1.75.3-1+b1 arm64
  Client for the multiplayer roguelike Crossfire

crossfire-client-images/stable 1.70.0-2 all
  Base crossfire-client images

crossfire-common/stable 1.75.0-8.1 all
  Architecture independent common files for Crossfire server

crossfire-doc/stable 1.75.0-8.1 all
  Documentation for Crossfire

crossfire-maps/stable 1.75.0+dfsg1-1 all
  Standard set of maps for crossfire

crossfire-server/stable 1.75.0-8.1 arm64
  Server for Crossfire Games

crowdsec-firewall-bouncer/stable 0.0.25-5+b11 arm64
  CrowdSec bouncer for firewalls

darkfire-gtk-theme/stable 0-4 all
  dark GTK2/GTK3/Metacity theme

davmail/stable 6.3.0.3627-1 all
  POP/IMAP/SMTP/CalDav/LDAP to Microsoft Exchange gateway - GUI

davmail-server/stable 6.3.0.3627-1 all
  POP/IMAP/SMTP/CalDav/LDAP to Microsoft Exchange gateway - headless

ddgr/stable 2.2-1 all
  DuckDuckGo from the terminal

dh-cargo/stable 32 all
  debhelper buildsystem for Rust crates using Cargo

dnsmap/stable 0.36-4 arm64
  DNS domain name brute forcing tool

dnsproxy/stable 1.17+git20211129.22329c4-6+b3 arm64
  proxy for DNS queries

dv4l/stable 1.0-5.2 arm64
  Redirect V4L API to access a camcorder from a V4L program

dvbackup/stable 1:0.0.4-11 arm64
  backup tool using MiniDV camcorders

dvgrab/stable 3.5+git20250306.8e1f93d-1 arm64
  grab digital video data via IEEE1394 and USB links

elpa-atomic-chrome/stable 2.0.0-6 all
  edit a web-browser text entry area with Emacs

excellent-bifurcation/stable 0.0.20071015-11 arm64
  abstract vertical shooter with two sides to play on

fail2ban/stable 1.1.0-8 all
  ban hosts that cause multiple authentication errors

ferm/stable 2.5.1-4 all
  maintain and setup complicated firewall rules

ffado-dbus-server/stable 2.4.9-2 arm64
  FFADO D-Bus server

ffado-mixer-qt4/stable 2.4.9-2 all
  FFADO D-Bus mixer applets

ffado-tools/stable 2.4.9-2 arm64
  FFADO debugging and firmware tools

filetea/stable 0.1.18-3+b1 arm64
  Web-based file sharing system

filtergen/stable 0.12.8-3+b2 arm64
  packet filter generator for various firewall systems

firebird-dev/stable 4.0.5.3140.ds6-17+deb13u1 arm64
  Development files for Firebird

firebird-utils/stable 4.0.5.3140.ds6-17+deb13u1 all
  Firebird command line utilities wrapper

firebird3.0-common/stable 3.0.12.ds7-13+deb13u1 all
  common files for firebird 3.0 server, client and utilities

firebird3.0-common-doc/stable 3.0.12.ds7-13+deb13u1 all
  copyright, licensing and changelogs of firebird3.0

firebird3.0-doc/stable 3.0.12.ds7-13+deb13u1 all
  Documentation files for firebird database version 3.0

firebird3.0-examples/stable 3.0.12.ds7-13+deb13u1 all
  Examples for Firebird database

firebird3.0-server/stable 3.0.12.ds7-13+deb13u1 arm64
  Firebird Server - an RDBMS based on InterBase 6.0 code

firebird3.0-server-core/stable 3.0.12.ds7-13+deb13u1 arm64
  Firebird engine core

firebird3.0-utils/stable 3.0.12.ds7-13+deb13u1 arm64
  Firebird command line utilities

firebird4.0-common/stable 4.0.5.3140.ds6-17+deb13u1 all
  common files for firebird 4.0 server, client and utilities

firebird4.0-common-doc/stable 4.0.5.3140.ds6-17+deb13u1 all
  copyright, licensing and changelogs of firebird4.0

firebird4.0-doc/stable 4.0.5.3140.ds6-17+deb13u1 all
  Documentation files for firebird database version 4.0

firebird4.0-examples/stable 4.0.5.3140.ds6-17+deb13u1 all
  Examples for Firebird database

firebird4.0-server/stable 4.0.5.3140.ds6-17+deb13u1 arm64
  Firebird Server - an RDBMS based on InterBase 6.0 code

firebird4.0-server-core/stable 4.0.5.3140.ds6-17+deb13u1 arm64
  Firebird engine core

firebird4.0-utils/stable 4.0.5.3140.ds6-17+deb13u1 arm64
  Firebird command line utilities

firefox-esr/stable,now 140.12.0esr-1~deb13u1 arm64 [installed]
  Mozilla Firefox web browser - Extended Support Release (ESR)

firefox-esr-l10n-ach/stable 140.12.0esr-1~deb13u1 all
  Acoli language package for Firefox ESR

firefox-esr-l10n-af/stable 140.12.0esr-1~deb13u1 all
  Afrikaans language package for Firefox ESR

firefox-esr-l10n-all/stable 140.12.0esr-1~deb13u1 all
  All language packages for Firefox ESR (meta)

firefox-esr-l10n-an/stable 140.12.0esr-1~deb13u1 all
  Aragonese language package for Firefox ESR

firefox-esr-l10n-ar/stable 140.12.0esr-1~deb13u1 all
  Arabic language package for Firefox ESR

firefox-esr-l10n-ast/stable 140.12.0esr-1~deb13u1 all
  Asturian language package for Firefox ESR

firefox-esr-l10n-az/stable 140.12.0esr-1~deb13u1 all
  Azerbaijani language package for Firefox ESR

firefox-esr-l10n-be/stable 140.12.0esr-1~deb13u1 all
  Belarusian language package for Firefox ESR

firefox-esr-l10n-bg/stable 140.12.0esr-1~deb13u1 all
  Bulgarian language package for Firefox ESR

firefox-esr-l10n-bn/stable 140.12.0esr-1~deb13u1 all
  Bengali language package for Firefox ESR

firefox-esr-l10n-br/stable 140.12.0esr-1~deb13u1 all
  Breton language package for Firefox ESR

firefox-esr-l10n-bs/stable 140.12.0esr-1~deb13u1 all
  Bosnian language package for Firefox ESR

firefox-esr-l10n-ca/stable 140.12.0esr-1~deb13u1 all
  Catalan language package for Firefox ESR

firefox-esr-l10n-ca-valencia/stable 140.12.0esr-1~deb13u1 all
  Catalan (Valencia) language package for Firefox ESR

firefox-esr-l10n-cak/stable 140.12.0esr-1~deb13u1 all
  Kaqchikel language package for Firefox ESR

firefox-esr-l10n-cs/stable 140.12.0esr-1~deb13u1 all
  Czech language package for Firefox ESR

firefox-esr-l10n-cy/stable 140.12.0esr-1~deb13u1 all
  Welsh language package for Firefox ESR

firefox-esr-l10n-da/stable 140.12.0esr-1~deb13u1 all
  Danish language package for Firefox ESR

firefox-esr-l10n-de/stable 140.12.0esr-1~deb13u1 all
  German language package for Firefox ESR

firefox-esr-l10n-dsb/stable 140.12.0esr-1~deb13u1 all
  Lower Sorbian language package for Firefox ESR

firefox-esr-l10n-el/stable 140.12.0esr-1~deb13u1 all
  Modern Greek language package for Firefox ESR

firefox-esr-l10n-en-ca/stable 140.12.0esr-1~deb13u1 all
  English (Canada) language package for Firefox ESR

firefox-esr-l10n-en-gb/stable 140.12.0esr-1~deb13u1 all
  English (United Kingdom) language package for Firefox ESR

firefox-esr-l10n-eo/stable 140.12.0esr-1~deb13u1 all
  Esperanto language package for Firefox ESR

firefox-esr-l10n-es-ar/stable 140.12.0esr-1~deb13u1 all
  Spanish (Argentina) language package for Firefox ESR

firefox-esr-l10n-es-cl/stable 140.12.0esr-1~deb13u1 all
  Spanish (Chile) language package for Firefox ESR

firefox-esr-l10n-es-es/stable 140.12.0esr-1~deb13u1 all
  Spanish (Spain) language package for Firefox ESR

firefox-esr-l10n-es-mx/stable 140.12.0esr-1~deb13u1 all
  Spanish (Mexico) language package for Firefox ESR

firefox-esr-l10n-et/stable 140.12.0esr-1~deb13u1 all
  Estonian language package for Firefox ESR

firefox-esr-l10n-eu/stable 140.12.0esr-1~deb13u1 all
  Basque language package for Firefox ESR

firefox-esr-l10n-fa/stable 140.12.0esr-1~deb13u1 all
  Persian language package for Firefox ESR

firefox-esr-l10n-ff/stable 140.12.0esr-1~deb13u1 all
  Fulah language package for Firefox ESR

firefox-esr-l10n-fi/stable 140.12.0esr-1~deb13u1 all
  Finnish language package for Firefox ESR

firefox-esr-l10n-fr/stable 140.12.0esr-1~deb13u1 all
  French language package for Firefox ESR

firefox-esr-l10n-fur/stable 140.12.0esr-1~deb13u1 all
  Friulian language package for Firefox ESR

firefox-esr-l10n-fy-nl/stable 140.12.0esr-1~deb13u1 all
  Western Frisian (Netherlands) language package for Firefox ESR

firefox-esr-l10n-ga-ie/stable 140.12.0esr-1~deb13u1 all
  Irish (Ireland) language package for Firefox ESR

firefox-esr-l10n-gd/stable 140.12.0esr-1~deb13u1 all
  Scottish Gaelic language package for Firefox ESR

firefox-esr-l10n-gl/stable 140.12.0esr-1~deb13u1 all
  Galician language package for Firefox ESR

firefox-esr-l10n-gn/stable 140.12.0esr-1~deb13u1 all
  Guarani language package for Firefox ESR

firefox-esr-l10n-gu-in/stable 140.12.0esr-1~deb13u1 all
  Gujarati (India) language package for Firefox ESR

firefox-esr-l10n-he/stable 140.12.0esr-1~deb13u1 all
  Hebrew language package for Firefox ESR

firefox-esr-l10n-hi-in/stable 140.12.0esr-1~deb13u1 all
  Hindi (India) language package for Firefox ESR

firefox-esr-l10n-hr/stable 140.12.0esr-1~deb13u1 all
  Croatian language package for Firefox ESR

firefox-esr-l10n-hsb/stable 140.12.0esr-1~deb13u1 all
  Upper Sorbian language package for Firefox ESR

firefox-esr-l10n-hu/stable 140.12.0esr-1~deb13u1 all
  Hungarian language package for Firefox ESR

firefox-esr-l10n-hy-am/stable 140.12.0esr-1~deb13u1 all
  Armenian (Armenia) language package for Firefox ESR

firefox-esr-l10n-ia/stable 140.12.0esr-1~deb13u1 all
  Interlingua language package for Firefox ESR

firefox-esr-l10n-id/stable 140.12.0esr-1~deb13u1 all
  Indonesian language package for Firefox ESR

firefox-esr-l10n-is/stable 140.12.0esr-1~deb13u1 all
  Icelandic language package for Firefox ESR

firefox-esr-l10n-it/stable 140.12.0esr-1~deb13u1 all
  Italian language package for Firefox ESR

firefox-esr-l10n-ja/stable 140.12.0esr-1~deb13u1 all
  Japanese language package for Firefox ESR

firefox-esr-l10n-ka/stable 140.12.0esr-1~deb13u1 all
  Georgian language package for Firefox ESR

firefox-esr-l10n-kab/stable 140.12.0esr-1~deb13u1 all
  Kabyle language package for Firefox ESR

firefox-esr-l10n-kk/stable 140.12.0esr-1~deb13u1 all
  Kazakh language package for Firefox ESR

firefox-esr-l10n-km/stable 140.12.0esr-1~deb13u1 all
  Khmer language package for Firefox ESR

firefox-esr-l10n-kn/stable 140.12.0esr-1~deb13u1 all
  Kannada language package for Firefox ESR

firefox-esr-l10n-ko/stable 140.12.0esr-1~deb13u1 all
  Korean language package for Firefox ESR

firefox-esr-l10n-lij/stable 140.12.0esr-1~deb13u1 all
  Ligurian language package for Firefox ESR

firefox-esr-l10n-lt/stable 140.12.0esr-1~deb13u1 all
  Lithuanian language package for Firefox ESR

firefox-esr-l10n-lv/stable 140.12.0esr-1~deb13u1 all
  Latvian language package for Firefox ESR

firefox-esr-l10n-mk/stable 140.12.0esr-1~deb13u1 all
  Macedonian language package for Firefox ESR

firefox-esr-l10n-mr/stable 140.12.0esr-1~deb13u1 all
  Marathi language package for Firefox ESR

firefox-esr-l10n-ms/stable 140.12.0esr-1~deb13u1 all
  Malay language package for Firefox ESR

firefox-esr-l10n-my/stable 140.12.0esr-1~deb13u1 all
  Burmese language package for Firefox ESR

firefox-esr-l10n-nb-no/stable 140.12.0esr-1~deb13u1 all
  Norwegian Bokmål (Norway) language package for Firefox ESR

firefox-esr-l10n-ne-np/stable 140.12.0esr-1~deb13u1 all
  Nepali (Nepal) language package for Firefox ESR

firefox-esr-l10n-nl/stable 140.12.0esr-1~deb13u1 all
  Dutch language package for Firefox ESR

firefox-esr-l10n-nn-no/stable 140.12.0esr-1~deb13u1 all
  Norwegian Nynorsk (Norway) language package for Firefox ESR

firefox-esr-l10n-oc/stable 140.12.0esr-1~deb13u1 all
  Occitan language package for Firefox ESR

firefox-esr-l10n-pa-in/stable 140.12.0esr-1~deb13u1 all
  Panjabi (India) language package for Firefox ESR

firefox-esr-l10n-pl/stable 140.12.0esr-1~deb13u1 all
  Polish language package for Firefox ESR

firefox-esr-l10n-pt-br/stable 140.12.0esr-1~deb13u1 all
  Portuguese (Brazil) language package for Firefox ESR

firefox-esr-l10n-pt-pt/stable 140.12.0esr-1~deb13u1 all
  Portuguese (Portugal) language package for Firefox ESR

firefox-esr-l10n-rm/stable 140.12.0esr-1~deb13u1 all
  Romansh language package for Firefox ESR

firefox-esr-l10n-ro/stable 140.12.0esr-1~deb13u1 all
  Romanian language package for Firefox ESR

firefox-esr-l10n-ru/stable 140.12.0esr-1~deb13u1 all
  Russian language package for Firefox ESR

firefox-esr-l10n-sat/stable 140.12.0esr-1~deb13u1 all
  Santali language package for Firefox ESR

firefox-esr-l10n-sc/stable 140.12.0esr-1~deb13u1 all
  Sardinian language package for Firefox ESR

firefox-esr-l10n-sco/stable 140.12.0esr-1~deb13u1 all
  Scots language package for Firefox ESR

firefox-esr-l10n-si/stable 140.12.0esr-1~deb13u1 all
  Sinhala language package for Firefox ESR

firefox-esr-l10n-sk/stable 140.12.0esr-1~deb13u1 all
  Slovak language package for Firefox ESR

firefox-esr-l10n-skr/stable 140.12.0esr-1~deb13u1 all
  Saraiki language package for Firefox ESR

firefox-esr-l10n-sl/stable 140.12.0esr-1~deb13u1 all
  Slovenian language package for Firefox ESR

firefox-esr-l10n-son/stable 140.12.0esr-1~deb13u1 all
  Songhai languages language package for Firefox ESR

firefox-esr-l10n-sq/stable 140.12.0esr-1~deb13u1 all
  Albanian language package for Firefox ESR

firefox-esr-l10n-sr/stable 140.12.0esr-1~deb13u1 all
  Serbian language package for Firefox ESR

firefox-esr-l10n-sv-se/stable 140.12.0esr-1~deb13u1 all
  Swedish (Sweden) language package for Firefox ESR

firefox-esr-l10n-szl/stable 140.12.0esr-1~deb13u1 all
  Silesian language package for Firefox ESR

firefox-esr-l10n-ta/stable 140.12.0esr-1~deb13u1 all
  Tamil language package for Firefox ESR

firefox-esr-l10n-te/stable 140.12.0esr-1~deb13u1 all
  Telugu language package for Firefox ESR

firefox-esr-l10n-tg/stable 140.12.0esr-1~deb13u1 all
  Tajik language package for Firefox ESR

firefox-esr-l10n-th/stable 140.12.0esr-1~deb13u1 all
  Thai language package for Firefox ESR

firefox-esr-l10n-tl/stable 140.12.0esr-1~deb13u1 all
  Tagalog language package for Firefox ESR

firefox-esr-l10n-tr/stable 140.12.0esr-1~deb13u1 all
  Turkish language package for Firefox ESR

firefox-esr-l10n-trs/stable 140.12.0esr-1~deb13u1 all
  Chicahuaxtla Triqui language package for Firefox ESR

firefox-esr-l10n-uk/stable 140.12.0esr-1~deb13u1 all
  Ukrainian language package for Firefox ESR

firefox-esr-l10n-ur/stable 140.12.0esr-1~deb13u1 all
  Urdu language package for Firefox ESR

firefox-esr-l10n-uz/stable 140.12.0esr-1~deb13u1 all
  Uzbek language package for Firefox ESR

firefox-esr-l10n-vi/stable 140.12.0esr-1~deb13u1 all
  Vietnamese language package for Firefox ESR

firefox-esr-l10n-xh/stable 140.12.0esr-1~deb13u1 all
  Xhosa language package for Firefox ESR

firefox-esr-l10n-zh-cn/stable 140.12.0esr-1~deb13u1 all
  Chinese (China) language package for Firefox ESR

firefox-esr-l10n-zh-tw/stable 140.12.0esr-1~deb13u1 all
  Chinese (Taiwan) language package for Firefox ESR

firefox-esr-mobile-config/stable 4.6.0-3 all
  Default mobile-friendly configuration for Firefox ESR

firehol/stable 3.1.8+ds-1 all
  easy to use but powerful iptables stateful firewall (program)

firehol-common/stable 3.1.8+ds-1 all
  easy to use but powerful traffic suite (common library)

firehol-doc/stable 3.1.8+ds-1 all
  easy to use but powerful iptables stateful firewall (docs)

firehol-tools/stable 3.1.8+ds-1 all
  easy to use but powerful traffic suite (extra tools)

firehol-tools-doc/stable 3.1.8+ds-1 all
  easy to use but powerful traffic suite (extra tools docs)

firejail/stable 0.9.74-1 arm64
  sandbox to restrict the application environment

firejail-profiles/stable 0.9.74-1 all
  profiles for the firejail application sandbox

fireqos/stable 3.1.8+ds-1 all
  easy to use but powerful traffic shaping tool (program)

fireqos-doc/stable 3.1.8+ds-1 all
  easy to use but powerful traffic shaping tool (docs)

firetools/stable 0.9.72-1+b2 arm64
  Qt frontend for the Firejail application sandbox

firewalk/stable 5.0-5+b2 arm64
  active reconnaissance network security tool

firewall-applet/stable 2.3.1-1+deb13u1 all
  panel applet providing status information of firewalld

firewall-config/stable 2.3.1-1+deb13u1 all
  graphical configuration tool to change the firewall settings

firewalld/stable 2.3.1-1+deb13u1 all
  dynamically managed firewall with support for network zones

firewalld-tests/stable 2.3.1-1+deb13u1 all
  installed tests for firewalld

flamerobin/stable 0.9.13.ds.2-2 arm64
  graphical database administration tool for Firebird DBMS

fonts-aenigma/stable 0.0.20080511+dfsg-5 all
  465 free TrueType fonts by Brian Kent

fonts-arphic-uming/stable 0.2.20080216.2-11 all
  "AR PL UMing" Chinese Unicode TrueType font collection Mingti style

fonts-clear-sans/stable 1.00-2 all
  sharp on-screen sans-serif font

fonts-katex/stable 0.16.10+~cs6.1.0-2 all
  Fast math typesetting for the web (fonts)

fonts-lyx/stable 2.4.3-1 all
  TrueType versions of some TeX fonts used by LyX

foolsm/stable 1.0.21-2 arm64
  Link connectivity monitor tool

foomuuri/stable 0.27-2+deb13u1 all
  multizone bidirectional nftables firewall

foomuuri-firewalld/stable 0.27-2+deb13u1 all
  multizone bidirectional nftables firewall - firewalld emulation

fretsonfire-songs-muldjord/stable 2.dfsg-3 all
  game of musical skill and fast fingers - Songs Package

fretsonfire-songs-sectoid/stable 1.dfsg-4 all
  game of musical skill and fast fingers - Songs Package

ftp-proxy/stable 1.9.2.4-11+b1 arm64
  application level proxy for the FTP protocol

ftp-proxy-doc/stable 1.9.2.4-11 all
  documentation for ftp-proxy

fwanalog/stable 0.6.9-11 all
  firewall log-file report generator (using analog)

fwbuilder/stable 5.3.7-8 arm64
  Firewall administration tool GUI

fwbuilder-common/stable 5.3.7-8 all
  Firewall administration tool GUI (common files)

fwbuilder-doc/stable 5.3.7-8 all
  Firewall administration tool GUI documentation

fwknop-apparmor-profile/stable 2.6.11-2 all
  FireWall KNock OPerator - Apparmor profile

fwknop-client/stable 2.6.11-2+b1 arm64
  FireWall KNock OPerator client side - C version

fwknop-server/stable 2.6.11-2+b1 arm64
  FireWall KNock OPerator server side - C version

fwlogwatch/stable 1.4-5 arm64
  Firewall log analyzer

gamazons/stable 0.83-12+b1 arm64
  Amazons boardgame for GNOME

gem-plugin-dc1394/stable 1:0.94-8+b5 arm64
  Graphics Environment for Multimedia - DC1394 support

gem-plugin-dv4l/stable 1:0.94-8+b5 arm64
  Graphics Environment for Multimedia - DV support

gitso/stable 0.6.2+svn158+dfsg-4 all
  simple frontend for reverse VNC connections (remote assistance)

gnome-browser-connector/stable 42.1-6 all
  GNOME Shell extensions integration for web browsers

gnome-kiosk-search-appliance/stable 48.0-1 all
  Example search application that uses GNOME Kiosk

gnome-shell-extension-gsconnect-browsers/stable 62-1+deb13u1 all
  Browser support of KDE Connect implementation for GNOME Shell

golang-github-adrianmo-go-nmea-dev/stable 1.10.0-1 all
  Go library for the NMEA 0183 protocol

golang-github-armon-go-socks5-dev/stable 0.0~git20160902.e753329-1.1 all
  SOCKS5 server in Golang

golang-github-audriusbutkevicius-go-nat-pmp-dev/stable 0.0~git20160522.452c976-3 all
  Go language client for the NAT-PMP internet

golang-github-blackfireio-osinfo-dev/stable 1.0.3-2 all
  Go library to identify the underlying operating system

golang-github-containernetworking-plugins-dev/stable 1.1.1+ds1-3 all
  standard networking plugins - sources

golang-github-jackpal-go-nat-pmp-dev/stable 1.0.2-3 all
  client for the NAT-PMP internet protocol

golang-github-weaveworks-mesh-dev/stable 0.1+git20180323.0c91e69-1 all
  go library to build distributed systems

gpgme-json/stable 1.24.2-3 arm64
  Use GnuPG with web browser extensions

gplanarity/stable 17906-7+b3 arm64
  simple puzzle game involving untangling planar graphs

gsocket/stable 1.4.43-4+b1 arm64
  Allows two machines on different networks to communicate with each other

gufw/stable 24.04.0-3 all
  graphical user interface for ufw

hedgewars/stable 1.0.2-13 arm64
  Funny turn-based artillery game, featuring fighting hedgehogs!

hellfire/stable 0.0~git20180708.bf3c390-1+b29 arm64
  PATHspider Effects List Resolver

hinawa-utils/stable 0.4.0-1 all
  Utilities to control Audio and Music units on FireWire (IEEE1394)

hping3/stable 3.a2.ds2-10.1 arm64
  Active Network Smashing Tool

html2wml/stable 0.4.11+dfsg-2 all
  converts HTML pages to WML (WAP) or i-mode pages

htpdate/stable 1.3.7-2+b3 arm64
  HTTP based time synchronization tool

httptunnel/stable 3.3+dfsg-5+b2 arm64
  Tunnels a data stream in HTTP requests

hunspell-nl/stable 2:2.20.19+1-3 all
  Dutch dictionary for Hunspell

indi-ffmv/stable 0.3+20221223120905-2+b2 arm64
  INDI driver for Point Grey Firefly MV cameras

inotify-tools/stable 4.23.9.0-2+b1 arm64
  command-line programs providing a simple interface to inotify

iodine/stable 0.7.0-11 arm64
  tool for tunneling IPv4 data through a DNS server

iptstate/stable 2.2.7-1 arm64
  top-like interface to your netfilter connection-tracking table

iwatch/stable 0.2.2-11 all
  realtime filesystem monitoring program using inotify

jsxgraph/stable 1.10.1+dfsg1-1 all
  Interactive Geometry with JavaScript

katex/stable 0.16.10+~cs6.1.0-2 all
  Fast math typesetting for the web (command line interface)

kdenlive/stable 24.12.3-2+deb13u1 arm64
  non-linear video editor

kdenlive-data/stable 24.12.3-2+deb13u1 all
  non-linear video editor (data files)

kdocker/stable 5.4-2 arm64
  lets you dock any application into the system tray

knockd/stable 0.8-2+b5 arm64
  small port-knock daemon

ktuberling/stable 4:25.04.0-1 arm64
  stamp drawing toy

lbcd/stable 3.5.2-4 arm64
  Return system load via UDP for remote load balancers

lgeneral/stable 1.4.4-4 arm64
  strategy game in the tradition of Panzer General

libace-htbp-8.0.2/stable 8.0.2+dfsg-2 arm64
  ACE protocol over HTTP tunneling library

libapache2-mod-evasive/stable 2.4.0-2 arm64
  evasive module to minimize HTTP DoS or brute force attacks

libavc1394-0/stable,now 0.5.4-5+b2 arm64 [installed,automatic]
  control IEEE 1394 audio/video devices

libavc1394-dev/stable 0.5.4-5+b2 arm64
  control IEEE 1394 audio/video devices (development files)

libavc1394-tools/stable 0.5.4-5+b2 arm64
  control IEEE 1394 audio/video devices (utilities)

libcatalyst-plugin-smarturi-perl/stable 0.041-2 all
  module providing configurable URIs for Catalyst

libclass-virtual-perl/stable 0.08-3 all
  base class for virtual base classes

libcss-parser-pp0v5/stable 0.87-4+b2 arm64
  simple CSS1 parser library for C++

libcss-parser0/stable 0.87-4+b2 arm64
  simple CSS1 parser library for C

libdbd-firebird-perl/stable 1.39-2 arm64
  Perl DBI driver for Firebird RDBMS server

libdbi-perl/stable,now 1.647-1+deb13u1 arm64 [installed,automatic]
  Perl Database Interface (DBI)

libdc1394-25/stable 2.2.6-5 arm64
  high level programming interface for IEEE 1394 digital cameras

libdc1394-dev/stable 2.2.6-5 arm64
  high level programming interface for IEEE 1394 digital cameras - development

libdc1394-utils/stable 2.2.6-5 arm64
  utilities for IEEE 1394 digital cameras

libdumbnet-dev/stable 1.18.0-2 arm64
  dumb, portable networking library -- development files

libdumbnet1/stable 1.18.0-2 arm64
  dumb, portable networking library -- shared library

libemail-stuffer-perl/stable 0.020-2 all
  casual approach to creating and sending Email:: emails

libevent-distributor-perl/stable 0.06-1 all
  simple in-process pub/sub mechanism

libfbclient2/stable 4.0.5.3140.ds6-17+deb13u1 arm64
  Firebird client library

libffado-dev/stable 2.4.9-2 arm64
  FFADO API - development files

libffado2/stable,now 2.4.9-2 arm64 [installed,automatic]
  FFADO API

libfirefox-marionette-perl/stable 1.63-1 all
  module to automate the Firefox browser with the Marionette protocol

libfko-doc/stable 2.6.11-2 all
  FireWall KNock OPerator - documentation

libfko-perl/stable 2.6.11-2+b1 arm64
  FireWall KNock OPerator - Perl module

libfko3-dev/stable 2.6.11-2+b1 arm64
  FireWall KNock OPerator - development library

libfko3t64/stable 2.6.11-2+b1 arm64
  FireWall KNock OPerator - shared library

libglobus-net-manager0t64/stable 1.7-3+b3 arm64
  Grid Community Toolkit - Network Manager Library

libhitaki-dev/stable 0.2.1-4 arm64
  Library to operate ALSA HwDep device for ALSA firewire stack (development files)

libhitaki0/stable 0.2.1-4 arm64
  Library to operate ALSA HwDep device for ALSA firewire stack

libhtml-widgets-selectlayers-perl/stable 0.07-5 all
  Perl extension for selectable HTML layers

libhtmlcxx-dev/stable 0.87-4+b2 arm64
  simple HTML/CSS1 parser library for C++ (development)

libhtmlcxx3v5/stable 0.87-4+b2 arm64
  simple HTML parser library for C++

libib-util/stable 4.0.5.3140.ds6-17+deb13u1 arm64
  Firebird UDF support library

libiec61883-0/stable,now 1.2.0-7 arm64 [installed,automatic]
  partial implementation of IEC 61883 (shared lib)

libiec61883-dev/stable 1.2.0-7 arm64
  partial implementation of IEC 61883 (devel)

libiptables-parse-perl/stable 1.6-3 all
  Perl extension for parsing iptables firewall rulesets

libjs-excanvas/stable 0.r4~git20200903.44ac99f-1 all
  HTML5 Canvas for Internet Explorer

libjs-expect.js/stable 0.3.1+dfsg+~0.3.29-2 all
  behavior driven test assertions - JavaScript library

libjs-graphael/stable 0.5+dfsg-1.1 all
  charts for raphael

libjs-jquery-jush/stable 12-4 all
  jQuery Syntax Highlighter

libjs-jquery-selectize.js/stable 0.12.6+dfsg-1.1 all
  Extensible jQuery-based custom select UI control

libjs-jquery.sparkline/stable 2.1.2-3 all
  library for jQuery to generate sparklines

libjs-jsxc/stable 3.4.4+dfsg-2 all
  JavaScript XMPP Client

libjs-katex/stable 0.16.10+~cs6.1.0-2 all
  Fast math typesetting for the web (for browsers)

libjs-require-css/stable 0.1.10+ds-2.1 all
  requiring and optimization with almond support

libjs-requirejs/stable 2.3.7+ds+~2.1.37-1 all
  JavaScript file and module loader

libjs-textarea-caret/stable 3.0.2-2 all
  JS library to get the xy coords of a textarea or input's caret

libjstun-java/stable 0.7.3+dfsg-2 all
  Java-based STUN implementation

libjstun-java-doc/stable 0.7.3+dfsg-2 all
  Java-based STUN implementation (documentation)

libloc-database/stable 0~20250326~0345-1 all
  Database for IP geolocation query library

libloc-dev/stable 0.9.18-3 arm64
  IP geolocation query library (development files)

libloc1t64/stable 0.9.18-3 arm64
  IP geolocation query library

libmozjs-128-0/stable 128.14.0-1~deb13u1 arm64
  SpiderMonkey JavaScript library

libmozjs-128-dev/stable 128.14.0-1~deb13u1 arm64
  SpiderMonkey JavaScript library - development headers

libnet-dns-async-perl/stable 1.07-4 all
  Asynchronous DNS helper for high volume perl applications

libnet-libdnet-perl/stable 0.990-1 arm64
  interface to libdumbnet's low-level network functions

libnet-libdnet6-perl/stable 0.28-2 all
  module to add IPv6 support to Net::Libdnet

libnftables-dev/stable 1.1.3-1 arm64
  Development files for libnftables

libnftables1/stable,now 1.1.3-1 arm64 [installed,automatic]
  Netfilter nftables high level userspace API library

libonemind-commons-java-java/stable 1.5.5-7 all
  common java library used to support other developments

libopendbx1-firebird/stable 1.4.6-18 arm64
  Firebird backend for OpenDBX

libparse-http-useragent-perl/stable 0.43-1 all
  parser for the HTTP User Agent string

libpoe-component-dbiagent-perl/stable 0.26-3.1 all
  POE Component for running asynchronous DBI calls

libproxy-vole-java/stable 1.0.3-3 all
  Proxy Vole

libqt5sql5-ibase/stable 5.15.15+dfsg-6+deb13u1 arm64
  Qt 5 Firebird database driver

libqt6sql6-ibase/stable 6.8.2+dfsg-9+deb13u2 arm64
  Qt 6 Firebird database driver

libraw1394-11/stable,now 2.1.2-2+b2 arm64 [installed,automatic]
  library for direct access to IEEE 1394 bus (aka FireWire)

libraw1394-tools/stable 2.1.2-2+b2 arm64
  library for direct access to IEEE 1394 bus (aka FireWire)

libreoffice/stable 4:25.2.3-2+deb13u6 arm64
  office productivity suite (metapackage)

libreoffice-base-drivers/stable 4:25.2.3-2+deb13u6 arm64
  Database connectivity drivers for LibreOffice

libreoffice-sdbc-firebird/stable 4:25.2.3-2+deb13u6 arm64
  (embedded) Firebird SDBC driver for LibreOffice

librust-fxprof-processed-profile-dev/stable 0.7.0-1+b2 arm64
  Create profiles in the Firefox Profiler's processed profile JSON format - Rust source code

librust-titlecase-dev/stable 2.2.1-1+b3 arm64
  Tool and library that capitalizes text according to a style defined by John Gruber for post titles on his website Daring Fireball - Rust source code

libsoci-firebird4.0/stable 4.0.3-1+b2 arm64
  C++ Database Access Library (Firebird backend)

libsoldout-dev/stable 1.4-7+b1 arm64
  Development files for libsoldout a parser for the markdown language

libsoldout-utils/stable 1.4-7+b1 arm64
  Utils and examples based on libsoldout

libsoldout1/stable 1.4-7+b1 arm64
  Natacha's flexible C library for John Gruber's markdown language

libsurefire-java/stable 2.22.3-4 all
  Surefire test framework for Java

libtk-gbarr-perl/stable 2.08-3 all
  various Tk Perl widgets

libusbauth-configparser-dev/stable 1.0.5-2+b2 arm64
  Development package of library for USB Firewall including flex/bison parser

libusbauth-configparser1/stable 1.0.5-2+b2 arm64
  Library for USB Firewall including flex/bison parser

libuser-simple-perl/stable 1.45-3 all
  module for simple user sessions management

libwf-config-dev/stable 0.9.0-2 arm64
  Wayfire-specific library for managing config files (dev)

libwf-config1/stable 0.9.0-2 arm64
  Wayfire-specific library for managing config files

libwf-touch-dev/stable 0.9.0-5 arm64
  3D Wayland compositor (wf-touch library dev files)

libwf-utils-dev/stable 0.9.0-5 arm64
  3D Wayland compositor (wf-utils library dev files)

libwf-utils0t64/stable 0.9.0-5 arm64
  3D Wayland compositor (wf-utils library)

linux-firewire-utils/stable 0.5.1-2 arm64
  Linux FireWire utilities

location/stable 0.9.18-3 all
  IP geolocation query library (CLI utilities)

lockout/stable 0.2.3-7 all
  Self-imposed discipline and productivity enforcer

lua-location/stable 0.9.18-3 arm64
  IP geolocation query library (Lua bindings)

lugaru/stable 1.2-7 arm64
  third person ninja rabbit fighting game

lugaru-data/stable 1.2-7 all
  data for the third person ninja rabbit fighting game Lugaru HD

lz4json/stable 2-2+b1 arm64
  unpack lz4json files, usually generated by Mozilla programs

mrrescue/stable 1.02e-3 all
  Mr Rescue is an arcade 2d action game

mudita24/stable 1.0.3+svn13-7+b2 arm64
  ALSA GUI control tool for Envy24 (ice1712) soundcards

multimedia-firewire/stable 0.12 all
  Packages for your firewire audiocard / interface

natlog/stable 3.01.00-1 arm64
  Source-natting firewall logging utility

netmask/stable 2.4.4-4+b1 arm64
  helps determine network masks

netscript-2.4/stable 5.5.5+nmu3 all
  Linux 2.4/2.6/3.x router/firewall/VM host network config system.

netstress/stable 1.2.0-11+b1 arm64
  utility to stress and benchmark networks

nftables/stable,now 1.1.3-1 arm64 [installed]
  Program to control packet filtering rules by Netfilter project

nftlb/stable 1.0.7-1+b3 arm64
  nftables load balancer

nncp/stable 8.11.0-4+deb13u1 arm64
  Secure store-and-forward files, mail, and commands

node-active-x-obfuscator/stable 0.0.2-5 all
  Safely obfuscate the string 'ActiveX' inside of JavaScript code

node-buble/stable 0.20.0+~0.20.1-5 all
  Fast ES2015 compiler for Node.js

node-dompurify/stable 3.1.7+dfsg+~3.0.5-2 all
  DOM-only, super-fast, uber-tolerant XSS sanitizer

node-editor/stable 1.0.0-3 all
  Launch $EDITOR in your program

node-expect.js/stable 0.3.1+dfsg+~0.3.29-2 all
  behavior driven test assertions - Node.js module

node-html5-qrcode/stable 2.3.8+repack-5 all
  qr-code and bar-code scanning library for the web

node-html5shiv/stable 3.7.3+dfsg-5 all
  enable use of HTML5 sectioning elements in legacy browser

node-mousetrap/stable 1.6.5~ds+~1.6.8-1 all
  Simple library for handling keyboard shortcuts

node-playwright/stable 1.38.0+ds-3 all
  JavaScript framework for Web Testing and Automation

node-signal-exit/stable 4.1.0-7 all
  Fire an event no matter how a process exits

node-svgdotjs-svg.draggable.js/stable 3.0.6-3 all
  plugin for node-svgdotjs-svg.js to make elements draggable.

node-url-parse/stable 1.5.10+~1.4.8-3 all
  Parse URL in node using the URL module and in the browser using the DOM

nss-passwords/stable 0.6-1 arm64
  read passwords from a Mozilla keyring

nstreams/stable 1.0.4+ds-0.1 arm64
  network streams - a tcpdump output analyzer

nvidia-vaapi-driver/stable 0.0.13-1 arm64
  VA-API implementation that uses NVDEC as a backend

opensnitch/stable 1.6.9-3 arm64
  GNU/Linux interactive application firewall

opensnitch-ebpf-modules/stable 1.6.9-3 arm64
  GNU/Linux interactive application firewall eBPF modules

openvpn/stable 2.6.14-1+deb13u3 arm64
  virtual private network daemon

openvpn3-client/stable 24.1+dfsg-1 arm64
  virtual private network client (version 3)

os-autoinst/stable 4.6.1731418769.97d9a7fd-4 arm64
  automated testing of Operating Systems

packetsender/stable 8.8.9-2 arm64
  Utility for sending and receiving TCP, UDP, SSL, HTTP packets

packit/stable 1.8.1-1+b2 arm64
  network packet generator and capture tool

pagekite/stable 1.5.2.201011-4 all
  Make localhost servers publicly visible

parprouted/stable 0.70-4 arm64
  transparent IP (Layer 3) proxy ARP bridging tool

passwordmaker-cli/stable 1.5+dfsg-6+b2 arm64
  creates unique, secure passwords - CLI version

pcmanfm/stable 1.4.0-1 arm64
  extremely fast and lightweight file manager

perdition/stable 2.2-3.4+b2 arm64
  POP3 and IMAP4 Proxy server

performous/stable 1.3.0+ds-2+b2 arm64
  karaoke game that allows user supplied songs

php-log/stable 1.13.2-2 all
  Logging Framework

php-symfony-firebase-notifier/stable 6.4.41+dfsg-0+deb13u1 all
  Symfony Firebase Notifier Bridge

plasma-browser-integration/stable 6.3.4-2 arm64
  Chromium, Google Chrome, Firefox integration for Plasma (backend)

plasma-firewall/stable 6.3.4-2 arm64
  Plasma configuration module for firewalls

pocket-reform-handbook/stable 2025-03-16+dfsg-2 all
  MNT Pocket Reform Operator Handbook

portsentry/stable 1.2-16 arm64
  Portscan detection daemon

postfwd/stable 1.35-10 all
  Postfix policyd to combine complex restrictions in a ruleset

pptpd/stable 1.5.0-1+b3 arm64
  PoPToP Point to Point Tunneling Server

prosody-modules/stable 0.0~hg20250402.f315edc39f3d+dfsg-2 all
  Selection of community modules for Prosody

proxychains/stable 3.1-9 all
  proxy chains - redirect connections through proxy servers

proxytunnel/stable 1.12.3-1 arm64
  Help SSH and other protocols through HTTP(S) proxies

psad/stable 2.4.6-3+b2 arm64
  Port Scan Attack Detector

ptunnel/stable 0.72-3+b3 arm64
  Tunnel TCP connections over ICMP packets

ptunnel-ng/stable 1.43-1 arm64
  Tunnel TCP connections over ICMP packets

puppet-module-puppetlabs-firewall/stable 8.1.7-1 all
  Puppet module for Firewall management

pyroman/stable 0.6.2-1.2 all
  Very fast firewall configuration tool

python-brian-doc/stable 2.8.0.4-1 all
  simulator for spiking neural networks - documentation

python-iptables-doc/stable 1.0.1-4 all
  documentation for the python-iptables library

python-morris-doc/stable 1.2-4 all
  documentation for the Python morris module

python-ngspetsc-doc/stable 0.1.0-2 all
  a PETSc interface for NGSolve (docs)

python-selenium-doc/stable 4.24.4+dfsg-1 all
  Python3 bindings for Selenium (Documentation)

python3-aio-geojson-nsw-rfs-incidents/stable 0.7-2 all
  async GeoJSON client library for NSW Rural Fire Service Incidents

python3-arsenic/stable 21.8-2 all
  Asynchronous WebDriver client

python3-brian/stable 2.8.0.4-1 all
  simulator for spiking neural networks

python3-brian-lib/stable 2.8.0.4-1 arm64
  simulator for spiking neural networks -- extensions

python3-fire/stable 0.7.0-1 all
  automatically generate CLIs from absolutely any Python object

python3-firebase-messaging/stable 0.4.4-3 all
  Library to subscribe to GCM/FCM and receive notifications (Python 3)

python3-firehose/stable 0.5-3 all
  Python bindings to the Firehose static analysis format

python3-firewall/stable 2.3.1-1+deb13u1 all
  Python3 bindings for firewalld

python3-flask-talisman/stable 1.1.0-2 all
  HTTP security headers for Flask

python3-geventhttpclient/stable 2.3.3-1.1 arm64
  high performance, concurrent HTTP client library for Python using gevent

python3-hinawa-utils/stable 0.4.0-1 all
  Library to control Audio and Music units on FireWire (IEEE1394)

python3-intellifire4py/stable 4.1.9-2 all
  control intellifire fireplace

python3-iptables/stable 1.0.1-4+b1 arm64
  Python bindings for iptables (Python 3 interface)

python3-location/stable 0.9.18-3 arm64
  IP geolocation query library (Python 3 bindings)

python3-miio/stable 0.5.12-3 all
  Python module for interfacing with Xiaomi appliances

python3-morris/stable 1.2-4 all
  announcement (signal/event) system for Python 3

python3-netfilter/stable 0.6.4-4 all
  Python module for manipulating netfilter rules

python3-nftables/stable 1.1.3-1 arm64
  nftables/libnftables python3 module

python3-ngspetsc/stable 0.1.0-2 all
  a PETSc interface for NGSolve (Python 3)

python3-notifications-android-tv/stable 1.2.2-2 all
  Python API to send notifications to Android TV and Fire TV devices

python3-opensnitch-ui/stable 1.6.9-3 all
  GNU/Linux interactive application firewall GUI

python3-pyecoforest/stable 0.4.0-2 all
  Library for interacting with Ecoforest local devices

python3-pyfg/stable 0.50-4 all
  Python API for Fortinet's Fortigate firewalls

python3-scrapli/stable 2023.7.30-3 all
  sync/async screen scraping client specifically for network devices

python3-selenium/stable 4.24.4+dfsg-1 all
  Python3 bindings for Selenium

python3-sphinx-design/stable 0.6.1-1 all
  A sphinx extension for designing beautiful, view size responsive web components.

python3-traits/stable 6.4.3-2+b2 arm64
  Manifest typing and reactive programming for Python (Python 3)

qemu-block-extra/stable 1:10.0.11+ds-0+deb13u1 arm64
  extra block backend modules for qemu-system and qemu-utils

qemu-guest-agent/stable 1:10.0.11+ds-0+deb13u1 arm64
  Guest-side qemu-system agent

qemu-system/stable 1:10.0.11+ds-0+deb13u1 arm64
  QEMU full system emulation binaries

qemu-system-common/stable 1:10.0.11+ds-0+deb13u1 arm64
  QEMU full system emulation binaries (common files)

qemu-system-misc/stable 1:10.0.11+ds-0+deb13u1 arm64
  QEMU full system emulation binaries (miscellaneous)

qemu-user/stable 1:10.0.11+ds-0+deb13u1 arm64
  QEMU user mode emulation (static binaries)

qemu-user-binfmt/stable 1:10.0.11+ds-0+deb13u1 arm64
  QEMU user mode binfmt registration for qemu-user

qemu-utils/stable 1:10.0.11+ds-0+deb13u1 arm64
  QEMU utilities

r-cran-parallelly/stable 1.42.0-1 arm64
  GNU R enhancing the 'parallel' package

raincat/stable 1.2.3-1 arm64
  2D puzzle game featuring a fuzzy little cat

raincat-data/stable 1.2.3-1 all
  2D puzzle game featuring a fuzzy little cat - data files

redir/stable 3.3-1+b1 arm64
  Redirect TCP connections

redsocks/stable 0.5-2+b5 arm64
  arbitrary TCP connection redirector to a SOCKS or HTTPS proxy server

reform-firedecor/stable 2023-10-23-8 arm64
  MNT Reform specific window decoration for Wayfire

reform-handbook/stable 2025-04-30+dfsg-2 all
  MNT Reform Operator Handbook

rinetd/stable 0.73-2+b1 arm64
  Internet TCP/UDP redirection server

ruby-emot/stable 0.0.4-3 all
  Yet another emoji handler

ruby-fssm/stable 0.2.10-4 arm64
  Ruby library firing events when the state of monitored paths changes

ruby-http-cookie/stable 1.0.5-1 all
  Ruby library to handle HTTP Cookies based on RFC 6265

ruby-launchy/stable 2.5.2-1 all
  helper class for launching cross-platform applications

ruby-launchy-shim/stable 2.3.0.2 all
  helper class for launching a web browser

ruby-net-ssh-gateway/stable 2.0.0-2 all
  Ruby library for tunneling connections to servers with ssh

ruby-sequel/stable 5.63.0-2 all
  Simple, flexible, and powerful SQL database access toolkit for Ruby

ruby-timers/stable 4.1.1-2.1 all
  pure Ruby timer collections

selektor/stable 3.13.73-1 all
  Tor exit node selector and traffic router

shorewall/stable 5.2.8-6 all
  Shoreline Firewall, netfilter configurator

shorewall-doc/stable 5.2.8-6 all
  documentation for Shoreline Firewall (Shorewall)

shorewall-init/stable 5.2.8-6 all
  Shorewall initialization

shorewall-lite/stable 5.2.8-6 all
  Shorewall (lite version), a high-level tool for configuring Netfilter

shorewall6/stable 5.2.8-6 all
  Shoreline Firewall (IPv6 version), netfilter configurator

shorewall6-lite/stable 5.2.8-6 all
  Shorewall (lite version with IPv6 support)

sidedoor/stable 0.2.1-1.3 all
  SSH connection daemon

signing-party/stable 2.12-1 arm64
  Various OpenPGP related tools

smuxi-engine/stable 1.2.1-2 all
  Engine libraries for Smuxi (IRC, Twitter, XMPP, Campfire, JabbR)

snappy-tools/stable 1-1+b1 arm64
  Snappy, a fast compressor/decompressor – program

solarwolf/stable 1.5+dfsg1-7 all
  Collect the boxes and don't become mad

squareness/stable 2.3.0-7.1 all
  suite of skins for different applications

ssg-applications/stable 0.1.76-1 all
  SCAP Guides and benchmarks targeting userspace applications

ssh-contact/stable 0.7-1.1 all
  establish SSH connections to your IM contacts using Telepathy (metapackage)

ssh-contact-client/stable 0.7-1.1+b1 arm64
  establish SSH connections to your IM contacts using Telepathy (client)

ssh-contact-service/stable 0.7-1.1+b1 arm64
  establish SSH connections to your IM contacts using Telepathy (server)

sshguard/stable 2.4.3-1 arm64
  Protects from brute force attacks against ssh

sslh/stable 2.1.4-1+b1 arm64
  Applicative protocol multiplexer

stone/stable 2.4-1.2 arm64
  TCP/IP packet repeater in the application layer

suricata/stable 1:7.0.10-1+deb13u4 arm64
  Next Generation Intrusion Detection and Prevention Tool

taisei/stable 1.4.1+dfsg-2 arm64
  vertical scrolling shooting game

taisei-data/stable 1.4.1+dfsg-2 all
  vertical scrolling shooting game (data files)

tcptraceroute/stable 1.5beta7+debian-4.2 arm64
  traceroute implementation using TCP packets

texlive-lang-english/stable 2024.20250309-1 all
  TeX Live: US and UK English

titanion/stable 0.3.dfsg1-8+b2 arm64
  strike down super high-velocity swooping insects

titanion-data/stable 0.3.dfsg1-8 all
  strike down super high-velocity swooping insects - game data

tnftp/stable 20230507-2+b2 arm64
  enhanced ftp client

tor/stable 0.4.9.11-0+deb13u1 arm64
  anonymizing overlay network for TCP

trojan/stable 1.16.0-1.1+b1 arm64
  fast and lightweight proxy that helps you bypass firewalls

tsocks/stable 1.8beta5+ds1-3+b7 arm64
  transparent network access through a SOCKS 4 or 5 proxy

u-boot-rockchip/stable 2025.01-3 arm64
  A boot loader for rockchip systems

udptunnel/stable 1.1-12 arm64
  tunnel UDP packets over a TCP connection

ufoai/stable 2.5-8 arm64
  UFO: Alien Invasion -- build your team and stop the aliens

ufw/stable 0.36.2-9 all
  program for managing a Netfilter firewall

uget/stable 2.2.3-2+b4 arm64
  easy-to-use download manager written in GTK+

uif/stable 1.99.0-7 all
  Advanced iptables-firewall script

uruk/stable 20240930-1 all
  Very small firewall script, for configuring iptables

usbauth/stable 1.0.5-1.1+b1 arm64
  USB firewall against BadUSB attacks

usbauth-notifier/stable 1.0.4-2.1+b2 arm64
  Notifier for USB Firewall to use with desktop environments

wafw00f/stable 2.3.1-1 all
  identify and fingerprint Web Application Firewall products

wayfire/stable 0.9.0-5 arm64
  3D Wayland compositor

wayfire-dev/stable 0.9.0-5 arm64
  3D Wayland compositor (development files)

wayfire-plugin-winshadows/stable 0.0~git20240830.11c8ab6-2 arm64
  Window Shadows Plugin for Wayfire

wcm/stable 0.9.0+repack-2 arm64
  Wayfire Config Manager

webext-browserpass/stable 3.7.2-1+b22 arm64
  web extension for the password manager pass

webext-debianbuttons/stable 2.3-2 all
  Buttons for querying Debian-related pages with Firefox

webext-foxyproxy/stable 7.5.1+dfsg-10 all
  Advanced proxy management for Firefox

webext-indie-wiki-buddy-firefox/stable 3.10.1-1 all
  browser extension that redirects you to independent wikis (Firefox)

webext-keepassxc-browser/stable 1.9.7+repack1-1+deb13u1 all
  Web browser extension to organize web site credentials in KeePassXC

webext-plasma-browser-integration/stable 6.3.4-2 all
  Chromium, Firefox integration for Plasma (web extension component)

webext-ublock-origin-firefox/stable 1.67.0+dfsg-1~deb13u1 all
  lightweight and efficient ads, malware, trackers blocker (Firefox)

webext-vimium-firefox/stable 2.1.2-1.1 all
  keyboard-based navigation and control (Firefox)

wesnoth-1.18-sof/stable 1:1.18.5-1 all
  "The Sceptre of Fire" official campaign for Wesnoth (branch 1.18)

west-chamber-common/stable 20100405+svn20111107.r124-14.3 arm64
  iptable extension for bypassing content filtering firewall

west-chamber-dkms/stable 20100405+svn20111107.r124-14.3 all
  iptable extension for bypassing content filtering firewall (dkms)

west-chamber-source/stable 20100405+svn20111107.r124-14.3 all
  iptable extension for bypassing content filtering firewall (module source)

wf-shell/stable 0.9.0+ds-2 arm64
  GTK-based panel and background client for Wayfire

wget/stable,now 1.25.0-2 arm64 [installed]
  retrieves files from the web

wget2/stable 2.2.0+ds-1+deb13u1 arm64
  file and recursive website downloader

wmfire/stable 1.2.4-8+b1 arm64
  very cool fiery way of showing your CPU usage

wstroke/stable 2.2.1-1 arm64
  Mouse gesture plugin for Wayfire

x2gothinclient-minidesktop/stable 1.5.0.1-10.2 all
  Minimal desktop for X2Go Thin Client chroot (based on MATE)

xfireworks/stable 1.3-15 arm64
  Fireworks in your root window

xscreensaver-data-extra/stable 6.09+dfsg1-1 arm64
  Extra screen saver modules for screensaver frontends

xserver-xorg-video-ati/stable 1:22.0.0-1+b2 arm64
  X.Org X server -- AMD/ATI display driver wrapper

xssproxy/stable 1.0.0-1+deb13u1 arm64
  Forward freedesktop.org Idle Inhibition Service calls to Xss

xul-ext-debianbuttons/stable 2.3-2 all
  Buttons for Firefox - Transitional package

yt-dlp/stable 2025.04.30-1 all
  downloader of videos from YouTube and other sites

zeroc-glacier2/stable 3.7.10-3.1 arm64
  Glacier2 router

