
WARNING: apt does not have a stable CLI interface. Use with caution in scripts.

Sorting...
Full Text Search...
abcde/stable 2.9.3-1 all
  A Better CD Encoder

alsaplayer-common/stable 0.99.82-2+b1 arm64
  audio player (common files)

asunder/stable 3.0.1+ds-1+b2 arm64
  Graphical audio CD ripper and encoder

cd-discid/stable 1.4-2+b1 arm64
  CDDB DiscID utility

cd-paranoia/stable 10.2+2.0.2-1+b1 arm64
  audio CD reading utility which includes extra data verification features

cddl/stable 0.9.5-1 arm64
  tool for verifying conformance of CDDL definitions

cdparanoia/stable 3.10.2+debian-14+b1 arm64
  audio extraction tool for sampling CDs

cdtool/stable 2.1.8-release-8+b1 arm64
  text-based audio CD player and CD-ROM control commands

disc-cover/stable 1.5.6-5 all
  produces covers for audio CDs

easytag/stable 2.4.3-9+b1 arm64
  GTK+ editor for audio file tags

golang-github-fxamacker-cbor-dev/stable 2.8.0-1 all
  CBOR codec implementing RFCs 7049 & 8949 (library)

golang-github-muesli-crunchy-dev/stable 0.4.0-2 all
  finds common flaws in passwords

grimripper/stable 3.0.2-4+b2 arm64
  Graphical audio CD ripper and encoder

gvfs-backends/stable 1.57.2-2+deb13u1 arm64
  userspace virtual filesystem - backends

kde-config-cddb/stable 4:25.04.0-1 arm64
  CDDB retrieval configuration

libaudio-cd-perl/stable 0.05-13+b2 arm64
  library to handle CDDB and low-level cd io calls

libcdaudio-dev/stable 0.99.12p2-16 arm64
  library for controlling a CD-ROM when playing audio CDs (development)

libcdaudio1/stable 0.99.12p2-16 arm64
  library for controlling a CD-ROM when playing audio CDs

libcdd-dev/stable 094m-1.1+b1 arm64
  Library for finding vertices of convex polytopes, development

libcdd-doc/stable 094m-1.1 all
  documentation for libcdd

libcdd-tools/stable 094m-1.1+b1 arm64
  Programs using libcdd

libcdd0t64/stable 094m-1.1+b1 arm64
  Library for calculations with convex polytopes, runtime

libcddb-file-perl/stable 1.05-3 all
  Parse a CDDB/freedb data file

libcddb-get-perl/stable 2.28-4 all
  Perl interface to read the CDDB entry for an audio CD in your drive

libcddb-perl/stable 1.222-3 all
  module to query CDDB and freedb servers

libcddb2/stable 1.3.2-7.1 arm64
  library to access CDDB data - runtime files

libcddb2-dev/stable 1.3.2-7.1 arm64
  library to access CDDB data - development files

libcdio-cdda-dev/stable 10.2+2.0.2-1+b1 arm64
  library to read and control digital audio CDs (development files)

libcdio-cdda2t64/stable 10.2+2.0.2-1+b1 arm64
  library to read and control digital audio CDs

libcdio-utils/stable 2.2.0-4.1~deb13u1 arm64
  sample applications based on the CDIO libraries

libcdparanoia-dev/stable 3.10.2+debian-14+b1 arm64
  audio extraction tool for sampling CDs (development)

libcdparanoia0/stable,now 3.10.2+debian-14+b1 arm64 [installed,automatic]
  audio extraction tool for sampling CDs (library)

libconfig-model-lcdproc-perl/stable 2.055-2 all
  module to edit and validate LcdProc configuration file

libkcddb6-5/stable 4:25.04.0-1 arm64
  CDDB library for KDE Platform (runtime)

libkcddb6-dev/stable 4:25.04.0-1 arm64
  CDDB library for KDE Platform (development)

libnet-freedb-perl/stable 0.10-5+b2 arm64
  Perl interface to freedb servers

librust-cddl-dev/stable 0.9.5-1 arm64
  Parser for the Concise data definition language (CDDL) - Rust source code

lltag/stable 0.14.6-1.1 all
  Automatic command-line mp3/ogg/flac file tagger and renamer

mp3splt/stable 2.6.2+20170630-3.3+b1 arm64
  split MP3, Ogg Vorbis, or FLAC files without re-encoding

mp3splt-gtk/stable 0.9.2-3.3+b1 arm64
  split MP3, Ogg Vorbis, or FLAC files without re-encoding

pacpl/stable 6.1.3-1 all
  multi-purpose audio converter/ripper/tagger script

puppet-module-etcddiscovery/stable 0.1.1-3 all
  Puppet module for Etcd-discovery service

python3-pycddl/stable 0.6.4+ds-1 arm64
  Deserialize CBOR and/or do CDDL schema validation

python3-simple-cdd/stable 0.6.9 all
  python3 modules for Simple-CDD

qmmp/stable 2.2.4-1 arm64
  feature-rich audio player with support of many formats

ripit/stable 4.0.0~rc20161009-1 all
  Textbased audio CD ripper

ripperx/stable 2.8.0-4+b2 arm64
  GTK-based audio CD ripper/encoder

simple-cdd/stable 0.6.9 all
  create customized debian-installer CDs

tellico/stable 4.1.1-1 arm64
  Collection manager for books, videos, music, etc

tellico-data/stable 4.1.1-1 all
  Collection manager for books, videos, music, etc [data]

tellico-doc/stable 4.1.1-1 all
  Collection manager for books, videos, music, etc [doc]

totem/stable 43.2-3 arm64
  Simple media player for the GNOME desktop based on GStreamer

xmms2-plugin-cdda/stable 0.8+dfsg-28+b1 arm64
  XMMS2 - CDDA plug-in

yaret/stable 2.1.0-6 all
  console tool to turn CDs into encoded music

