
WARNING: apt does not have a stable CLI interface. Use with caution in scripts.

Sorting...
Full Text Search...
daxctl/stable 81-1 arm64
  Utility for managing the device DAX subsystem

display-dhammapada/stable 1.0-0.1+b3 arm64
  fortune-like collection of Buddhist sayings

golang-github-edsrzf-mmap-go-dev/stable 1.2.0-1 all
  portable mmap package for Go

gtk-update-icon-cache/stable,now 4.18.6+ds-2 arm64 [installed,automatic]
  icon theme caching utility

le/stable 1.16.8-1 arm64
  Text editor with block and binary operations

libapache2-mod-xsendfile/stable 0.12+git20120509.f181be5+dfsg-1 arm64
  Serve large static files efficiently from web applications

libcache-fastmmap-perl/stable 1.58-1 arm64
  Perl module providing a mmap'ed cache

libcache-mmap-perl/stable 0.11-4+b5 arm64
  module to provide a shared data cache using memory mapped files

libcatalyst-plugin-cache-store-fastmmap-perl/stable 0.02-6 all
  (deprecated) FastMmap cache store plugin for Catalyst::Plugin::Cache

libcatalyst-plugin-session-store-fastmmap-perl/stable 0.16-3 all
  Catalyst session storage plugin backed by Cache::FastMMap

libdaxctl1/stable 81-1 arm64
  Utility library for managing the device DAX subsystem

libghc-enummapset-dev/stable 0.7.3.0-1+b1 arm64
  IntMap and IntSet with Enum keys/elements

libghc-enummapset-doc/stable 0.7.3.0-1 all
  IntMap and IntSet with Enum keys/elements; documentation

libghc-enummapset-prof/stable 0.7.3.0-1+b1 arm64
  IntMap and IntSet with Enum keys/elements; profiling libraries

libghc-mmap-dev/stable 0.5.9-11+b1 arm64
  Memory mapped files for POSIX and Windows

libghc-mmap-doc/stable 0.5.9-11 all
  Memory mapped files for POSIX and Windows; documentation

libghc-mmap-prof/stable 0.5.9-11+b1 arm64
  Memory mapped files for POSIX and Windows; profiling libraries

libiec61883-0/stable,now 1.2.0-7 arm64 [installed,automatic]
  partial implementation of IEC 61883 (shared lib)

libiec61883-dev/stable 1.2.0-7 arm64
  partial implementation of IEC 61883 (devel)

libmmap-allocator-dev/stable 0.4.0+git20200122.adbfbe1-2.1 arm64
  STL allocator that mmaps files

libmmap-ocaml/stable 1.2.0-3+b4 arm64
  file mapping functionality in OCaml (runtime)

libmmap-ocaml-dev/stable 1.2.0-3+b4 arm64
  file mapping functionality in OCaml (development)

libowfat-dev/stable 0.32-5 arm64
  Reimplementation of libdjb, development files

libowfat0t64/stable 0.32-5 arm64
  Reimplementation of libdjb, shared library

librust-memmap-dev/stable 0.7.0-1+b2 arm64
  Cross-platform Rust API for memory-mapped file IO - Rust source code

librust-memmap2-dev/stable 0.9.5-1 arm64
  Cross-platform Rust API for memory-mapped file IO - Rust source code

librxtx-java/stable 2.2.0+dfsg-3.1 arm64
  Full Java CommAPI implementation

libsys-mmap-perl/stable 0.20-2+b4 arm64
  module for using POSIX mmap

libxmlb-dev/stable 0.3.22-1 arm64
  Development files for libxmlb

libxmlb-tests/stable 0.3.22-1 arm64
  Installed tests for libxmlb2

libxmlb-utils/stable 0.3.22-1 arm64
  Binary XML library - Command-line utility

libxmlb2/stable,now 0.3.22-1 arm64 [installed,automatic]
  Binary XML library

libzita-alsa-pcmi-dev/stable 0.6.1-1.1+b1 arm64
  Development files (headers) for libzita-alsa-pcmi library

libzita-alsa-pcmi0t64/stable 0.6.1-1.1+b1 arm64
  C++ wrapper around the ALSA API

psl-make-dafsa/stable 0.21.2-1.1 all
  Create a binary DAFSA from a Public Suffix List

pylibtiff/stable 0.6.1-2 all
  wrapper to the libtiff library to Python using ctypes (command line utilities)

python3-gammapy/stable 1.3-2 arm64
  Python package for gamma-ray astronomy

python3-libtiff/stable 0.6.1-2+b1 arm64
  wrapper to the libtiff library to Python using ctypes (Python 3 version)

python3-smmap/stable 6.0.0-1 all
  pure Python implementation of a sliding window memory map manager

ruby-e2mmap/stable 0.1.0-3 all
  define custom exceptions with specific messages

texlive-latex-extra/stable 2024.20250309-2 all
  TeX Live: LaTeX additional packages

unworkable/stable 0.53-7+b1 arm64
  efficient, simple and secure bittorrent client

