
WARNING: apt does not have a stable CLI interface. Use with caution in scripts.

Sorting...
Full Text Search...
4pane/stable 8.0-1+b6 arm64
  four-pane detailed-list file manager

7zip/stable 25.01+dfsg-1~deb13u2 arm64
  7-Zip file archiver with a high compression ratio

7zip-standalone/stable 25.01+dfsg-1~deb13u2 arm64
  7-Zip file archiver with a high compression ratio (standalone)

aapt/stable 1:14~beta1-3 arm64
  Android Asset Packaging Tool

advancecomp/stable 2.5-1+b1 arm64
  collection of recompression utilities

aespipe/stable 2.4h-1 arm64
  AES-encryption tool with loop-AES support

afio/stable 2.5.2-3+b2 arm64
  archive file manipulation program

aladin/stable 12.060+dfsg-3 all
  Interactive sky atlas for astronomical images and datasets

amanda-client/stable 1:3.5.4-2 arm64
  Advanced Maryland Automatic Network Disk Archiver (Client)

amanda-common/stable 1:3.5.4-2 arm64
  Advanced Maryland Automatic Network Disk Archiver (Libs)

amanda-server/stable 1:3.5.4-2 arm64
  Advanced Maryland Automatic Network Disk Archiver (Server)

android-libaapt/stable 1:14~beta1-3 arm64
  Android Asset Packaging Tool - Shared library

android-libziparchive/stable 1:34.0.5-12 arm64
  Library for ZIP archives

android-libziparchive-dev/stable 1:34.0.5-12 arm64
  Library for ZIP archives - Development files

approx/stable 5.13-1+b5 arm64
  caching proxy server for Debian archive files

apt-config-icons/stable 1.0.5-1 all
  APT configuration snippet to enable icon downloads

apt-config-icons-hidpi/stable 1.0.5-1 all
  APT configuration snippet to enable HiDPI icon downloads

apt-config-icons-large/stable 1.0.5-1 all
  APT configuration snippet to enable large icon downloads

apt-config-icons-large-hidpi/stable 1.0.5-1 all
  APT configuration snippet to enable large HiDPI icon downloads

apt-listchanges/stable 4.8 all
  package change history notification tool

apt-move/stable 4.2.27-7+b2 arm64
  maintain Debian packages in a package pool

apt-utils/stable,now 3.0.3 arm64 [installed]
  package management related utility programs

arc/stable 5.21q-15 arm64
  archive utility based on the MS-DOS ARC program

archivemount/stable 1b-1 arm64
  mounts an archive or compressed file for access as a filesystem

arduino-core-avr/stable 1.8.7+dfsg-1~deb13u1 all
  Arduino Core for AVR microcontroller

arj/stable 3.10.22-28 arm64
  archiver for .arj files

ark/stable 4:25.04.3-1 arm64
  archive utility

arqiver/stable 0.9.0-1+b2 arm64
  Simple Qt5 archive manager; front-end for libarchive, gzip and 7z.

asfsmd/stable 1.4.1-2 all
  ASF Sentinel-1 Metadata Download tool - CLI tool

astro-virtual-observatory/stable 5.0 all
  Tools and viewers for the Virtual Observatory

atool/stable 0.39.0-14 all
  tool for managing file archives of various types

autoconf/stable 2.72-3.1 all
  automatic configure script builder

autoconf-archive/stable 20220903-3 all
  Autoconf Macro Archive

avfs/stable 1.2.0-2 arm64
  virtual filesystem to access archives, disk images, remote locations

awit-dbackup/stable 0.0.22-1.1 all
  Flexible one archive per directory backup tool

b4/stable 0.14.2-2 all
  helper utility to work with patches made available via a public-inbox archive

backup-manager/stable 0.7.14-3 all
  command-line backup tool

backup-manager-doc/stable 0.7.14-3 all
  documentation package for Backup Manager

backup2l/stable 1.7-1 all
  low-maintenance backup/restore tool

backupchecker/stable 1.9-2 all
  fully automated backup checker

backuppc/stable 4.4.0-11 arm64
  high-performance, enterprise-grade system for backing up PCs

bacula-client/stable 15.0.3-3 all
  network backup service - client metapackage

bacula-director/stable 15.0.3-3 arm64
  network backup service - Director daemon

bacula-director-mysql/stable 15.0.3-3 all
  network backup service - MySQL storage for Director

bacula-director-pgsql/stable 15.0.3-3 all
  network backup service - PostgreSQL storage for Director

bacula-director-sqlite3/stable 15.0.3-3 all
  network backup service - SQLite 3 storage for Director

binwalk/stable 2.4.3+dfsg1-2 all
  tool library for analyzing binary blobs and executable code

biosquid/stable 1.9g+cvs20050121-15.1+b2 arm64
  utilities for biological sequence analysis

brebis/stable 0.10-4 all
  fully automated backup checker

bzip2/stable 1.0.8-6 arm64
  high-quality block-sorting file compressor - utilities

bzip2-doc/stable 1.0.8-6 all
  high-quality block-sorting file compressor - documentation

cabextract/stable 1.11-2+b2 arm64
  Microsoft Cabinet file unpacker

cacti/stable 1.2.30+ds1-1 all
  web interface for graphing of monitoring systems

cbmconvert/stable 2.1.6-1 arm64
  Create and convert Commodore 8-bit binary file archives

cgit/stable 1.2.3+git20240802.70.09d24d7+git2.46.0-1 arm64
  hyperfast web frontend for git repositories written in C

check-pgactivity/stable 2.7-1 all
  PostgreSQL plugin for Nagios

checkpointctl/stable 1.3.0+ds1-2+b5 arm64
  Tool to inspect Kubernetes and Podman checkpoints (program)

chewmail/stable 1.4.1-1 all
  mail archiver for various mailbox formats

cl-consfigurator/stable 1.5.2-1 all
  Lisp declarative configuration management system

clamav/stable 1.4.3+dfsg-1 arm64
  anti-virus utility for Unix - command-line interface

claws-mail-archiver-plugin/stable 4.3.1-1 arm64
  Archiver plugin for Claws Mail

cloc/stable 2.04-1 all
  statistics utility to count lines of code

cmake-fedora/stable 2.9.3-0.1 all
  Set of scripts and cmake modules that simplify the release process

comprez/stable 2.7.3-2 all
  frontend to many compression programs

configure-debian/stable 1.0.3+nmu3 all
  central configuration program for packages using debconf

courier-filter-perl/stable 0.200+ds-6 all
  purely Perl-based mail filter framework for the Courier MTA

cpio/stable,now 2.15+dfsg-2 arm64 [installed]
  GNU cpio -- a program to manage archives of files

createrepo-c/stable 1.2.0-2+b1 arm64
  tool to create RPM repository metadata (C implementation)

crossfire-client-images/stable 1.70.0-2 all
  Base crossfire-client images

cupt/stable 2.10.4+nmu2+b2 arm64
  flexible package manager -- console interface

daa2iso/stable 0.1.7e-1.1+b1 arm64
  DAA files (Direct Access Archive) to ISO converting tool

daptup/stable 0.12.7+really0.12.7-0.1 all
  reporter of changes in list of available packages from repositories

dar/stable 2.7.17-1+b16 arm64
  Disk ARchive: Backup directory tree and files

dar-docs/stable 2.7.17-1 all
  Disk ARchive: Backup directory tree and files

dar-static/stable 2.7.17-1+b16 arm64
  Disk ARchive: Backup directory tree and files

datapacker/stable 1.0.3+nmu1 arm64
  Tool to pack files into minimum number of CDs/DVDs/etc

db5.3-util/stable 5.3.28+dfsg2-9 arm64
  Berkeley v5.3 Database Utilities

dds2tar/stable 2.5.2-10 arm64
  Tools for using DDS features of DAT drives with GNU tar

debarchiver/stable 0.11.7 all
  tool to handle Debian package archives

debci/stable 3.12 all
  continuous integration system for Debian

debci-collector/stable 3.12 all
  continuous integration system for Debian (collector daemon)

debci-worker/stable 3.12 all
  continuous integration system for Debian (worker daemon)

debian-archive-keyring/stable,now 2025.1 all [installed]
  OpenPGP archive certificates of the Debian archive

debian-ports-archive-keyring/stable 2026.02.04~deb13u1 all
  OpenPGP archive certificates of the debian-ports archive

debiman/stable 0.0~git20220907.a582536-1.1 arm64
  generate a static manpage HTML repository out of a Debian archive

debmake/stable 4.5.1-2 all
  helper script to make the Debian source package

debsums/stable 3.0.2.3 all
  tool for verification of installed package files against MD5 checksums

devscripts/stable 2.25.15+deb13u1 all
  scripts to make the life of a Debian Package maintainer easier

dgit/stable 12.16 all
  git interoperability with the Debian archive

dh-dlang/stable 0.6.10 all
  Packaging helpers for building D code

dh-make/stable 2.202503 all
  tool that converts source archives into Debian package source

dh-strip-nondeterminism/stable 1.14.1-2 all
  file non-deterministic information stripper — Debhelper add-on

diffoscope/stable 297+deb13u1 all
  in-depth visual diff tool for files, archives and directories

diffoscope-minimal/stable 297+deb13u1 all
  in-depth visual diff tool for files, archives and directories (minimal package)

digikam-data/stable 4:8.6.0-1 all
  digiKam architecture-independant data

disktype/stable 9-13 arm64
  detection of content format of a disk or disk image

dist/stable 1:3.5-236-1.1 all
  Tools for developing, maintaining and distributing software

distribution-gpg-keys/stable 1.119+ds-1~deb13u1 all
  Archive keyrings for RPM-based Linux distributions

dmg2img/stable 1.6.7+git20201227.a3e4134-0.1 arm64
  Tool for converting compressed dmg files to hfsplus images

docx2txt/stable 1.4-5 all
  Convert Microsoft OOXML files to plain text

dosage/stable 3.0+dfsg-2.1 all
  comic strip downloader and archiver

doublecmd-common/stable 1.1.22-1 all
  twin-panel (commander-style) file manager

doublecmd-gtk/stable 1.1.22-1 arm64
  twin-panel (commander-style) file manager (GTK2)

doublecmd-plugins/stable 1.1.22-1 arm64
  twin-panel (commander-style) file manager (plugins)

doublecmd-qt/stable 1.1.22-1 arm64
  twin-panel (commander-style) file manager (Qt5)

dpkg-source-gitarchive/stable 0.2.2 all
  dpkg source format for git repositories

dput/stable 1.2.4 all
  Debian package upload tool

dput-ng/stable 1.43 all
  next generation Debian package upload tool

dput-ng-doc/stable 1.43 all
  next generation Debian package upload tool (documentation)

dtrx/stable 8.5.3-3 all
  intelligently extract multiple archive types

duplicity/stable 3.0.4-1+b1 arm64
  encrypted bandwidth-efficient backup

dupload/stable 2.13.2 all
  Debian package upload tool

ecaccess/stable 4.0.1-1.1 all
  clients to access ECMWF facilities

elbe-archive-keyring/stable 20230613 all
  GnuPG keys of the elbe archive

elfutils/stable 0.192-4 arm64
  collection of utilities to handle ELF objects

engrampa/stable 1.26.2-5 arm64
  archive manager for MATE

engrampa-common/stable 1.26.2-5 all
  archive manager for MATE (common files)

fakeroot/stable 1.37.1.1-1 arm64
  tool for simulating superuser privileges

fasttrack-archive-keyring/stable 2025.02.16 all
  GnuPG archive key for Debian FastTrack Repository

fbless/stable 0.2.3-6 arm64
  terminal fiction book reader

fbreader/stable 0.99.4+dfsg-6+b1 arm64
  e-book reader

fcrackzip/stable 1.0-12 arm64
  password cracker for zip archives

fdb5/stable 5.15.12-1 arm64
  Utilities for the FDB Fields Database

file-roller/stable 44.5-1 arm64
  archive manager for GNOME

fizmo-ncursesw/stable 0.7.14-2+b2 arm64
  Ncurses-based Z-machine interpreter for Infocom/Inform games

fizmo-sdl2/stable 0.8.5-2+b1 arm64
  SDL2-based Z-machine interpreter for Infocom/Inform games

fonts-compagnon/stable 0.2-4 all
  typeface family composed of five distinctive styles

foomatic-db-compressed-ppds/stable 20230202-1 all
  OpenPrinting printer support - Compressed PPDs derived from the database

fortunes-it/stable 2.16-2 all
  Data files containing Italian fortune cookies

frotz/stable 2.55+dfsg-2 arm64
  interpreter of Z-code story-files

fsarchiver/stable 0.8.8-1 arm64
  file system archiver

ftpsync/stable 20180513+nmu1 all
  Debian archive mirror tool

fuse-zip/stable 0.7.2-3 arm64
  ZIP archive mounter based on FUSE

gambas3-devel/stable 3.20.2-1+deb13u1 arm64
  Gambas compilation tools

gargoyle-free/stable 2023.1+dfsg-4+b3 arm64
  graphical player for Interactive Fiction games

gcab/stable 1.6-1+b3 arm64
  Microsoft Cabinet file manipulation tool

gem2deb/stable 2.2.5 arm64
  Debian Ruby packaging suite

germinate/stable 2.46 all
  expand dependencies in a list of seed packages

gi-docgen/stable 2025.3-1 all
  source code documentation tool using GObject-Introspection

ginac-tools/stable 1.8.8-1 arm64
  GiNaC symbolic framework support tools

gir1.2-gxps-0.1/stable 0.3.2-4+b2 arm64
  GObject introspection data for the gxps library

gir1.2-papers-4.0/stable 48.3-1 arm64
  GObject introspection data for the papers libraries

git-annex/stable 10.20250416-2 arm64
  manage files with git, without checking their contents into git

git-debpush/stable 12.16 all
  client script for git pushing to Debian-style archives

git-dpm/stable 0.10.0-1.1 all
  git Debian package manager

gnuit/stable 4.9.5-5+b1 arm64
  GNU Interactive Tools, a file browser/viewer and process viewer/killer

gnupg-utils/stable,now 2.4.7-21+deb13u1+b4 arm64 [installed,automatic]
  GNU privacy guard - utility programs

gnupg1/stable 1.4.23-3 arm64
  GNU privacy guard - a PGP implementation (deprecated "classic" version)

go-internal/stable 1.12.0-3 arm64
  Selected Go-internal packages factored out from the standard library (binaries)

golang-github-avast-apkparser-dev/stable 0.0~git20190516.3b8c5ef-3 all
  APK manifest & resources parsing in Golang.

golang-github-bmatsuo-lmdb-go-dev/stable 1.8.0+git20170215.a14b5a3-4 all
  Bindings for the LMDB C library

golang-github-checkpoint-restore-checkpointctl-dev/stable 1.3.0+ds1-2 all
  Tool to inspect Kubernetes and Podman checkpoints (library)

golang-github-evilsocket-recording-dev/stable 0.0~git20190408.3ce1dcf-2 all
  Allows reading and writing bettercap's session recordings

golang-github-go-viper-mapstructure-dev/stable 2.2.1-1 all
  decode generic map values into native Go structures and vice versa (library)

golang-github-jhoonb-archivex-dev/stable 0.0+20170409-2 all
  archives folders (recursively) and files to zip and tar formats

golang-github-keltia-archive-dev/stable 0.9.1-1 all
  Small Go library for handling archives of various types.

golang-github-masterzen-xmlpath-dev/stable 0.0~git20140218.13f4951-4 all
  subset of the XPath specification for Go (deprecated)

golang-github-mkrautz-goar-dev/stable 0.0~git20150919.282caa8-1.1 all
  library for reading and writing ar archives in Go

golang-github-mrunalp-fileutils-dev/stable 0.5.1-1 all
  collection of utilities for file manipulation in golang

golang-github-nlpodyssey-gopickle-dev/stable 0.3.0-3 all
  load picke/PyTorch serialized data (library)

golang-github-rogpeppe-go-internal-dev/stable 1.12.0-3 all
  Selected Go-internal packages factored out from the standard library

golang-github-saracen-fastzip-dev/stable 0.1.11-2 all
  opinionated Zip archiver with a focus on speed (Go library)

golang-github-saracen-zipextra-dev/stable 0.0~git20250129.f1aa42d-1 all
  utils for ZIP archive format's "Extra Fields" (Go library)

golang-github-sassoftware-go-rpmutils-dev/stable 0.2.0-1.1 all
  Golang implementation of parsing RPM packages (library)

golang-github-surma-gocpio-dev/stable 1.1.0+git20160926.fcb6877-1.1 all
  Go package for cpio archives

golang-github-vbatts-tar-split-dev/stable 0.11.6-1 all
  tar archive assembly/disassembly (source)

golang-github-yalue-merged-fs-dev/stable 1.3.0-1.1 all
  compose multiple Go filesystems

golang-k8s-sigs-randfill-dev/stable 1.0.0-2 all
  Fuzz testing for go (library)

golang-pault-go-archive-dev/stable 1.0-2 all
  bindings to work with a Debian archive

golang-pault-go-blobstore-dev/stable 0.0~git20180314.d6d187c-1.1 all
  de-duplicating storage abstraction

gpgv-static/stable 2.4.7-21+deb13u1+b4 arm64
  minimal signature verification tool (static build)

grml-keyring/stable 2025.07.02 all
  OpenPGP certificates used by the Grml project

gvfs-backends/stable 1.57.2-2+deb13u1 arm64
  userspace virtual filesystem - backends

gzrt/stable 0.8-1+b2 arm64
  gzip recovery toolkit

harvest-tools/stable 1.3-8+b6 arm64
  archiving and postprocessing for reference-compressed genomic multi-alignments

haskell-zip-stream-utils/stable 0.2.2.0-2 arm64
  ZIP archive streaming using conduits

haskell-zip-utils/stable 2.0.1-2+b1 arm64
  Operations on zip archives

ideviceinstaller/stable 1.1.1+git20240518-1+b2 arm64
  Utility to manage installed applications on an iDevice

idevicerestore/stable 1.0.0+git20240709-1+b2 arm64
  command-line application to restore firmware files to iOS devices

internetarchive/stable 5.4.0-2~deb13u1 all
  commandline interface to archive.org

jack/stable 4~git20241202.3410dc1-2 all
  Rip and encode CDs with one command

jlha-utils/stable 0.1.6-5 all
  command-line lzh archiver written in Java

k4dirstat/stable 3.4.3-1+b2 arm64
  graphical disk usage display with cleanup facilities

kdiff3/stable 1.12.2-1 arm64
  compares and merges 2 or 3 files or directories

kgb/stable 1.0b4+ds-14.1 arm64
  Archiver for .kgb files

kodi-inputstream-ffmpegdirect/stable 21.3.7+ds-2 arm64
  FFmpegDirect inputstream addon for Kodi

kodi-vfs-libarchive/stable 21.0.2+ds-1 arm64
  Libarchive VFS add-on for Kodi

konq-plugins/stable 4:25.04.0-1 arm64
  plugins for Konqueror, the KDE file/web/document browser

krusader/stable 2:2.9.0-2 arm64
  twin-panel (commander-style) file manager

kup-backup/stable 0.10.0-1+b1 arm64
  backup tool for KDE's Plasma desktop

laniakea-spark/stable 0.1.1-1 all
  Laniakea build and QA job runner daemon

lf/stable 34+ds-2+b1 arm64
  terminal file manager written in Go

lhasa/stable 0.4.0-1+b2 arm64
  lzh archive decompressor

liballegro-physfs5.2t64/stable 2:5.2.10.1+dfsg-1+b1 arm64
  physfs addon for the Allegro 5 library

libandroid-zipflinger-java/stable 7.2.2-2 all
  Library dedicated to ZIP files manipulation

libarchive-any-create-perl/stable 0.3-3 all
  abstract API to create tar/tar.gz/zip archives

libarchive-any-lite-perl/stable 0.11-3 all
  simple CPAN package extractor

libarchive-any-perl/stable 0.0946-1 all
  Perl module to deal with file archives in any format

libarchive-ar-perl/stable 2.02-4 all
  Perl interface for manipulating ar archives

libarchive-cpio-perl/stable 0.10-3 all
  module for manipulations of cpio archives

libarchive-dev/stable 3.7.4-4+deb13u1 arm64
  Multi-format archive and compression library (development files)

libarchive-extract-perl/stable 0.88-1 all
  generic archive extracting module

libarchive-peek-perl/stable 0.37-1 all
  Perl module for peeking into archives without extracting them

libarchive-tar-wrapper-perl/stable 0.42-1 all
  API wrapper around the 'tar' utility

libarchive-tools/stable 3.7.4-4+deb13u1 arm64
  FreeBSD implementations of 'tar' and 'cpio' and other archive tools

libarchive-zip-perl/stable 1.68-1 all
  Perl module for manipulation of ZIP archives

libarchive13t64/stable,now 3.7.4-4+deb13u1 arm64 [installed,automatic]
  Multi-format archive and compression library (shared library)

libbase16384-dev/stable 2.3.1-1+b1 arm64
  Header and archive of base16384

libboost-serialization-dev/stable 1.83.0.2+b2 arm64
  serialization library for C++ (default version)

libboost-serialization1.83-dev/stable 1.83.0-4.2 arm64
  serialization library for C++

libboost-serialization1.83.0/stable 1.83.0-4.2 arm64
  serialization library for C++

libboost-serialization1.88-dev/stable 1.88.0-1 arm64
  serialization library for C++

libboost-serialization1.88.0/stable 1.88.0-1 arm64
  serialization library for C++

libbz2-1.0/stable,now 1.0.8-6 arm64 [installed]
  high-quality block-sorting file compressor library - runtime

libbz2-dev/stable 1.0.8-6 arm64
  high-quality block-sorting file compressor library - development

libcatmandu-oai-perl/stable 0.21-1 all
  modules for working with OAI repositories within the Catmandu framework

libchm-bin/stable 2:0.40a-8.1 arm64
  library for dealing with Microsoft CHM files (test programs)

libchm-dev/stable 2:0.40a-8.1 arm64
  library for dealing with Microsoft CHM files (development)

libchm1/stable 2:0.40a-8.1 arm64
  library for dealing with Microsoft CHM files

libclamav12/stable 1.4.3+dfsg-1 arm64
  anti-virus utility for Unix - library

libcodesize-java/stable 1.2-3 all
  calculates the size of code for Robocode

libcommons-compress-java/stable 1.27.1-2 all
  Java API for working with compression and archive formats

libcommons-vfs-java/stable 2.1-5 all
  Java API for accessing various filesystems

libcoverart-dev/stable 1.0.0+git20150706-9+b2 arm64
  library to access the Cover Art Archive (development files)

libcoverart-doc/stable 1.0.0+git20150706-9 all
  library to access the Cover Art Archive (developer documentation)

libcoverart1/stable 1.0.0+git20150706-9+b2 arm64
  library to access the Cover Art Archive (C wrapper functions)

libcoverartcc1v5/stable 1.0.0+git20150706-9+b2 arm64
  library to access the Cover Art Archive

libcpan-uploader-perl/stable 0.103018-1 all
  module to upload packages to the CPAN

libdancer-plugin-catmandu-oai-perl/stable 0.0508-3 all
  OAI-PMH provider backed by a searchable Catmandu::Store

libdar-dev/stable 2.7.17-1+b16 arm64
  Disk ARchive: Development files for shared library

libdar64-6000t64/stable 2.7.17-1+b16 arm64
  Disk ARchive: Shared library

libdist-zilla-plugins-cjm-perl/stable 6.000-2 all
  collection of CJM's plugins for Dist::Zilla

libextractor-plugin-archive/stable 1:1.13-8+b1 arm64
  extracts meta-data from files of arbitrary type (archive plugin)

libextutils-modulemaker-perl/stable 0.63-3 all
  Perl extension to build module from scratch

libfakeroot/stable 1.37.1.1-1 arm64
  tool for simulating superuser privileges - shared libraries

libfdb5-0d/stable 5.15.12-1 arm64
  Library for the ECMWF Fields Database

libfdb5-dev/stable 5.15.12-1 arm64
  Development files for the ECMWF Fields database

libfile-sharedir-par-perl/stable 0.06-3 all
  module for handling shared data in PAR archives

libfile-stripnondeterminism-perl/stable 1.14.1-2 all
  file non-deterministic information stripper — Perl module

libfile-write-rotate-perl/stable 0.321-3 all
  module to deal with files that archive/rotate themselves

libfsplib0t64/stable,now 0.14-5.1 arm64 [installed,automatic]
  FSP v2 protocol stack library - shared library

libgeners-dev/stable 0.0~svn60+ds-3+b1 arm64
  generic serialization library for C++ (development package)

libgeners1/stable 0.0~svn60+ds-3+b1 arm64
  generic serialization library for C++ (shared library)

libghc-casa-client-dev/stable 0.0.2-2+b1 arm64
  client for Casa

libghc-casa-client-doc/stable 0.0.2-2 all
  client for Casa; documentation

libghc-casa-client-prof/stable 0.0.2-2+b1 arm64
  client for Casa; profiling libraries

libghc-casa-types-dev/stable 0.0.2-3+b1 arm64
  types for Casa

libghc-casa-types-doc/stable 0.0.2-3 all
  types for Casa; documentation

libghc-casa-types-prof/stable 0.0.2-3+b1 arm64
  types for Casa; profiling libraries

libghc-hslua-module-zip-dev/stable 1.1.3-1+b4 arm64
  Lua module to work with file zips

libghc-hslua-module-zip-doc/stable 1.1.3-1 all
  Lua module to work with file zips; documentation

libghc-hslua-module-zip-prof/stable 1.1.3-1+b4 arm64
  Lua module to work with file zips; profiling libraries

libghc-tar-dev/stable 0.5.1.1-5+b1 arm64
  reading, writing and manipulating ".tar" archive files

libghc-tar-doc/stable 0.5.1.1-5 all
  reading, writing and manipulating ".tar" archive files; documentation

libghc-tar-prof/stable 0.5.1.1-5+b1 arm64
  reading, writing and manipulating ".tar" archive files; profiling libraries

libghc-zip-archive-dev/stable 0.4.3.2-1 arm64
  library to create, modify and extract files from zip archives

libghc-zip-archive-doc/stable 0.4.3.2-1 all
  library to create, modify and extract files from zip archives; documentation

libghc-zip-archive-prof/stable 0.4.3.2-1 arm64
  library to create and modify zip archives; profiling libraries

libghc-zip-dev/stable 2.0.1-2+b1 arm64
  Operations on zip archives

libghc-zip-doc/stable 2.0.1-2 all
  Operations on zip archives; documentation

libghc-zip-prof/stable 2.0.1-2+b1 arm64
  Operations on zip archives; profiling libraries

libghc-zip-stream-dev/stable 0.2.2.0-2 arm64
  ZIP archive streaming using conduits

libghc-zip-stream-doc/stable 0.2.2.0-2 all
  ZIP archive streaming using conduits; documentation

libghc-zip-stream-prof/stable 0.2.2.0-2 arm64
  ZIP archive streaming using conduits; profiling libraries

libgnome-autoar-0-0/stable 0.4.5-2 arm64
  Archives integration support for GNOME

libgnome-autoar-0-dev/stable 0.4.5-2 arm64
  Archives integration support for GNOME - development files

libgnome-autoar-doc/stable 0.4.5-2 all
  Archives integration support for GNOME - documentation

libgnome-autoar-gtk-0-0/stable 0.4.5-2 arm64
  GTK+ widgets for the GNOME Autoar library

libgnome-autoar-gtk-0-dev/stable 0.4.5-2 arm64
  GTK+ widgets for the GNOME Autoar library - development files

libgo-perl/stable 0.15-10 all
  perl modules for GO and other OBO ontologies

libgsf-bin/stable 1.14.53-1 arm64
  Structured File Library - programs

libgxps-dev/stable 0.3.2-4+b2 arm64
  handling and rendering XPS documents (development files)

libgxps-doc/stable 0.3.2-4 all
  library for handling and rendering XPS documents (documentation)

libgxps-utils/stable 0.3.2-4+b2 arm64
  handling and rendering XPS documents (utilities)

libgxps2t64/stable 0.3.2-4+b2 arm64
  handling and rendering XPS documents (library)

libhfsp-dev/stable 1.0.4-19 arm64
  Library to access HFS+ formatted volumes

libhttp-oai-perl/stable 4.13-1 all
  API for the OAI-PMH

libimage-exiftool-perl/stable 13.25+dfsg-1 all
  library and program to read and write meta information in multimedia files

libjlha-java/stable 0.0.20050504-11 all
  LHA compress/decompress library for Java

libjnlp-servlet-java/stable 20120126-6 all
  simple and convenient packaging format for JNLP applications

libjs-strophejs-plugin-mam/stable 0.0.3-2 all
  Strophe.js plugin for message archive management (XEP-0313)

libkf5archive-data/stable 5.116.0-1 all
  data files for karchive

libkf5archive-dev/stable 5.116.0-1 arm64
  development files for karchive

libkf5archive-doc/stable 5.116.0-1 all
  Qt 5 addon providing access to numerous types of archives (documentation)

libkf5archive5/stable 5.116.0-1 arm64
  Qt 5 addon providing access to numerous types of archives

libkf6archive-data/stable 6.13.0-2 all
  data files for karchive

libkf6archive-dev/stable 6.13.0-2 arm64
  development files for karchive

libkf6archive-doc/stable 6.13.0-2 all
  Qt 6 addon providing access to numerous types of archives (documentation)

libkf6archive6/stable 6.13.0-2 arm64
  Qt 6 addon providing access to numerous types of archives

liblhasa-dev/stable 0.4.0-1+b2 arm64
  lzh decompression library - development files

liblhasa0/stable 0.4.0-1+b2 arm64
  lzh archive decompression library

liblog-dispatch-filerotate-perl/stable 1.19-1.3 all
  Log to files that archive/rotate themselves

liblog-dispatch-filewriterotate-perl/stable 0.062-1 all
  module to log to files that archive/rotate themselves

libmaven-archiver-java/stable 3.6.2-1 all
  Archiver component for Maven

libmaven-assembly-plugin-java/stable 3.4.2-2 all
  Maven Assembly Plugin

libmaven-source-plugin-java/stable 3.3.1-1 all
  Maven Source Plugin

libmaven-war-plugin-java/stable 3.4.0-1 all
  Maven WAR Plugin

libmetkit0d/stable 1.13.0-1 arm64
  Library for Meteorology tookit, implementing MARS language

libncbi-vdb-dev/stable 3.2.1+dfsg-2 arm64
  libraries for using data in the INSDC Sequence Read Archives (devel)

libncbi-vdb3/stable 3.2.1+dfsg-2 arm64
  libraries for using data in the INSDC Sequence Read Archives

libncbi-wvdb-dev/stable 3.2.1+dfsg-2 arm64
  virtual layer update module of ncbi-vdb library (devel)

libncbi-wvdb3/stable 3.2.1+dfsg-2 arm64
  virtual layer update module of ncbi-vdb library

libnss3-tools/stable 2:3.110-1+deb13u3 arm64
  Network Security Service tools

libpapers-dev/stable 48.3-1 arm64
  Document (Comic Books, DjVu, PDF) rendering library - development files

libpapers-doc/stable 48.3-1 all
  Document (Comic Books, DjVu, PDF) rendering library - documentation

libpar-packer-perl/stable 1.063-1+b2 arm64
  utility for creating PAR archives and stand-alone executables

libpar-perl/stable 1.020-1 all
  Perl redistributable module packaging framework

libpcp-archive1/stable 6.3.8-1 arm64
  Performance Co-Pilot archive writing library

libpcp-archive1-dev/stable 6.3.8-1 arm64
  Performance Co-Pilot archive writing library and headers

libpcp-import-perl/stable 6.3.8-1 arm64
  Performance Co-Pilot log import Perl module

libpcp-import1/stable 6.3.8-1 arm64
  Performance Co-Pilot data import library

libpcp-import1-dev/stable 6.3.8-1 arm64
  Performance Co-Pilot data import library and headers

libpcp-logsummary-perl/stable 6.3.8-1 arm64
  Performance Co-Pilot historical log summary module

libphysfs-dev/stable 3.0.2-6+b2 arm64
  filesystem abstraction library for game programmers (development headers)

libphysfs1/stable 3.0.2-6+b2 arm64
  filesystem abstraction library for game programmers

libplexus-archiver-java/stable 4.6.1-1 all
  Archiver plugin for the Plexus compiler system

libpublicinbox-perl/stable 1.9.0-1 all
  Perl libraries for public-inbox

libquazip-doc/stable 0.9.1-5 all
  C++ wrapper for ZIP/UNZIP (documentation)

libquazip5-1t64/stable 0.9.1-5 arm64
  C++ wrapper for ZIP/UNZIP

libquazip5-dev/stable 0.9.1-5 arm64
  C++ wrapper for ZIP/UNZIP (development files)

librust-ar-dev/stable 0.9.0-1+b2 arm64
  Encoding/decoding Unix archive files - Rust source code

librust-async-zip-dev/stable 0.0.17-1 arm64
  Asynchronous ZIP archive reading/writing crate - Rust source code

librust-gix-archive-dev/stable 0.18.0-2 arm64
  Archive generation from of a worktree stream - Rust source code

librust-piz-dev/stable 0.5.1-3 arm64
  Piz (a Parallel Implementation of Zip) - rust source code

librust-tar-dev/stable 0.4.43-4 arm64
  tar archive reading/writing library - Rust source code

libsam-extract-dev/stable 3.2.1+dfsg-2 arm64
  SAM extraction module of ncbi-vdb library (devel)

libsam-extract3/stable 3.2.1+dfsg-2 arm64
  SAM extraction module of ncbi-vdb library

libscannotation-java/stable 1.0.2+svn20110812-3.1 all
  Java annotation scanner

libsepol-dev/stable 3.8.1-1 arm64
  SELinux binary policy manipulation library and development files

libsqlite3-mod-zipfile/stable 0.99991-2 arm64
  SQLite3 extension module for read-only access to ZIP files

libsquashfuse-dev/stable 0.5.2-0.2+b2 arm64
  Development files for libsquashfuse

libsquashfuse0/stable 0.5.2-0.2+b2 arm64
  FUSE filesystem to mount squashfs archives library

libsquid-dev/stable 1.9g+cvs20050121-15.1+b2 arm64
  biosquid headers and static library for biological sequence analysis

libsquid1t64/stable 1.9g+cvs20050121-15.1+b2 arm64
  biosquid dynamic library for biological sequence analysis

libstorm-dev/stable 9.22-1+b1 arm64
  Library for accessing the MPQ archives (development files)

libstorm9/stable 9.22-1+b1 arm64
  Library for accessing the MPQ archives

libsyntax-keyword-junction-perl/stable 0.003009-1 all
  Comparisons against multiple values

libtap-harness-archive-perl/stable 0.18-4 all
  module for creating an archive of TAP test results

libtext-soundex-perl/stable 3.05-2+b4 arm64
  implementation of the soundex algorithm

libuber-pom-java/stable 1.0.3-2 all
  UberPom - merging maven pom hierarchy parameters

libvoikko1/stable 4.3.2-1+b2 arm64
  Library of free natural language processing tools

libwcs8/stable 8.4+ds-1 arm64
  Implementation of the FITS WCS standard

libwget3/stable 2.2.0+ds-1+deb13u1 arm64
  Download library for files and recursive websites

libwim15t64/stable 1.14.4-1.1+b3 arm64
  Library for manipulating Windows Imaging files

libxar-dev/stable 1.8.0.498-2 arm64
  eXtensible ARchiver (development files)

libxar1/stable 1.8.0.498-2 arm64
  eXtensible ARchiver (library)

libzarchive-dev/stable 0.1.2-3 arm64
  library for creating and reading zstd-compressed files - development files

libzarchive0.1/stable 0.1.2-3 arm64
  library for creating and reading zstd-compressed files

libzc-dev/stable 0.4.3-1+b2 arm64
  fast password cracking library for zip archives (dev)

libzc6/stable 0.4.3-1+b2 arm64
  fast password cracking library for zip archives

libzip-dev/stable 1.11.3-2 arm64
  library for reading, creating, and modifying zip archives (development)

libzip5/stable 1.11.3-2 arm64
  library for reading, creating, and modifying zip archives (runtime)

libzzip-0-13t64/stable 0.13.78+dfsg.1-0.1 arm64
  library providing read access on ZIP-archives - library

libzzip-dev/stable 0.13.78+dfsg.1-0.1 arm64
  library providing read access on ZIP-archives - development

lintian/stable 2.122.0 all
  Debian package checker

local-apt-repository/stable 0.10 all
  Ready to use local apt repository

lua-any/stable 33 all
  helper script for shebang lines in Lua scripts

lxde/stable 13.0 all
  metapackage for LXDE

lxqt-archiver/stable 1.1.0-1 arm64
  Archiv Manager for LXQt

lxqt-archiver-l10n/stable 1.1.0-1 all
  Language package for lxqt-archiver

lzma/stable 24.08+dfsg-2 arm64
  Compression and decompression in the LZMA format - command line utility

lzma-alone/stable 24.08+dfsg-2 arm64
  Compression and decompression in the LZMA format - legacy utility

madison-lite/stable 0.28 all
  display versions of Debian packages in an archive

mailman3-full/stable 3.3.10-2 all
  Full Mailman3 mailing list management suite (metapackage)

mailman3-web/stable 0+20240312-1+deb13u1 all
  Django project integrating Mailman3 Postorius and HyperKitty

makeself/stable 2.5.0-1 all
  utility to generate self-extractable archives

mariadb-plugin-s3/stable 1:11.8.6-0+deb13u1 arm64
  Amazon S3 archival storage engine for MariaDB

mat2/stable 0.13.5-1.2 all
  Metadata anonymisation toolkit v2

mbox-importer/stable 4:24.12.3-1 arm64
  MBox email archive importer

mc/stable 3:4.8.33-1+deb13u1 arm64
  Midnight Commander - a powerful file manager

mc-data/stable 3:4.8.33-1+deb13u1 all
  Midnight Commander - a powerful file manager -- data files

mcomix/stable 3.1.0-3 all
  GTK+ image viewer for comic books

mediawiki-extension-youtube/stable 1.9.4~git20241126.01673ce-1 all
  Embed YouTube and other videos into MediaWiki pages

mikmod/stable 3.2.9-1 arm64
  Portable tracked music player

mini-dinstall/stable 0.7.3 all
  daemon for updating Debian packages in a repository

mlmmj/stable 1.5.2-1 arm64
  mail server independent mailing list manager

mobian-archive-keyring/stable 20250408.0 all
  OpenPGP keys for the Mobian package archive

mon-contrib/stable 1.0+dfsg-5 arm64
  contributed tools, monitors and alert for mon

monitoring-plugins-check-logfiles/stable 4.1.1-4 all
  Nagios plugin check_logfiles

mopidy-internetarchive/stable 3.0.1-2 all
  Mopidy extension for playing music from the Internet Archive

mopidy-local/stable 3.2.1-1 all
  Mopidy extension for playing music from your local music archive

mrtparse/stable 1.6-3 all
  read and analyze the MRT format data (utilities)

mtree-netbsd/stable 20180822-9 arm64
  Validates directory tree against specification

ncbi-vdb-data/stable 3.2.1+dfsg-2 all
  schemata and defaults for the INSDC Sequence Read Archives

nemo-fileroller/stable 6.4.0-1 arm64
  File Roller integration for Nemo

neurodebian-archive-keyring/stable 0.42.2 all
  neuroscience-oriented distribution - GnuPG archive keys

node-block-stream/stable 0.0.9-5 all
  Stream of fixed-size blocks, with zero-padding when necessary

node-har-schema/stable 2.0.0-6 all
  JSON Schema for HTTP Archive (HAR)

node-tar/stable 6.2.1+~cs7.0.8-1+deb13u1 all
  read and write portable tar archives module for Node.js

nomarch/stable 1.4-5.1 arm64
  Unpacks .ARC and .ARK MS-DOS archives

notedeln/stable 1.5.4-2 arm64
  Electronic Lab Notebook called NotedELN

nulib2/stable 3.1.0-5+b1 arm64
  NuFX and Binary II archive utility

ofarc/stable 1.3-1 arm64
  Utility for handling ZIP, Tar and LHA archives

openjfx-source/stable 11.0.11+1-7 all
  JavaFX/OpenJFX - Rich client application platform for Java (sources)

orthanc/stable 1.12.7+dfsg-4 arm64
  Lightweight, RESTful DICOM server for medical imaging

orthanc-dev/stable 1.12.7+dfsg-4 arm64
  Orthanc development files

orthanc-dicomweb/stable 1.20+dfsg-1 arm64
  Plugin to extend Orthanc with support of WADO and DICOMweb

orthanc-doc/stable 1.12.7+dfsg-4 all
  Documentation of Orthanc

orthanc-gdcm/stable 1.8+dfsg-1+b5 arm64
  DICOM transcoder/decoder for Orthanc using GDCM (notably for JPEG2k)

orthanc-mysql/stable 5.0+dfsg-1+b9 arm64
  Plugins to use MySQL or MariaDB as a database back-end to Orthanc

orthanc-neuro/stable 1.1+dfsg-1+b7 arm64
  Neuroimaging plugin for Orthanc

orthanc-postgresql/stable 5.0+dfsg-3+b3 arm64
  Plugins to use PostgreSQL as a database back-end to Orthanc

orthanc-webviewer/stable 2.10+dfsg-1 arm64
  Web viewer of medical images for Orthanc

orthanc-wsi/stable 3.2+dfsg-7 arm64
  Whole-slide imaging support for Orthanc (digital pathology)

osmose-emulator/stable 1.6-1+b2 arm64
  Sega Master System and Game Gear console emulator

osslsigncode/stable 2.9-2 arm64
  Authenticode signing tool

papers/stable 48.3-1 arm64
  PDF document viewer for GNOME

papers-common/stable 48.3-1 all
  PDF document viewer for GNOME - common files

paramspider/stable 1.0.1-3 all
  Mining parameters from the dark corners of Web Archives

parchive/stable 1.1-6 arm64
  Use PAR files to reconstruct missing parts of multi-part archives

parchives/stable 3.2.4-1+b3 arm64
  Peony qt plugin for file compress and uncompress

patool/stable 4.0.0-1 all
  command line archive file manager

pax/stable 1:20240817-1 arm64
  Portable Archive Interchange (cpio, pax, tar)

pcp-gui/stable 6.3.8-1 arm64
  Visualisation tools for the Performance Co-Pilot toolkit

pcp-import-collectl2pcp/stable 6.3.8-1 arm64
  Tool for importing data from collectl into PCP archive logs

pcp-import-ganglia2pcp/stable 6.3.8-1 all
  Tool for importing data from ganglia into PCP archive logs

pcp-import-iostat2pcp/stable 6.3.8-1 all
  Tool for importing data from iostat into PCP archive logs

pcp-import-mrtg2pcp/stable 6.3.8-1 all
  Tool for importing data from MRTG into PCP archive logs

pcp-import-sar2pcp/stable 6.3.8-1 all
  Tool for importing data from sar into PCP archive logs

pcp-import-sheet2pcp/stable 6.3.8-1 all
  Tool for importing data from a spreadsheet into PCP archive logs

pcsc-tools/stable 1.7.3-1 arm64
  Some tools to use with smart cards and PC/SC

percona-toolkit/stable 3.2.1-1 all
  Command-line tools for MySQL and system tasks

perl-modules-5.40/stable,now 5.40.1-6 all [installed,automatic]
  Core Perl modules

pgstat/stable 1.4.0-1 arm64
  Collects PostgreSQL statistics the same way as a vmstat tool

php-embed/stable 4.4.17-1 all
  PHP library to retrieve page info using oembed, opengraph, etc

php-kissifrot-php-ixr/stable 1.8.5-1 all
  Incutio XML-RPC library (IXR)

php-matomo-component-decompress/stable 3.0.0-1 all
  library providing decompressing tools

php-phar-io-manifest/stable 2.0.4-5 all
  reading phar.io manifest information from a PHP Archive (Phar)

phpab/stable 1.29.3-2 all
  lightweight PHP namespace aware autoload generator

pidgin-plugin-pack/stable 2.8.0-1+b2 arm64
  Collection of Pidgin plugins

pim-data-exporter/stable 4:24.12.3-1 arm64
  back up and archive PIM data

piperka-client/stable 0.2.2-1+b3 arm64
  Mobile oriented web comics reader client

piuparts/stable 1.6.0 all
  .deb package installation, upgrading, and removal testing tool

piuparts-master/stable 1.6.0 arm64
  piuparts master components

piuparts-master-from-git-deps/stable 1.6.0 all
  dependencies for running piuparts master from git

piuparts-slave/stable 1.6.0 all
  piuparts slave components

piuparts-slave-from-git-deps/stable 1.6.0 all
  dependencies for running piuparts slave from git

pixz/stable 1.0.7-4 arm64
  parallel, indexing XZ compressor/decompressor

playmidi/stable 2.4debian-17+b1 arm64
  MIDI player

ppa-dev-tools/stable 0.6.0-1 all
  command line client for managing PPAs in Launchpad

pqiv/stable 2.13.2-1 arm64
  Powerful image viewer with minimal UI

progress-linux/stable 20250601-1 all
  Progress Linux - Setup

prosody-modules/stable 0.0~hg20250402.f315edc39f3d+dfsg-2 all
  Selection of community modules for Prosody

proxytrack/stable 3.49.6-1 arm64
  Build HTTP Caches using archived websites copied by HTTrack

public-inbox/stable 1.9.0-1 all
  Mailing list archiver

puppet-module-puppet-archive/stable 4.1.0-1 all
  Puppet module to manages download, and cleanup of archive files

puppet-module-voxpupuli-archive/stable 7.1.0-3 all
  Puppet module for managing compressed archive file download and extraction

pygac-bin/stable 1.7.4-2 all
  Python package to read and calibrate NOAA AVHRR GAC data -- scripts

pyppd/stable 1.1.0-3 all
  CUPS PostScript Printer Driver's compressor and generator

python-klepto-doc/stable 0.2.6-2 all
  Persistent caching to memory, disk or database (documentation)

python-ptk-doc/stable 1.3.8+dfsg-3 all
  parser for Python with support for asynchronous input (documentation)

python-pyzipper-doc/stable 0.3.6-5 all
  AES encryption for zipfile (common documentation)

python-wheel-common/stable 0.46.1-2 all
  built-package format for Python (command-line scripts)

python3-arcp/stable 0.2.1-7 all
  (Archive and Package) URI parser and generator

python3-arpy/stable 1.1.1-5 all
  library for accessing "ar" archives

python3-asfsmd/stable 1.4.1-2 all
  ASF Sentinel-1 Metadata Download tool

python3-bcj/stable 1.0.3+ds-1+b1 arm64
  BCJ (Branch-Call-Jump) filter for Python

python3-binwalk/stable 2.4.3+dfsg1-2 all
  Python3 library for analyzing binary blobs and executable code

python3-bitbucket-api/stable 0.5.0-5 all
  library to interact with bitbucket API (Python 3)

python3-dar/stable 2.7.17-1+b16 arm64
  Disk ARchive: Python bindings

python3-datalad-next/stable 1.5.0-1 all
  DataLad extension for new features and improved user experience

python3-django-dbbackup/stable 4.2.1-1 all
  Backup and restore commands for Django

python3-django-hyperkitty/stable 1.3.12-3 all
  Web user interface to access GNU Mailman3 archives

python3-dput/stable 1.43 all
  next generation Debian package upload tool (Python 3 library)

python3-ecmwf-api-client/stable 1.6.5-1 all
  Python client for ECMWF web services API

python3-filetype/stable 1.2.0-1 all
  Infer file type and MIME type of any file/buffer

python3-germinate/stable 2.46 all
  expand dependencies in seed packages (Python 3 interface)

python3-handy-archives/stable 0.2.0-5+deb13u1 all
  Some handy archive helpers for Python

python3-internetarchive/stable 5.4.0-2~deb13u1 all
  Python interface to archive.org

python3-klepto/stable 0.2.6-2 all
  Persistent caching to memory, disk or database

python3-ldns/stable 1.8.4-2+b1 arm64
  ldns library for DNS programming - Python3 bindings

python3-libarchive-c/stable 5.1-1 all
  Python3 interface to libarchive

python3-mailman-hyperkitty/stable 1.2.1-3 all
  Mailman3 plugin to archive emails with HyperKitty

python3-mailmanclient/stable 3.3.5-1 all
  Python bindings for Mailman3 REST API (Python 3 version)

python3-moarchiving/stable 0.6.0-2 all
  Biobjective Archive class with hypervolume indicator and uncrowded hypervolume improvement computation

python3-mrtparse/stable 1.6-3 all
  read and analyze the MRT format data (Python 3.x module)

python3-odf/stable 1.4.2-4 all
  Python3 API to manipulate OpenDocument files

python3-ptk/stable 1.3.8+dfsg-3 all
  parser for Python 3 with support for asynchronous input

python3-py7zr/stable 0.22.0+dfsg-1 all
  pure Python 7-zip library

python3-pyasn/stable 1.6.2-1 arm64
  very fast IP address to Autonomous System Number lookups

python3-pygac/stable 1.7.4-2+b1 arm64
  Python package to read and calibrate NOAA AVHRR GAC data

python3-pyvo/stable 1.6.2-1 all
  Python 3 library for data services of the Virtual observatory (VO)

python3-pyzipper/stable 0.3.6-5 all
  AES encryption for zipfile

python3-rarfile/stable 4.2-3 all
  RAR archive reader module for Python

python3-remotezip/stable 0.12.3-1 all
  Access zip file content hosted remotely without downloading the full file

python3-wheel/stable 0.46.1-2 all
  built-package format for Python

python3-wheel-whl/stable 0.46.1-2 all
  built-package format for Python (wheel wheel)

python3-zict/stable 3.0.0-2 all
  Mutable mapping tools for Python 3

python3-zipstream/stable 1.1.4-1.2 all
  Zipfile generator

qcomicbook/stable 0.9.1-3+b3 arm64
  qt viewer for comic book archives (cbr/cbz/cba/cbg/cbb)

qgit/stable 2.10-2+b2 arm64
  Qt application for viewing GIT trees

qmmp/stable 2.2.4-1 arm64
  feature-rich audio player with support of many formats

qtads/stable 3.4.0+dfsg-1+b3 arm64
  Qt HTML interpreter for TADS

quickroute-gps/stable 2.5-1 arm64
  GPS analysis software for getting your route on the map

r-base/stable 4.5.0-3 all
  GNU R statistical computation and graphics system

r-base-core/stable 4.5.0-3 arm64
  GNU R core of statistical computation and graphics system

r-base-dev/stable 4.5.0-3 all
  GNU R installation of auxiliary GNU R packages

r-base-html/stable 4.5.0-3 all
  GNU R html docs for statistical computing system functions

r-cran-freetypeharfbuzz/stable 0.2.6+dfsg-3+b2 arm64
  GNU R deterministic computation of text box metrics

r-cran-gmaps/stable 0.2-5 all
  GNU R support for producing geographic maps with grid graphics

r-cran-paramhelpers/stable 1.14.2-1 arm64
  GNU R helpers for parameters in black-box optimization and tuning

r-doc-html/stable 4.5.0-3 all
  GNU R html manuals for statistical computing system

r-doc-info/stable 4.5.0-3 all
  GNU R info manuals statistical computing system

r-doc-pdf/stable 4.5.0-3 all
  GNU R pdf manuals for statistical computing system

r-mathlib/stable 4.5.0-3 arm64
  GNU R standalone mathematics library

r-recommended/stable 4.5.0-3 all
  GNU R collection of recommended packages [metapackage]

rarcrack/stable 0.2+20240214~413ea3a-1 arm64
  Password cracker for rar archives

rdiff-backup-fs/stable 1.0.0-8+b1 arm64
  Fuse filesystem for accessing rdiff-backup archives

roundcube-plugin-listcommands/stable 2.7.1-1 all
  listcommands plugin for Roundcube Webmail

rpm2cpio/stable 4.20.1+dfsg-3 arm64
  tool to convert RPM package to CPIO archive

ruby-debian/stable 0.3.10+b14 arm64
  ruby interface for dpkg

ruby-hrx/stable 1.0.0-2 all
  Ruby parser and serializer for the HRX format

ruby-jekyll-archives/stable 2.2.1-2 all
  Jekyll plugin to generate post archive pages

ruby-minitar/stable 0.9-1 all
  Provides POSIX tarchive management for Ruby

ruby-mixlib-archive/stable 0.4.1-2 all
  simple interface to various archive formats

scottfree/stable 1.14-12+b1 arm64
  Interpreter for Adventure International games

sdlfrotz/stable 2.55+dfsg-2 arm64
  interpreter of Z-code story-files (SDL version)

sharutils/stable 1:4.15.2-12 arm64
  shar, unshar, uuencode, uudecode

sisu/stable 7.3.0-1 all
  documents - structuring, publishing in multiple formats and search

skesa/stable 2.4.0-6+b3 arm64
  strategic Kmer extension for scrupulous assemblies

smartlist/stable 3.15-27 arm64
  Versatile and Intelligent List Processor

smpq/stable 1.6-2+b1 arm64
  StormLib MPQ archiving utility

sound-juicer/stable 3.40.0-3 arm64
  GNOME CD Ripper

squashfuse/stable 0.5.2-0.2+b2 arm64
  FUSE filesystem to mount squashfs archives

sra-toolkit/stable 3.2.1+dfsg-4 arm64
  utilities for the NCBI Sequence Read Archive

sreview-common/stable 0.11.1-1 all
  SReview -- common code

sreview-detect/stable 0.11.1-1 all
  SReview input detection script

sreview-encoder/stable 0.11.1-1 all
  SReview encoder code

sreview-master/stable 0.11.1-1 all
  SReview components for master host

sreview-web/stable 0.11.1-1 all
  SReview webinterface

strip-nondeterminism/stable 1.14.1-2 all
  file non-deterministic information stripper — stand-alone tool

sympa/stable 6.2.76~dfsg-1 arm64
  Modern mailing list manager

tar/stable,now 1.35+dfsg-3.1 arm64 [installed]
  GNU version of the tar archiving utility

tar-split/stable 0.11.6-1+b5 arm64
  tar archive assembly/disassembly

tardy/stable 1.28-1 arm64
  post-processor for tar command

tarlz/stable 0.27.1-1 arm64
  archiver with multimember lzip compression

tcl-fitstcl/stable 2.5-3 arm64
  Tcl interface to FITS files

tcllib/stable 2.0+dfsg-4 all
  Standard Tcl Library

testdisk/stable 7.2-0.1 arm64
  Partition scanner and disk recovery tool, and PhotoRec file recovery tool

texlive-latex-extra/stable 2024.20250309-2 all
  TeX Live: LaTeX additional packages

texlive-publishers/stable 2024.20250309-2 all
  TeX Live: Publisher styles, theses, etc.

thunar-archive-plugin/stable 0.5.3-1 arm64
  Archive plugin for Thunar file manager

tig/stable 2.5.8-1+b2 arm64
  ncurses-based text-mode interface for Git

timidity/stable 2.14.0-8.3+b1 arm64
  Software sound renderer (MIDI sequencer, MOD player)

trydiffoscope/stable 67.0.8 all
  in-depth comparison of files, archives, etc. (try.diffoscope.org client)

ubuntu-archive-keyring/stable 2023.11.28.1-0.2 all
  GnuPG keys of the Ubuntu archive - transition package

ubuntu-dbgsym-keyring/stable 2023.11.28.1-0.2 all
  GnuPG keys of the Ubuntu archive - transition package

ubuntu-dev-tools/stable 0.206 all
  useful tools for Ubuntu developers

ubuntu-keyring/stable 2023.11.28.1-0.2 all
  all GnuPG keys used by Ubuntu Project

ugrep/stable 7.4.2+dfsg-1 arm64
  faster grep with an interactive query UI

unace/stable 1.2b-24+b1 arm64
  extract, test and view .ace archives

unalz/stable 0.65-9+b1 arm64
  De-archiver for .alz files

unar/stable 1.10.8+ds1-9 arm64
  Unarchiver for a variety of file formats

unmass/stable 0.9-8+b1 arm64
  Extract game archive files

unp/stable 2.0 all
  unpack (almost) everything with one command

unrar-free/stable 1:0.3.1-1 arm64
  Unarchiver for .rar files

unzip/stable,now 6.0-29 arm64 [installed]
  De-archiver for .zip files

vfu/stable 5.09-3 all
  Versatile text-based file-manager (common files)

vfu-ncurses/stable 5.09-3 arm64
  Versatile text-based file-manager (ncurses)

vfu-yascreen/stable 5.09-3 arm64
  Versatile text-based file-manager (yascreen)

vorta/stable 0.10.3-1 all
  Desktop Client for Borg Backup

warp/stable 0.9.2-3 arm64
  Send files over the internet, securely

waymore/stable 3.7-1.1 all
  Tool to discover extensive data from online archives

weex/stable 2.8.4.4 arm64
  Non-interactive FTP and FTPS client for updating web pages

wget/stable,now 1.25.0-2 arm64 [installed]
  retrieves files from the web

wget2/stable 2.2.0+ds-1+deb13u1 arm64
  file and recursive website downloader

wget2-dev/stable 2.2.0+ds-1+deb13u1 arm64
  development file for libwget

whohas/stable 0.29.1+git20220714.5feb1a4-1 all
  query multiple distributions' package archives

wimtools/stable 1.14.4-1.1+b3 arm64
  Tools for manipulating Windows Imaging files

wit/stable 3.01a-5 arm64
  manipulate Wii and GameCube ISO images and WBFS containers

wl/stable 2.15.9+0.20210131-2 all
  mail/news reader supporting IMAP for emacsen

wl-beta/stable 2.15.9+0.20230120-1 all
  mail/news reader supporting IMAP for emacsen (development version)

xar/stable 1.8.0.498-2 arm64
  eXtensible ARchiver

xarchiver/stable 1:0.5.4.25-2 arm64
  GTK+ frontend for most used compression formats

xdms/stable 1.3.2-7+b1 arm64
  Uncompressor for Amiga DMS archives

xfce4-goodies/stable 4.20.0 arm64
  enhancements for the Xfce4 Desktop Environment

xfe/stable 2.0.1-2 arm64
  lightweight file manager for X11

xfonts-scalable/stable 1:1.0.3-1.3 all
  scalable fonts for X

xlsx2csv/stable 1:0.8.3-1 all
  convert xlsx files to csv format

xmppc/stable 0.1.0-2+b3 arm64
  XMPP Command Line Client

yt-dlp/stable 2025.04.30-1 all
  downloader of videos from YouTube and other sites

zarchive-tools/stable 0.1.2-3 arm64
  tool for creating and reading zstd-compressed files

zathura-cb/stable 0.1.11-1 arm64
  comic book archive support for zathura

zim/stable 0.76.3-1 all
  graphical text editor based on wiki technologies

zip/stable 3.0-15 arm64
  Archiver for .zip files

zipalign/stable 1:10.0.0+r36-1.1 arm64
  Zip archive alignment tool

zipcmp/stable 1.11.3-2 arm64
  compare contents of zip archives

zipmerge/stable 1.11.3-2 arm64
  merge zip archives

zipper.app/stable 1.5-4+b2 arm64
  Archive manager for GNUstep

ziptime/stable 1:10.0.0+r36-1.1 arm64
  Zip archive timestamp remover

ziptool/stable 1.11.3-2 arm64
  modify zip archives

zpaq/stable 7.15+repack-1+b1 arm64
  maximum reference compressor for ZPAQ open standard

zpaqfranz/stable 62.2-2 arm64
  Swiss army knife for backup and disaster recovery

zziplib-bin/stable 0.13.78+dfsg.1-0.1 arm64
  library providing read access on ZIP-archives - binaries

