
WARNING: apt does not have a stable CLI interface. Use with caution in scripts.

Sorting...
Full Text Search...
4ti2/stable 1.6.10+ds-1.1+b2 arm64
  mathematical tool suite for problems on linear spaces -- tools

4ti2-doc/stable 1.6.10+ds-1.1 all
  mathematical tool suite for problems on linear spaces -- user guide

abcmidi/stable 20250216+ds-1 arm64
  converter from ABC to MIDI format and back

arduino-core-avr/stable 1.8.7+dfsg-1~deb13u1 all
  Arduino Core for AVR microcontroller

ascii2binary/stable 2.14-1.1+b1 arm64
  Convert between ASCII, hexadecimal and binary representations

at-spi2-common/stable,now 2.56.2-1+deb13u1 all [installed,automatic]
  Assistive Technology Service Provider Interface (common files)

at-spi2-core/stable 2.56.2-1+deb13u1 arm64
  Assistive Technology Service Provider Interface (D-Bus core)

at-spi2-doc/stable 2.56.2-1+deb13u1 all
  Assistive Technology Service Provider Interface (Documentation)

bibutils/stable 7.2-3+b1 arm64
  interconvert various bibliographic data formats

bme280-doc/stable 0.2.4-2 all
  Python interface for a Bosch BME280 digital sensor module. Docs

colorized-logs/stable 2.7-1 arm64
  tools for consuming logs with ANSI color

ddcui/stable 0.6.0-1 arm64
  GUI for ddcutil

ddcutil/stable 2.2.0-2 arm64
  Control monitor settings - Standalone command line application

dvi2dvi/stable 2.0alpha-12 arm64
  Tweak DVI files

dvi2ps/stable 5.1j-2 arm64
  TeX DVI-driver for NTT JTeX, MulTeX and ASCII pTeX

dvi2ps-fontdata-a2n/stable 1.0.1-3.2 all
  Font data to convert pTeX's dvi file to jTeX's dvi file

dvi2ps-fontdata-ja/stable 1.0.1-3.2 all
  Font data for dvi2ps-j and dvi2dvi

dvi2ps-fontdata-n2a/stable 1.0.1-3.2 all
  Font data to convert jTeX dvi file to pTeX dvi file

dvi2ps-fontdata-ptexfake/stable 1.0.1-3.2 all
  Fake pTeX TFM files

dvi2ps-fontdata-rsp/stable 1.0.1-3.2 all
  Font data of RICOH SP10 printer

dvi2ps-fontdata-tbank/stable 1.0.1-3.2 all
  Font data of Typebank font

dvi2ps-fontdata-three/stable 1.0.1-3.2 all
  Font data of Adobe Japanese fonts (futomin, futogo, jun101)

eyes17/stable 5.3.3+repack-2 all
  hardware & software framework for developing science experiments

eyes17-manuals-en/stable 5.3.1+repack-1 all
  Eyes17 User Manuals (English version)

eyes17-manuals-es/stable 5.3.1+repack-1 all
  Eyes17 User Manuals (Spanish version)

eyes17-manuals-fr/stable 5.3.1+repack-1 all
  Eyes17 User Manuals (French version)

eyes17-manuals-ml/stable 5.3.1+repack-1 all
  Eyes17 User Manuals (Malayalam version)

fcml/stable 1.3.0-1.1+b1 arm64
  single-line assembler and disassembler

fonts-aksharyogini2/stable 1.0-3 all
  aksharyogini2 devanagari normal style font

fonts-arphic-bsmi00lp/stable 2.10-18 all
  "AR PL Mingti2L Big5" Chinese TrueType font by Arphic Technology

fonts-arphic-uming/stable 0.2.20080216.2-11 all
  "AR PL UMing" Chinese Unicode TrueType font collection Mingti style

fonts-babelstone-han/stable 16.0.1-1 all
  BabelStone Fonts for Han

forensics-all/stable 3.61 all
  Debian Forensics Environment - essential components (metapackage)

frame-tools/stable 2.5.0-6+b1 arm64
  Touch Frame Library - test tools

frobby/stable 0.9.5-4+b3 arm64
  Computations with monomial ideals

geki2/stable 2.0.8-3 arm64
  Xenon-like vertical shoot'em-up

golang-github-chai2010-gettext-go-dev/stable 1.0.2-1 all
  GNU gettext for Go (library)

golang-github-d2r2-go-bsbmp-dev/stable 0.0~git20190515.3b4b3ae-3 all
  interact with Bosch Sensortec BMP180/BMP280/BME280/BMP388 sensors (library)

golang-github-d2r2-go-i2c-dev/stable 0.0~git20191123.73a8a79-3 all
  I2C-bus interaction of peripheral sensors with single-board computers (library)

golang-github-d2r2-go-sht3x-dev/stable 0.0~git20210607.074abc2-1 all
  interact with Sensirion SHT3x humidity and temperature sensor family (library)

golang-github-manyminds-api2go-dev/stable 1.0-RC4-2 all
  JSONAPI.org implementation for Go

golang-github-opencoff-go-sieve-dev/stable 0.2.1-2 all
  SIEVE cache - simpler than LRU (library)

golang-github-xi2-xz-dev/stable 0.0~git20171230.48954b6-4 all
  native Go XZ decompression

hashcat/stable 6.2.6+ds2-1+b1 arm64
  World's fastest and most advanced password recovery utility

i2c-tools/stable 4.4-2 arm64
  heterogeneous set of I2C tools for Linux

i2pd/stable 2.56.0-1 arm64
  Full-featured C++ implementation of I2P client

imsprog/stable 1.5.2-1 arm64
  Linux chip programmer for CH341a devices

kirigami2-dev/stable 5.116.0-1 arm64
  set of QtQuick components targeted for mobile use

latex-cjk-chinese-arphic-bsmi00lp/stable 2.2 all
  AR PL Mingti2L Big5 fonts for CJK

lib1305-1/stable 0~20250415-1 arm64
  Poly1305 one-time authenticator microlibrary - shared library

lib4ti2-0t64/stable 1.6.10+ds-1.1+b2 arm64
  mathematical tool suite for problems on linear spaces -- libs

lib4ti2-dev/stable 1.6.10+ds-1.1+b2 arm64
  mathematical tool suite for problems on linear spaces -- dev

libapache2-mod-netcgi-apache/stable 4.1.9-6+b3 arm64
  OCaml application-level Internet libraries - netcgi2 Apache2 connector

libatspi2.0-0t64/stable,now 2.56.2-1+deb13u1 arm64 [installed,automatic]
  Assistive Technology Service Provider Interface - shared library

libatspi2.0-dev/stable 2.56.2-1+deb13u1 arm64
  Development files for the assistive technology service provider

libbiosig-dev/stable 3.9.0-1 arm64
  I/O library for biomedical data - development files

libbiosig3/stable 3.9.0-1 arm64
  I/O library for biomedical data - dynamic library

libcantorlibs28abi2/stable 4:25.04.2-3 arm64
  interface for mathematical applications - shared library

libcapi20-3t64/stable 1:3.27-3.2+b1 arm64
  ISDN utilities - CAPI support libraries

libcapi20-dev/stable 1:3.27-3.2+b1 arm64
  ISDN utilities - CAPI development libraries

libcplui26/stable 7.3.2+ds-1+b3 arm64
  CPL framework interface library

libddcutil-dev/stable 2.2.0-2 arm64
  Control monitor settings - development files

libddcutil5/stable 2.2.0-2 arm64
  Control monitor settings - shared library

libdevice-i2c-perl/stable 0.06-2+b3 arm64
  module to control and read hardware devices with i2c(SMBus)

libenki2/stable 1:1.6.99-3+b2 arm64
  Enki is a fast 2D physics-based robot simulator written in C++.

libepr-api2/stable 2.3~dev20150708-13+b1 arm64
  ENVISAT Product Reader API for C

libfcml-dev/stable 1.3.0-1.1+b1 arm64
  machine code manipulation library - development files

libfcml-doc/stable 1.3.0-1.1 all
  machine code manipulation library - documentation

libfcml0t64/stable 1.3.0-1.1+b1 arm64
  machine code manipulation library

libfli2/stable 2.0+20221221182632-2+b1 arm64
  library for Finger Lakes Instrument hardware

libframe-dev/stable 2.5.0-6+b1 arm64
  Touch Frame Library - dev files

libframe6/stable 2.5.0-6+b1 arm64
  Touch Frame Library

libfrobby-dev/stable 0.9.5-4+b3 arm64
  Computations with monomial ideals (development tools)

libfrobby-doc/stable 0.9.5-4 all
  Computations with monomial ideals (library documentation)

libfrobby0/stable 0.9.5-4+b3 arm64
  Computations with monomial ideals (shared library)

libhbaapi2/stable 2.2.9-4+b1 arm64
  SNIA HBAAPI library

libi2c-dev/stable 4.4-2 arm64
  userspace I2C programming library development files

libi2c0/stable 4.4-2 arm64
  userspace I2C programming library

libiceoryx-posh-roudi2/stable 2.0.6+dfsg-1 arm64
  zero-copy inter-process communication POSH RouDi library

libkakasi2/stable 2.3.6-4.2+b1 arm64
  Library version of KAKASI

libkakasi2-dev/stable 2.3.6-4.2+b1 arm64
  Header files and static libraries for library version of KAKASI

libkeduvocdocument5abi2/stable 4:25.04.0-1 arm64
  library for reading and writing vocabulary files

libkf5calendarcore5abi2/stable 5:5.116.0-1 arm64
  calendar access framework

libkf5kirigami2-5/stable 5.116.0-1 arm64
  set of QtQuick components targeted for mobile use

libkf5kirigami2-doc/stable 5.116.0-1 all
  set of QtQuick components targeted for mobile use (documentation)

libkim-api2/stable 2.3.0-1+b2 arm64
  Shared library for KIM-API

liblxqt-globalkeys-ui2/stable 2.1.0-2 arm64
  daemon used to register global keyboard shortcuts (ui files)

libmirisdr-dev/stable 2.0.0-4+b2 arm64
  Software defined radio support for Mirics hardware (development files)

libmirisdr4/stable 2.0.0-4+b2 arm64
  Software defined radio support for Mirics hardware (library)

libmrpt-gui2.14/stable 1:2.14.7+ds-1+b3 arm64
  Mobile Robot Programming Toolkit - gui library

libmrpt-nanogui2.14/stable 1:2.14.7+ds-1+b3 arm64
  Mobile Robot Programming Toolkit - nanogui library

libmrpt-rtti2.14/stable 1:2.14.7+ds-1+b3 arm64
  Mobile Robot Programming Toolkit - rtti library

libnethttpd-ocaml-dev/stable 4.1.9-6+b3 arm64
  OCaml application-level Internet libraries - HTTP daemon development libraries

libnifti-dev/stable 3.0.1-9.1 all
  IO libraries for the NIfTI-1 data format (obsolete)

libnifti2-2/stable 3.0.1-9.1+b1 arm64
  IO libraries for the NIfTI-1 data format

libnifti2-dev/stable 3.0.1-9.1+b1 arm64
  IO libraries for the NIfTI-1 data format (development)

libocamlnet-ocaml/stable 4.1.9-6+b3 arm64
  OCaml application-level Internet libraries - core runtime libraries

libocamlnet-ocaml-bin/stable 4.1.9-6+b3 arm64
  OCaml application-level Internet libraries - binaries

libocamlnet-ocaml-dev/stable 4.1.9-6+b3 arm64
  OCaml application-level Internet libraries - core development libraries

libocamlnet-ocaml-doc/stable 4.1.9-6 all
  OCaml application-level Internet libraries - documentation and examples

libocamlnet-ssl-ocaml/stable 4.1.9-6+b3 arm64
  OCaml application-level Internet libraries - SSL runtime libraries

libocamlnet-ssl-ocaml-dev/stable 4.1.9-6+b3 arm64
  OCaml application-level Internet libraries - SSL development libraries

libopenni2-0/stable 2.2.0.33+dfsg-18+b2 arm64
  framework for sensor-based 'Natural Interaction'

libopenni2-dev/stable 2.2.0.33+dfsg-18+b2 arm64
  headers for OpenNI 'Natural Interaction' frameworks

libow-3.2-4t64/stable 3.2p4+dfsg1-6 arm64
  1-Wire File System full library

libow-dev/stable 3.2p4+dfsg1-6 arm64
  1-Wire File System (development files)

libow-perl/stable 3.2p4+dfsg1-6 arm64
  Dallas 1-wire support: Perl5 bindings

libow-php/stable 3.2p4+dfsg1-6 arm64
  Dallas 1-wire support: PHP bindings

libow-tcl/stable 3.2p4+dfsg1-6 arm64
  Dallas 1-wire support: Tcl bindings

libowcapi-3.2-4t64/stable 3.2p4+dfsg1-6 arm64
  1-Wire File System C library

libownet-3.2-4t64/stable 3.2p4+dfsg1-6 arm64
  owserver protocol library

libownet-dev/stable 3.2p4+dfsg1-6 arm64
  owserver protocol library (development files)

libownet-perl/stable 3.2p4+dfsg1-6 all
  Perl module for accessing 1-wire networks

libownet-php/stable 3.2p4+dfsg1-6 all
  Dallas 1-wire support: PHP OWNet library

libpcp-gui2/stable 6.3.8-1 arm64
  Performance Co-Pilot graphical client tools library

libpcp-gui2-dev/stable 6.3.8-1 arm64
  Performance Co-Pilot graphical client tools library and headers

libpdf-api2-perl/stable 2.047-1 all
  module for creating, modifying, and examining PDF files

libpdf-api2-simple-perl/stable 1.1.4u-4 all
  simple interface for manipulating PDF files

libpdf-api2-xs-perl/stable 1.002-1+b5 arm64
  optional PDF::API2 add-on using XS to speed up expensive operations

libpdf-builder-perl/stable 3.026-1 all
  Facilitates the creation and modification of PDF files

libpdf-create-perl/stable 1.46-3 all
  Perl module to create PDF files

libpdf-report-perl/stable 1.36-2 all
  simplified PDF report generator

libpdf-table-perl/stable 1:1.006-1 all
  utility class for building table layouts in a PDF::API2 object

libpdf-writer-perl/stable 0.06-2 all
  PDF writer abstraction layer

libpmi2-0-dev/stable 24.11.5-4 arm64
  Slurm PMI2 library implementation development files

libpmi2-0t64/stable 24.11.5-4 arm64
  Slurm PMI2 library implementation

libpomp2-dev/stable 2.0.9-1 arm64
  OpenMP Pragma And Region Instrumentor - development files

libpomp2-doc/stable 2.0.9-1 all
  OpenMP Pragma And Region Instrumentor - documentation

librte-bus-pci25/stable 24.11.4-0+deb13u1 arm64
  Data Plane Development Kit (librte-bus-pci runtime library)

librte-pci25/stable 24.11.4-0+deb13u1 arm64
  Data Plane Development Kit (librte-pci runtime library)

librte-power-acpi25/stable 24.11.4-0+deb13u1 arm64
  Data Plane Development Kit (librte-power-acpi runtime library)

librust-allocator-api2-dev/stable 0.2.16-2 arm64
  Mirror of Rust's allocator API - Rust source code

libscalapack-openmpi2.2/stable 2.2.2-1 arm64
  Scalable Linear Algebra Package - Shared libs for OpenMPI

libscalapack64-openmpi2.2/stable 2.2.2-1 arm64
  Scalable Linear Algebra Package - 64-bit Shared libs for OpenMPI

libsmi2-common/stable 0.4.8+dfsg2-17 all
  library to access SMI MIB information - MIB module files

libsmi2-dev/stable 0.4.8+dfsg2-17+b1 arm64
  library to access SMI MIB information - development files

libsmi2t64/stable 0.4.8+dfsg2-17+b1 arm64
  library to access SMI MIB information

libtss2-tcti-i2c-ftdi0/stable 4.1.3-1.2 arm64
  TPM2 Software stack library - TSS and TCTI libraries

libtss2-tcti-i2c-helper0/stable 4.1.3-1.2 arm64
  TPM2 Software stack library - TSS and TCTI libraries

libwaei2t64/stable 3.6.2-9.2 arm64
  Japanese-English Dictionary for GNOME

libwildmidi2/stable 0.4.3-1+b3 arm64
  software MIDI player library

libxcb-dri2-0/stable 1.17.0-2+b1 arm64
  X C Binding, dri2 extension

libxcb-dri2-0-dev/stable 1.17.0-2+b1 arm64
  X C Binding, dri2 extension, development files

luma.oled-doc/stable 3.10.0-1 all
  doc for library interfacing OLED matrix displays

mailscripts/stable 30-2 all
  collection of scripts for manipulating e-mail on Debian

mate-sensors-applet/stable 1.26.0-1+deb13u1 arm64
  Display readings from hardware sensors in your MATE panel

mediawiki2latex/stable 8.28-1 arm64
  Loads pages from MediaWiki and converts to LaTeX and PDF

mediawiki2latexguipyqt/stable 1.8.2-1 all
  lightweight GUI for mediawiki2latex

miri-sdr/stable 2.0.0-4+b2 arm64
  Software defined radio support for Mirics hardware (tools)

monitoring-plugins-contrib/stable 48.20250420 arm64
  Plugins for nagios compatible monitoring systems

multimon-ng/stable 1.3.1+dfsg-1+b1 arm64
  digital radio transmission decoder

nut-i2c/stable 2.8.1-5 arm64
  network UPS tools - I2C driver

octave-instrument-control/stable 0.9.5-1 arm64
  instrument control for Octave

opari2/stable 2.0.9-1 arm64
  OpenMP Pragma And Region Instrumentor - translation tool

openni2-doc/stable 2.2.0.33+dfsg-18 all
  developer documentation for OpenNI frameworks

openni2-utils/stable 2.2.0.33+dfsg-18+b2 arm64
  debug and test utilities OpenNI2 framework

ow-shell/stable 3.2p4+dfsg1-6 arm64
  shell utilities to talk to an 1-Wire owserver

ow-tools/stable 3.2p4+dfsg1-6 all
  tools to monitor or inspect a ow-server link

owfs/stable 3.2p4+dfsg1-6 all
  Dallas 1-wire support

owfs-common/stable 3.2p4+dfsg1-6 all
  common files used by any of the OWFS programs

owfs-doc/stable 3.2p4+dfsg1-6 all
  Dallas 1-wire support: Documentation for owfs

owfs-fuse/stable 3.2p4+dfsg1-6 arm64
  1-Wire filesystem

owftpd/stable 3.2p4+dfsg1-6 arm64
  FTP daemon providing access to 1-Wire networks

owhttpd/stable 3.2p4+dfsg1-6 arm64
  HTTP daemon providing access to 1-Wire networks

owserver/stable 3.2p4+dfsg1-6 arm64
  Backend server for 1-Wire control

phipack/stable 0.0.20160614-5+b1 arm64
  PHI test and other tests of recombination

plsense/stable 0.3.4-2 all
  Omni Completion Tool for Perl

ponyprog/stable 3.1.4+ds-1 arm64
  Serial device programmer

pypi2deb/stable 4.20240727 all
  PyPI to Debian converter

python-opcodes-doc/stable 0.0~git20180424.6e2b0cd-3 all
  Database of Processor Instructions/Opcodes (common documentation)

python-periphery-doc/stable 2.4.1-1 all
  Peripheral I/O (Documentation)

python3-bme280/stable 0.2.4-2 all
  Python interface for a Bosch BME280 digital sensor module

python3-enki2/stable 1:1.6.99-3+b2 arm64
  Python3 bindings for the library libenki2

python3-ftdi/stable 0.56.0-1 arm64
  user-space driver for popular FTDI devices

python3-ftdi-doc/stable 0.56.0-1 all
  user-space driver for popular FTDI devices. Documentation

python3-luma.oled/stable 3.10.0-1 arm64
  library interfacing OLED matrix displays

python3-opcodes/stable 0.0~git20180424.6e2b0cd-3 all
  Database of Processor Instructions/Opcodes (Python 3)

python3-periphery/stable 2.4.1-1 all
  Peripheral I/O (Python3 version)

python3-pyatspi/stable 2.46.1-1 all
  Assistive Technology Service Provider Interface - Python3 bindings

python3-pyipmi/stable 0.5.7-1 all
  Pure Python IPMI library

python3-smbus/stable 4.4-2 arm64
  Python 3 bindings for Linux SMBus access through i2c-dev

python3-smbus2/stable 0.4.3-1 arm64
  another pure Python implementation of the python-smbus package

python3-smbus2-doc/stable 0.4.3-1 all
  doc for another pure Python implementation of the python-smbus

python3-txi2p-tahoe/stable 0.3.7-4 all
  txi2p is a set of I2P bindings for Twisted

qcat/stable 1.1.0-7 all
  demultiplexing Oxford Nanopore reads from FASTQ files

qcat-examples/stable 1.1.0-7 all
  demultiplexing Oxford Nanopore reads from FASTQ files (examples)

qml-module-org-kde-kirigami2/stable 5.116.0-1 arm64
  set of QtQuick components targeted for mobile use

r-cran-latte/stable 0.2.1-2 all
  R interface to 'LattE' and '4ti2'

resource-agents/stable 1:4.16.0-3+deb13u2 arm64
  Cluster Resource Agents

rifiuti2/stable 0.8.2-1 arm64
  replacement for rifiuti, a MS Windows recycle bin analysis tool

sigviewer/stable 0.6.4-3+b2 arm64
  GUI viewer for biosignals such as EEG, EMG, and ECG

spacebar/stable 1:6.3.4-1 arm64
  SMS/MMS application for Plasma Mobile

texi2html/stable 1.82+dfsg1-7 all
  Convert Texinfo files to HTML

texlive-extra-utils/stable 2024.20250309-2 all
  TeX Live: TeX auxiliary programs

uci2wb/stable 4.1+git200714-1.2 arm64
  protocol adapter between XBoard/CECP and UCI/USI/UCCI engines

uni2ascii/stable 4.20-1 arm64
  UTF-8 to 7-bit ASCII and vice versa converter

unibetacode/stable 2.3-5 arm64
  convert classical Greek and Coptic between Beta Code and Unicode

wiki2beamer/stable 0.10.0-5 all
  Tool to create LaTeX beamer presentations in wiki syntax

x11proto-dri2-dev/stable 2024.1-1 all
  transitional dummy package

xjokes/stable 1.0-17+b1 arm64
  X11 jokes

xmlrpc-api-utils/stable 1.59.03-10 arm64
  Generate C++ wrapper classes for XML-RPC servers

