
WARNING: apt does not have a stable CLI interface. Use with caution in scripts.

Sorting...
Full Text Search...
cutecom/stable 0.51.0-1+b3 arm64
  Graphical serial terminal, like minicom

libstring-crc32-perl/stable 2.100-2+b3 arm64
  Perl interface for cyclic redundancy check generation

lrzsz/stable,now 0.12.21rc-0.2 arm64 [installed,automatic]
  Tools for zmodem/xmodem/ymodem file transfer

minicom/stable,now 2.10-1 arm64 [installed]
  Friendly menu driven serial communication program

node-zmodem.js/stable 0.1.10+dfsg-5 all
  ZMODEM file transfers in JavaScript

python3-crccheck/stable 1.3.0-1 all
  implementation of 170+ CRC algorithms for Python 3

qterm/stable 1:0.8.2-1 arm64
  BBS client for X Window System written in Qt

seyon/stable 2.20c-36+b2 arm64
  Full-featured native X11 communications program

zssh/stable 1.5c.debian.1-10+b2 arm64
  interactive file transfers over ssh

