
WARNING: apt does not have a stable CLI interface. Use with caution in scripts.

Sorting...
Full Text Search...
acct/stable 6.6.4-8 arm64
  GNU Accounting utilities for process and login accounting

arachne-pnr-chipdb/stable 0.1+20190728gitc40fb22-3 all
  Chip db files for arachne-pnr

autodock-getdata/stable 4.2.6-9 all
  instructions for getData to collect compounds

avogadro/stable 1.100.0-2 arm64
  Molecular Graphics and Modelling System

biosyntax/stable 1.0.0b-6 all
  Syntax Highlighting for Computational Biology (metapackage)

biosyntax-common/stable 1.0.0b-6 all
  Syntax Highlighting for Computational Biology (common files)

biosyntax-example/stable 1.0.0b-6 all
  Syntax Highlighting for Computational Biology (example)

biosyntax-gedit/stable 1.0.0b-6 all
  Syntax Highlighting for Computational Biology (gedit)

biosyntax-less/stable 1.0.0b-6 all
  Syntax Highlighting for Computational Biology (less)

biosyntax-vim/stable 1.0.0b-6 all
  Syntax Highlighting for Computational Biology (vim)

c2x/stable 2.42+ds-1 arm64
  converter between DFT electronic structure codes formats

chemtool/stable 1.6.14-6+b3 arm64
  chemical structures drawing program

cif-tools/stable 1.0.12-4 arm64
  Suite of tools to manipulate, validate and query mmCIF files

concavity/stable 0.1+dfsg.1-6 arm64
  predictor of protein ligand binding sites from structure and conservation

cpdb-backend-cups/stable 2.0b5-1+b1 arm64
  Common Print Dialog Backends - CUPS/IPP Backend

cpdb-libs-tools/stable 2.0~b5-1.2+b3 arm64
  Common Print Dialog Backends - tools

density-fitness/stable 1.1.3-1 arm64
  Calculates per-residue electron density scores

fpga-icestorm-chipdb/stable 0~20250207git7fbf8c0+dfsg1-1 all
  Chip database files for fpga-icestorm

garlic/stable 1.6-3+b1 arm64
  visualization program for biomolecules

garlic-doc/stable 1.6-2 all
  [Chemistry] a molecular visualization program - documents

gemmi/stable 0.6.5+ds-3 arm64
  library for structural biology - executable

gemmi-dev/stable 0.6.5+ds-3 arm64
  library for structural biology

hhsuite/stable 3.3.0+ds-8+b3 arm64
  sensitive protein sequence searching based on HMM-HMM alignment

jmol/stable 16.2.33+dfsg-1 all
  Molecular Viewer

king-probe/stable 02.21-1+b1 arm64
  Evaluate and visualize protein interatomic packing

ldapscripts/stable 2.0.8-2 all
  Add and remove users and groups (stored in a LDAP directory)

libchemistry-openbabel-perl/stable 3.1.1+dfsg-12 arm64
  Chemical toolbox library (perl bindings)

libcifpp-data/stable 7.0.9-1 all
  Data files for libcifpp

libcifpp-dev/stable 7.0.9-1 arm64
  Documentation for libcifpp

libcifpp-doc/stable 7.0.9-1 all
  Development files for libcifpp

libcifpp7/stable 7.0.9-1 arm64
  Library files for libcifpp

libcpdb-backend-dev/stable 2.0~b5-1.2+b3 arm64
  Common Print Dialog Backends - Development files for Backend Library

libcpdb-dev/stable 2.0~b5-1.2+b3 arm64
  Common Print Dialog Backends - Development files for both libraries

libcpdb-frontend-dev/stable 2.0~b5-1.2+b3 arm64
  Common Print Dialog Backends - Development files for Frontend Library

libcpdb-frontend2t64/stable 2.0~b5-1.2+b3 arm64
  Common Print Dialog Backends - Interface Library for Frontends

libcpdb-libs-tools/stable 2.0~b5-1.2 all
  Common Print Dialog Backends - Tools (transitional package)

libcpdb2t64/stable 2.0~b5-1.2+b3 arm64
  Common Print Dialog Backends - Interface Library

libcppdb-dev/stable 0.3.1+dfsg-9.1+b1 arm64
  SQL Connectivity Library (development files)

libcppdb-mysql0t64/stable 0.3.1+dfsg-9.1+b1 arm64
  SQL Connectivity Library (MySQL backend)

libcppdb-odbc0t64/stable 0.3.1+dfsg-9.1+b1 arm64
  SQL Connectivity Library (odbc backend)

libcppdb-postgresql0t64/stable 0.3.1+dfsg-9.1+b1 arm64
  SQL Connectivity Library (PostgreSQL backend)

libcppdb-sqlite3-0t64/stable 0.3.1+dfsg-9.1+b1 arm64
  SQL Connectivity Library (sqlite3 backend)

libcppdb0t64/stable 0.3.1+dfsg-9.1+b1 arm64
  SQL Connectivity Library (core library)

libe-book-0.1-1/stable 0.1.3-2+b4 arm64
  library for reading and converting various  e-book formats

libe-book-dev/stable 0.1.3-2+b4 arm64
  library for reading and converting various  e-book formats

libmmdb2-0/stable 2.0.22-1+b2 arm64
  macromolecular coordinate library - runtime

libmmdb2-dev/stable 2.0.22-1+b2 arm64
  macromolecular coordinate library - development files

libmobi-dev/stable 0.12+dfsg-1 arm64
  Development files for libmobi

libmobi-tools/stable 0.12+dfsg-1 arm64
  Tools for handling Mobipocket/Kindle ebook format documents

libmobi0t64/stable 0.12+dfsg-1 arm64
  C library for handling Mobipocket/Kindle ebook format documents

libopenbabel-dev/stable 3.1.1+dfsg-12 arm64
  Chemical toolbox library (development files)

libopenbabel-doc/stable 3.1.1+dfsg-12 all
  Chemical toolbox library (documentation)

libopenbabel7/stable 3.1.1+dfsg-12 arm64
  Chemical toolbox library

libpalm-pdb-perl/stable 1.400-3 all
  modules to parse Palm database files

libpalm-perl/stable 1:1.400-2 all
  modules for manipulating pdb and prc database files

libpam-wtmpdb/stable 0.73.0-3+deb13u1 arm64
  wtmp database PAM module

libpdb-redo-dev/stable 3.2.1-1 arm64
  Development files for libpdb-redo

libpdb-redo3/stable 3.2.1-1 arm64
  Library file for libpdb-redo

librdkit-dev/stable 202503.1-4 arm64
  Collection of cheminformatics and machine-learning software (development files)

librdkit1t64/stable 202503.1-4 arm64
  Collection of cheminformatics and machine-learning software (shared libraries)

librust-pdb-dev/stable 0.8.0-3 arm64
  Parser for Microsoft PDB (Program Database) debugging information - Rust source code

librust-srcsrv-dev/stable 0.2.2-1+b3 arm64
  Interpret the contents of a srcsrv stream from a pdb file (Microsoft Source Server) - Rust source code

libsilo-dev/stable 4.11-6.1+b3 arm64
  Development files for SILO Scientific I/O library from LLNL

libwtmpdb-dev/stable 0.73.0-3+deb13u1 arm64
  libwtmpdb development files

libwtmpdb0/stable,now 0.73.0-3+deb13u1 arm64 [installed,automatic]
  wtmp database shared library

meshlab/stable 2022.02+dfsg1-1 arm64
  System for processing and editing triangular meshes

mustang/stable 3.2.4-1+b1 arm64
  multiple structural alignment of proteins

nextpnr-ecp5-chipdb/stable 0.7-1+b3 arm64
  FPGA place and route tool for Lattice ECP5 -- chipdb files

nextpnr-gowin-chipdb/stable 0.7-1+b3 arm64
  FPGA place and route tool for Gowin GW1N -- chipdb files

nextpnr-ice40/stable 0.7-1+b3 arm64
  FPGA place and route tool for Lattice iCE40

nextpnr-ice40-chipdb/stable 0.7-1+b3 arm64
  FPGA place and route tool for Lattice iCE40 -- chipdb files

nextpnr-ice40-qt/stable 0.7-1+b3 arm64
  FPGA place and route tool for Lattice iCE40 - with GUI

norsp/stable 1.0.6-7 all
  predictor of non-regular secondary structure

openbabel/stable 3.1.1+dfsg-12 arm64
  Chemical toolbox utilities (cli)

openbabel-gui/stable 3.1.1+dfsg-12 arm64
  Chemical toolbox utilities (graphical user interface)

packmol/stable 1:21.0.2-2 arm64
  Initial configurations for Molecular Dynamics Simulations

pdb-tools/stable 2.5.1-2 all
  tools for manipulating and editing PDB files

pdb2pqr/stable 3.6.1+dfsg-1 all
  Preparation of protein structures for electrostatics calculations

pdb2pqr-doc/stable 3.6.1+dfsg-1 all
  example files accompanying pdb2pqr

php-phpdbg/stable 2:8.4+96 all
  server-side, HTML-embedded scripting language (PHPDBG binary) (default)

php8.4-phpdbg/stable 8.4.23-1~deb13u1 arm64
  server-side, HTML-embedded scripting language (PHPDBG binary)

plip/stable 2.4.0+dfsg-4 all
  fully automated protein-ligand interaction profiler

postgresql-17-rdkit/stable 202503.1-4 arm64
  Cheminformatics and machine-learning software (PostgreSQL Cartridge)

pymol/stable 3.1.0+dfsg-1 all
  Molecular Graphics System

python-mdanalysis-doc/stable 2.9.0-12 all
  analyse molecular dynamics files and trajectories ( documentation)

python-mdtraj-doc/stable 1.10.3-2 all
  Read, write and analyze MD trajectories in Python (documentation)

python-pdbx-doc/stable 2.0.1-2 all
  utilities for PDBx/mmCIF storage model (common documentation)

python3-apycula/stable 0.17+dfsg1-1 all
  Tools to generate Gowin FPGA bitstreams

python3-django-ldapdb/stable 1.5.1-3 all
  Python3 LDAP database backend for Django

python3-gemmi/stable 0.6.5+ds-3 arm64
  library for structural biology - Python module

python3-ipdb/stable 0.13.13-3 all
  IPython-based pdb replacement (Python 3 version)

python3-mdanalysis/stable 2.9.0-12 arm64
  analyse molecular dynamics files and trajectories

python3-mdtraj/stable 1.10.3-2+b1 arm64
  Read, write and analyze MD trajectories in Python

python3-openbabel/stable 3.1.1+dfsg-12 arm64
  Chemical toolbox library (Python bindings)

python3-pdb2pqr/stable 3.6.1+dfsg-1 all
  Preparation of protein structures for electrostatics calculations

python3-pdbfixer/stable 1.9-7 all
  Fix problems in Protein Data Bank files (Python 3)

python3-pdbtools/stable 2.5.1-2 all
  tools for manipulating and editing PDB files (Python 3 package)

python3-pdbx/stable 2.0.1-2 all
  utilities for PDBx/mmCIF storage model (Python 3)

python3-pymol/stable 3.1.0+dfsg-1 arm64
  Molecular Graphics System (Python 3 modules)

python3-rdkit/stable 202503.1-4 arm64
  Collection of cheminformatics and machine-learning software

qutemol/stable 0.4.1~cvs20081111-15+b5 arm64
  interactive visualization of macromolecules

rasmol/stable 2.7.6.0-4 arm64
  visualization of biological macromolecules

raster3d/stable 3.0-7-2+b2 arm64
  tools for generating images of proteins or other molecules

raster3d-doc/stable 3.0-7-2 all
  documents and example files for Raster3D

tor-geoipdb/stable 0.4.9.11-0+deb13u1 all
  GeoIP database for Tor

travis/stable 220729-1+b1 arm64
  trajectory analyzer and visualizer

wtmpdb/stable 0.73.0-3+deb13u1 arm64
  utility to display login/logout/reboot information

