
WARNING: apt does not have a stable CLI interface. Use with caution in scripts.

Sorting...
Full Text Search...
autodock-getdata/stable 4.2.6-9 all
  instructions for getData to collect compounds

getdata/stable 0.2-4 all
  management of external databases

golang-github-gogetdata-ggd-utils-dev/stable 1.0.0+ds-1 all
  library for use in ggd

libf95getdata7/stable 0.11.0-15+b1 arm64
  library to read/write dirfile data - Fortran 95 bindings

libfgetdata6/stable 0.11.0-15+b1 arm64
  library to read/write dirfile data - Fortran 77 bindings

libgetdata++7/stable 0.11.0-15+b1 arm64
  library to read/write dirfile data - C++ bindings

libgetdata-dev/stable 0.11.0-15+b1 arm64
  library to read/write dirfile data - devel files (C, C++, F77, F95)

libgetdata-doc/stable 0.11.0-15 all
  library to read/write dirfile data - API and standards documents

libgetdata-perl/stable 0.11.0-15+b1 arm64
  library to read/write dirfile data - perl bindings

libgetdata-tools/stable 0.11.0-15+b1 arm64
  library to read/write dirfile data - extra tools

libgetdata8/stable 0.11.0-15+b1 arm64
  library to read/write dirfile data

python3-pygetdata/stable 0.11.0-15+b1 arm64
  library to read/write dirfile data - Python3 bindings

