
WARNING: apt does not have a stable CLI interface. Use with caution in scripts.

Sorting...
Full Text Search...
alpine-pico/stable 2.26+dfsg-3 arm64
  Simple text editor from Alpine, a text-based email client

arduino-core-avr/stable 1.8.7+dfsg-1~deb13u1 all
  Arduino Core for AVR microcontroller

bornagain/stable 22~git20250325170646.93042f5+ds3-3 arm64
  Simulate and fit X-ray and neutron GISAS -- binary

bornagain-doc/stable 22~git20250325170646.93042f5+ds3-3 all
  Simulate and fit X-ray and neutron GISAS -- doc

c2x/stable 2.42+ds-1 arm64
  converter between DFT electronic structure codes formats

cutesv/stable 2.1.1-1 all
  comprehensive discovery of structural variations of genomic sequences

education-desktop-cinnamon/stable 2.13.3 arm64
  Debian Edu Cinnamon desktop applications

fast5/stable 0.6.5-9 all
  utilities for manipulating Oxford Nanopore Fast5 files

flye/stable 2.9.5+dfsg-1 arm64
  de novo assembler for single molecule sequencing reads using repeat graphs

fonts-aenigma/stable 0.0.20080511+dfsg-5 all
  465 free TrueType fonts by Brian Kent

gr-satellites/stable 5.5.0-2+b13 arm64
  Collection of satellite telemetry signal decoders

kicad-templates/stable 9.0.0-1 all
  Project templates for KiCad

kma/stable 1.4.21-1 arm64
  mapping genomic sequences to raw reads directly against redundant databases

ledger-wallets-udev/stable 0.3+nmu1 all
  udev rules for Ledger wallets

libaudio-moosic-perl/stable 0.10-4 all
  Moosic client library for Perl

libboost-chrono-dev/stable 1.83.0.2+b2 arm64
  C++ representation of time duration, time point, and clocks (default version)

libboost-chrono1.83-dev/stable 1.83.0-4.2 arm64
  C++ representation of time duration, time point, and clocks

libboost-chrono1.83.0t64/stable 1.83.0-4.2 arm64
  C++ representation of time duration, time point, and clocks

libboost-chrono1.88-dev/stable 1.88.0-1 arm64
  C++ representation of time duration, time point, and clocks

libboost-chrono1.88.0t64/stable 1.88.0-1 arm64
  C++ representation of time duration, time point, and clocks

libclass-tiny-antlers-perl/stable 0.024-3 all
  Moose-like sugar for Class::Tiny

libdatetime-format-human-duration-perl/stable 0.64-2 all
  Perl module to return a locale-specific string describing a DateTime::Duration

libdsk-utils/stable 1.5.9+dfsg-1+b2 arm64
  library for accessing discs and disc image file (utilities)

libdsk4/stable 1.5.9+dfsg-1+b2 arm64
  library for accessing discs and disc image file

libdsk4-dev/stable 1.5.9+dfsg-1+b2 arm64
  library for accessing discs and disc image file (development headers)

libduration-ocaml/stable 0.2.1-4+b4 arm64
  conversions to various time units for OCaml (runtime)

libduration-ocaml-dev/stable 0.2.1-4+b4 arm64
  conversions to various time units for OCaml (dev)

libfast5-dev/stable 0.6.5-9 all
  library for reading Oxford Nanopore Fast5 files -- headers

libghc-nanospec-dev/stable 0.2.2-6+b1 arm64
  lightweight implementation of a subset of Hspec's API

libghc-nanospec-doc/stable 0.2.2-6 all
  lightweight implementation of a subset of Hspec's API; documentation

libghc-nanospec-prof/stable 0.2.2-6+b1 arm64
  lightweight implementation of a subset of Hspec's API; profiling libraries

libgnuradio-satellites5.5.0/stable 5.5.0-2+b13 arm64
  library of satellite telemetry signal decoders

libminimap2-dev/stable 2.27+dfsg-1+b4 arm64
  development headers for libminimap

libmrpt-nanogui-dev/stable 1:2.14.7+ds-1+b3 arm64
  Mobile Robot Programming Toolkit - nanogui development package

libmrpt-nanogui2.14/stable 1:2.14.7+ds-1+b3 arm64
  Mobile Robot Programming Toolkit - nanogui library

libmtime-ocaml/stable 2.1.0-2+b2 arm64
  monotonic wall-clock time for OCaml (runtime)

libmtime-ocaml-dev/stable 2.1.0-2+b2 arm64
  monotonic wall-clock time for OCaml (development)

libnanoflann-dev/stable 1.7.1+ds-1 all
  C++11 header-only library for Nearest Neighbor Search with KD-Trees

libnanomsg-dev/stable 1.1.5+dfsg-1.1+b1 arm64
  nanomsg development files

libnanomsg-raw-perl/stable 0.10-3+b4 arm64
  low-level interface to nanomsg for Perl

libnanomsg5/stable 1.1.5+dfsg-1.1+b1 arm64
  high-performance implementation of scalability libraries

libnanopb-dev/stable 0.4.9.1-1 arm64
  Protocol Buffers with small code size, development files

libnanosvg-dev/stable 0.0~git20241219.ea6a6ac-1 arm64
  simple svg parsing library -- development files

libnanovdb-dev/stable 10.0.1-2.3+b1 arm64
  Sparse Volume Processing toolkit - NanoVDB - dev

libnanovdb-tools/stable 10.0.1-2.3+b1 arm64
  Sparse Volume Processing toolkit - NanoVDB - runtime

libnanovg-dev/stable 0.0~git20230826.f93799c+dfsg1-1 arm64
  antialiased vector graphics rendering library for OpenGL

libnanoxml2-java/stable 2.2.3.dfsg-9 all
  Small XML parser for Java

libnanoxml2-java-doc/stable 2.2.3.dfsg-9 all
  documentation for libnanoxml2-java

librust-nanorand-dev/stable 0.7.0-12 all
  tiny and fast random number generation - Rust source code

libslow5-0t64/stable 0.7.0+dfsg-3+b6 arm64
  library for reading & writing SLOW5 files

libslow5-dev/stable 0.7.0+dfsg-3+b6 arm64
  header and static library for reading & writing SLOW5 files

libtime-clock-perl/stable 1.03-3 all
  twenty-four hour clock object with nanosecond precision

libtime-hr-perl/stable 0.02-3+b4 arm64
  Perl interface to high-resolution timer

libtime-moment-perl/stable 0.44-2+b4 arm64
  Perl C/XS module representing date and time of day with UTC offset

libtime-now-ocaml/stable 0.17.0-2+b4 arm64
  current time for OCaml (runtime files)

libtime-now-ocaml-dev/stable 0.17.0-2+b4 arm64
  current time for OCaml (dev files)

libvbz-hdf-plugin-dev/stable 1.0.2-3.1 arm64
  VBZ compression plugin for nanopore signal data (devel)

libvbz-hdf-plugin0t64/stable 1.0.2-3.1 arm64
  VBZ compression plugin for nanopore signal data

mash/stable 2.3+dfsg-6+b2 arm64
  fast genome and metagenome distance estimation using MinHash

mcaller/stable 1.0.3+git20210624.b415090-3 all
  find methylation in nanopore reads

micro/stable 2.0.14-1+b6 arm64
  modern and intuitive terminal-based text editor

minimap2/stable 2.27+dfsg-1+b4 arm64
  versatile pairwise aligner for genomic and spliced nucleotide sequences

nano/stable,now 8.4-1+deb13u1 arm64 [installed]
  small, friendly text editor inspired by Pico

nano-tiny/stable 8.4-1+deb13u1 arm64
  small, friendly text editor inspired by Pico - tiny build

nanobind-dev/stable 2.5.0-1 all
  Tiny and efficient C++/Python bindings (development files)

nanoc/stable 4.13.3-3 all
  static site generator written in Ruby

nanofilt/stable 2.8.0-1 all
  filtering and trimming of long read sequencing data

nanolyse/stable 1.2.0-4 arm64
  remove lambda phage reads from a fastq file

nanomsg-utils/stable 1.1.5+dfsg-1.1+b1 arm64
  nanomsg utilities

nanopb/stable 0.4.9.1-1 all
  Protocol Buffers with small code size

nanopolish/stable 0.14.0-1+b4 arm64
  consensus caller for nanopore sequencing data

nanosv/stable 1.2.4+git20190409.c1ae30c-7 all
  structural variant caller for nanopore data

nanovna-saver/stable 0.7.3-1.1 all
  view and export Touchstone data from a NanoVNA radio network tester device

ngmlr/stable 0.2.7+git20210816.a2a31fb+dfsg-2+b2 arm64
  CoNvex Gap-cost alignMents for Long Reads

ont-fast5-api/stable 4.1.3+dfsg-1+b1 arm64
  simple interface to HDF5 files of the Oxford Nanopore .fast5 file format

osmo-bsc-ipaccess-utils/stable 1.13.0-2 arm64
  Command line utilities for ip.access nanoBTS

osmo-gtphub/stable 1.13.0+dfsg1-2 arm64
  Proxy for GTP traffic between multiple SGSNs and GGSNs

osmo-sgsn/stable 1.13.0+dfsg1-2 arm64
  Serving GPRS Support Node for 2G and 3G networks

picolibc-arm-none-eabi/stable 1.8.10-2 all
  Smaller embedded C library for ARM development

picopore/stable 1.2.0-3 all
  lossless compression of Nanopore files

plasma-nano/stable 6.3.4-1 arm64
  Plasma shell for embedded devices

porechop/stable 0.2.4+dfsg-6+b2 arm64
  adapter trimmer for Oxford Nanopore reads

poretools/stable 0.6.0+dfsg-7 all
  toolkit for nanopore nucleotide sequencing data

poretools-data/stable 0.6.0+dfsg-7 all
  toolkit for nanopore nucleotide sequencing data -- sample datasets

pycoqc/stable 2.5.2+dfsg-4 all
  computes metrics and generates Interactive QC plots

pynx/stable 2025.1-2 all
  Python tools for Nano-structures Crystallography (Scripts)

python-pynx-doc/stable 2025.1-2 all
  Python tools for Nano-structures Crystallography (common documentation)

python-qutip-doc/stable 5.1.1-1 all
  python package for simulating open quantum systems (docs)

python3-aionanoleaf/stable 0.2.1-2 all
  async Python package for the Nanoleaf API

python3-bornagain/stable 22~git20250325170646.93042f5+ds3-3 arm64
  Simulate and fit X-ray and neutron GISAS -- Python3

python3-editor/stable 1.0.3-10 all
  programmatically open an editor, capture the result - Python 3.x

python3-fast5/stable 0.6.5-9+b2 arm64
  library for reading Oxford Nanopore Fast5 files -- Python 3

python3-mappy/stable 2.27+dfsg-1+b4 arm64
  Python3 interface minimap2

python3-nanobind/stable 2.5.0-1 all
  Tiny and efficient C++/Python bindings (Python 3 module)

python3-nanoget/stable 1.19.3-1 all
  extract information from Oxford Nanopore sequencing data and alignments

python3-nanoget-examples/stable 1.19.3-1 all
  example data for python3-nanoget (dealing with Oxford Nanopore data)

python3-nanomath/stable 1.2.1+ds-1 all
  simple math function for other Oxford Nanopore processing scripts

python3-pauvre/stable 0.2.3-4 all
  QC and genome browser plotting Oxford Nanopore and PacBio long reads

python3-picopore/stable 1.2.0-3 all
  lossless compression of Nanopore files (Python3 module)

python3-pynx/stable 2025.1-2 arm64
  Python tools for Nano-structures Crystallography (Python 3)

python3-qutip/stable 5.1.1-1+b1 arm64
  python package for simulating the dynamics of open quantum systems

python3-shasta/stable 0.12.0-1+b3 arm64
  nanopore whole genome assembly (dynamic library)

python3-shasta-doc/stable 0.12.0-1 all
  nanopore whole genome assembly (documentation)

python3-slow5/stable 0.7.0+dfsg-3+b6 arm64
  Python3 modul for reading & writing SLOW5 files

qcat/stable 1.1.0-7 all
  demultiplexing Oxford Nanopore reads from FASTQ files

qcat-examples/stable 1.1.0-7 all
  demultiplexing Oxford Nanopore reads from FASTQ files (examples)

quantum-espresso/stable 6.7-3+b1 arm64
  Electronic-Structure and Ab-Initio Molecular Dynamics Suite

quantum-espresso-data/stable 6.7-3 all
  Electronic-Structure and Ab-Initio Molecular Dynamics Suite (Documentation)

r-bioc-ioniser/stable 2.30.0+dfsg-2 all
  Quality Assessment Tools for Oxford Nanopore MinION data

r-cran-nanoarrow/stable 0.6.0-1 arm64
  GNU R interface to the 'nanoarrow' 'C' Library

r-cran-nanotime/stable 0.3.12-1 arm64
  GNU R package for nanosecond-resolution time support

r6rs-nanopass-dev/stable 1.9.2-2 all
  embedded DSL for writing compilers in Scheme

racon/stable 1.5.0-3+b2 arm64
  consensus module for raw de novo DNA assembly of long uncorrected reads

ruby-adsf/stable 1.5.2+dfsg1-2 all
  tiny static file server

ruby-adsf-live/stable 1.5.2+dfsg1-2 all
  live reload support for ruby-adsf tiny static file server

ruby-nanoc-checking/stable 1.0.5+4.13.3-3 all
  static site generator written in Ruby - checker

ruby-nanoc-cli/stable 4.13.3-3 all
  static site generator written in Ruby - command line interface

ruby-nanoc-core/stable 4.13.3-3 all
  static site generator written in Ruby - core package

ruby-nanoc-deploying/stable 1.0.2+4.13.3-3 all
  static site generator written in Ruby - deployer

ruby-nanoc-external/stable 1.0.5+4.13.3-3 all
  static site generator written in Ruby - external filter

ruby-nanoc-live/stable 4.11.14.really1.1.0+4.13.3-3 all
  static site generator written in Ruby - live support

ruby-nanoc-org-mode/stable 1.0.0+4.13.3-3 all
  static site generator written in Ruby - org-ruby mode

ruby-nanotest/stable 0.9.4.1-2 all
  Exteremely minimal test framework

science-config/stable 1.15 all
  Debian Science Project config package

science-nanoscale-physics/stable 1.15 all
  Debian Science Nanoscale Physics packages

science-nanoscale-physics-dev/stable 1.15 all
  Debian Science Nanoscale Physics development packages

scrappie/stable 1.4.2-8+b8 arm64
  basecaller for Nanopore sequencer

shasta/stable 0.12.0-1+b3 arm64
  nanopore whole genome assembly (binaries and scripts)

sniffles/stable 2.6.0-1 all
  structural variation caller using third-generation sequencing

sockperf/stable 3.7-1+b1 arm64
  Network benchmarking utility for testing latency and throughput

strawberry/stable 1.2.10-2 arm64
  audio player and music collection organizer

texlive-publishers/stable 2024.20250309-2 all
  TeX Live: Publisher styles, theses, etc.

tksvg/stable 0.14-1+b1 arm64
  Tk extension to read SVG images

tombo/stable 1.5.1-7+b2 arm64
  identification of modified nucleotides from raw nanopore sequencing data

tombo-doc/stable 1.5.1-7 all
  identification of modified nucleotides from raw nanopore sequencing data (doc)

u-boot-rockchip/stable 2025.01-3 arm64
  A boot loader for rockchip systems

u-boot-sunxi/stable 2025.01-3 arm64
  A boot loader for sunxi systems

uncalled/stable 2.3+ds-3+b2 arm64
  Utility for Nanopore Current Alignment to Large Expanses of DNA

unicycler-data/stable 0.5.1+dfsg-3 all
  hybrid assembly pipeline for bacterial genomes (data package)

wtdbg2-examples/stable 2.5-10 all
  Examples for wtdbg - de novo sequence assembler

xpore/stable 2.1-2 all
  Nanopore analysis of differential RNA modifications

yanagiba/stable 1.0.0-5 all
  filter low quality Oxford Nanopore reads basecalled with Albacore

yanosim/stable 0.1-6 arm64
  read simulator nanopore DRS datasets

