
WARNING: apt does not have a stable CLI interface. Use with caution in scripts.

Sorting...
Full Text Search...
assetfinder/stable 0.1.1-1+b9 arm64
  Find domains and subdomains related to a given domain

binutils-mingw-w64-ucrt64/stable 2.44-3+12+b1 arm64
  Cross-binutils for UCRT Win64 (x64) using MinGW-w64

bsdextrautils/stable 2.41-5 arm64
  extra utilities from 4.4BSD-Lite

drm-info/stable 2.6.0-2+b1 arm64
  Small utility to dump info about DRM devices

fonts-amiga/stable 1.0-3 all
  vector font similar to ROM font of Amiga Workbench

fonts-sixtyfour/stable 1.0-3 all
  vector font similar to ROM font of Commodore 64

g++-mingw-w64-ucrt64/stable 14.2.0-19+27+b1 arm64
  GNU C++ compiler for MinGW-w64 targeting UCRT Win64

gcc-mingw-w64-ucrt64/stable 14.2.0-19+27+b1 arm64
  GNU C compiler for MinGW-w64 targeting UCRT Win64

gcc-mingw-w64-ucrt64-runtime/stable 14.2.0-19+27+b1 arm64
  GNU Compiler Collection for MinGW-w64, UCRT Win64

gfortran-mingw-w64-ucrt64/stable 14.2.0-19+27+b1 arm64
  GNU Fortran compiler for MinGW-w64 targeting UCRT Win64

gnat-mingw-w64-ucrt64/stable 14.2.0-19+27+b1 arm64
  GNU Ada compiler for MinGW-w64 targeting UCRT Win64

gobjc++-mingw-w64-ucrt64/stable 14.2.0-19+27+b1 arm64
  GNU Objective-C++ compiler for MinGW-w64 targeting UCRT Win64

gobjc-mingw-w64-ucrt64/stable 14.2.0-19+27+b1 arm64
  GNU Objective-C compiler for MinGW-w64 targeting UCRT Win64

libccrtp-dev/stable 2.0.9-4.1+b1 arm64
  Common C++ class framework for RTP packets - development files

libccrtp-doc/stable 2.0.9-4.1 all
  Documentation files for  GNU ccRTPp library

libccrtp2t64/stable 2.0.9-4.1+b1 arm64
  Common C++ class framework for RTP packets

libhppcrt-java/stable 0.7.5-2 all
  High Performance Primitive Collections RealTime

libispcrt-dev/stable 1.26.0-1 arm64
  Intel Implicit SPMD Program Compiler runtime library development files

libispcrt1/stable 1.26.0-1 arm64
  Intel Implicit SPMD Program Compiler runtime library

mingw-w64-ucrt64-dev/stable 12.0.0-5 all
  Development files for MinGW-w64 targeting Win64/UCRT

mingw-w64-x86-64-dev/stable 12.0.0-5 all
  Development files for MinGW-w64 targeting Win64

monitoring-plugins-contrib/stable 48.20250420 arm64
  Plugins for nagios compatible monitoring systems

obs-retro-effects/stable 1.0.0-2 arm64
  plugin for OBS Studio that simulates retro hardware

python3-awscrt/stable 0.24.0+dfsg-1 arm64
  Python 3 bindings for the AWS Common Runtime

python3-lockfile/stable 1:0.12.2-4 all
  file locking library for Python — Python 3 library

r-cran-psyphy/stable 0.3-1 all
  functions for analyzing psychophysical data in GNU R

stella/stable 7.0+dfsg-2 arm64
  Atari 2600 Emulator for SDL & the X Window System

tillitis-tkey-libs/stable 0.1.2-2 all
  Tillitis TKey device application helper library

trend/stable 1.4-3+b1 arm64
  general-purpose, efficient trend graph

yt-dlp/stable 2025.04.30-1 all
  downloader of videos from YouTube and other sites

