
WARNING: apt does not have a stable CLI interface. Use with caution in scripts.

Sorting...
Full Text Search...
anacrolix-dms/stable 1.5.0-2+b16 arm64
  Go UPnP DLNA Digital Media Server with basic video transcoding

buku/stable 4.9+ds-1 all
  Powerful command-line bookmark manager

cairo-5c/stable 1.21 all
  nickle bindings for the cairo graphics library

chromium-lwn4chrome/stable 1.0-3 all
  Chromium extension for making LWN.net slightly easier to read

cros-im/stable 64256 arm64
  ChromeOS IME support

cros-logging/stable 0.2 all
  Journald config for Chromium OS integration

cros-xdg-desktop-portal/stable 0.1 all
  ChromeOS FileChooser backend for xdg-desktop-portal

depthcharge-tools/stable 0.6.2-2 all
  Tools for ChromeOS firmware/bootloader integration

dicomscope/stable 3.6.0-27 all
  OFFIS DICOM Viewer

dicomscope-doc/stable 3.6.0-27 all
  OFFIS DICOM Viewer - documentation

elpa-atomic-chrome/stable 2.0.0-6 all
  edit a web-browser text entry area with Emacs

elpa-websocket/stable 1.15-2 all
  Emacs WebSocket client and server

epiphany-browser/stable 48.5-0+deb13u1 arm64
  Intuitive GNOME web browser

firefox-esr-mobile-config/stable 4.6.0-3 all
  Default mobile-friendly configuration for Firefox ESR

fonts-atarist/stable 0+git20230822+ds-2 all
  Atari ST monochrome system font

fonts-katex/stable 0.16.10+~cs6.1.0-2 all
  Fast math typesetting for the web (fonts)

fonts-roboto/stable 2:0~20170802-4 all
  metapackage to pull in Roboto fonts

fonts-roboto-slab/stable 1.100263+20170512-2 all
  Google's signature family of fonts (slab)

fonts-roboto-unhinted/stable 2:0~20170802-4 all
  Google's signature family of fonts (unhinted)

gnome-network-displays/stable 0.96.0-1 arm64
  screencasting app for the GNOME desktop

gnome-shell-extension-gsconnect-browsers/stable 62-1+deb13u1 all
  Browser support of KDE Connect implementation for GNOME Shell

golang-github-anacrolix-dms-dev/stable 1.5.0-2 all
  Go source for UPnP DLNA Digital Media Server

golang-github-chromedp-cdproto-dev/stable 0.0~git20230109.6b041c6-1 all
  Commands, types, events for Chrome DevTools

golang-github-chromedp-sysutil-dev/stable 1.0.0-3 all
  cross platform system utilities

golang-github-corpix-uarand-dev/stable 0.1.1-2 all
  random user-agent generator

golang-github-monochromegane-go-gitignore-dev/stable 0.0~git20200626.205db1a-2 all
  Fast gitignore matching for Go (library)

gpgv-static/stable 2.4.7-21+deb13u1+b4 arm64
  minimal signature verification tool (static build)

jsxgraph/stable 1.10.1+dfsg1-1 all
  Interactive Geometry with JavaScript

katex/stable 0.16.10+~cs6.1.0-2 all
  Fast math typesetting for the web (command line interface)

libdicomscope-jni/stable 3.6.0-27+b5 arm64
  OFFIS DICOM Viewer (JNI files)

libghc-bitwise-dev/stable 1.0.0.1-4+b1 arm64
  fast multi-dimensional unboxed bit packed Bool arrays

libghc-bitwise-doc/stable 1.0.0.1-4 all
  fast multi-dimensional unboxed bit packed Bool arrays; documentation

libghc-bitwise-prof/stable 1.0.0.1-4+b1 arm64
  fast multi-dimensional unboxed bit packed Bool arrays; profiling libraries

libjs-excanvas/stable 0.r4~git20200903.44ac99f-1 all
  HTML5 Canvas for Internet Explorer

libjs-expect.js/stable 0.3.1+dfsg+~0.3.29-2 all
  behavior driven test assertions - JavaScript library

libjs-jquery-fullscreen/stable 12-4 all
  jQuery FullScreen Plugin

libjs-jquery-jush/stable 12-4 all
  jQuery Syntax Highlighter

libjs-jquery-tablesorter/stable 1:2.31.3+dfsg1-4 all
  jQuery flexible client-side table sorting plugin

libjs-jquery.sparkline/stable 2.1.2-3 all
  library for jQuery to generate sparklines

libjs-katex/stable 0.16.10+~cs6.1.0-2 all
  Fast math typesetting for the web (for browsers)

libjs-require-css/stable 0.1.10+ds-2.1 all
  requiring and optimization with almond support

libjs-requirejs/stable 2.3.7+ds+~2.1.37-1 all
  JavaScript file and module loader

libjs-textarea-caret/stable 3.0.2-2 all
  JS library to get the xy coords of a textarea or input's caret

libmozjs-128-0/stable 128.14.0-1~deb13u1 arm64
  SpiderMonkey JavaScript library

libmozjs-128-dev/stable 128.14.0-1~deb13u1 arm64
  SpiderMonkey JavaScript library - development headers

libnode-dev/stable 20.19.2+dfsg-1+deb13u2 arm64
  evented I/O for V8 javascript (development files)

libnode115/stable 20.19.2+dfsg-1+deb13u2 arm64
  evented I/O for V8 javascript - runtime library

libparse-http-useragent-perl/stable 0.43-1 all
  parser for the HTTP User Agent string

libperfmark-java/stable 0.21.0+ds-3 all
  High Performance Tracing Library for Java

libproxy-vole-java/stable 1.0.3-3 all
  Proxy Vole

librust-cast-sender-dev/stable 0.2.0-2 arm64
  Fully asynchronous implementation of the Google Cast CASTV2 protocol, allowing communication with receivers such as Chromecast or Google TV devices - Rust source code

librust-tracing-chrome-dev/stable 0.7.2-1+b2 arm64
  Layer for tracing-subscriber that outputs Chrome-style traces - Rust source code

libslang2-dev/stable 2.3.3-5+b2 arm64
  S-Lang programming library, development version

libxpm-dev/stable 1:3.5.17-1+deb13u1 arm64
  X11 pixmap library (development headers)

libxpm4/stable 1:3.5.17-1+deb13u1 arm64 [upgradable from: 1:3.5.17-1+b3]
  X11 pixmap library

linuxlogo/stable 6.01-0.1 arm64
  Color ANSI System Logo

luma.core-doc/stable 2.4.2-1 all
  doc for component library providing a Pillow-compatible drawing canvas

luma.lcd-doc/stable 2.10.0-1 all
  doc for library interfacing small LCD displays

luma.led-matrix-doc/stable 1.7.0-1 all
  doc for library interfacing LED matrix displays

luma.oled-doc/stable 3.10.0-1 all
  doc for library interfacing OLED matrix displays

minidjvu/stable 0.8.svn.2010.05.06+dfsg-7+b1 arm64
  Monochrome DjVu multipage encoder, single page encoder/decoder

mkchromecast/stable 0.3.9~git20200902+db2964a-2.1 all
  Cast your Linux audio or video to your Google Cast devices

mkchromecast-alsa/stable 0.3.9~git20200902+db2964a-2.1 all
  ALSA dependencies to cast with mkchromecast

mkchromecast-gstreamer/stable 0.3.9~git20200902+db2964a-2.1 all
  GStreamer dependencies to cast with mkchromecast

mkchromecast-pulseaudio/stable 0.3.9~git20200902+db2964a-2.1 all
  Pulseaudio dependencies to cast with mkchromecast

murrine-themes/stable 0.98.11+nmu3 all
  themes for gtk2 murrine engine

node-chrome-trace-event/stable 1.0.3-2 all
  create a trace of your node app per Google's Trace Event format

node-devtools-protocol/stable 0.0.801017-1.1 all
  Chrome DevTools Protocol

node-dompurify/stable 3.1.7+dfsg+~3.0.5-2 all
  DOM-only, super-fast, uber-tolerant XSS sanitizer

node-expect.js/stable 0.3.1+dfsg+~0.3.29-2 all
  behavior driven test assertions - Node.js module

node-html5-qrcode/stable 2.3.8+repack-5 all
  qr-code and bar-code scanning library for the web

node-mousetrap/stable 1.6.5~ds+~1.6.8-1 all
  Simple library for handling keyboard shortcuts

node-speech-rule-engine/stable 4.0.7+~0.1.31-2 all
  NodeJS version of the ChromeVox speech rule engine

nodejs/stable 20.19.2+dfsg-1+deb13u2 arm64
  evented I/O for V8 javascript - runtime executable

nodejs-doc/stable 20.19.2+dfsg-1+deb13u2 all
  API documentation for Node.js, the javascript platform

orchis-gtk-theme/stable 2024-11-03+ds-1 all
  Material Design theme for GNOME/GTK+ based desktop environments

pd-jmmmp/stable 0.61-2 all
  collection of Pd GUI objects for musical performance

plasma-browser-integration/stable 6.3.4-2 arm64
  Chromium, Google Chrome, Firefox integration for Plasma (backend)

posterazor/stable 1.5.1-10+b2 arm64
  splits an image across multiple pages for assembly into a poster

printer-driver-splix/stable 2.0.1-1 arm64
  Driver for Samsung and Xerox SPL2 and SPLc laser printers

python-selenium-doc/stable 4.24.4+dfsg-1 all
  Python3 bindings for Selenium (Documentation)

python3-arsenic/stable 21.8-2 all
  Asynchronous WebDriver client

python3-casttube/stable 0.2.1-2 all
  Interact with the YouTube Chromecast API

python3-flask-talisman/stable 1.1.0-2 all
  HTTP security headers for Flask

python3-luma.core/stable 2.4.2-1 arm64
  component library providing a Pillow-compatible drawing canvas

python3-luma.lcd/stable 2.10.0-1 arm64
  library interfacing small LCD displays

python3-luma.led-matrix/stable 1.7.0-1 arm64
  library interfacing LED matrix displays

python3-luma.oled/stable 3.10.0-1 arm64
  library interfacing OLED matrix displays

python3-netdisco/stable 2.9.0-2 all
  Library to discover local devices and services (Python 3)

python3-pychromecast/stable 9.4.0-2 all
  Library to communicate with Google Chromecast (Python 3)

python3-selenium/stable 4.24.4+dfsg-1 all
  Python3 bindings for Selenium

python3-sphinx-design/stable 0.6.1-1 all
  A sphinx extension for designing beautiful, view size responsive web components.

python3-undetected-chromedriver/stable 3.5.5-2 all
  Custom selenium chromedriver

python3-websockify/stable 0.12.0+dfsg1-4+b1 arm64
  WebSockets support for any application/server - Python 3

ricochet/stable 0.10 all
  multi-user networked version of the Ricochet Robots game

ruby-useragent/stable 0.16.8-1.1 all
  HTTP User Agent parser

vboot-kernel-utils/stable 0~R106-15054.B+dfsg-0.1 arm64
  Chrome OS verified boot utils required to sign kernels

vboot-utils/stable 0~R106-15054.B+dfsg-0.1 arm64
  Chrome OS verified u-boot utilities

websockify/stable 0.12.0+dfsg1-4+b1 arm64
  WebSockets support for any application/server

xpat2/stable 1.07-20+nmu3 arm64
  Generic patience game for X11

xphoon/stable 20000613+0-9 arm64
  sets the root window to a picture of the moon

xpmutils/stable 1:3.5.17-1+deb13u1 arm64
  X11 pixmap utilities

