
WARNING: apt does not have a stable CLI interface. Use with caution in scripts.

Sorting...
Full Text Search...
7zip/stable 25.01+dfsg-1~deb13u2 arm64
  7-Zip file archiver with a high compression ratio

7zip-standalone/stable 25.01+dfsg-1~deb13u2 arm64
  7-Zip file archiver with a high compression ratio (standalone)

aapt/stable 1:14~beta1-3 arm64
  Android Asset Packaging Tool

advancecomp/stable 2.5-1+b1 arm64
  collection of recompression utilities

amanda-client/stable 1:3.5.4-2 arm64
  Advanced Maryland Automatic Network Disk Archiver (Client)

amanda-server/stable 1:3.5.4-2 arm64
  Advanced Maryland Automatic Network Disk Archiver (Server)

android-libaapt/stable 1:14~beta1-3 arm64
  Android Asset Packaging Tool - Shared library

android-libziparchive/stable 1:34.0.5-12 arm64
  Library for ZIP archives

android-libziparchive-dev/stable 1:34.0.5-12 arm64
  Library for ZIP archives - Development files

any2fasta/stable 0.4.2-2 all
  convert various sequence formats to FASTA

any2fasta-examples/stable 0.4.2-2 all
  convert various sequence formats to FASTA (example data)

apkverifier/stable 0.0~git20191015.7330a51-11+b15 arm64
  Android APK Signature verification tool

apsfilter/stable 7.2.6-5 all
  Magic print filter with automatic file type recognition

archivemount/stable 1b-1 arm64
  mounts an archive or compressed file for access as a filesystem

ark/stable 4:25.04.3-1 arm64
  archive utility

arqiver/stable 0.9.0-1+b2 arm64
  Simple Qt5 archive manager; front-end for libarchive, gzip and 7z.

asfsmd/stable 1.4.1-2 all
  ASF Sentinel-1 Metadata Download tool - CLI tool

atool/stable 0.39.0-14 all
  tool for managing file archives of various types

avfs/stable 1.2.0-2 arm64
  virtual filesystem to access archives, disk images, remote locations

backup-manager/stable 0.7.14-3 all
  command-line backup tool

backupninja/stable 1.2.2-1 all
  lightweight, extensible meta-backup system

backuppc/stable 4.4.0-11 arm64
  high-performance, enterprise-grade system for backing up PCs

bd/stable 1.03-5 all
  quickly go back to a specific parent directory in bash

bioawk/stable 1.0-5+b1 arm64
  extension of awk for biological sequence analysis

bitshuffle/stable 0.5.2-1+b3 arm64
  filter for improving compression of typed binary data

bzip2/stable 1.0.8-6 arm64
  high-quality block-sorting file compressor - utilities

bzip2-doc/stable 1.0.8-6 all
  high-quality block-sorting file compressor - documentation

bzip3/stable 1.5.1-1+b1 arm64
  better, faster and stronger spiritual successor to bzip2 - utilities

caja-sendto/stable 1.26.1-2+b1 arm64
  integrates email clients and Pidgin into the Caja file manager

catfishq/stable 1.4.0+ds-1 all
  concatenates fastq files

cl-chipz/stable 20230418.git6f80368-1 all
  decompress DEFLATE and BZIP2 data in Common Lisp

cl-salza2/stable 2.0.9-1.1 all
  Create compressed data from Common Lisp

cl-zip/stable 20150608-1.1 all
  Common Lisp HTTP client

clamav/stable 1.4.3+dfsg-1 arm64
  anti-virus utility for Unix - command-line interface

claws-mail-archiver-plugin/stable 4.3.1-1 arm64
  Archiver plugin for Claws Mail

cloc/stable 2.04-1 all
  statistics utility to count lines of code

clzip/stable 1.15-3 arm64
  C, lossless data compressor based on the LZMA algorithm

comprez/stable 2.7.3-2 all
  frontend to many compression programs

courier-filter-perl/stable 0.200+ds-6 all
  purely Perl-based mail filter framework for the Courier MTA

dact/stable 0.8.42-6+b1 arm64
  multi-algorithm compression

deblur/stable 1.1.1-4 all
  deconvolution for Illumina amplicon sequencing

devscripts/stable 2.25.15+deb13u1 all
  scripts to make the life of a Debian Package maintainer easier

dictzip/stable 1.13.1+dfsg-1+b1 arm64
  compression utility for dictionary databases

diffoscope/stable 297+deb13u1 all
  in-depth visual diff tool for files, archives and directories

diffoscope-minimal/stable 297+deb13u1 all
  in-depth visual diff tool for files, archives and directories (minimal package)

disktype/stable 9-13 arm64
  detection of content format of a disk or disk image

dmg2img/stable 1.6.7+git20201227.a3e4134-0.1 arm64
  Tool for converting compressed dmg files to hfsplus images

docutils-doc/stable 0.21.2+dfsg-2 all
  text processing system for reStructuredText - documentation

docx2txt/stable 1.4-5 all
  Convert Microsoft OOXML files to plain text

droidlysis/stable 3.4.7-1 all
  Property extractor for Android apps

droopy/stable 0.20160830-5.1 all
  mini web server to let others upload files to your computer

elpa-treepy/stable 0.1.2-3 all
  Generic tree traversal tools

engrampa/stable 1.26.2-5 arm64
  archive manager for MATE

epub-utils/stable 0.2.2-6+b3 arm64
  tools to work with the EPUB file format

extract/stable 1:1.13-8+b1 arm64
  displays meta-data from files of arbitrary type

fastaq/stable 3.17.0-9 all
  FASTA and FASTQ file manipulation tools

fbreader/stable 0.99.4+dfsg-6+b1 arm64
  e-book reader

fceux/stable 2.6.5+dfsg1-2+b2 arm64
  all-in-one NES/Famicom Emulator

fcrackzip/stable 1.0-12 arm64
  password cracker for zip archives

fgallery/stable 1.9.1+ds-2 all
  static HTML+JavaScript photo album generator

fil-plugins/stable 0.3.0-7+b1 arm64
  parametric equalizer LADSPA plugin

file-roller/stable 44.5-1 arm64
  archive manager for GNOME

fiona/stable 1.10.1-2+b3 arm64
  Command line tool for reading/writing vector geospatial data

flim/stable 1:1.14.9+0.20230205-1 all
  library about internet message for emacsen

fondu/stable 0.0.20060102-7+b1 arm64
  convert between Mac and UNIX font formats

forensics-all/stable 3.61 all
  Debian Forensics Environment - essential components (metapackage)

forensics-extra/stable 2.58 all
  Forensics Environment - extra console components (metapackage)

foxeye/stable 0.12.1-5.1 arm64
  Universal modular network agent - binary package

fpzip-utils/stable 1.3.0-5 arm64
  FP array compression library - tools

fuse-zip/stable 0.7.2-3 arm64
  ZIP archive mounter based on FUSE

galileo/stable 0.5.1-11 all
  Utility to securely synchronize a Fitbit device with the Fitbit web service

galileo-daemon/stable 0.5.1-11 all
  Utility to securely synchronize a Fitbit device - daemon

gambas3-gb-compress-bzlib2/stable 3.20.2-1+deb13u1 arm64
  Gambas bzlib2 component

gambas3-gb-compress-zlib/stable 3.20.2-1+deb13u1 arm64
  Gambas zlib compression component

genwqe-tools/stable 4.0.20-2 arm64
  utilities for accelerated libz implementation

gir1.2-gxps-0.1/stable 0.3.2-4+b2 arm64
  GObject introspection data for the gxps library

go-bindata/stable 3.0.7+git20151023.72.a0ff256-4+b16 arm64
  embed data in a Go program

golang-github-alcortesm-tgz-dev/stable 0.0~git20161220.9c5fe88-3 all
  Go library to extract tgz files to temporal directories

golang-github-ant0ine-go-json-rest-dev/stable 3.3.2-3 all
  quick and easy way to setup a RESTful JSON API (library)

golang-github-avast-apkparser-dev/stable 0.0~git20190516.3b8c5ef-3 all
  APK manifest & resources parsing in Golang.

golang-github-avast-apkverifier-dev/stable 0.0~git20191015.7330a51-11 all
  Android APK Signature verification Go library

golang-github-buengese-sgzip-dev/stable 0.1.1-1 all
  experiments for a seekable gzip for use in rclone based on pgzip (library)

golang-github-containers-luksy-dev/stable 0.0~git20240812.2e7307c+ds1-1 all
  offline encryption/decryption using LUKS formats (library)

golang-github-daaku-go.zipexe-dev/stable 1.0.1-2 all
  zipexe attempts to open an executable binary file as a zip file

golang-github-evilsocket-recording-dev/stable 0.0~git20190408.3ce1dcf-2 all
  Allows reading and writing bettercap's session recordings

golang-github-gin-contrib-gzip-dev/stable 0.0.6-1 all
  Gin middleware to enable GZIP support

golang-github-gorilla-handlers-dev/stable 1.5.2-1 all
  collection of useful handlers for Go's net/http package

golang-github-hanwen-go-fuse-dev/stable 2.4.2-3 all
  Native Go bindings for the FUSE kernel module

golang-github-jhoonb-archivex-dev/stable 0.0+20170409-2 all
  archives folders (recursively) and files to zip and tar formats

golang-github-jteeuwen-go-bindata-dev/stable 3.0.7+git20151023.72.a0ff256-4 all
  embed data in a Go program - library package

golang-github-jwilder-encoding-dev/stable 0.0~git20170811.b4e1701-4 all
  library for working with compressed arrays of integers

golang-github-keltia-archive-dev/stable 0.9.1-1 all
  Small Go library for handling archives of various types.

golang-github-klauspost-compress-dev/stable 1.18.0+ds1-1 all
  optimized compression packages

golang-github-klauspost-pgzip-dev/stable 1.2.6-1 all
  parallel gzip (de)compression library for Go

golang-github-nlpodyssey-gopickle-dev/stable 0.3.0-3 all
  load picke/PyTorch serialized data (library)

golang-github-nytimes-gziphandler-dev/stable 1.1.1-1 all
  Golang middleware to gzip HTTP responses

golang-github-openzipkin-zipkin-go-dev/stable 0.4.3-1 all
  Zipkin tracer library for go

golang-github-saracen-fastzip-dev/stable 0.1.11-2 all
  opinionated Zip archiver with a focus on speed (Go library)

golang-github-saracen-zipextra-dev/stable 0.0~git20250129.f1aa42d-1 all
  utils for ZIP archive format's "Extra Fields" (Go library)

golang-github-shenwei356-unik.v5-dev/stable 5.0.1-2 all
  A k-mer serialization package for Golang (library)

golang-github-shenwei356-xopen-dev/stable 0.0~git20231203.5ad79ea-1 all
  open files for buffered reading and writing in Go (library)

golang-github-shurcool-httpgzip-dev/stable 0.0~git20190516.1c7afaa-4 all
  go library for use gzip compression when serving HTTP requests

golang-github-surma-gocpio-dev/stable 1.1.0+git20160926.fcb6877-1.1 all
  Go package for cpio archives

golang-github-xordataexchange-crypt/stable 0.0.2+git20170626.21.b2862e3-4+b8 arm64
  Store/retrieve encrypted configs from etcd or Consul (CLI tool)

golang-github-xordataexchange-crypt-dev/stable 0.0.2+git20170626.21.b2862e3-4 all
  Store/retrieve encrypted configs from etcd or Consul (Go library)

golang-github-yalue-merged-fs-dev/stable 1.3.0-1.1 all
  compose multiple Go filesystems

grabix/stable 0.1.7-5 arm64
  wee tool for random access into BGZF files

gzip/stable,now 1.13-1 arm64 [installed]
  GNU compression utilities

gzrt/stable 0.8-1+b2 arm64
  gzip recovery toolkit

gztool/stable 1.8.0-1 arm64
  gzip-compressed file indexer

haskell-zip-stream-utils/stable 0.2.2.0-2 arm64
  ZIP archive streaming using conduits

haskell-zip-utils/stable 2.0.1-2+b1 arm64
  Operations on zip archives

hdf5-filter-plugin/stable 0.0~git20221111.49e3b65-5 arm64
  external filters for HDF5: LZ4, BZip2

hdup/stable 2.0.14-6+b2 arm64
  Filesystem duplicator and backup

hwinfo/stable 21.82-1.1+b2 arm64
  Hardware identification system

img2pdf/stable 0.6.1-1 all
  Lossless conversion of raster images to PDF

jsxcompressor/stable 1.10.1+dfsg1-1 all
  Pure Javascript implementation of deflate, unzip, base64_decode

jzip/stable 210r20001005d-5 arm64
  Text mode interpreter for Z-Code adventures

kio/stable 5.116.0-1 arm64
  resource and network access abstraction

kio6/stable 6.13.0-6 arm64
  resource and network access abstraction

kodi-vfs-libarchive/stable 21.0.2+ds-1 arm64
  Libarchive VFS add-on for Kodi

krusader/stable 2:2.9.0-2 arm64
  twin-panel (commander-style) file manager

lbzip2/stable 2.5-4 arm64
  fast, multi-threaded bzip2 utility

libandroid-zipflinger-java/stable 7.2.2-2 all
  Library dedicated to ZIP files manipulation

libapache2-mod-mime-xattr/stable 0.4-9 arm64
  Apache2 module to get MIME info from filesystem extended attributes

libarchive-any-create-perl/stable 0.3-3 all
  abstract API to create tar/tar.gz/zip archives

libarchive-any-perl/stable 0.0946-1 all
  Perl module to deal with file archives in any format

libarchive-dev/stable 3.7.4-4+deb13u1 arm64
  Multi-format archive and compression library (development files)

libarchive-extract-perl/stable 0.88-1 all
  generic archive extracting module

libarchive-peek-perl/stable 0.37-1 all
  Perl module for peeking into archives without extracting them

libarchive-zip-perl/stable 1.68-1 all
  Perl module for manipulation of ZIP archives

libarchive13t64/stable,now 3.7.4-4+deb13u1 arm64 [installed,automatic]
  Multi-format archive and compression library (shared library)

libaudio-flac-decoder-perl/stable 0.3+dfsg-4+b6 arm64
  Perl module providing an object-oriented FLAC decoder

libbioparser-dev/stable 3.1.0-2 all
  library for parsing several formats in bioinformatics

libbz2-1.0/stable,now 1.0.8-6 arm64 [installed]
  high-quality block-sorting file compressor library - runtime

libbz2-dev/stable 1.0.8-6 arm64
  high-quality block-sorting file compressor library - development

libbz2-ocaml/stable 0.8.0-2+b3 arm64
  OCaml bindings for the bzip2 compression library (runtime)

libbz2-ocaml-dev/stable 0.8.0-2+b3 arm64
  OCaml bindings for the bzip2 compression library

libbzip3-1/stable 1.5.1-1+b1 arm64
  better, faster and stronger spiritual successor to bzip2 - runtime

libbzip3-dev/stable 1.5.1-1+b1 arm64
  better, faster and stronger spiritual successor to bzip2 - development

libcatalyst-plugin-compress-perl/stable 0.5-1.1 all
  Catalyst plugin to compress the response

libcgi-compress-gzip-perl/stable 1.03-3 all
  module to allow automatically compressed CGI output

libcom-hypirion-io-clojure/stable 0.3.1-5 all
  I/O redirection, signal handling, and console utilities

libcommons-compress-java/stable 1.27.1-2 all
  Java API for working with compression and archive formats

libcommons-vfs-java/stable 2.1-5 all
  Java API for accessing various filesystems

libcompress-bzip2-perl/stable 2.28-1+b6 arm64
  Perl interface to Bzip2 compression library

libcompress-lzf-java/stable 1.0.4-1 all
  Java library for encoding and decoding data in LZF format

libcompress-raw-bzip2-perl/stable 2.213-2 arm64
  low-level interface to bzip2 compression library

libcsvjdbc-java/stable 1.0.37-1 all
  read-only JDBC driver that uses CSV or DBF files as database tables

libdeflate-dev/stable 1.23-2 arm64
  headers for whole-buffer compression and decompression library

libdeflate-tools/stable 1.23-2 arm64
  tools for whole-buffer compression and decompression library

libdeflate0/stable,now 1.23-2 arm64 [installed,automatic]
  fast, whole-buffer DEFLATE-based compression and decompression

libdictzip-java/stable 0.8.2-4 all
  DictZip library for Java

libdist-inkt-perl/stable 0.026-2 all
  yet another distribution builder

libe-book-0.1-1/stable 0.1.3-2+b4 arm64
  library for reading and converting various  e-book formats

libe-book-dev/stable 0.1.3-2+b4 arm64
  library for reading and converting various  e-book formats

libeet-bin/stable 1.28.1-1 arm64
  EFL file chunk reading/writing - utilities

libeet1/stable 1.28.1-1 arm64
  EFL file chunk reading/writing

libehcache-java/stable 2.6.11-5 all
  distributed cache library

libextractor-plugin-archive/stable 1:1.13-8+b1 arm64
  extracts meta-data from files of arbitrary type (archive plugin)

libextractor-plugins-all/stable 1:1.13-8 all
  extracts meta-data from files of arbitrary type (plugins)

libextractor3/stable 1:1.13-8+b1 arm64
  extracts meta-data from files of arbitrary type (library)

libfast-zip-clojure/stable 0.7.0+really0.5.0-1 all
  modification of clojure.zip that uses protocols and records

libfast-zip-visit-clojure/stable 1.0.2-3 all
  Clojure zipper-based visitor library (fast-zip version)

libfits-java/stable 1.21.0-1 all
  Java library for the I/O handling of FITS files

libfits-java-doc/stable 1.21.0-1 all
  Java library for the I/O handling of FITS files (javadoc)

libfpzip-dev/stable 1.3.0-5 arm64
  Development files for the FP array compression library

libfpzip1/stable 1.3.0-5 arm64
  FP array compression library

libgeo-postcode-perl/stable 0.17+dfsg1-1.1 all
  UK Postcode validation and location

libghc-bitwise-dev/stable 1.0.0.1-4+b1 arm64
  fast multi-dimensional unboxed bit packed Bool arrays

libghc-bitwise-doc/stable 1.0.0.1-4 all
  fast multi-dimensional unboxed bit packed Bool arrays; documentation

libghc-bitwise-prof/stable 1.0.0.1-4+b1 arm64
  fast multi-dimensional unboxed bit packed Bool arrays; profiling libraries

libghc-bzlib-dev/stable 0.5.2.0-1+b1 arm64
  Haskell bindings to the bzip2 library

libghc-bzlib-doc/stable 0.5.2.0-1 all
  Haskell bindings to the bzip2 library; documentation

libghc-bzlib-prof/stable 0.5.2.0-1+b1 arm64
  Haskell bindings to the bzip2 library; profiling libraries

libghc-contravariant-extras-dev/stable 0.3.5.4-1+b1 arm64
  extras for the "contravariant" package

libghc-contravariant-extras-doc/stable 0.3.5.4-1 all
  extras for the "contravariant" package; documentation

libghc-contravariant-extras-prof/stable 0.3.5.4-1+b1 arm64
  extras for the "contravariant" package; profiling libraries

libghc-hslua-module-zip-dev/stable 1.1.3-1+b4 arm64
  Lua module to work with file zips

libghc-hslua-module-zip-doc/stable 1.1.3-1 all
  Lua module to work with file zips; documentation

libghc-hslua-module-zip-prof/stable 1.1.3-1+b4 arm64
  Lua module to work with file zips; profiling libraries

libghc-keys-dev/stable 3.12.3-4+b1 arm64
  Keyed functors and containers

libghc-keys-doc/stable 3.12.3-4 all
  Keyed functors and containers; documentation

libghc-keys-prof/stable 3.12.3-4+b1 arm64
  Keyed functors and containers; profiling libraries

libghc-pointedlist-dev/stable 0.6.1-12+b1 arm64
  zipper-like comonad which works as a list, tracking a position

libghc-pointedlist-doc/stable 0.6.1-12 all
  zipper-like comonad which works as a list, tracking a position.; documentation

libghc-pointedlist-prof/stable 0.6.1-12+b1 arm64
  zipper-like comonad which works as a list, tracking a position; profiling libraries

libghc-semialign-dev/stable 1.3.1-1+b1 arm64
  Align and Zip type-classes from the common Semialign ancestor

libghc-semialign-doc/stable 1.3.1-1 all
  Align and Zip type-classes from the common Semialign ancestor; documentation

libghc-semialign-prof/stable 1.3.1-1+b1 arm64
  Align and Zip type-classes from the common Semialign ancestor; profiling libraries

libghc-semigroupoids-dev/stable 6.0.1-1+b1 arm64
  Haskell 98 semigroupoids: Category sans id

libghc-semigroupoids-doc/stable 6.0.1-1 all
  Haskell 98 semigroupoids: Category sans id; documentation

libghc-semigroupoids-prof/stable 6.0.1-1+b1 arm64
  Haskell 98 semigroupoids: Category sans id; profiling libraries

libghc-text-zipper-dev/stable 0.13-2+b1 arm64
  text editor zipper library

libghc-text-zipper-doc/stable 0.13-2 all
  text editor zipper library; documentation

libghc-text-zipper-prof/stable 0.13-2+b1 arm64
  text editor zipper library; profiling libraries

libghc-these-dev/stable 1.2.1-1+b1 arm64
  either-or-both data type

libghc-these-doc/stable 1.2.1-1 all
  either-or-both data type; documentation

libghc-these-prof/stable 1.2.1-1+b1 arm64
  either-or-both data type; profiling libraries

libghc-vector-instances-dev/stable 3.4.2-2+b1 arm64
  orphan instances for Data.Vector

libghc-vector-instances-doc/stable 3.4.2-2 all
  orphan instances for Data.Vector; documentation

libghc-vector-instances-prof/stable 3.4.2-2+b1 arm64
  orphan instances for Data.Vector; profiling libraries

libghc-zip-archive-dev/stable 0.4.3.2-1 arm64
  library to create, modify and extract files from zip archives

libghc-zip-archive-doc/stable 0.4.3.2-1 all
  library to create, modify and extract files from zip archives; documentation

libghc-zip-archive-prof/stable 0.4.3.2-1 arm64
  library to create and modify zip archives; profiling libraries

libghc-zip-dev/stable 2.0.1-2+b1 arm64
  Operations on zip archives

libghc-zip-doc/stable 2.0.1-2 all
  Operations on zip archives; documentation

libghc-zip-prof/stable 2.0.1-2+b1 arm64
  Operations on zip archives; profiling libraries

libghc-zip-stream-dev/stable 0.2.2.0-2 arm64
  ZIP archive streaming using conduits

libghc-zip-stream-doc/stable 0.2.2.0-2 all
  ZIP archive streaming using conduits; documentation

libghc-zip-stream-prof/stable 0.2.2.0-2 arm64
  ZIP archive streaming using conduits; profiling libraries

libghc-zlib-dev/stable 0.6.3.0-3 arm64
  Compression and decompression in the gzip and zlib formats

libghc-zlib-doc/stable 0.6.3.0-3 all
  Compression and decompression in the gzip and zlib formats; documentation

libghc-zlib-prof/stable 0.6.3.0-3 arm64
  Compression and decompression in the gzip and zlib formats; profiling libraries

libgig-dev/stable 4.4.1-1+b1 arm64
  development files for libgig

libgxps-dev/stable 0.3.2-4+b2 arm64
  handling and rendering XPS documents (development files)

libgxps-doc/stable 0.3.2-4 all
  library for handling and rendering XPS documents (documentation)

libgxps-utils/stable 0.3.2-4+b2 arm64
  handling and rendering XPS documents (utilities)

libgxps2t64/stable 0.3.2-4+b2 arm64
  handling and rendering XPS documents (library)

libhd-dev/stable 21.82-1.1+b2 arm64
  Hardware identification system library and headers

libhd-doc/stable 21.82-1.1 all
  Hardware identification system library documentation

libhd21t64/stable 21.82-1.1+b2 arm64
  Hardware identification system library

libimage-exiftool-perl/stable 13.25+dfsg-1 all
  library and program to read and write meta information in multimedia files

libio-compress-perl/stable 2.213-1 all
  bundle of IO::Compress modules

libjbzip2-java/stable 0.9.1-8 all
  bzip2 compression/decompression library

libjlha-java/stable 0.0.20050504-11 all
  LHA compress/decompress library for Java

libjs-bignumber/stable 9.1.1-1 all
  Arbitrary-precision decimal and non-decimal arithmetic (client)

libjs-blazy/stable 1.8.2+dfsg-2 all
  lightweight script for lazy loading and multi-serving images

libjs-edit-area/stable 0.8.2-2 all
  javascript editor for source code

libjs-jquery-colorbox/stable 1.6.4-1.1 all
  jQuery customizable lightbox

libjs-milligram/stable 1.4.1-2 all
  lightweight CSS framework

libjs-requirejs/stable 2.3.7+ds+~2.1.37-1 all
  JavaScript file and module loader

libjs-sizzle/stable 2.3.10+ds+~2.3.6-1 all
  Pure-JavaScript CSS selector engine

libjs-spectre/stable 0.5.9-2 all
  lightweight, responsive and modern CSS framework

libjs-spectre-docs/stable 0.5.9-2 all
  lightweight, responsive and modern CSS framework - documentation

libjs-spin.js/stable 1.2.8+dfsg2-1.1 all
  animated CSS3 loading spinner

libjzlib-java/stable 1.1.3-3 all
  Java Zlib implementation

libkf5archive-data/stable 5.116.0-1 all
  data files for karchive

libkf5archive-dev/stable 5.116.0-1 arm64
  development files for karchive

libkf5archive-doc/stable 5.116.0-1 all
  Qt 5 addon providing access to numerous types of archives (documentation)

libkf5archive5/stable 5.116.0-1 arm64
  Qt 5 addon providing access to numerous types of archives

libkf5kio-dev/stable 5.116.0-1 arm64
  resource and network access abstraction (development files)

libkf5kio-doc/stable 5.116.0-1 all
  resource and network access abstraction (documentation)

libkf5kiocore5/stable 5.116.0-1 arm64
  resource and network access abstraction (KIO core library)

libkf5kiofilewidgets5/stable 5.116.0-1 arm64
  resource and network access abstraction (KIO file widgets library)

libkf5kiogui5/stable 5.116.0-1 arm64
  resource and network access abstraction (KIO gui library)

libkf5kiontlm5/stable 5.116.0-1 arm64
  resource and network access abstraction (KIO NTLM library)

libkf5kiowidgets5/stable 5.116.0-1 arm64
  resource and network access abstraction (KIO widgets library)

libkf6archive-data/stable 6.13.0-2 all
  data files for karchive

libkf6archive-dev/stable 6.13.0-2 arm64
  development files for karchive

libkf6archive-doc/stable 6.13.0-2 all
  Qt 6 addon providing access to numerous types of archives (documentation)

libkf6archive6/stable 6.13.0-2 arm64
  Qt 6 addon providing access to numerous types of archives

libkf6kio-dev/stable 6.13.0-6 arm64
  resource and network access abstraction (development files)

libkf6kio-doc/stable 6.13.0-6 all
  resource and network access abstraction (documentation)

libkf6kiocore6/stable 6.13.0-6 arm64
  resource and network access abstraction (KIO core library)

libkf6kiofilewidgets6/stable 6.13.0-6 arm64
  resource and network access abstraction (KIO file widgets library)

libkf6kiogui6/stable 6.13.0-6 arm64
  resource and network access abstraction (KIO gui library)

libkf6kiowidgets6/stable 6.13.0-6 arm64
  resource and network access abstraction (KIO widgets library)

liblaszip-api8/stable 3.5.0-2+b1 arm64
  Lossless LiDAR compression - API shared library

liblaszip-dev/stable 3.5.0-2+b1 arm64
  Lossless LiDAR compression - development files

liblaszip8/stable 3.5.0-2+b1 arm64
  Lossless LiDAR compression - shared library

liblodepng-dev/stable 0.0~git20250402.c45ed79-2 arm64
  PNG encoder and decoder in C and C++, without dependencies (development files)

liblodepng0.1/stable 0.0~git20250402.c45ed79-2 arm64
  PNG encoder and decoder in C and C++, without dependencies (shared library)

liblz-dev/stable 1.15-3 arm64
  data compressor based on the LZMA algorithm (development)

liblz1/stable 1.15-3 arm64
  data compressor based on the LZMA algorithm (library)

liblzma-dev/stable 5.8.1-1+deb13u1 arm64
  XZ-format compression library - development files

liblzma5/stable 5.8.1-1+deb13u1 arm64 [upgradable from: 5.8.1-1]
  XZ-format compression library

libminizip-dev/stable 1:1.3.dfsg+really1.3.1-1+b1 arm64
  compression library - minizip development files

libminizip1t64/stable 1:1.3.dfsg+really1.3.1-1+b1 arm64
  compression library - minizip library

libmono-sharpzip4.84-cil/stable 6.12.0.199+dfsg-6 all
  Mono SharpZipLib library (for CLI 4.0)

libokhttp-java/stable 3.13.1-4 all
  HTTP+HTTP/2 client for Android and Java applications

libpar-perl/stable 1.020-1 all
  Perl redistributable module packaging framework

libperlio-gzip-perl/stable 0.20-1+b4 arm64
  module providing a PerlIO layer to gzip/gunzip

libplack-middleware-deflater-perl/stable 0.14-1 all
  middleware to compress response body with gzip or deflate

libpoco-doc/stable 1.3.6-3 all
  Documentation for POCO - The C++ Portable Components

libpocozip100/stable 1.13.0-6+deb13u1 arm64
  C++ Portable Components (POCO) Zip library

libquazip-doc/stable 0.9.1-5 all
  C++ wrapper for ZIP/UNZIP (documentation)

libquazip1-qt5-1t64/stable 1.4-1.1+b2 arm64
  Qt/C++ wrapper over minizip - Version 1 (Qt5)

libquazip1-qt5-dev/stable 1.4-1.1+b2 arm64
  Qt/C++ wrapper over minizip - Version 1 (Qt5) - development files

libquazip1-qt5-doc/stable 1.4-1.1 all
  Qt/C++ wrapper over minizip - Version 1 (Qt5) - documentation

libquazip1-qt6-1t64/stable 1.4-1.1+b2 arm64
  Qt/C++ wrapper over minizip - Version 1 (Qt6)

libquazip1-qt6-dev/stable 1.4-1.1+b2 arm64
  Qt/C++ wrapper over minizip - Version 1 (Qt6) - development files

libquazip1-qt6-doc/stable 1.4-1.1 all
  Qt/C++ wrapper over minizip - Version 1 (Qt6) - documentation

libquazip5-1t64/stable 0.9.1-5 arm64
  C++ wrapper for ZIP/UNZIP

libquazip5-dev/stable 0.9.1-5 arm64
  C++ wrapper for ZIP/UNZIP (development files)

librdata-dev/stable 0~20210223+git-85757dc6-2.1+b2 arm64
  Read and write R data frames from C (dev files)

librdata0t64/stable 0~20210223+git-85757dc6-2.1+b2 arm64
  Read and write R data frames from C (runtime files)

libregexp-common-perl/stable 2024080801-1 all
  module with common regular expressions

libreins-ocaml-dev/stable 0.1a-12+b2 arm64
  data structure library for OCaml

libreoffice-texmaths/stable 0.49-1.1~deb13u1 all
  TexMaths is a LaTeX equation editor for LibreOffice

librust-async-zip-dev/stable 0.0.17-1 arm64
  Asynchronous ZIP archive reading/writing crate - Rust source code

librust-bgzip-dev/stable 0.3.1-1+b2 arm64
  Bgzip - Rust source code

librust-bzip2-dev/stable 0.4.4-1+b2 arm64
  Bindings to libbzip2 (compression & decompression) - Rust source code

librust-bzip2-sys-dev/stable 0.1.11-1+b2 arm64
  libbzip2 bindings for compression and decompression - Rust source code

librust-deflate-dev/stable 1.0.0-1+b2 arm64
  DEFLATE, zlib and gzip encoder written in Rust - Rust source code

librust-flate2-dev/stable 1.1.0-1 arm64
  FLATE, Gzip, and Zlib bindings for Rust - Rust source code

librust-gzip-header-dev/stable 1.0.0-1+b2 arm64
  Decoding and encoding the header part of gzip files - Rust source code

librust-libbz2-rs-sys-dev/stable 0.1.3-1+b1 arm64
  Drop-in compatible rust bzip2 implementation - Rust source code

librust-libflate-dev/stable 0.1.25-1+b2 arm64
  DEFLATE algorithm and related formats (ZLIB, GZIP) - Rust source code

librust-piz-dev/stable 0.5.1-3 arm64
  Piz (a Parallel Implementation of Zip) - rust source code

librust-zip-dev/stable 2.5.0-1 arm64
  Support the reading and writing of zip files - Rust source code

libsqlite3-mod-zipfile/stable 0.99991-2 arm64
  SQLite3 extension module for read-only access to ZIP files

libstring-crc32-perl/stable 2.100-2+b3 arm64
  Perl interface for cyclic redundancy check generation

libswupdate-dev/stable 2024.12.1+dfsg-3+deb13u2 arm64
  Development files for swupdate framework

libswupdate0.1/stable 2024.12.1+dfsg-3+deb13u2 arm64
  Library for controlling the swupdate framework

libsz2/stable 1.1.3-1+b1 arm64
  Adaptive Entropy Coding library - SZIP

libtabixpp0t64/stable 1.1.2-2.1+b1 arm64
  C++ wrapper to tabix indexer

libunirest-java-java/stable 1.4.8-3 all
  Simplified, lightweight HTTP client library

libwww-mechanize-gzip-perl/stable 0.14-2 all
  Perl module to fetch webpages with gzip-compression

libz-mingw-w64/stable 1.3.1+dfsg-2 all
  compression library - Windows runtime

libz-mingw-w64-dev/stable 1.3.1+dfsg-2 all
  compression library - Windows development files

libzarchive-dev/stable 0.1.2-3 arm64
  library for creating and reading zstd-compressed files - development files

libzarchive0.1/stable 0.1.2-3 arm64
  library for creating and reading zstd-compressed files

libzc-dev/stable 0.4.3-1+b2 arm64
  fast password cracking library for zip archives (dev)

libzc6/stable 0.4.3-1+b2 arm64
  fast password cracking library for zip archives

libzip-dev/stable 1.11.3-2 arm64
  library for reading, creating, and modifying zip archives (development)

libzip-ocaml/stable 1.13-1+b2 arm64
  OCaml compression libraries (runtime libraries)

libzip-ocaml-dev/stable 1.13-1+b2 arm64
  OCaml compression libraries (development files)

libzip4j-java/stable 2.11.5-1 all
  java library for zip files

libzip5/stable 1.11.3-2 arm64
  library for reading, creating, and modifying zip archives (runtime)

libzipios++-dev/stable 0.1.7-2 arm64
  small C++ library for reading zip files (development)

libzipios++-doc/stable 0.1.7-2 all
  small C++ library for reading zip files (documents)

libzipios++0v5/stable 0.1.7-2 arm64
  small C++ library for reading zip files (library)

libzmat-dev/stable 0.9.9+ds.1-4 arm64
  compression library - development files

libzmat1/stable 0.9.9+ds.1-4 arm64
  compression library - shared library object

libzopfli-dev/stable 1.0.3-3 arm64
  Header and static library files for libzopfli1

libzopfli1/stable 1.0.3-3 arm64
  zlib (gzip, deflate) compatible compressor - shared library

libzzip-0-13t64/stable 0.13.78+dfsg.1-0.1 arm64
  library providing read access on ZIP-archives - library

libzzip-dev/stable 0.13.78+dfsg.1-0.1 arm64
  library providing read access on ZIP-archives - development

lodepng-utils/stable 0.0~git20250402.c45ed79-2 arm64
  PNG encoder and decoder in C and C++, without dependencies (utility)

lrzip/stable 0.651-3+b1 arm64
  compression program with a very high compression ratio

lua-swupdate/stable 2024.12.1+dfsg-3+deb13u2 arm64
  swupdate bindings for the Lua language

lua-zip/stable 1.2.3-14+b3 arm64
  zip library for the Lua language

lua-zip-dev/stable 1.2.3-14+b3 arm64
  zip development files for the Lua language

luksy/stable 0.0~git20240812.2e7307c+ds1-1+b7 arm64
  offline encryption/decryption using LUKS formats (program)

lunzip/stable 1.15-3 arm64
  data compressor based on the LZMA algorithm (decompressor)

lxqt-archiver/stable 1.1.0-1 arm64
  Archiv Manager for LXQt

lzd/stable 1.5-3 arm64
  Educational, lossless data compressor based on the LZMA algorithm

lzip/stable 1.25-3 arm64
  lossless data compressor based on the LZMA algorithm

lziprecover/stable 1.25-3 arm64
  lossless data compressor based on the LZMA algorithm (recovery)

lzma/stable 24.08+dfsg-2 arm64
  Compression and decompression in the LZMA format - command line utility

lzma-alone/stable 24.08+dfsg-2 arm64
  Compression and decompression in the LZMA format - legacy utility

lzop/stable 1.04-2+b1 arm64
  fast compression program

magicrescue/stable 1.1.10+dfsg-2+b2 arm64
  recover files by looking for magic bytes

makebootfat/stable 1.4-9 arm64
  Utility to create a bootable FAT filesystem

makeself/stable 2.5.0-1 all
  utility to generate self-extractable archives

manuskript/stable 0.16.1-2 all
  open-source tool for writers

mapsembler2/stable 2.2.4+dfsg1-4+b1 arm64
  bioinformatics targeted assembly software

mariadb-plugin-provider-bzip2/stable 1:11.8.6-0+deb13u1 arm64
  BZip2 compression support in the server and storage engines

massif-visualizer/stable 25.04.0-2 arm64
  Tool for visualizing memory usage recorded by Valgrind Massif

mat2/stable 0.13.5-1.2 all
  Metadata anonymisation toolkit v2

mcomix/stable 3.1.0-3 all
  GTK+ image viewer for comic books

minilzip/stable 1.15-3 arm64
  minified, lossless data compressor based on the LZMA algorithm

minizip/stable 1:1.3.dfsg+really1.3.1-1+b1 arm64
  compression library - minizip tools

mtools/stable 4.0.48-1 arm64
  Tools for manipulating MSDOS files

nautilus-sendto/stable 3.8.6-7+b2 arm64
  easily send files via email from within Nautilus

nbdkit/stable 1.42.3-1 arm64
  toolkit for creating NBD servers

nginx-core/stable 1.26.3-3+deb13u7 all
  nginx web/proxy server (standard version)

nginx-extras/stable 1.26.3-3+deb13u7 arm64
  nginx web/proxy server (extended version)

nginx-full/stable 1.26.3-3+deb13u7 all
  nginx web/proxy server (standard version with 3rd parties)

nginx-light/stable 1.26.3-3+deb13u7 all
  nginx web/proxy server (basic version)

node-almond/stable 0.3.3+dfsg-10 all
  minimal AMD API implementation for use in optimized browser builds

node-atomico-rollup-plugin-sizes/stable 1.1.4-3 all
  Monitor the size of the bundle as generated by rollup

node-big.js/stable 6.2.1+ds+~6.1.5-2 all
  small, fast, easy-to-use library for arbitrary-precision decimal arithmetic

node-bignumber/stable 9.1.1-1 all
  Arbitrary-precision decimal and non-decimal arithmetic for Node.js

node-compression/stable 1.7.4-3 all
  express middleware for gzip/deflate compression - Node.js module

node-crc32/stable 0.2.2-4 all
  CRC-32 implemented in JavaScript

node-d3-queue/stable 3.0.7-13 all
  Evaluate asynchronous tasks with configurable concurrency

node-decompress-response/stable 6.0.0-3 all
  Decompress a HTTP response if needed

node-extract-zip/stable 2.0.1+ds-4 all
  unzip a zip file using pure javascript

node-got/stable 11.8.5+~cs58.13.36-5 all
  Simplified HTTP requests

node-gzip-size/stable 6.0.0-2 all
  Get the gzipped size of a string or buffer

node-jszip/stable 3.10.1+dfsg-2 all
  Create, read and edit .zip files with Javascript

node-jszip-utils/stable 0.1.0+dfsg-2 all
  collection of cross-browser utilities to go along with JSZip

node-markdown-to-jsx/stable 7.2.0+dfsg-3 all
  Lightweight and customizable ReactJS markdown component

node-mithril/stable 1.1.6-2.1 all
  Javascript framework for building Single Page Applications

node-mousetrap/stable 1.6.5~ds+~1.6.8-1 all
  Simple library for handling keyboard shortcuts

node-node-rest-client/stable 3.1.1-2 all
  Rest API client for NodeJS

node-openpgp-seek-bzip/stable 1.0.5-3 all
  Pure-JavaScript Node.JS module for random-access decoding bzip2 data

node-prismjs/stable 1.29.0+dfsg+~1.26.0-1 all
  Lightweight, robust, elegant syntax highlighting

node-requirejs/stable 2.3.7+ds+~2.1.37-1 all
  JavaScript file and module loader - NodeJS

node-ua-parser-js/stable 0.8.1+ds+~0.7.36-3 all
  Lightweight JavaScript-based user-agent string parser

node-unbzip2-stream/stable 1.4.2-5 all
  streaming unbzip2 implementation in pure javascript for node and browsers

node-yauzl/stable 2.10.0-4 all
  yet another unzip library - Node.js module

node-yazl/stable 2.5.1-3 all
  yet another zip library - Node.js module

octave-zmat/stable 0.9.9+ds.1-4 arm64
  in-memory data compression for Octave

ofarc/stable 1.3-1 arm64
  Utility for handling ZIP, Tar and LHA archives

openjdk-21-source/stable 21.0.11+10-1~deb13u2 all
  OpenJDK Development Kit (JDK) source files

openjdk-25-source/stable 25.0.3+9-2~deb13u1 all
  OpenJDK Development Kit (JDK) source files

p7zip/stable 16.02+transitional.1 all
  transitional package

p7zip-full/stable 16.02+transitional.1 all
  transitional package

partimage/stable 0.6.9-11+b1 arm64
  backup partitions into a compressed image file

partimage-doc/stable 20050720-6 all
  Partition Image User Documentation

patator/stable 1.0-4 all
  Multi-purpose brute-forcer

patool/stable 4.0.0-1 all
  command line archive file manager

pbzip2/stable 1.1.13-1+b1 arm64
  parallel bzip2 implementation

pdlzip/stable 1.14-3 arm64
  data compressor based on the LZMA algorithm (simple version)

pex/stable 1.5.3-1 all
  library for generating Python executable zip files

php-bz2/stable 2:8.4+96 all
  bzip2 module for PHP [default]

php-matomo-component-decompress/stable 3.0.0-1 all
  library providing decompressing tools

php-text-figlet/stable 1.0.2-5 all
  Engine for use FIGlet fonts to rendering text

php-zip/stable 2:8.4+96 all
  Zip module for PHP [default]

php8.4-bz2/stable 8.4.23-1~deb13u1 arm64
  bzip2 module for PHP

php8.4-zip/stable 8.4.23-1~deb13u1 arm64
  Zip module for PHP

pigz/stable 2.8-1+b1 arm64
  Parallel Implementation of GZip

pike8.0-bzip2/stable 8.0.1956-1 arm64
  Bzip2 module for Pike

plzip/stable 1.12-3 arm64
  parallel, lossless data compressor based on the LZMA algorithm

progress/stable 0.17-1+b1 arm64
  Coreutils Progress Viewer (formerly known as 'cv')

pyfastx/stable 2.2.0-1+b1 arm64
  fast random access to sequences from FASTA/Q file - command

python-kafka-doc/stable 2.0.2-9 all
  Pure Python client for Apache Kafka - doc

python-monty-doc/stable 2025.3.3-1 all
  missing complement to Python (Documentation)

python-pairix-examples/stable 0.3.8-1 all
  1D/2D indexing and querying with a pair of genomic coordinates (examples)

python-pex-doc/stable 1.5.3-1 all
  library for generating Python executable zip files

python-ptk-doc/stable 1.3.8+dfsg-3 all
  parser for Python with support for asynchronous input (documentation)

python-pyzipper-doc/stable 0.3.6-5 all
  AES encryption for zipfile (common documentation)

python-wheel-common/stable 0.46.1-2 all
  built-package format for Python (command-line scripts)

python3-aiozipkin/stable 1.1.1a1-1 all
  Distributed tracing instrumentation for asyncio application with zipkin

python3-apkinspector/stable 1.3.2-2 all
  tool designed to analyse Android APK files

python3-arcp/stable 0.2.1-7 all
  (Archive and Package) URI parser and generator

python3-asfsmd/stable 1.4.1-2 all
  ASF Sentinel-1 Metadata Download tool

python3-asyncssh/stable 2.20.0-1 all
  asyncio-based client and server implementation of SSHv2 protocol

python3-bcj/stable 1.0.3+ds-1+b1 arm64
  BCJ (Branch-Call-Jump) filter for Python

python3-biomaj3-zipkin/stable 0.2.2-3 all
  BioMAJ zipkin log tracing library

python3-crccheck/stable 1.3.0-1 all
  implementation of 170+ CRC algorithms for Python 3

python3-django-compression-middleware/stable 0.5.0-1 all
  Django middleware to compress responses using several algorithms

python3-djangorestframework-flex-fields/stable 1.0.2-2 all
  Dynamic fields and nested resources for DRF (Python3 version)

python3-engineio/stable 4.11.2-1 all
  python3 implementation of the Engine.IO realtime server

python3-filetype/stable 1.2.0-1 all
  Infer file type and MIME type of any file/buffer

python3-fiona/stable 1.10.1-2+b3 arm64
  Python 3 API for reading/writing vector geospatial data

python3-flask-compress/stable 1.4.0-5 all
  Compress responses in a Flask app with gzip

python3-hickle/stable 5.0.3-2 all
  HDF5 based version of pickle

python3-img2pdf/stable 0.6.1-1 all
  Lossless conversion of raster images to PDF (library)

python3-indexed-gzip/stable 1.8.7-3+b3 arm64
  fast random access of gzip files in Python

python3-isal/stable 1.7.2-1 arm64
  faster zlib and gzip compatible (de-)compression using the ISA-L library

python3-kafka/stable 2.0.2-9 all
  Pure Python client for Apache Kafka - Python 3.x

python3-laszip/stable 0.2.3-1+b4 arm64
  Python bindings for LASzip (Python 3 module)

python3-libarchive-c/stable 5.1-1 all
  Python3 interface to libarchive

python3-monty/stable 2025.3.3-1 all
  missing complement to Python (Python 3)

python3-mrcfile/stable 1.5.4-2 all
  Python implementation of the MRC2014 file format

python3-nanoget/stable 1.19.3-1 all
  extract information from Oxford Nanopore sequencing data and alignments

python3-nanoget-examples/stable 1.19.3-1 all
  example data for python3-nanoget (dealing with Oxford Nanopore data)

python3-pairix/stable 0.3.8-1+b2 arm64
  1D/2D indexing and querying with a pair of genomic coordinates

python3-pex/stable 1.5.3-1 all
  library for generating Python executable zip files

python3-pkg-resources/stable 78.1.1-0.1 all
  Package Discovery and Resource Access using pkg_resources

python3-pooch/stable 1.8.2-1 all
  Tools to manage Python library's data files

python3-ppmd/stable 0.5.0-4 arm64
  PPMd compression/decompression library

python3-ptk/stable 1.3.8+dfsg-3 all
  parser for Python 3 with support for asynchronous input

python3-py-zipkin/stable 1.2.8-2 all
  Library for using Zipkin in Python

python3-py7zr/stable 0.22.0+dfsg-1 all
  pure Python 7-zip library

python3-pyairnow/stable 1.3.1-1 all
  Library for EPA AirNow Air Quality API

python3-pyfastx/stable 2.2.0-1+b1 arm64
  fast random access to sequences from FASTA/Q file - python3 module

python3-pyiqvia/stable 2023.12.0-2 all
  Library for accessing allergy, asthma, and disease data from IQVIA

python3-pyppmd/stable 1.1.1+ds-1+b1 arm64
  PPM (Prediction by partial matching) compression algorithm for Python

python3-pysword/stable 0.2.8-2 all
  native Python reader module for the SWORD Project (Python 3)

python3-pyzipper/stable 0.3.6-5 all
  AES encryption for zipfile

python3-rarfile/stable 4.2-3 all
  RAR archive reader module for Python

python3-remotezip/stable 0.12.3-1 all
  Access zip file content hosted remotely without downloading the full file

python3-reprounzip/stable 1.3-2 all
  modules for the ReproZip unpacker

python3-rova/stable 0.4.1-2 all
  Python API wrapper for accessing the ROVA waste management calendar

python3-smart-open/stable 7.1.0-1 all
  utils for streaming large files

python3-socketio/stable 5.12.1-1 all
  python3 implementation of the Socket.IO realtime client and server

python3-starlette/stable 0.46.1-3+deb13u2 all
  ASGI library ideal for building high performance asyncio services

python3-urllib3/stable 2.3.0-3+deb13u2 all
  HTTP library with thread-safe connection pooling for Python3

python3-web-cache/stable 1.1.0-2 all
  Simple Python key-value storage backed up by sqlite3 database

python3-wheel/stable 0.46.1-2 all
  built-package format for Python

python3-wheel-whl/stable 0.46.1-2 all
  built-package format for Python (wheel wheel)

python3-xopen/stable 1.7.0-3 all
  Python3 module to open compressed files transparently

python3-xphyle/stable 4.4.4-6 all
  opening, reading, and writing files while agnostic to compression

python3-zarr/stable 3.0.6-2 all
  chunked, compressed, N-dimensional arrays for Python

python3-zipfile-zstd/stable 0.0.4-2 all
  Monkey patch the standard zipfile module to enable Zstandard support

python3-zipp/stable 3.21.0-1 all
  pathlib-compatible Zipfile object wrapper - Python 3.x

python3-zipstream/stable 1.1.4-1.2 all
  Zipfile generator

python3-zipstream-ng/stable 1.8.0-1 all
  Modern and easy to use streamable zip file generator

python3-zopfli/stable 0.2.3.post1-1 arm64
  cPython bindings for zopfli (Python 3)

qcomicbook/stable 0.9.1-3+b3 arm64
  qt viewer for comic book archives (cbr/cbz/cba/cbg/cbb)

r-bioc-rhdf5filters/stable 1.18.1+dfsg-1 arm64
  GNU R HDF5 compression filters

r-cran-curl/stable 6.2.1+dfsg-1 arm64
  GNU R modern and flexible web client for R

r-cran-zip/stable 2.3.2-1 arm64
  GNU R package for cross-platform zip compression

racon/stable 1.5.0-3+b2 arm64
  consensus module for raw de novo DNA assembly of long uncorrected reads

rampler/stable 2.1.1-1+b1 arm64
  module for sampling genomic sequences

rarcrack/stable 0.2+20240214~413ea3a-1 arm64
  Password cracker for rar archives

reprounzip/stable 1.3-2 all
  tool for reproducing scientific experiments (unpacker)

rig/stable 1.11-1.2 arm64
  Random identity generator

ruby-em-http-request/stable 1.1.7-1 all
  EventMachine based, async HTTP Request client

ruby-mixlib-archive/stable 0.4.1-2 all
  simple interface to various archive formats

ruby-yajl/stable 1.4.3-1+b6 arm64
  Ruby interface to Yajl, a JSON stream-based parser library

ruby-zip/stable 2.3.2-1 all
  Ruby module for reading and writing zip files

ruby-zip-zip/stable 0.3+gh-1.1 all
  ease the migration to RubyZip v1.0.0

rzip/stable 2.1-5 arm64
  compression program for large files

seek-bzip/stable 1.0.5-3 all
  Command line interface for random-access decoding bzip2 data

segemehl/stable 0.3.4-5+b2 arm64
  short read mapping with gaps

seqtk/stable 1.4-2+b1 arm64
  Fast and lightweight tool for processing sequences in the FASTA or FASTQ format

sickle/stable 1.33+git20150314.f3d6ae3-2+b1 arm64
  windowed adaptive trimming tool for FASTQ files using quality

signapk/stable 1:10.0.0+r36-1.1 all
  Command line tool for signing Android ZIP/JAR/APK

skkdic/stable 20230109-1 all
  standard dictionary file for SKK

skkdic-cdb/stable 20230109-1 all
  standard dictionary file for SKK in cdb format for faster access

skkdic-extra/stable 20230109-1 all
  optional non-standard dictionary files for SKK

snap-aligner/stable 2.0.3+dfsg-2+b1 arm64
  Scalable Nucleotide Alignment Program

suricata/stable 1:7.0.10-1+deb13u4 arm64
  Next Generation Intrusion Detection and Prevention Tool

swupdate/stable 2024.12.1+dfsg-3+deb13u2 arm64
  Software update framework for embedded systems

swupdate-doc/stable 2024.12.1+dfsg-3+deb13u2 all
  Documentation for swupdate framework

swupdate-www/stable 2024.12.1+dfsg-3+deb13u2 all
  Web Application for swupdate

tabix/stable 1.21+ds-1 arm64
  generic indexer for TAB-delimited genome position files

tar/stable,now 1.35+dfsg-3.1 arm64 [installed]
  GNU version of the tar archiving utility

tarlz/stable 0.27.1-1 arm64
  archiver with multimember lzip compression

tcl-vfs/stable 1.4.2~20230906-2 arm64
  Exposes Tcl's virtual filesystem C API to the Tcl script level

tcllib/stable 2.0+dfsg-4 all
  Standard Tcl Library

testdisk/stable 7.2-0.1 arm64
  Partition scanner and disk recovery tool, and PhotoRec file recovery tool

timidity/stable 2.14.0-8.3+b1 arm64
  Software sound renderer (MIDI sequencer, MOD player)

trim-galore/stable 0.6.10-1 all
  automate quality and adapter trimming for DNA sequencing

trimmomatic/stable 0.39+dfsg-2 all
  flexible read trimming tool for Illumina NGS data

ugrep/stable 7.4.2+dfsg-1 arm64
  faster grep with an interactive query UI

unalz/stable 0.65-9+b1 arm64
  De-archiver for .alz files

unar/stable 1.10.8+ds1-9 arm64
  Unarchiver for a variety of file formats

unicode-cldr-core/stable 46-0.1 all
  Common data from Unicode CLDR (core)

unzip/stable,now 6.0-29 arm64 [installed]
  De-archiver for .zip files

uwsgi-core/stable 2.0.28-9 arm64
  fast, self-healing application container server (core)

weather-util-data/stable 2.5.0-1 all
  optional correlation data for weather-util search feature

wzip/stable 1.1.7 arm64
  Lossy compression and denoising

xarchiver/stable 1:0.5.4.25-2 arm64
  GTK+ frontend for most used compression formats

xlsx2csv/stable 1:0.8.3-1 all
  convert xlsx files to csv format

xlunzip/stable 0.9-3 arm64
  data compressor based on the LZMA algorithm (decompressor)

xz-utils/stable 5.8.1-1+deb13u1 arm64 [upgradable from: 5.8.1-1]
  XZ-format compression utilities

xzdec/stable 5.8.1-1+deb13u1 arm64
  XZ-format compression utilities - tiny decompressors

xzip/stable 1:1.8.2-5 arm64
  Interpreter of Infocom-format story-files

yorick-z/stable 1.2.0+cvs20080115-6 arm64
  zlib, jpeg and png support for the Yorick language

zarchive-tools/stable 0.1.2-3 arm64
  tool for creating and reading zstd-compressed files

zip/stable 3.0-15 arm64
  Archiver for .zip files

zipalign/stable 1:10.0.0+r36-1.1 arm64
  Zip archive alignment tool

zipcmp/stable 1.11.3-2 arm64
  compare contents of zip archives

zipmerge/stable 1.11.3-2 arm64
  merge zip archives

zipper.app/stable 1.5-4+b2 arm64
  Archive manager for GNUstep

ziproxy/stable 3.3.2-7+b4 arm64
  compressing HTTP proxy server

ziptime/stable 1:10.0.0+r36-1.1 arm64
  Zip archive timestamp remover

ziptool/stable 1.11.3-2 arm64
  modify zip archives

zlib1g/stable,now 1:1.3.dfsg+really1.3.1-1+b1 arm64 [installed]
  compression library - runtime

zlib1g-dev/stable 1:1.3.dfsg+really1.3.1-1+b1 arm64
  compression library - development

zopfli/stable 1.0.3-3 arm64
  zlib (gzip, deflate) compatible compressor

zst/stable 0.4-1+b1 arm64
  CLI tool for zstd (and other) compression

zutils/stable 1.14-5 arm64
  utilities for dealing with compressed files transparently

zziplib-bin/stable 0.13.78+dfsg.1-0.1 arm64
  library providing read access on ZIP-archives - binaries

