
WARNING: apt does not have a stable CLI interface. Use with caution in scripts.

Sorting...
Full Text Search...
baitfisher/stable 1.2.7+git20211020.de26d5c+dfsg-2 arm64
  software package for designing hybrid enrichment probes

chewing-tools/stable 0.9.1-1 arm64
  intelligent phonetic input method library (tools)

dbview/stable 1.0.4-6 arm64
  view dBase III files

fonts-b612/stable 1.008-4 all
  legible font designed to be used on aircraft cockpit screens

indi-dsi/stable 0.4+20221223123028-2+b1 arm64
  INDI driver for Meade DSI Pro I/II/III

ioquake3/stable 1.36+u20250316.526edd3+dfsg-1 arm64
  Game engine for 3D first person shooter games

ioquake3-server/stable 1.36+u20250316.526edd3+dfsg-1 arm64
  Engine for 3D first person shooter games - server and common files

kinit/stable 5.116.0-1 arm64
  process launcher to speed up launching KDE applications

kinit-dev/stable 5.116.0-1 arm64
  process launcher to speed up launching KDE applications

libasedrive-serial/stable 3.7-12 arm64
  PC/SC driver for the Athena ASEDrive IIIe serial smart card reader

libasedrive-usb/stable 3.7-12 arm64
  PC/SC driver for the Athena ASEDrive IIIe USB smart card reader

libchewing3/stable 0.9.1-1 arm64
  intelligent phonetic input method library

libchewing3-data/stable 0.9.1-1 all
  intelligent phonetic input method library - data files

libchewing3-dev/stable 0.9.1-1 arm64
  intelligent phonetic input method library (developer version)

libdate-iso8601-perl/stable 0.005-4 all
  Perl handling of the three ISO 8601 numerical calendars

libg3d-plugins/stable 0.0.8-38 arm64
  plugins for the LibG3D library

libgme-dev/stable 0.6.3-7+b2 arm64
  Playback library for video game music files - development files

libgme0/stable 0.6.3-7+b2 arm64
  Playback library for video game music files - shared library

libmad-ocaml/stable 0.5.3-1+b3 arm64
  OCaml bindings for the MAD library (Runtime library)

libmad-ocaml-dev/stable 0.5.3-1+b3 arm64
  OCaml bindings for the MAD library (Development package)

libmad0/stable 0.15.1b-11+b1 arm64
  MPEG audio decoder library

libmad0-dev/stable 0.15.1b-11+b1 arm64
  MPEG audio decoder development library

libnfft3-dev/stable 3.5.3-5 arm64
  development files for the NFFT library

libnfft3-doc/stable 3.5.3-5 all
  documentation for the NFFT library

libnfft3-double4/stable 3.5.3-5 arm64
  library for computing non-uniform Fourier transforms (double precision)

libnfft3-julia/stable 3.5.3-5 arm64
  library for computing non-uniform Fourier transforms (julia interface)

libnfft3-long4/stable 3.5.3-5 arm64
  library for computing non-uniform Fourier transforms (long-double precision)

libnfft3-single4/stable 3.5.3-5 arm64
  library for computing non-uniform Fourier transforms (single precision)

libscim-dev/stable 1.4.18+git20211204-0.2+b4 arm64
  development library for SCIM platform

libvkfft-dev/stable 1.3.4+ds2-1 all
  Vulkan/CUDA/HIP/OpenCL Fast Fourier Transform library

madplay/stable 0.15.2b-10.1+b1 arm64
  MPEG audio player in fixed point

mp3guessenc/stable 0.27.6~beta+dfsg-1+b1 arm64
  Utility for analysis of audio mpeg files

mp3val/stable 0.1.8-5+b2 arm64
  program for MPEG audio stream validation

openarena-081-maps/stable 0.8.5split-15 all
  OpenArena game data - maps from 0.8.1

openarena-081-misc/stable 0.8.5split-15 all
  OpenArena game data - miscellaneous files from 0.8.1

openarena-081-players/stable 0.8.5split-15 all
  OpenArena game data - player graphics from 0.8.1

openarena-081-players-mature/stable 0.8.5split-15 all
  OpenArena game data - "mature" player graphics from 0.8.1

openarena-081-textures/stable 0.8.5split-15 all
  OpenArena game data - textures from 0.8.1

openarena-085-data/stable 0.8.5split-16 all
  OpenArena game data - 0.8.5 update

openarena-088-data/stable 0.8.8-14 all
  OpenArena game data

openarena-data/stable 0.8.5split-16 all
  OpenArena game data

openarena-oacmp1/stable 3-9 all
  OpenArena Community Map Pack 1

pd-unauthorized/stable 0.1-9 arm64
  library of Pd objects for streaming and GUI control

png-definitive-guide/stable 20060430-4 all
  PNG: The Definitive Guide

postgresql-17-numeral/stable 1.3-7 arm64
  numeral datatypes for PostgreSQL

postgresql-17-pldebugger/stable 1:1.8-2 arm64
  PostgreSQL pl/pgsql Debugger API

printer-driver-cjet/stable 0.8.9-11+b1 arm64
  printer driver for Canon LBP laser printers

printer-driver-fujixerox/stable 1.1.0+ds-4+b3 arm64
  printer driver for Fuji Xerox printers

proalign/stable 0.603-6 arm64
  Probabilistic multiple alignment program

python3-dbf/stable 0.96.005-2 all
  Python module for reading and writing dbf files (Python 3)

r-cran-fadist/stable 2.4-2 all
  GNU R package for distributions sometimes useful in hydrology

r-cran-lmertest/stable 3.1-3-2 all
  GNU R tests in Linear Mixed Effects Models

testdisk/stable 7.2-0.1 arm64
  Partition scanner and disk recovery tool, and PhotoRec file recovery tool

xmms2-plugin-gme/stable 0.8+dfsg-28+b1 arm64
  XMMS2 - gme plug-in

