
WARNING: apt does not have a stable CLI interface. Use with caution in scripts.

Sorting...
Full Text Search...
alfred/stable 2025.0-2 arm64
  Almighty Lightweight Fact Remote Exchange Daemon

arduino-core-avr/stable 1.8.7+dfsg-1~deb13u1 all
  Arduino Core for AVR microcontroller

asahi-platform-nvram/stable 2.1 arm64
  metapackage for nvram manipulation on the Asahi platform

asahi-wifisync/stable 0.2.2-6 arm64
  sync Wifi passwords with macos on ARM Macs

bettercap/stable 2.33.0-1+b9 arm64
  Complete, modular, portable and easily extensible MITM framework

cairo-dock-wifi-plug-in/stable 3.5.1-1 arm64
  Wifi plug-in for Cairo-dock

cmst/stable 2023.03.14-2 arm64
  QT GUI for Connman with system tray icon

collectd-core/stable 5.12.0-26 arm64
  statistics collection and monitoring daemon (core system)

connman-ui/stable 0~20150623-1+b3 arm64
  full-featured GTK-based tray icon UI for ConnMan

dsmidiwifi/stable 2+b3 arm64
  DSMI over WLAN server

golang-github-mdlayher-wifi-dev/stable 0.4.0-1 all
  access to IEEE 802.11 Wi-Fi device actions and statistics (library)

network-manager-iodine/stable 1.2.0-3.3+b2 arm64
  network management framework (iodine plugin core)

network-manager-iodine-gnome/stable 1.2.0-3.3+b2 arm64
  network management framework (iodine plugin GNOME GUI)

network-manager-sstp/stable 1.3.2-1+b6 arm64
  network management framework (SSTP plugin core)

network-manager-sstp-gnome/stable 1.3.2-1+b6 arm64
  network management framework (SSTP plugin GNOME GUI)

python3-aiopulse/stable 0.4.5-2 all
  Rollease Acmeda Automate integration

python3-aiounifi/stable 79-3 all
  communicating with UniFi Network Controller API

python3-anova-wifi/stable 0.17.1-2 all
  get read only data from Anova precision cookers with wifi

python3-dio-chacon-wifi-api/stable 1.2.2-1 all
  Library implementing Wi-Fi protocol for DIO Chacon devices

python3-freebox-api/stable 1.1.0-1.1 all
  asynchronous authentication and access to Freebox servers

python3-miio/stable 0.5.12-3 all
  Python module for interfacing with Xiaomi appliances

python3-segno/stable 1.6.6-2 all
  Python QR Code and Micro QR Code encoder

urfkill/stable 0.5.0-7.3 arm64
  wireless killswitch management daemon for laptops

wifi-qr/stable 0.4-1 all
  Wi-Fi password share via QR codes

wifite/stable 2.7.0-3 all
  Python script to automate wireless auditing using aircrack-ng tools

