
WARNING: apt does not have a stable CLI interface. Use with caution in scripts.

Sorting...
Full Text Search...
argagg-dev/stable 0.4.7-2 all
  Argument Aggregator - Simple C++11 command line argument parser

argagg-dev-doc/stable 0.4.7-2 all
  Argument Aggregator - Simple C++11 command line argument parser - source doc

autobahn-cpp-dev/stable 17.5.1+git7cc5d37-4 all
  WAMP in C++ for Boost/Asio - development headers

autobahn-cpp-doc/stable 17.5.1+git7cc5d37-4 all
  WAMP in C++ for Boost/Asio - examples

ckon/stable 0.7.1-5+b5 arm64
  automatic build tool for ROOT data analysis software

dm-writeboost-dkms/stable 2.2.18-0.1 all
  log-structured caching for Linux

fasd/stable 1.0.1-3 all
  command-line productivity booster

golang-github-iafan-cwalk-dev/stable 0.0~git20191125.dd7f505-3 all
  Concurrent filepath.Walk replacement

golang-github-tidwall-btree-dev/stable 0.3.0-2 all
  B-Tree implementation for Go

graph-tool-doc/stable 2.91+ds-5 all
  Efficient network analysis -- doc

ibus-typing-booster/stable 2.27.46-1 all
  Completion input method to speedup typing

libargh-dev/stable 1.3.2+ds-2 all
  C++ header-only command line processing library

libasio-dev/stable 1:1.30.2-1 all
  cross-platform C++ library for network programming

libasio-doc/stable 1:1.30.2-1 all
  documentation for asio C++ library for network programming

libboost-all-dev/stable 1.83.0.2+b2 arm64
  Boost C++ Libraries development files (ALL) (default version)

libboost-atomic-dev/stable 1.83.0.2+b2 arm64
  atomic data types, operations, and memory ordering constraints (default version)

libboost-atomic1.83-dev/stable 1.83.0-4.2 arm64
  atomic data types, operations, and memory ordering constraints

libboost-atomic1.83.0/stable 1.83.0-4.2 arm64
  atomic data types, operations, and memory ordering constraints

libboost-atomic1.88-dev/stable 1.88.0-1 arm64
  atomic data types, operations, and memory ordering constraints

libboost-atomic1.88.0/stable 1.88.0-1 arm64
  atomic data types, operations, and memory ordering constraints

libboost-charconv1.88-dev/stable 1.88.0-1 arm64
  high quality implementation of <charconv> in C++11

libboost-charconv1.88.0/stable 1.88.0-1 arm64
  high quality implementation of <charconv> in C++11

libboost-chrono-dev/stable 1.83.0.2+b2 arm64
  C++ representation of time duration, time point, and clocks (default version)

libboost-chrono1.83-dev/stable 1.83.0-4.2 arm64
  C++ representation of time duration, time point, and clocks

libboost-chrono1.83.0t64/stable 1.83.0-4.2 arm64
  C++ representation of time duration, time point, and clocks

libboost-chrono1.88-dev/stable 1.88.0-1 arm64
  C++ representation of time duration, time point, and clocks

libboost-chrono1.88.0t64/stable 1.88.0-1 arm64
  C++ representation of time duration, time point, and clocks

libboost-container-dev/stable 1.83.0.2+b2 arm64
  C++ library that implements several well-known containers - dev files (default version)

libboost-container1.83-dev/stable 1.83.0-4.2 arm64
  C++ library that implements several well-known containers - dev files

libboost-container1.83.0/stable 1.83.0-4.2 arm64
  C++ library that implements several well-known containers

libboost-container1.88-dev/stable 1.88.0-1 arm64
  C++ library that implements several well-known containers - dev files

libboost-container1.88.0/stable 1.88.0-1 arm64
  C++ library that implements several well-known containers

libboost-context-dev/stable 1.83.0.2+b2 arm64
  provides a sort of cooperative multitasking on a single thread (default version)

libboost-context1.83-dev/stable 1.83.0-4.2 arm64
  provides a sort of cooperative multitasking on a single thread

libboost-context1.83.0/stable 1.83.0-4.2 arm64
  provides a sort of cooperative multitasking on a single thread

libboost-context1.88-dev/stable 1.88.0-1 arm64
  provides a sort of cooperative multitasking on a single thread

libboost-context1.88.0/stable 1.88.0-1 arm64
  provides a sort of cooperative multitasking on a single thread

libboost-contract-dev/stable 1.83.0.2+b2 arm64
  Contract library for C++ - dev files (default version)

libboost-contract1.83-dev/stable 1.83.0-4.2 arm64
  Contract library for C++ - dev files

libboost-contract1.83.0/stable 1.83.0-4.2 arm64
  Contract library for C++

libboost-contract1.88-dev/stable 1.88.0-1 arm64
  Contract library for C++ - dev files

libboost-contract1.88.0/stable 1.88.0-1 arm64
  Contract library for C++

libboost-coroutine-dev/stable 1.83.0.2+b2 arm64
  provides a sort of cooperative multitasking on a single thread (default version)

libboost-coroutine1.83-dev/stable 1.83.0-4.2 arm64
  provides a sort of cooperative multitasking on a single thread

libboost-coroutine1.83.0/stable 1.83.0-4.2 arm64
  provides a sort of cooperative multitasking on a single thread

libboost-coroutine1.88-dev/stable 1.88.0-1 arm64
  provides a sort of cooperative multitasking on a single thread

libboost-coroutine1.88.0/stable 1.88.0-1 arm64
  provides a sort of cooperative multitasking on a single thread

libboost-date-time-dev/stable 1.83.0.2+b2 arm64
  set of date-time libraries based on generic programming concepts (default version)

libboost-date-time1.83-dev/stable 1.83.0-4.2 arm64
  set of date-time libraries based on generic programming concepts

libboost-date-time1.83.0/stable 1.83.0-4.2 arm64
  set of date-time libraries based on generic programming concepts

libboost-date-time1.88-dev/stable 1.88.0-1 arm64
  set of date-time libraries based on generic programming concepts

libboost-date-time1.88.0/stable 1.88.0-1 arm64
  set of date-time libraries based on generic programming concepts

libboost-dev/stable 1.83.0.2+b2 arm64
  Boost C++ Libraries development files (default version)

libboost-doc/stable 1.83.0.2 all
  Boost.org libraries documentation placeholder (default version)

libboost-exception-dev/stable 1.83.0.2+b2 arm64
  library to help write exceptions and handlers (default version)

libboost-exception1.83-dev/stable 1.83.0-4.2 arm64
  library to help write exceptions and handlers

libboost-exception1.88-dev/stable 1.88.0-1 arm64
  library to help write exceptions and handlers

libboost-ext-ut-dev/stable 2.3.1-2 all
  C++ single header/module, macro-free unit testing framework

libboost-fiber-dev/stable 1.83.0.2+b2 arm64
  cooperatively-scheduled micro-/userland-threads (default version)

libboost-fiber1.83-dev/stable 1.83.0-4.2 arm64
  cooperatively-scheduled micro-/userland-threads

libboost-fiber1.83.0/stable 1.83.0-4.2 arm64
  cooperatively-scheduled micro-/userland-threads

libboost-fiber1.88-dev/stable 1.88.0-1 arm64
  cooperatively-scheduled micro-/userland-threads

libboost-fiber1.88.0/stable 1.88.0-1 arm64
  cooperatively-scheduled micro-/userland-threads

libboost-filesystem-dev/stable 1.83.0.2+b2 arm64
  filesystem operations (portable paths, iteration over directories, etc) in C++ (default version)

libboost-filesystem1.83-dev/stable 1.83.0-4.2 arm64
  filesystem operations (portable paths, iteration over directories, etc) in C++

libboost-filesystem1.83.0/stable 1.83.0-4.2 arm64
  filesystem operations (portable paths, iteration over directories, etc) in C++

libboost-filesystem1.88-dev/stable 1.88.0-1 arm64
  filesystem operations (portable paths, iteration over directories, etc) in C++

libboost-filesystem1.88.0/stable 1.88.0-1 arm64
  filesystem operations (portable paths, iteration over directories, etc) in C++

libboost-geometry-utils-perl/stable 0.15-3+b4 arm64
  Perl module providing bindings to the Boost Geometry library

libboost-graph-dev/stable 1.83.0.2+b2 arm64
  generic graph components and algorithms in C++ (default version)

libboost-graph-parallel-dev/stable 1.83.0.2+b2 arm64
  generic graph components and algorithms in C++ (default version)

libboost-graph-parallel1.83-dev/stable 1.83.0-4.2 arm64
  generic graph components and algorithms in C++

libboost-graph-parallel1.83.0/stable 1.83.0-4.2 arm64
  generic graph components and algorithms in C++

libboost-graph-parallel1.88-dev/stable 1.88.0-1 arm64
  generic graph components and algorithms in C++

libboost-graph-parallel1.88.0/stable 1.88.0-1 arm64
  generic graph components and algorithms in C++

libboost-graph1.83-dev/stable 1.83.0-4.2 arm64
  generic graph components and algorithms in C++

libboost-graph1.83.0/stable 1.83.0-4.2 arm64
  generic graph components and algorithms in C++

libboost-graph1.88-dev/stable 1.88.0-1 arm64
  generic graph components and algorithms in C++

libboost-graph1.88.0/stable 1.88.0-1 arm64
  generic graph components and algorithms in C++

libboost-iostreams-dev/stable 1.83.0.2+b2 arm64
  Boost.Iostreams Library development files (default version)

libboost-iostreams1.83-dev/stable 1.83.0-4.2 arm64
  Boost.Iostreams Library development files

libboost-iostreams1.83.0/stable 1.83.0-4.2 arm64
  Boost.Iostreams Library

libboost-iostreams1.88-dev/stable 1.88.0-1 arm64
  Boost.Iostreams Library development files

libboost-iostreams1.88.0/stable 1.88.0-1 arm64
  Boost.Iostreams Library

libboost-json-dev/stable 1.83.0.2+b2 arm64
  C++ containers and algorithms that implement JSON (default version)

libboost-json1.83-dev/stable 1.83.0-4.2 arm64
  C++ containers and algorithms that implement JSON

libboost-json1.83.0/stable 1.83.0-4.2 arm64
  C++ containers and algorithms that implement JSON

libboost-json1.88-dev/stable 1.88.0-1 arm64
  C++ containers and algorithms that implement JSON

libboost-json1.88.0/stable 1.88.0-1 arm64
  C++ containers and algorithms that implement JSON

libboost-locale-dev/stable 1.83.0.2+b2 arm64
  C++ facilities for localization (default version)

libboost-locale1.83-dev/stable 1.83.0-4.2 arm64
  C++ facilities for localization

libboost-locale1.83.0/stable 1.83.0-4.2 arm64
  C++ facilities for localization

libboost-locale1.88-dev/stable 1.88.0-1 arm64
  C++ facilities for localization

libboost-locale1.88.0/stable 1.88.0-1 arm64
  C++ facilities for localization

libboost-log-dev/stable 1.83.0.2+b2 arm64
  C++ logging library (default version)

libboost-log1.83-dev/stable 1.83.0-4.2 arm64
  C++ logging library

libboost-log1.83.0/stable 1.83.0-4.2 arm64
  C++ logging library

libboost-log1.88-dev/stable 1.88.0-1 arm64
  C++ logging library

libboost-log1.88.0/stable 1.88.0-1 arm64
  C++ logging library

libboost-math-dev/stable 1.83.0.2+b2 arm64
  Boost.Math Library development files (default version)

libboost-math1.83-dev/stable 1.83.0-4.2 arm64
  Boost.Math Library development files

libboost-math1.83.0/stable 1.83.0-4.2 arm64
  Boost.Math Library

libboost-math1.88-dev/stable 1.88.0-1 arm64
  Boost.Math Library development files

libboost-math1.88.0/stable 1.88.0-1 arm64
  Boost.Math Library

libboost-mpi-dev/stable 1.83.0.2+b2 arm64
  C++ interface to the Message Passing Interface (MPI) (default version)

libboost-mpi-python-dev/stable 1.83.0.2+b2 arm64
  C++ interface to the Message Passing Interface (MPI), Python Bindings (default version)

libboost-mpi-python1.83-dev/stable 1.83.0-4.2 arm64
  C++ interface to the Message Passing Interface (MPI), Python Bindings

libboost-mpi-python1.83.0/stable 1.83.0-4.2 arm64
  C++ interface to the Message Passing Interface (MPI), Python Bindings

libboost-mpi-python1.88-dev/stable 1.88.0-1 arm64
  C++ interface to the Message Passing Interface (MPI), Python Bindings

libboost-mpi-python1.88.0/stable 1.88.0-1 arm64
  C++ interface to the Message Passing Interface (MPI), Python Bindings

libboost-mpi1.83-dev/stable 1.83.0-4.2 arm64
  C++ interface to the Message Passing Interface (MPI)

libboost-mpi1.83.0/stable 1.83.0-4.2 arm64
  C++ interface to the Message Passing Interface (MPI)

libboost-mpi1.88-dev/stable 1.88.0-1 arm64
  C++ interface to the Message Passing Interface (MPI)

libboost-mpi1.88.0/stable 1.88.0-1 arm64
  C++ interface to the Message Passing Interface (MPI)

libboost-nowide-dev/stable 1.83.0.2+b2 arm64
  Standard library functions with UTF-8 API on Windows development files (default version)

libboost-nowide1.83-dev/stable 1.83.0-4.2 arm64
  Standard library functions with UTF-8 API on Windows development files

libboost-nowide1.83.0/stable 1.83.0-4.2 arm64
  Standard library functions with UTF-8 API on Windows

libboost-nowide1.88-dev/stable 1.88.0-1 arm64
  Standard library functions with UTF-8 API on Windows development files

libboost-nowide1.88.0/stable 1.88.0-1 arm64
  Standard library functions with UTF-8 API on Windows

libboost-numpy-dev/stable 1.83.0.2+b2 arm64
  Boost.Python NumPy extensions development files (default version)

libboost-numpy1.83-dev/stable 1.83.0-4.2 arm64
  Boost.Python NumPy extensions development files

libboost-numpy1.83.0/stable 1.83.0-4.2 arm64
  Boost.Python NumPy extensions

libboost-numpy1.88-dev/stable 1.88.0-1 arm64
  Boost.Python NumPy extensions development files

libboost-numpy1.88.0/stable 1.88.0-1 arm64
  Boost.Python NumPy extensions

libboost-program-options-dev/stable 1.83.0.2+b2 arm64
  program options library for C++ (default version)

libboost-program-options1.83-dev/stable 1.83.0-4.2 arm64
  program options library for C++

libboost-program-options1.83.0/stable 1.83.0-4.2 arm64
  program options library for C++

libboost-program-options1.88-dev/stable 1.88.0-1 arm64
  program options library for C++

libboost-program-options1.88.0/stable 1.88.0-1 arm64
  program options library for C++

libboost-python-dev/stable 1.83.0.2+b2 arm64
  Boost.Python Library development files (default version)

libboost-python1.83-dev/stable 1.83.0-4.2 arm64
  Boost.Python Library development files

libboost-python1.83.0/stable 1.83.0-4.2 arm64
  Boost.Python Library

libboost-python1.88-dev/stable 1.88.0-1 arm64
  Boost.Python Library development files

libboost-python1.88.0/stable 1.88.0-1 arm64
  Boost.Python Library

libboost-random-dev/stable 1.83.0.2+b2 arm64
  Boost Random Number Library (default version)

libboost-random1.83-dev/stable 1.83.0-4.2 arm64
  Boost Random Number Library

libboost-random1.83.0/stable 1.83.0-4.2 arm64
  Boost Random Number Library

libboost-random1.88-dev/stable 1.88.0-1 arm64
  Boost Random Number Library

libboost-random1.88.0/stable 1.88.0-1 arm64
  Boost Random Number Library

libboost-regex-dev/stable 1.83.0.2+b2 arm64
  regular expression library for C++ (default version)

libboost-regex1.83-dev/stable 1.83.0-4.2 arm64
  regular expression library for C++

libboost-regex1.83.0/stable 1.83.0-4.2 arm64
  regular expression library for C++

libboost-regex1.88-dev/stable 1.88.0-1 arm64
  regular expression library for C++

libboost-regex1.88.0/stable 1.88.0-1 arm64
  regular expression library for C++

libboost-serialization-dev/stable 1.83.0.2+b2 arm64
  serialization library for C++ (default version)

libboost-serialization1.83-dev/stable 1.83.0-4.2 arm64
  serialization library for C++

libboost-serialization1.83.0/stable 1.83.0-4.2 arm64
  serialization library for C++

libboost-serialization1.88-dev/stable 1.88.0-1 arm64
  serialization library for C++

libboost-serialization1.88.0/stable 1.88.0-1 arm64
  serialization library for C++

libboost-stacktrace-dev/stable 1.83.0.2+b2 arm64
  library to capture and print stack traces - development files (default version)

libboost-stacktrace1.83-dev/stable 1.83.0-4.2 arm64
  library to capture and print stack traces - development files

libboost-stacktrace1.83.0/stable 1.83.0-4.2 arm64
  library to capture and print stack traces

libboost-stacktrace1.88-dev/stable 1.88.0-1 arm64
  library to capture and print stack traces - development files

libboost-stacktrace1.88.0/stable 1.88.0-1 arm64
  library to capture and print stack traces

libboost-system-dev/stable 1.83.0.2+b2 arm64
  Operating system (e.g. diagnostics support) library (default version)

libboost-system1.83-dev/stable 1.83.0-4.2 arm64
  Operating system (e.g. diagnostics support) library

libboost-system1.83.0/stable 1.83.0-4.2 arm64
  Operating system (e.g. diagnostics support) library

libboost-system1.88-dev/stable 1.88.0-1 arm64
  Operating system (e.g. diagnostics support) library

libboost-system1.88.0/stable 1.88.0-1 arm64
  Operating system (e.g. diagnostics support) library

libboost-test-dev/stable 1.83.0.2+b2 arm64
  components for writing and executing test suites (default version)

libboost-test1.83-dev/stable 1.83.0-4.2 arm64
  components for writing and executing test suites

libboost-test1.83.0/stable 1.83.0-4.2 arm64
  components for writing and executing test suites

libboost-test1.88-dev/stable 1.88.0-1 arm64
  components for writing and executing test suites

libboost-test1.88.0/stable 1.88.0-1 arm64
  components for writing and executing test suites

libboost-thread-dev/stable 1.83.0.2+b2 arm64
  portable C++ multi-threading (default version)

libboost-thread1.83-dev/stable 1.83.0-4.2 arm64
  portable C++ multi-threading

libboost-thread1.83.0/stable 1.83.0-4.2 arm64
  portable C++ multi-threading

libboost-thread1.88-dev/stable 1.88.0-1 arm64
  portable C++ multi-threading

libboost-thread1.88.0/stable 1.88.0-1 arm64
  portable C++ multi-threading

libboost-timer-dev/stable 1.83.0.2+b2 arm64
  C++ wall clock and CPU process timers (default version)

libboost-timer1.83-dev/stable 1.83.0-4.2 arm64
  C++ wall clock and CPU process timers

libboost-timer1.83.0/stable 1.83.0-4.2 arm64
  C++ wall clock and CPU process timers

libboost-timer1.88-dev/stable 1.88.0-1 arm64
  C++ wall clock and CPU process timers

libboost-timer1.88.0/stable 1.88.0-1 arm64
  C++ wall clock and CPU process timers

libboost-tools-dev/stable 1.83.0.2+b2 arm64
  Boost C++ Libraries development tools (default version)

libboost-type-erasure-dev/stable 1.83.0.2+b2 arm64
  C++ runtime polymorphism based on concepts (default version)

libboost-type-erasure1.83-dev/stable 1.83.0-4.2 arm64
  C++ runtime polymorphism based on concepts

libboost-type-erasure1.83.0/stable 1.83.0-4.2 arm64
  C++ runtime polymorphism based on concepts

libboost-type-erasure1.88-dev/stable 1.88.0-1 arm64
  C++ runtime polymorphism based on concepts

libboost-type-erasure1.88.0/stable 1.88.0-1 arm64
  C++ runtime polymorphism based on concepts

libboost-url-dev/stable 1.83.0.2+b2 arm64
  C++ library that implements "URL" (default version)

libboost-url1.83-dev/stable 1.83.0-4.2 arm64
  C++ library that implements "URL"

libboost-url1.83.0/stable 1.83.0-4.2 arm64
  C++ library that implements "URL"

libboost-url1.88-dev/stable 1.88.0-1 arm64
  C++ library that implements "URL"

libboost-url1.88.0/stable 1.88.0-1 arm64
  C++ library that implements "URL"

libboost-wave-dev/stable 1.83.0.2+b2 arm64
  C99/C++ preprocessor library (default version)

libboost-wave1.83-dev/stable 1.83.0-4.2 arm64
  C99/C++ preprocessor library

libboost-wave1.83.0/stable 1.83.0-4.2 arm64
  C99/C++ preprocessor library

libboost-wave1.88-dev/stable 1.88.0-1 arm64
  C99/C++ preprocessor library

libboost-wave1.88.0/stable 1.88.0-1 arm64
  C99/C++ preprocessor library

libboost1.83-all-dev/stable 1.83.0-4.2 arm64
  Boost C++ Libraries development files (ALL)

libboost1.83-dev/stable 1.83.0-4.2 arm64
  Boost C++ Libraries development files

libboost1.83-doc/stable 1.83.0-4.2 all
  Boost.org libraries documentation placeholder

libboost1.83-tools-dev/stable 1.83.0-4.2 arm64
  Boost C++ Libraries development tools

libboost1.88-all-dev/stable 1.88.0-1 arm64
  Boost C++ Libraries development files (ALL)

libboost1.88-dev/stable 1.88.0-1 arm64
  Boost C++ Libraries development files

libboost1.88-doc/stable 1.88.0-1 all
  Boost.org libraries documentation placeholder

libboost1.88-tools-dev/stable 1.88.0-1 arm64
  Boost C++ Libraries development tools

libcctbx-dev/stable 2024.10+ds2+~3.22.1+ds1-5 arm64
  Computational Crystallography Toolbox - headers

libcctbx0/stable 2024.10+ds2+~3.22.1+ds1-5 arm64
  Computational Crystallography Toolbox - runtime libraries

libconcurrentqueue-dev/stable 1.0.4+ds-2 arm64
  industrial-strength lock-free queue for C++

libcookie-baker-xs-perl/stable 0.12-1+b4 arm64
  module to boost Cookie::Baker's crush_cookie

libeckit-dev/stable 1.29.1+really.1.28.7-1 arm64
  C++ toolkit for ECMWF tools and applications

libeckit-utils/stable 1.29.1+really.1.28.7-1 arm64
  C++ toolkit for ECMWF tools and applications - development files

libeckit0d/stable 1.29.1+really.1.28.7-1 arm64
  C++ toolkit for ECMWF tools and applications

libfmt-dev/stable 10.1.1+ds1-4 arm64
  fast type-safe C++ formatting library -- development files

libfmt-doc/stable 10.1.1+ds1-4 all
  fast type-safe C++ formatting library -- documentation

libfmt10/stable 10.1.1+ds1-4 arm64
  fast type-safe C++ formatting library -- library

libgclib-dev/stable 0.12.7+ds-6 arm64
  header files for Genome Code Lib (GCLib)

libgclib3/stable 0.12.7+ds-6 arm64
  C++ library to handle biological short sequence data

libgeners-dev/stable 0.0~svn60+ds-3+b1 arm64
  generic serialization library for C++ (development package)

libgeners1/stable 0.0~svn60+ds-3+b1 arm64
  generic serialization library for C++ (shared library)

libghc-mutable-containers-dev/stable 0.3.4.1-3+b1 arm64
  abstactions and concrete implementations of mutable containers

libghc-mutable-containers-doc/stable 0.3.4.1-3 all
  abstactions and concrete implementations of mutable containers; documentation

libghc-mutable-containers-prof/stable 0.3.4.1-3+b1 arm64
  abstactions and concrete implementations of mutable containers; profiling libraries

libmailio1/stable 0.23.0+git20241012.8821f91-1 arm64
  cross platform C++ library for email support (library)

libmapbox-variant-dev/stable 1.2.0-3 all
  Alternative to boost::variant for C++11

libmath-vector-real-xs-perl/stable 0.10-3+b1 arm64
  Perl module for real vector arithmetic in fast XS

libnest2d-dev/stable 5.0.0-3 arm64
  2D irregular bin packaging and nesting C++ header-only library

libobject-realize-later-perl/stable 0.21-2 all
  Perl module providing delayed creation of objects

libodb-boost-2.4t64/stable 2.4.0-1.1+b1 arm64
  Boost ODB runtime library

libodb-boost-dev/stable 2.4.0-1.1+b1 arm64
  Boost ODB runtime library (development)

libpapilo-clusol0d/stable 2.4.1+ds-1 arm64
  Parallel Presolve for Integer and Linear Optimization (LUSOL library)

libpapilo-core0d/stable 2.4.1+ds-1 arm64
  Parallel Presolve for Integer and Linear Optimization (core library)

libpapilo-dev/stable 2.4.1+ds-1 arm64
  Parallel Presolve for Integer and Linear Optimization (development files)

libparallel-hashmap-dev/stable 1.4.1+ds-2 all
  header-only hash map implementation

librandom-numbers-dev/stable 0.3.3-1 arm64
  Robot OS random numbers library - development files

librandom-numbers0d/stable 0.3.3-1 arm64
  Robot OS random numbers library

libref-util-xs-perl/stable,now 0.117-2+b4 arm64 [installed,automatic]
  XS implementation for Ref::Util

librestinio-dev/stable 0.6.19+ds-1+b1 arm64
  restinio implements an embedded HTTP/Websocket server

libsnp-sites1-dev/stable 2.5.1-2+b2 arm64
  Static libraries and header files for the package snp-sites

libtbox-dev/stable 1.7.6-1 arm64
  glib-like multi-platform c library (development files)

libtype-tiny-xs-perl/stable 0.025-2+b1 arm64
  boost for some of Type::Tiny's built-in type constraints

libvolk-bin/stable 3.2.0-2 arm64
  vector optimized runtime tools

libvolk-dev/stable 3.2.0-2 arm64
  vector optimized function headers

libvolk-doc/stable 3.2.0-2 all
  vector optimized library documentation

libvolk3.2/stable 3.2.0-2 arm64
  vector optimized functions

libwebsocketpp-dev/stable 0.8.2-4+b1 arm64
  C++/Boost Asio based websocket client/server library. Dev package

libwebsocketpp-doc/stable 0.8.2-4 all
  C++/Boost Asio based websocket client/server library. Doc package

libxgboost-dev/stable 3.0.0-1 arm64
  Scalable and Flexible Gradient Boosting (Development)

libxgboost-predictor-java/stable 0.3.1+dfsg-2 all
  Java implementation of XGBoost predictor for online prediction tasks

libxgboost0/stable 3.0.0-1 arm64
  Scalable and Flexible Gradient Boosting (Shared lib)

mailio-dev/stable 0.23.0+git20241012.8821f91-1 arm64
  cross platform C++ library for email support (development)

nanobind-dev/stable 2.5.0-1 all
  Tiny and efficient C++/Python bindings (development files)

node-aws-sign2/stable 0.7.1-4 all
  AWS signing in JavaScript

papilo/stable 2.4.1+ds-1 arm64
  Parallel Presolve for Integer and Linear Optimization

pianobooster/stable 1.0.0-4 arm64
  Learn the piano just by playing a game

pybind11-dev/stable 2.13.6-2 all
  seamless operability between C++11 and Python

pybind11-doc/stable 2.13.6-2 all
  documentation for pybind11

python3-aiohttp-fast-zlib/stable 0.3.0-1 all
  Library to enhance zlib performance in aiohttp

python3-cctbx/stable 2024.10+ds2+~3.22.1+ds1-5 arm64
  Python Toolbox for crystallography

python3-cppimport/stable 22.08.02-5 all
  cppimport - Import C++ directly from Python! (Python 3)

python3-datalad-next/stable 1.5.0-1 all
  DataLad extension for new features and improved user experience

python3-falcon/stable 3.1.1-5+b1 arm64
  supersonic micro-framework for building cloud APIs - Python 3.x

python3-graph-tool/stable 2.91+ds-5 arm64
  Efficient network analysis -- Python

python3-minieigen/stable 0.50.3+dfsg1-13+b11 arm64
  Wrapper of parts of the Eigen library (Python 3)

python3-nanobind/stable 2.5.0-1 all
  Tiny and efficient C++/Python bindings (Python 3 module)

python3-pgmagick/stable 0.7.6-1+b12 arm64
  Yet Another Python wrapper for GraphicsMagick

python3-pybind11/stable 2.13.6-2 all
  pybind11 helper module for Python 3

python3-pycrowdsec/stable 0.0.5-2 all
  integration of CrowdSec with Python projects (Python3 version)

python3-pysensibo/stable 1.1.0-1 all
  Library for interfacing with Sensibo air conditioning controllers

python3-rosboost-cfg/stable 1.15.8-7 all
  Contains scripts used by the Robot OS rosboost-cfg tool (Python 3)

python3-xgboost/stable 3.0.0-1 arm64
  Scalable and Flexible Gradient Boosting (Python3)

r-bioc-rbgl/stable 1.82.0+dfsg-2 arm64
  R interface to the graph algorithms contained in the BOOST library

r-cran-bh/stable 1.84.0-1 all
  (Virtual) GNU R package to provide BH

r-cran-catools/stable 1.18.3-1 arm64
  GNU R package providing various utility functions

r-cran-pvclust/stable 2.2-0-2 all
  Hierarchical Clustering with P-Values via Multiscale Bootstrap

rapidjson-dev/stable 1.1.0+dfsg2-7.4 all
  fast JSON parser/generator for C++ with SAX/DOM style API

redeclipse/stable 1.6.0-2 arm64
  free, casual arena shooter

spamassassin-heatu/stable 3.02+20101108-5 all
  Heuristic Email Address Tracker Utility for Spamassassin

stella/stable 7.0+dfsg-2 arm64
  Atari 2600 Emulator for SDL & the X Window System

weka/stable 3.6.14-4 all
  Machine learning algorithms for data mining tasks

weka-doc/stable 3.6.14-4 all
  documentation for the Weka machine learning suite

writeboost/stable 1.20170616-1.3 all
  utility to manage mappings of dm-writeboost devices

yt-dlp/stable 2025.04.30-1 all
  downloader of videos from YouTube and other sites

