
WARNING: apt does not have a stable CLI interface. Use with caution in scripts.

Sorting...
Full Text Search...
4pane/stable 8.0-1+b6 arm64
  four-pane detailed-list file manager

accountwizard/stable 4:24.12.3-1+deb13u1 arm64
  wizard for KDE PIM applications account setup

bitlbee/stable 3.6-1.5 arm64
  IRC to other chat networks gateway (default version)

bitlbee-common/stable 3.6-1.5 arm64
  IRC to other chat networks gateway (common files/docs)

bitlbee-dev/stable 3.6-1.5 arm64
  IRC to other chat networks gateway (dev files)

bitlbee-libpurple/stable 3.6-1.5 arm64
  IRC to other chat networks gateway (using libpurple)

bitlbee-plugin-facebook/stable 1.2.2-3+b1 arm64
  IRC to other chat networks gateway (Facebook chat plugin)

bitlbee-plugin-otr/stable 3.6-1.5 arm64
  IRC to other chat networks gateway (OTR plugin)

bitmath/stable 1.3.3.1-4 all
  handle file sizes with different prefix notations

bittwist/stable 4.7+ds-2 arm64
  libpcap based Ethernet packet generator

bitwise/stable 0.50-1+b2 arm64
  Interactive bitwise operation in ncurses

blupimania/stable 1.6.3-2 arm64
  Mind boggling (brain twisting) game of logic

blupimania-common/stable 1.6.3-2 all
  Mind boggling (brain twisting) game of logic - data

bro-aux/stable 0.42-1+b2 arm64
  small auxiliary tools for Bro

bti/stable 034-6+b4 arm64
  command line Twitter client

cxl/stable 81-1 arm64
  provisioning for CXL device memory

devscripts/stable 2.25.15+deb13u1 all
  scripts to make the life of a Debian Package maintainer easier

dnstwist/stable 0~20250130-1 all
  Domain name permutation engine

doublecmd-common/stable 1.1.22-1 all
  twin-panel (commander-style) file manager

doublecmd-gtk/stable 1.1.22-1 arm64
  twin-panel (commander-style) file manager (GTK2)

doublecmd-plugins/stable 1.1.22-1 arm64
  twin-panel (commander-style) file manager (plugins)

doublecmd-qt/stable 1.1.22-1 arm64
  twin-panel (commander-style) file manager (Qt5)

dphys-swapfile/stable 20100506-7.2 all
  Autogenerate and use a swap file

durdraw/stable 0.29.0-2 all
  versatile ASCII and ANSI Art text editor for drawing in terminal

elpa-key-chord/stable 0.6-9 all
  map pairs of simultaneously pressed keys to commands

elpa-web-mode/stable 17.3.20-1 all
  major emacs mode for editing web templates

enigma/stable 1.30+dfsg-3 arm64
  Game where you control a marble with the mouse

enigma-data/stable 1.30+dfsg-3 all
  Data files for the game enigma

enigma-doc/stable 1.30+dfsg-3 all
  Documentation for the game enigma

flash/stable 1.2.11-2+b1 arm64
  Fast Length Adjustment of SHort reads

fonts-aenigma/stable 0.0.20080511+dfsg-5 all
  465 free TrueType fonts by Brian Kent

fonts-font-awesome/stable 5.0.10+really4.7.0~dfsg-4.1 all
  iconic font designed for use with Twitter Bootstrap

fonts-ipafont-gothic/stable 00303-23 all
  Japanese OpenType font set, IPA Gothic and IPA P Gothic Fonts

fonts-ipafont-mincho/stable 00303-23 all
  Japanese OpenType font set, IPA Mincho and IPA P Mincho Fonts

freedink/stable 109.6-7 all
  humorous top-down adventure and role-playing game

freedink-data/stable 1.08.20190120-3 all
  adventure and role-playing game (assets)

freedink-dfarc/stable 3.14-8 arm64
  frontend and .dmod installer for GNU FreeDink

freedink-engine/stable 109.6-7 arm64
  humorous top-down adventure and role-playing game (engine)

geany-plugin-autoclose/stable 2.0-6+b1 arm64
  auto-closing plugin for Geany

gemdropx/stable 0.9-10 arm64
  Gem Drop X is an interesting one-player puzzle game for X11

ghextris/stable 0.9.0-5 all
  Tetris-like game on a hexagonal grid

gnome-shell-extension-impatience/stable 0.5.2-3 all
  speed up the gnome-shell animation speed

golang-github-elliotwutingfeng-asciiset-dev/stable 0.0~git20240214.24af97c-2 all
  ASCII character bitset (library)

golang-github-go-logr-logr-dev/stable 1.4.2-2 all
  simple logging interface for Go (library)

golang-github-josharian-native-dev/stable 1.1.0-1 all
  Easy to use native encoding/binary.ByteOrder (library)

golang-github-masterminds-sprig-dev/stable 3.2.3-5 all
  Useful template functions for Go templates (library)

golang-github-twinj-uuid-dev/stable 0.10.0+git20160909.96.7bbe408-7 all
  RFC 4122 and DCE 1.1 compliant UUIDs in Go

graphite-carbon/stable 1.1.10-2 all
  backend data caching and persistence daemon for Graphite

grep/stable,now 3.11-4+b1 arm64 [installed]
  GNU grep, egrep and fgrep

gxemul/stable 0.7.0+dfsg-2 arm64
  machine emulator for multiple architectures

hhsuite/stable 3.3.0+ds-8+b3 arm64
  sensitive protein sequence searching based on HMM-HMM alignment

hobbit-plugins/stable 20230301 all
  plugins for the Xymon network monitor

inputattach/stable 1:1.8.1-2+b2 arm64
  utility to connect serial-attached peripherals to the input subsystem

irssi-scripts/stable 20231031 all
  collection of scripts for irssi

kalkun-plugin-sms-to-twitter/stable 0.8.3.2-1 all
  Kalkun SMS to Twitter plugin

khard/stable 0.19.1-5 all
  address book for the Linux console

krusader/stable 2:2.9.0-2 arm64
  twin-panel (commander-style) file manager

libbrahe-1.3-3/stable 1.3.2-9+b3 arm64
  heterogeneous C library of numeric functions

libbrahe-dev/stable 1.3.2-9+b3 arm64
  heterogeneous C library of numeric functions

libcache-memcached-getparserxs-perl/stable 0.01-3+b4 arm64
  C/XS implementation of Cache::Memcached::GetParser

libcbor-xs-perl/stable 1.87-1+b3 arm64
  module for manipulating CBOR-formatted data (C/XS-accelerated)

libccid/stable 1.6.2-1 arm64
  PC/SC driver for USB CCID smart card readers

libcgi-simple-perl/stable 1.282-1~deb13u1 all
  simple CGI.pm compatible OO CGI interface

libcgi-struct-xs-perl/stable 1.04-3+b4 arm64
  Perl module to build structures from CGI data, XS version

libcoro-twiggy-perl/stable 0.03-1.1 all
  Coro interface for Twiggy

libdata-uuid-mt-perl/stable 1.001-2 all
  fast random UUID generator using the Mersenne Twister algorithm

libdist-zilla-plugin-twitter-perl/stable 0.026-3 all
  Twitter when you release with Dist::Zilla

libdsfmt-11213-1/stable 2.2.3+dfsg-6 arm64
  dSFMT-11213 pseudorandom number generator (shared library)

libdsfmt-1279-1/stable 2.2.3+dfsg-6 arm64
  dSFMT-1279 pseudorandom number generator (shared library)

libdsfmt-132049-1/stable 2.2.3+dfsg-6 arm64
  dSFMT-132049 pseudorandom number generator (shared library)

libdsfmt-19937-1/stable 2.2.3+dfsg-6 arm64
  dSFMT-19937 pseudorandom number generator (shared library)

libdsfmt-216091-1/stable 2.2.3+dfsg-6 arm64
  dSFMT-216091 pseudorandom number generator (shared library)

libdsfmt-2203-1/stable 2.2.3+dfsg-6 arm64
  dSFMT-2203 pseudorandom number generator (shared library)

libdsfmt-4253-1/stable 2.2.3+dfsg-6 arm64
  dSFMT-4253 pseudorandom number generator (shared library)

libdsfmt-44497-1/stable 2.2.3+dfsg-6 arm64
  dSFMT-44497 pseudorandom number generator (shared library)

libdsfmt-521-1/stable 2.2.3+dfsg-6 arm64
  dSFMT-521 pseudorandom number generator (shared library)

libdsfmt-86243-1/stable 2.2.3+dfsg-6 arm64
  dSFMT-86243 pseudorandom number generator (shared library)

libdsfmt-dev/stable 2.2.3+dfsg-6 arm64
  dSFMT pseudorandom number generator (development files)

libghc-bitwise-dev/stable 1.0.0.1-4+b1 arm64
  fast multi-dimensional unboxed bit packed Bool arrays

libghc-bitwise-doc/stable 1.0.0.1-4 all
  fast multi-dimensional unboxed bit packed Bool arrays; documentation

libghc-bitwise-prof/stable 1.0.0.1-4+b1 arm64
  fast multi-dimensional unboxed bit packed Bool arrays; profiling libraries

libghc-mersenne-random-pure64-dev/stable 0.2.2.0-7+b1 arm64
  Fast pure pseudorandom number generator

libghc-mersenne-random-pure64-doc/stable 0.2.2.0-7 all
  Fast pure pseudorandom number generator; documentation

libghc-mersenne-random-pure64-prof/stable 0.2.2.0-7+b1 arm64
  Fast pure pseudorandom number generator; profiling libraries

libghc-mwc-random-dev/stable 0.15.1.0-1+b1 arm64
  Fast, high quality pseudo random number generation

libghc-mwc-random-doc/stable 0.15.1.0-1 all
  Fast, high quality pseudo random number generation; documentation

libghc-mwc-random-prof/stable 0.15.1.0-1+b1 arm64
  Fast, high quality pseudo random number generation; profiling libraries

libghc-netwire-dev/stable 5.0.3-6+b1 arm64
  flexible wire arrows for FRP

libghc-netwire-doc/stable 5.0.3-6 all
  flexible wire arrows for FRP; documentation

libghc-netwire-prof/stable 5.0.3-6+b1 arm64
  flexible wire arrows for FRP; profiling libraries

libghc-pandoc-dev/stable 3.1.11.1-3 arm64
  Conversion between markup formats

libghc-pandoc-doc/stable 3.1.11.1-3 all
  Conversion between markup formats; documentation

libghc-pandoc-prof/stable 3.1.11.1-3 arm64
  Conversion between markup formats; profiling libraries

libghc-quote-quot-dev/stable 0.2.1.0-2+b1 arm64
  divide without division

libghc-quote-quot-doc/stable 0.2.1.0-2 all
  divide without division; documentation

libghc-quote-quot-prof/stable 0.2.1.0-2+b1 arm64
  divide without division; profiling libraries

libghc-twitter-conduit-dev/stable 0.6.1-3+b1 arm64
  Twitter API package with conduits and streaming

libghc-twitter-conduit-doc/stable 0.6.1-3 all
  Twitter API package with conduits and streaming; documentation

libghc-twitter-conduit-prof/stable 0.6.1-3+b1 arm64
  Twitter API package with conduits and streaming; profiling libraries

libghc-twitter-types-dev/stable 0.11.0-3+b1 arm64
  Twitter JSON parser and types

libghc-twitter-types-doc/stable 0.11.0-3 all
  Twitter JSON parser and types; documentation

libghc-twitter-types-lens-dev/stable 0.11.0-3+b2 arm64
  Twitter JSON types (lens powered)

libghc-twitter-types-lens-doc/stable 0.11.0-3 all
  Twitter JSON types (lens powered); documentation

libghc-twitter-types-lens-prof/stable 0.11.0-3+b2 arm64
  Twitter JSON types (lens powered); profiling libraries

libghc-twitter-types-prof/stable 0.11.0-3+b1 arm64
  Twitter JSON parser and types; profiling libraries

libjs-bootswatch/stable 3.3.7+dfsg2-1.1 all
  themes for Twitter Bootstrap

libjs-eonasdan-bootstrap-datetimepicker/stable 4.17.47-6 all
  Date/time picker widget based on twitter bootstrap

libjs-textarea-caret/stable 3.0.2-2 all
  JS library to get the xy coords of a textarea or input's caret

libjs-twitter-bootstrap-datepicker/stable 1.3.1+dfsg1-4.1 all
  add datepicker picker to field or to any other element

libjs-twitter-bootstrap-wizard/stable 1.4.2-1 all
  wizard using a formatted tabbable structure

libjs-yamm3/stable 1.1.0+dfsg1-3 all
  Yet another megamenu for Bootstrap 3 from Twitter

libjson-smart-java/stable 2.5.2-1 all
  JSON Small and Fast Parser

libkf5plotting-dev/stable 5.116.0-1 arm64
  development files for kplotting

libkf5plotting-doc/stable 5.116.0-1 all
  KPlotting provides classes to do plotting (documentation)

libkf5plotting5/stable 5.116.0-1 arm64
  KPlotting provides classes to do plotting.

libkf5textwidgets-data/stable 5.116.0-1 all
  Advanced text editing widgets.

libkf5textwidgets-dev/stable 5.116.0-1 arm64
  development files for ktextwidgets

libkf5textwidgets-doc/stable 5.116.0-1 all
  Advanced text editing widgets (documentation)

libkf5textwidgets5/stable 5.116.0-1 arm64
  Advanced text editing widgets.

libkf5windowsystem-data/stable 5.116.0-1 all
  Convenience access to certain properties and features of the window manager

libkf5windowsystem-dev/stable 5.116.0-1 arm64
  development files for kwindowsystem

libkf5windowsystem-doc/stable 5.116.0-1 all
  Convenience access to certain properties and features of the window manager

libkf5windowsystem5/stable 5.116.0-1 arm64
  Convenience access to certain properties and features of the window manager

libkf6plotting-dev/stable 6.13.0-1 arm64
  development files for kplotting

libkf6plotting-doc/stable 6.13.0-1 all
  KPlotting provides classes to do plotting (documentation)

libkf6plotting6/stable 6.13.0-1 arm64
  KPlotting provides classes to do plotting

libkf6textwidgets-data/stable 6.13.0-1 all
  Advanced text editing widgets

libkf6textwidgets-dev/stable 6.13.0-1 arm64
  development files for ktextwidgets

libkf6textwidgets-doc/stable 6.13.0-1 all
  Advanced text editing widgets (documentation)

libkf6textwidgets6/stable 6.13.0-1 arm64
  Advanced text editing widgets

libkf6windowsystem-data/stable 6.13.0-2 all
  Convenience access to certain properties and features of the window manager

libkf6windowsystem-dev/stable 6.13.0-2 arm64
  development files for kwindowsystem

libkf6windowsystem-doc/stable 6.13.0-2 all
  Convenience access to certain properties and features of the window manager

libkf6windowsystem6/stable 6.13.0-2 arm64
  Convenience access to certain properties and features of the window manager

libkpim6akonadicontactwidgets6/stable 4:24.12.3-1 arm64
  Akonadi contact access library - widgets library

libkpim6identitymanagementwidgets6/stable 24.12.3-1 arm64
  library for managing user identities

libkpim6importwizard6/stable 4:24.12.3-1 arm64
  PIM data import wizard - library

libkpimimportwizard-dev/stable 4:24.12.3-1 arm64
  PIM data import wizard - development files

libmarc-charset-perl/stable 1.35-4 arm64
  Perl module for bidirectional MARC-8 <-> Unicode conversion

libmath-random-isaac-perl/stable 1.004-2 all
  Perl interface to the ISAAC PRNG Algorithm

libmath-random-mt-auto-perl/stable 6.23-2+b3 arm64
  Auto-seeded Mersenne Twister PRNGs

libmath-random-mt-perl/stable 1.17-2+b4 arm64
  Perl implementation of the Mersenne Twister algorithm

libmath-random-tt800-perl/stable 1.01-4+b4 arm64
  Perl module implementing the TT800 algorithm

libnet-subnet-perl/stable 1.03-2 all
  Fast IP-in-subnet matcher module for IPv4 and IPv6

libnet-twitter-lite-perl/stable 0.12008-2 all
  interface to the Twitter API

libnet-twitter-perl/stable 4.01043-2 all
  Perl interface to the Twitter social network

libnetaddr-ip-perl/stable 4.079+dfsg-2+b5 arm64
  IP address manipulation module

libnetty-tcnative-java/stable 2.0.28-1 all
  Tomcat native fork for Netty

libnetty-tcnative-jni/stable 2.0.28-1+b3 arm64
  Tomcat native fork for Netty (JNI library)

liboauth-dev/stable 1.0.3-5+b2 arm64
  C library implementing OAuth Core 1.0a API (development files)

liboauth0/stable 1.0.3-5+b2 arm64
  C library implementing OAuth Core 1.0a API (runtime)

libpdf-fromhtml-perl/stable 0.34-1 all
  module to convert HTML documents to PDF

libqt-color-widgets-dev/stable 2.2.0-2+b3 arm64
  Qt widgets to manage color inputs

libqt-color-widgets2/stable 2.2.0-2+b3 arm64
  Qt widgets to manage color inputs

libqt5widgets5t64/stable,now 5.15.15+dfsg-6+deb13u1 arm64 [installed,automatic]
  Qt 5 widgets module

libqt6widgets6/stable 6.8.2+dfsg-9+deb13u2 arm64
  Qt 6 widgets module

librust-hamming-dev/stable 0.1.3-1+b2 arm64
  Count ones, fast (aka popcount, hamming weight) - Rust source code

librust-mt19937-dev/stable 2.0.1-1+b3 arm64
  Translation of the MT19937 Mersenne Twister rng algorithm to Rust - Rust source code

libsharp-dev/stable 1.0.0-2+b2 arm64
  fast spherical harmonic transforms - C/C++ library

libsharp0/stable 1.0.0-2+b2 arm64
  fast spherical harmonic transforms - C/C++ development library

libterm-twiddle-perl/stable 2.73-4 all
  Perl module to twiddle a thingy while-u wait

libtest-bits-perl/stable 0.02-3 all
  Perl module for testing binary data

libtest-xml-perl/stable 0.08-4 all
  compare XML in perl tests

libtie-hash-indexed-perl/stable 0.08+ds1-1+b5 arm64
  Ordered hashes for Perl

libtwiggy-tls-perl/stable 0.0020-2 all
  Twiggy server with TLS support

libtwin-dev/stable 13.05.03.15.06-g287d16c-2.3+b1 arm64
  tiny window system (development files)

libtwin0t64/stable 13.05.03.15.06-g287d16c-2.3+b1 arm64
  tiny window system (library)

libtwitter-api-perl/stable 1.0006-1 all
  Twitter REST API library for Perl

libvorbisspi-java/stable 1.0.3-4 all
  Java Service Provider Interface for the OGG Vorbis audio format

libxml-hash-lx-perl/stable 0.0603-1.1 all
  module to convert hash to xml and vice versa using LibXML

libxml-simple-perl/stable 2.25-2 all
  Perl module for reading and writing XML

libxml-treebuilder-perl/stable 5.4-3 all
  XML parser providing XML::Elements DOM similar to HTML::Element

libxml-twig-perl/stable,now 1:3.52-3 all [installed,automatic]
  Perl module for processing huge XML documents in tree mode

liferea/stable 1.15.8-2+b1 arm64
  feed/news/podcast client with plugin support

lomiri-online-accounts-plugin-x/stable 0.20-1 all
  Lomiri Online Accounts account plugin - X (formerly known as Twitter)

lua-bit32/stable 5.3.0-6 arm64
  Backport of the Lua 5.2 bit32 library to Lua 5.1

matrix-synapse-ldap3/stable 0.2.2+git20221102+258473620416-2 all
  LDAP auth provider for the Matrix homeserver

mikutter/stable 5.1.0+dfsg-1 all
  plugin-extensible Twitter client

mnemosyne/stable 2.11+ds1-2 all
  spaced repetition flash-card program

nasm/stable 2.16.03-1 arm64
  General-purpose x86 assembler

netrek-client-cow/stable 3.3.2-1+b2 arm64
  client for netrek online game

node-autolinker/stable 1.8.3+dfsg-5 all
  Utility for automatically linking URLs, emails, etc. in text

node-autoprefixer/stable 10.4.19.0+dfsg1+~cs24.8.24-1 all
  add vendor prefixes to CSS rules

node-big-integer/stable 1.6.51~dfsg-4 all
  arbitrary length integer library for JavaScript

node-buffer-xor/stable 2.0.1.REALLY.1.0.3-3 all
  Simple module for bitwise-xor on buffers

node-mersenne/stable 0.0.4-4 all
  High-quality Mersenne Twister random numbers for Node.js

node-pinkie/stable 2.0.4-2 all
  Itty bitty little widdle twinkie pinkie ES2015 Promise implementation

node-postcss/stable 8.4.49+~cs9.2.32-1 all
  Tool for transforming styles with JS plugins

node-react-lifecycles-compat/stable 3.0.4+~cs3.0.1-2 all
  Backwards compatibility polyfill for React class components

nwchem/stable 7.2.3-10 all
  High-performance computational chemistry software (default MPI)

nwchem-mpich/stable 7.2.3-10 arm64
  High-performance computational chemistry software (MPICH build)

nwchem-openmpi/stable 7.2.3-10 arm64
  High-performance computational chemistry software (OpenMPI build)

ocaml/stable 5.3.0-3 arm64
  ML language implementation with a class-based object system

pandoc/stable 3.1.11.1+ds-2 arm64
  general markup converter

pandoc-data/stable 3.1.11.1-3 all
  Conversion between markup formats

patator/stable 1.0-4 all
  Multi-purpose brute-forcer

php-embed/stable 4.4.17-1 all
  PHP library to retrieve page info using oembed, opengraph, etc

php-symfony-psr-http-message-bridge/stable 6.4.41+dfsg-0+deb13u1 all
  integration for PSR HTTP message with Symfony Components

php-symfony-twig-bridge/stable 6.4.41+dfsg-0+deb13u1 all
  integration for Twig with Symfony Components

php-symfony-twig-bundle/stable 6.4.41+dfsg-0+deb13u1 all
  configurable integration of Twig with the Symfony framework

php-symfony-twilio-notifier/stable 6.4.41+dfsg-0+deb13u1 all
  Symfony Twilio Notifier Bridge

php-symfony-twitter-notifier/stable 6.4.41+dfsg-0+deb13u1 all
  Symfony Twitter Notifier Bridge

php-twig/stable 3.27.0-0+deb13u1 all
  Flexible, fast, and secure template engine for PHP

php-twig-cache-extra/stable 3.27.0-0+deb13u1 all
  A Twig extension for Symfony Cache

php-twig-cssinliner-extra/stable 3.27.0-0+deb13u1 all
  A Twig extension to allow inlining CSS

php-twig-doc/stable 3.27.0-0+deb13u1 all
  Twig template engine documentation

php-twig-extra-bundle/stable 3.27.0-0+deb13u1 all
  A Symfony bundle for extra Twig extensions

php-twig-html-extra/stable 3.27.0-0+deb13u1 all
  A Twig extension for HTML

php-twig-i18n-extension/stable 5.0.0-1.1 all
  i18n extension for the Twig template system

php-twig-inky-extra/stable 3.27.0-0+deb13u1 all
  A Twig extension for the inky email templating engine

php-twig-intl-extra/stable 3.27.0-0+deb13u1 all
  A Twig extension for Intl

php-twig-markdown-extra/stable 3.27.0-0+deb13u1 all
  A Twig extension for Markdown

php-twig-string-extra/stable 3.27.0-0+deb13u1 all
  A Twig extension for Symfony String

plymouth-themes/stable 24.004.60-5 arm64
  boot animation, logger and I/O multiplexer - themes

printer-driver-dymo/stable 1.4.0-12+b2 arm64
  printer driver for DYMO label printers

pydoctor/stable 24.11.2-1 all
  Python API document generator

pypy3/stable 7.3.19+dfsg-2 arm64
  fast alternative implementation of Python 3.x - PyPy interpreter

python-bitmath-doc/stable 1.3.3.1-4 all
  handle file sizes with different prefix notations (Documentation)

python-django-allauth-doc/stable 65.0.2-1 all
  Django app for local and social authentication (Documentation)

python-django-bootstrapform-doc/stable 3.4-9 all
  generate twitter-bootstrap form output for django form - doc

python-django-crispy-forms-doc/stable 2.4-1 all
  app for Django providing elegant form rendering (Documentation)

python-django-crispy-forms-foundation-doc/stable 1.0.2+ds-1 all
  Django-crispy-forms layout objects for Foundation for sites (Documentation)

python-ptk-doc/stable 1.3.8+dfsg-3 all
  parser for Python with support for asynchronous input (documentation)

python-pymodbus-doc/stable 3.8.6-2 all
  full Modbus protocol implementation, documentation

python-straight.plugin-doc/stable 1.4.1-7 all
  Simple namespaced plugin facility (common documentation)

python-superqt-doc/stable 0.7.3-1+deb13u1 all
  'missing' widgets and components for PyQt/PySide - documentation

python-treq-doc/stable 24.9.1-1 all
  Higher level API for making HTTP requests with Twisted (doc)

python-trio-doc/stable 0.29.0-1 all
  Python async concurrency and I/O library (Documentation)

python-txaio-doc/stable 23.1.1-4 all
  compatibility API between asyncio/Twisted/Trollius - doc

python-txdbus-doc/stable 1.1.0-7 all
  implementation of the DBus protocol for the Twisted networking framework, documentation

python-txtorcon-doc/stable 24.8.0-1.1 all
  Twisted-based asynchronous Tor control protocol implementation (Documentation)

python3-autobahn/stable 23.1.2+dfsg1-2 all
  WebSocket client and server library, WAMP framework - Python 3.x

python3-bitmath/stable 1.3.3.1-4 all
  handle file sizes with different prefix notations (Python3 version)

python3-constantly/stable 23.10.4-2 all
  Symbolic constants in Python

python3-crochet/stable 2.1.1-2 all
  Library that makes it easier to use Twisted from regular blocking code

python3-django-allauth/stable 65.0.2-1 all
  Django app for local and social authentication (Python 3 version)

python3-django-bootstrapform/stable 3.4-9 all
  generate twitter-bootstrap form output for django form - Python 3.x

python3-django-crispy-forms/stable 2.4-1 all
  app for Django providing elegant form rendering (Python3 version)

python3-django-crispy-forms-foundation/stable 1.0.2+ds-1 all
  Django-crispy-forms layout objects for Foundation for sites (Python3 version)

python3-filelock/stable 3.18.0-1+deb13u1 all
  platform independent file locking module

python3-foolscap/stable 24.9.0-3 all
  object-capability-based RPC system for Twisted Python

python3-fscacher/stable 0.4.3-0.3 all
  caching results of operations on heavy file trees

python3-geventhttpclient/stable 2.3.3-1.1 arm64
  high performance, concurrent HTTP client library for Python using gevent

python3-hickle/stable 5.0.3-2 all
  HDF5 based version of pickle

python3-klein/stable 24.8.0-1 all
  micro-framework for developing web services with Python

python3-lazy/stable 1.5.1-1.1 all
  Lazy attributes for Python objects (Python 3)

python3-mapbox-earcut/stable 1.0.3-1+deb13u1 arm64
  Python bindings for the Mapbox Earcut library

python3-mastodon/stable 2.0.1-2 all
  Library for the Mastodon API (Python 3)

python3-orjson/stable 3.10.7-2+b1 arm64
  JSON parsing Python library

python3-pattern/stable 2.6+git20180818-4.1 all
  web mining module for Python 3

python3-pem/stable 19.1.0-2 all
  easy PEM file parsing in Python

python3-ptk/stable 1.3.8+dfsg-3 all
  parser for Python 3 with support for asynchronous input

python3-pymodbus/stable 3.8.6-2 all
  full Modbus protocol implementation for Python 3

python3-pyqt5/stable 5.15.11+dfsg-2 arm64
  Python 3 bindings for Qt5

python3-pyqt6/stable 6.9.0-2 arm64
  Python bindings for Qt 6

python3-pyside2.qtwidgets/stable 5.15.16-3.1 arm64
  Python bindings for Qt5 Widgets module (Python 3)

python3-pyside6.qtwidgets/stable 6.8.2.1-4 arm64
  Python bindings for Qt 6 Widgets module (Python 3)

python3-pytest-twisted/stable 1.14.3-1 all
  twisted plugin for py.test

python3-pytweening/stable 1.2.0-6 all
  Collection of tweening (aka easing) functions.

python3-pywws/stable 24.8.0-2 all
  software for wireless weather stations

python3-qdarkstyle/stable 3.2.3+ds1-3 all
  Dark stylesheet for Python-based Qt applications

python3-qt5reactor/stable 0.6.1-2 all
  Twisted and PyQt5 eventloop integration - Python 3 module

python3-qtawesome/stable 1.4.0-1 all
  iconic fonts in PyQt and PySide applications (Python 3)

python3-qtpy/stable 2.4.3-1 all
  Abstraction layer for PySide2/PySide6/PyQt5/PyQt6 (Python 3)

python3-qtpy-pyqt5/stable 2.4.3-1 all
  Abstraction layer for Qt (PyQt5 minimal metapackage)

python3-qtpy-pyqt6/stable 2.4.3-1 all
  Abstraction layer for Qt (PyQt6 metapackage)

python3-qtpy-pyside6/stable 2.4.3-1 all
  Abstraction layer for Qt (PySide6 metapackage)

python3-quamash/stable 0.6.1~dfsg-2 all
  implementation of the PEP 3156 event-loop with Qt

python3-straight.plugin/stable 1.4.1-7 all
  Simple namespaced plugin facility (Python 3)

python3-superqt/stable 0.7.3-1+deb13u1 all
  'missing' widgets and components for PyQt/PySide

python3-treq/stable 24.9.1-1 all
  Higher level API for making HTTP requests with Twisted (Python 3)

python3-trio/stable 0.29.0-1 all
  Python async concurrency and I/O library (Python3 version)

python3-ttls/stable 1.9.0-1 all
  Asynchronous requests to Twinkly LED devices

python3-tubes/stable 0.2.1-5 all
  data-processing and flow-control engine for event-driven programs

python3-twilio/stable 9.4.1-1 all
  Twilio API client and TwiML generator

python3-twisted/stable 24.11.0-1 all
  Event-based framework for internet applications

python3-twitchapi/stable 4.4.0-1 all
  Python library for interacting with various Twitch APIs

python3-txacme/stable 0.9.3-3 all
  ACME protocol implementation for Twisted

python3-txaio/stable 23.1.1-4 all
  compatibility API between asyncio/Twisted/Trollius - Python 3.x

python3-txdbus/stable 1.1.0-7 all
  implementation of the DBus protocol for the Twisted networking framework

python3-txi2p-tahoe/stable 0.3.7-4 all
  txi2p is a set of I2P bindings for Twisted

python3-txrequests/stable 0.9.6-3 all
  Asynchronous Python HTTP Requests for Humans using twisted

python3-txsni/stable 0.2.0-2 all
  easy-to-use SNI endpoint for Twisted (Python 3)

python3-txtorcon/stable 24.8.0-1.1 all
  Twisted-based asynchronous Tor control protocol implementation (Python 3)

python3-txws/stable 0.9.1-5 all
  Python module to add Websocket support to the Twisted framework (Python 3)

python3-txzmq/stable 0.8.0-5 all
  ZeroMQ binding for the Twisted framework (Python3 version)

python3-wokkel/stable 18.0.0-5 all
  Python 3 collection of enhancements for Twisted

python3-xstatic-jquery.bootstrap.wizard/stable 1.0.0.1-6 all
  JQuery.Bootstrap.Wizard XStatic support - Python 3.x

python3-zeroconf/stable 0.147.0-1 all
  Pure Python implementation of multicast DNS service discovery (Python3)

qml6-module-org-kde-kwindowsystem/stable 6.13.0-2 arm64
  QML module for kwindowsystem

r-cran-bit64/stable 4.6.0-1-4 arm64
  A S3 Class for Vectors of 64bit Integers

r-cran-bitops/stable 1.0-9-1 arm64
  GNU R package implementing bitwise operations

r-cran-fingerprint/stable 3.5.7-2+b2 arm64
  GNU R functions to operate on binary fingerprint data

r-cran-rtweet/stable 2.0.0+dfsg-1 all
  collecting twitter data in GNU R

r-cran-shinybs/stable 0.61.1-1 all
  GNU R Twitter bootstrap components for Shiny

r-cran-surveillance/stable 1.24.1-1 arm64
  GNU R package for the Modeling and Monitoring of Epidemic Phenomena

rabbiter/stable 2.0.4-6 all
  Twitter client for Rabbit

railcontrol/stable 24+dfsg1-1 arm64
  A software for model railway control

redshift/stable 1.12-4.2+b2 arm64
  Adjusts the color temperature of your screen

redshift-gtk/stable 1.12-4.2 all
  Adjusts the color temperature of your screen -- GUI

renameutils/stable 0.12.0-12 arm64
  Programs to make file renaming easier

reprotest/stable 0.7.30 all
  Build software and check it for reproducibility

rss-bridge/stable 2022-01-20+dfsg1-1 all
  web service generating ATOM feeds for websites that don't have them

ruby-bootstrap-form/stable 4.2.0-2 all
  makes it easy to style forms using Twitter Bootstrap 3+

ruby-foreman/stable 0.88.1-1 all
  Process manager for applications with multiple components

ruby-jekyll-seo-tag/stable 2.8.0-2 all
  Jekyll plugin to add metadata tags

ruby-pg-ldap-sync/stable 0.5.1-1 all
  Synchronize users and groups from LDAP/AD into PostgreSQL

ruby-twitter/stable 7.0.0-2 all
  Ruby interface to the Twitter API

ruby-twitter-oauth/stable 0.4.94-5 all
  Twitter OAuth REST API client library for Ruby

ruby-twitter-text/stable 1.14.7+conformance-3 all
  library that does auto linking and extraction items in tweets

sagan-rules/stable 1:20170725-1.1 all
  Real-time System & Event Log Monitoring System [rules]

sgt-puzzles/stable 20230410.71cf891-2+b2 arm64
  Simon Tatham's Portable Puzzle Collection - 1-player puzzle games

smuxi-engine/stable 1.2.1-2 all
  Engine libraries for Smuxi (IRC, Twitter, XMPP, Campfire, JabbR)

snpeff/stable 5.2.f+dfsg-1 all
  genetic variant annotation and effect prediction toolbox - tool

texlive-latex-extra/stable 2024.20250309-2 all
  TeX Live: LaTeX additional packages

texlive-pictures/stable 2024.20250309-1 all
  TeX Live: Graphics, pictures, diagrams

tklib/stable 0.9-1 all
  standard Tk Library

tumiki-fighters/stable 0.2.dfsg1-10+b2 arm64
  sticky 2D shooter

tumiki-fighters-data/stable 0.2.dfsg1-10 all
  sticky 2D shooter - game data

tweeper/stable 1.4.3-2 all
  web scraper to convert supported websites like Twitter.com to RSS

twiggy/stable 0.1026+dfsg-1 all
  AnyEvent HTTP server for PSGI (like Thin)

twine/stable 6.1.0-1 all
  utility for interacting with PyPI

twinkle/stable 1:1.10.3+dfsg-1 arm64
  Voice over Internet Protocol (VoIP) SIP Phone (GUI)

twinkle-common/stable 1:1.10.3+dfsg-1 all
  Voice over Internet Protocol (VoIP) SIP Phone (common files)

twinkle-console/stable 1:1.10.3+dfsg-1 arm64
  Voice over Internet Protocol (VoIP) SIP Phone (console)

twinvoicerecalc/stable 0.0.20170711-1.1 all
  Taiwan invoice reverse calculator

twisted-doc/stable 24.11.0-1 all
  Official documentation of Twisted

unsort/stable 1.2.1-1+b3 arm64
  reorders lines in a file in semirandom ways

vim-syntastic/stable 3.10.0-3 all
  Syntax checking hacks for vim

w3c-linkchecker/stable 5.0.0-2 all
  tool to verify the links in a web page are still valid

webext-privacy-badger/stable 2020.10.7-1 all
  Privacy Badger automatically learns to block invisible trackers

whichwayisup/stable 0.7.9-10 all
  2D platform game with a slight rotational twist

xml-twig-tools/stable 1:3.52-3 all
  command line tools for processing XML documents

xscreensaver-gl/stable 6.09+dfsg1-1 arm64
  GL(Mesa) screen saver modules for screensaver frontends

xserver-xorg-video-savage/stable 1:2.4.1-1 arm64
  X.Org X server -- Savage display driver

yt-dlp/stable 2025.04.30-1 all
  downloader of videos from YouTube and other sites

zita-dpl1/stable 0.3.3-1+b2 arm64
  digital peak level limiter

