
WARNING: apt does not have a stable CLI interface. Use with caution in scripts.

Sorting...
Full Text Search...
ableton-link-dev/stable 3.1.2+dfsg-1 all
  synchronizes musical applications on multiple devices - development

ableton-link-utils/stable 3.1.2+dfsg-1+b1 arm64
  synchronizes musical applications on multiple devices - cmdline utils

acpica-tools/stable 20250404-1 arm64
  ACPICA tools for the development and debug of ACPI tables

ampliconnoise/stable 1.29-15+b1 arm64
  removal of noise from 454 sequenced PCR amplicons

clonalframe/stable 1.2-11+b3 arm64
  inference of bacterial microevolution using multilocus sequence data

dtv-scan-tables/stable 0+git20190925.6d01903-0.1 all
  Digital Video Broadcasting (DVB) initial scan files

fonts-senamirmir-washra/stable 4.1-10 all
  collection of unicode fonts for the Ethiopic script

golang-github-cloudflare-tableflip-dev/stable 1.2.1~git20200514.4baec98-4 all
  Graceful process restarts in Go (library)

golang-github-rluisr-mysqlrouter-go-dev/stable 1.2.0-2 all
  client for mysql-router (library)

ifupdown2/stable 3.0.0-1.3 all
  Network Interface Management tool similar to ifupdown

isrcsubmit/stable 2.1.0-3 all
  extract ISRCs from audio CDs and submit them to MusicBrainz

ktrip/stable 25.04.0-1 arm64
  public transport assistant

libboost-doc/stable 1.83.0.2 all
  Boost.org libraries documentation placeholder (default version)

libboost1.83-doc/stable 1.83.0-4.2 all
  Boost.org libraries documentation placeholder

libboost1.88-doc/stable 1.88.0-1 all
  Boost.org libraries documentation placeholder

libconversant-disruptor-java/stable 1.2.15-1 all
  Very low latency Java BlockingQueue

libdisruptor-java/stable 3.4.4-1 all
  Disruptor - High Performance Inter-Thread Messaging Library for Java

libisrt-java/stable 4.8.20100629-4 all
  common runtime library by intarsys

libisrt-java-doc/stable 4.8.20100629-4 all
  common runtime library by intarsys (documentation)

liblog4j2-java/stable 2.19.0-2 all
  Apache Log4j - Logging Framework for Java

libopam-0install-cudf-ocaml/stable 0.5.0-1+b3 arm64
  Opam solver using 0install backend using the CUDF interface (runtime)

libopam-0install-cudf-ocaml-dev/stable 0.5.0-1+b3 arm64
  Opam solver using 0install backend using the CUDF interface (dev)

packmol/stable 1:21.0.2-2 arm64
  Initial configurations for Molecular Dynamics Simulations

python3-axisregistry/stable 0.3.5-2 all
  Access data from the Google Fonts variable fonts axis registry

python3-israel-rail-api/stable 0.1.2-2 all
  Unofficial API wrapper for the Israeli Rail network

python3-stdnum/stable 1.20-3 all
  Python module to handle standardized numbers and codes (Python3 version)

r-cran-lisreltor/stable 0.3-2 all
  import output from LISREL into GNU R

r-cran-openmx/stable 2.21.13+dfsg-1 arm64
  GNU R extended structural equation modelling

systemtap/stable 5.1-5 arm64
  instrumentation system for Linux

texlive-publishers/stable 2024.20250309-2 all
  TeX Live: Publisher styles, theses, etc.

tinyusb-source/stable 0.18.0+dfsg-1 all
  USB stack for embedded systems

trinity/stable 1.9+git20241022.ba2360ed84a8-1 arm64
  system call fuzz tester

yt-dlp/stable 2025.04.30-1 all
  downloader of videos from YouTube and other sites

