
WARNING: apt does not have a stable CLI interface. Use with caution in scripts.

Sorting...
Full Text Search...
adapterremoval/stable 2.3.4-1 arm64
  rapid adapter trimming, identification, and read merging of gene sequences

adapterremoval-examples/stable 2.3.4-1 all
  rapid adapter trimming, identification, and read merging (example data)

aha/stable 0.5.1-3+b1 arm64
  ANSI color to HTML converter

amtterm/stable 1.4-3+b1 arm64
  Serial-over-lan (sol) client for Intel AMT, console version

atropos/stable 1.1.32+dfsg-2+b2 arm64
  NGS read trimming tool that is specific, sensitive, and speedy

bdf2psf/stable 1.242~deb13u1 all
  font converter to generate console fonts from BDF source fonts

bluez-tools/stable 2.0~20170911.0.7cb788c-4+b2 arm64
  Set of tools to manage Bluetooth devices for linux

cec-utils/stable 7.0.0-1+b1 arm64
  USB CEC Adaptor communication Library (utility programs)

cutadapt/stable 4.7-2 all
  Clean biological sequences from high-throughput sequencing reads

dascrubber/stable 1.1-4+b1 arm64
  alignment-based scrubbing pipeline for DNA sequencing reads

deblur/stable 1.1.1-4 all
  deconvolution for Illumina amplicon sequencing

digitemp/stable 3.7.2-2+b1 arm64
  read temperature sensors in a 1-Wire net

dnapi/stable 1.1-3 all
  adapter prediction for small RNA sequencing - utils

ea-utils/stable 1.1.2+dfsg-9+b3 arm64
  command-line tools for processing biological sequencing data

elpa-dap-mode/stable 0.8-2 all
  DAP UI controls implemented using treemacs

elpa-dape/stable 0.24.1-1 all
  Debug Adapter Protocol for Emacs

fastp/stable 0.24.0+dfsg-1 arm64
  Ultra-fast all-in-one FASTQ preprocessor

firmware-ath9k-htc/stable 1.4.0-110-ge888634+dfsg1-0.1 all
  firmware for AR7010 and AR9271 USB wireless adapters

firmware-carl9170/stable 1.9.9-450-gad1c721+dfsg-0.1 all
  firmware for AR9170 USB wireless adapters

flashrom/stable 1.4.0-3 arm64
  Identify, read, write, erase, and verify BIOS/ROM/flash chips

flexbar/stable 1:3.5.0-5+b1 arm64
  flexible barcode and adapter removal for sequencing platforms

glaurung/stable 2.2-6 arm64
  free UCI chess engine, to calculate chess moves

golang-github-bep-tmc-dev/stable 0.5.1-3 all
  provides round-trip serialization of typed Go maps

golang-github-go-logr-zapr-dev/stable 1.3.0-2 all
  Adapter for go-logr to use zap as a backend (library)

golang-github-google-go-dap-dev/stable 0.10.0-1 all
  Go implementation of the Debug Adapter Protocol (library)

golang-github-maraino-go-mock-dev/stable 0.0~git20230823.b114e0e-1 all
  mocking framework for the Go programming language

golang-github-muesli-mango-cobra-dev/stable 1.2.0-1.1 all
  cobra adapter for mango (library)

golang-github-muesli-mango-dev/stable 0.2.0-2 all
  mango is a man-page generator for several go packages (library)

golang-github-muesli-mango-pflag-dev/stable 0.1.0-1.1 all
  pflag adapter for mango (library)

golang-github-smartystreets-gunit-dev/stable 1.2.0+git20180314.6f0d627-2.1 all
  xUnit-style test fixture adapter for go test

gstreamer1.0-adapter-pulseeffects/stable 4.8.7-2+b4 arm64
  GStreamer adapter plugin

ibverbs-providers/stable 56.1-1 arm64
  User space provider drivers for libibverbs

ibverbs-utils/stable 56.1-1 arm64
  Examples for the libibverbs library

inputattach/stable 1:1.8.1-2+b2 arm64
  utility to connect serial-attached peripherals to the input subsystem

konclude/stable 0.7.0+1138+git20220514~dfsg-1+b2 arm64
  tableau-based description logic reasoner for the semantic web

lakai/stable 0.1-3+b1 arm64
  transfers samples between a PC and an AKAI sampler

libapache2-mod-wsgi-py3/stable 5.0.2-1 arm64
  Python 3 WSGI adapter module for Apache

libbsf-java/stable 1:2.4.0-8 all
  Bean Scripting Framework to support scripting languages in Java

libbsf-java-doc/stable 1:2.4.0-8 all
  Bean Scripting Framework to support scripting - documentation

libcatmandu-perl/stable 1.2024-1 all
  metadata toolkit

libcec-dev/stable 7.0.0-1+b1 arm64
  USB CEC Adaptor communication Library (development files)

libcec7/stable 7.0.0-1+b1 arm64
  USB CEC Adaptor communication Library (shared library)

libcgi-emulate-psgi-perl/stable 0.23-2 all
  PSGI adapter for CGI

libclass-adapter-perl/stable 1.09-2 all
  Perl implementation of the "Adapter" Design Pattern

libcommons-collections3-java/stable 3.2.2-3 all
  Apache Commons Collections - Extended Collections API for Java

libcommons-collections4-java/stable 4.4-2 all
  Apache Commons Collections - Extended Collections API for Java

libcppdap-dev/stable 1.58.0a-6 arm64
  C++11 implementation of the Debug Adapter Protocol

libd3dadapter9-mesa/stable 25.0.7-2+deb13u1 arm64
  state-tracker for Direct3D9

libd3dadapter9-mesa-dev/stable 25.0.7-2+deb13u1 arm64
  state-tracker for Direct3D9 -- development files

libeclipse-emf-common-java/stable 2.27.0+eclipse2.32.0+dfsg-1 all
  Eclipse Modeling Framework (EMF) Common

libeclipse-emf-ecore-change-java/stable 2.14.0+eclipse2.32.0+dfsg-1 all
  Eclipse Modeling Framework (EMF) Change Model

libeclipse-emf-ecore-java/stable 2.29.0+eclipse2.32.0+dfsg-1 all
  Eclipse Modeling Framework (EMF) Ecore

libeclipse-emf-ecore-xmi-java/stable 2.17.0+eclipse2.32.0+dfsg-1 all
  Eclipse Modeling Framework (EMF) XML/XMI Persistence

libeclipse-emf-edit-java/stable 2.17.0+eclipse2.32.0+dfsg-1 all
  Eclipse Modeling Framework (EMF) Edit

libghc-conduit-extra-dev/stable 1.3.6-3+b1 arm64
  batteries-included conduit: adapters for common libraries

libghc-conduit-extra-doc/stable 1.3.6-3 all
  batteries-included conduit: adapters for common libraries; documentation

libghc-conduit-extra-prof/stable 1.3.6-3+b1 arm64
  batteries-included conduit: adapters for common libraries; profiling libraries

libghc-hsyaml-aeson-dev/stable 0.2.0.1-3 arm64
  JSON to YAML Adapter

libghc-hsyaml-aeson-doc/stable 0.2.0.1-3 all
  JSON to YAML Adapter; documentation

libghc-hsyaml-aeson-prof/stable 0.2.0.1-3 arm64
  JSON to YAML Adapter; profiling libraries

libhbaapi-dev/stable 2.2.9-4+b1 arm64
  SNIA HBAAPI library (development files)

libhbaapi2/stable 2.2.9-4+b1 arm64
  SNIA HBAAPI library

libhbalinux-dev/stable 1.0.16-2+b1 arm64
  Library headers files for retrieving FCOE adapter information

libhbalinux2/stable 1.0.16-2+b1 arm64
  Library for retrieving FCOE adapter information

libhttp-cookiejar-perl/stable 0.014-2 all
  minimalist HTTP user agent cookie jar

libi2c-dev/stable 4.4-2 arm64
  userspace I2C programming library development files

libi2c0/stable 4.4-2 arm64
  userspace I2C programming library

libibverbs-dev/stable 56.1-1 arm64
  Development files for the libibverbs library

libibverbs1/stable 56.1-1 arm64
  Library for direct userspace use of RDMA (InfiniBand/iWARP)

libisptr-dev/stable 1.6-1 arm64
  another implementation of an intrusive reference counting smart

libjira-client-automated-perl/stable 1.90-2 all
  JIRA REST Client for automated scripts

libjs-raphael/stable 2.3.0-4 all
  JavaScript library to work with vector graphics

libjs-webrtc-adapter/stable 8.2.3~ds-1 all
  shim to insulate apps from WebRTC quirks - browser library

liblog-any-adapter-callback-perl/stable 0.102-1 all
  module to send Log::Any logs to a subroutine

liblog-any-adapter-dispatch-perl/stable 0.08-2 all
  adapter to use Log::Dispatch with Log::Any

liblog-any-adapter-filehandle-perl/stable 0.010-3 all
  basic Log::Any::Adapter to forward messages to a filehandle

liblog-any-adapter-log4perl-perl/stable 0.09-2 all
  adapter to use Log::Log4perl with Log::Any

liblog-any-adapter-screen-perl/stable 0.141-1 all
  send logs to screen, with colors and some other features

liblog-any-adapter-tap-perl/stable 0.3.3-2 all
  logging adapter suitable for use in TAP testcases

liblog-any-perl/stable 1.717-1 all
  Perl module to log messages safely and efficiently

libmarkup-lwt-ocaml/stable 1.0.3-1+b4 arm64
  adapter between Markup.ml and Lwt (runtime)

libmarkup-lwt-ocaml-dev/stable 1.0.3-1+b4 arm64
  adapter between Markup.ml and Lwt (dev files)

libmetrics-any-perl/stable 0.10-1 all
  abstract collection of monitoring metrics

libmoox-role-logger-perl/stable 0.005-2 all
  provide logging via Log::Any

libnet-openssh-compat-perl/stable 0.09-2 all
  collection of compatibility modules for Net::OpenSSH

libopenms-dev/stable 2.6.0+cleaned1-4+b5 arm64
  library for LC/MS data management and analysis - dev files

libopenms2.6.0/stable 2.6.0+cleaned1-4+b5 arm64
  library for LC/MS data management and analysis - runtime

libosmo-fl2k-dev/stable 0.1.1-2+b2 arm64
  use a VGA USB adapter as DAC and SDR transmitter - development

libosmo-fl2k0/stable 0.1.1-2+b2 arm64
  use a VGA USB adapter as DAC and SDR transmitter - library

libperl-languageserver-perl/stable 2.6.2-1 all
  Language Server and Debug Protocol Adapter for Perl

libplack-handler-anyevent-fcgi-perl/stable 0.01-2 all
  asynchronous FCGI handler for PSGI using AnyEvent::FCGI

libprogress-any-perl/stable 0.220-1 all
  Perl module to record progress to any output

librdmacm-dev/stable 56.1-1 arm64
  Development files for the librdmacm library

librdmacm1t64/stable 56.1-1 arm64
  Library for managing RDMA connections

libring-jetty-adapter-clojure/stable 1.8.2-3 all
  Clojure web applications library - Jetty adapter

librte-net-qede25/stable 24.11.4-0+deb13u1 arm64
  Data Plane Development Kit (librte-net-qede runtime library)

librust-async-compat-dev/stable 0.2.3-1+b2 arm64
  Compatibility adapter between tokio and futures - Rust source code

librust-http-body-util-dev/stable 0.1.2-1 arm64
  Combinators and adapters for HTTP request or response bodies - Rust source code

librust-idna-adapter-dev/stable 1.1.0-1+b2 arm64
  Back end adapter for idna - Rust source code

librust-ipconfig-dev/stable 0.2.2-3+b2 arm64
  Network adapters and network configuration for windows - Rust source code

librust-mockall-double-dev/stable 0.3.1-1+b2 arm64
  Test double adapter for Mockall - Rust source code

librust-serde-stacker-dev/stable 0.1.10-1+b2 arm64
  Serde adapter that avoids stack overflow by dynamically growing the stack - Rust source code

libsisu-plexus-java/stable 0.3.5-1 all
  Plexus adapter for the Sisu dependency injection container

libslf4j-java/stable 1.7.32-2 all
  Simple Logging Facade for Java

libslf4j2-java/stable 2.0.17-1 all
  Simple Logging Facade for Java

libsolsys2-1/stable 1.3.0-2 arm64
  Legacy solar-system plugin for the JPL PLEPH routines

libsvgpp-dev/stable 1.3.0+dfsg1-6 all
  SVG-framework with parsers for various syntaxes and adapters. Development files

libsvgpp-doc/stable 1.3.0+dfsg1-6 all
  SVG-framework with parsers for various syntaxes and adapters. Documentation

libsvnclientadapter-java/stable 1.10.12-3 all
  High-level Java API for Subversion (library)

libsvnclientadapter-java-doc/stable 1.10.12-3 all
  High-level Java API for Subversion (documentation)

libtest-metrics-any-perl/stable 0.01-2 all
  module to assert that code produces metrics via Metrics::Any

libuima-adapter-vinci-java/stable 2.10.4-1 all
  Library to provide Vinci web services within UIMA

libunicode-maputf8-perl/stable 1.14-1 all
  Perl module for converting between any character sets and UTF8

liburjtag-dev/stable 2024.03.24-1+b1 arm64
  JTAG programmer for various flash parts and boards - devel

liburjtag-o-dev/stable 2021.03-5 arm64
  JTAG programmer for various flash parts and boards - devel

liburjtag-o0/stable 2021.03-5 arm64
  JTAG programmer for various flash parts and boards - library

liburjtag0/stable 2024.03.24-1+b1 arm64
  JTAG programmer for various flash parts and boards - library

libvigraimpex-dev/stable 1.12.2+dfsg-2 arm64
  development files for the C++ computer vision library

libvigraimpex-doc/stable 1.12.2+dfsg-2 all
  Documentation for the C++ computer vision library

libvigraimpex11/stable 1.12.2+dfsg-2 arm64
  C++ computer vision library

mednafen/stable 1.32.1+dfsg-2+b1 arm64
  multi-platform emulator, including NES, GB/A, Lynx, PC Engine

megactl/stable 0.4.5-1 arm64
  LSI Megaraid Control and Monitoring Tools

mstflint/stable 4.31.0+1-4 arm64
  Mellanox firmware burning application and diagnostics tools

mstflint-dkms/stable 4.31.0+1-4 all
  kernel module for Nvidia (formly Mellanox) firmware buring tool

node-jquery-ujs/stable 1.2.3-2 all
  Unobtrusive scripting adapter for jQuery

node-parse5-htmlparser2-tree-adapter/stable 7.1.2+dfsg-3 all
  node-htmlparser2 tree adapter

node-retape/stable 0.0.3-6 all
  CommonJS test to tape adapter

node-vinyl-fs/stable 3.0.3+ds1+~cs18.6.9-1 all
  Vinyl adapter for the file system

node-webrtc-adapter/stable 8.2.3~ds-1 all
  shim to insulate apps from WebRTC quirks - Node.js library

nxtrim/stable 0.4.3+dfsg-4 arm64
  Optimized trimming of Illumina mate pair reads

openms-common/stable 2.6.0+cleaned1-4 all
  package for LC/MS data management and analysis - shared data

openms-doc/stable 2.6.0+cleaned1-4 all
  package for LC/MS data management and analysis - documentation

osmo-fl2k/stable 0.1.1-2+b2 arm64
  use a VGA USB adapter as DAC and SDR transmitter

osmocom-dahdi-linux/stable 0.0~git20241003.b2ea348-4 all
  DAHDI Linux contains a minimal set of helper tools

osmocom-dahdi-linux-dev/stable 0.0~git20241003.b2ea348-4 all
  DAHDI Linux development files

pcmciautils/stable 018-18 arm64
  PCMCIA utilities for Linux 2.6

php-embed/stable 4.4.17-1 all
  PHP library to retrieve page info using oembed, opengraph, etc

php-matomo-component-decompress/stable 3.0.0-1 all
  library providing decompressing tools

php-symfony-cache/stable 6.4.41+dfsg-0+deb13u1 all
  provides extended PSR-6, PSR-16 (and tags) implementations

picard-tools/stable 3.3.0+dfsg-2 all
  Command line tools to manipulate SAM and BAM files

plc-utils/stable 0.0.6+git20250517.7fb8ac5-1 arm64
  Toolkit for HomePlug Powerline network adapters with Atheros chipsets

plc-utils-extra/stable 0.0.6+git20250517.7fb8ac5-1 arm64
  Extended toolkit for HomePlug Powerline network adapters with Atheros chipsets

ponyprog/stable 3.1.4+ds-1 arm64
  Serial device programmer

porechop/stable 0.2.4+dfsg-6+b2 arm64
  adapter trimmer for Oxford Nanopore reads

python-bottle-doc/stable 0.13.2-1.1 all
  fast and simple WSGI-framework for Python - documentation

python-pook-doc/stable 2.1.3-2 all
  HTTP traffic mocking and testing made easy (common documentation)

python-psycopg-doc/stable 3.2.6-1 all
  PostgreSQL database adapter for Python 3 (documentation package)

python-psycopg2-doc/stable 2.9.10-1 all
  Python module for PostgreSQL (documentation package)

python-requests-mock-doc/stable 1.12.1-3 all
  mock out responses from the requests package - doc

python-requests-toolbelt-doc/stable 1.0.0-4 all
  Utility belt for python3-requests (documentation)

python3-aiohttp-wsgi/stable 0.10.0-1 all
  WSGI adapter for aiohttp (Python 3)

python3-asgiref/stable 3.8.1-1 all
  ASGI in-memory channel layer (Python3 version)

python3-bluetooth-adapters/stable 0.21.4-1 all
  Enumerate and find Bluetooth Adapters in Python

python3-bluetooth-auto-recovery/stable 1.5.2-1 all
  Recover Bluetooth adapters that are in an stuck state

python3-bottle/stable 0.13.2-1.1 all
  fast and simple WSGI-framework for Python 3

python3-cutadapt/stable 4.7-2+b4 arm64
  Clean biological sequences from high-throughput sequencing reads (Python 3)

python3-debugpy/stable 1.8.12+ds-1 arm64
  Implementation of the Debug Adapter Protocol for Python 3

python3-dnapilib/stable 1.1-3 all
  adapter prediction for small RNA sequencing - library

python3-itemadapter/stable 0.11.0-1 all
  Common interface for data container classes

python3-iterable-io/stable 1.0.0-3 all
  Python library to adapt iterables to a file-like interface

python3-pook/stable 2.1.3-2 all
  HTTP traffic mocking and testing made easy (Python 3)

python3-psycopg/stable 3.2.6-1 all
  PostgreSQL database adapter for Python 3

python3-psycopg-c/stable 3.2.6-1 arm64
  PostgreSQL database adapter for Python 3 - binary module

python3-psycopg-pool/stable 3.2.6-1 all
  PostgreSQL database adapter for Python 3: connection pool

python3-psycopg2/stable 2.9.10-1+b1 arm64
  Python 3 module for PostgreSQL

python3-psycopg2cffi/stable 2.9.0-1 arm64
  implementation of the psycopg2 module using cffi

python3-pyhomeworks/stable 1.1.2-2 all
  Lutron Homeworks Series 4 and 8 interface over Ethernet

python3-requests-file/stable 2.1.0-1 all
  File transport adapter for Requests - Python 3.X

python3-requests-mock/stable 1.12.1-3 all
  mock out responses from the requests package - Python 3.x

python3-requests-toolbelt/stable 1.0.0-4 all
  Utility belt for advanced users of python3-requests

python3-smbus/stable 4.4-2 arm64
  Python 3 bindings for Linux SMBus access through i2c-dev

python3-voip-utils/stable 0.3.3-1 all
  Utilities for managing Voice over IP communication

python3-zigpy/stable 0.80.1-2 all
  Python Zigbee stack

quisk/stable 4.2.32-2+b1 arm64
  Software Defined Radio (SDR)

railcontrol/stable 24+dfsg1-1 arm64
  A software for model railway control

rdmacm-utils/stable 56.1-1 arm64
  Examples for the librdmacm library

reclass/stable 1.7.1-1 all
  hierarchical inventory backend for configuration management systems

ruby-activerecord-nulldb-adapter/stable 1.1.1-1 all
  ActiveRecord database adapters based on the Null Object pattern

ruby-blade-qunit-adapter/stable 2.0.1-2 all
  Blade adapter for the QUnit JavaScript testing framework

ruby-faraday/stable 2.12.2-1 all
  HTTP/REST API client library

ruby-faraday-net-http/stable 3.0.2-2 all
  Faraday adapter for Net::HTTP

ruby-faraday-net-http-persistent/stable 2.1.0-2 all
  Faraday adapter for NetHttpPersistent

ruby-faraday-typhoeus/stable 1.1.0-2 all
  Faraday adapter for Typhoeus

ruby-ffi-yajl/stable 2.3.1-3+b9 arm64
  Ruby FFI wrapper around YAJL 2.x

ruby-gollum-rugged-adapter/stable 0.4.4.4~gitlab.1-4 all
  Adapter for Gollum to use Rugged (libgit2) at the backend

ruby-kaminari-actionview/stable 1.2.2-1 all
  Kaminari Action View adapter

ruby-kaminari-activerecord/stable 1.2.2-1 all
  Kaminari Active Record adapter

ruby-moneta/stable 1.6.0-5 all
  Ruby interface to multiple key/value stores

ruby-openid/stable 2.9.2debian-4 all
  Ruby library for verifying and serving OpenID identities

ruby-orm-adapter/stable 0.5.0-2.1 all
  single point of entry for using basic features of ruby ORMs

ruby-sequel/stable 5.63.0-2 all
  Simple, flexible, and powerful SQL database access toolkit for Ruby

ruby-sequel-pg/stable 1.14.0-1+b8 arm64
  Faster SELECTs when using Sequel with pg

ruby-test-unit-rr/stable 1.0.5-4 all
  RR adapter for Ruby Test::Unit

ruby-yell/stable 2.2.2-1 all
  Your Extensible Logging Library for Ruby

ruby-zip-zip/stable 0.3+gh-1.1 all
  ease the migration to RubyZip v1.0.0

samclip/stable 0.4.0-4 all
  filter SAM file for soft and hard clipped alignments

scythe/stable 0.994+git20141017.20d3cff-5+b1 arm64
  Bayesian adaptor trimmer for sequencing reads

seqprep/stable 1.3.2-9+b1 arm64
  stripping adaptors and/or merging paired reads of DNA sequences with overlap

seqprep-data/stable 1.3.2-9 all
  example data set for seqprep - only used for testing

skewer/stable 0.2.2-6+b2 arm64
  post-processing of high-throughput DNA sequence reads

trim-galore/stable 0.6.10-1 all
  automate quality and adapter trimming for DNA sequencing

trimmomatic/stable 0.39+dfsg-2 all
  flexible read trimming tool for Illumina NGS data

uci2wb/stable 4.1+git200714-1.2 arm64
  protocol adapter between XBoard/CECP and UCI/USI/UCCI engines

umps3/stable 3.0.5-1+b3 arm64
  Virtual machine simulator based around the MIPS R2/3000 microprocessor

urjtag/stable 2021.03-5 arm64
  JTAG programmer for various flash parts and boards - binary tools

vhba-dkms/stable 20250329-1 all
  VHBA virtual host bus adapter module

videogen/stable 0.33-8+b1 arm64
  Create arbitrary-res modelines using hardware parameters

w1retap/stable 1.5.5-2 arm64
  Data logger for 1-Wire weather sensors

w1retap-doc/stable 1.5.5-2 all
  Data logger for 1-Wire weather sensors (docs)

w1retap-mysql/stable 1.5.5-2 arm64
  Data logger for 1-Wire weather sensors (MySQL plugin)

w1retap-odbc/stable 1.5.5-2 arm64
  Data logger for 1-Wire weather sensors (ODBC plugin)

w1retap-pgsql/stable 1.5.5-2 arm64
  Data logger for 1-Wire weather sensors (PostgreSQL plugin)

w1retap-sqlite/stable 1.5.5-2 arm64
  Data logger for 1-Wire weather sensors (SQLite plugin)

wakeonlan/stable 0.41-14 all
  Sends 'magic packets' to wake-on-LAN enabled ethernet adapters

xc3sprog/stable 0+svn795+dfsg-4 arm64
  JTAG flashing tool for FPGAs, CPLDs and EEPROMs

