
WARNING: apt does not have a stable CLI interface. Use with caution in scripts.

Sorting...
Full Text Search...
ht/stable 2.1.0+repack1-5+b1 arm64
  Viewer/editor/analyser (mostly) for executables

libkf5bookmarks-data/stable 5.116.0-1 all
  Qt library with support for bookmarks and the XBEL format.

libkf5bookmarks-dev/stable 5.116.0-1 arm64
  Qt library with support for bookmarks and the XBEL format.

libkf5bookmarks-doc/stable 5.116.0-1 all
  Qt library with support for bookmarks and the XBEL format (documentation)

libkf5bookmarks5/stable 5.116.0-1 arm64
  Qt library with support for bookmarks and the XBEL format.

libkf6bookmarks-data/stable 6.13.0-1 all
  Qt library with support for bookmarks and the XBEL format

libkf6bookmarks-dev/stable 6.13.0-1 arm64
  Qt library with support for bookmarks and the XBEL format (development)

libkf6bookmarks-doc/stable 6.13.0-1 all
  Qt library with support for bookmarks and the XBEL format (documentation)

libkf6bookmarks6/stable 6.13.0-1 arm64
  Qt library with support for bookmarks and the XBEL format

libkf6bookmarkswidgets6/stable 6.13.0-1 arm64
  Qt library with support for bookmarks and the XBEL format (widgets)

libxbean-java/stable 4.5-9 all
  plugin based Java application server

libxbean-reflect-java/stable 4.5-9 all
  plugin based Java application server (xbean-reflect)

pd-xbee/stable 0.1~svn17672-9 arm64
  interfacing with your XBee from within Pure Data (Pd)

probalign/stable 1.4-10+b1 arm64
  multiple sequence alignment using partition function posterior probabilities

python3-zigpy-xbee/stable 0.21.0-1 all
  Python library to interface with XBee radios using the zigpy library

