
WARNING: apt does not have a stable CLI interface. Use with caution in scripts.

Sorting...
Full Text Search...
coinor-libcoinmp0/stable 1.8.4+dfsg-2 arm64
  Simple C API for COIN-OR Solvers Clp and Cbc -- library

erlang-jiffy/stable 1.1.2-1+b2 arm64
  JSON NIFs (Native Implemented Functions) for Erlang

fonts-urw-base35/stable,now 20200910-8 all [installed,automatic]
  font set metric-compatible with the 35 PostScript Level 2 Base Fonts

golang-github-neowaylabs-wabbit-dev/stable 0.0~git20210927.0.73ad61d-1 all
  Golang AMQP mocking library

golang-github-rabbitmq-amqp091-go-dev/stable 1.10.0-1 all
  Go client for AMQP 0.9.1 (library)

ibverbs-providers/stable 56.1-1 arm64
  User space provider drivers for libibverbs

libament-index-cpp0d/stable 1.10.1-1 arm64
  Fast resource indexing for ROS 2 packages (C++ library)

libavtp0/stable 0.2.0-2 arm64
  Audio Video Transport Protocol (shared library)

libc3p0-java/stable 0.9.1.2-10.1 all
  library for JDBC connection pooling

libc3p0-java-doc/stable 0.9.1.2-10.1 all
  library for JDBC connection pooling (documentation)

libcamp0.8t64/stable 0.8.4-4.1+b1 arm64
  C++ multi-purpose reflection library

libcollada-dom2.5-dp0/stable 2.5.0+ds1-3+b4 arm64
  collada-dom 2.5.0  - COLLADA using double precision

libcss-parser-pp0v5/stable 0.87-4+b2 arm64
  simple CSS1 parser library for C++

libcurlpp0t64/stable 0.8.1-6 arm64
  c++ wrapper for libcurl

libdjinterop0/stable 0.22.1+ds-1 arm64
  C++ library to allow access to DJ record database formats (shared library)

libevhtp0t64/stable 1.2.18-2.1+b2 arm64
  Libevent based HTTP API

libfreesrp0/stable 0.3.0-5+b2 arm64
  Software defined radio support for FreeSRP hardware (library)

libfstrcmp0/stable 0.7.D001-5 arm64
  fuzzy string compare library - runtime library

libgnucap0/stable 1:0.36~20171003-1.1+b3 arm64
  GNU Circuit Analysis package, the library

libhfsp0t64/stable 1.0.4-19 arm64
  Shared library to access HFS+ formatted volumes

libjsoncpp-doc/stable 1.9.6-3 all
  API documentation for libjsoncpp-dev

liblwip0t64/stable 2.2.1+dfsg1-1 arm64
  small implementation of the TCP/IP protocol suite - shared library

libmcpp0/stable 2.7.2-5.2 arm64
  Alternative C/C++ preprocessor (shared library)

libminimap0/stable 0.2-8+b3 arm64
  library for approximate mapping of long biosequences

libmptcpwrap0/stable 0.13-2 arm64
  Multipath TCP Converter Library

libndp0/stable 1.9-1+b1 arm64
  Library for Neighbor Discovery Protocol

libobexftp0-dev/stable 0.24-10+b3 arm64
  object exchange file transfer library - development files

libobexftp0t64/stable 0.24-10+b3 arm64
  object exchange file transfer library

libosmgpsmap-1.0-dev/stable 1.2.0-4 arm64
  GTK+ library to embed OpenStreetMap maps - development files

libosmo-hnbap0t64/stable 1.7.0+dfsg1-2 arm64
  Osmocom code for the Iuh interface (HNBAP), library

libosmomtp0/stable 1.9.0+dfsg1-6 arm64
  Message Transfer Part for Signaling System 7

libosmosccp0/stable 1.9.0+dfsg1-6 arm64
  Library for Signalling Connection Control Part (SCCP)

libotp0t64-heimdal/stable 7.8.git20221117.28daf24+dfsg-9+deb13u1 arm64
  Heimdal Kerberos - OTP support library

libpappsomspp0/stable 0.9.38-1+b2 arm64
  C++ library to handle mass spectrometry data (non-GUI runtime)

libpcap0.8-dev/stable 1.10.5-2 arm64
  development library and header files for libpcap0.8t64

libpcap0.8t64/stable 1.10.5-2 arm64
  system interface for user-level packet capture

libpomp0/stable 1.1+dfsg-9+b2 arm64
  OpenMP Pragma And Region Instrumentor - shared library

libportaudiocpp0/stable 19.6.0-1.2+b3 arm64
  Portable audio I/O C++ bindings - shared library

libpowercap0/stable 0.6.0-1+b2 arm64
  Shared library for accessing the powercap Linux kernel feature

libqdjango-http0/stable 0.6.2-3.3+b3 arm64
  HTTP library for the QDjango framework

libqm-dsp0t64/stable 1.7.1-9+b1 arm64
  C++ library for audio signals analysis

libreflectcpp0.18/stable 0.18.0+ds-3 arm64
  C++20 library for fast (de-)serialization and validation (shared library)

librelp0/stable 1.11.0-2 arm64
  Reliable Event Logging Protocol (RELP) library

librnp0/stable 0.17.1-1+b1 arm64
  Cross-platform OpenPGP (RFC4880) tools (library)

librxp0t64/stable 1.5.0-3.1+b1 arm64
  Shared library for XML parsing and validating

libsafe-iop0/stable 0.3.1-2 arm64
  Safe integer operation library for C - Dynamic library

libsail-manip-dev/stable 0.9.8-1+deb13u1 arm64
  SAIL image manipulation library (development files)

libsail-manip0t64/stable 0.9.8-1+deb13u1 arm64
  SAIL image manipulation library (shared library)

libsdp0/stable 6.2.0-5+b2 arm64
  Software package for semidefinite programming (library)

libsep0/stable 1.4.1-1 arm64
  C library for source extraction and photometry

libsequoia-octopus-librnp/stable 1.11.1-4+b3 arm64
  Reimplementation of librnp for Thunderbird by Sequoia

libsexpp0/stable 0.8.7-4+b1 arm64
  S-expressions parser and generator library

libsharp0/stable 1.0.0-2+b2 arm64
  fast spherical harmonic transforms - C/C++ development library

libslirp0/stable 4.8.0-1+deb13u1 arm64
  General purpose TCP-IP emulator library

libsss-certmap0/stable 2.10.1-2+b1 arm64
  Certificate mapping library for SSSD

libsss-idmap0/stable 2.10.1-2+b1 arm64
  ID mapping library for SSSD

libsss-nss-idmap0/stable 2.10.1-2+b1 arm64
  SID based lookups library for SSSD

libstdgpu-hip0d/stable 1.3.0+git20220507.32e0517-6+b2 arm64
  Efficient STL-like Data Structures on the GPU (HIP backend)

libstdgpu-openmp0t64/stable 1.3.0+git20220507.32e0517-6+b2 arm64
  Efficient STL-like Data Structures on the GPU (OpenMP CPU backend)

libtabixpp0t64/stable 1.1.2-2.1+b1 arm64
  C++ wrapper to tabix indexer

libtercpp0v5/stable 0.6.2+svn46-5+b1 arm64
  Translation Error Rate scoring tool - shared library

libtss2-tcti-pcap0t64/stable 4.1.3-1.2 arm64
  TPM2 Software stack library - TSS and TCTI libraries

libunwind-setjmp0/stable 1.8.1-0.1 arm64
  libunwind-based non local goto - runtime

libunwind-setjmp0-dev/stable 1.8.1-0.1 arm64
  libunwind-based non local goto - development

libvdeslirp0/stable 0.1.1-2+b1 arm64
  libslirp for Linux made easy peasy

libwrap0/stable,now 7.6.q-36 arm64 [installed,automatic]
  Wietse Venema's TCP wrappers library

libwrap0-dev/stable 7.6.q-36 arm64
  Wietse Venema's TCP wrappers library, development files

libxtrxdsp0/stable 0.0.1+git20190830.eec2864-3+b2 arm64
  Library of DSP functions, developed for XTRX SDR

libyaml-cpp0.8/stable 0.8.0+dfsg-7 arm64
  YAML parser and emitter for C++

libyelp0/stable 42.2-4+deb13u1 arm64
  Library for the GNOME help browser

p0f/stable 3.09b-4+b1 arm64
  Passive OS fingerprinting tool

p910nd/stable 0.97-1+b2 arm64
  small printer daemon intended for diskless workstations

pd-jmmmp/stable 0.61-2 all
  collection of Pd GUI objects for musical performance

python3-bip32utils/stable 0.0~git20170118.dd9c541-2 all
  Python implementation of Bitcoin hierarchical deterministic wallet

python3-inkbird-ble/stable 1.0.0-1 all
  Parser for INKBIRD BLE devices

python3-scapy/stable 2.6.1+dfsg-1 all
  Packet generator/sniffer and network scanner/discovery (Python 3)

r-cran-brglm2/stable 0.9.2+dfsg-1+b1 arm64
  GNU R bias reduction in generalized linear models

