
WARNING: apt does not have a stable CLI interface. Use with caution in scripts.

Sorting...
Full Text Search...
4g8/stable 1.0-6+b1 arm64
  Packet Capture and Interception for Switched Networks

apertium-fra-frp/stable 1.1.0-1 all
  Apertium translation data for the French-Arpitan pair

arp-scan/stable 1.10.0-2+b2 arm64
  arp scanning and fingerprinting tool

arpalert/stable 2.0.12-6+b3 arm64
  monitor ARP changes in ethernet networks

arping/stable 2.25-1+b1 arm64
  sends IP and/or ARP pings (to the MAC address)

arpon/stable 3.0-ng+dfsg1-5+b2 arm64
  Versatile ARP defense daemon

arptables/stable 0.0.5-5 arm64
  ARP table administration

arpwatch/stable 2.1a15-9 arm64
  Ethernet/FDDI station activity monitor

astap-cli/stable 2024.05.01-1 arm64
  astrometric (plate) solver, command line version

atm-tools/stable 1:2.5.1-7 arm64
  Base programs for ATM in Linux, the net-tools for ATM

bettercap/stable 2.33.0-1+b9 arm64
  Complete, modular, portable and easily extensible MITM framework

bibata-cursor-theme/stable 2.0.6-1 all
  Bibata is open source, compact, and material designed cursor set

bittwist/stable 4.7+ds-2 arm64
  libpcap based Ethernet packet generator

createrepo-c/stable 1.2.0-2+b1 arm64
  tool to create RPM repository metadata (C implementation)

deepin-terminal/stable 5.9.51+dfsg-1+b1 arm64
  Deepin terminal emulator application

deltarpm/stable 3.6.5+dfsg-1+b1 arm64
  Tools to create and apply deltarpms

dhcpcd-base/stable 1:10.1.0-11+deb13u3 arm64 [upgradable from: 1:10.1.0-11+deb13u2]
  DHCPv4 and DHCPv6 dual-stack client (binaries and exit hooks)

dhcpig/stable 1.6-1 all
  DHCP exhaustion script using scapy network library

dsniff/stable 2.4b1+debian-34 arm64
  Various tools to sniff network traffic for cleartext insecurities

endlessh/stable 1.1-5.1 arm64
  SSH tarpit that slowly sends an endless connection banner

ephoto/stable 1.6.0-1+b2 arm64
  Comprehensive Image Viewer Using EFL

eso-midas/stable 23.02pl1.0-3 arm64
  European Southern Observatory Munich Image Data Analysis System

eso-midas-testdata/stable 23.02pl1.0-3 all
  Test data files for ESO-MIDAS

ettercap-common/stable 1:0.8.3.1-14 arm64
  Multipurpose sniffer/interceptor/logger for switched LAN

ettercap-graphical/stable 1:0.8.3.1-14 arm64
  Ettercap GUI-enabled executable

ettercap-text-only/stable 1:0.8.3.1-14 arm64
  Ettercap console-mode executable

fake/stable 1.1.11-3.1+b1 arm64
  IP address takeover tool

farpd/stable 0.2-12 arm64
  Fake ARP user space daemon

fiat-utils/stable 1.4.1-1+b1 arm64
  Fortran IFS and Arpege Toolkit - utilities

flashrom/stable 1.4.0-3 arm64
  Identify, read, write, erase, and verify BIOS/ROM/flash chips

fonts-arphic-bkai00mp/stable 2.10-21 all
  "AR PL KaitiM Big5" Chinese TrueType font by Arphic Technology

fonts-arphic-bsmi00lp/stable 2.10-18 all
  "AR PL Mingti2L Big5" Chinese TrueType font by Arphic Technology

fonts-arphic-gbsn00lp/stable 2.11-16 all
  "AR PL SungtiL GB" Chinese TrueType font by Arphic Technology

fonts-arphic-gkai00mp/stable 2.11-16 all
  "AR PL KaitiM GB" Chinese TrueType font by Arphic Technology

fonts-arphic-ukai/stable 0.2.20080216.2-5 all
  "AR PL UKai" Chinese Unicode TrueType font collection Kaiti style

fonts-arphic-uming/stable 0.2.20080216.2-11 all
  "AR PL UMing" Chinese Unicode TrueType font collection Mingti style

fonts-babelstone-han/stable 16.0.1-1 all
  BabelStone Fonts for Han

fonts-clear-sans/stable 1.00-2 all
  sharp on-screen sans-serif font

fonts-monoid/stable 0.61-4 all
  open source coding font with bitmap-like sharpness (normal tracking)

fonts-monoid-halfloose/stable 0.61-4 all
  open source coding font with bitmap-like sharpness (half loose tracking)

fonts-monoid-halftight/stable 0.61-4 all
  open source coding font with bitmap-like sharpness (half tight tracking)

fonts-monoid-loose/stable 0.61-4 all
  open source coding font with bitmap-like sharpness (loose tracking)

fonts-monoid-tight/stable 0.61-4 all
  open source coding font with bitmap-like sharpness (tight tracking)

fonts-reggae/stable 1.100-1 all
  display font often used in Japanese boys' magazines and digital content

fonts-sil-alkalami/stable 3.000-1 all
  Font for Arabic-based writing systems in the Kano region

foolsm/stable 1.0.21-2 arm64
  Link connectivity monitor tool

ftp-ssl/stable 0.17.34+really0.17-2+b1 arm64
  FTP client with SSL or TLS encryption support

fusioninventory-agent-task-network/stable 1:2.6-4 all
  network device discovery for FusionInventory Agent

gdal-bin/stable 3.10.3+dfsg-1 arm64
  Geospatial Data Abstraction Library - Utility programs

golang-github-chmduquesne-rollinghash-dev/stable 4.0.0-2 all
  Implementation of some rolling checksums in golang

golang-github-influxdata-yarpc-dev/stable 0.0.1-2 all
  Yet Another RPC for Go - dev package

golang-github-j-keck-arping-dev/stable 1.0.3-1 all
  library to ping a host per arp datagram or query a host mac address

golang-github-karpeleslab-reflink-dev/stable 1.0.1-1.1 all
  Reflink file copy in Go (library)

golang-github-mdlayher-arp-dev/stable 0.0~git20220512.6706a29-1 all
  Go module for the ARP protocol

golang-github-ssgelm-cookiejarparser-dev/stable 1.0.0-3 all
  Go library that parses a curl cookiejar file into a Go http.CookieJar

gtkmorph-example/stable 1:20150712-5.1 all
  digital image warp and morph, examples

harp/stable 1.25-1 arm64
  Data harmonization toolset for Earth Observation formats

hunspell/stable 1.7.2+really1.7.2-10+b4 arm64
  spell checker and morphological analyzer (program)

hunspell-tools/stable 1.7.2+really1.7.2-10+b4 arm64
  tools for hunspell

ibrazilian/stable 3.0~beta4-25 all
  Brazilian Portuguese dictionary for ispell

ibverbs-providers/stable 56.1-1 arm64
  User space provider drivers for libibverbs

ibverbs-utils/stable 56.1-1 arm64
  Examples for the libibverbs library

icewm/stable 3.7.4-1 arm64
  wonderful Win95-OS/2-Motif-like window manager

icewm-common/stable 3.7.4-1 arm64
  wonderful Win95-OS/2-Motif-like window manager

icewm-experimental/stable 3.7.4-1 arm64
  wonderful Win95-OS/2-Motif-like window manager

imagej/stable 1.54g-1 all
  Image processing program with a focus on microscopy images

inetutils-telnetd/stable 2:2.6-3+deb13u3 arm64
  telnet server

iptables/stable 1.8.11-2 arm64
  administration tools for packet filtering and NAT

iputils-arping/stable 3:20240905-3 arm64
  Tool to send ICMP echo requests to an ARP address

ipwatchd/stable 1.3.0-1+nmu3 arm64
  IP conflict detection tool

irstlm/stable 6.00.05-5 arm64
  IRST Language Modeling Toolkit

iscsiuio/stable 2.1.11-1+deb13u2 arm64
  iSCSI offloading daemon for QLogic devices

latex-cjk-chinese-arphic-bkai00mp/stable 2.2 all
  AR PL KaitiM Big5 fonts for CJK

latex-cjk-chinese-arphic-bsmi00lp/stable 2.2 all
  AR PL Mingti2L Big5 fonts for CJK

latex-cjk-chinese-arphic-gbsn00lp/stable 2.2 all
  AR PL SungtiL GB fonts for CJK

latex-cjk-chinese-arphic-gkai00mp/stable 2.2 all
  AR PL KaitiM GB fonts for CJK

libanyevent-callback-perl/stable 0.06-1.1 all
  callback aggregator for AnyEvent watchers

libargparse4j-java/stable 0.9.0-1 all
  command-line argument parser for Java based on Python's argparse module

libarpack++2-dev/stable 2.3-10+b4 arm64
  Object-oriented version of the ARPACK package (development)

libarpack++2c2a/stable 2.3-10+b4 arm64
  Object-oriented version of the ARPACK package (runtime)

libarpack2-dev/stable 3.9.1-6 arm64
  Fortran77 subroutines to solve large scale eigenvalue problems (development)

libarpack2t64/stable 3.9.1-6 arm64
  Fortran77 subroutines to solve large scale eigenvalue problems

libarpack64-2/stable 3.9.1-6 arm64
  Fortran77 subroutines to solve large scale eigenvalue problems

libarpack64-2-dev/stable 3.9.1-6 arm64
  Fortran77 subroutines to solve large scale eigenvalue problems (development)

libcarp-always-perl/stable 0.16-1 all
  Perl module to make warn and die noisy with stack backtraces

libcarp-assert-more-perl/stable 2.9.0-1 all
  set of convenient assertions easier to use than libcarp-assert-perl

libcarp-assert-perl/stable 0.22-1 all
  Carp::Assert - executable comments for perl

libcarp-clan-perl/stable 6.08-2 all
  Perl enhancement to Carp error logging facilities

libcarp-clan-share-perl/stable 0.013-3 all
  Perl module enabling sharing of Carp::Clan settings

libcarp-datum-perl/stable 1:0.1.3-9 all
  Debugging And Tracing Ultimate Module (for perl)

libcarp-fix-1-25-perl/stable 1.000001-4 all
  Perl module to smooth over incompatible changes in Carp 1.25

libcarp-object-perl/stable 1.02-2 all
  object-oriented replacement for Carp or Carp::Clan Perl modules

libclass-throwable-perl/stable 0.13-3 all
  minimal lightweight exception class

libcreaterepo-c-dev/stable 1.2.0-2+b1 arm64
  library for creating RPM repository metadata (development)

libcreaterepo-c1/stable 1.2.0-2+b1 arm64
  library for creating RPM repository metadata

libcub-dev/stable 2.3.2-2 all
  reusable software components for the CUDA programming model

libdevel-confess-perl/stable 0.009004-4 all
  module to include stack traces on all warnings and errors

libdevel-partialdump-perl/stable 0.20-2 all
  Perl module to dump subroutine parameters concisely

libdrpm-dev/stable 0.5.2-2 arm64
  library for handling deltarpm packages - development files

libdrpm0/stable 0.5.2-2 arm64
  library for handling deltarpm packages

libdumbnet-dev/stable 1.18.0-2 arm64
  dumb, portable networking library -- development files

libdumbnet1/stable 1.18.0-2 arm64
  dumb, portable networking library -- shared library

libequinox-p2-jarprocessor-java/stable 1.3.200+eclipse4.29-1 all
  Equinox Provisioning JAR Processor

libfiat-0/stable 1.4.1-1+b1 arm64
  Fortran IFS and Arpege Toolkit - libray

libfiat-dev/stable 1.4.1-1+b1 arm64
  Fortran IFS and Arpege Toolkit - development files

libghc-hxt-charproperties-dev/stable 9.5.0.0-3+b1 arm64
  Character properties and classes for XML and Unicode

libghc-hxt-charproperties-doc/stable 9.5.0.0-3 all
  Character properties and classes for XML and Unicode; documentation

libghc-hxt-charproperties-prof/stable 9.5.0.0-3+b1 arm64
  Character properties and classes for XML and Unicode; profiling libraries

libghc-hxt-dev/stable 9.3.1.22-3+b1 arm64
  collection of tools for processing XML with Haskell

libghc-hxt-doc/stable 9.3.1.22-3 all
  collection of tools for processing XML with Haskell; documentation

libghc-hxt-prof/stable 9.3.1.22-3+b1 arm64
  collection of tools for processing XML with Haskell; profiling libraries

libghc-scotty-dev/stable 0.20.1+dfsg-1+b3 arm64
  Haskell web framework inspired by Ruby's Sinatra

libghc-scotty-doc/stable 0.20.1+dfsg-1 all
  Haskell web framework inspired by Ruby's Sinatra; documentation

libghc-scotty-prof/stable 0.20.1+dfsg-1+b3 arm64
  Haskell web framework inspired by Ruby's Sinatra; profiling libraries

libghc-warp-dev/stable 3.3.31-2+b1 arm64
  fast, light-weight web server for WAI applications

libghc-warp-doc/stable 3.3.31-2 all
  fast, light-weight web server for WAI applications; documentation

libghc-warp-prof/stable 3.3.31-2+b1 arm64
  fast, light-weight web server for WAI applications; profiling libraries

libghc-warp-tls-dev/stable 3.4.7-1+b2 arm64
  SSL/TLS support for Warp

libghc-warp-tls-doc/stable 3.4.7-1 all
  SSL/TLS support for Warp; documentation

libghc-warp-tls-prof/stable 3.4.7-1+b2 arm64
  SSL/TLS support for Warp; profiling libraries

libharp-dev/stable 1.25-1 arm64
  Data harmonisation toolset for Earth Observation formats

libharp13/stable 1.25-1 arm64
  Data harmonisation toolset for Earth Observation formats

libhunspell-1.7-0/stable 1.7.2+really1.7.2-10+b4 arm64
  spell checker and morphological analyzer (shared library)

libhunspell-dev/stable 1.7.2+really1.7.2-10+b4 arm64
  spell checker and morphological analyzer (development)

libhunspell-private-dev/stable 1.7.2+really1.7.2-10 all
  spell checker and morphological analyzer (private headers)

libibverbs-dev/stable 56.1-1 arm64
  Development files for the libibverbs library

libibverbs1/stable 56.1-1 arm64
  Library for direct userspace use of RDMA (InfiniBand/iWARP)

libio-interactive-tiny-perl/stable 0.2-4 all
  minimalist utility module for interactive I/O

libirstlm-dev/stable 6.00.05-5 arm64
  IRST Language Modeling Toolkit - development files

libirstlm1t64/stable 6.00.05-5 arm64
  IRST Language Modeling Toolkit - runtime library

libjs-jquery-timeago/stable 1.6.7-2.1 all
  updates fuzzy timestamps

liblist-compare-perl/stable 0.55-2 all
  Perl module for comparing elements of two or more lists

liblwipv6-2t64/stable 1.5a-10 arm64
  User level (lightweight) TCP/IP stack with IPv6 support

liblwipv6-dev/stable 1.5a-10 arm64
  Development files for the LWIPv6 library

libmarpa-r2-perl/stable 2.086000~dfsg-10 arm64
  BNF grammar parser

libmono-csharp4.0c-cil/stable 6.12.0.199+dfsg-6 all
  Mono.CSharp library (for CLI 4.0)

libmono-microsoft-csharp4.0-cil/stable 6.12.0.199+dfsg-6 all
  Mono Microsoft.CSharp library (for CLI 4.0)

libmono-sharpzip4.84-cil/stable 6.12.0.199+dfsg-6 all
  Mono SharpZipLib library (for CLI 4.0)

libmoosex-strictconstructor-perl/stable 0.21-2 all
  Make your object constructors blow up on unknown attributes

libmorph/stable 1:20150712-5.1+b1 arm64
  digital image warping library

libmorph-dev/stable 1:20150712-5.1+b1 arm64
  digital image warping library (development files)

libnet-arp-perl/stable 1.0.12-1+b4 arm64
  module to create ARP packets and lookup for ARP information

libnet-frame-perl/stable 1.21-2 all
  framework for crafting raw frames

libnet-libdnet-perl/stable 0.990-1 arm64
  interface to libdumbnet's low-level network functions

libnet-libdnet6-perl/stable 0.28-2 all
  module to add IPv6 support to Net::Libdnet

libnftables-dev/stable 1.1.3-1 arm64
  Development files for libnftables

libnftables1/stable,now 1.1.3-1 arm64 [installed,automatic]
  Netfilter nftables high level userspace API library

libnginx-mod-http-image-filter/stable 1.26.3-3+deb13u7 arm64
  HTTP image filter module for Nginx

libnuspell-dev/stable 5.1.6-1+b1 arm64
  spell checker (development)

libnuspell5/stable 5.1.6-1+b1 arm64
  spell checker (shared library)

libparpack2-dev/stable 3.9.1-6 arm64
  Parallel subroutines to solve large scale eigenvalue problems (development)

libparpack2t64/stable 3.9.1-6 arm64
  Parallel subroutines to solve large scale eigenvalue problems

libplexus-compiler-java/stable 2.13.0-1 all
  Plexus compiler system

librdmacm-dev/stable 56.1-1 arm64
  Development files for the librdmacm library

librdmacm1t64/stable 56.1-1 arm64
  Library for managing RDMA connections

librust-warp-dev/stable 0.3.7-5 arm64
  Serve the web at warp speeds - Rust source code

libsearpc-dev/stable 3.3.0+really3.3+git20250303.6f06843-1 arm64
  Development files for the Searpc framework

libsearpc1t64/stable 3.3.0+really3.3+git20250303.6f06843-1 arm64
  Shared library for the Searpc framework

libsharp-dev/stable 1.0.0-2+b2 arm64
  fast spherical harmonic transforms - C/C++ library

libsharp0/stable 1.0.0-2+b2 arm64
  fast spherical harmonic transforms - C/C++ development library

libsharpyuv-dev/stable 1.5.0-0.1 arm64
  Library for sharp RGB to YUV conversion (development files)

libsharpyuv0/stable,now 1.5.0-0.1 arm64 [installed,automatic]
  Library for sharp RGB to YUV conversion

libsocl-1.4-1t64/stable 1.4.7+dfsg-2 arm64
  Task scheduler for heterogeneous multicore machines

libsolv1/stable 0.7.32-1 arm64
  dependency solver using a satisfiability algorithm (shared library)

libsolvext1/stable 0.7.32-1 arm64
  dependency solver using a satisfiability algorithm (extensions)

libspectra-dev/stable 1.1.0-1 all
  library for large scale eigenvalue problems (development files)

libstarpu-1.4-6/stable 1.4.7+dfsg-2 arm64
  Task scheduler for heterogeneous multicore machines

libstarpu-dev/stable 1.4.7+dfsg-2 arm64
  Task scheduler for heterogeneous multicore machines - dev

libstarpu-openmp-llvm-1.4-1t64/stable 1.4.7+dfsg-2 arm64
  Task scheduler for heterogeneous multicore machines

libstarpufft-1.4-1t64/stable 1.4.7+dfsg-2 arm64
  Task scheduler for heterogeneous multicore machines

libstarpumpi-1.4-3t64/stable 1.4.7+dfsg-2 arm64
  Task scheduler for heterogeneous multicore machines

libstarpurm-1.4-1t64/stable 1.4.7+dfsg-2 arm64
  Task scheduler for heterogeneous multicore machines

libsub-name-perl/stable,now 0.28-1 arm64 [installed,automatic]
  module for assigning a new name to referenced sub

libtest-carp-perl/stable 0.2-4 all
  module to test your code for calls to Carp functions

libtime-warp-perl/stable 0.55-1+b4 arm64
  module to provide control over the flow of time

libtoolkit-perl/stable 0.0.2-4 all
  Keep your handy modules organized

libzypp-bin/stable 17.36.7-1 arm64
  openSUSE/SLES package management system library (library tools)

libzypp-common/stable 17.36.7-1 all
  openSUSE/SLES package management system library (common files)

libzypp-config/stable 17.36.7-1 all
  openSUSE/SLES package management system library (configuration)

libzypp-dev/stable 17.36.7-1 arm64
  openSUSE/SLES package management system library (development files)

libzypp-doc/stable 17.36.7-1 all
  openSUSE/SLES package management system library (documentation)

libzypp1735/stable 17.36.7-1 arm64
  openSUSE/SLES package management system (library)

mighttpd2/stable 4.0.3-2 arm64
  classical web server on WAI/warp

mono-csharp-shell/stable 6.12.0.199+dfsg-6 all
  interactive C# shell

mono-mcs/stable 6.12.0.199+dfsg-6 all
  Mono C# 2.0 / 3.0 / 4.0 / 5.0  compiler for CLI 2.0 / 4.0 / 4.5

nast/stable 0.2.0-12+b1 arm64
  packet sniffer and lan analyzer

net-tools/stable 2.10-1.3 arm64
  NET-3 networking toolkit

netdiscover/stable 0.11-3 arm64
  active/passive network address scanner using ARP requests

nftables/stable,now 1.1.3-1 arm64 [installed]
  Program to control packet filtering rules by Netfilter project

nield/stable 0.6.2-1 arm64
  generate logs related to network interfaces

nmap/stable 7.95+dfsg-3 arm64
  The Network Mapper

nmap-common/stable 7.95+dfsg-3 all
  Architecture independent files for nmap

nuspell/stable 5.1.6-1+b1 arm64
  spell checker (program)

ostinato/stable 1.3.0-1+b2 arm64
  Packet/Traffic Generator and Analyzer

packeth/stable 3.0-1 arm64
  Ethernet packet generator

packit/stable 1.8.1-1+b2 arm64
  network packet generator and capture tool

pan-spectroscopy/stable 0.4 all
  X-Rays and Neutron spectroscopy

pangzero/stable 1.4.1+git20121103-6 all
  action game that involves popping balloons with a harpoon

parprouted/stable 0.70-4 arm64
  transparent IP (Layer 3) proxy ARP bridging tool

pd-earplug/stable 0.3.0-5+b1 arm64
  binaural filter based on KEMAR impulse measurement for Pd

pd-fftease/stable 3.0.1-7+b1 arm64
  live spectral sound processors for Pd

pd-vbap/stable 1.2.1-2+b1 arm64
  Pd library for Vector Base Amplitude Panning spatialization

planetary-system-stacker/stable 0.8.32~git20230901.01f3625-2 all
  create a sharp image of a planetary system object (moon, sun, planets)

protoc-gen-yarpc/stable 0.0.1-2+b15 arm64
  Yet Another RPC for Go - command-line utility

python-arpeggio-doc/stable 2.0.2-3 all
  parser interpreter based on PEG grammars (common documentation)

python-cai-doc/stable 1.0.4-1 all
  Python Codon Adaptation Index (common documentation)

python-navarp-doc/stable 1.6.0-4 all
  Navigation tool for ARPES data (documentation)

python3-arpeggio/stable 2.0.2-3 all
  parser interpreter based on PEG grammars (Python 3)

python3-arpy/stable 1.1.1-5 all
  library for accessing "ar" archives

python3-arpys/stable 1:1.0.0~git20230217101414.07b63b3-2 arm64
  ARPES (Angle Resolved PhotoEmission Spectroscopy) data analysis

python3-cai/stable 1.0.4-1 all
  Python Codon Adaptation Index (Python 3)

python3-createrepo-c/stable 1.2.0-2+b1 arm64
  library for creating RPM repository metadata (Python bindings)

python3-deltarpm/stable 3.6.5+dfsg-1+b1 arm64
  Python3 bindings for deltarpm

python3-fastdtw/stable 0.3.4-4+b1 arm64
  Dynamic Time Warping (DTW) algorithm with an O(N) complexity

python3-harp/stable 1.25-1 arm64
  Python3 interface for the HARP data harmonisation toolset

python3-navarp/stable 1.6.0-4 all
  Navigation tool for ARPES data (Python 3)

python3-nftables/stable 1.1.3-1 arm64
  nftables/libnftables python3 module

python3-pygalmesh/stable 0.10.6-5+b1 arm64
  Python 3 frontend to CGAL's 3D mesh generators

python3-pyimagetool/stable 1.0-2 all
  Image Tool for multidimensional analysis (Python 3)

python3-pynlpl/stable 1.2.9-2 all
  PyNLPl is a library for Natural Language Processing (Python 3 version)

python3-scapy/stable 2.6.1+dfsg-1 all
  Packet generator/sniffer and network scanner/discovery (Python 3)

python3-searpc/stable 3.3.0+really3.3+git20250303.6f06843-1 all
  Python 3 bindings for the Searpc framework

qmidiarp/stable 0.7.1+ds-1 arm64
  MIDI arpeggiator for ALSA

r-cran-jomo/stable 2.7-6-1+b1 arm64
  GNU R multilevel joint modelling multiple imputation

r-cran-maldiquant/stable 1.22.3-1 arm64
  GNU R package for quantitative analysis of mass spectrometry data

r-cran-plotrix/stable 3.8-4-1 all
  GNU R package providing various plotting functions

r-cran-warp/stable 0.2.1-1+b2 arm64
  GNU R tool to group dates

rarpd/stable 0.981107-9.1 arm64
  Reverse Address Resolution Protocol daemon

rdma-core/stable 56.1-1 arm64
  RDMA core userspace infrastructure and documentation

rdmacm-utils/stable 56.1-1 arm64
  Examples for the librdmacm library

resource-agents/stable 1:4.16.0-3+deb13u2 arm64
  Cluster Resource Agents

ruby-redcarpet/stable 3.6.0-1+b5 arm64
  Fast, safe and extensible Markdown to (X)HTML parser for Ruby

ruby-unicode-plot/stable 0.0.5-1 all
  Plot your data by Unicode characters

solarpowerlog/stable 0.25-2+b4 arm64
  photovoltaic data logging

starpu-examples/stable 1.4.7+dfsg-2 arm64
  Task scheduler for heterogeneous multicore machines - exs

starpu-tools/stable 1.4.7+dfsg-2 arm64
  Task scheduler for heterogeneous multicore machines - tools

suckless-tools/stable 48-1 arm64
  simple commands for minimalistic window managers

sugarplum/stable 0.9.10-18.1 all
  automated and intelligent spam trap/cache-poisoner

sunpinyin-utils/stable 3.0.0~rc2+ds1-5+b2 arm64
  Simplified Chinese Input Method from SUN (utilities)

swarp/stable 2.41.5-1+b4 arm64
  Resample and co-add together FITS images

telnetd-ssl/stable 0.17.41+really0.17-6 arm64
  telnet server with SSL encryption support

texlive-lang-chinese/stable 2024.20250309-1 all
  TeX Live: Chinese

texlive-latex-extra/stable 2024.20250309-2 all
  TeX Live: LaTeX additional packages

texlive-latex-recommended/stable 2024.20250309-1 all
  TeX Live: LaTeX recommended packages

texlive-science/stable 2024.20250309-2 all
  TeX Live: Mathematics, natural sciences, computer science packages

tuxguitar/stable 1.6.6+dfsg1-3 all
  Multitrack guitar tablature editor and player

uanytun/stable 0.3.7-2+b1 arm64
  tiny implementation of the secure anycast tunneling protocol

ucarp/stable 1.5.2+git20192404.1a9aaf7-1+b2 arm64
  user-space replacement to VRRP automatic IP fail-over

ufo-filters/stable 0.17.0.76.g691aa0e+dfsg1-2 arm64
  Set of plugins for ufo-core - runtime

uima-utils/stable 2.10.4-1 all
  UIMA tools

vkbasalt/stable 0.3.2.10-1+b2 arm64
  Vulkan post processing layer to enhance the visual graphics of games

vlan/stable 2.0.5+nmu3 all
  ifupdown legacy integration for vlan configuration

walldns/stable 1:1.05-22 arm64
  reverse DNS wall

warp/stable 0.9.2-3 arm64
  Send files over the internet, securely

wbrazilian/stable 3.0~beta4-25 all
  Brazilian Portuguese wordlist

weightwatcher/stable 1.12+dfsg-3+b1 arm64
  Combine maps and polygon data for astronomical image processing

x2x/stable 1.30-12 arm64
  Link two X displays together, simulating a multiheaded display

xmorph/stable 1:20150712-5.1+b1 arm64
  digital image warp and morph (x11)

xscreensaver-data-extra/stable 6.09+dfsg1-1 arm64
  Extra screen saver modules for screensaver frontends

xtables-addons-common/stable 3.27-4 arm64
  Additional targets and matches for iptables [tools, libs]

xtables-addons-dkms/stable 3.27-4 all
  Additional targets and matches for iptables [sources for DKMS]

xtables-addons-source/stable 3.27-4 all
  Additional targets and matches for iptables [sources for module-assistant]

yt-dlp/stable 2025.04.30-1 all
  downloader of videos from YouTube and other sites

zbackup/stable 1.5-2+b3 arm64
  Versatile deduplicating backup tool

