
WARNING: apt does not have a stable CLI interface. Use with caution in scripts.

Sorting...
Full Text Search...
alfred/stable 2025.0-2 arm64
  Almighty Lightweight Fact Remote Exchange Daemon

apt-eatmydata/stable 1 all
  Disable fsync and friends for APT's dpkg calls

arduino-core-avr/stable 1.8.7+dfsg-1~deb13u1 all
  Arduino Core for AVR microcontroller

arduino-mighty-1284p/stable 1-5 all
  Platform files for Arduino to run on ATmega1284P

atm-tools/stable 1:2.5.1-7 arm64
  Base programs for ATM in Linux, the net-tools for ATM

avarice/stable 2.14+svn427-2 arm64
  use GDB with Atmel AVR debuggers

avr-libc/stable 1:2.2.1-1 all
  Standard C library for Atmel AVR development

avra/stable 1.4.2+dfsg-1+b2 arm64
  assembler for Atmel AVR microcontrollers

avrdude/stable,now 7.1+dfsg-3+b3 arm64 [installed]
  software for programming Atmel AVR microcontrollers

avrp/stable 1.0beta3-8 arm64
  Programmer for Atmel AVR microcontrollers

bashacks/stable 1.5+git20241128.a8d16fc-1 all
  collection of useful bash scripts for programmers

bashacks-doc/stable 1.5+git20241128.a8d16fc-1 all
  collection of useful bash scripts for programmers — documentation

batmand/stable 0.3.2+74+g2f62b17-2 arm64
  better approach to mobile adhoc networking

batmon.app/stable 0.9-4+b2 arm64
  Battery monitor for GNUstep

binutils-avr/stable,now 2.43.50.20250108-1 arm64 [installed,automatic]
  Binary utilities supporting Atmel's AVR targets

bossa/stable 1.9.1-3+b7 arm64
  Atmel SAM ARM microcontroller flash programming GUI

bossa-cli/stable 1.9.1-3+b7 arm64
  Atmel SAM ARM microcontroller flash programming utility

br2684ctl/stable 1:2.5.1-7 arm64
  Utility for configuring RFC 2684 ATM/Ethernet bridging

btrfs-heatmap/stable 9-1 all
  Visualize the layout of data on your btrfs filesystem

cc65/stable 2.19-2 arm64
  complete cross development package for 65(C)02 systems

chezscheme/stable 10.0.0+dfsg-5 arm64
  Reliable, high performance Scheme compiler

chiark-tcl-applet/stable 1.0-2 all
  Tray widget for battery monitor and other X11 programs

chiark-utils-bin/stable 8.0.1 arm64
  chiark system administration utilities

dfu-programmer/stable,now 0.6.1-1+b3 arm64 [installed]
  device firmware update (DFU) based USB programmer for Atmel chips

dh-ada-library/stable 9.9 all
  tools for packaging software written in the Ada programming language

dtv-scan-tables/stable 0+git20190925.6d01903-0.1 all
  Digital Video Broadcasting (DVB) initial scan files

eatmydata/stable 131-2 all
  Library and utilities designed to disable fsync and friends

ferret-datasets/stable 7.6.0-8 all
  Datasets for use with Ferret Visualisation and analysis suite

flashrom/stable 1.4.0-3 arm64
  Identify, read, write, erase, and verify BIOS/ROM/flash chips

flexpart/stable 9.02-26 arm64
  Particle Dispersion model for tracing air transport phenomena

flextra/stable 5.0-17 arm64
  Trajectory model for tracing air transport phenomena

getdp/stable 3.5.0+dfsg1-4 arm64
  general environment for the treatment of discrete problems

getdp-sparskit/stable 3.5.0+dfsg1-4 arm64
  general environment for the treatment of discrete problems

git-annex-remote-rclone/stable 0.8-1 all
  rclone-based git annex special remote

golang-github-d2r2-go-bsbmp-dev/stable 0.0~git20190515.3b4b3ae-3 all
  interact with Bosch Sensortec BMP180/BMP280/BME280/BMP388 sensors (library)

golang-github-kelvins-sunrisesunset-dev/stable 1.0-3 all
  Go package that provides the sunrise and sunset equation. (library)

horst/stable 5.1-3+b1 arm64
  Highly Optimized Radio Scanning Tool

kuttypy-gui/stable 2.3-2 all
  Graphic user interface to interact with KuttyPy

ledgerhelpers/stable 0.3.10-3 all
  collection of helper programs and a helper library for ledger

libapp-options-perl/stable 1.12-3 all
  command-line option values processing system

libatm1-dev/stable 1:2.5.1-7 arm64
  Development files for compiling ATM programs

libatm1t64/stable 1:2.5.1-7 arm64
  shared library for ATM (Asynchronous Transfer Mode)

libcatmandu-aat-perl/stable 0.03-2 all
  Catmandu library to retrieve items from the AAT

libcatmandu-alephx-perl/stable 1.073-2 all
  low level client for Aleph X-Services

libcatmandu-atom-perl/stable 0.05-2 all
  modules for handling Atom feeds within the Catmandu framework

libcatmandu-bibtex-perl/stable 0.21-2 all
  Catmandu modules for working with BibTeX data

libcatmandu-blacklight-perl/stable 0.04-2 all
  Catmandu module for working with Blacklight catalogs

libcatmandu-breaker-perl/stable 0.141-2 all
  Catmandu modules that export data in a Breaker format

libcatmandu-cmd-repl-perl/stable 0.01-2 all
  interactive shell for Catmandu

libcatmandu-crossref-perl/stable 0.007-2 all
  Catmandu modules to import data from the CrossRef API

libcatmandu-dbi-perl/stable 0.13-1 all
  Catmandu tools to communicate with DBI based interfaces

libcatmandu-exporter-table-perl/stable 0.3.0-3 all
  Catmandu modules for exporting data in tabular MultiMarkdown format

libcatmandu-fedoracommons-perl/stable 0.5-2 all
  low level Catmandu interface to the Fedora Commons REST API

libcatmandu-filestore-perl/stable 1.16-3 all
  modules to make files persistent within the Catmandu framework

libcatmandu-fix-cmd-perl/stable 0.0201-2 all
  Catmandu module that pipes data to be 'fixed' through an external process

libcatmandu-fix-datahub-perl/stable 0.03-2 all
  Catmandu utility functions and generic fixes for the Datahub project

libcatmandu-html-perl/stable 0.02+dfsg-2 all
  Modules for handling HTML data within the Catmandu framework

libcatmandu-i18n-perl/stable 0.01-2 all
  modules for handling text localisation within the Catmandu framework

libcatmandu-identifier-perl/stable 0.15-2 all
  namespace for handling identifiers within the Catmandu framework

libcatmandu-importer-getjson-perl/stable 0.52-2 all
  load JSON-encoded data from a server using a GET HTTP request

libcatmandu-inspire-perl/stable 0.300-2 all
  modules for working with Inspire data within the Catmandu framework

libcatmandu-ldap-perl/stable 0.0105-2 all
  modules for working with LDAP directories within the Catmandu framework

libcatmandu-mab2-perl/stable 0.24-2 all
  modules for working with MAB2 data within the Catmandu framework

libcatmandu-marc-perl/stable 1.320-1 all
  modules for working with MARC data within the Catmandu framework

libcatmandu-markdown-perl/stable 0.011-2 all
  modules for handling markdown data within the Catmandu framework

libcatmandu-mediawiki-perl/stable 0.021-2 all
  Catmandu modules for interfacing with MediaWiki

libcatmandu-mendeley-perl/stable 0.01-2 all
  modules wrapping the Mendeley API within the Catmandu framework

libcatmandu-mods-perl/stable 0.31-3 all
  modules for working with MODS data within the Catmandu framework

libcatmandu-oai-perl/stable 0.21-1 all
  modules for working with OAI repositories within the Catmandu framework

libcatmandu-perl/stable 1.2024-1 all
  metadata toolkit

libcatmandu-plos-perl/stable 0.01-2 all
  modules for working with PLoS data within the Catmandu framework

libcatmandu-pubmed-perl/stable 0.01-2 all
  modules for working with PubMed data within the Catmandu framework

libcatmandu-pure-perl/stable 0.05-2 all
  Catmandu modules for working with data from Pure

libcatmandu-rdf-perl/stable 0.32-3 all
  modules for handling RDF data within the Catmandu framework

libcatmandu-ris-perl/stable 0.13-2 all
  modules for handling RIS data within the Catmandu framework

libcatmandu-solr-perl/stable 0.0304-2 all
  Catmandu modules for working with SOLR endpoints

libcatmandu-sru-perl/stable 0.43.0-2 all
  modules for working with SRU data within the Catmandu framework

libcatmandu-stat-perl/stable 0.13-2 all
  Catmandu modules for working with statistical data

libcatmandu-store-elasticsearch-perl/stable 1.0204-1 all
  searchable store backed by Elasticsearch

libcatmandu-store-mongodb-perl/stable 0.0806-1 all
  searchable store backed by MongoDB

libcatmandu-template-perl/stable 0.14-1 all
  modules for working with templates within the Catmandu framework

libcatmandu-viaf-perl/stable 0.05-2 all
  Catmandu modules for retrieving items from VIAF authority files

libcatmandu-wikidata-perl/stable 0.06-3 all
  import from Wikidata for processing with Catmandu

libcatmandu-xls-perl/stable 0.10-1 all
  modules for working with Excel files within the Catmandu framework

libcatmandu-xml-perl/stable 0.17-1 all
  modules for handling XML data within the Catmandu framework

libcatmandu-xsd-perl/stable 0.05-3 all
  modules for handling XML data with XSD compilation

libcatmandu-z3950-perl/stable 0.06-2 all
  Catmandu module for working with Z3950 data

libcatmandu-zotero-perl/stable 0.07-2 all
  Catmandu modules for working with Zotero web

libcurvesapi-java/stable 1.06-1 all
  Java implementation of mathematical curves defined over a set of control points

libdancer-plugin-catmandu-oai-perl/stable 0.0508-3 all
  OAI-PMH provider backed by a searchable Catmandu::Store

libeatmydata1/stable 131-2+b1 arm64
  Library and utilities designed to disable fsync and friends - shared library

libfsfat-utils/stable 0~20240501-1+b2 arm64
  File Allocation Table (FAT) file system format access library -- Utilities

libghc-witherable-dev/stable 0.4.2-4+b1 arm64
  filterable traversable for Haskell

libghc-witherable-doc/stable 0.4.2-4 all
  filterable traversable for Haskell; documentation

libghc-witherable-prof/stable 0.4.2-4+b1 arm64
  filterable traversable for Haskell; profiling libraries

libhash-case-perl/stable 1.050-2 all
  base class for hashes with key-casing requirements

liblingua-sentence-perl/stable 1.100-3 all
  Perl extension for breaking text paragraphs into sentences

libmarc-parser-raw-perl/stable 0.06-2 all
  parser for ISO 2709 encoded MARC records

libmarc-parser-xml-perl/stable 0.03-2 all
  parser for MARC XML records

libmarc-schema-perl/stable 0.16-1 all
  specification of the MARC21 format as Perl data structures

libmime-types-perl/stable 2.28-1 all
  Perl extension for determining MIME types and Transfer Encoding

libnxt/stable 0.5.2-1 arm64
  utility library for talking to the LEGO Mindstorms NXT brick

liboasis3-0d/stable 3.mct+dfsg.121022-16+b4 arm64
  Shared libraries for OASIS3 coupler

liboasis3-dev/stable 3.mct+dfsg.121022-16+b4 arm64
  Development files for OASIS3 climate model coupler

liboasis3-doc/stable 3.mct+dfsg.121022-16 all
  Documentation and Examples for the OASIS climate model coupler

libpersalys-dev/stable 17.0.1+ds-2 arm64
  GUI for uncertainty treatment (development files)

libpersalys0/stable 17.0.1+ds-2 arm64
  GUI for uncertainty treatment (shared libraries)

libpolymake-dev/stable 4.12-3+b2 arm64
  Tool for algorithmic discrete geometry -- development package

libpolymake-dev-common/stable 4.12-3 all
  Tool for algorithmic discrete geometry -- common dev package

libpolymake4.12/stable 4.12-3+b2 arm64
  Tool for algorithmic discrete geometry -- library package

libstatistics-welford-perl/stable 0.02-3 all
  Standard statistics using Welford's algorithm

lookatme/stable 2.5.4-3 all
  interactive command-line presentation tool

man-db/stable 2.13.1-1 arm64
  tools for reading manual pages

microhope/stable 5.3.3+repack-2 all
  hardware & software framework to learn microcontrollers

mocassin/stable 2.02.73.2-1+b1 arm64
  MOnte CArlo SimulationS of Ionised Nebulae

node-concat-map/stable 0.0.2+~0.0.1-1 all
  concatenative mapdashery for Node.js

node-d3-shape/stable 1.3.7+~1.3.8-1 all
  Graphical primitives for visualization, such as lines and areas

oscar/stable 1.5.3-2 arm64
  Open Source CPAP Analysis Reporter (OSCAR)

patman/stable 1.2.2+dfsg-8+b2 arm64
  rapid alignment of short sequences to large databases

persalys/stable 17.0.1+ds-2 arm64
  GUI for uncertainty treatment and variabilities management

polymake/stable 4.12-3+b2 arm64
  Tool for algorithmic discrete geometry

polymake-common/stable 4.12-3 all
  Tool for algorithmic discrete geometry -- shared files

pysatellites/stable 2.7-4 all
  simulates the launching of satellites

pyspectral-bin/stable 0.13.5+ds-1 all
  Reading and manipulaing satellite sensor spectral responses -- scripts

python-goodvibes-doc/stable 3.2+dfsg-6 all
  Documentation for goodvibes

python3-coards/stable 1.0.5-5 all
  COARDS-compliant time parser (Python 3)

python3-crccheck/stable 1.3.0-1 all
  implementation of 170+ CRC algorithms for Python 3

python3-drms/stable 0.9.0-1 all
  Access HMI, AIA and MDI data with Python

python3-goodvibes/stable 3.2+dfsg-6 all
  Python program to compute corrections to thermochemical data from frequency calculations

python3-pauvre/stable 0.2.3-4 all
  QC and genome browser plotting Oxford Nanopore and PacBio long reads

python3-persalys/stable 17.0.1+ds-2 arm64
  GUI for uncertainty treatment (Python bindings)

python3-pyaps3/stable 0.3.6-1 all
  Python based Atmospheric Phase Screen Estimation

python3-pyatmo/stable 9.2.1-1 all
  Library to access and control Netatmo devices

python3-pymetar/stable 1.2-0.2 all
  Python interface to METAR reports

python3-pymeteoclimatic/stable 0.1.0+dfsg-2 all
  Client wrapper for accessing Meteoclimatic weather data

python3-pyspectral/stable 0.13.5+ds-1 all
  Reading and manipulaing satellite sensor spectral responses

python3-pyspectral-doc/stable 0.13.5+ds-1 all
  Reading and manipulaing satellite sensor spectral responses -- documentation

python3-pysynphot/stable 2.0.0+dfsg-3+b1 arm64
  Python Synthetic Photometry Utilities

python3-specreduce-data/stable 0+git2021.11.18-3 all
  Test and reference data for the specreduce package

python3-statmake/stable 0.6.0-1 all
  Applies STAT information from a Stylespace to a variable font

python3-zamg/stable 0.3.6-2 all
  Library for accessing weather data from GeoSphere Austria

qemu-web-desktop/stable 25.04.05+ds1-1 arm64
  Remote desktop service with virtual machines in a browser (DARTS).

qxw/stable 20200708-2+b2 arm64
  advanced crossword construction tool

r-bioc-complexheatmap/stable 2.22.0+dfsg-2 all
  make complex heatmaps using GNU R

r-bioc-metapod/stable 1.14.0+dfsg-2 arm64
  GNU R meta-analyses on P-Values of differential analyses

r-bioc-rgsepd/stable 1.38.0-2 all
  GNU R gene set enrichment / projection displays

r-cran-bayesm/stable 3.1-6+dfsg-1+b1 arm64
  GNU R package for Bayesian inference

r-cran-dendsort/stable 0.3.4+dfsg-2 all
  GNU R Modular Leaf Ordering Methods for Dendrogram Nodes

r-cran-estimatr/stable 1.0.6-1 arm64
  GNU R fast estimators for design-based inference

r-cran-goplot/stable 1.0.2-2 all
  GNU R visualization of functional analysis data

r-cran-medadherence/stable 1.03-6+b1 arm64
  GNU R Medication Adherence: Commonly Used Definitions

r-cran-metafor/stable 4.8-0-1 all
  Meta-Analysis Package for R

r-cran-pheatmap/stable 1.0.12-2 all
  GNU R package to create pretty heatmaps

r-cran-qtl/stable 1.70-1 arm64
  GNU R package for genetic marker linkage analysis

r-cran-satellite/stable 1.0.5+dfsg-1+b1 arm64
  GNU R handling and manipulating remote sensing data

r-cran-seriation/stable 1.5.7-1 arm64
  GNU R infrastructure for ordering objects using seriation

r-cran-statmod/stable 1.5.0-1+b1 arm64
  GNU R package providing algorithms and functions for statistical modeling

r-other-chbutils/stable 0.1+git20171026.a226cee-2 arm64
  GNU R utilities from Harvard School of Public Health Bioinformatics

ratmenu/stable 2.3.22+b4 arm64
  Creates X menus from the shell

repeatmasker-recon/stable 1.08-8+b2 arm64
  finds repeat families from biological sequences

s51dude/stable 0.3.1-1.1+b3 arm64
  In-System Programmer for 8051 MCUs using usbtiny

simulavr/stable 1.0.0+git20160221.e53413b-3+b1 arm64
  Atmel AVR simulator

snek/stable 1.12-1 all
  Embedded system programming language

snek-bin/stable 1.12-1 arm64
  Host binary version of Snek programming language

stellarium/stable 24.3-1 arm64
  real-time photo-realistic sky generator

t1utils/stable 1.41-4+b1 arm64
  Collection of simple Type 1 font manipulation programs

texlive-latex-extra/stable 2024.20250309-2 all
  TeX Live: LaTeX additional packages

texlive-science/stable 2024.20250309-2 all
  TeX Live: Mathematics, natural sciences, computer science packages

uisp/stable 20050207-4.5+b2 arm64
  Micro In-System Programmer for Atmel's AVR MCUs

warzone2100-music/stable 4.5.5deb-1 all
  official music for warzone2100

weather-util/stable 2.5.0-1 all
  command-line tool to obtain weather conditions and forecasts

whatmaps/stable 0.0.14-2 all
  tool to find processes mapping shared objects

xcfa/stable 5.0.2-3 arm64
  X Convert File Audio

xfce4-weather-plugin/stable 0.11.3-1 arm64
  weather information plugin for the Xfce4 panel

yatm/stable 0.9-5+b1 arm64
  Command line audio file player with time stretching capabilities

