
WARNING: apt does not have a stable CLI interface. Use with caution in scripts.

Sorting...
Full Text Search...
adwaita-icon-theme-legacy/stable 46.2-2 all
  fullcolor icon theme providing fallback for legacy applications

aspell-eo/stable 3.7-2 all
  Esperanto dictionary for aspell

aspell-eo-cx7/stable 3.7-2 all
  Esperanto dictionary for aspell, "cx" 7bit encoding

aspell-es/stable 1.11-20 all
  Spanish dictionary for aspell

aspell-et/stable 1:20030606-32 all
  Estonian dictionary for Aspell

aspell-eu/stable 3.0.20070215-2 all
  Basque (Euskera) dictionary for aspell

aspell-lv/stable 0.9.6-12 all
  Latvian dictionary for Aspell

aspell-ru/stable 0.99g5-30 all
  Russian dictionary for Aspell

cli-common-dev/stable 0.10+nmu2 all
  common files for building CLI packages

cream/stable 0.43-4 all
  VIM macros that make the VIM easier to use for beginners

daps/stable 3.3.2+cleaned1-6.1 all
  DocBook Authoring and Publishing Suite (DAPS)

fenrir/stable 2025.0.2.26-1 all
  Userland console (TTY) screen reader written in python

geany-plugin-spellcheck/stable 2.0-6+b1 arm64
  spellcheck plugin for Geany

gimagereader/stable 3.4.2-7 arm64
  Graphical GTK+ front-end to tesseract-ocr

gimagereader-common/stable 3.4.2-7 all
  gImageReader common files

gimagereader-qt/stable 3.4.2-7 arm64
  Graphical Qt front-end to tesseract-ocr

gir1.2-spelling-1/stable 0.4.8-1 arm64
  GObject introspection files for libspelling

gnome-color-manager/stable 3.36.2-2 arm64
  Color management integration for the GNOME desktop environment

golang-github-juju-clock-dev/stable 1.0.3-1 all
  Clock definition and a testing clock (library)

gr-osmosdr/stable 0.2.6-4 arm64
  Gnuradio blocks from the OsmoSDR project

grammalecte-cli/stable 2.1.2+ds2-3 all
  French spellchecker and grammar checker (command line tools)

gummi/stable 0.8.3+really0.8.3-5 arm64
  simple LaTeX editor with live preview

hspell/stable 1.4-3.1+b1 arm64
  Hebrew spell checker and morphological analyzer

hunspell-af/stable 1:25.2.3-1 all
  Afrikaans dictionary for hunspell

hunspell-an/stable 1:25.2.3-1 all
  Aragonese dictionary for hunspell

hunspell-bg/stable 1:25.2.3-1 all
  Bulgarian dictionary for hunspell

hunspell-bn/stable 1:25.2.3-1 all
  Bengali dictionary for hunspell

hunspell-bo/stable 0.4.0-4 all
  Classical Tibetan language dictionary for hunspell

hunspell-br/stable 0.14-1 all
  Breton language dictionary for hunspell

hunspell-bs/stable 1:25.2.3-1 all
  Bosnian dictionary for hunspell

hunspell-ca/stable 3.0.9+repack1-2 all
  Catalan dictionaries for hunspell

hunspell-cs/stable 1:25.2.3-1 all
  Czech dictionary for hunspell

hunspell-da/stable 1:25.2.3-1 all
  Danish dictionary for hunspell

hunspell-de-at/stable 20161207-15 all
  Austrian (German) dictionary for hunspell

hunspell-de-at-frami/stable 1:25.2.3-1 all
  German (Austria) dictionary for hunspell ("frami" version)

hunspell-de-ch/stable 20161207-15 all
  Swiss (German) dictionary for hunspell

hunspell-de-ch-frami/stable 1:25.2.3-1 all
  German (Switzerland) dictionary for hunspell ("frami" version)

hunspell-de-de/stable 20161207-15 all
  German dictionary for hunspell

hunspell-de-de-frami/stable 1:25.2.3-1 all
  German dictionary for hunspell ("frami" version)

hunspell-de-med/stable 20230905-2 all
  German medical dictionary for hunspell

hunspell-dz/stable 0.1.0-3 all
  Dzongkha language dictionary for hunspell

hunspell-el/stable 1:25.2.3-1 all
  Modern Greek dictionary for hunspell

hunspell-en-au/stable 1:2020.12.07-4 all
  English (Australia) dictionary for hunspell

hunspell-en-ca/stable 1:2020.12.07-4 all
  English (Canada) dictionary for hunspell

hunspell-en-gb/stable 1:25.2.3-1 all
  English (GB) dictionary for hunspell

hunspell-en-us/stable 1:2020.12.07-4 all
  English_american dictionary for hunspell

hunspell-en-za/stable 1:25.2.3-1 all
  English (South Africa) dictionary for hunspell

hunspell-eo/stable 1:25.2.3-1 all
  Esperanto dictionary for hunspell

hunspell-es/stable 1:25.2.3-1 all
  Spanish dictionary for hunspell

hunspell-eu/stable 5.4.10-1 all
  Basque (Euskera) dictionary for hunspell

hunspell-gd/stable 1:25.2.3-1 all
  Scottish Gaelic dictionary for hunspell

hunspell-gl/stable 1:25.2.3-1 all
  Galician dictionary for hunspell

hunspell-gu/stable 1:25.2.3-1 all
  Gujarati dictionary for hunspell

hunspell-gug/stable 1:25.2.3-1 all
  Guarani dictionary for hunspell

hunspell-he/stable 1:25.2.3-1 all
  Hebrew dictionary for hunspell

hunspell-hi/stable 1:25.2.3-1 all
  Hindi dictionary for hunspell

hunspell-hr/stable 1:25.2.3-1 all
  Croatian dictionary for hunspell

hunspell-hu/stable 1:25.2.3-1 all
  Hungarian dictionary for hunspell

hunspell-id/stable 1:25.2.3-1 all
  Indonesian dictionary for hunspell

hunspell-is/stable 1:25.2.3-1 all
  Icelandic dictionary for hunspell

hunspell-it/stable 1:25.2.3-1 all
  Italian dictionary for hunspell

hunspell-kk/stable 1.1.2-2 all
  Kazakh dictionary for hunspell

hunspell-kmr/stable 1:25.2.3-1 all
  Kurmanji dictionary for hunspell

hunspell-ko/stable 0.7.94-2 all
  Korean dictionary for hunspell

hunspell-lo/stable 1:25.2.3-1 all
  Laotian dictionary for hunspell

hunspell-lt/stable 1:25.2.3-1 all
  Lithuanian dictionary for hunspell

hunspell-lv/stable 1.4.0-5 all
  Latvian dictionary for hunspell

hunspell-mn/stable 1:25.2.3-1 all
  Mongolian dictionary for hunspell

hunspell-ne/stable 1:25.2.3-1 all
  Nepalese dictionary for hunspell

hunspell-no/stable 1:25.2.3-1 all
  Norwegian dictionary for hunspell

hunspell-oc/stable 1:25.2.3-1 all
  Occitan dictionary for hunspell

hunspell-pl/stable 1:25.2.3-1 all
  Polish dictionary for hunspell

hunspell-pt-br/stable 1:25.2.3-1 all
  Brazilian Portuguese dictionary for hunspell

hunspell-pt-pt/stable 1:25.2.3-1 all
  Portuguese dictionary for hunspell

hunspell-ro/stable 1:25.2.3-1 all
  Romanian dictionary for hunspell

hunspell-ru/stable 1:25.2.3-1 all
  Russian dictionary for hunspell

hunspell-si/stable 1:25.2.3-1 all
  Sinhala dictionary for hunspell

hunspell-sk/stable 1:25.2.3-1 all
  Slovak dictionary for hunspell

hunspell-sl/stable 1:25.2.3-1 all
  Slovene dictionary for hunspell

hunspell-sr/stable 1:25.2.3-1 all
  Serbian dictionary for hunspell

hunspell-sv/stable 1:25.2.3-1 all
  Swedish dictionary for hunspell

hunspell-sw/stable 1:25.2.3-1 all
  Swahili dictionary for hunspell

hunspell-te/stable 1:25.2.3-1 all
  Telugu dictionary for hunspell

hunspell-th/stable 1:25.2.3-1 all
  Thai dictionary for hunspell

hunspell-tr/stable 1:25.2.3-1 all
  Turkish dictionary for hunspell

hunspell-uk/stable 1:25.2.3-1 all
  Ukrainian dictionary for hunspell

hunspell-vi/stable 1:25.2.3-1 all
  Vietnamese dictionary for hunspell

iesperanto/stable 3.7-2 all
  Esperanto dictionary for ispell

iestonian/stable 1:20030606-32 all
  Estonian dictionary for Ispell

irssi-scripts/stable 20231031 all
  collection of scripts for irssi

irussian/stable 0.99g5-30 all
  Russian dictionary for Ispell

ispanish/stable 1.11-20 all
  Spanish dictionary for ispell

jed-extra/stable 2.5.7-9 all
  collection of useful Jed modes and utilities

libasyncaudio-dev/stable 24.02-5 arm64
  AsyncAudio library for SvxLink (development files)

libasyncaudio1.6t64/stable 24.02-5 arm64
  AsyncAudio library for SvxLink

libasynccore-dev/stable 24.02-5 arm64
  AsyncCore library for SvxLink (development files)

libasynccore1.6t64/stable 24.02-5 arm64
  AsyncCore library for SvxLink

libasynccpp-dev/stable 24.02-5 arm64
  AsyncCpp library for SvxLink (development files)

libasynccpp1.6t64/stable 24.02-5 arm64
  AsyncCpp library for SvxLink

libasyncqt-dev/stable 24.02-5 arm64
  AsyncQt library for SvxLink (development files)

libasyncqt1.6t64/stable 24.02-5 arm64
  AsyncQt library for SvxLink

libdevel-callchecker-perl/stable,now 0.009-2 arm64 [installed,automatic]
  custom op checking attached to subroutines

libecholib-dev/stable 24.02-5 arm64
  EchoLib library for SvxLink (development files)

libecholib1.3t64/stable 24.02-5 arm64
  EchoLib library for SvxLink

libghc-hspec-smallcheck-dev/stable 0.5.3-2+b1 arm64
  SmallCheck support for the Hspec testing framework

libghc-hspec-smallcheck-doc/stable 0.5.3-2 all
  SmallCheck support for the Hspec testing framework; documentation

libghc-hspec-smallcheck-prof/stable 0.5.3-2+b1 arm64
  SmallCheck support for the Hspec testing framework; profiling libraries

libghc-lazysmallcheck-dev/stable 0.6-15+b1 arm64
  A library for demand-driven testing of Haskell programs

libghc-lazysmallcheck-doc/stable 0.6-15 all
  A library for demand-driven testing of Haskell programs; documentation

libghc-lazysmallcheck-prof/stable 0.6-15+b1 arm64
  A library for demand-driven testing of Haskell programs; profiling libraries

libghc-smallcheck-dev/stable 1.2.1.1-2+b1 arm64
  Another lightweight testing library

libghc-smallcheck-doc/stable 1.2.1.1-2 all
  Another lightweight testing library; documentation

libghc-smallcheck-prof/stable 1.2.1.1-2+b1 arm64
  Another lightweight testing library; profiling libraries

libghc-tasty-smallcheck-dev/stable 0.8.2-3+b1 arm64
  SmallCheck support for the Tasty test framework

libghc-tasty-smallcheck-doc/stable 0.8.2-3 all
  SmallCheck support for the Tasty test framework; documentation

libghc-tasty-smallcheck-prof/stable 0.8.2-3+b1 arm64
  SmallCheck support for the Tasty test framework; profiling libraries

libgnuradio-uhd3.10.12/stable 3.10.12.0-1 arm64
  gnuradio universal hardware driver functions

liblingua-ispell-perl/stable 0.07-8 all
  Perl module encapsulating access to the ispell program

liblucene9-java/stable 9.10.0+dfsg-2 all
  text search engine library

libpod-spell-perl/stable 1.27-1 all
  formatter to easily check the spelling of POD

libpri-dev/stable 1.6.0-2+b1 arm64
  Primary Rate ISDN specification development files

libpri1.4/stable 1.6.0-2+b1 arm64
  Primary Rate ISDN specification library

libqhullcpp8.0/stable 2020.2-6+b2 arm64
  calculate convex hulls and related structures (C++ shared library)

libreoffice-grammalecte/stable 2.1.2+ds2-3 all
  French spellchecker and grammar checker (LibreOffice extension)

libreoffice-l10n-af/stable 4:25.2.3-2+deb13u6 all
  office productivity suite -- Afrikaans language package

libreoffice-l10n-am/stable 4:25.2.3-2+deb13u6 all
  office productivity suite -- Amharic language package

libreoffice-l10n-ar/stable 4:25.2.3-2+deb13u6 all
  office productivity suite -- Arabic language package

libreoffice-l10n-as/stable 4:25.2.3-2+deb13u6 all
  office productivity suite -- Assamese language package

libreoffice-l10n-ast/stable 4:25.2.3-2+deb13u6 all
  office productivity suite -- Asturian language package

libreoffice-l10n-be/stable 4:25.2.3-2+deb13u6 all
  office productivity suite -- Belarusian language package

libreoffice-l10n-bg/stable 4:25.2.3-2+deb13u6 all
  office productivity suite -- Bulgarian language package

libreoffice-l10n-bn/stable 4:25.2.3-2+deb13u6 all
  office productivity suite -- Bengali language package

libreoffice-l10n-br/stable 4:25.2.3-2+deb13u6 all
  office productivity suite -- Breton language package

libreoffice-l10n-bs/stable 4:25.2.3-2+deb13u6 all
  office productivity suite -- Bosnian language package

libreoffice-l10n-ca/stable 4:25.2.3-2+deb13u6 all
  office productivity suite -- Catalan language package

libreoffice-l10n-cs/stable 4:25.2.3-2+deb13u6 all
  office productivity suite -- Czech language package

libreoffice-l10n-cy/stable 4:25.2.3-2+deb13u6 all
  office productivity suite -- Welsh language package

libreoffice-l10n-da/stable 4:25.2.3-2+deb13u6 all
  office productivity suite -- Danish language package

libreoffice-l10n-de/stable 4:25.2.3-2+deb13u6 all
  office productivity suite -- German language package

libreoffice-l10n-dz/stable 4:25.2.3-2+deb13u6 all
  office productivity suite -- Dzongkha language package

libreoffice-l10n-el/stable 4:25.2.3-2+deb13u6 all
  office productivity suite -- Greek language package

libreoffice-l10n-en-gb/stable 4:25.2.3-2+deb13u6 all
  office productivity suite -- English_british language package

libreoffice-l10n-en-za/stable 4:25.2.3-2+deb13u6 all
  office productivity suite -- English_southafrican language package

libreoffice-l10n-eo/stable 4:25.2.3-2+deb13u6 all
  office productivity suite -- Esperanto language package

libreoffice-l10n-es/stable 4:25.2.3-2+deb13u6 all
  office productivity suite -- Spanish language package

libreoffice-l10n-et/stable 4:25.2.3-2+deb13u6 all
  office productivity suite -- Estonian language package

libreoffice-l10n-eu/stable 4:25.2.3-2+deb13u6 all
  office productivity suite -- Basque language package

libreoffice-l10n-fa/stable 4:25.2.3-2+deb13u6 all
  office productivity suite -- Farsi language package

libreoffice-l10n-fi/stable 4:25.2.3-2+deb13u6 all
  office productivity suite -- Finnish language package

libreoffice-l10n-fr/stable 4:25.2.3-2+deb13u6 all
  office productivity suite -- French language package

libreoffice-l10n-ga/stable 4:25.2.3-2+deb13u6 all
  office productivity suite -- Gaelic language package

libreoffice-l10n-gd/stable 4:25.2.3-2+deb13u6 all
  office productivity suite -- Scottish_gaelic language package

libreoffice-l10n-gl/stable 4:25.2.3-2+deb13u6 all
  office productivity suite -- Galician language package

libreoffice-l10n-gu/stable 4:25.2.3-2+deb13u6 all
  office productivity suite -- Gujarati language package

libreoffice-l10n-gug/stable 4:25.2.3-2+deb13u6 all
  office productivity suite -- Guarani language package

libreoffice-l10n-he/stable 4:25.2.3-2+deb13u6 all
  office productivity suite -- Hebrew language package

libreoffice-l10n-hi/stable 4:25.2.3-2+deb13u6 all
  office productivity suite -- Hindi language package

libreoffice-l10n-hr/stable 4:25.2.3-2+deb13u6 all
  office productivity suite -- Croatian language package

libreoffice-l10n-hu/stable 4:25.2.3-2+deb13u6 all
  office productivity suite -- Hungarian language package

libreoffice-l10n-hy/stable 4:25.2.3-2+deb13u6 all
  office productivity suite -- Armenian language package

libreoffice-l10n-id/stable 4:25.2.3-2+deb13u6 all
  office productivity suite -- Indonesian language package

libreoffice-l10n-is/stable 4:25.2.3-2+deb13u6 all
  office productivity suite -- Icelandic language package

libreoffice-l10n-it/stable 4:25.2.3-2+deb13u6 all
  office productivity suite -- Italian language package

libreoffice-l10n-ja/stable 4:25.2.3-2+deb13u6 all
  office productivity suite -- Japanese language package

libreoffice-l10n-ka/stable 4:25.2.3-2+deb13u6 all
  office productivity suite -- Georgian language package

libreoffice-l10n-kk/stable 4:25.2.3-2+deb13u6 all
  office productivity suite -- Kazakh language package

libreoffice-l10n-km/stable 4:25.2.3-2+deb13u6 all
  office productivity suite -- Khmer language package

libreoffice-l10n-kmr/stable 4:25.2.3-2+deb13u6 all
  office productivity suite -- Kurmanji language package

libreoffice-l10n-kn/stable 4:25.2.3-2+deb13u6 all
  office productivity suite -- Kannada language package

libreoffice-l10n-ko/stable 4:25.2.3-2+deb13u6 all
  office productivity suite -- Korean language package

libreoffice-l10n-lt/stable 4:25.2.3-2+deb13u6 all
  office productivity suite -- Lithuanian language package

libreoffice-l10n-lv/stable 4:25.2.3-2+deb13u6 all
  office productivity suite -- Latvian language package

libreoffice-l10n-mk/stable 4:25.2.3-2+deb13u6 all
  office productivity suite -- Macedonian language package

libreoffice-l10n-ml/stable 4:25.2.3-2+deb13u6 all
  office productivity suite -- Malayalam language package

libreoffice-l10n-mn/stable 4:25.2.3-2+deb13u6 all
  office productivity suite -- Mongolian language package

libreoffice-l10n-mr/stable 4:25.2.3-2+deb13u6 all
  office productivity suite -- Marathi language package

libreoffice-l10n-nb/stable 4:25.2.3-2+deb13u6 all
  office productivity suite -- Norwegian_bokmal language package

libreoffice-l10n-ne/stable 4:25.2.3-2+deb13u6 all
  office productivity suite -- Nepalese language package

libreoffice-l10n-nl/stable 4:25.2.3-2+deb13u6 all
  office productivity suite -- Dutch language package

libreoffice-l10n-nn/stable 4:25.2.3-2+deb13u6 all
  office productivity suite -- Norwegian_nynorsk language package

libreoffice-l10n-nr/stable 4:25.2.3-2+deb13u6 all
  office productivity suite -- Ndebele language package

libreoffice-l10n-nso/stable 4:25.2.3-2+deb13u6 all
  office productivity suite -- Northern_sotho language package

libreoffice-l10n-oc/stable 4:25.2.3-2+deb13u6 all
  office productivity suite -- Occitan language package

libreoffice-l10n-om/stable 4:25.2.3-2+deb13u6 all
  office productivity suite -- Oromo language package

libreoffice-l10n-or/stable 4:25.2.3-2+deb13u6 all
  office productivity suite -- Odia language package

libreoffice-l10n-pa-in/stable 4:25.2.3-2+deb13u6 all
  office productivity suite -- Punjabi language package

libreoffice-l10n-pl/stable 4:25.2.3-2+deb13u6 all
  office productivity suite -- Polish language package

libreoffice-l10n-pt/stable 4:25.2.3-2+deb13u6 all
  office productivity suite -- Portuguese language package

libreoffice-l10n-pt-br/stable 4:25.2.3-2+deb13u6 all
  office productivity suite -- Portuguese_brazilian language package

libreoffice-l10n-ro/stable 4:25.2.3-2+deb13u6 all
  office productivity suite -- Romanian language package

libreoffice-l10n-ru/stable 4:25.2.3-2+deb13u6 all
  office productivity suite -- Russian language package

libreoffice-l10n-rw/stable 4:25.2.3-2+deb13u6 all
  office productivity suite -- Kinarwanda language package

libreoffice-l10n-si/stable 4:25.2.3-2+deb13u6 all
  office productivity suite -- Sinhala language package

libreoffice-l10n-sk/stable 4:25.2.3-2+deb13u6 all
  office productivity suite -- Slovak language package

libreoffice-l10n-sl/stable 4:25.2.3-2+deb13u6 all
  office productivity suite -- Slovenian language package

libreoffice-l10n-sr/stable 4:25.2.3-2+deb13u6 all
  office productivity suite -- Serbian language package

libreoffice-l10n-ss/stable 4:25.2.3-2+deb13u6 all
  office productivity suite -- Swazi language package

libreoffice-l10n-st/stable 4:25.2.3-2+deb13u6 all
  office productivity suite -- Southern_sotho language package

libreoffice-l10n-sv/stable 4:25.2.3-2+deb13u6 all
  office productivity suite -- Swedish language package

libreoffice-l10n-szl/stable 4:25.2.3-2+deb13u6 all
  office productivity suite -- Upper_silesian language package

libreoffice-l10n-ta/stable 4:25.2.3-2+deb13u6 all
  office productivity suite -- Tamil language package

libreoffice-l10n-te/stable 4:25.2.3-2+deb13u6 all
  office productivity suite -- Telugu language package

libreoffice-l10n-tg/stable 4:25.2.3-2+deb13u6 all
  office productivity suite -- Tajik language package

libreoffice-l10n-th/stable 4:25.2.3-2+deb13u6 all
  office productivity suite -- Thai language package

libreoffice-l10n-tl/stable 4:25.2.3-2+deb13u6 all
  office productivity suite -- Tagalog language package

libreoffice-l10n-tn/stable 4:25.2.3-2+deb13u6 all
  office productivity suite -- Tswana language package

libreoffice-l10n-tr/stable 4:25.2.3-2+deb13u6 all
  office productivity suite -- Turkish language package

libreoffice-l10n-ts/stable 4:25.2.3-2+deb13u6 all
  office productivity suite -- Tsonga language package

libreoffice-l10n-ug/stable 4:25.2.3-2+deb13u6 all
  office productivity suite -- Uighur language package

libreoffice-l10n-uk/stable 4:25.2.3-2+deb13u6 all
  office productivity suite -- Ukrainian language package

libreoffice-l10n-uz/stable 4:25.2.3-2+deb13u6 all
  office productivity suite -- Uzbek language package

libreoffice-l10n-ve/stable 4:25.2.3-2+deb13u6 all
  office productivity suite -- Venda language package

libreoffice-l10n-vi/stable 4:25.2.3-2+deb13u6 all
  office productivity suite -- Vietnamese language package

libreoffice-l10n-xh/stable 4:25.2.3-2+deb13u6 all
  office productivity suite -- Xhosa language package

libreoffice-l10n-zh-cn/stable 4:25.2.3-2+deb13u6 all
  office productivity suite -- Chinese_simplified language package

libreoffice-l10n-zh-tw/stable 4:25.2.3-2+deb13u6 all
  office productivity suite -- Chinese_traditional language package

libreoffice-l10n-zu/stable 4:25.2.3-2+deb13u6 all
  office productivity suite -- Zulu language package

libreoffice-voikko/stable 5.0-4+b1 arm64
  Spellchecker, grammar checker and hyphenator for LibreOffice

librust-vec-collections-dev/stable 0.4.3-6 arm64
  Collctions (set and maps) that wrap SmallVec

libsnp-sites1/stable 2.5.1-2+b2 arm64
  Shared libraries of the package snp-sites

libsnp-sites1-dev/stable 2.5.1-2+b2 arm64
  Static libraries and header files for the package snp-sites

libspelling-1-2/stable 0.4.8-1 arm64
  Spellcheck library for GTK 4

libspelling-1-dev/stable 0.4.8-1 arm64
  Development files for libspelling

libspelling-1-doc/stable 0.4.8-1 all
  Documentation for libspelling

libspelling-1-tests/stable 0.4.8-1 arm64
  Tests for libspelling

libspelling-common/stable 0.4.8-1 all
  Spellcheck library for GTK 4 (common files)

libtest-spelling-perl/stable 0.25-2 all
  Perl module for spellchecking pod formatted text

libzemberek-tk-java/stable 2.1.1-10 all
  Turkmen spellchecker

libzemberek-tr-java/stable 2.1.1-10 all
  Turkish spellchecker

myspell-cs/stable 20040229-9 all
  Czech dictionary for myspell

myspell-de-de-1901/stable 1:2-39 all
  Traditional German dictionary for myspell

myspell-en-au/stable 2.1-7 all
  English_australian dictionary for myspell

myspell-es/stable 1.11-20 all
  Spanish dictionary for myspell

myspell-et/stable 1:20030606-32 all
  Estonian dictionary for MySpell

myspell-fa/stable 0.20070816-3.2 all
  Persian (Farsi) dictionary for myspell

myspell-ga/stable 2.0-27.1 all
  Irish (Gaeilge) dictionary for OpenOffice and Mozilla

myspell-gd/stable 0.50-13.1 all
  Scots Gaelic dictionary for myspell

myspell-gv/stable 0.50-16.1 all
  Manx Gaelic dictionary for myspell

myspell-he/stable 1.4-3.1 all
  Hebrew dictionary for myspell

myspell-hu/stable 1.8.1+git20240328.3aa21cc-1 all
  Hungarian dictionary for myspell

myspell-hy/stable 0.20.0-2.2 all
  Armenian dictionary for myspell

myspell-pt/stable 20091013-19 all
  Portuguese dictionaries for Hunspell

myspell-sk/stable 0.5.5a-2.4 all
  Slovak dictionary for myspell

myspell-sq/stable 1.6.4-1.2 all
  Albanian dictionary for myspell

myspell-uk/stable 1.8.0+dfsg-1 all
  Ukrainian dictionary for myspell

ostinato/stable 1.3.0-1+b2 arm64
  Packet/Traffic Generator and Analyzer

php-shellcommand/stable 1.7.0-2 all
  An object oriented interface to shell commands

python-gtkspellcheck-doc/stable 5.0.3-1 all
  Python GTK+ Spellcheck common documentation

python3-enchant/stable 3.3.0~rc1-1 all
  spellchecking library for Python 3

python3-flake8-spellcheck/stable 0.28.0-2-2 all
  flake8 plugin that spellchecks parts of your Python code (Python 3)

python3-grammalecte/stable 2.1.2+ds2-3 all
  French spellchecker and grammar checker (Python library)

python3-gtkspellcheck/stable 5.0.3-1 all
  Python 3 spellchecking library for GTK+ based on Enchant

python3-guess-language/stable 0.5.2-5 all
  library to detect the natural language of a text (Python 3 version)

qt6-webengine-dev-tools/stable 6.8.2+dfsg-4 arm64
  Qt 6 WebEngine development programs

qtel/stable 24.02-5 arm64
  Graphical client for the EchoLink® protocol

qtel-icons/stable 24.02-5 all
  Icons for graphical client for the EchoLink® protocol

qtwebengine5-dev-tools/stable 5.15.18+dfsg-2+b1 arm64
  Qt WebEngine tools

r-cran-snowballc/stable 0.7.1-1+b1 arm64
  Snowball stemmers based on the C libstemmer UTF-8 library

recollcmd/stable 1.43.0-1 arm64
  Command line programs for recoll

remotetrx/stable 24.02-5 arm64
  Remote controller for radio transceivers

ruby-stackprof/stable 0.2.26-3+b2 arm64
  sampling callstack-profiler for ruby 2.2+

shellcheck/stable 0.10.0-1 arm64
  lint tool for shell scripts

snp-sites/stable 2.5.1-2+b2 arm64
  Binary code for the package snp-sites

spectools/stable 201601r1-6 arm64
  Utilities for using the Wi-Spy USB spectrum analyzer hardware

svxlink-calibration-tools/stable 24.02-5 arm64
  Calibration tools for SvxLink amateur radio suite

svxlink-gpio/stable 24.02-5 all
  GPIO control scripts SvxLink amateur radio server

svxlink-server/stable 24.02-5 arm64
  Voice-over-IP server for ham radio operators

svxreflector/stable 24.02-5 arm64
  Conference server for SvxLink amateur radio servers

tableau-parm/stable 0.2.0-6+b3 arm64
  tableau write-blocking bridge query/command utility

texlive-fonts-extra/stable 2024.20250309-2 all
  TeX Live: Additional fonts

texlive-latex-extra/stable 2024.20250309-2 all
  TeX Live: LaTeX additional packages

texstudio/stable 4.8.7+ds-1 arm64
  fully featured LaTeX editor

texstudio-doc/stable 4.8.7+ds-1 all
  fully featured LaTeX editor (doc)

texstudio-l10n/stable 4.8.7+ds-1 all
  fully featured LaTeX editor (localization)

tran/stable 5-3 all
  transcribe between character scripts (alphabets)

unmass/stable 0.9-8+b1 arm64
  Extract game archive files

wdanish/stable 1.6.36-17 all
  The Comprehensive Danish Dictionary (DSDO) - wordlist

wfaroese/stable 0.4.2+repack1-5 all
  Faroese dictionary / wordlist

xml-twig-tools/stable 1:3.52-3 all
  command line tools for processing XML documents

yaz-illclient/stable 5.34.4-1+b1 arm64
  Z39.50/SRW/SRU toolkit (command-line client for ILL)

