
WARNING: apt does not have a stable CLI interface. Use with caution in scripts.

Sorting...
Full Text Search...
fonts-goudybookletter/stable 2010.07.03-7 all
  Old style roman font

fonts-ottilie/stable 0~20130218+ds-2 all
  font for German Kurrent using thick curvy hand written-like letters

libopenobex2/stable 1.7.2-2.2+b1 arm64
  OBEX protocol library

libopenobex2-dev/stable 1.7.2-2.2+b1 arm64
  OBEX protocol library - development files

openobex-apps/stable 1.7.2-2.2+b1 arm64
  Applications for OpenOBEX

policy-rcd-declarative/stable 0.6 all
  policy-rc.d script with declarative syntax

policy-rcd-declarative-allow-all/stable 0.6 all
  Permissive default policy for policy-rcd-declarative

policy-rcd-declarative-deny-all/stable 0.6 all
  Blocking default policy for policy-rcd-declarative

python3-aioquic/stable 1.2.0-1+b1 arm64
  Python implementation of QUIC and HTTP/3

python3-hishel/stable 0.1.2-1 all
  Persistent cache implementation for httpx and httpcore

