8.0K	./3nomachinelatonytochicago33@gmail.com.jpg
2.6M	./ActorSafetyLists
24K	./AmountExtractionHeuristicRegexes
4.0M	./BrowserMetrics-spare.pma
24K	./CaptchaProviders
1.4M	./CertificateRevocation
24K	./ChromeAppDeprecationAllowlist
1.0M	./CrashpadMetrics-active.pma
292K	./Crowd Deny
13M	./Default
1.4M	./Dictionaries
28K	./FileTypePolicies
0	./First Run
36K	./FirstPartySetsPreloaded
32K	./GCM Store
5.3M	./GPUPersistentCache
300K	./GraphiteDawnCache
24K	./IwaKeyDistribution
108K	./Local State
32K	./MEIPreload
12K	./NEW-logs
4.0K	./NativeMessagingHosts
7.6M	./OnDeviceHeadSuggestModel
580K	./OptimizationHints
4.0K	./OriginTrials
448K	./PKIMetadata
4.0K	./PrivacySandboxAttestationsPreloaded
24K	./SSLErrorAssistant
19M	./Safe Browsing
204K	./SafetyTips
60K	./SmartDim
468K	./Subresource Filter
36K	./TrustTokenKeyCommitments
4.0K	./Variations
4.0K	./WidevineCdm
1.7M	./ZxcvbnData
16M	./component_crx_cache
240K	./cros-components
2.3M	./custom_wallpapers
8.0K	./extensions_crx_cache
68K	./first_party_sets.db
0	./first_party_sets.db-journal
1.9M	./hyphen-data
13M	./optimization_guide_model_store
4.0K	./startup_settings_cache.json
1.9G	./u-865d61a95016778f5a8ccab6cc197fd5bbdd6bd4
1.9G	total
